 
****************************************
Report : qor
Design : DLX
Version: W-2024.09-SP2
Date   : Tue Sep 29 12:39:08 2026
****************************************


  Timing Path Group 'CLK'
  -----------------------------------
  Levels of Logic:              24.00
  Critical Path Length:          1.18
  Critical Path Slack:          -0.05
  Critical Path Clk Period:      1.25
  Total Negative Slack:         -0.19
  No. of Violating Paths:        5.00
  Worst Hold Violation:          0.00
  Total Hold Violation:          0.00
  No. of Hold Violations:        0.00
  -----------------------------------

  Timing Path Group 'INPUTS'
  -----------------------------------
  Levels of Logic:              12.00
  Critical Path Length:          0.86
  Critical Path Slack:           0.19
  Critical Path Clk Period:      1.25
  Total Negative Slack:          0.00
  No. of Violating Paths:        0.00
  Worst Hold Violation:          0.00
  Total Hold Violation:          0.00
  No. of Hold Violations:        0.00
  -----------------------------------

  Timing Path Group 'OUTPUTS'
  -----------------------------------
  Levels of Logic:              18.00
  Critical Path Length:          1.05
  Critical Path Slack:           0.02
  Critical Path Clk Period:      1.25
  Total Negative Slack:          0.00
  No. of Violating Paths:        0.00
  Worst Hold Violation:          0.00
  Total Hold Violation:          0.00
  No. of Hold Violations:        0.00
  -----------------------------------

  Timing Path Group 'REG2REG'
  -----------------------------------
  Levels of Logic:              30.00
  Critical Path Length:          1.48
  Critical Path Slack:          -0.31
  Critical Path Clk Period:      1.25
  Total Negative Slack:        -76.61
  No. of Violating Paths:      381.00
  Worst Hold Violation:          0.00
  Total Hold Violation:          0.00
  No. of Hold Violations:        0.00
  -----------------------------------


  Cell Count
  -----------------------------------
  Hierarchical Cell Count:         76
  Hierarchical Port Count:        542
  Leaf Cell Count:              14921
  Buf/Inv Cell Count:            1793
  Buf Cell Count:                 382
  Inv Cell Count:                1411
  CT Buf/Inv Cell Count:            0
  Combinational Cell Count:     12012
  Sequential Cell Count:         2909
  Macro Count:                      0
  -----------------------------------


  Area
  -----------------------------------
  Combinational Area:    13335.644042
  Noncombinational Area: 13190.141537
  Buf/Inv Area:           1165.080003
  Total Buffer Area:           402.99
  Total Inverter Area:         762.09
  Macro/Black Box Area:      0.000000
  Net Area:                  0.000000
  -----------------------------------
  Cell Area:             26525.785579
  Design Area:           26525.785579


  Design Rules
  -----------------------------------
  Total Number of Nets:         15251
  Nets With Violations:             1
  Max Trans Violations:             0
  Max Cap Violations:               1
  -----------------------------------


  Hostname: microsys.openstack.polito

  Compile CPU Statistics
  -----------------------------------------
  Resource Sharing:                    4.61
  Logic Optimization:                 28.96
  Mapping Optimization:              114.87
  -----------------------------------------
  Overall Compile Time:              227.56
  Overall Compile Wall Clock Time:   232.28

  --------------------------------------------------------------------

  Design  WNS: 0.31  TNS: 76.80  Number of Violating Paths: 386


  Design (Hold)  WNS: 0.00  TNS: 0.00  Number of Violating Paths: 0

  --------------------------------------------------------------------


1
