 
****************************************
Report : qor
Design : DLX
Version: W-2024.09-SP2
Date   : Tue Sep 29 12:34:54 2026
****************************************


  Timing Path Group 'CLK'
  -----------------------------------
  Levels of Logic:              21.00
  Critical Path Length:          1.17
  Critical Path Slack:          -0.13
  Critical Path Clk Period:      1.15
  Total Negative Slack:         -1.95
  No. of Violating Paths:       37.00
  Worst Hold Violation:          0.00
  Total Hold Violation:          0.00
  No. of Hold Violations:        0.00
  -----------------------------------

  Timing Path Group 'INPUTS'
  -----------------------------------
  Levels of Logic:              12.00
  Critical Path Length:          0.83
  Critical Path Slack:           0.13
  Critical Path Clk Period:      1.15
  Total Negative Slack:          0.00
  No. of Violating Paths:        0.00
  Worst Hold Violation:          0.00
  Total Hold Violation:          0.00
  No. of Hold Violations:        0.00
  -----------------------------------

  Timing Path Group 'OUTPUTS'
  -----------------------------------
  Levels of Logic:              16.00
  Critical Path Length:          0.98
  Critical Path Slack:           0.01
  Critical Path Clk Period:      1.15
  Total Negative Slack:          0.00
  No. of Violating Paths:        0.00
  Worst Hold Violation:          0.00
  Total Hold Violation:          0.00
  No. of Hold Violations:        0.00
  -----------------------------------

  Timing Path Group 'REG2REG'
  -----------------------------------
  Levels of Logic:              23.00
  Critical Path Length:          1.42
  Critical Path Slack:          -0.35
  Critical Path Clk Period:      1.15
  Total Negative Slack:        -95.22
  No. of Violating Paths:      390.00
  Worst Hold Violation:          0.00
  Total Hold Violation:          0.00
  No. of Hold Violations:        0.00
  -----------------------------------


  Cell Count
  -----------------------------------
  Hierarchical Cell Count:         75
  Hierarchical Port Count:        538
  Leaf Cell Count:              15238
  Buf/Inv Cell Count:            1832
  Buf Cell Count:                 457
  Inv Cell Count:                1375
  CT Buf/Inv Cell Count:            0
  Combinational Cell Count:     12330
  Sequential Cell Count:         2908
  Macro Count:                      0
  -----------------------------------


  Area
  -----------------------------------
  Combinational Area:    13662.026017
  Noncombinational Area: 13201.047539
  Buf/Inv Area:           1207.906002
  Total Buffer Area:           464.97
  Total Inverter Area:         742.94
  Macro/Black Box Area:      0.000000
  Net Area:                  0.000000
  -----------------------------------
  Cell Area:             26863.073556
  Design Area:           26863.073556


  Design Rules
  -----------------------------------
  Total Number of Nets:         15567
  Nets With Violations:             1
  Max Trans Violations:             0
  Max Cap Violations:               1
  -----------------------------------


  Hostname: microsys.openstack.polito

  Compile CPU Statistics
  -----------------------------------------
  Resource Sharing:                    4.04
  Logic Optimization:                 28.87
  Mapping Optimization:              144.97
  -----------------------------------------
  Overall Compile Time:              257.11
  Overall Compile Wall Clock Time:   261.86

  --------------------------------------------------------------------

  Design  WNS: 0.35  TNS: 97.17  Number of Violating Paths: 427


  Design (Hold)  WNS: 0.00  TNS: 0.00  Number of Violating Paths: 0

  --------------------------------------------------------------------


1
