 
****************************************
Report : qor
Design : DLX
Version: W-2024.09-SP2
Date   : Tue Sep 29 12:42:54 2026
****************************************


  Timing Path Group 'CLK'
  -----------------------------------
  Levels of Logic:              26.00
  Critical Path Length:          1.28
  Critical Path Slack:          -0.04
  Critical Path Clk Period:      1.35
  Total Negative Slack:         -0.08
  No. of Violating Paths:        5.00
  Worst Hold Violation:          0.00
  Total Hold Violation:          0.00
  No. of Hold Violations:        0.00
  -----------------------------------

  Timing Path Group 'INPUTS'
  -----------------------------------
  Levels of Logic:              11.00
  Critical Path Length:          0.79
  Critical Path Slack:           0.34
  Critical Path Clk Period:      1.35
  Total Negative Slack:          0.00
  No. of Violating Paths:        0.00
  Worst Hold Violation:          0.00
  Total Hold Violation:          0.00
  No. of Hold Violations:        0.00
  -----------------------------------

  Timing Path Group 'OUTPUTS'
  -----------------------------------
  Levels of Logic:              19.00
  Critical Path Length:          1.06
  Critical Path Slack:           0.10
  Critical Path Clk Period:      1.35
  Total Negative Slack:          0.00
  No. of Violating Paths:        0.00
  Worst Hold Violation:          0.00
  Total Hold Violation:          0.00
  No. of Hold Violations:        0.00
  -----------------------------------

  Timing Path Group 'REG2REG'
  -----------------------------------
  Levels of Logic:              30.00
  Critical Path Length:          1.54
  Critical Path Slack:          -0.27
  Critical Path Clk Period:      1.35
  Total Negative Slack:        -59.45
  No. of Violating Paths:      340.00
  Worst Hold Violation:          0.00
  Total Hold Violation:          0.00
  No. of Hold Violations:        0.00
  -----------------------------------


  Cell Count
  -----------------------------------
  Hierarchical Cell Count:         76
  Hierarchical Port Count:        542
  Leaf Cell Count:              14569
  Buf/Inv Cell Count:            1487
  Buf Cell Count:                 326
  Inv Cell Count:                1161
  CT Buf/Inv Cell Count:            0
  Combinational Cell Count:     11660
  Sequential Cell Count:         2909
  Macro Count:                      0
  -----------------------------------


  Area
  -----------------------------------
  Combinational Area:    13145.720055
  Noncombinational Area: 13191.737537
  Buf/Inv Area:            986.062004
  Total Buffer Area:           354.84
  Total Inverter Area:         631.22
  Macro/Black Box Area:      0.000000
  Net Area:                  0.000000
  -----------------------------------
  Cell Area:             26337.457592
  Design Area:           26337.457592


  Design Rules
  -----------------------------------
  Total Number of Nets:         14852
  Nets With Violations:             2
  Max Trans Violations:             0
  Max Cap Violations:               2
  -----------------------------------


  Hostname: microsys.openstack.polito

  Compile CPU Statistics
  -----------------------------------------
  Resource Sharing:                    5.33
  Logic Optimization:                 26.17
  Mapping Optimization:               89.60
  -----------------------------------------
  Overall Compile Time:              199.21
  Overall Compile Wall Clock Time:   203.61

  --------------------------------------------------------------------

  Design  WNS: 0.27  TNS: 59.53  Number of Violating Paths: 345


  Design (Hold)  WNS: 0.00  TNS: 0.00  Number of Violating Paths: 0

  --------------------------------------------------------------------


1
