 
****************************************
Report : qor
Design : DLX
Version: W-2024.09-SP2
Date   : Tue Sep 29 13:12:47 2026
****************************************


  Timing Path Group 'CLK'
  -----------------------------------
  Levels of Logic:              18.00
  Critical Path Length:          1.41
  Critical Path Slack:           0.08
  Critical Path Clk Period:      1.60
  Total Negative Slack:          0.00
  No. of Violating Paths:        0.00
  Worst Hold Violation:          0.00
  Total Hold Violation:          0.00
  No. of Hold Violations:        0.00
  -----------------------------------

  Timing Path Group 'INPUTS'
  -----------------------------------
  Levels of Logic:               9.00
  Critical Path Length:          0.91
  Critical Path Slack:           0.46
  Critical Path Clk Period:      1.60
  Total Negative Slack:          0.00
  No. of Violating Paths:        0.00
  Worst Hold Violation:          0.00
  Total Hold Violation:          0.00
  No. of Hold Violations:        0.00
  -----------------------------------

  Timing Path Group 'OUTPUTS'
  -----------------------------------
  Levels of Logic:              22.00
  Critical Path Length:          1.24
  Critical Path Slack:           0.15
  Critical Path Clk Period:      1.60
  Total Negative Slack:          0.00
  No. of Violating Paths:        0.00
  Worst Hold Violation:          0.00
  Total Hold Violation:          0.00
  No. of Hold Violations:        0.00
  -----------------------------------

  Timing Path Group 'REG2REG'
  -----------------------------------
  Levels of Logic:              30.00
  Critical Path Length:          1.52
  Critical Path Slack:           0.00
  Critical Path Clk Period:      1.60
  Total Negative Slack:          0.00
  No. of Violating Paths:        0.00
  Worst Hold Violation:          0.00
  Total Hold Violation:          0.00
  No. of Hold Violations:        0.00
  -----------------------------------


  Cell Count
  -----------------------------------
  Hierarchical Cell Count:         76
  Hierarchical Port Count:        542
  Leaf Cell Count:              14715
  Buf/Inv Cell Count:            1592
  Buf Cell Count:                 318
  Inv Cell Count:                1274
  CT Buf/Inv Cell Count:            0
  Combinational Cell Count:     11806
  Sequential Cell Count:         2909
  Macro Count:                      0
  -----------------------------------


  Area
  -----------------------------------
  Combinational Area:    12829.978028
  Noncombinational Area: 13184.289536
  Buf/Inv Area:            967.708001
  Total Buffer Area:           277.17
  Total Inverter Area:         690.54
  Macro/Black Box Area:      0.000000
  Net Area:                  0.000000
  -----------------------------------
  Cell Area:             26014.267565
  Design Area:           26014.267565


  Design Rules
  -----------------------------------
  Total Number of Nets:         15014
  Nets With Violations:             7
  Max Trans Violations:             3
  Max Cap Violations:               7
  -----------------------------------


  Hostname: microsys.openstack.polito

  Compile CPU Statistics
  -----------------------------------------
  Resource Sharing:                    4.18
  Logic Optimization:                 21.27
  Mapping Optimization:               98.59
  -----------------------------------------
  Overall Compile Time:              195.23
  Overall Compile Wall Clock Time:   199.62

  --------------------------------------------------------------------

  Design  WNS: 0.00  TNS: 0.00  Number of Violating Paths: 0


  Design (Hold)  WNS: 0.00  TNS: 0.00  Number of Violating Paths: 0

  --------------------------------------------------------------------


1
