 
****************************************
Report : timing
        -path full
        -delay max
        -nworst 2
        -group REG2REG
        -max_paths 10
Design : DLX
Version: W-2024.09-SP2
Date   : Tue Sep 29 13:05:38 2026
****************************************

Operating Conditions: typical   Library: NangateOpenCellLibrary
Wire Load Model Mode: top

  Startpoint: DP_i_decode_i_rs2_addr_i_Y_reg_4_
              (rising edge-triggered flip-flop clocked by CLK)
  Endpoint: DP_i_execute_i_zero_alu_bit_Y_reg
            (rising edge-triggered flip-flop clocked by CLK)
  Path Group: REG2REG
  Path Type: max

  Des/Clust/Port     Wire Load Model       Library
  ------------------------------------------------
  DLX                5K_hvratio_1_4        NangateOpenCellLibrary

  Point                                                   Incr       Path
  --------------------------------------------------------------------------
  clock CLK (rise edge)                                 0.0000     0.0000
  clock network delay (ideal)                           0.0500     0.0500
  DP_i_decode_i_rs2_addr_i_Y_reg_4_/CK (DFF_X1)         0.0000     0.0500 r
  DP_i_decode_i_rs2_addr_i_Y_reg_4_/QN (DFF_X1)         0.0888     0.1388 r
  U1066/ZN (XNOR2_X1)                                   0.0633     0.2021 r
  U1389/ZN (AND3_X1)                                    0.0566     0.2587 r
  U1380/ZN (NAND4_X1)                                   0.0611     0.3197 f
  U4101/ZN (AND2_X2)                                    0.0727     0.3924 f
  U4245/ZN (NAND2_X1)                                   0.0565     0.4490 r
  U2996/ZN (NAND4_X1)                                   0.0554     0.5044 f
  U3173/ZN (NAND2_X1)                                   0.0387     0.5431 r
  U3006/Z (XOR2_X1)                                     0.0785     0.6216 r
  U4661/ZN (NAND2_X1)                                   0.0372     0.6588 f
  U4669/ZN (NAND4_X1)                                   0.0337     0.6925 r
  U4674/ZN (AND3_X1)                                    0.0556     0.7481 r
  U934/ZN (INV_X1)                                      0.0253     0.7735 f
  U935/ZN (NAND3_X1)                                    0.0287     0.8021 r
  U4686/ZN (NAND2_X1)                                   0.0265     0.8286 f
  U2845/ZN (AND3_X1)                                    0.0391     0.8677 f
  U4696/ZN (NAND2_X1)                                   0.0314     0.8990 r
  U3010/Z (BUF_X1)                                      0.0386     0.9377 r
  U1172/ZN (INV_X1)                                     0.0277     0.9653 f
  U2964/ZN (OAI21_X1)                                   0.0614     1.0267 r
  U5758/ZN (XNOR2_X1)                                   0.0676     1.0943 r
  U1049/ZN (AND2_X1)                                    0.0465     1.1408 r
  U991/ZN (NAND3_X1)                                    0.0360     1.1768 f
  U989/ZN (NOR2_X1)                                     0.0426     1.2194 r
  U1407/ZN (AND4_X1)                                    0.0613     1.2807 r
  U1103/ZN (AND3_X2)                                    0.0585     1.3391 r
  U1872/ZN (AND2_X1)                                    0.0444     1.3836 r
  U2408/ZN (OAI21_X1)                                   0.0288     1.4124 f
  U2407/ZN (OAI211_X1)                                  0.0365     1.4488 r
  U2746/ZN (NAND3_X1)                                   0.0405     1.4893 f
  U7458/ZN (OAI21_X1)                                   0.0483     1.5376 r
  DP_i_execute_i_zero_alu_bit_Y_reg/D (DFF_X2)          0.0109     1.5485 r
  data arrival time                                                1.5485

  clock CLK (rise edge)                                 1.4000     1.4000
  clock network delay (ideal)                           0.0500     1.4500
  clock uncertainty                                    -0.0500     1.4000
  DP_i_execute_i_zero_alu_bit_Y_reg/CK (DFF_X2)         0.0000     1.4000 r
  library setup time                                   -0.0284     1.3716
  data required time                                               1.3716
  --------------------------------------------------------------------------
  data required time                                               1.3716
  data arrival time                                               -1.5485
  --------------------------------------------------------------------------
  slack (VIOLATED)                                                -0.1769


  Startpoint: DP_i_decode_i_rs2_addr_i_Y_reg_4_
              (rising edge-triggered flip-flop clocked by CLK)
  Endpoint: DP_i_execute_i_zero_alu_bit_Y_reg
            (rising edge-triggered flip-flop clocked by CLK)
  Path Group: REG2REG
  Path Type: max

  Des/Clust/Port     Wire Load Model       Library
  ------------------------------------------------
  DLX                5K_hvratio_1_4        NangateOpenCellLibrary

  Point                                                   Incr       Path
  --------------------------------------------------------------------------
  clock CLK (rise edge)                                 0.0000     0.0000
  clock network delay (ideal)                           0.0500     0.0500
  DP_i_decode_i_rs2_addr_i_Y_reg_4_/CK (DFF_X1)         0.0000     0.0500 r
  DP_i_decode_i_rs2_addr_i_Y_reg_4_/QN (DFF_X1)         0.0888     0.1388 r
  U1066/ZN (XNOR2_X1)                                   0.0633     0.2021 r
  U1389/ZN (AND3_X1)                                    0.0566     0.2587 r
  U1380/ZN (NAND4_X1)                                   0.0611     0.3197 f
  U4101/ZN (AND2_X2)                                    0.0727     0.3924 f
  U4245/ZN (NAND2_X1)                                   0.0565     0.4490 r
  U2996/ZN (NAND4_X1)                                   0.0554     0.5044 f
  U3173/ZN (NAND2_X1)                                   0.0387     0.5431 r
  U3006/Z (XOR2_X1)                                     0.0785     0.6216 r
  U4672/ZN (INV_X1)                                     0.0268     0.6484 f
  U4673/ZN (NAND2_X1)                                   0.0378     0.6861 r
  U4674/ZN (AND3_X1)                                    0.0620     0.7481 r
  U934/ZN (INV_X1)                                      0.0253     0.7734 f
  U935/ZN (NAND3_X1)                                    0.0287     0.8021 r
  U4686/ZN (NAND2_X1)                                   0.0265     0.8286 f
  U2845/ZN (AND3_X1)                                    0.0391     0.8677 f
  U4696/ZN (NAND2_X1)                                   0.0314     0.8990 r
  U3010/Z (BUF_X1)                                      0.0386     0.9377 r
  U1172/ZN (INV_X1)                                     0.0277     0.9653 f
  U2964/ZN (OAI21_X1)                                   0.0614     1.0267 r
  U5758/ZN (XNOR2_X1)                                   0.0676     1.0943 r
  U1049/ZN (AND2_X1)                                    0.0465     1.1408 r
  U991/ZN (NAND3_X1)                                    0.0360     1.1768 f
  U989/ZN (NOR2_X1)                                     0.0426     1.2194 r
  U1407/ZN (AND4_X1)                                    0.0613     1.2806 r
  U1103/ZN (AND3_X2)                                    0.0585     1.3391 r
  U1872/ZN (AND2_X1)                                    0.0444     1.3836 r
  U2408/ZN (OAI21_X1)                                   0.0288     1.4124 f
  U2407/ZN (OAI211_X1)                                  0.0365     1.4488 r
  U2746/ZN (NAND3_X1)                                   0.0405     1.4893 f
  U7458/ZN (OAI21_X1)                                   0.0483     1.5376 r
  DP_i_execute_i_zero_alu_bit_Y_reg/D (DFF_X2)          0.0109     1.5485 r
  data arrival time                                                1.5485

  clock CLK (rise edge)                                 1.4000     1.4000
  clock network delay (ideal)                           0.0500     1.4500
  clock uncertainty                                    -0.0500     1.4000
  DP_i_execute_i_zero_alu_bit_Y_reg/CK (DFF_X2)         0.0000     1.4000 r
  library setup time                                   -0.0284     1.3716
  data required time                                               1.3716
  --------------------------------------------------------------------------
  data required time                                               1.3716
  data arrival time                                               -1.5485
  --------------------------------------------------------------------------
  slack (VIOLATED)                                                -0.1769


  Startpoint: DP_i_fetch_i_IR_out_reg_26_
              (rising edge-triggered flip-flop clocked by CLK)
  Endpoint: DP_i_fetch_i_pc_i_Y_reg_4_
            (rising edge-triggered flip-flop clocked by CLK)
  Path Group: REG2REG
  Path Type: max

  Des/Clust/Port     Wire Load Model       Library
  ------------------------------------------------
  DLX                5K_hvratio_1_4        NangateOpenCellLibrary

  Point                                                   Incr       Path
  --------------------------------------------------------------------------
  clock CLK (rise edge)                                 0.0000     0.0000
  clock network delay (ideal)                           0.0500     0.0500
  DP_i_fetch_i_IR_out_reg_26_/CK (DFF_X1)               0.0000     0.0500 r
  DP_i_fetch_i_IR_out_reg_26_/QN (DFF_X1)               0.0861     0.1361 r
  U3099/ZN (AND2_X1)                                    0.0465     0.1826 r
  U3105/ZN (NAND2_X1)                                   0.0359     0.2185 f
  U1438/ZN (OR2_X1)                                     0.0724     0.2909 f
  U3869/ZN (NAND2_X1)                                   0.0409     0.3318 r
  U3871/ZN (NAND2_X1)                                   0.0389     0.3707 f
  U2879/ZN (NAND2_X1)                                   0.0371     0.4078 r
  U2878/ZN (XNOR2_X1)                                   0.0596     0.4675 r
  U2975/ZN (AND3_X1)                                    0.0559     0.5234 r
  U3875/ZN (OAI211_X1)                                  0.0439     0.5673 f
  U3128/ZN (AND2_X1)                                    0.0408     0.6081 f
  U1412/ZN (OR2_X1)                                     0.0520     0.6601 f
  U3889/ZN (AOI21_X1)                                   0.0371     0.6972 r
  U3891/ZN (AND2_X1)                                    0.0464     0.7437 r
  U3934/Z (BUF_X1)                                      0.0377     0.7814 r
  U2875/ZN (OR2_X1)                                     0.0382     0.8196 r
  U1414/ZN (AND2_X1)                                    0.0477     0.8673 r
  U3938/ZN (XNOR2_X1)                                   0.0585     0.9258 r
  U3100/ZN (AND4_X1)                                    0.0656     0.9914 r
  U3101/ZN (AND4_X1)                                    0.0646     1.0560 r
  U2806/ZN (NAND4_X1)                                   0.0384     1.0944 f
  U2805/ZN (NOR2_X1)                                    0.0441     1.1385 r
  U3104/ZN (AND2_X1)                                    0.0452     1.1837 r
  U3129/ZN (NAND4_X1)                                   0.0446     1.2283 f
  U1410/ZN (OAI211_X1)                                  0.0615     1.2898 r
  U892/ZN (AND2_X2)                                     0.0560     1.3458 r
  U891/ZN (AND2_X4)                                     0.0990     1.4448 r
  U8502/ZN (NAND2_X1)                                   0.0591     1.5039 f
  U8505/ZN (NAND4_X1)                                   0.0335     1.5374 r
  DP_i_fetch_i_pc_i_Y_reg_4_/D (DFF_X1)                 0.0110     1.5484 r
  data arrival time                                                1.5484

  clock CLK (rise edge)                                 1.4000     1.4000
  clock network delay (ideal)                           0.0500     1.4500
  clock uncertainty                                    -0.0500     1.4000
  DP_i_fetch_i_pc_i_Y_reg_4_/CK (DFF_X1)                0.0000     1.4000 r
  library setup time                                   -0.0278     1.3722
  data required time                                               1.3722
  --------------------------------------------------------------------------
  data required time                                               1.3722
  data arrival time                                               -1.5484
  --------------------------------------------------------------------------
  slack (VIOLATED)                                                -0.1762


  Startpoint: DP_i_fetch_i_IR_out_reg_26_
              (rising edge-triggered flip-flop clocked by CLK)
  Endpoint: DP_i_fetch_i_pc_i_Y_reg_7_
            (rising edge-triggered flip-flop clocked by CLK)
  Path Group: REG2REG
  Path Type: max

  Des/Clust/Port     Wire Load Model       Library
  ------------------------------------------------
  DLX                5K_hvratio_1_4        NangateOpenCellLibrary

  Point                                                   Incr       Path
  --------------------------------------------------------------------------
  clock CLK (rise edge)                                 0.0000     0.0000
  clock network delay (ideal)                           0.0500     0.0500
  DP_i_fetch_i_IR_out_reg_26_/CK (DFF_X1)               0.0000     0.0500 r
  DP_i_fetch_i_IR_out_reg_26_/QN (DFF_X1)               0.0861     0.1361 r
  U3099/ZN (AND2_X1)                                    0.0465     0.1826 r
  U3105/ZN (NAND2_X1)                                   0.0359     0.2185 f
  U1438/ZN (OR2_X1)                                     0.0724     0.2909 f
  U3869/ZN (NAND2_X1)                                   0.0409     0.3318 r
  U3871/ZN (NAND2_X1)                                   0.0389     0.3707 f
  U2879/ZN (NAND2_X1)                                   0.0371     0.4078 r
  U2878/ZN (XNOR2_X1)                                   0.0596     0.4675 r
  U2975/ZN (AND3_X1)                                    0.0559     0.5234 r
  U3875/ZN (OAI211_X1)                                  0.0439     0.5673 f
  U3128/ZN (AND2_X1)                                    0.0408     0.6081 f
  U1412/ZN (OR2_X1)                                     0.0520     0.6601 f
  U3889/ZN (AOI21_X1)                                   0.0371     0.6972 r
  U3891/ZN (AND2_X1)                                    0.0464     0.7437 r
  U3934/Z (BUF_X1)                                      0.0377     0.7814 r
  U2875/ZN (OR2_X1)                                     0.0382     0.8196 r
  U1414/ZN (AND2_X1)                                    0.0477     0.8673 r
  U3938/ZN (XNOR2_X1)                                   0.0585     0.9258 r
  U3100/ZN (AND4_X1)                                    0.0656     0.9914 r
  U3101/ZN (AND4_X1)                                    0.0646     1.0560 r
  U2806/ZN (NAND4_X1)                                   0.0384     1.0944 f
  U2805/ZN (NOR2_X1)                                    0.0441     1.1385 r
  U3104/ZN (AND2_X1)                                    0.0452     1.1837 r
  U3129/ZN (NAND4_X1)                                   0.0446     1.2283 f
  U1410/ZN (OAI211_X1)                                  0.0615     1.2898 r
  U892/ZN (AND2_X2)                                     0.0560     1.3458 r
  U891/ZN (AND2_X4)                                     0.0990     1.4448 r
  U8471/ZN (NAND2_X1)                                   0.0591     1.5039 f
  U8474/ZN (NAND4_X1)                                   0.0335     1.5374 r
  DP_i_fetch_i_pc_i_Y_reg_7_/D (DFF_X1)                 0.0110     1.5484 r
  data arrival time                                                1.5484

  clock CLK (rise edge)                                 1.4000     1.4000
  clock network delay (ideal)                           0.0500     1.4500
  clock uncertainty                                    -0.0500     1.4000
  DP_i_fetch_i_pc_i_Y_reg_7_/CK (DFF_X1)                0.0000     1.4000 r
  library setup time                                   -0.0278     1.3722
  data required time                                               1.3722
  --------------------------------------------------------------------------
  data required time                                               1.3722
  data arrival time                                               -1.5484
  --------------------------------------------------------------------------
  slack (VIOLATED)                                                -0.1762


  Startpoint: DP_i_fetch_i_IR_out_reg_26_
              (rising edge-triggered flip-flop clocked by CLK)
  Endpoint: DP_i_fetch_i_pc_i_Y_reg_5_
            (rising edge-triggered flip-flop clocked by CLK)
  Path Group: REG2REG
  Path Type: max

  Des/Clust/Port     Wire Load Model       Library
  ------------------------------------------------
  DLX                5K_hvratio_1_4        NangateOpenCellLibrary

  Point                                                   Incr       Path
  --------------------------------------------------------------------------
  clock CLK (rise edge)                                 0.0000     0.0000
  clock network delay (ideal)                           0.0500     0.0500
  DP_i_fetch_i_IR_out_reg_26_/CK (DFF_X1)               0.0000     0.0500 r
  DP_i_fetch_i_IR_out_reg_26_/QN (DFF_X1)               0.0861     0.1361 r
  U3099/ZN (AND2_X1)                                    0.0465     0.1826 r
  U3105/ZN (NAND2_X1)                                   0.0359     0.2185 f
  U1438/ZN (OR2_X1)                                     0.0724     0.2909 f
  U3869/ZN (NAND2_X1)                                   0.0409     0.3318 r
  U3871/ZN (NAND2_X1)                                   0.0389     0.3707 f
  U2879/ZN (NAND2_X1)                                   0.0371     0.4078 r
  U2878/ZN (XNOR2_X1)                                   0.0596     0.4675 r
  U2975/ZN (AND3_X1)                                    0.0559     0.5234 r
  U3875/ZN (OAI211_X1)                                  0.0439     0.5673 f
  U3128/ZN (AND2_X1)                                    0.0408     0.6081 f
  U1412/ZN (OR2_X1)                                     0.0520     0.6601 f
  U3889/ZN (AOI21_X1)                                   0.0371     0.6972 r
  U3891/ZN (AND2_X1)                                    0.0464     0.7437 r
  U3934/Z (BUF_X1)                                      0.0377     0.7814 r
  U2875/ZN (OR2_X1)                                     0.0382     0.8196 r
  U1414/ZN (AND2_X1)                                    0.0477     0.8673 r
  U3938/ZN (XNOR2_X1)                                   0.0585     0.9258 r
  U3100/ZN (AND4_X1)                                    0.0656     0.9914 r
  U3101/ZN (AND4_X1)                                    0.0646     1.0560 r
  U2806/ZN (NAND4_X1)                                   0.0384     1.0944 f
  U2805/ZN (NOR2_X1)                                    0.0441     1.1385 r
  U3104/ZN (AND2_X1)                                    0.0452     1.1837 r
  U3129/ZN (NAND4_X1)                                   0.0446     1.2283 f
  U1410/ZN (OAI211_X1)                                  0.0615     1.2898 r
  U892/ZN (AND2_X2)                                     0.0560     1.3458 r
  U891/ZN (AND2_X4)                                     0.0990     1.4448 r
  U8514/ZN (NAND2_X1)                                   0.0591     1.5039 f
  U8517/ZN (NAND4_X1)                                   0.0335     1.5374 r
  DP_i_fetch_i_pc_i_Y_reg_5_/D (DFF_X1)                 0.0110     1.5484 r
  data arrival time                                                1.5484

  clock CLK (rise edge)                                 1.4000     1.4000
  clock network delay (ideal)                           0.0500     1.4500
  clock uncertainty                                    -0.0500     1.4000
  DP_i_fetch_i_pc_i_Y_reg_5_/CK (DFF_X1)                0.0000     1.4000 r
  library setup time                                   -0.0278     1.3722
  data required time                                               1.3722
  --------------------------------------------------------------------------
  data required time                                               1.3722
  data arrival time                                               -1.5484
  --------------------------------------------------------------------------
  slack (VIOLATED)                                                -0.1762


  Startpoint: DP_i_fetch_i_IR_out_reg_26_
              (rising edge-triggered flip-flop clocked by CLK)
  Endpoint: DP_i_fetch_i_pc_i_Y_reg_6_
            (rising edge-triggered flip-flop clocked by CLK)
  Path Group: REG2REG
  Path Type: max

  Des/Clust/Port     Wire Load Model       Library
  ------------------------------------------------
  DLX                5K_hvratio_1_4        NangateOpenCellLibrary

  Point                                                   Incr       Path
  --------------------------------------------------------------------------
  clock CLK (rise edge)                                 0.0000     0.0000
  clock network delay (ideal)                           0.0500     0.0500
  DP_i_fetch_i_IR_out_reg_26_/CK (DFF_X1)               0.0000     0.0500 r
  DP_i_fetch_i_IR_out_reg_26_/QN (DFF_X1)               0.0861     0.1361 r
  U3099/ZN (AND2_X1)                                    0.0465     0.1826 r
  U3105/ZN (NAND2_X1)                                   0.0359     0.2185 f
  U1438/ZN (OR2_X1)                                     0.0724     0.2909 f
  U3869/ZN (NAND2_X1)                                   0.0409     0.3318 r
  U3871/ZN (NAND2_X1)                                   0.0389     0.3707 f
  U2879/ZN (NAND2_X1)                                   0.0371     0.4078 r
  U2878/ZN (XNOR2_X1)                                   0.0596     0.4675 r
  U2975/ZN (AND3_X1)                                    0.0559     0.5234 r
  U3875/ZN (OAI211_X1)                                  0.0439     0.5673 f
  U3128/ZN (AND2_X1)                                    0.0408     0.6081 f
  U1412/ZN (OR2_X1)                                     0.0520     0.6601 f
  U3889/ZN (AOI21_X1)                                   0.0371     0.6972 r
  U3891/ZN (AND2_X1)                                    0.0464     0.7437 r
  U3934/Z (BUF_X1)                                      0.0377     0.7814 r
  U2875/ZN (OR2_X1)                                     0.0382     0.8196 r
  U1414/ZN (AND2_X1)                                    0.0477     0.8673 r
  U3938/ZN (XNOR2_X1)                                   0.0585     0.9258 r
  U3100/ZN (AND4_X1)                                    0.0656     0.9914 r
  U3101/ZN (AND4_X1)                                    0.0646     1.0560 r
  U2806/ZN (NAND4_X1)                                   0.0384     1.0944 f
  U2805/ZN (NOR2_X1)                                    0.0441     1.1385 r
  U3104/ZN (AND2_X1)                                    0.0452     1.1837 r
  U3129/ZN (NAND4_X1)                                   0.0446     1.2283 f
  U1410/ZN (OAI211_X1)                                  0.0615     1.2898 r
  U892/ZN (AND2_X2)                                     0.0560     1.3458 r
  U891/ZN (AND2_X4)                                     0.0990     1.4448 r
  U8494/ZN (NAND2_X1)                                   0.0591     1.5039 f
  U8497/ZN (NAND4_X1)                                   0.0335     1.5374 r
  DP_i_fetch_i_pc_i_Y_reg_6_/D (DFF_X1)                 0.0110     1.5484 r
  data arrival time                                                1.5484

  clock CLK (rise edge)                                 1.4000     1.4000
  clock network delay (ideal)                           0.0500     1.4500
  clock uncertainty                                    -0.0500     1.4000
  DP_i_fetch_i_pc_i_Y_reg_6_/CK (DFF_X1)                0.0000     1.4000 r
  library setup time                                   -0.0278     1.3722
  data required time                                               1.3722
  --------------------------------------------------------------------------
  data required time                                               1.3722
  data arrival time                                               -1.5484
  --------------------------------------------------------------------------
  slack (VIOLATED)                                                -0.1762


  Startpoint: DP_i_fetch_i_IR_out_reg_26_
              (rising edge-triggered flip-flop clocked by CLK)
  Endpoint: DP_i_fetch_i_pc_i_Y_reg_3_
            (rising edge-triggered flip-flop clocked by CLK)
  Path Group: REG2REG
  Path Type: max

  Des/Clust/Port     Wire Load Model       Library
  ------------------------------------------------
  DLX                5K_hvratio_1_4        NangateOpenCellLibrary

  Point                                                   Incr       Path
  --------------------------------------------------------------------------
  clock CLK (rise edge)                                 0.0000     0.0000
  clock network delay (ideal)                           0.0500     0.0500
  DP_i_fetch_i_IR_out_reg_26_/CK (DFF_X1)               0.0000     0.0500 r
  DP_i_fetch_i_IR_out_reg_26_/QN (DFF_X1)               0.0861     0.1361 r
  U3099/ZN (AND2_X1)                                    0.0465     0.1826 r
  U3105/ZN (NAND2_X1)                                   0.0359     0.2185 f
  U1438/ZN (OR2_X1)                                     0.0724     0.2909 f
  U3869/ZN (NAND2_X1)                                   0.0409     0.3318 r
  U3871/ZN (NAND2_X1)                                   0.0389     0.3707 f
  U2879/ZN (NAND2_X1)                                   0.0371     0.4078 r
  U2878/ZN (XNOR2_X1)                                   0.0596     0.4675 r
  U2975/ZN (AND3_X1)                                    0.0559     0.5234 r
  U3875/ZN (OAI211_X1)                                  0.0439     0.5673 f
  U3128/ZN (AND2_X1)                                    0.0408     0.6081 f
  U1412/ZN (OR2_X1)                                     0.0520     0.6601 f
  U3889/ZN (AOI21_X1)                                   0.0371     0.6972 r
  U3891/ZN (AND2_X1)                                    0.0464     0.7437 r
  U3934/Z (BUF_X1)                                      0.0377     0.7814 r
  U2875/ZN (OR2_X1)                                     0.0382     0.8196 r
  U1414/ZN (AND2_X1)                                    0.0477     0.8673 r
  U3938/ZN (XNOR2_X1)                                   0.0585     0.9258 r
  U3100/ZN (AND4_X1)                                    0.0656     0.9914 r
  U3101/ZN (AND4_X1)                                    0.0646     1.0560 r
  U2806/ZN (NAND4_X1)                                   0.0384     1.0944 f
  U2805/ZN (NOR2_X1)                                    0.0441     1.1385 r
  U3104/ZN (AND2_X1)                                    0.0452     1.1837 r
  U3129/ZN (NAND4_X1)                                   0.0446     1.2283 f
  U1410/ZN (OAI211_X1)                                  0.0615     1.2898 r
  U892/ZN (AND2_X2)                                     0.0560     1.3458 r
  U891/ZN (AND2_X4)                                     0.0990     1.4448 r
  U8463/ZN (NAND2_X1)                                   0.0591     1.5039 f
  U8466/ZN (NAND4_X1)                                   0.0335     1.5374 r
  DP_i_fetch_i_pc_i_Y_reg_3_/D (DFF_X1)                 0.0110     1.5484 r
  data arrival time                                                1.5484

  clock CLK (rise edge)                                 1.4000     1.4000
  clock network delay (ideal)                           0.0500     1.4500
  clock uncertainty                                    -0.0500     1.4000
  DP_i_fetch_i_pc_i_Y_reg_3_/CK (DFF_X1)                0.0000     1.4000 r
  library setup time                                   -0.0278     1.3722
  data required time                                               1.3722
  --------------------------------------------------------------------------
  data required time                                               1.3722
  data arrival time                                               -1.5484
  --------------------------------------------------------------------------
  slack (VIOLATED)                                                -0.1762


  Startpoint: DP_i_fetch_i_IR_out_reg_26_
              (rising edge-triggered flip-flop clocked by CLK)
  Endpoint: DP_i_fetch_i_pc_i_Y_reg_2_
            (rising edge-triggered flip-flop clocked by CLK)
  Path Group: REG2REG
  Path Type: max

  Des/Clust/Port     Wire Load Model       Library
  ------------------------------------------------
  DLX                5K_hvratio_1_4        NangateOpenCellLibrary

  Point                                                   Incr       Path
  --------------------------------------------------------------------------
  clock CLK (rise edge)                                 0.0000     0.0000
  clock network delay (ideal)                           0.0500     0.0500
  DP_i_fetch_i_IR_out_reg_26_/CK (DFF_X1)               0.0000     0.0500 r
  DP_i_fetch_i_IR_out_reg_26_/QN (DFF_X1)               0.0861     0.1361 r
  U3099/ZN (AND2_X1)                                    0.0465     0.1826 r
  U3105/ZN (NAND2_X1)                                   0.0359     0.2185 f
  U1438/ZN (OR2_X1)                                     0.0724     0.2909 f
  U3869/ZN (NAND2_X1)                                   0.0409     0.3318 r
  U3871/ZN (NAND2_X1)                                   0.0389     0.3707 f
  U2879/ZN (NAND2_X1)                                   0.0371     0.4078 r
  U2878/ZN (XNOR2_X1)                                   0.0596     0.4675 r
  U2975/ZN (AND3_X1)                                    0.0559     0.5234 r
  U3875/ZN (OAI211_X1)                                  0.0439     0.5673 f
  U3128/ZN (AND2_X1)                                    0.0408     0.6081 f
  U1412/ZN (OR2_X1)                                     0.0520     0.6601 f
  U3889/ZN (AOI21_X1)                                   0.0371     0.6972 r
  U3891/ZN (AND2_X1)                                    0.0464     0.7437 r
  U3934/Z (BUF_X1)                                      0.0377     0.7814 r
  U2875/ZN (OR2_X1)                                     0.0382     0.8196 r
  U1414/ZN (AND2_X1)                                    0.0477     0.8673 r
  U3938/ZN (XNOR2_X1)                                   0.0585     0.9258 r
  U3100/ZN (AND4_X1)                                    0.0656     0.9914 r
  U3101/ZN (AND4_X1)                                    0.0646     1.0560 r
  U2806/ZN (NAND4_X1)                                   0.0384     1.0944 f
  U2805/ZN (NOR2_X1)                                    0.0441     1.1385 r
  U3104/ZN (AND2_X1)                                    0.0452     1.1837 r
  U3129/ZN (NAND4_X1)                                   0.0446     1.2283 f
  U1410/ZN (OAI211_X1)                                  0.0615     1.2898 r
  U892/ZN (AND2_X2)                                     0.0560     1.3458 r
  U891/ZN (AND2_X4)                                     0.0990     1.4448 r
  U8510/ZN (NAND2_X1)                                   0.0591     1.5039 f
  U8513/ZN (NAND4_X1)                                   0.0335     1.5374 r
  DP_i_fetch_i_pc_i_Y_reg_2_/D (DFF_X1)                 0.0110     1.5484 r
  data arrival time                                                1.5484

  clock CLK (rise edge)                                 1.4000     1.4000
  clock network delay (ideal)                           0.0500     1.4500
  clock uncertainty                                    -0.0500     1.4000
  DP_i_fetch_i_pc_i_Y_reg_2_/CK (DFF_X1)                0.0000     1.4000 r
  library setup time                                   -0.0278     1.3722
  data required time                                               1.3722
  --------------------------------------------------------------------------
  data required time                                               1.3722
  data arrival time                                               -1.5484
  --------------------------------------------------------------------------
  slack (VIOLATED)                                                -0.1762


  Startpoint: DP_i_fetch_i_IR_out_reg_26_
              (rising edge-triggered flip-flop clocked by CLK)
  Endpoint: DP_i_fetch_i_pc_i_Y_reg_0_
            (rising edge-triggered flip-flop clocked by CLK)
  Path Group: REG2REG
  Path Type: max

  Des/Clust/Port     Wire Load Model       Library
  ------------------------------------------------
  DLX                5K_hvratio_1_4        NangateOpenCellLibrary

  Point                                                   Incr       Path
  --------------------------------------------------------------------------
  clock CLK (rise edge)                                 0.0000     0.0000
  clock network delay (ideal)                           0.0500     0.0500
  DP_i_fetch_i_IR_out_reg_26_/CK (DFF_X1)               0.0000     0.0500 r
  DP_i_fetch_i_IR_out_reg_26_/QN (DFF_X1)               0.0861     0.1361 r
  U3099/ZN (AND2_X1)                                    0.0465     0.1826 r
  U3105/ZN (NAND2_X1)                                   0.0359     0.2185 f
  U1438/ZN (OR2_X1)                                     0.0724     0.2909 f
  U3869/ZN (NAND2_X1)                                   0.0409     0.3318 r
  U3871/ZN (NAND2_X1)                                   0.0389     0.3707 f
  U2879/ZN (NAND2_X1)                                   0.0371     0.4078 r
  U2878/ZN (XNOR2_X1)                                   0.0596     0.4675 r
  U2975/ZN (AND3_X1)                                    0.0559     0.5234 r
  U3875/ZN (OAI211_X1)                                  0.0439     0.5673 f
  U3128/ZN (AND2_X1)                                    0.0408     0.6081 f
  U1412/ZN (OR2_X1)                                     0.0520     0.6601 f
  U3889/ZN (AOI21_X1)                                   0.0371     0.6972 r
  U3891/ZN (AND2_X1)                                    0.0464     0.7437 r
  U3934/Z (BUF_X1)                                      0.0377     0.7814 r
  U2875/ZN (OR2_X1)                                     0.0382     0.8196 r
  U1414/ZN (AND2_X1)                                    0.0477     0.8673 r
  U3938/ZN (XNOR2_X1)                                   0.0585     0.9258 r
  U3100/ZN (AND4_X1)                                    0.0656     0.9914 r
  U3101/ZN (AND4_X1)                                    0.0646     1.0560 r
  U2806/ZN (NAND4_X1)                                   0.0384     1.0944 f
  U2805/ZN (NOR2_X1)                                    0.0441     1.1385 r
  U3104/ZN (AND2_X1)                                    0.0452     1.1837 r
  U3129/ZN (NAND4_X1)                                   0.0446     1.2283 f
  U1410/ZN (OAI211_X1)                                  0.0615     1.2898 r
  U892/ZN (AND2_X2)                                     0.0560     1.3458 r
  U891/ZN (AND2_X4)                                     0.0990     1.4448 r
  U8424/ZN (NAND2_X1)                                   0.0591     1.5039 f
  U8430/ZN (NAND4_X1)                                   0.0335     1.5374 r
  DP_i_fetch_i_pc_i_Y_reg_0_/D (DFF_X1)                 0.0110     1.5484 r
  data arrival time                                                1.5484

  clock CLK (rise edge)                                 1.4000     1.4000
  clock network delay (ideal)                           0.0500     1.4500
  clock uncertainty                                    -0.0500     1.4000
  DP_i_fetch_i_pc_i_Y_reg_0_/CK (DFF_X1)                0.0000     1.4000 r
  library setup time                                   -0.0278     1.3722
  data required time                                               1.3722
  --------------------------------------------------------------------------
  data required time                                               1.3722
  data arrival time                                               -1.5484
  --------------------------------------------------------------------------
  slack (VIOLATED)                                                -0.1762


  Startpoint: DP_i_fetch_i_IR_out_reg_26_
              (rising edge-triggered flip-flop clocked by CLK)
  Endpoint: DP_i_fetch_i_pc_i_Y_reg_1_
            (rising edge-triggered flip-flop clocked by CLK)
  Path Group: REG2REG
  Path Type: max

  Des/Clust/Port     Wire Load Model       Library
  ------------------------------------------------
  DLX                5K_hvratio_1_4        NangateOpenCellLibrary

  Point                                                   Incr       Path
  --------------------------------------------------------------------------
  clock CLK (rise edge)                                 0.0000     0.0000
  clock network delay (ideal)                           0.0500     0.0500
  DP_i_fetch_i_IR_out_reg_26_/CK (DFF_X1)               0.0000     0.0500 r
  DP_i_fetch_i_IR_out_reg_26_/QN (DFF_X1)               0.0861     0.1361 r
  U3099/ZN (AND2_X1)                                    0.0465     0.1826 r
  U3105/ZN (NAND2_X1)                                   0.0359     0.2185 f
  U1438/ZN (OR2_X1)                                     0.0724     0.2909 f
  U3869/ZN (NAND2_X1)                                   0.0409     0.3318 r
  U3871/ZN (NAND2_X1)                                   0.0389     0.3707 f
  U2879/ZN (NAND2_X1)                                   0.0371     0.4078 r
  U2878/ZN (XNOR2_X1)                                   0.0596     0.4675 r
  U2975/ZN (AND3_X1)                                    0.0559     0.5234 r
  U3875/ZN (OAI211_X1)                                  0.0439     0.5673 f
  U3128/ZN (AND2_X1)                                    0.0408     0.6081 f
  U1412/ZN (OR2_X1)                                     0.0520     0.6601 f
  U3889/ZN (AOI21_X1)                                   0.0371     0.6972 r
  U3891/ZN (AND2_X1)                                    0.0464     0.7437 r
  U3934/Z (BUF_X1)                                      0.0377     0.7814 r
  U2875/ZN (OR2_X1)                                     0.0382     0.8196 r
  U1414/ZN (AND2_X1)                                    0.0477     0.8673 r
  U3938/ZN (XNOR2_X1)                                   0.0585     0.9258 r
  U3100/ZN (AND4_X1)                                    0.0656     0.9914 r
  U3101/ZN (AND4_X1)                                    0.0646     1.0560 r
  U2806/ZN (NAND4_X1)                                   0.0384     1.0944 f
  U2805/ZN (NOR2_X1)                                    0.0441     1.1385 r
  U3104/ZN (AND2_X1)                                    0.0452     1.1837 r
  U3129/ZN (NAND4_X1)                                   0.0446     1.2283 f
  U1410/ZN (OAI211_X1)                                  0.0615     1.2898 r
  U892/ZN (AND2_X2)                                     0.0560     1.3458 r
  U891/ZN (AND2_X4)                                     0.0990     1.4448 r
  U8487/ZN (NAND2_X1)                                   0.0591     1.5039 f
  U8062/ZN (NAND4_X1)                                   0.0335     1.5374 r
  DP_i_fetch_i_pc_i_Y_reg_1_/D (DFF_X1)                 0.0110     1.5484 r
  data arrival time                                                1.5484

  clock CLK (rise edge)                                 1.4000     1.4000
  clock network delay (ideal)                           0.0500     1.4500
  clock uncertainty                                    -0.0500     1.4000
  DP_i_fetch_i_pc_i_Y_reg_1_/CK (DFF_X1)                0.0000     1.4000 r
  library setup time                                   -0.0278     1.3722
  data required time                                               1.3722
  --------------------------------------------------------------------------
  data required time                                               1.3722
  data arrival time                                               -1.5484
  --------------------------------------------------------------------------
  slack (VIOLATED)                                                -0.1762


1
