 
****************************************
Report : timing
        -path full
        -delay max
        -nworst 2
        -group REG2REG
        -max_paths 10
Design : DLX
Version: W-2024.09-SP2
Date   : Tue Sep 29 12:42:55 2026
****************************************

Operating Conditions: typical   Library: NangateOpenCellLibrary
Wire Load Model Mode: top

  Startpoint: DP_i_decode_i_rs2_addr_i_Y_reg_4_
              (rising edge-triggered flip-flop clocked by CLK)
  Endpoint: DP_i_execute_i_zero_alu_bit_Y_reg
            (rising edge-triggered flip-flop clocked by CLK)
  Path Group: REG2REG
  Path Type: max

  Des/Clust/Port     Wire Load Model       Library
  ------------------------------------------------
  DLX                5K_hvratio_1_4        NangateOpenCellLibrary

  Point                                                   Incr       Path
  --------------------------------------------------------------------------
  clock CLK (rise edge)                                 0.0000     0.0000
  clock network delay (ideal)                           0.0500     0.0500
  DP_i_decode_i_rs2_addr_i_Y_reg_4_/CK (DFF_X1)         0.0000     0.0500 r
  DP_i_decode_i_rs2_addr_i_Y_reg_4_/Q (DFF_X1)          0.1019     0.1519 r
  U1294/Z (XOR2_X1)                                     0.0686     0.2205 r
  U911/ZN (AND3_X1)                                     0.0566     0.2771 r
  U2546/ZN (NAND4_X1)                                   0.0435     0.3206 f
  U2683/ZN (AND2_X2)                                    0.0650     0.3856 f
  U3584/ZN (AND2_X1)                                    0.0599     0.4454 f
  U1298/ZN (OR2_X1)                                     0.0612     0.5066 f
  U1302/ZN (OAI21_X1)                                   0.0447     0.5513 r
  U3754/ZN (XNOR2_X1)                                   0.0419     0.5932 f
  U3755/ZN (NAND2_X1)                                   0.0388     0.6320 r
  U3762/ZN (NAND4_X1)                                   0.0379     0.6699 f
  U3766/ZN (AND3_X1)                                    0.0455     0.7154 f
  U3767/ZN (OR3_X2)                                     0.0861     0.8015 f
  U4076/ZN (NAND2_X1)                                   0.0369     0.8384 r
  U888/ZN (AND3_X1)                                     0.0539     0.8922 r
  U2783/ZN (NAND2_X1)                                   0.0278     0.9200 f
  U4080/ZN (NAND2_X1)                                   0.0297     0.9497 r
  U4096/ZN (NAND3_X1)                                   0.0355     0.9852 f
  U4314/ZN (NOR2_X1)                                    0.0444     1.0295 r
  U2282/ZN (OR2_X1)                                     0.0412     1.0708 r
  U2810/ZN (NAND2_X1)                                   0.0351     1.1058 f
  U2308/ZN (NAND3_X1)                                   0.0348     1.1407 r
  U4376/ZN (AND4_X2)                                    0.0658     1.2064 r
  U4377/ZN (NAND2_X1)                                   0.0383     1.2447 f
  U2861/ZN (AND2_X1)                                    0.0481     1.2928 f
  U2832/ZN (AND4_X2)                                    0.0486     1.3414 f
  U2831/ZN (XNOR2_X1)                                   0.0565     1.3979 f
  U2837/ZN (OAI211_X1)                                  0.0449     1.4428 r
  U2500/ZN (NAND3_X1)                                   0.0380     1.4808 f
  U1320/ZN (OR2_X1)                                     0.0563     1.5372 f
  U1323/ZN (OAI21_X1)                                   0.0390     1.5762 r
  DP_i_execute_i_zero_alu_bit_Y_reg/D (DFF_X2)          0.0109     1.5871 r
  data arrival time                                                1.5871

  clock CLK (rise edge)                                 1.3500     1.3500
  clock network delay (ideal)                           0.0500     1.4000
  clock uncertainty                                    -0.0500     1.3500
  DP_i_execute_i_zero_alu_bit_Y_reg/CK (DFF_X2)         0.0000     1.3500 r
  library setup time                                   -0.0283     1.3217
  data required time                                               1.3217
  --------------------------------------------------------------------------
  data required time                                               1.3217
  data arrival time                                               -1.5871
  --------------------------------------------------------------------------
  slack (VIOLATED)                                                -0.2654


  Startpoint: DP_i_decode_i_rs2_addr_i_Y_reg_4_
              (rising edge-triggered flip-flop clocked by CLK)
  Endpoint: DP_i_execute_i_zero_alu_bit_Y_reg
            (rising edge-triggered flip-flop clocked by CLK)
  Path Group: REG2REG
  Path Type: max

  Des/Clust/Port     Wire Load Model       Library
  ------------------------------------------------
  DLX                5K_hvratio_1_4        NangateOpenCellLibrary

  Point                                                   Incr       Path
  --------------------------------------------------------------------------
  clock CLK (rise edge)                                 0.0000     0.0000
  clock network delay (ideal)                           0.0500     0.0500
  DP_i_decode_i_rs2_addr_i_Y_reg_4_/CK (DFF_X1)         0.0000     0.0500 r
  DP_i_decode_i_rs2_addr_i_Y_reg_4_/Q (DFF_X1)          0.1019     0.1519 r
  U1294/Z (XOR2_X1)                                     0.0686     0.2205 r
  U911/ZN (AND3_X1)                                     0.0566     0.2771 r
  U2546/ZN (NAND4_X1)                                   0.0435     0.3206 f
  U2683/ZN (AND2_X2)                                    0.0650     0.3856 f
  U3584/ZN (AND2_X1)                                    0.0599     0.4454 f
  U1298/ZN (OR2_X1)                                     0.0612     0.5066 f
  U1302/ZN (OAI21_X1)                                   0.0447     0.5513 r
  U3754/ZN (XNOR2_X1)                                   0.0419     0.5932 f
  U3755/ZN (NAND2_X1)                                   0.0388     0.6320 r
  U3762/ZN (NAND4_X1)                                   0.0379     0.6699 f
  U3766/ZN (AND3_X1)                                    0.0455     0.7154 f
  U3767/ZN (OR3_X2)                                     0.0861     0.8015 f
  U4076/ZN (NAND2_X1)                                   0.0369     0.8384 r
  U888/ZN (AND3_X1)                                     0.0539     0.8922 r
  U2783/ZN (NAND2_X1)                                   0.0278     0.9200 f
  U4080/ZN (NAND2_X1)                                   0.0297     0.9497 r
  U4096/ZN (NAND3_X1)                                   0.0355     0.9852 f
  U4314/ZN (NOR2_X1)                                    0.0444     1.0295 r
  U2282/ZN (OR2_X1)                                     0.0412     1.0708 r
  U2810/ZN (NAND2_X1)                                   0.0351     1.1058 f
  U2772/ZN (AND3_X1)                                    0.0435     1.1494 f
  U4385/ZN (OAI21_X1)                                   0.0369     1.1863 r
  U2532/ZN (AND2_X1)                                    0.0435     1.2298 r
  U845/ZN (AND4_X2)                                     0.0679     1.2977 r
  U2832/ZN (AND4_X2)                                    0.0645     1.3622 r
  U2831/ZN (XNOR2_X1)                                   0.0357     1.3979 f
  U2837/ZN (OAI211_X1)                                  0.0449     1.4428 r
  U2500/ZN (NAND3_X1)                                   0.0380     1.4808 f
  U1320/ZN (OR2_X1)                                     0.0563     1.5371 f
  U1323/ZN (OAI21_X1)                                   0.0390     1.5762 r
  DP_i_execute_i_zero_alu_bit_Y_reg/D (DFF_X2)          0.0109     1.5870 r
  data arrival time                                                1.5870

  clock CLK (rise edge)                                 1.3500     1.3500
  clock network delay (ideal)                           0.0500     1.4000
  clock uncertainty                                    -0.0500     1.3500
  DP_i_execute_i_zero_alu_bit_Y_reg/CK (DFF_X2)         0.0000     1.3500 r
  library setup time                                   -0.0283     1.3217
  data required time                                               1.3217
  --------------------------------------------------------------------------
  data required time                                               1.3217
  data arrival time                                               -1.5870
  --------------------------------------------------------------------------
  slack (VIOLATED)                                                -0.2654


  Startpoint: DP_i_decode_i_rs2_addr_i_Y_reg_4_
              (rising edge-triggered flip-flop clocked by CLK)
  Endpoint: DP_i_execute_i_boothmul_i_tree_i_register_i_2_Y_temp_reg_31_
            (rising edge-triggered flip-flop clocked by CLK)
  Path Group: REG2REG
  Path Type: max

  Des/Clust/Port     Wire Load Model       Library
  ------------------------------------------------
  DLX                5K_hvratio_1_4        NangateOpenCellLibrary

  Point                                                   Incr       Path
  --------------------------------------------------------------------------
  clock CLK (rise edge)                                 0.0000     0.0000
  clock network delay (ideal)                           0.0500     0.0500
  DP_i_decode_i_rs2_addr_i_Y_reg_4_/CK (DFF_X1)         0.0000     0.0500 r
  DP_i_decode_i_rs2_addr_i_Y_reg_4_/Q (DFF_X1)          0.1019     0.1519 r
  U1294/Z (XOR2_X1)                                     0.0686     0.2205 r
  U911/ZN (AND3_X1)                                     0.0566     0.2771 r
  U2546/ZN (NAND4_X1)                                   0.0435     0.3206 f
  U2683/ZN (AND2_X2)                                    0.0650     0.3856 f
  U3584/ZN (AND2_X1)                                    0.0599     0.4454 f
  U956/ZN (OR2_X1)                                      0.0641     0.5095 f
  U1314/ZN (OAI21_X2)                                   0.0797     0.5892 r
  U2676/ZN (INV_X1)                                     0.0515     0.6407 f
  U3619/ZN (NOR3_X1)                                    0.0720     0.7127 r
  U2978/Z (MUX2_X2)                                     0.0787     0.7915 r
  U4909/ZN (AOI22_X1)                                   0.0618     0.8532 f
  U2785/ZN (XNOR2_X1)                                   0.0699     0.9231 f
  U2530/ZN (XNOR2_X1)                                   0.0705     0.9936 f
  U4910/ZN (XNOR2_X1)                                   0.0707     1.0643 f
  U4959/CO (FA_X1)                                      0.1005     1.1648 f
  U4962/ZN (XNOR2_X1)                                   0.0630     1.2278 f
  U4965/ZN (XNOR2_X1)                                   0.0642     1.2920 f
  U4992/ZN (XNOR2_X1)                                   0.0659     1.3579 f
  U4993/ZN (XNOR2_X1)                                   0.0669     1.4249 f
  U4995/ZN (OAI21_X1)                                   0.0505     1.4753 r
  U4996/ZN (XNOR2_X1)                                   0.0598     1.5351 r
  U2942/ZN (AND2_X1)                                    0.0420     1.5771 r
  DP_i_execute_i_boothmul_i_tree_i_register_i_2_Y_temp_reg_31_/D (DFF_X2)
                                                        0.0109     1.5880 r
  data arrival time                                                1.5880

  clock CLK (rise edge)                                 1.3500     1.3500
  clock network delay (ideal)                           0.0500     1.4000
  clock uncertainty                                    -0.0500     1.3500
  DP_i_execute_i_boothmul_i_tree_i_register_i_2_Y_temp_reg_31_/CK (DFF_X2)
                                                        0.0000     1.3500 r
  library setup time                                   -0.0262     1.3238
  data required time                                               1.3238
  --------------------------------------------------------------------------
  data required time                                               1.3238
  data arrival time                                               -1.5880
  --------------------------------------------------------------------------
  slack (VIOLATED)                                                -0.2642


  Startpoint: DP_i_decode_i_rs2_addr_i_Y_reg_4_
              (rising edge-triggered flip-flop clocked by CLK)
  Endpoint: DP_i_execute_i_boothmul_i_tree_i_register_i_2_Y_temp_reg_31_
            (rising edge-triggered flip-flop clocked by CLK)
  Path Group: REG2REG
  Path Type: max

  Des/Clust/Port     Wire Load Model       Library
  ------------------------------------------------
  DLX                5K_hvratio_1_4        NangateOpenCellLibrary

  Point                                                   Incr       Path
  --------------------------------------------------------------------------
  clock CLK (rise edge)                                 0.0000     0.0000
  clock network delay (ideal)                           0.0500     0.0500
  DP_i_decode_i_rs2_addr_i_Y_reg_4_/CK (DFF_X1)         0.0000     0.0500 r
  DP_i_decode_i_rs2_addr_i_Y_reg_4_/Q (DFF_X1)          0.1019     0.1519 r
  U1294/Z (XOR2_X1)                                     0.0686     0.2205 r
  U911/ZN (AND3_X1)                                     0.0566     0.2771 r
  U2546/ZN (NAND4_X1)                                   0.0435     0.3206 f
  U2683/ZN (AND2_X2)                                    0.0650     0.3856 f
  U3584/ZN (AND2_X1)                                    0.0599     0.4454 f
  U956/ZN (OR2_X1)                                      0.0641     0.5095 f
  U1314/ZN (OAI21_X2)                                   0.0797     0.5892 r
  U2676/ZN (INV_X1)                                     0.0515     0.6407 f
  U3619/ZN (NOR3_X1)                                    0.0720     0.7127 r
  U2978/Z (MUX2_X2)                                     0.0787     0.7915 r
  U4909/ZN (AOI22_X1)                                   0.0615     0.8530 f
  U2785/ZN (XNOR2_X1)                                   0.0699     0.9229 f
  U2530/ZN (XNOR2_X1)                                   0.0705     0.9934 f
  U4910/ZN (XNOR2_X1)                                   0.0707     1.0641 f
  U4959/CO (FA_X1)                                      0.1005     1.1645 f
  U4962/ZN (XNOR2_X1)                                   0.0630     1.2276 f
  U4965/ZN (XNOR2_X1)                                   0.0642     1.2918 f
  U4992/ZN (XNOR2_X1)                                   0.0659     1.3577 f
  U4993/ZN (XNOR2_X1)                                   0.0669     1.4246 f
  U4995/ZN (OAI21_X1)                                   0.0505     1.4751 r
  U4996/ZN (XNOR2_X1)                                   0.0598     1.5349 r
  U2942/ZN (AND2_X1)                                    0.0420     1.5769 r
  DP_i_execute_i_boothmul_i_tree_i_register_i_2_Y_temp_reg_31_/D (DFF_X2)
                                                        0.0109     1.5878 r
  data arrival time                                                1.5878

  clock CLK (rise edge)                                 1.3500     1.3500
  clock network delay (ideal)                           0.0500     1.4000
  clock uncertainty                                    -0.0500     1.3500
  DP_i_execute_i_boothmul_i_tree_i_register_i_2_Y_temp_reg_31_/CK (DFF_X2)
                                                        0.0000     1.3500 r
  library setup time                                   -0.0262     1.3238
  data required time                                               1.3238
  --------------------------------------------------------------------------
  data required time                                               1.3238
  data arrival time                                               -1.5878
  --------------------------------------------------------------------------
  slack (VIOLATED)                                                -0.2639


  Startpoint: DP_i_decode_i_rs2_addr_i_Y_reg_4_
              (rising edge-triggered flip-flop clocked by CLK)
  Endpoint: DP_i_execute_i_boothmul_i_tree_i_register_i_3_Y_temp_reg_30_
            (rising edge-triggered flip-flop clocked by CLK)
  Path Group: REG2REG
  Path Type: max

  Des/Clust/Port     Wire Load Model       Library
  ------------------------------------------------
  DLX                5K_hvratio_1_4        NangateOpenCellLibrary

  Point                                                   Incr       Path
  --------------------------------------------------------------------------
  clock CLK (rise edge)                                 0.0000     0.0000
  clock network delay (ideal)                           0.0500     0.0500
  DP_i_decode_i_rs2_addr_i_Y_reg_4_/CK (DFF_X1)         0.0000     0.0500 r
  DP_i_decode_i_rs2_addr_i_Y_reg_4_/Q (DFF_X1)          0.1019     0.1519 r
  U1294/Z (XOR2_X1)                                     0.0686     0.2205 r
  U912/ZN (AND3_X1)                                     0.0627     0.2832 r
  U2545/ZN (NAND4_X1)                                   0.0412     0.3244 f
  U3424/Z (BUF_X2)                                      0.0514     0.3758 f
  U2637/ZN (INV_X1)                                     0.0496     0.4255 r
  U3504/Z (BUF_X2)                                      0.0611     0.4866 r
  U3656/ZN (NAND2_X1)                                   0.0411     0.5276 f
  U2674/ZN (AND3_X1)                                    0.0496     0.5773 f
  U3657/Z (MUX2_X1)                                     0.0765     0.6538 f
  U1189/ZN (INV_X1)                                     0.0478     0.7016 r
  U875/ZN (AND2_X2)                                     0.0618     0.7634 r
  U2504/Z (MUX2_X2)                                     0.0904     0.8538 r
  U4895/ZN (AOI22_X1)                                   0.0677     0.9215 f
  U4899/ZN (XNOR2_X1)                                   0.0684     0.9899 f
  U4902/ZN (XNOR2_X1)                                   0.0690     1.0589 f
  U4904/ZN (XNOR2_X1)                                   0.0753     1.1342 f
  U4906/CO (FA_X1)                                      0.1205     1.2547 f
  U5367/ZN (XNOR2_X1)                                   0.0660     1.3207 f
  U5368/ZN (XNOR2_X1)                                   0.0820     1.4027 r
  U2578/ZN (XNOR2_X1)                                   0.0718     1.4745 r
  U5371/ZN (XNOR2_X1)                                   0.0598     1.5343 r
  U2927/ZN (AND2_X1)                                    0.0422     1.5765 r
  DP_i_execute_i_boothmul_i_tree_i_register_i_3_Y_temp_reg_30_/D (DFF_X1)
                                                        0.0110     1.5875 r
  data arrival time                                                1.5875

  clock CLK (rise edge)                                 1.3500     1.3500
  clock network delay (ideal)                           0.0500     1.4000
  clock uncertainty                                    -0.0500     1.3500
  DP_i_execute_i_boothmul_i_tree_i_register_i_3_Y_temp_reg_30_/CK (DFF_X1)
                                                        0.0000     1.3500 r
  library setup time                                   -0.0265     1.3235
  data required time                                               1.3235
  --------------------------------------------------------------------------
  data required time                                               1.3235
  data arrival time                                               -1.5875
  --------------------------------------------------------------------------
  slack (VIOLATED)                                                -0.2639


  Startpoint: DP_i_decode_i_rs2_addr_i_Y_reg_4_
              (rising edge-triggered flip-flop clocked by CLK)
  Endpoint: DP_i_execute_i_boothmul_i_tree_i_register_i_3_Y_temp_reg_30_
            (rising edge-triggered flip-flop clocked by CLK)
  Path Group: REG2REG
  Path Type: max

  Des/Clust/Port     Wire Load Model       Library
  ------------------------------------------------
  DLX                5K_hvratio_1_4        NangateOpenCellLibrary

  Point                                                   Incr       Path
  --------------------------------------------------------------------------
  clock CLK (rise edge)                                 0.0000     0.0000
  clock network delay (ideal)                           0.0500     0.0500
  DP_i_decode_i_rs2_addr_i_Y_reg_4_/CK (DFF_X1)         0.0000     0.0500 r
  DP_i_decode_i_rs2_addr_i_Y_reg_4_/Q (DFF_X1)          0.1019     0.1519 r
  U1294/Z (XOR2_X1)                                     0.0686     0.2205 r
  U912/ZN (AND3_X1)                                     0.0627     0.2832 r
  U2545/ZN (NAND4_X1)                                   0.0412     0.3244 f
  U3424/Z (BUF_X2)                                      0.0514     0.3758 f
  U2637/ZN (INV_X1)                                     0.0496     0.4255 r
  U3504/Z (BUF_X2)                                      0.0611     0.4866 r
  U3656/ZN (NAND2_X1)                                   0.0411     0.5276 f
  U2674/ZN (AND3_X1)                                    0.0496     0.5773 f
  U3657/Z (MUX2_X1)                                     0.0765     0.6538 f
  U1189/ZN (INV_X1)                                     0.0478     0.7016 r
  U875/ZN (AND2_X2)                                     0.0618     0.7634 r
  U2504/Z (MUX2_X2)                                     0.0904     0.8538 r
  U4895/ZN (AOI22_X1)                                   0.0677     0.9215 f
  U4899/ZN (XNOR2_X1)                                   0.0684     0.9899 f
  U4902/ZN (XNOR2_X1)                                   0.0690     1.0589 f
  U4904/ZN (XNOR2_X1)                                   0.0753     1.1342 f
  U4906/CO (FA_X1)                                      0.1205     1.2547 f
  U5367/ZN (XNOR2_X1)                                   0.0660     1.3207 f
  U5368/ZN (XNOR2_X1)                                   0.0820     1.4027 r
  U2578/ZN (XNOR2_X1)                                   0.0718     1.4745 r
  U5371/ZN (XNOR2_X1)                                   0.0598     1.5343 r
  U2927/ZN (AND2_X1)                                    0.0422     1.5765 r
  DP_i_execute_i_boothmul_i_tree_i_register_i_3_Y_temp_reg_30_/D (DFF_X1)
                                                        0.0110     1.5875 r
  data arrival time                                                1.5875

  clock CLK (rise edge)                                 1.3500     1.3500
  clock network delay (ideal)                           0.0500     1.4000
  clock uncertainty                                    -0.0500     1.3500
  DP_i_execute_i_boothmul_i_tree_i_register_i_3_Y_temp_reg_30_/CK (DFF_X1)
                                                        0.0000     1.3500 r
  library setup time                                   -0.0265     1.3235
  data required time                                               1.3235
  --------------------------------------------------------------------------
  data required time                                               1.3235
  data arrival time                                               -1.5875
  --------------------------------------------------------------------------
  slack (VIOLATED)                                                -0.2639


  Startpoint: DP_i_mem_access_i_rd_out_reg_i_Y_reg_4_
              (rising edge-triggered flip-flop clocked by CLK)
  Endpoint: DP_i_execute_i_boothmul_i_tree_i_register_i_3_Y_temp_reg_27_
            (rising edge-triggered flip-flop clocked by CLK)
  Path Group: REG2REG
  Path Type: max

  Des/Clust/Port     Wire Load Model       Library
  ------------------------------------------------
  DLX                5K_hvratio_1_4        NangateOpenCellLibrary

  Point                                                   Incr       Path
  --------------------------------------------------------------------------
  clock CLK (rise edge)                                 0.0000     0.0000
  clock network delay (ideal)                           0.0500     0.0500
  DP_i_mem_access_i_rd_out_reg_i_Y_reg_4_/CK (DFF_X1)   0.0000     0.0500 r
  DP_i_mem_access_i_rd_out_reg_i_Y_reg_4_/QN (DFF_X1)   0.0865     0.1365 r
  U2634/ZN (XNOR2_X1)                                   0.0665     0.2030 r
  U3425/ZN (AND2_X1)                                    0.0445     0.2475 r
  U2356/ZN (AND4_X1)                                    0.0643     0.3119 r
  U2683/ZN (AND2_X2)                                    0.0745     0.3863 r
  U3571/ZN (NAND2_X1)                                   0.0485     0.4349 f
  U2244/ZN (AND3_X1)                                    0.0468     0.4817 f
  U2283/ZN (NAND2_X1)                                   0.0361     0.5177 r
  U926/ZN (NAND2_X2)                                    0.0512     0.5689 f
  U3574/ZN (NOR2_X2)                                    0.0928     0.6617 r
  U3595/ZN (XNOR2_X1)                                   0.1018     0.7635 r
  U3040/ZN (INV_X1)                                     0.0390     0.8025 f
  U5544/ZN (INV_X2)                                     0.0860     0.8885 r
  U5675/ZN (AOI22_X1)                                   0.0807     0.9692 f
  U5681/S (FA_X1)                                       0.1690     1.1383 r
  U5682/ZN (XNOR2_X1)                                   0.0531     1.1914 f
  U5685/CO (FA_X1)                                      0.1227     1.3140 f
  U6408/Z (XOR2_X1)                                     0.0860     1.4000 f
  U6409/ZN (XNOR2_X1)                                   0.0666     1.4666 r
  U6644/ZN (XNOR2_X1)                                   0.0660     1.5326 r
  U2147/ZN (AND2_X1)                                    0.0421     1.5747 r
  DP_i_execute_i_boothmul_i_tree_i_register_i_3_Y_temp_reg_27_/D (DFF_X1)
                                                        0.0110     1.5856 r
  data arrival time                                                1.5856

  clock CLK (rise edge)                                 1.3500     1.3500
  clock network delay (ideal)                           0.0500     1.4000
  clock uncertainty                                    -0.0500     1.3500
  DP_i_execute_i_boothmul_i_tree_i_register_i_3_Y_temp_reg_27_/CK (DFF_X1)
                                                        0.0000     1.3500 r
  library setup time                                   -0.0265     1.3235
  data required time                                               1.3235
  --------------------------------------------------------------------------
  data required time                                               1.3235
  data arrival time                                               -1.5856
  --------------------------------------------------------------------------
  slack (VIOLATED)                                                -0.2621


  Startpoint: DP_i_mem_access_i_rd_out_reg_i_Y_reg_4_
              (rising edge-triggered flip-flop clocked by CLK)
  Endpoint: DP_i_execute_i_boothmul_i_tree_i_register_i_3_Y_temp_reg_27_
            (rising edge-triggered flip-flop clocked by CLK)
  Path Group: REG2REG
  Path Type: max

  Des/Clust/Port     Wire Load Model       Library
  ------------------------------------------------
  DLX                5K_hvratio_1_4        NangateOpenCellLibrary

  Point                                                   Incr       Path
  --------------------------------------------------------------------------
  clock CLK (rise edge)                                 0.0000     0.0000
  clock network delay (ideal)                           0.0500     0.0500
  DP_i_mem_access_i_rd_out_reg_i_Y_reg_4_/CK (DFF_X1)   0.0000     0.0500 r
  DP_i_mem_access_i_rd_out_reg_i_Y_reg_4_/QN (DFF_X1)   0.0865     0.1365 r
  U2634/ZN (XNOR2_X1)                                   0.0665     0.2030 r
  U3425/ZN (AND2_X1)                                    0.0445     0.2475 r
  U2356/ZN (AND4_X1)                                    0.0643     0.3119 r
  U2683/ZN (AND2_X2)                                    0.0745     0.3863 r
  U3571/ZN (NAND2_X1)                                   0.0485     0.4349 f
  U2244/ZN (AND3_X1)                                    0.0468     0.4817 f
  U2283/ZN (NAND2_X1)                                   0.0361     0.5177 r
  U926/ZN (NAND2_X2)                                    0.0512     0.5689 f
  U3574/ZN (NOR2_X2)                                    0.0928     0.6617 r
  U3595/ZN (XNOR2_X1)                                   0.1018     0.7635 r
  U3040/ZN (INV_X1)                                     0.0390     0.8025 f
  U5544/ZN (INV_X2)                                     0.0860     0.8885 r
  U5675/ZN (AOI22_X1)                                   0.0807     0.9692 f
  U5681/S (FA_X1)                                       0.1690     1.1383 r
  U5682/ZN (XNOR2_X1)                                   0.0531     1.1914 f
  U5685/CO (FA_X1)                                      0.1225     1.3138 f
  U6408/Z (XOR2_X1)                                     0.0860     1.3998 f
  U6409/ZN (XNOR2_X1)                                   0.0666     1.4664 r
  U6644/ZN (XNOR2_X1)                                   0.0660     1.5324 r
  U2147/ZN (AND2_X1)                                    0.0421     1.5745 r
  DP_i_execute_i_boothmul_i_tree_i_register_i_3_Y_temp_reg_27_/D (DFF_X1)
                                                        0.0110     1.5854 r
  data arrival time                                                1.5854

  clock CLK (rise edge)                                 1.3500     1.3500
  clock network delay (ideal)                           0.0500     1.4000
  clock uncertainty                                    -0.0500     1.3500
  DP_i_execute_i_boothmul_i_tree_i_register_i_3_Y_temp_reg_27_/CK (DFF_X1)
                                                        0.0000     1.3500 r
  library setup time                                   -0.0265     1.3235
  data required time                                               1.3235
  --------------------------------------------------------------------------
  data required time                                               1.3235
  data arrival time                                               -1.5854
  --------------------------------------------------------------------------
  slack (VIOLATED)                                                -0.2619


  Startpoint: DP_i_decode_i_rs2_addr_i_Y_reg_4_
              (rising edge-triggered flip-flop clocked by CLK)
  Endpoint: DP_i_execute_i_boothmul_i_tree_i_register_i_3_Y_temp_reg_31_
            (rising edge-triggered flip-flop clocked by CLK)
  Path Group: REG2REG
  Path Type: max

  Des/Clust/Port     Wire Load Model       Library
  ------------------------------------------------
  DLX                5K_hvratio_1_4        NangateOpenCellLibrary

  Point                                                   Incr       Path
  --------------------------------------------------------------------------
  clock CLK (rise edge)                                 0.0000     0.0000
  clock network delay (ideal)                           0.0500     0.0500
  DP_i_decode_i_rs2_addr_i_Y_reg_4_/CK (DFF_X1)         0.0000     0.0500 r
  DP_i_decode_i_rs2_addr_i_Y_reg_4_/Q (DFF_X1)          0.1019     0.1519 r
  U1294/Z (XOR2_X1)                                     0.0686     0.2205 r
  U912/ZN (AND3_X1)                                     0.0627     0.2832 r
  U2545/ZN (NAND4_X1)                                   0.0412     0.3244 f
  U3424/Z (BUF_X2)                                      0.0514     0.3758 f
  U2637/ZN (INV_X1)                                     0.0496     0.4255 r
  U3504/Z (BUF_X2)                                      0.0611     0.4866 r
  U3656/ZN (NAND2_X1)                                   0.0411     0.5276 f
  U2674/ZN (AND3_X1)                                    0.0496     0.5773 f
  U3657/Z (MUX2_X1)                                     0.0765     0.6538 f
  U1189/ZN (INV_X1)                                     0.0478     0.7016 r
  U3658/ZN (NOR2_X1)                                    0.0391     0.7407 f
  U2433/ZN (NOR2_X1)                                    0.1027     0.8434 r
  U2920/ZN (INV_X1)                                     0.0354     0.8788 f
  U1709/ZN (OR2_X1)                                     0.0609     0.9398 f
  U4981/ZN (NAND2_X1)                                   0.0364     0.9762 r
  U4985/S (FA_X1)                                       0.1246     1.1007 f
  U6798/ZN (XNOR2_X1)                                   0.0816     1.1823 r
  U2573/ZN (AND2_X1)                                    0.0553     1.2376 r
  U6805/ZN (OAI22_X1)                                   0.0346     1.2723 f
  U6806/ZN (XNOR2_X1)                                   0.0614     1.3337 f
  U6807/S (FA_X1)                                       0.1371     1.4708 r
  U6869/ZN (XNOR2_X1)                                   0.0602     1.5310 r
  U2418/ZN (AND2_X1)                                    0.0421     1.5731 r
  DP_i_execute_i_boothmul_i_tree_i_register_i_3_Y_temp_reg_31_/D (DFF_X1)
                                                        0.0110     1.5841 r
  data arrival time                                                1.5841

  clock CLK (rise edge)                                 1.3500     1.3500
  clock network delay (ideal)                           0.0500     1.4000
  clock uncertainty                                    -0.0500     1.3500
  DP_i_execute_i_boothmul_i_tree_i_register_i_3_Y_temp_reg_31_/CK (DFF_X1)
                                                        0.0000     1.3500 r
  library setup time                                   -0.0265     1.3235
  data required time                                               1.3235
  --------------------------------------------------------------------------
  data required time                                               1.3235
  data arrival time                                               -1.5841
  --------------------------------------------------------------------------
  slack (VIOLATED)                                                -0.2606


  Startpoint: DP_i_decode_i_rs2_addr_i_Y_reg_4_
              (rising edge-triggered flip-flop clocked by CLK)
  Endpoint: DP_i_execute_i_boothmul_i_tree_i_register_i_3_Y_temp_reg_31_
            (rising edge-triggered flip-flop clocked by CLK)
  Path Group: REG2REG
  Path Type: max

  Des/Clust/Port     Wire Load Model       Library
  ------------------------------------------------
  DLX                5K_hvratio_1_4        NangateOpenCellLibrary

  Point                                                   Incr       Path
  --------------------------------------------------------------------------
  clock CLK (rise edge)                                 0.0000     0.0000
  clock network delay (ideal)                           0.0500     0.0500
  DP_i_decode_i_rs2_addr_i_Y_reg_4_/CK (DFF_X1)         0.0000     0.0500 r
  DP_i_decode_i_rs2_addr_i_Y_reg_4_/Q (DFF_X1)          0.1019     0.1519 r
  U1294/Z (XOR2_X1)                                     0.0686     0.2205 r
  U912/ZN (AND3_X1)                                     0.0627     0.2832 r
  U2545/ZN (NAND4_X1)                                   0.0412     0.3244 f
  U3424/Z (BUF_X2)                                      0.0514     0.3758 f
  U2637/ZN (INV_X1)                                     0.0496     0.4255 r
  U3504/Z (BUF_X2)                                      0.0611     0.4866 r
  U3656/ZN (NAND2_X1)                                   0.0411     0.5276 f
  U2674/ZN (AND3_X1)                                    0.0496     0.5773 f
  U3657/Z (MUX2_X1)                                     0.0765     0.6538 f
  U1189/ZN (INV_X1)                                     0.0478     0.7016 r
  U3658/ZN (NOR2_X1)                                    0.0391     0.7407 f
  U2433/ZN (NOR2_X1)                                    0.1027     0.8434 r
  U2920/ZN (INV_X1)                                     0.0354     0.8788 f
  U1709/ZN (OR2_X1)                                     0.0609     0.9398 f
  U4981/ZN (NAND2_X1)                                   0.0364     0.9762 r
  U4985/S (FA_X1)                                       0.1246     1.1007 f
  U6798/ZN (XNOR2_X1)                                   0.0816     1.1823 r
  U2573/ZN (AND2_X1)                                    0.0553     1.2376 r
  U6805/ZN (OAI22_X1)                                   0.0346     1.2723 f
  U6806/ZN (XNOR2_X1)                                   0.0614     1.3337 f
  U6807/S (FA_X1)                                       0.1371     1.4708 r
  U6869/ZN (XNOR2_X1)                                   0.0602     1.5310 r
  U2418/ZN (AND2_X1)                                    0.0421     1.5731 r
  DP_i_execute_i_boothmul_i_tree_i_register_i_3_Y_temp_reg_31_/D (DFF_X1)
                                                        0.0110     1.5841 r
  data arrival time                                                1.5841

  clock CLK (rise edge)                                 1.3500     1.3500
  clock network delay (ideal)                           0.0500     1.4000
  clock uncertainty                                    -0.0500     1.3500
  DP_i_execute_i_boothmul_i_tree_i_register_i_3_Y_temp_reg_31_/CK (DFF_X1)
                                                        0.0000     1.3500 r
  library setup time                                   -0.0265     1.3235
  data required time                                               1.3235
  --------------------------------------------------------------------------
  data required time                                               1.3235
  data arrival time                                               -1.5841
  --------------------------------------------------------------------------
  slack (VIOLATED)                                                -0.2606


1
