 
****************************************
Report : timing
        -path full
        -delay max
        -nworst 2
        -group REG2REG
        -max_paths 10
Design : DLX
Version: W-2024.09-SP2
Date   : Tue Sep 29 12:54:28 2026
****************************************

Operating Conditions: typical   Library: NangateOpenCellLibrary
Wire Load Model Mode: top

  Startpoint: DP_i_decode_i_rs2_addr_i_Y_reg_4_
              (rising edge-triggered flip-flop clocked by CLK)
  Endpoint: DP_i_execute_i_zero_alu_bit_Y_reg
            (rising edge-triggered flip-flop clocked by CLK)
  Path Group: REG2REG
  Path Type: max

  Des/Clust/Port     Wire Load Model       Library
  ------------------------------------------------
  DLX                5K_hvratio_1_4        NangateOpenCellLibrary

  Point                                                   Incr       Path
  --------------------------------------------------------------------------
  clock CLK (rise edge)                                 0.0000     0.0000
  clock network delay (ideal)                           0.0500     0.0500
  DP_i_decode_i_rs2_addr_i_Y_reg_4_/CK (DFF_X1)         0.0000     0.0500 r
  DP_i_decode_i_rs2_addr_i_Y_reg_4_/QN (DFF_X1)         0.0806     0.1306 r
  U3355/ZN (XNOR2_X1)                                   0.0648     0.1954 r
  U1063/ZN (AND3_X2)                                    0.0611     0.2566 r
  U1617/ZN (NAND4_X1)                                   0.0494     0.3060 f
  U3747/ZN (AND2_X1)                                    0.0518     0.3578 f
  U987/Z (BUF_X4)                                       0.0608     0.4186 f
  U4523/ZN (NAND2_X1)                                   0.0651     0.4837 r
  U3819/ZN (INV_X1)                                     0.0318     0.5155 f
  U5033/ZN (NAND2_X1)                                   0.0285     0.5440 r
  U1160/ZN (AND3_X2)                                    0.0606     0.6046 r
  U856/Z (BUF_X1)                                       0.0360     0.6406 r
  U5043/ZN (NAND2_X1)                                   0.0297     0.6702 f
  U3220/ZN (AND2_X1)                                    0.0416     0.7118 f
  U948/ZN (NAND2_X1)                                    0.0296     0.7414 r
  U947/ZN (NAND2_X1)                                    0.0274     0.7688 f
  U3219/ZN (OAI21_X1)                                   0.0354     0.8042 r
  U3101/ZN (AND2_X1)                                    0.0523     0.8565 r
  U5290/ZN (NAND2_X1)                                   0.0314     0.8880 f
  U5291/ZN (NOR2_X1)                                    0.0510     0.9390 r
  U3100/Z (BUF_X1)                                      0.0469     0.9859 r
  U3350/ZN (OR3_X2)                                     0.0557     1.0416 r
  U3613/ZN (NAND2_X1)                                   0.0416     1.0832 f
  U3552/ZN (OAI211_X1)                                  0.0383     1.1215 r
  U3211/ZN (OAI211_X1)                                  0.0416     1.1631 f
  U3542/ZN (NOR2_X1)                                    0.0546     1.2177 r
  U3622/ZN (NAND4_X1)                                   0.0406     1.2583 f
  U9322/ZN (NOR4_X1)                                    0.0831     1.3414 r
  U8134/ZN (NAND4_X1)                                   0.0520     1.3933 f
  U8144/ZN (OAI21_X1)                                   0.0483     1.4416 r
  DP_i_execute_i_zero_alu_bit_Y_reg/D (DFF_X2)          0.0109     1.4525 r
  data arrival time                                                1.4525

  clock CLK (rise edge)                                 1.1000     1.1000
  clock network delay (ideal)                           0.0500     1.1500
  clock uncertainty                                    -0.0500     1.1000
  DP_i_execute_i_zero_alu_bit_Y_reg/CK (DFF_X2)         0.0000     1.1000 r
  library setup time                                   -0.0285     1.0715
  data required time                                               1.0715
  --------------------------------------------------------------------------
  data required time                                               1.0715
  data arrival time                                               -1.4525
  --------------------------------------------------------------------------
  slack (VIOLATED)                                                -0.3810


  Startpoint: CP_i_ex_mem_reg_i_WF1_out_reg
              (rising edge-triggered flip-flop clocked by CLK)
  Endpoint: DP_i_execute_i_zero_alu_bit_Y_reg
            (rising edge-triggered flip-flop clocked by CLK)
  Path Group: REG2REG
  Path Type: max

  Des/Clust/Port     Wire Load Model       Library
  ------------------------------------------------
  DLX                5K_hvratio_1_4        NangateOpenCellLibrary

  Point                                                   Incr       Path
  --------------------------------------------------------------------------
  clock CLK (rise edge)                                 0.0000     0.0000
  clock network delay (ideal)                           0.0500     0.0500
  CP_i_ex_mem_reg_i_WF1_out_reg/CK (DFF_X1)             0.0000     0.0500 r
  CP_i_ex_mem_reg_i_WF1_out_reg/Q (DFF_X1)              0.1018     0.1518 r
  U4510/ZN (AND2_X1)                                    0.0458     0.1976 r
  U1063/ZN (AND3_X2)                                    0.0589     0.2565 r
  U1617/ZN (NAND4_X1)                                   0.0494     0.3059 f
  U3747/ZN (AND2_X1)                                    0.0518     0.3578 f
  U987/Z (BUF_X4)                                       0.0608     0.4185 f
  U4523/ZN (NAND2_X1)                                   0.0651     0.4836 r
  U3819/ZN (INV_X1)                                     0.0318     0.5155 f
  U5033/ZN (NAND2_X1)                                   0.0285     0.5440 r
  U1160/ZN (AND3_X2)                                    0.0606     0.6045 r
  U856/Z (BUF_X1)                                       0.0360     0.6405 r
  U5043/ZN (NAND2_X1)                                   0.0297     0.6702 f
  U3220/ZN (AND2_X1)                                    0.0416     0.7118 f
  U948/ZN (NAND2_X1)                                    0.0296     0.7414 r
  U947/ZN (NAND2_X1)                                    0.0274     0.7688 f
  U3219/ZN (OAI21_X1)                                   0.0354     0.8041 r
  U3101/ZN (AND2_X1)                                    0.0523     0.8565 r
  U5290/ZN (NAND2_X1)                                   0.0314     0.8879 f
  U5291/ZN (NOR2_X1)                                    0.0510     0.9390 r
  U3100/Z (BUF_X1)                                      0.0469     0.9859 r
  U3350/ZN (OR3_X2)                                     0.0557     1.0415 r
  U3613/ZN (NAND2_X1)                                   0.0416     1.0831 f
  U3552/ZN (OAI211_X1)                                  0.0383     1.1214 r
  U3211/ZN (OAI211_X1)                                  0.0416     1.1630 f
  U3542/ZN (NOR2_X1)                                    0.0546     1.2177 r
  U3622/ZN (NAND4_X1)                                   0.0406     1.2583 f
  U9322/ZN (NOR4_X1)                                    0.0831     1.3413 r
  U8134/ZN (NAND4_X1)                                   0.0520     1.3933 f
  U8144/ZN (OAI21_X1)                                   0.0483     1.4416 r
  DP_i_execute_i_zero_alu_bit_Y_reg/D (DFF_X2)          0.0109     1.4525 r
  data arrival time                                                1.4525

  clock CLK (rise edge)                                 1.1000     1.1000
  clock network delay (ideal)                           0.0500     1.1500
  clock uncertainty                                    -0.0500     1.1000
  DP_i_execute_i_zero_alu_bit_Y_reg/CK (DFF_X2)         0.0000     1.1000 r
  library setup time                                   -0.0285     1.0715
  data required time                                               1.0715
  --------------------------------------------------------------------------
  data required time                                               1.0715
  data arrival time                                               -1.4525
  --------------------------------------------------------------------------
  slack (VIOLATED)                                                -0.3810


  Startpoint: DP_i_decode_i_rs2_addr_i_Y_reg_4_
              (rising edge-triggered flip-flop clocked by CLK)
  Endpoint: DP_i_execute_i_boothmul_i_tree_i_register_i_0_Y_temp_reg_29_
            (rising edge-triggered flip-flop clocked by CLK)
  Path Group: REG2REG
  Path Type: max

  Des/Clust/Port     Wire Load Model       Library
  ------------------------------------------------
  DLX                5K_hvratio_1_4        NangateOpenCellLibrary

  Point                                                   Incr       Path
  --------------------------------------------------------------------------
  clock CLK (rise edge)                                 0.0000     0.0000
  clock network delay (ideal)                           0.0500     0.0500
  DP_i_decode_i_rs2_addr_i_Y_reg_4_/CK (DFF_X1)         0.0000     0.0500 r
  DP_i_decode_i_rs2_addr_i_Y_reg_4_/QN (DFF_X1)         0.0806     0.1306 r
  U3355/ZN (XNOR2_X1)                                   0.0648     0.1954 r
  U1063/ZN (AND3_X2)                                    0.0611     0.2566 r
  U1617/ZN (NAND4_X1)                                   0.0494     0.3060 f
  U3747/ZN (AND2_X1)                                    0.0518     0.3578 f
  U987/Z (BUF_X4)                                       0.0608     0.4186 f
  U4594/ZN (NAND2_X1)                                   0.0508     0.4694 r
  U4595/ZN (AND2_X1)                                    0.0493     0.5187 r
  U3641/ZN (NAND2_X1)                                   0.0361     0.5548 f
  U3314/ZN (OR2_X1)                                     0.0628     0.6177 f
  U4791/ZN (OAI211_X1)                                  0.0702     0.6879 r
  U992/Z (BUF_X4)                                       0.0819     0.7698 r
  U4802/ZN (NAND2_X1)                                   0.0527     0.8225 f
  U2212/ZN (AND2_X1)                                    0.0467     0.8692 f
  U1138/ZN (XNOR2_X1)                                   0.0662     0.9354 f
  U3933/ZN (XNOR2_X1)                                   0.0723     1.0077 f
  U4843/S (FA_X1)                                       0.1550     1.1627 r
  U4844/ZN (OAI21_X1)                                   0.0478     1.2105 f
  U3467/CO (FA_X1)                                      0.1205     1.3310 f
  U3206/ZN (OAI21_X1)                                   0.0487     1.3797 r
  U3205/ZN (NAND2_X1)                                   0.0284     1.4081 f
  U3707/ZN (AND2_X1)                                    0.0366     1.4447 f
  DP_i_execute_i_boothmul_i_tree_i_register_i_0_Y_temp_reg_29_/D (DFF_X1)
                                                        0.0104     1.4551 f
  data arrival time                                                1.4551

  clock CLK (rise edge)                                 1.1000     1.1000
  clock network delay (ideal)                           0.0500     1.1500
  clock uncertainty                                    -0.0500     1.1000
  DP_i_execute_i_boothmul_i_tree_i_register_i_0_Y_temp_reg_29_/CK (DFF_X1)
                                                        0.0000     1.1000 r
  library setup time                                   -0.0239     1.0761
  data required time                                               1.0761
  --------------------------------------------------------------------------
  data required time                                               1.0761
  data arrival time                                               -1.4551
  --------------------------------------------------------------------------
  slack (VIOLATED)                                                -0.3790


  Startpoint: DP_i_decode_i_rs2_addr_i_Y_reg_4_
              (rising edge-triggered flip-flop clocked by CLK)
  Endpoint: DP_i_execute_i_boothmul_i_tree_i_register_i_3_Y_temp_reg_31_
            (rising edge-triggered flip-flop clocked by CLK)
  Path Group: REG2REG
  Path Type: max

  Des/Clust/Port     Wire Load Model       Library
  ------------------------------------------------
  DLX                5K_hvratio_1_4        NangateOpenCellLibrary

  Point                                                   Incr       Path
  --------------------------------------------------------------------------
  clock CLK (rise edge)                                 0.0000     0.0000
  clock network delay (ideal)                           0.0500     0.0500
  DP_i_decode_i_rs2_addr_i_Y_reg_4_/CK (DFF_X1)         0.0000     0.0500 r
  DP_i_decode_i_rs2_addr_i_Y_reg_4_/QN (DFF_X1)         0.0806     0.1306 r
  U3355/ZN (XNOR2_X1)                                   0.0648     0.1954 r
  U1080/ZN (AND3_X1)                                    0.0622     0.2576 r
  U1618/ZN (AND4_X4)                                    0.1001     0.3577 r
  U3476/ZN (NAND2_X1)                                   0.0556     0.4133 f
  U1113/ZN (OR2_X1)                                     0.0650     0.4783 f
  U1606/ZN (OAI211_X1)                                  0.0521     0.5304 r
  U3132/Z (XOR2_X1)                                     0.0983     0.6287 r
  U904/ZN (AND2_X2)                                     0.0671     0.6959 r
  U3345/ZN (INV_X1)                                     0.0375     0.7333 f
  U3913/ZN (INV_X1)                                     0.0565     0.7899 r
  U6326/ZN (NAND2_X1)                                   0.0406     0.8305 f
  U6327/ZN (OAI21_X1)                                   0.0461     0.8766 r
  U6330/ZN (XNOR2_X1)                                   0.0694     0.9460 r
  U3931/ZN (XNOR2_X1)                                   0.0727     1.0187 r
  U7574/ZN (XNOR2_X1)                                   0.0770     1.0957 r
  U3198/ZN (INV_X1)                                     0.0289     1.1246 f
  U7575/ZN (AOI21_X1)                                   0.0515     1.1762 r
  U3197/ZN (OR2_X1)                                     0.0384     1.2146 r
  U3548/ZN (XNOR2_X1)                                   0.0586     1.2733 r
  U3547/ZN (XNOR2_X1)                                   0.0640     1.3372 r
  U7623/ZN (XNOR2_X1)                                   0.0627     1.3999 r
  U3726/ZN (AND2_X1)                                    0.0420     1.4419 r
  DP_i_execute_i_boothmul_i_tree_i_register_i_3_Y_temp_reg_31_/D (DFF_X2)
                                                        0.0109     1.4528 r
  data arrival time                                                1.4528

  clock CLK (rise edge)                                 1.1000     1.1000
  clock network delay (ideal)                           0.0500     1.1500
  clock uncertainty                                    -0.0500     1.1000
  DP_i_execute_i_boothmul_i_tree_i_register_i_3_Y_temp_reg_31_/CK (DFF_X2)
                                                        0.0000     1.1000 r
  library setup time                                   -0.0262     1.0738
  data required time                                               1.0738
  --------------------------------------------------------------------------
  data required time                                               1.0738
  data arrival time                                               -1.4528
  --------------------------------------------------------------------------
  slack (VIOLATED)                                                -0.3790


  Startpoint: CP_i_ex_mem_reg_i_WF1_out_reg
              (rising edge-triggered flip-flop clocked by CLK)
  Endpoint: DP_i_execute_i_boothmul_i_tree_i_register_i_0_Y_temp_reg_29_
            (rising edge-triggered flip-flop clocked by CLK)
  Path Group: REG2REG
  Path Type: max

  Des/Clust/Port     Wire Load Model       Library
  ------------------------------------------------
  DLX                5K_hvratio_1_4        NangateOpenCellLibrary

  Point                                                   Incr       Path
  --------------------------------------------------------------------------
  clock CLK (rise edge)                                 0.0000     0.0000
  clock network delay (ideal)                           0.0500     0.0500
  CP_i_ex_mem_reg_i_WF1_out_reg/CK (DFF_X1)             0.0000     0.0500 r
  CP_i_ex_mem_reg_i_WF1_out_reg/Q (DFF_X1)              0.1018     0.1518 r
  U4510/ZN (AND2_X1)                                    0.0458     0.1976 r
  U1063/ZN (AND3_X2)                                    0.0589     0.2565 r
  U1617/ZN (NAND4_X1)                                   0.0494     0.3059 f
  U3747/ZN (AND2_X1)                                    0.0518     0.3578 f
  U987/Z (BUF_X4)                                       0.0608     0.4185 f
  U4594/ZN (NAND2_X1)                                   0.0508     0.4694 r
  U4595/ZN (AND2_X1)                                    0.0493     0.5187 r
  U3641/ZN (NAND2_X1)                                   0.0361     0.5548 f
  U3314/ZN (OR2_X1)                                     0.0628     0.6176 f
  U4791/ZN (OAI211_X1)                                  0.0702     0.6878 r
  U992/Z (BUF_X4)                                       0.0819     0.7697 r
  U4802/ZN (NAND2_X1)                                   0.0527     0.8224 f
  U2212/ZN (AND2_X1)                                    0.0467     0.8691 f
  U1138/ZN (XNOR2_X1)                                   0.0662     0.9353 f
  U3933/ZN (XNOR2_X1)                                   0.0723     1.0076 f
  U4843/S (FA_X1)                                       0.1550     1.1627 r
  U4844/ZN (OAI21_X1)                                   0.0478     1.2104 f
  U3467/CO (FA_X1)                                      0.1205     1.3310 f
  U3206/ZN (OAI21_X1)                                   0.0487     1.3797 r
  U3205/ZN (NAND2_X1)                                   0.0284     1.4080 f
  U3707/ZN (AND2_X1)                                    0.0366     1.4447 f
  DP_i_execute_i_boothmul_i_tree_i_register_i_0_Y_temp_reg_29_/D (DFF_X1)
                                                        0.0104     1.4551 f
  data arrival time                                                1.4551

  clock CLK (rise edge)                                 1.1000     1.1000
  clock network delay (ideal)                           0.0500     1.1500
  clock uncertainty                                    -0.0500     1.1000
  DP_i_execute_i_boothmul_i_tree_i_register_i_0_Y_temp_reg_29_/CK (DFF_X1)
                                                        0.0000     1.1000 r
  library setup time                                   -0.0239     1.0761
  data required time                                               1.0761
  --------------------------------------------------------------------------
  data required time                                               1.0761
  data arrival time                                               -1.4551
  --------------------------------------------------------------------------
  slack (VIOLATED)                                                -0.3790


  Startpoint: CP_i_ex_mem_reg_i_WF1_out_reg
              (rising edge-triggered flip-flop clocked by CLK)
  Endpoint: DP_i_execute_i_boothmul_i_tree_i_register_i_3_Y_temp_reg_31_
            (rising edge-triggered flip-flop clocked by CLK)
  Path Group: REG2REG
  Path Type: max

  Des/Clust/Port     Wire Load Model       Library
  ------------------------------------------------
  DLX                5K_hvratio_1_4        NangateOpenCellLibrary

  Point                                                   Incr       Path
  --------------------------------------------------------------------------
  clock CLK (rise edge)                                 0.0000     0.0000
  clock network delay (ideal)                           0.0500     0.0500
  CP_i_ex_mem_reg_i_WF1_out_reg/CK (DFF_X1)             0.0000     0.0500 r
  CP_i_ex_mem_reg_i_WF1_out_reg/Q (DFF_X1)              0.1018     0.1518 r
  U4510/ZN (AND2_X1)                                    0.0458     0.1976 r
  U1080/ZN (AND3_X1)                                    0.0599     0.2575 r
  U1618/ZN (AND4_X4)                                    0.1001     0.3576 r
  U3476/ZN (NAND2_X1)                                   0.0556     0.4132 f
  U1113/ZN (OR2_X1)                                     0.0650     0.4781 f
  U1606/ZN (OAI211_X1)                                  0.0521     0.5303 r
  U3132/Z (XOR2_X1)                                     0.0983     0.6286 r
  U904/ZN (AND2_X2)                                     0.0671     0.6957 r
  U3345/ZN (INV_X1)                                     0.0375     0.7332 f
  U3913/ZN (INV_X1)                                     0.0565     0.7897 r
  U6326/ZN (NAND2_X1)                                   0.0406     0.8304 f
  U6327/ZN (OAI21_X1)                                   0.0461     0.8765 r
  U6330/ZN (XNOR2_X1)                                   0.0694     0.9459 r
  U3931/ZN (XNOR2_X1)                                   0.0727     1.0186 r
  U7574/ZN (XNOR2_X1)                                   0.0770     1.0956 r
  U3198/ZN (INV_X1)                                     0.0289     1.1245 f
  U7575/ZN (AOI21_X1)                                   0.0515     1.1761 r
  U3197/ZN (OR2_X1)                                     0.0384     1.2145 r
  U3548/ZN (XNOR2_X1)                                   0.0586     1.2731 r
  U3547/ZN (XNOR2_X1)                                   0.0640     1.3371 r
  U7623/ZN (XNOR2_X1)                                   0.0627     1.3998 r
  U3726/ZN (AND2_X1)                                    0.0420     1.4418 r
  DP_i_execute_i_boothmul_i_tree_i_register_i_3_Y_temp_reg_31_/D (DFF_X2)
                                                        0.0109     1.4527 r
  data arrival time                                                1.4527

  clock CLK (rise edge)                                 1.1000     1.1000
  clock network delay (ideal)                           0.0500     1.1500
  clock uncertainty                                    -0.0500     1.1000
  DP_i_execute_i_boothmul_i_tree_i_register_i_3_Y_temp_reg_31_/CK (DFF_X2)
                                                        0.0000     1.1000 r
  library setup time                                   -0.0262     1.0738
  data required time                                               1.0738
  --------------------------------------------------------------------------
  data required time                                               1.0738
  data arrival time                                               -1.4527
  --------------------------------------------------------------------------
  slack (VIOLATED)                                                -0.3789


  Startpoint: DP_i_fetch_i_IR_out_reg_27_
              (rising edge-triggered flip-flop clocked by CLK)
  Endpoint: DP_i_fetch_i_pc_i_Y_reg_0_
            (rising edge-triggered flip-flop clocked by CLK)
  Path Group: REG2REG
  Path Type: max

  Des/Clust/Port     Wire Load Model       Library
  ------------------------------------------------
  DLX                5K_hvratio_1_4        NangateOpenCellLibrary

  Point                                                   Incr       Path
  --------------------------------------------------------------------------
  clock CLK (rise edge)                                 0.0000     0.0000
  clock network delay (ideal)                           0.0500     0.0500
  DP_i_fetch_i_IR_out_reg_27_/CK (DFF_X1)               0.0000     0.0500 r
  DP_i_fetch_i_IR_out_reg_27_/QN (DFF_X1)               0.1012     0.1512 f
  U1565/ZN (OR2_X1)                                     0.0669     0.2181 f
  U4210/ZN (AND3_X1)                                    0.0425     0.2607 f
  U1154/ZN (AOI21_X1)                                   0.0557     0.3163 r
  U4213/ZN (AOI21_X1)                                   0.0344     0.3507 f
  U2916/ZN (OR2_X1)                                     0.0660     0.4167 f
  U4352/Z (BUF_X1)                                      0.0436     0.4603 f
  U3418/ZN (INV_X1)                                     0.0337     0.4939 r
  U4225/ZN (NAND2_X1)                                   0.0273     0.5212 f
  U4226/ZN (AND2_X1)                                    0.0433     0.5645 f
  U4354/Z (MUX2_X1)                                     0.0671     0.6316 r
  U4016/ZN (AND3_X1)                                    0.0496     0.6812 r
  U4357/ZN (NAND4_X1)                                   0.0454     0.7266 f
  U3290/ZN (AND2_X1)                                    0.0471     0.7737 f
  U4375/ZN (OAI211_X1)                                  0.0484     0.8221 r
  U4034/ZN (AND2_X1)                                    0.0509     0.8730 r
  U4376/ZN (NAND2_X1)                                   0.0310     0.9040 f
  U4377/ZN (XNOR2_X1)                                   0.0571     0.9611 r
  U4378/ZN (XNOR2_X1)                                   0.0663     1.0274 r
  U3138/ZN (AND4_X1)                                    0.0654     1.0928 r
  U3140/ZN (NAND3_X1)                                   0.0375     1.1303 f
  U981/ZN (AND2_X2)                                     0.0513     1.1816 f
  U891/ZN (OR3_X2)                                      0.0967     1.2783 f
  U2788/Z (BUF_X1)                                      0.0573     1.3356 f
  U8927/ZN (OR2_X1)                                     0.0680     1.4036 f
  U8928/ZN (NAND4_X1)                                   0.0362     1.4398 r
  DP_i_fetch_i_pc_i_Y_reg_0_/D (DFF_X1)                 0.0110     1.4508 r
  data arrival time                                                1.4508

  clock CLK (rise edge)                                 1.1000     1.1000
  clock network delay (ideal)                           0.0500     1.1500
  clock uncertainty                                    -0.0500     1.1000
  DP_i_fetch_i_pc_i_Y_reg_0_/CK (DFF_X1)                0.0000     1.1000 r
  library setup time                                   -0.0278     1.0722
  data required time                                               1.0722
  --------------------------------------------------------------------------
  data required time                                               1.0722
  data arrival time                                               -1.4508
  --------------------------------------------------------------------------
  slack (VIOLATED)                                                -0.3786


  Startpoint: DP_i_mem_access_i_rd_out_reg_i_Y_reg_3_
              (rising edge-triggered flip-flop clocked by CLK)
  Endpoint: DP_i_execute_i_boothmul_i_tree_i_register_i_2_Y_temp_reg_30_
            (rising edge-triggered flip-flop clocked by CLK)
  Path Group: REG2REG
  Path Type: max

  Des/Clust/Port     Wire Load Model       Library
  ------------------------------------------------
  DLX                5K_hvratio_1_4        NangateOpenCellLibrary

  Point                                                   Incr       Path
  --------------------------------------------------------------------------
  clock CLK (rise edge)                                 0.0000     0.0000
  clock network delay (ideal)                           0.0500     0.0500
  DP_i_mem_access_i_rd_out_reg_i_Y_reg_3_/CK (DFF_X1)   0.0000     0.0500 r
  DP_i_mem_access_i_rd_out_reg_i_Y_reg_3_/QN (DFF_X1)   0.0918     0.1418 r
  U1583/ZN (XNOR2_X1)                                   0.0666     0.2085 r
  U1116/ZN (AND2_X1)                                    0.0466     0.2551 r
  U3114/ZN (AND4_X2)                                    0.0782     0.3333 r
  U1605/ZN (AND2_X2)                                    0.0794     0.4126 r
  U1167/Z (BUF_X1)                                      0.0630     0.4756 r
  U4663/ZN (NAND2_X1)                                   0.0331     0.5087 f
  U1161/ZN (AND2_X2)                                    0.0423     0.5510 f
  U3457/ZN (OAI21_X2)                                   0.0610     0.6120 r
  U1705/ZN (OR2_X1)                                     0.0548     0.6668 r
  U3857/ZN (INV_X1)                                     0.0286     0.6954 f
  U1162/Z (MUX2_X2)                                     0.0798     0.7752 f
  U4887/ZN (NAND2_X1)                                   0.0403     0.8155 r
  U4889/ZN (NAND2_X1)                                   0.0385     0.8540 f
  U1010/S (FA_X1)                                       0.1691     1.0232 r
  U4892/ZN (XNOR2_X1)                                   0.0719     1.0951 r
  U4896/ZN (OAI21_X1)                                   0.0329     1.1279 f
  U2391/ZN (AND2_X1)                                    0.0434     1.1713 f
  U4933/CO (FA_X1)                                      0.1105     1.2818 f
  U7835/ZN (XNOR2_X1)                                   0.0572     1.3390 r
  U7836/ZN (XNOR2_X1)                                   0.0598     1.3988 r
  U8142/ZN (AND2_X1)                                    0.0421     1.4409 r
  DP_i_execute_i_boothmul_i_tree_i_register_i_2_Y_temp_reg_30_/D (DFF_X1)
                                                        0.0110     1.4518 r
  data arrival time                                                1.4518

  clock CLK (rise edge)                                 1.1000     1.1000
  clock network delay (ideal)                           0.0500     1.1500
  clock uncertainty                                    -0.0500     1.1000
  DP_i_execute_i_boothmul_i_tree_i_register_i_2_Y_temp_reg_30_/CK (DFF_X1)
                                                        0.0000     1.1000 r
  library setup time                                   -0.0265     1.0735
  data required time                                               1.0735
  --------------------------------------------------------------------------
  data required time                                               1.0735
  data arrival time                                               -1.4518
  --------------------------------------------------------------------------
  slack (VIOLATED)                                                -0.3783


  Startpoint: DP_i_mem_access_i_rd_out_reg_i_Y_reg_3_
              (rising edge-triggered flip-flop clocked by CLK)
  Endpoint: DP_i_execute_i_boothmul_i_tree_i_register_i_2_Y_temp_reg_30_
            (rising edge-triggered flip-flop clocked by CLK)
  Path Group: REG2REG
  Path Type: max

  Des/Clust/Port     Wire Load Model       Library
  ------------------------------------------------
  DLX                5K_hvratio_1_4        NangateOpenCellLibrary

  Point                                                   Incr       Path
  --------------------------------------------------------------------------
  clock CLK (rise edge)                                 0.0000     0.0000
  clock network delay (ideal)                           0.0500     0.0500
  DP_i_mem_access_i_rd_out_reg_i_Y_reg_3_/CK (DFF_X1)   0.0000     0.0500 r
  DP_i_mem_access_i_rd_out_reg_i_Y_reg_3_/QN (DFF_X1)   0.0918     0.1418 r
  U1583/ZN (XNOR2_X1)                                   0.0666     0.2085 r
  U1116/ZN (AND2_X1)                                    0.0466     0.2551 r
  U3114/ZN (AND4_X2)                                    0.0782     0.3333 r
  U1605/ZN (AND2_X2)                                    0.0794     0.4126 r
  U1167/Z (BUF_X1)                                      0.0630     0.4756 r
  U4663/ZN (NAND2_X1)                                   0.0331     0.5087 f
  U1161/ZN (AND2_X2)                                    0.0423     0.5510 f
  U3457/ZN (OAI21_X2)                                   0.0610     0.6120 r
  U4666/ZN (NAND2_X1)                                   0.0409     0.6529 f
  U975/Z (BUF_X1)                                       0.0420     0.6949 f
  U1179/ZN (NAND2_X2)                                   0.0630     0.7579 r
  U4888/ZN (OR2_X1)                                     0.0576     0.8155 r
  U4889/ZN (NAND2_X1)                                   0.0385     0.8540 f
  U1010/S (FA_X1)                                       0.1691     1.0231 r
  U4892/ZN (XNOR2_X1)                                   0.0719     1.0950 r
  U4896/ZN (OAI21_X1)                                   0.0329     1.1279 f
  U2391/ZN (AND2_X1)                                    0.0434     1.1713 f
  U4933/CO (FA_X1)                                      0.1105     1.2818 f
  U7835/ZN (XNOR2_X1)                                   0.0572     1.3390 r
  U7836/ZN (XNOR2_X1)                                   0.0598     1.3988 r
  U8142/ZN (AND2_X1)                                    0.0421     1.4408 r
  DP_i_execute_i_boothmul_i_tree_i_register_i_2_Y_temp_reg_30_/D (DFF_X1)
                                                        0.0110     1.4518 r
  data arrival time                                                1.4518

  clock CLK (rise edge)                                 1.1000     1.1000
  clock network delay (ideal)                           0.0500     1.1500
  clock uncertainty                                    -0.0500     1.1000
  DP_i_execute_i_boothmul_i_tree_i_register_i_2_Y_temp_reg_30_/CK (DFF_X1)
                                                        0.0000     1.1000 r
  library setup time                                   -0.0265     1.0735
  data required time                                               1.0735
  --------------------------------------------------------------------------
  data required time                                               1.0735
  data arrival time                                               -1.4518
  --------------------------------------------------------------------------
  slack (VIOLATED)                                                -0.3783


  Startpoint: DP_i_decode_i_rs2_addr_i_Y_reg_4_
              (rising edge-triggered flip-flop clocked by CLK)
  Endpoint: DP_i_execute_i_boothmul_i_tree_i_register_i_3_Y_temp_reg_26_
            (rising edge-triggered flip-flop clocked by CLK)
  Path Group: REG2REG
  Path Type: max

  Des/Clust/Port     Wire Load Model       Library
  ------------------------------------------------
  DLX                5K_hvratio_1_4        NangateOpenCellLibrary

  Point                                                   Incr       Path
  --------------------------------------------------------------------------
  clock CLK (rise edge)                                 0.0000     0.0000
  clock network delay (ideal)                           0.0500     0.0500
  DP_i_decode_i_rs2_addr_i_Y_reg_4_/CK (DFF_X1)         0.0000     0.0500 r
  DP_i_decode_i_rs2_addr_i_Y_reg_4_/QN (DFF_X1)         0.0806     0.1306 r
  U3355/ZN (XNOR2_X1)                                   0.0648     0.1954 r
  U1063/ZN (AND3_X2)                                    0.0611     0.2566 r
  U1617/ZN (NAND4_X1)                                   0.0494     0.3060 f
  U3747/ZN (AND2_X1)                                    0.0518     0.3578 f
  U987/Z (BUF_X4)                                       0.0608     0.4186 f
  U4513/ZN (NAND2_X1)                                   0.0609     0.4794 r
  U3142/ZN (AND3_X1)                                    0.0620     0.5415 r
  U1491/Z (MUX2_X1)                                     0.0488     0.5903 r
  U2885/ZN (NAND2_X1)                                   0.0308     0.6211 f
  U4795/ZN (NAND2_X1)                                   0.0456     0.6667 r
  U879/Z (BUF_X4)                                       0.0793     0.7460 r
  U3888/ZN (OR2_X1)                                     0.0568     0.8028 r
  U6160/ZN (NAND2_X1)                                   0.0379     0.8407 f
  U6165/S (FA_X1)                                       0.1607     1.0015 r
  U6166/ZN (XNOR2_X1)                                   0.0743     1.0757 r
  U2985/ZN (AND2_X1)                                    0.0517     1.1274 r
  U6168/ZN (OAI22_X1)                                   0.0416     1.1690 f
  U3578/S (FA_X1)                                       0.1638     1.3327 r
  U7816/ZN (XNOR2_X1)                                   0.0663     1.3990 r
  U3705/ZN (AND2_X1)                                    0.0421     1.4412 r
  DP_i_execute_i_boothmul_i_tree_i_register_i_3_Y_temp_reg_26_/D (DFF_X2)
                                                        0.0109     1.4521 r
  data arrival time                                                1.4521

  clock CLK (rise edge)                                 1.1000     1.1000
  clock network delay (ideal)                           0.0500     1.1500
  clock uncertainty                                    -0.0500     1.1000
  DP_i_execute_i_boothmul_i_tree_i_register_i_3_Y_temp_reg_26_/CK (DFF_X2)
                                                        0.0000     1.1000 r
  library setup time                                   -0.0262     1.0738
  data required time                                               1.0738
  --------------------------------------------------------------------------
  data required time                                               1.0738
  data arrival time                                               -1.4521
  --------------------------------------------------------------------------
  slack (VIOLATED)                                                -0.3782


1
