 
****************************************
Report : timing
        -path full
        -delay max
        -nworst 2
        -group REG2REG
        -max_paths 10
Design : DLX
Version: W-2024.09-SP2
Date   : Tue Sep 29 13:26:55 2026
****************************************

Operating Conditions: typical   Library: NangateOpenCellLibrary
Wire Load Model Mode: top

  Startpoint: DP_i/execute_i_rd_out_reg_i_Y_reg_0_
              (rising edge-triggered flip-flop clocked by CLK)
  Endpoint: DP_i/execute_i_zero_alu_bit_Y_reg
            (rising edge-triggered flip-flop clocked by CLK)
  Path Group: REG2REG
  Path Type: max

  Des/Clust/Port     Wire Load Model       Library
  ------------------------------------------------
  DLX                5K_hvratio_1_4        NangateOpenCellLibrary

  Point                                                   Incr       Path
  --------------------------------------------------------------------------
  clock CLK (rise edge)                                 0.0000     0.0000
  clock network delay (ideal)                           0.0500     0.0500
  DP_i/execute_i_rd_out_reg_i_Y_reg_0_/CK (DFF_X1)      0.0000     0.0500 r
  DP_i/execute_i_rd_out_reg_i_Y_reg_0_/Q (DFF_X1)       0.1025     0.1525 f
  DP_i/rd_ex_mem[0] (DataPath)                          0.0000     0.1525 f
  U833/ZN (AOI22_X1)                                    0.0668     0.2193 r
  U835/ZN (OAI211_X1)                                   0.0465     0.2658 f
  U836/ZN (INV_X1)                                      0.0308     0.2967 r
  U838/ZN (NAND4_X1)                                    0.0418     0.3385 f
  U843/ZN (NOR2_X1)                                     0.0516     0.3900 r
  DP_i/fw_ex_ex_rs2 (DataPath)                          0.0000     0.3900 r
  DP_i/U245/ZN (INV_X1)                                 0.0280     0.4181 f
  DP_i/U202/ZN (AND2_X1)                                0.0505     0.4686 f
  DP_i/U256/Z (BUF_X1)                                  0.0485     0.5171 f
  DP_i/U265/ZN (AOI22_X1)                               0.0493     0.5664 r
  DP_i/U266/ZN (OAI21_X1)                               0.0457     0.6121 f
  DP_i/U41/Z (MUX2_X1)                                  0.0806     0.6927 f
  DP_i/U454/ZN (AOI22_X1)                               0.0696     0.7624 r
  DP_i/U456/ZN (OAI21_X1)                               0.0417     0.8041 f
  DP_i/U457/ZN (INV_X1)                                 0.0320     0.8361 r
  DP_i/U465/ZN (AOI211_X1)                              0.0297     0.8657 f
  DP_i/U466/ZN (NOR2_X1)                                0.0549     0.9206 r
  DP_i/U467/ZN (NAND2_X1)                               0.0362     0.9569 f
  DP_i/U471/ZN (NOR2_X1)                                0.0471     1.0040 r
  DP_i/U86/ZN (NOR2_X1)                                 0.0293     1.0333 f
  DP_i/U476/ZN (AOI22_X1)                               0.0519     1.0852 r
  DP_i/U571/CO (FA_X1)                                  0.0922     1.1774 r
  DP_i/U477/ZN (NAND2_X1)                               0.0403     1.2177 f
  DP_i/U478/ZN (NOR2_X1)                                0.0495     1.2672 r
  DP_i/U480/ZN (XNOR2_X1)                               0.0623     1.3295 r
  DP_i/U486/ZN (XNOR2_X1)                               0.0704     1.3999 r
  DP_i/U489/ZN (AOI21_X1)                               0.0412     1.4411 f
  DP_i/U491/ZN (NOR2_X1)                                0.0478     1.4889 r
  DP_i/U492/ZN (NAND2_X1)                               0.0396     1.5284 f
  DP_i/U493/ZN (NOR2_X1)                                0.0519     1.5803 r
  DP_i/U494/ZN (XNOR2_X1)                               0.0632     1.6435 r
  DP_i/U495/ZN (XNOR2_X1)                               0.0750     1.7185 r
  DP_i/U498/ZN (AOI21_X1)                               0.0397     1.7582 f
  DP_i/U510/ZN (OR2_X1)                                 0.0593     1.8175 f
  DP_i/U518/ZN (OAI21_X1)                               0.0492     1.8667 r
  DP_i/U572/CO (FA_X1)                                  0.0819     1.9486 r
  DP_i/U521/ZN (AND2_X1)                                0.0525     2.0011 r
  DP_i/U523/ZN (NAND2_X1)                               0.0329     2.0340 f
  DP_i/U525/ZN (AOI211_X1)                              0.0976     2.1316 r
  DP_i/U555/ZN (OAI21_X1)                               0.0415     2.1731 f
  DP_i/U556/ZN (OAI21_X1)                               0.0659     2.2390 r
  DP_i/U570/Z (XOR2_X1)                                 0.0451     2.2841 f
  DP_i/U574/ZN (NOR4_X1)                                0.0573     2.3414 r
  DP_i/U575/ZN (AND4_X1)                                0.0734     2.4148 r
  DP_i/U84/ZN (NAND3_X1)                                0.0333     2.4481 f
  DP_i/U611/ZN (NOR4_X1)                                0.0818     2.5300 r
  DP_i/U614/ZN (NAND3_X1)                               0.0510     2.5810 f
  DP_i/U620/ZN (INV_X1)                                 0.0449     2.6258 r
  DP_i/U621/ZN (OAI21_X1)                               0.0366     2.6624 f
  DP_i/U622/ZN (AOI21_X1)                               0.0586     2.7210 r
  DP_i/U626/ZN (OAI211_X1)                              0.0408     2.7618 f
  DP_i/U627/ZN (OAI22_X1)                               0.0607     2.8225 r
  DP_i/U628/ZN (OAI211_X1)                              0.0409     2.8634 f
  DP_i/U711/ZN (AND2_X1)                                0.0455     2.9089 f
  DP_i/U5984/ZN (NAND2_X1)                              0.0298     2.9387 r
  DP_i/U5987/ZN (NAND2_X1)                              0.0263     2.9650 f
  DP_i/execute_i_zero_alu_bit_Y_reg/D (DFF_X1)          0.0104     2.9754 f
  data arrival time                                                2.9754

  clock CLK (rise edge)                                 3.0000     3.0000
  clock network delay (ideal)                           0.0500     3.0500
  clock uncertainty                                    -0.0500     3.0000
  DP_i/execute_i_zero_alu_bit_Y_reg/CK (DFF_X1)         0.0000     3.0000 r
  library setup time                                   -0.0242     2.9758
  data required time                                               2.9758
  --------------------------------------------------------------------------
  data required time                                               2.9758
  data arrival time                                               -2.9754
  --------------------------------------------------------------------------
  slack (MET)                                                      0.0003


  Startpoint: DP_i/execute_i_rd_out_reg_i_Y_reg_0_
              (rising edge-triggered flip-flop clocked by CLK)
  Endpoint: DP_i/execute_i_zero_alu_bit_Y_reg
            (rising edge-triggered flip-flop clocked by CLK)
  Path Group: REG2REG
  Path Type: max

  Des/Clust/Port     Wire Load Model       Library
  ------------------------------------------------
  DLX                5K_hvratio_1_4        NangateOpenCellLibrary

  Point                                                   Incr       Path
  --------------------------------------------------------------------------
  clock CLK (rise edge)                                 0.0000     0.0000
  clock network delay (ideal)                           0.0500     0.0500
  DP_i/execute_i_rd_out_reg_i_Y_reg_0_/CK (DFF_X1)      0.0000     0.0500 r
  DP_i/execute_i_rd_out_reg_i_Y_reg_0_/Q (DFF_X1)       0.1025     0.1525 f
  DP_i/rd_ex_mem[0] (DataPath)                          0.0000     0.1525 f
  U833/ZN (AOI22_X1)                                    0.0668     0.2193 r
  U835/ZN (OAI211_X1)                                   0.0465     0.2658 f
  U836/ZN (INV_X1)                                      0.0308     0.2967 r
  U838/ZN (NAND4_X1)                                    0.0418     0.3385 f
  U843/ZN (NOR2_X1)                                     0.0516     0.3900 r
  DP_i/fw_ex_ex_rs2 (DataPath)                          0.0000     0.3900 r
  DP_i/U245/ZN (INV_X1)                                 0.0280     0.4181 f
  DP_i/U202/ZN (AND2_X1)                                0.0505     0.4686 f
  DP_i/U256/Z (BUF_X1)                                  0.0485     0.5171 f
  DP_i/U265/ZN (AOI22_X1)                               0.0493     0.5664 r
  DP_i/U266/ZN (OAI21_X1)                               0.0457     0.6121 f
  DP_i/U41/Z (MUX2_X1)                                  0.0806     0.6927 f
  DP_i/U454/ZN (AOI22_X1)                               0.0696     0.7624 r
  DP_i/U456/ZN (OAI21_X1)                               0.0417     0.8041 f
  DP_i/U457/ZN (INV_X1)                                 0.0320     0.8361 r
  DP_i/U465/ZN (AOI211_X1)                              0.0297     0.8657 f
  DP_i/U466/ZN (NOR2_X1)                                0.0549     0.9206 r
  DP_i/U467/ZN (NAND2_X1)                               0.0362     0.9569 f
  DP_i/U471/ZN (NOR2_X1)                                0.0471     1.0040 r
  DP_i/U86/ZN (NOR2_X1)                                 0.0293     1.0333 f
  DP_i/U476/ZN (AOI22_X1)                               0.0519     1.0852 r
  DP_i/U571/CO (FA_X1)                                  0.0922     1.1774 r
  DP_i/U477/ZN (NAND2_X1)                               0.0403     1.2177 f
  DP_i/U478/ZN (NOR2_X1)                                0.0495     1.2672 r
  DP_i/U480/ZN (XNOR2_X1)                               0.0623     1.3295 r
  DP_i/U486/ZN (XNOR2_X1)                               0.0704     1.3999 r
  DP_i/U489/ZN (AOI21_X1)                               0.0412     1.4411 f
  DP_i/U491/ZN (NOR2_X1)                                0.0478     1.4889 r
  DP_i/U492/ZN (NAND2_X1)                               0.0396     1.5284 f
  DP_i/U493/ZN (NOR2_X1)                                0.0519     1.5803 r
  DP_i/U494/ZN (XNOR2_X1)                               0.0632     1.6435 r
  DP_i/U495/ZN (XNOR2_X1)                               0.0750     1.7185 r
  DP_i/U498/ZN (AOI21_X1)                               0.0397     1.7582 f
  DP_i/U510/ZN (OR2_X1)                                 0.0593     1.8175 f
  DP_i/U518/ZN (OAI21_X1)                               0.0492     1.8667 r
  DP_i/U572/CO (FA_X1)                                  0.0819     1.9486 r
  DP_i/U521/ZN (AND2_X1)                                0.0525     2.0011 r
  DP_i/U523/ZN (NAND2_X1)                               0.0329     2.0340 f
  DP_i/U525/ZN (AOI211_X1)                              0.0976     2.1316 r
  DP_i/U555/ZN (OAI21_X1)                               0.0415     2.1731 f
  DP_i/U556/ZN (OAI21_X1)                               0.0659     2.2390 r
  DP_i/U570/Z (XOR2_X1)                                 0.0451     2.2841 f
  DP_i/U574/ZN (NOR4_X1)                                0.0573     2.3414 r
  DP_i/U575/ZN (AND4_X1)                                0.0734     2.4148 r
  DP_i/U84/ZN (NAND3_X1)                                0.0333     2.4481 f
  DP_i/U611/ZN (NOR4_X1)                                0.0818     2.5300 r
  DP_i/U614/ZN (NAND3_X1)                               0.0510     2.5810 f
  DP_i/U620/ZN (INV_X1)                                 0.0449     2.6258 r
  DP_i/U621/ZN (OAI21_X1)                               0.0366     2.6624 f
  DP_i/U622/ZN (AOI21_X1)                               0.0586     2.7210 r
  DP_i/U626/ZN (OAI211_X1)                              0.0408     2.7618 f
  DP_i/U627/ZN (OAI22_X1)                               0.0607     2.8225 r
  DP_i/U628/ZN (OAI211_X1)                              0.0409     2.8634 f
  DP_i/U711/ZN (AND2_X1)                                0.0455     2.9089 f
  DP_i/U5984/ZN (NAND2_X1)                              0.0298     2.9387 r
  DP_i/U5987/ZN (NAND2_X1)                              0.0263     2.9650 f
  DP_i/execute_i_zero_alu_bit_Y_reg/D (DFF_X1)          0.0104     2.9754 f
  data arrival time                                                2.9754

  clock CLK (rise edge)                                 3.0000     3.0000
  clock network delay (ideal)                           0.0500     3.0500
  clock uncertainty                                    -0.0500     3.0000
  DP_i/execute_i_zero_alu_bit_Y_reg/CK (DFF_X1)         0.0000     3.0000 r
  library setup time                                   -0.0242     2.9758
  data required time                                               2.9758
  --------------------------------------------------------------------------
  data required time                                               2.9758
  data arrival time                                               -2.9754
  --------------------------------------------------------------------------
  slack (MET)                                                      0.0003


  Startpoint: DP_i/fetch_i_IR_out_reg_27_
              (rising edge-triggered flip-flop clocked by CLK)
  Endpoint: DP_i/fetch_i_IR_out_reg_0_
            (rising edge-triggered flip-flop clocked by CLK)
  Path Group: REG2REG
  Path Type: max

  Des/Clust/Port     Wire Load Model       Library
  ------------------------------------------------
  DLX                5K_hvratio_1_4        NangateOpenCellLibrary

  Point                                                   Incr       Path
  --------------------------------------------------------------------------
  clock CLK (rise edge)                                 0.0000     0.0000
  clock network delay (ideal)                           0.0500     0.0500
  DP_i/fetch_i_IR_out_reg_27_/CK (DFF_X1)               0.0000     0.0500 r
  DP_i/fetch_i_IR_out_reg_27_/Q (DFF_X1)                0.1296     0.1796 r
  DP_i/opcode_1_ (DataPath)                             0.0000     0.1796 r
  U816/ZN (INV_X1)                                      0.0417     0.2213 f
  U844/ZN (NAND3_X1)                                    0.0395     0.2608 r
  U819/ZN (NOR2_X1)                                     0.0341     0.2948 f
  DP_i/RF2 (DataPath)                                   0.0000     0.2948 f
  DP_i/U218/ZN (OR2_X1)                                 0.0753     0.3701 f
  DP_i/U1657/ZN (NOR2_X1)                               0.0729     0.4430 r
  DP_i/U1659/ZN (AOI21_X1)                              0.0408     0.4839 f
  DP_i/U1660/ZN (AOI21_X1)                              0.0740     0.5579 r
  DP_i/U1672/ZN (NAND2_X1)                              0.0316     0.5895 f
  DP_i/U42/ZN (AND2_X1)                                 0.0448     0.6343 f
  DP_i/U1675/S (FA_X1)                                  0.1398     0.7741 r
  DP_i/U1674/ZN (NAND2_X1)                              0.0365     0.8106 f
  DP_i/U1677/ZN (NAND2_X1)                              0.0349     0.8455 r
  DP_i/U3312/CO (FA_X1)                                 0.0729     0.9184 r
  DP_i/U1680/ZN (NAND2_X1)                              0.0320     0.9503 f
  DP_i/U32/ZN (OR2_X1)                                  0.0731     1.0234 f
  DP_i/U1687/ZN (NOR2_X1)                               0.0516     1.0750 r
  DP_i/U1688/ZN (OAI22_X1)                              0.0408     1.1159 f
  DP_i/U1689/ZN (OAI21_X1)                              0.0420     1.1579 r
  DP_i/U1690/ZN (NOR2_X1)                               0.0289     1.1868 f
  DP_i/U217/ZN (OR2_X1)                                 0.0653     1.2521 f
  DP_i/U1777/ZN (NAND2_X1)                              0.0296     1.2816 r
  DP_i/U1779/ZN (AND2_X1)                               0.0434     1.3250 r
  DP_i/U3487/CO (FA_X1)                                 0.0679     1.3929 r
  DP_i/U1928/ZN (AND2_X1)                               0.0441     1.4370 r
  DP_i/U28/ZN (AND2_X1)                                 0.0492     1.4862 r
  DP_i/U1939/ZN (XNOR2_X1)                              0.0711     1.5573 r
  DP_i/U1941/ZN (AOI22_X1)                              0.0464     1.6037 f
  DP_i/U3440/ZN (NAND2_X1)                              0.0467     1.6503 r
  DP_i/U216/ZN (OR2_X1)                                 0.0463     1.6966 r
  DP_i/U3442/ZN (NAND2_X1)                              0.0324     1.7290 f
  DP_i/U3486/CO (FA_X1)                                 0.1034     1.8323 f
  DP_i/U3444/ZN (OAI21_X1)                              0.0625     1.8948 r
  DP_i/U3447/ZN (INV_X1)                                0.0310     1.9258 f
  DP_i/U3449/ZN (NAND2_X1)                              0.0340     1.9598 r
  DP_i/U89/ZN (NOR2_X1)                                 0.0296     1.9894 f
  DP_i/U3450/ZN (AOI21_X1)                              0.0618     2.0512 r
  DP_i/U3452/ZN (NOR2_X1)                               0.0312     2.0823 f
  DP_i/U3453/ZN (AND2_X1)                               0.0503     2.1327 f
  DP_i/U3521/ZN (AOI22_X1)                              0.0588     2.1915 r
  DP_i/U3522/ZN (XNOR2_X1)                              0.0744     2.2659 r
  DP_i/U3527/ZN (OAI21_X1)                              0.0408     2.3067 f
  DP_i/U3528/ZN (NOR3_X1)                               0.0676     2.3743 r
  DP_i/U3529/ZN (NAND2_X1)                              0.0325     2.4068 f
  DP_i/U3530/ZN (AOI211_X1)                             0.0787     2.4855 r
  DP_i/U3539/ZN (NAND2_X1)                              0.0333     2.5188 f
  DP_i/U3541/ZN (AOI22_X1)                              0.0584     2.5772 r
  DP_i/U3542/ZN (AOI21_X1)                              0.0466     2.6237 f
  DP_i/U3543/Z (BUF_X1)                                 0.0511     2.6748 f
  DP_i/U23/ZN (OR3_X1)                                  0.1082     2.7831 f
  DP_i/U5985/ZN (INV_X2)                                0.1069     2.8899 r
  DP_i/U4577/ZN (AND2_X1)                               0.0714     2.9614 r
  DP_i/fetch_i_IR_out_reg_0_/D (DFF_X1)                 0.0110     2.9723 r
  data arrival time                                                2.9723

  clock CLK (rise edge)                                 3.0000     3.0000
  clock network delay (ideal)                           0.0500     3.0500
  clock uncertainty                                    -0.0500     3.0000
  DP_i/fetch_i_IR_out_reg_0_/CK (DFF_X1)                0.0000     3.0000 r
  library setup time                                   -0.0268     2.9732
  data required time                                               2.9732
  --------------------------------------------------------------------------
  data required time                                               2.9732
  data arrival time                                               -2.9723
  --------------------------------------------------------------------------
  slack (MET)                                                      0.0009


  Startpoint: DP_i/fetch_i_IR_out_reg_27_
              (rising edge-triggered flip-flop clocked by CLK)
  Endpoint: DP_i/fetch_i_IR_out_reg_1_
            (rising edge-triggered flip-flop clocked by CLK)
  Path Group: REG2REG
  Path Type: max

  Des/Clust/Port     Wire Load Model       Library
  ------------------------------------------------
  DLX                5K_hvratio_1_4        NangateOpenCellLibrary

  Point                                                   Incr       Path
  --------------------------------------------------------------------------
  clock CLK (rise edge)                                 0.0000     0.0000
  clock network delay (ideal)                           0.0500     0.0500
  DP_i/fetch_i_IR_out_reg_27_/CK (DFF_X1)               0.0000     0.0500 r
  DP_i/fetch_i_IR_out_reg_27_/Q (DFF_X1)                0.1296     0.1796 r
  DP_i/opcode_1_ (DataPath)                             0.0000     0.1796 r
  U816/ZN (INV_X1)                                      0.0417     0.2213 f
  U844/ZN (NAND3_X1)                                    0.0395     0.2608 r
  U819/ZN (NOR2_X1)                                     0.0341     0.2948 f
  DP_i/RF2 (DataPath)                                   0.0000     0.2948 f
  DP_i/U218/ZN (OR2_X1)                                 0.0753     0.3701 f
  DP_i/U1657/ZN (NOR2_X1)                               0.0729     0.4430 r
  DP_i/U1659/ZN (AOI21_X1)                              0.0408     0.4839 f
  DP_i/U1660/ZN (AOI21_X1)                              0.0740     0.5579 r
  DP_i/U1672/ZN (NAND2_X1)                              0.0316     0.5895 f
  DP_i/U42/ZN (AND2_X1)                                 0.0448     0.6343 f
  DP_i/U1675/S (FA_X1)                                  0.1398     0.7741 r
  DP_i/U1674/ZN (NAND2_X1)                              0.0365     0.8106 f
  DP_i/U1677/ZN (NAND2_X1)                              0.0349     0.8455 r
  DP_i/U3312/CO (FA_X1)                                 0.0729     0.9184 r
  DP_i/U1680/ZN (NAND2_X1)                              0.0320     0.9503 f
  DP_i/U32/ZN (OR2_X1)                                  0.0731     1.0234 f
  DP_i/U1687/ZN (NOR2_X1)                               0.0516     1.0750 r
  DP_i/U1688/ZN (OAI22_X1)                              0.0408     1.1159 f
  DP_i/U1689/ZN (OAI21_X1)                              0.0420     1.1579 r
  DP_i/U1690/ZN (NOR2_X1)                               0.0289     1.1868 f
  DP_i/U217/ZN (OR2_X1)                                 0.0653     1.2521 f
  DP_i/U1777/ZN (NAND2_X1)                              0.0296     1.2816 r
  DP_i/U1779/ZN (AND2_X1)                               0.0434     1.3250 r
  DP_i/U3487/CO (FA_X1)                                 0.0679     1.3929 r
  DP_i/U1928/ZN (AND2_X1)                               0.0441     1.4370 r
  DP_i/U28/ZN (AND2_X1)                                 0.0492     1.4862 r
  DP_i/U1939/ZN (XNOR2_X1)                              0.0711     1.5573 r
  DP_i/U1941/ZN (AOI22_X1)                              0.0464     1.6037 f
  DP_i/U3440/ZN (NAND2_X1)                              0.0467     1.6503 r
  DP_i/U216/ZN (OR2_X1)                                 0.0463     1.6966 r
  DP_i/U3442/ZN (NAND2_X1)                              0.0324     1.7290 f
  DP_i/U3486/CO (FA_X1)                                 0.1034     1.8323 f
  DP_i/U3444/ZN (OAI21_X1)                              0.0625     1.8948 r
  DP_i/U3447/ZN (INV_X1)                                0.0310     1.9258 f
  DP_i/U3449/ZN (NAND2_X1)                              0.0340     1.9598 r
  DP_i/U89/ZN (NOR2_X1)                                 0.0296     1.9894 f
  DP_i/U3450/ZN (AOI21_X1)                              0.0618     2.0512 r
  DP_i/U3452/ZN (NOR2_X1)                               0.0312     2.0823 f
  DP_i/U3453/ZN (AND2_X1)                               0.0503     2.1327 f
  DP_i/U3521/ZN (AOI22_X1)                              0.0588     2.1915 r
  DP_i/U3522/ZN (XNOR2_X1)                              0.0744     2.2659 r
  DP_i/U3527/ZN (OAI21_X1)                              0.0408     2.3067 f
  DP_i/U3528/ZN (NOR3_X1)                               0.0676     2.3743 r
  DP_i/U3529/ZN (NAND2_X1)                              0.0325     2.4068 f
  DP_i/U3530/ZN (AOI211_X1)                             0.0787     2.4855 r
  DP_i/U3539/ZN (NAND2_X1)                              0.0333     2.5188 f
  DP_i/U3541/ZN (AOI22_X1)                              0.0584     2.5772 r
  DP_i/U3542/ZN (AOI21_X1)                              0.0466     2.6237 f
  DP_i/U3543/Z (BUF_X1)                                 0.0511     2.6748 f
  DP_i/U23/ZN (OR3_X1)                                  0.1082     2.7831 f
  DP_i/U5985/ZN (INV_X2)                                0.1069     2.8899 r
  DP_i/U4576/ZN (AND2_X1)                               0.0714     2.9614 r
  DP_i/fetch_i_IR_out_reg_1_/D (DFF_X1)                 0.0110     2.9723 r
  data arrival time                                                2.9723

  clock CLK (rise edge)                                 3.0000     3.0000
  clock network delay (ideal)                           0.0500     3.0500
  clock uncertainty                                    -0.0500     3.0000
  DP_i/fetch_i_IR_out_reg_1_/CK (DFF_X1)                0.0000     3.0000 r
  library setup time                                   -0.0268     2.9732
  data required time                                               2.9732
  --------------------------------------------------------------------------
  data required time                                               2.9732
  data arrival time                                               -2.9723
  --------------------------------------------------------------------------
  slack (MET)                                                      0.0009


  Startpoint: DP_i/fetch_i_IR_out_reg_27_
              (rising edge-triggered flip-flop clocked by CLK)
  Endpoint: DP_i/fetch_i_IR_out_reg_2_
            (rising edge-triggered flip-flop clocked by CLK)
  Path Group: REG2REG
  Path Type: max

  Des/Clust/Port     Wire Load Model       Library
  ------------------------------------------------
  DLX                5K_hvratio_1_4        NangateOpenCellLibrary

  Point                                                   Incr       Path
  --------------------------------------------------------------------------
  clock CLK (rise edge)                                 0.0000     0.0000
  clock network delay (ideal)                           0.0500     0.0500
  DP_i/fetch_i_IR_out_reg_27_/CK (DFF_X1)               0.0000     0.0500 r
  DP_i/fetch_i_IR_out_reg_27_/Q (DFF_X1)                0.1296     0.1796 r
  DP_i/opcode_1_ (DataPath)                             0.0000     0.1796 r
  U816/ZN (INV_X1)                                      0.0417     0.2213 f
  U844/ZN (NAND3_X1)                                    0.0395     0.2608 r
  U819/ZN (NOR2_X1)                                     0.0341     0.2948 f
  DP_i/RF2 (DataPath)                                   0.0000     0.2948 f
  DP_i/U218/ZN (OR2_X1)                                 0.0753     0.3701 f
  DP_i/U1657/ZN (NOR2_X1)                               0.0729     0.4430 r
  DP_i/U1659/ZN (AOI21_X1)                              0.0408     0.4839 f
  DP_i/U1660/ZN (AOI21_X1)                              0.0740     0.5579 r
  DP_i/U1672/ZN (NAND2_X1)                              0.0316     0.5895 f
  DP_i/U42/ZN (AND2_X1)                                 0.0448     0.6343 f
  DP_i/U1675/S (FA_X1)                                  0.1398     0.7741 r
  DP_i/U1674/ZN (NAND2_X1)                              0.0365     0.8106 f
  DP_i/U1677/ZN (NAND2_X1)                              0.0349     0.8455 r
  DP_i/U3312/CO (FA_X1)                                 0.0729     0.9184 r
  DP_i/U1680/ZN (NAND2_X1)                              0.0320     0.9503 f
  DP_i/U32/ZN (OR2_X1)                                  0.0731     1.0234 f
  DP_i/U1687/ZN (NOR2_X1)                               0.0516     1.0750 r
  DP_i/U1688/ZN (OAI22_X1)                              0.0408     1.1159 f
  DP_i/U1689/ZN (OAI21_X1)                              0.0420     1.1579 r
  DP_i/U1690/ZN (NOR2_X1)                               0.0289     1.1868 f
  DP_i/U217/ZN (OR2_X1)                                 0.0653     1.2521 f
  DP_i/U1777/ZN (NAND2_X1)                              0.0296     1.2816 r
  DP_i/U1779/ZN (AND2_X1)                               0.0434     1.3250 r
  DP_i/U3487/CO (FA_X1)                                 0.0679     1.3929 r
  DP_i/U1928/ZN (AND2_X1)                               0.0441     1.4370 r
  DP_i/U28/ZN (AND2_X1)                                 0.0492     1.4862 r
  DP_i/U1939/ZN (XNOR2_X1)                              0.0711     1.5573 r
  DP_i/U1941/ZN (AOI22_X1)                              0.0464     1.6037 f
  DP_i/U3440/ZN (NAND2_X1)                              0.0467     1.6503 r
  DP_i/U216/ZN (OR2_X1)                                 0.0463     1.6966 r
  DP_i/U3442/ZN (NAND2_X1)                              0.0324     1.7290 f
  DP_i/U3486/CO (FA_X1)                                 0.1034     1.8323 f
  DP_i/U3444/ZN (OAI21_X1)                              0.0625     1.8948 r
  DP_i/U3447/ZN (INV_X1)                                0.0310     1.9258 f
  DP_i/U3449/ZN (NAND2_X1)                              0.0340     1.9598 r
  DP_i/U89/ZN (NOR2_X1)                                 0.0296     1.9894 f
  DP_i/U3450/ZN (AOI21_X1)                              0.0618     2.0512 r
  DP_i/U3452/ZN (NOR2_X1)                               0.0312     2.0823 f
  DP_i/U3453/ZN (AND2_X1)                               0.0503     2.1327 f
  DP_i/U3521/ZN (AOI22_X1)                              0.0588     2.1915 r
  DP_i/U3522/ZN (XNOR2_X1)                              0.0744     2.2659 r
  DP_i/U3527/ZN (OAI21_X1)                              0.0408     2.3067 f
  DP_i/U3528/ZN (NOR3_X1)                               0.0676     2.3743 r
  DP_i/U3529/ZN (NAND2_X1)                              0.0325     2.4068 f
  DP_i/U3530/ZN (AOI211_X1)                             0.0787     2.4855 r
  DP_i/U3539/ZN (NAND2_X1)                              0.0333     2.5188 f
  DP_i/U3541/ZN (AOI22_X1)                              0.0584     2.5772 r
  DP_i/U3542/ZN (AOI21_X1)                              0.0466     2.6237 f
  DP_i/U3543/Z (BUF_X1)                                 0.0511     2.6748 f
  DP_i/U23/ZN (OR3_X1)                                  0.1082     2.7831 f
  DP_i/U5985/ZN (INV_X2)                                0.1069     2.8899 r
  DP_i/U4575/ZN (AND2_X1)                               0.0714     2.9614 r
  DP_i/fetch_i_IR_out_reg_2_/D (DFF_X1)                 0.0110     2.9723 r
  data arrival time                                                2.9723

  clock CLK (rise edge)                                 3.0000     3.0000
  clock network delay (ideal)                           0.0500     3.0500
  clock uncertainty                                    -0.0500     3.0000
  DP_i/fetch_i_IR_out_reg_2_/CK (DFF_X1)                0.0000     3.0000 r
  library setup time                                   -0.0268     2.9732
  data required time                                               2.9732
  --------------------------------------------------------------------------
  data required time                                               2.9732
  data arrival time                                               -2.9723
  --------------------------------------------------------------------------
  slack (MET)                                                      0.0009


  Startpoint: DP_i/fetch_i_IR_out_reg_27_
              (rising edge-triggered flip-flop clocked by CLK)
  Endpoint: DP_i/fetch_i_IR_out_reg_3_
            (rising edge-triggered flip-flop clocked by CLK)
  Path Group: REG2REG
  Path Type: max

  Des/Clust/Port     Wire Load Model       Library
  ------------------------------------------------
  DLX                5K_hvratio_1_4        NangateOpenCellLibrary

  Point                                                   Incr       Path
  --------------------------------------------------------------------------
  clock CLK (rise edge)                                 0.0000     0.0000
  clock network delay (ideal)                           0.0500     0.0500
  DP_i/fetch_i_IR_out_reg_27_/CK (DFF_X1)               0.0000     0.0500 r
  DP_i/fetch_i_IR_out_reg_27_/Q (DFF_X1)                0.1296     0.1796 r
  DP_i/opcode_1_ (DataPath)                             0.0000     0.1796 r
  U816/ZN (INV_X1)                                      0.0417     0.2213 f
  U844/ZN (NAND3_X1)                                    0.0395     0.2608 r
  U819/ZN (NOR2_X1)                                     0.0341     0.2948 f
  DP_i/RF2 (DataPath)                                   0.0000     0.2948 f
  DP_i/U218/ZN (OR2_X1)                                 0.0753     0.3701 f
  DP_i/U1657/ZN (NOR2_X1)                               0.0729     0.4430 r
  DP_i/U1659/ZN (AOI21_X1)                              0.0408     0.4839 f
  DP_i/U1660/ZN (AOI21_X1)                              0.0740     0.5579 r
  DP_i/U1672/ZN (NAND2_X1)                              0.0316     0.5895 f
  DP_i/U42/ZN (AND2_X1)                                 0.0448     0.6343 f
  DP_i/U1675/S (FA_X1)                                  0.1398     0.7741 r
  DP_i/U1674/ZN (NAND2_X1)                              0.0365     0.8106 f
  DP_i/U1677/ZN (NAND2_X1)                              0.0349     0.8455 r
  DP_i/U3312/CO (FA_X1)                                 0.0729     0.9184 r
  DP_i/U1680/ZN (NAND2_X1)                              0.0320     0.9503 f
  DP_i/U32/ZN (OR2_X1)                                  0.0731     1.0234 f
  DP_i/U1687/ZN (NOR2_X1)                               0.0516     1.0750 r
  DP_i/U1688/ZN (OAI22_X1)                              0.0408     1.1159 f
  DP_i/U1689/ZN (OAI21_X1)                              0.0420     1.1579 r
  DP_i/U1690/ZN (NOR2_X1)                               0.0289     1.1868 f
  DP_i/U217/ZN (OR2_X1)                                 0.0653     1.2521 f
  DP_i/U1777/ZN (NAND2_X1)                              0.0296     1.2816 r
  DP_i/U1779/ZN (AND2_X1)                               0.0434     1.3250 r
  DP_i/U3487/CO (FA_X1)                                 0.0679     1.3929 r
  DP_i/U1928/ZN (AND2_X1)                               0.0441     1.4370 r
  DP_i/U28/ZN (AND2_X1)                                 0.0492     1.4862 r
  DP_i/U1939/ZN (XNOR2_X1)                              0.0711     1.5573 r
  DP_i/U1941/ZN (AOI22_X1)                              0.0464     1.6037 f
  DP_i/U3440/ZN (NAND2_X1)                              0.0467     1.6503 r
  DP_i/U216/ZN (OR2_X1)                                 0.0463     1.6966 r
  DP_i/U3442/ZN (NAND2_X1)                              0.0324     1.7290 f
  DP_i/U3486/CO (FA_X1)                                 0.1034     1.8323 f
  DP_i/U3444/ZN (OAI21_X1)                              0.0625     1.8948 r
  DP_i/U3447/ZN (INV_X1)                                0.0310     1.9258 f
  DP_i/U3449/ZN (NAND2_X1)                              0.0340     1.9598 r
  DP_i/U89/ZN (NOR2_X1)                                 0.0296     1.9894 f
  DP_i/U3450/ZN (AOI21_X1)                              0.0618     2.0512 r
  DP_i/U3452/ZN (NOR2_X1)                               0.0312     2.0823 f
  DP_i/U3453/ZN (AND2_X1)                               0.0503     2.1327 f
  DP_i/U3521/ZN (AOI22_X1)                              0.0588     2.1915 r
  DP_i/U3522/ZN (XNOR2_X1)                              0.0744     2.2659 r
  DP_i/U3527/ZN (OAI21_X1)                              0.0408     2.3067 f
  DP_i/U3528/ZN (NOR3_X1)                               0.0676     2.3743 r
  DP_i/U3529/ZN (NAND2_X1)                              0.0325     2.4068 f
  DP_i/U3530/ZN (AOI211_X1)                             0.0787     2.4855 r
  DP_i/U3539/ZN (NAND2_X1)                              0.0333     2.5188 f
  DP_i/U3541/ZN (AOI22_X1)                              0.0584     2.5772 r
  DP_i/U3542/ZN (AOI21_X1)                              0.0466     2.6237 f
  DP_i/U3543/Z (BUF_X1)                                 0.0511     2.6748 f
  DP_i/U23/ZN (OR3_X1)                                  0.1082     2.7831 f
  DP_i/U5985/ZN (INV_X2)                                0.1069     2.8899 r
  DP_i/U4574/ZN (AND2_X1)                               0.0714     2.9614 r
  DP_i/fetch_i_IR_out_reg_3_/D (DFF_X1)                 0.0110     2.9723 r
  data arrival time                                                2.9723

  clock CLK (rise edge)                                 3.0000     3.0000
  clock network delay (ideal)                           0.0500     3.0500
  clock uncertainty                                    -0.0500     3.0000
  DP_i/fetch_i_IR_out_reg_3_/CK (DFF_X1)                0.0000     3.0000 r
  library setup time                                   -0.0268     2.9732
  data required time                                               2.9732
  --------------------------------------------------------------------------
  data required time                                               2.9732
  data arrival time                                               -2.9723
  --------------------------------------------------------------------------
  slack (MET)                                                      0.0009


  Startpoint: DP_i/fetch_i_IR_out_reg_27_
              (rising edge-triggered flip-flop clocked by CLK)
  Endpoint: DP_i/fetch_i_IR_out_reg_4_
            (rising edge-triggered flip-flop clocked by CLK)
  Path Group: REG2REG
  Path Type: max

  Des/Clust/Port     Wire Load Model       Library
  ------------------------------------------------
  DLX                5K_hvratio_1_4        NangateOpenCellLibrary

  Point                                                   Incr       Path
  --------------------------------------------------------------------------
  clock CLK (rise edge)                                 0.0000     0.0000
  clock network delay (ideal)                           0.0500     0.0500
  DP_i/fetch_i_IR_out_reg_27_/CK (DFF_X1)               0.0000     0.0500 r
  DP_i/fetch_i_IR_out_reg_27_/Q (DFF_X1)                0.1296     0.1796 r
  DP_i/opcode_1_ (DataPath)                             0.0000     0.1796 r
  U816/ZN (INV_X1)                                      0.0417     0.2213 f
  U844/ZN (NAND3_X1)                                    0.0395     0.2608 r
  U819/ZN (NOR2_X1)                                     0.0341     0.2948 f
  DP_i/RF2 (DataPath)                                   0.0000     0.2948 f
  DP_i/U218/ZN (OR2_X1)                                 0.0753     0.3701 f
  DP_i/U1657/ZN (NOR2_X1)                               0.0729     0.4430 r
  DP_i/U1659/ZN (AOI21_X1)                              0.0408     0.4839 f
  DP_i/U1660/ZN (AOI21_X1)                              0.0740     0.5579 r
  DP_i/U1672/ZN (NAND2_X1)                              0.0316     0.5895 f
  DP_i/U42/ZN (AND2_X1)                                 0.0448     0.6343 f
  DP_i/U1675/S (FA_X1)                                  0.1398     0.7741 r
  DP_i/U1674/ZN (NAND2_X1)                              0.0365     0.8106 f
  DP_i/U1677/ZN (NAND2_X1)                              0.0349     0.8455 r
  DP_i/U3312/CO (FA_X1)                                 0.0729     0.9184 r
  DP_i/U1680/ZN (NAND2_X1)                              0.0320     0.9503 f
  DP_i/U32/ZN (OR2_X1)                                  0.0731     1.0234 f
  DP_i/U1687/ZN (NOR2_X1)                               0.0516     1.0750 r
  DP_i/U1688/ZN (OAI22_X1)                              0.0408     1.1159 f
  DP_i/U1689/ZN (OAI21_X1)                              0.0420     1.1579 r
  DP_i/U1690/ZN (NOR2_X1)                               0.0289     1.1868 f
  DP_i/U217/ZN (OR2_X1)                                 0.0653     1.2521 f
  DP_i/U1777/ZN (NAND2_X1)                              0.0296     1.2816 r
  DP_i/U1779/ZN (AND2_X1)                               0.0434     1.3250 r
  DP_i/U3487/CO (FA_X1)                                 0.0679     1.3929 r
  DP_i/U1928/ZN (AND2_X1)                               0.0441     1.4370 r
  DP_i/U28/ZN (AND2_X1)                                 0.0492     1.4862 r
  DP_i/U1939/ZN (XNOR2_X1)                              0.0711     1.5573 r
  DP_i/U1941/ZN (AOI22_X1)                              0.0464     1.6037 f
  DP_i/U3440/ZN (NAND2_X1)                              0.0467     1.6503 r
  DP_i/U216/ZN (OR2_X1)                                 0.0463     1.6966 r
  DP_i/U3442/ZN (NAND2_X1)                              0.0324     1.7290 f
  DP_i/U3486/CO (FA_X1)                                 0.1034     1.8323 f
  DP_i/U3444/ZN (OAI21_X1)                              0.0625     1.8948 r
  DP_i/U3447/ZN (INV_X1)                                0.0310     1.9258 f
  DP_i/U3449/ZN (NAND2_X1)                              0.0340     1.9598 r
  DP_i/U89/ZN (NOR2_X1)                                 0.0296     1.9894 f
  DP_i/U3450/ZN (AOI21_X1)                              0.0618     2.0512 r
  DP_i/U3452/ZN (NOR2_X1)                               0.0312     2.0823 f
  DP_i/U3453/ZN (AND2_X1)                               0.0503     2.1327 f
  DP_i/U3521/ZN (AOI22_X1)                              0.0588     2.1915 r
  DP_i/U3522/ZN (XNOR2_X1)                              0.0744     2.2659 r
  DP_i/U3527/ZN (OAI21_X1)                              0.0408     2.3067 f
  DP_i/U3528/ZN (NOR3_X1)                               0.0676     2.3743 r
  DP_i/U3529/ZN (NAND2_X1)                              0.0325     2.4068 f
  DP_i/U3530/ZN (AOI211_X1)                             0.0787     2.4855 r
  DP_i/U3539/ZN (NAND2_X1)                              0.0333     2.5188 f
  DP_i/U3541/ZN (AOI22_X1)                              0.0584     2.5772 r
  DP_i/U3542/ZN (AOI21_X1)                              0.0466     2.6237 f
  DP_i/U3543/Z (BUF_X1)                                 0.0511     2.6748 f
  DP_i/U23/ZN (OR3_X1)                                  0.1082     2.7831 f
  DP_i/U5985/ZN (INV_X2)                                0.1069     2.8899 r
  DP_i/U4573/ZN (AND2_X1)                               0.0714     2.9614 r
  DP_i/fetch_i_IR_out_reg_4_/D (DFF_X1)                 0.0110     2.9723 r
  data arrival time                                                2.9723

  clock CLK (rise edge)                                 3.0000     3.0000
  clock network delay (ideal)                           0.0500     3.0500
  clock uncertainty                                    -0.0500     3.0000
  DP_i/fetch_i_IR_out_reg_4_/CK (DFF_X1)                0.0000     3.0000 r
  library setup time                                   -0.0268     2.9732
  data required time                                               2.9732
  --------------------------------------------------------------------------
  data required time                                               2.9732
  data arrival time                                               -2.9723
  --------------------------------------------------------------------------
  slack (MET)                                                      0.0009


  Startpoint: DP_i/fetch_i_IR_out_reg_27_
              (rising edge-triggered flip-flop clocked by CLK)
  Endpoint: DP_i/fetch_i_IR_out_reg_5_
            (rising edge-triggered flip-flop clocked by CLK)
  Path Group: REG2REG
  Path Type: max

  Des/Clust/Port     Wire Load Model       Library
  ------------------------------------------------
  DLX                5K_hvratio_1_4        NangateOpenCellLibrary

  Point                                                   Incr       Path
  --------------------------------------------------------------------------
  clock CLK (rise edge)                                 0.0000     0.0000
  clock network delay (ideal)                           0.0500     0.0500
  DP_i/fetch_i_IR_out_reg_27_/CK (DFF_X1)               0.0000     0.0500 r
  DP_i/fetch_i_IR_out_reg_27_/Q (DFF_X1)                0.1296     0.1796 r
  DP_i/opcode_1_ (DataPath)                             0.0000     0.1796 r
  U816/ZN (INV_X1)                                      0.0417     0.2213 f
  U844/ZN (NAND3_X1)                                    0.0395     0.2608 r
  U819/ZN (NOR2_X1)                                     0.0341     0.2948 f
  DP_i/RF2 (DataPath)                                   0.0000     0.2948 f
  DP_i/U218/ZN (OR2_X1)                                 0.0753     0.3701 f
  DP_i/U1657/ZN (NOR2_X1)                               0.0729     0.4430 r
  DP_i/U1659/ZN (AOI21_X1)                              0.0408     0.4839 f
  DP_i/U1660/ZN (AOI21_X1)                              0.0740     0.5579 r
  DP_i/U1672/ZN (NAND2_X1)                              0.0316     0.5895 f
  DP_i/U42/ZN (AND2_X1)                                 0.0448     0.6343 f
  DP_i/U1675/S (FA_X1)                                  0.1398     0.7741 r
  DP_i/U1674/ZN (NAND2_X1)                              0.0365     0.8106 f
  DP_i/U1677/ZN (NAND2_X1)                              0.0349     0.8455 r
  DP_i/U3312/CO (FA_X1)                                 0.0729     0.9184 r
  DP_i/U1680/ZN (NAND2_X1)                              0.0320     0.9503 f
  DP_i/U32/ZN (OR2_X1)                                  0.0731     1.0234 f
  DP_i/U1687/ZN (NOR2_X1)                               0.0516     1.0750 r
  DP_i/U1688/ZN (OAI22_X1)                              0.0408     1.1159 f
  DP_i/U1689/ZN (OAI21_X1)                              0.0420     1.1579 r
  DP_i/U1690/ZN (NOR2_X1)                               0.0289     1.1868 f
  DP_i/U217/ZN (OR2_X1)                                 0.0653     1.2521 f
  DP_i/U1777/ZN (NAND2_X1)                              0.0296     1.2816 r
  DP_i/U1779/ZN (AND2_X1)                               0.0434     1.3250 r
  DP_i/U3487/CO (FA_X1)                                 0.0679     1.3929 r
  DP_i/U1928/ZN (AND2_X1)                               0.0441     1.4370 r
  DP_i/U28/ZN (AND2_X1)                                 0.0492     1.4862 r
  DP_i/U1939/ZN (XNOR2_X1)                              0.0711     1.5573 r
  DP_i/U1941/ZN (AOI22_X1)                              0.0464     1.6037 f
  DP_i/U3440/ZN (NAND2_X1)                              0.0467     1.6503 r
  DP_i/U216/ZN (OR2_X1)                                 0.0463     1.6966 r
  DP_i/U3442/ZN (NAND2_X1)                              0.0324     1.7290 f
  DP_i/U3486/CO (FA_X1)                                 0.1034     1.8323 f
  DP_i/U3444/ZN (OAI21_X1)                              0.0625     1.8948 r
  DP_i/U3447/ZN (INV_X1)                                0.0310     1.9258 f
  DP_i/U3449/ZN (NAND2_X1)                              0.0340     1.9598 r
  DP_i/U89/ZN (NOR2_X1)                                 0.0296     1.9894 f
  DP_i/U3450/ZN (AOI21_X1)                              0.0618     2.0512 r
  DP_i/U3452/ZN (NOR2_X1)                               0.0312     2.0823 f
  DP_i/U3453/ZN (AND2_X1)                               0.0503     2.1327 f
  DP_i/U3521/ZN (AOI22_X1)                              0.0588     2.1915 r
  DP_i/U3522/ZN (XNOR2_X1)                              0.0744     2.2659 r
  DP_i/U3527/ZN (OAI21_X1)                              0.0408     2.3067 f
  DP_i/U3528/ZN (NOR3_X1)                               0.0676     2.3743 r
  DP_i/U3529/ZN (NAND2_X1)                              0.0325     2.4068 f
  DP_i/U3530/ZN (AOI211_X1)                             0.0787     2.4855 r
  DP_i/U3539/ZN (NAND2_X1)                              0.0333     2.5188 f
  DP_i/U3541/ZN (AOI22_X1)                              0.0584     2.5772 r
  DP_i/U3542/ZN (AOI21_X1)                              0.0466     2.6237 f
  DP_i/U3543/Z (BUF_X1)                                 0.0511     2.6748 f
  DP_i/U23/ZN (OR3_X1)                                  0.1082     2.7831 f
  DP_i/U5985/ZN (INV_X2)                                0.1069     2.8899 r
  DP_i/U4572/ZN (AND2_X1)                               0.0714     2.9614 r
  DP_i/fetch_i_IR_out_reg_5_/D (DFF_X1)                 0.0110     2.9723 r
  data arrival time                                                2.9723

  clock CLK (rise edge)                                 3.0000     3.0000
  clock network delay (ideal)                           0.0500     3.0500
  clock uncertainty                                    -0.0500     3.0000
  DP_i/fetch_i_IR_out_reg_5_/CK (DFF_X1)                0.0000     3.0000 r
  library setup time                                   -0.0268     2.9732
  data required time                                               2.9732
  --------------------------------------------------------------------------
  data required time                                               2.9732
  data arrival time                                               -2.9723
  --------------------------------------------------------------------------
  slack (MET)                                                      0.0009


  Startpoint: DP_i/fetch_i_IR_out_reg_27_
              (rising edge-triggered flip-flop clocked by CLK)
  Endpoint: DP_i/fetch_i_IR_out_reg_6_
            (rising edge-triggered flip-flop clocked by CLK)
  Path Group: REG2REG
  Path Type: max

  Des/Clust/Port     Wire Load Model       Library
  ------------------------------------------------
  DLX                5K_hvratio_1_4        NangateOpenCellLibrary

  Point                                                   Incr       Path
  --------------------------------------------------------------------------
  clock CLK (rise edge)                                 0.0000     0.0000
  clock network delay (ideal)                           0.0500     0.0500
  DP_i/fetch_i_IR_out_reg_27_/CK (DFF_X1)               0.0000     0.0500 r
  DP_i/fetch_i_IR_out_reg_27_/Q (DFF_X1)                0.1296     0.1796 r
  DP_i/opcode_1_ (DataPath)                             0.0000     0.1796 r
  U816/ZN (INV_X1)                                      0.0417     0.2213 f
  U844/ZN (NAND3_X1)                                    0.0395     0.2608 r
  U819/ZN (NOR2_X1)                                     0.0341     0.2948 f
  DP_i/RF2 (DataPath)                                   0.0000     0.2948 f
  DP_i/U218/ZN (OR2_X1)                                 0.0753     0.3701 f
  DP_i/U1657/ZN (NOR2_X1)                               0.0729     0.4430 r
  DP_i/U1659/ZN (AOI21_X1)                              0.0408     0.4839 f
  DP_i/U1660/ZN (AOI21_X1)                              0.0740     0.5579 r
  DP_i/U1672/ZN (NAND2_X1)                              0.0316     0.5895 f
  DP_i/U42/ZN (AND2_X1)                                 0.0448     0.6343 f
  DP_i/U1675/S (FA_X1)                                  0.1398     0.7741 r
  DP_i/U1674/ZN (NAND2_X1)                              0.0365     0.8106 f
  DP_i/U1677/ZN (NAND2_X1)                              0.0349     0.8455 r
  DP_i/U3312/CO (FA_X1)                                 0.0729     0.9184 r
  DP_i/U1680/ZN (NAND2_X1)                              0.0320     0.9503 f
  DP_i/U32/ZN (OR2_X1)                                  0.0731     1.0234 f
  DP_i/U1687/ZN (NOR2_X1)                               0.0516     1.0750 r
  DP_i/U1688/ZN (OAI22_X1)                              0.0408     1.1159 f
  DP_i/U1689/ZN (OAI21_X1)                              0.0420     1.1579 r
  DP_i/U1690/ZN (NOR2_X1)                               0.0289     1.1868 f
  DP_i/U217/ZN (OR2_X1)                                 0.0653     1.2521 f
  DP_i/U1777/ZN (NAND2_X1)                              0.0296     1.2816 r
  DP_i/U1779/ZN (AND2_X1)                               0.0434     1.3250 r
  DP_i/U3487/CO (FA_X1)                                 0.0679     1.3929 r
  DP_i/U1928/ZN (AND2_X1)                               0.0441     1.4370 r
  DP_i/U28/ZN (AND2_X1)                                 0.0492     1.4862 r
  DP_i/U1939/ZN (XNOR2_X1)                              0.0711     1.5573 r
  DP_i/U1941/ZN (AOI22_X1)                              0.0464     1.6037 f
  DP_i/U3440/ZN (NAND2_X1)                              0.0467     1.6503 r
  DP_i/U216/ZN (OR2_X1)                                 0.0463     1.6966 r
  DP_i/U3442/ZN (NAND2_X1)                              0.0324     1.7290 f
  DP_i/U3486/CO (FA_X1)                                 0.1034     1.8323 f
  DP_i/U3444/ZN (OAI21_X1)                              0.0625     1.8948 r
  DP_i/U3447/ZN (INV_X1)                                0.0310     1.9258 f
  DP_i/U3449/ZN (NAND2_X1)                              0.0340     1.9598 r
  DP_i/U89/ZN (NOR2_X1)                                 0.0296     1.9894 f
  DP_i/U3450/ZN (AOI21_X1)                              0.0618     2.0512 r
  DP_i/U3452/ZN (NOR2_X1)                               0.0312     2.0823 f
  DP_i/U3453/ZN (AND2_X1)                               0.0503     2.1327 f
  DP_i/U3521/ZN (AOI22_X1)                              0.0588     2.1915 r
  DP_i/U3522/ZN (XNOR2_X1)                              0.0744     2.2659 r
  DP_i/U3527/ZN (OAI21_X1)                              0.0408     2.3067 f
  DP_i/U3528/ZN (NOR3_X1)                               0.0676     2.3743 r
  DP_i/U3529/ZN (NAND2_X1)                              0.0325     2.4068 f
  DP_i/U3530/ZN (AOI211_X1)                             0.0787     2.4855 r
  DP_i/U3539/ZN (NAND2_X1)                              0.0333     2.5188 f
  DP_i/U3541/ZN (AOI22_X1)                              0.0584     2.5772 r
  DP_i/U3542/ZN (AOI21_X1)                              0.0466     2.6237 f
  DP_i/U3543/Z (BUF_X1)                                 0.0511     2.6748 f
  DP_i/U23/ZN (OR3_X1)                                  0.1082     2.7831 f
  DP_i/U5985/ZN (INV_X2)                                0.1069     2.8899 r
  DP_i/U4571/ZN (AND2_X1)                               0.0714     2.9614 r
  DP_i/fetch_i_IR_out_reg_6_/D (DFF_X1)                 0.0110     2.9723 r
  data arrival time                                                2.9723

  clock CLK (rise edge)                                 3.0000     3.0000
  clock network delay (ideal)                           0.0500     3.0500
  clock uncertainty                                    -0.0500     3.0000
  DP_i/fetch_i_IR_out_reg_6_/CK (DFF_X1)                0.0000     3.0000 r
  library setup time                                   -0.0268     2.9732
  data required time                                               2.9732
  --------------------------------------------------------------------------
  data required time                                               2.9732
  data arrival time                                               -2.9723
  --------------------------------------------------------------------------
  slack (MET)                                                      0.0009


  Startpoint: DP_i/fetch_i_IR_out_reg_27_
              (rising edge-triggered flip-flop clocked by CLK)
  Endpoint: DP_i/fetch_i_IR_out_reg_7_
            (rising edge-triggered flip-flop clocked by CLK)
  Path Group: REG2REG
  Path Type: max

  Des/Clust/Port     Wire Load Model       Library
  ------------------------------------------------
  DLX                5K_hvratio_1_4        NangateOpenCellLibrary

  Point                                                   Incr       Path
  --------------------------------------------------------------------------
  clock CLK (rise edge)                                 0.0000     0.0000
  clock network delay (ideal)                           0.0500     0.0500
  DP_i/fetch_i_IR_out_reg_27_/CK (DFF_X1)               0.0000     0.0500 r
  DP_i/fetch_i_IR_out_reg_27_/Q (DFF_X1)                0.1296     0.1796 r
  DP_i/opcode_1_ (DataPath)                             0.0000     0.1796 r
  U816/ZN (INV_X1)                                      0.0417     0.2213 f
  U844/ZN (NAND3_X1)                                    0.0395     0.2608 r
  U819/ZN (NOR2_X1)                                     0.0341     0.2948 f
  DP_i/RF2 (DataPath)                                   0.0000     0.2948 f
  DP_i/U218/ZN (OR2_X1)                                 0.0753     0.3701 f
  DP_i/U1657/ZN (NOR2_X1)                               0.0729     0.4430 r
  DP_i/U1659/ZN (AOI21_X1)                              0.0408     0.4839 f
  DP_i/U1660/ZN (AOI21_X1)                              0.0740     0.5579 r
  DP_i/U1672/ZN (NAND2_X1)                              0.0316     0.5895 f
  DP_i/U42/ZN (AND2_X1)                                 0.0448     0.6343 f
  DP_i/U1675/S (FA_X1)                                  0.1398     0.7741 r
  DP_i/U1674/ZN (NAND2_X1)                              0.0365     0.8106 f
  DP_i/U1677/ZN (NAND2_X1)                              0.0349     0.8455 r
  DP_i/U3312/CO (FA_X1)                                 0.0729     0.9184 r
  DP_i/U1680/ZN (NAND2_X1)                              0.0320     0.9503 f
  DP_i/U32/ZN (OR2_X1)                                  0.0731     1.0234 f
  DP_i/U1687/ZN (NOR2_X1)                               0.0516     1.0750 r
  DP_i/U1688/ZN (OAI22_X1)                              0.0408     1.1159 f
  DP_i/U1689/ZN (OAI21_X1)                              0.0420     1.1579 r
  DP_i/U1690/ZN (NOR2_X1)                               0.0289     1.1868 f
  DP_i/U217/ZN (OR2_X1)                                 0.0653     1.2521 f
  DP_i/U1777/ZN (NAND2_X1)                              0.0296     1.2816 r
  DP_i/U1779/ZN (AND2_X1)                               0.0434     1.3250 r
  DP_i/U3487/CO (FA_X1)                                 0.0679     1.3929 r
  DP_i/U1928/ZN (AND2_X1)                               0.0441     1.4370 r
  DP_i/U28/ZN (AND2_X1)                                 0.0492     1.4862 r
  DP_i/U1939/ZN (XNOR2_X1)                              0.0711     1.5573 r
  DP_i/U1941/ZN (AOI22_X1)                              0.0464     1.6037 f
  DP_i/U3440/ZN (NAND2_X1)                              0.0467     1.6503 r
  DP_i/U216/ZN (OR2_X1)                                 0.0463     1.6966 r
  DP_i/U3442/ZN (NAND2_X1)                              0.0324     1.7290 f
  DP_i/U3486/CO (FA_X1)                                 0.1034     1.8323 f
  DP_i/U3444/ZN (OAI21_X1)                              0.0625     1.8948 r
  DP_i/U3447/ZN (INV_X1)                                0.0310     1.9258 f
  DP_i/U3449/ZN (NAND2_X1)                              0.0340     1.9598 r
  DP_i/U89/ZN (NOR2_X1)                                 0.0296     1.9894 f
  DP_i/U3450/ZN (AOI21_X1)                              0.0618     2.0512 r
  DP_i/U3452/ZN (NOR2_X1)                               0.0312     2.0823 f
  DP_i/U3453/ZN (AND2_X1)                               0.0503     2.1327 f
  DP_i/U3521/ZN (AOI22_X1)                              0.0588     2.1915 r
  DP_i/U3522/ZN (XNOR2_X1)                              0.0744     2.2659 r
  DP_i/U3527/ZN (OAI21_X1)                              0.0408     2.3067 f
  DP_i/U3528/ZN (NOR3_X1)                               0.0676     2.3743 r
  DP_i/U3529/ZN (NAND2_X1)                              0.0325     2.4068 f
  DP_i/U3530/ZN (AOI211_X1)                             0.0787     2.4855 r
  DP_i/U3539/ZN (NAND2_X1)                              0.0333     2.5188 f
  DP_i/U3541/ZN (AOI22_X1)                              0.0584     2.5772 r
  DP_i/U3542/ZN (AOI21_X1)                              0.0466     2.6237 f
  DP_i/U3543/Z (BUF_X1)                                 0.0511     2.6748 f
  DP_i/U23/ZN (OR3_X1)                                  0.1082     2.7831 f
  DP_i/U5985/ZN (INV_X2)                                0.1069     2.8899 r
  DP_i/U4570/ZN (AND2_X1)                               0.0714     2.9614 r
  DP_i/fetch_i_IR_out_reg_7_/D (DFF_X1)                 0.0110     2.9723 r
  data arrival time                                                2.9723

  clock CLK (rise edge)                                 3.0000     3.0000
  clock network delay (ideal)                           0.0500     3.0500
  clock uncertainty                                    -0.0500     3.0000
  DP_i/fetch_i_IR_out_reg_7_/CK (DFF_X1)                0.0000     3.0000 r
  library setup time                                   -0.0268     2.9732
  data required time                                               2.9732
  --------------------------------------------------------------------------
  data required time                                               2.9732
  data arrival time                                               -2.9723
  --------------------------------------------------------------------------
  slack (MET)                                                      0.0009


1
