 
****************************************
Report : timing
        -path full
        -delay max
        -nworst 2
        -group REG2REG
        -max_paths 10
Design : DLX
Version: W-2024.09-SP2
Date   : Tue Sep 29 12:34:56 2026
****************************************

Operating Conditions: typical   Library: NangateOpenCellLibrary
Wire Load Model Mode: top

  Startpoint: DP_i_decode_i_rs2_addr_i_Y_reg_4_
              (rising edge-triggered flip-flop clocked by CLK)
  Endpoint: DP_i_execute_i_zero_alu_bit_Y_reg
            (rising edge-triggered flip-flop clocked by CLK)
  Path Group: REG2REG
  Path Type: max

  Des/Clust/Port     Wire Load Model       Library
  ------------------------------------------------
  DLX                5K_hvratio_1_4        NangateOpenCellLibrary

  Point                                                   Incr       Path
  --------------------------------------------------------------------------
  clock CLK (rise edge)                                 0.0000     0.0000
  clock network delay (ideal)                           0.0500     0.0500
  DP_i_decode_i_rs2_addr_i_Y_reg_4_/CK (DFF_X1)         0.0000     0.0500 r
  DP_i_decode_i_rs2_addr_i_Y_reg_4_/QN (DFF_X1)         0.0865     0.1365 r
  U1734/ZN (XNOR2_X1)                                   0.0631     0.1996 r
  U3905/ZN (AND2_X1)                                    0.0496     0.2492 r
  U1207/ZN (AND4_X2)                                    0.0700     0.3193 r
  U1660/ZN (AND2_X2)                                    0.0639     0.3831 r
  U3252/Z (BUF_X2)                                      0.0692     0.4523 r
  U3919/ZN (NAND2_X1)                                   0.0465     0.4988 f
  U3296/ZN (NAND4_X1)                                   0.0373     0.5360 r
  U3295/ZN (AND2_X2)                                    0.0578     0.5939 r
  U4199/ZN (XNOR2_X1)                                   0.0733     0.6672 r
  U912/Z (XOR2_X1)                                      0.0760     0.7432 r
  U4202/ZN (XNOR2_X1)                                   0.0727     0.8158 r
  U4227/ZN (NAND4_X1)                                   0.0512     0.8670 f
  U4244/ZN (AND2_X1)                                    0.0450     0.9120 f
  U1754/ZN (OR3_X1)                                     0.0974     1.0095 f
  U4369/ZN (NAND2_X1)                                   0.0429     1.0524 r
  U4371/ZN (XNOR2_X1)                                   0.0645     1.1169 r
  U3556/ZN (AND3_X1)                                    0.0580     1.1748 r
  U1253/ZN (AND4_X2)                                    0.0651     1.2399 r
  U3345/ZN (NAND4_X1)                                   0.0423     1.2822 f
  U4399/ZN (NAND4_X1)                                   0.0431     1.3254 r
  U7939/ZN (NAND4_X1)                                   0.0439     1.3693 f
  U7934/ZN (OR2_X1)                                     0.0557     1.4250 f
  U7940/ZN (OAI21_X1)                                   0.0390     1.4640 r
  DP_i_execute_i_zero_alu_bit_Y_reg/D (DFF_X2)          0.0109     1.4749 r
  data arrival time                                                1.4749

  clock CLK (rise edge)                                 1.1500     1.1500
  clock network delay (ideal)                           0.0500     1.2000
  clock uncertainty                                    -0.0500     1.1500
  DP_i_execute_i_zero_alu_bit_Y_reg/CK (DFF_X2)         0.0000     1.1500 r
  library setup time                                   -0.0283     1.1217
  data required time                                               1.1217
  --------------------------------------------------------------------------
  data required time                                               1.1217
  data arrival time                                               -1.4749
  --------------------------------------------------------------------------
  slack (VIOLATED)                                                -0.3532


  Startpoint: CP_i_id_ex_reg_i_link_bit_out_reg
              (rising edge-triggered flip-flop clocked by CLK)
  Endpoint: DP_i_execute_i_zero_alu_bit_Y_reg
            (rising edge-triggered flip-flop clocked by CLK)
  Path Group: REG2REG
  Path Type: max

  Des/Clust/Port     Wire Load Model       Library
  ------------------------------------------------
  DLX                5K_hvratio_1_4        NangateOpenCellLibrary

  Point                                                   Incr       Path
  --------------------------------------------------------------------------
  clock CLK (rise edge)                                 0.0000     0.0000
  clock network delay (ideal)                           0.0500     0.0500
  CP_i_id_ex_reg_i_link_bit_out_reg/CK (DFF_X1)         0.0000     0.0500 r
  CP_i_id_ex_reg_i_link_bit_out_reg/Q (DFF_X1)          0.0939     0.1439 f
  U1736/ZN (NOR2_X1)                                    0.0365     0.1804 r
  U2879/ZN (NAND2_X1)                                   0.0340     0.2144 f
  U2995/ZN (NOR2_X1)                                    0.0393     0.2537 r
  U1207/ZN (AND4_X2)                                    0.0654     0.3192 r
  U1660/ZN (AND2_X2)                                    0.0639     0.3830 r
  U3252/Z (BUF_X2)                                      0.0692     0.4522 r
  U3919/ZN (NAND2_X1)                                   0.0465     0.4987 f
  U3296/ZN (NAND4_X1)                                   0.0373     0.5359 r
  U3295/ZN (AND2_X2)                                    0.0578     0.5938 r
  U4199/ZN (XNOR2_X1)                                   0.0733     0.6671 r
  U912/Z (XOR2_X1)                                      0.0760     0.7431 r
  U4202/ZN (XNOR2_X1)                                   0.0727     0.8157 r
  U4227/ZN (NAND4_X1)                                   0.0512     0.8669 f
  U4244/ZN (AND2_X1)                                    0.0450     0.9119 f
  U1754/ZN (OR3_X1)                                     0.0974     1.0094 f
  U4369/ZN (NAND2_X1)                                   0.0429     1.0523 r
  U4371/ZN (XNOR2_X1)                                   0.0645     1.1168 r
  U3556/ZN (AND3_X1)                                    0.0580     1.1747 r
  U1253/ZN (AND4_X2)                                    0.0651     1.2398 r
  U3345/ZN (NAND4_X1)                                   0.0423     1.2821 f
  U4399/ZN (NAND4_X1)                                   0.0431     1.3252 r
  U7939/ZN (NAND4_X1)                                   0.0439     1.3692 f
  U7934/ZN (OR2_X1)                                     0.0557     1.4249 f
  U7940/ZN (OAI21_X1)                                   0.0390     1.4639 r
  DP_i_execute_i_zero_alu_bit_Y_reg/D (DFF_X2)          0.0109     1.4748 r
  data arrival time                                                1.4748

  clock CLK (rise edge)                                 1.1500     1.1500
  clock network delay (ideal)                           0.0500     1.2000
  clock uncertainty                                    -0.0500     1.1500
  DP_i_execute_i_zero_alu_bit_Y_reg/CK (DFF_X2)         0.0000     1.1500 r
  library setup time                                   -0.0283     1.1217
  data required time                                               1.1217
  --------------------------------------------------------------------------
  data required time                                               1.1217
  data arrival time                                               -1.4748
  --------------------------------------------------------------------------
  slack (VIOLATED)                                                -0.3531


  Startpoint: DP_i_execute_i_rd_out_reg_i_Y_reg_4_
              (rising edge-triggered flip-flop clocked by CLK)
  Endpoint: DP_i_execute_i_boothmul_i_tree_i_register_i_3_Y_temp_reg_31_
            (rising edge-triggered flip-flop clocked by CLK)
  Path Group: REG2REG
  Path Type: max

  Des/Clust/Port     Wire Load Model       Library
  ------------------------------------------------
  DLX                5K_hvratio_1_4        NangateOpenCellLibrary

  Point                                                   Incr       Path
  --------------------------------------------------------------------------
  clock CLK (rise edge)                                 0.0000     0.0000
  clock network delay (ideal)                           0.0500     0.0500
  DP_i_execute_i_rd_out_reg_i_Y_reg_4_/CK (DFF_X1)      0.0000     0.0500 r
  DP_i_execute_i_rd_out_reg_i_Y_reg_4_/Q (DFF_X1)       0.1023     0.1523 r
  U3907/ZN (XNOR2_X1)                                   0.0625     0.2149 r
  U1140/ZN (AND3_X1)                                    0.0555     0.2703 r
  U2982/ZN (NAND4_X1)                                   0.0461     0.3164 f
  U1660/ZN (AND2_X2)                                    0.0590     0.3755 f
  U3359/Z (BUF_X2)                                      0.0596     0.4350 f
  U3443/ZN (AND2_X1)                                    0.0442     0.4792 f
  U1337/ZN (OR3_X2)                                     0.0900     0.5693 f
  U1314/ZN (INV_X1)                                     0.0361     0.6053 r
  U3027/Z (MUX2_X1)                                     0.0494     0.6547 r
  U3623/ZN (INV_X1)                                     0.0235     0.6782 f
  U4573/ZN (NAND2_X1)                                   0.0394     0.7177 r
  U5167/ZN (INV_X1)                                     0.0301     0.7477 f
  U1043/Z (MUX2_X2)                                     0.0711     0.8189 f
  U5314/ZN (AOI22_X1)                                   0.0738     0.8927 r
  U7754/ZN (XNOR2_X1)                                   0.0688     0.9615 r
  U7755/ZN (OAI21_X1)                                   0.0355     0.9970 f
  U3624/ZN (AND2_X1)                                    0.0426     1.0396 f
  U7777/S (FA_X1)                                       0.1237     1.1633 f
  U7778/S (FA_X1)                                       0.1369     1.3002 r
  U7779/ZN (XNOR2_X1)                                   0.0609     1.3612 r
  U7780/ZN (XNOR2_X1)                                   0.0627     1.4239 r
  U9229/ZN (AND2_X1)                                    0.0420     1.4659 r
  DP_i_execute_i_boothmul_i_tree_i_register_i_3_Y_temp_reg_31_/D (DFF_X2)
                                                        0.0109     1.4768 r
  data arrival time                                                1.4768

  clock CLK (rise edge)                                 1.1500     1.1500
  clock network delay (ideal)                           0.0500     1.2000
  clock uncertainty                                    -0.0500     1.1500
  DP_i_execute_i_boothmul_i_tree_i_register_i_3_Y_temp_reg_31_/CK (DFF_X2)
                                                        0.0000     1.1500 r
  library setup time                                   -0.0262     1.1238
  data required time                                               1.1238
  --------------------------------------------------------------------------
  data required time                                               1.1238
  data arrival time                                               -1.4768
  --------------------------------------------------------------------------
  slack (VIOLATED)                                                -0.3529


  Startpoint: DP_i_execute_i_rd_out_reg_i_Y_reg_4_
              (rising edge-triggered flip-flop clocked by CLK)
  Endpoint: DP_i_execute_i_boothmul_i_tree_i_register_i_3_Y_temp_reg_31_
            (rising edge-triggered flip-flop clocked by CLK)
  Path Group: REG2REG
  Path Type: max

  Des/Clust/Port     Wire Load Model       Library
  ------------------------------------------------
  DLX                5K_hvratio_1_4        NangateOpenCellLibrary

  Point                                                   Incr       Path
  --------------------------------------------------------------------------
  clock CLK (rise edge)                                 0.0000     0.0000
  clock network delay (ideal)                           0.0500     0.0500
  DP_i_execute_i_rd_out_reg_i_Y_reg_4_/CK (DFF_X1)      0.0000     0.0500 r
  DP_i_execute_i_rd_out_reg_i_Y_reg_4_/Q (DFF_X1)       0.1023     0.1523 r
  U3907/ZN (XNOR2_X1)                                   0.0625     0.2149 r
  U1140/ZN (AND3_X1)                                    0.0555     0.2703 r
  U2982/ZN (NAND4_X1)                                   0.0461     0.3164 f
  U1660/ZN (AND2_X2)                                    0.0590     0.3755 f
  U3359/Z (BUF_X2)                                      0.0596     0.4350 f
  U3443/ZN (AND2_X1)                                    0.0442     0.4792 f
  U1337/ZN (OR3_X2)                                     0.0900     0.5693 f
  U1314/ZN (INV_X1)                                     0.0361     0.6053 r
  U3027/Z (MUX2_X1)                                     0.0494     0.6547 r
  U3623/ZN (INV_X1)                                     0.0235     0.6782 f
  U4573/ZN (NAND2_X1)                                   0.0394     0.7177 r
  U5167/ZN (INV_X1)                                     0.0301     0.7477 f
  U1043/Z (MUX2_X2)                                     0.0711     0.8189 f
  U5314/ZN (AOI22_X1)                                   0.0738     0.8927 r
  U7754/ZN (XNOR2_X1)                                   0.0688     0.9615 r
  U7755/ZN (OAI21_X1)                                   0.0355     0.9970 f
  U3624/ZN (AND2_X1)                                    0.0426     1.0396 f
  U7777/S (FA_X1)                                       0.1237     1.1633 f
  U7778/S (FA_X1)                                       0.1369     1.3002 r
  U7779/ZN (XNOR2_X1)                                   0.0609     1.3612 r
  U7780/ZN (XNOR2_X1)                                   0.0627     1.4239 r
  U9229/ZN (AND2_X1)                                    0.0420     1.4659 r
  DP_i_execute_i_boothmul_i_tree_i_register_i_3_Y_temp_reg_31_/D (DFF_X2)
                                                        0.0109     1.4768 r
  data arrival time                                                1.4768

  clock CLK (rise edge)                                 1.1500     1.1500
  clock network delay (ideal)                           0.0500     1.2000
  clock uncertainty                                    -0.0500     1.1500
  DP_i_execute_i_boothmul_i_tree_i_register_i_3_Y_temp_reg_31_/CK (DFF_X2)
                                                        0.0000     1.1500 r
  library setup time                                   -0.0262     1.1238
  data required time                                               1.1238
  --------------------------------------------------------------------------
  data required time                                               1.1238
  data arrival time                                               -1.4768
  --------------------------------------------------------------------------
  slack (VIOLATED)                                                -0.3529


  Startpoint: DP_i_decode_i_rs2_addr_i_Y_reg_4_
              (rising edge-triggered flip-flop clocked by CLK)
  Endpoint: DP_i_execute_i_boothmul_i_tree_i_register_i_3_Y_temp_reg_29_
            (rising edge-triggered flip-flop clocked by CLK)
  Path Group: REG2REG
  Path Type: max

  Des/Clust/Port     Wire Load Model       Library
  ------------------------------------------------
  DLX                5K_hvratio_1_4        NangateOpenCellLibrary

  Point                                                   Incr       Path
  --------------------------------------------------------------------------
  clock CLK (rise edge)                                 0.0000     0.0000
  clock network delay (ideal)                           0.0500     0.0500
  DP_i_decode_i_rs2_addr_i_Y_reg_4_/CK (DFF_X1)         0.0000     0.0500 r
  DP_i_decode_i_rs2_addr_i_Y_reg_4_/QN (DFF_X1)         0.0865     0.1365 r
  U1734/ZN (XNOR2_X1)                                   0.0631     0.1996 r
  U3905/ZN (AND2_X1)                                    0.0496     0.2492 r
  U1207/ZN (AND4_X2)                                    0.0700     0.3193 r
  U1660/ZN (AND2_X2)                                    0.0639     0.3831 r
  U3252/Z (BUF_X2)                                      0.0692     0.4523 r
  U4182/ZN (NAND2_X1)                                   0.0431     0.4954 f
  U3341/ZN (NAND4_X1)                                   0.0355     0.5309 r
  U3342/ZN (NAND2_X1)                                   0.0355     0.5664 f
  U3302/ZN (INV_X1)                                     0.0299     0.5963 r
  U823/ZN (AND2_X2)                                     0.0448     0.6411 r
  U3253/ZN (INV_X1)                                     0.0263     0.6674 f
  U1322/ZN (AND2_X2)                                    0.0435     0.7109 f
  U4527/ZN (AOI22_X1)                                   0.0697     0.7806 r
  U3290/ZN (XNOR2_X1)                                   0.0680     0.8486 r
  U3059/ZN (XNOR2_X1)                                   0.0666     0.9153 r
  U5159/ZN (XNOR2_X1)                                   0.0478     0.9631 f
  U5207/CO (FA_X1)                                      0.1167     1.0798 f
  U5210/S (FA_X1)                                       0.1529     1.2327 r
  U5270/ZN (XNOR2_X1)                                   0.0677     1.3004 r
  U3269/ZN (XNOR2_X1)                                   0.0633     1.3637 r
  U3268/ZN (XNOR2_X1)                                   0.0598     1.4235 r
  U8968/ZN (AND2_X1)                                    0.0422     1.4657 r
  DP_i_execute_i_boothmul_i_tree_i_register_i_3_Y_temp_reg_29_/D (DFF_X2)
                                                        0.0109     1.4766 r
  data arrival time                                                1.4766

  clock CLK (rise edge)                                 1.1500     1.1500
  clock network delay (ideal)                           0.0500     1.2000
  clock uncertainty                                    -0.0500     1.1500
  DP_i_execute_i_boothmul_i_tree_i_register_i_3_Y_temp_reg_29_/CK (DFF_X2)
                                                        0.0000     1.1500 r
  library setup time                                   -0.0262     1.1238
  data required time                                               1.1238
  --------------------------------------------------------------------------
  data required time                                               1.1238
  data arrival time                                               -1.4766
  --------------------------------------------------------------------------
  slack (VIOLATED)                                                -0.3528


  Startpoint: CP_i_id_ex_reg_i_link_bit_out_reg
              (rising edge-triggered flip-flop clocked by CLK)
  Endpoint: DP_i_execute_i_boothmul_i_tree_i_register_i_3_Y_temp_reg_29_
            (rising edge-triggered flip-flop clocked by CLK)
  Path Group: REG2REG
  Path Type: max

  Des/Clust/Port     Wire Load Model       Library
  ------------------------------------------------
  DLX                5K_hvratio_1_4        NangateOpenCellLibrary

  Point                                                   Incr       Path
  --------------------------------------------------------------------------
  clock CLK (rise edge)                                 0.0000     0.0000
  clock network delay (ideal)                           0.0500     0.0500
  CP_i_id_ex_reg_i_link_bit_out_reg/CK (DFF_X1)         0.0000     0.0500 r
  CP_i_id_ex_reg_i_link_bit_out_reg/Q (DFF_X1)          0.0939     0.1439 f
  U1736/ZN (NOR2_X1)                                    0.0365     0.1804 r
  U2879/ZN (NAND2_X1)                                   0.0340     0.2144 f
  U2995/ZN (NOR2_X1)                                    0.0393     0.2537 r
  U1207/ZN (AND4_X2)                                    0.0654     0.3192 r
  U1660/ZN (AND2_X2)                                    0.0639     0.3830 r
  U3252/Z (BUF_X2)                                      0.0692     0.4522 r
  U4182/ZN (NAND2_X1)                                   0.0431     0.4953 f
  U3341/ZN (NAND4_X1)                                   0.0355     0.5308 r
  U3342/ZN (NAND2_X1)                                   0.0355     0.5663 f
  U3302/ZN (INV_X1)                                     0.0299     0.5962 r
  U823/ZN (AND2_X2)                                     0.0448     0.6410 r
  U3253/ZN (INV_X1)                                     0.0263     0.6673 f
  U1322/ZN (AND2_X2)                                    0.0435     0.7108 f
  U4527/ZN (AOI22_X1)                                   0.0697     0.7805 r
  U3290/ZN (XNOR2_X1)                                   0.0680     0.8485 r
  U3059/ZN (XNOR2_X1)                                   0.0666     0.9152 r
  U5159/ZN (XNOR2_X1)                                   0.0478     0.9630 f
  U5207/CO (FA_X1)                                      0.1167     1.0797 f
  U5210/S (FA_X1)                                       0.1529     1.2326 r
  U5270/ZN (XNOR2_X1)                                   0.0677     1.3003 r
  U3269/ZN (XNOR2_X1)                                   0.0633     1.3636 r
  U3268/ZN (XNOR2_X1)                                   0.0598     1.4234 r
  U8968/ZN (AND2_X1)                                    0.0422     1.4656 r
  DP_i_execute_i_boothmul_i_tree_i_register_i_3_Y_temp_reg_29_/D (DFF_X2)
                                                        0.0109     1.4765 r
  data arrival time                                                1.4765

  clock CLK (rise edge)                                 1.1500     1.1500
  clock network delay (ideal)                           0.0500     1.2000
  clock uncertainty                                    -0.0500     1.1500
  DP_i_execute_i_boothmul_i_tree_i_register_i_3_Y_temp_reg_29_/CK (DFF_X2)
                                                        0.0000     1.1500 r
  library setup time                                   -0.0262     1.1238
  data required time                                               1.1238
  --------------------------------------------------------------------------
  data required time                                               1.1238
  data arrival time                                               -1.4765
  --------------------------------------------------------------------------
  slack (VIOLATED)                                                -0.3527


  Startpoint: DP_i_execute_i_rd_out_reg_i_Y_reg_4_
              (rising edge-triggered flip-flop clocked by CLK)
  Endpoint: DP_i_execute_i_boothmul_i_tree_i_register_i_3_Y_temp_reg_28_
            (rising edge-triggered flip-flop clocked by CLK)
  Path Group: REG2REG
  Path Type: max

  Des/Clust/Port     Wire Load Model       Library
  ------------------------------------------------
  DLX                5K_hvratio_1_4        NangateOpenCellLibrary

  Point                                                   Incr       Path
  --------------------------------------------------------------------------
  clock CLK (rise edge)                                 0.0000     0.0000
  clock network delay (ideal)                           0.0500     0.0500
  DP_i_execute_i_rd_out_reg_i_Y_reg_4_/CK (DFF_X1)      0.0000     0.0500 r
  DP_i_execute_i_rd_out_reg_i_Y_reg_4_/Q (DFF_X1)       0.1023     0.1523 r
  U3907/ZN (XNOR2_X1)                                   0.0625     0.2149 r
  U1140/ZN (AND3_X1)                                    0.0555     0.2703 r
  U2982/ZN (NAND4_X1)                                   0.0461     0.3164 f
  U1660/ZN (AND2_X2)                                    0.0590     0.3755 f
  U3252/Z (BUF_X2)                                      0.0628     0.4383 f
  U4182/ZN (NAND2_X1)                                   0.0420     0.4803 r
  U3341/ZN (NAND4_X1)                                   0.0432     0.5235 f
  U1164/Z (BUF_X1)                                      0.0450     0.5685 f
  U2960/ZN (NAND2_X1)                                   0.0328     0.6013 r
  U4445/ZN (INV_X1)                                     0.0279     0.6293 f
  U1532/ZN (INV_X1)                                     0.0276     0.6569 r
  U1687/ZN (NOR2_X1)                                    0.0241     0.6809 f
  U1290/ZN (OR2_X2)                                     0.0645     0.7455 f
  U1023/Z (BUF_X1)                                      0.0473     0.7928 f
  U4470/ZN (AOI22_X1)                                   0.0680     0.8608 r
  U4609/ZN (XNOR2_X1)                                   0.0522     0.9130 f
  U4611/CO (FA_X1)                                      0.0982     1.0112 f
  U3422/ZN (XNOR2_X1)                                   0.0763     1.0875 f
  U4619/ZN (XNOR2_X1)                                   0.0737     1.1612 f
  U4620/ZN (OAI21_X1)                                   0.0672     1.2284 r
  U5264/ZN (XNOR2_X1)                                   0.0710     1.2994 r
  U5265/ZN (XNOR2_X1)                                   0.0631     1.3625 r
  U5269/ZN (XNOR2_X1)                                   0.0599     1.4223 r
  U8960/ZN (AND2_X1)                                    0.0422     1.4645 r
  DP_i_execute_i_boothmul_i_tree_i_register_i_3_Y_temp_reg_28_/D (DFF_X1)
                                                        0.0110     1.4755 r
  data arrival time                                                1.4755

  clock CLK (rise edge)                                 1.1500     1.1500
  clock network delay (ideal)                           0.0500     1.2000
  clock uncertainty                                    -0.0500     1.1500
  DP_i_execute_i_boothmul_i_tree_i_register_i_3_Y_temp_reg_28_/CK (DFF_X1)
                                                        0.0000     1.1500 r
  library setup time                                   -0.0265     1.1235
  data required time                                               1.1235
  --------------------------------------------------------------------------
  data required time                                               1.1235
  data arrival time                                               -1.4755
  --------------------------------------------------------------------------
  slack (VIOLATED)                                                -0.3520


  Startpoint: DP_i_execute_i_rd_out_reg_i_Y_reg_0_
              (rising edge-triggered flip-flop clocked by CLK)
  Endpoint: DP_i_execute_i_boothmul_i_tree_i_register_i_3_Y_temp_reg_28_
            (rising edge-triggered flip-flop clocked by CLK)
  Path Group: REG2REG
  Path Type: max

  Des/Clust/Port     Wire Load Model       Library
  ------------------------------------------------
  DLX                5K_hvratio_1_4        NangateOpenCellLibrary

  Point                                                   Incr       Path
  --------------------------------------------------------------------------
  clock CLK (rise edge)                                 0.0000     0.0000
  clock network delay (ideal)                           0.0500     0.0500
  DP_i_execute_i_rd_out_reg_i_Y_reg_0_/CK (DFF_X1)      0.0000     0.0500 r
  DP_i_execute_i_rd_out_reg_i_Y_reg_0_/Q (DFF_X1)       0.1071     0.1571 r
  U1735/ZN (XNOR2_X1)                                   0.0627     0.2198 r
  U1094/ZN (AND2_X1)                                    0.0464     0.2661 r
  U2982/ZN (NAND4_X1)                                   0.0502     0.3163 f
  U1660/ZN (AND2_X2)                                    0.0590     0.3753 f
  U3252/Z (BUF_X2)                                      0.0628     0.4382 f
  U4182/ZN (NAND2_X1)                                   0.0420     0.4802 r
  U3341/ZN (NAND4_X1)                                   0.0432     0.5234 f
  U1164/Z (BUF_X1)                                      0.0450     0.5684 f
  U2960/ZN (NAND2_X1)                                   0.0328     0.6012 r
  U4445/ZN (INV_X1)                                     0.0279     0.6292 f
  U1532/ZN (INV_X1)                                     0.0276     0.6568 r
  U1687/ZN (NOR2_X1)                                    0.0241     0.6808 f
  U1290/ZN (OR2_X2)                                     0.0645     0.7454 f
  U1023/Z (BUF_X1)                                      0.0473     0.7927 f
  U4470/ZN (AOI22_X1)                                   0.0680     0.8607 r
  U4609/ZN (XNOR2_X1)                                   0.0522     0.9129 f
  U4611/CO (FA_X1)                                      0.0982     1.0111 f
  U3422/ZN (XNOR2_X1)                                   0.0763     1.0874 f
  U4619/ZN (XNOR2_X1)                                   0.0737     1.1611 f
  U4620/ZN (OAI21_X1)                                   0.0672     1.2283 r
  U5264/ZN (XNOR2_X1)                                   0.0710     1.2993 r
  U5265/ZN (XNOR2_X1)                                   0.0631     1.3624 r
  U5269/ZN (XNOR2_X1)                                   0.0599     1.4222 r
  U8960/ZN (AND2_X1)                                    0.0422     1.4644 r
  DP_i_execute_i_boothmul_i_tree_i_register_i_3_Y_temp_reg_28_/D (DFF_X1)
                                                        0.0110     1.4754 r
  data arrival time                                                1.4754

  clock CLK (rise edge)                                 1.1500     1.1500
  clock network delay (ideal)                           0.0500     1.2000
  clock uncertainty                                    -0.0500     1.1500
  DP_i_execute_i_boothmul_i_tree_i_register_i_3_Y_temp_reg_28_/CK (DFF_X1)
                                                        0.0000     1.1500 r
  library setup time                                   -0.0265     1.1235
  data required time                                               1.1235
  --------------------------------------------------------------------------
  data required time                                               1.1235
  data arrival time                                               -1.4754
  --------------------------------------------------------------------------
  slack (VIOLATED)                                                -0.3519


  Startpoint: DP_i_execute_i_rd_out_reg_i_Y_reg_4_
              (rising edge-triggered flip-flop clocked by CLK)
  Endpoint: DP_i_execute_i_boothmul_i_tree_i_register_i_3_Y_temp_reg_24_
            (rising edge-triggered flip-flop clocked by CLK)
  Path Group: REG2REG
  Path Type: max

  Des/Clust/Port     Wire Load Model       Library
  ------------------------------------------------
  DLX                5K_hvratio_1_4        NangateOpenCellLibrary

  Point                                                   Incr       Path
  --------------------------------------------------------------------------
  clock CLK (rise edge)                                 0.0000     0.0000
  clock network delay (ideal)                           0.0500     0.0500
  DP_i_execute_i_rd_out_reg_i_Y_reg_4_/CK (DFF_X1)      0.0000     0.0500 r
  DP_i_execute_i_rd_out_reg_i_Y_reg_4_/Q (DFF_X1)       0.1023     0.1523 r
  U3907/ZN (XNOR2_X1)                                   0.0625     0.2149 r
  U1140/ZN (AND3_X1)                                    0.0555     0.2703 r
  U2982/ZN (NAND4_X1)                                   0.0461     0.3164 f
  U1660/ZN (AND2_X2)                                    0.0590     0.3755 f
  U3252/Z (BUF_X2)                                      0.0628     0.4383 f
  U4149/ZN (NAND2_X1)                                   0.0555     0.4937 r
  U3148/ZN (NAND4_X1)                                   0.0522     0.5459 f
  U3407/ZN (NAND2_X1)                                   0.0429     0.5889 r
  U3020/ZN (NAND2_X1)                                   0.0355     0.6244 f
  U3067/ZN (NAND2_X1)                                   0.0366     0.6610 r
  U971/ZN (OAI21_X1)                                    0.0416     0.7025 f
  U4497/ZN (INV_X1)                                     0.0369     0.7395 r
  U3616/ZN (INV_X1)                                     0.0372     0.7767 f
  U5550/ZN (OR2_X1)                                     0.0700     0.8467 f
  U5552/ZN (NAND2_X1)                                   0.0409     0.8876 r
  U5556/S (FA_X1)                                       0.1300     1.0176 f
  U6941/ZN (XNOR2_X1)                                   0.0741     1.0918 f
  U7537/CO (FA_X1)                                      0.1164     1.2082 f
  U1104/ZN (XNOR2_X1)                                   0.0666     1.2748 f
  U1103/ZN (XNOR2_X1)                                   0.0785     1.3532 r
  U7577/ZN (XNOR2_X1)                                   0.0687     1.4220 r
  U3424/ZN (AND2_X1)                                    0.0422     1.4642 r
  DP_i_execute_i_boothmul_i_tree_i_register_i_3_Y_temp_reg_24_/D (DFF_X1)
                                                        0.0110     1.4752 r
  data arrival time                                                1.4752

  clock CLK (rise edge)                                 1.1500     1.1500
  clock network delay (ideal)                           0.0500     1.2000
  clock uncertainty                                    -0.0500     1.1500
  DP_i_execute_i_boothmul_i_tree_i_register_i_3_Y_temp_reg_24_/CK (DFF_X1)
                                                        0.0000     1.1500 r
  library setup time                                   -0.0265     1.1235
  data required time                                               1.1235
  --------------------------------------------------------------------------
  data required time                                               1.1235
  data arrival time                                               -1.4752
  --------------------------------------------------------------------------
  slack (VIOLATED)                                                -0.3516


  Startpoint: DP_i_decode_i_rs2_addr_i_Y_reg_4_
              (rising edge-triggered flip-flop clocked by CLK)
  Endpoint: DP_i_execute_i_boothmul_i_tree_i_register_i_2_Y_temp_reg_31_
            (rising edge-triggered flip-flop clocked by CLK)
  Path Group: REG2REG
  Path Type: max

  Des/Clust/Port     Wire Load Model       Library
  ------------------------------------------------
  DLX                5K_hvratio_1_4        NangateOpenCellLibrary

  Point                                                   Incr       Path
  --------------------------------------------------------------------------
  clock CLK (rise edge)                                 0.0000     0.0000
  clock network delay (ideal)                           0.0500     0.0500
  DP_i_decode_i_rs2_addr_i_Y_reg_4_/CK (DFF_X1)         0.0000     0.0500 r
  DP_i_decode_i_rs2_addr_i_Y_reg_4_/QN (DFF_X1)         0.0865     0.1365 r
  U1734/ZN (XNOR2_X1)                                   0.0631     0.1996 r
  U3905/ZN (AND2_X1)                                    0.0496     0.2492 r
  U1207/ZN (AND4_X2)                                    0.0700     0.3193 r
  U1660/ZN (AND2_X2)                                    0.0639     0.3831 r
  U3081/Z (BUF_X2)                                      0.0651     0.4482 r
  U4095/ZN (NAND2_X1)                                   0.0415     0.4898 f
  U2967/ZN (AND3_X1)                                    0.0479     0.5377 f
  U1044/ZN (AOI211_X2)                                  0.0958     0.6335 r
  U3324/ZN (OR3_X4)                                     0.0839     0.7174 r
  U3071/ZN (OAI21_X1)                                   0.0621     0.7795 f
  U4476/Z (BUF_X1)                                      0.0488     0.8282 f
  U1444/ZN (XNOR2_X1)                                   0.0837     0.9120 r
  U1838/ZN (INV_X1)                                     0.0415     0.9535 f
  U5297/ZN (NAND2_X1)                                   0.0378     0.9913 r
  U5299/ZN (OAI211_X1)                                  0.0399     1.0312 f
  U5303/Z (MUX2_X1)                                     0.0774     1.1086 f
  U5304/ZN (XNOR2_X1)                                   0.0636     1.1722 f
  U5308/ZN (XNOR2_X1)                                   0.0659     1.2382 f
  U7784/ZN (XNOR2_X1)                                   0.0728     1.3110 f
  U7786/ZN (OAI21_X1)                                   0.0518     1.3627 r
  U7795/ZN (XNOR2_X1)                                   0.0598     1.4225 r
  U9230/ZN (AND2_X1)                                    0.0420     1.4645 r
  DP_i_execute_i_boothmul_i_tree_i_register_i_2_Y_temp_reg_31_/D (DFF_X2)
                                                        0.0109     1.4754 r
  data arrival time                                                1.4754

  clock CLK (rise edge)                                 1.1500     1.1500
  clock network delay (ideal)                           0.0500     1.2000
  clock uncertainty                                    -0.0500     1.1500
  DP_i_execute_i_boothmul_i_tree_i_register_i_2_Y_temp_reg_31_/CK (DFF_X2)
                                                        0.0000     1.1500 r
  library setup time                                   -0.0262     1.1238
  data required time                                               1.1238
  --------------------------------------------------------------------------
  data required time                                               1.1238
  data arrival time                                               -1.4754
  --------------------------------------------------------------------------
  slack (VIOLATED)                                                -0.3516


1
