 
****************************************
Report : qor
Design : DLX
Version: W-2024.09-SP2
Date   : Sun Sep 27 03:09:29 2026
****************************************


  Timing Path Group 'REG2REG'
  -----------------------------------
  Levels of Logic:              31.00
  Critical Path Length:          1.45
  Critical Path Slack:          -0.33
  Critical Path Clk Period:      1.20
  Total Negative Slack:        -84.00
  No. of Violating Paths:      392.00
  Worst Hold Violation:          0.00
  Total Hold Violation:          0.00
  No. of Hold Violations:        0.00
  -----------------------------------

  Timing Path Group 'CLK'
  -----------------------------------
  Levels of Logic:              26.00
  Critical Path Length:          1.20
  Critical Path Slack:          -0.11
  Critical Path Clk Period:      1.20
  Total Negative Slack:         -0.90
  No. of Violating Paths:       20.00
  Worst Hold Violation:          0.00
  Total Hold Violation:          0.00
  No. of Hold Violations:        0.00
  -----------------------------------

  Timing Path Group 'INPUTS'
  -----------------------------------
  Levels of Logic:              12.00
  Critical Path Length:          0.73
  Critical Path Slack:           0.28
  Critical Path Clk Period:      1.20
  Total Negative Slack:          0.00
  No. of Violating Paths:        0.00
  Worst Hold Violation:          0.00
  Total Hold Violation:          0.00
  No. of Hold Violations:        0.00
  -----------------------------------

  Timing Path Group 'OUTPUTS'
  -----------------------------------
  Levels of Logic:              24.00
  Critical Path Length:          1.10
  Critical Path Slack:          -0.07
  Critical Path Clk Period:      1.20
  Total Negative Slack:         -0.07
  No. of Violating Paths:        1.00
  Worst Hold Violation:          0.00
  Total Hold Violation:          0.00
  No. of Hold Violations:        0.00
  -----------------------------------


  Cell Count
  -----------------------------------
  Hierarchical Cell Count:         75
  Hierarchical Port Count:        414
  Leaf Cell Count:              15479
  Buf/Inv Cell Count:            1863
  Buf Cell Count:                 382
  Inv Cell Count:                1481
  CT Buf/Inv Cell Count:            0
  Combinational Cell Count:     12570
  Sequential Cell Count:         2909
  Macro Count:                      0
  -----------------------------------


  Area
  -----------------------------------
  Combinational Area:    13842.640028
  Noncombinational Area: 13214.613540
  Buf/Inv Area:           1190.616003
  Total Buffer Area:           383.57
  Total Inverter Area:         807.04
  Macro/Black Box Area:      0.000000
  Net Area:                  0.000000
  -----------------------------------
  Cell Area:             27057.253568
  Design Area:           27057.253568


  Design Rules
  -----------------------------------
  Total Number of Nets:         16178
  Nets With Violations:             2
  Max Trans Violations:             1
  Max Cap Violations:               2
  -----------------------------------


  Hostname: microsys.openstack.polito

  Compile CPU Statistics
  -----------------------------------------
  Resource Sharing:                    0.01
  Logic Optimization:                  0.62
  Mapping Optimization:               32.83
  -----------------------------------------
  Overall Compile Time:               51.74
  Overall Compile Wall Clock Time:    52.41

  --------------------------------------------------------------------

  Design  WNS: 0.33  TNS: 84.98  Number of Violating Paths: 413


  Design (Hold)  WNS: 0.00  TNS: 0.00  Number of Violating Paths: 0

  --------------------------------------------------------------------


1
