 
****************************************
Report : qor
Design : DLX
Version: W-2024.09-SP2
Date   : Sun Sep 27 03:05:02 2026
****************************************


  Timing Path Group 'REG2REG'
  -----------------------------------
  Levels of Logic:              27.00
  Critical Path Length:          1.50
  Critical Path Slack:          -0.47
  Critical Path Clk Period:      1.10
  Total Negative Slack:       -136.21
  No. of Violating Paths:      414.00
  Worst Hold Violation:          0.00
  Total Hold Violation:          0.00
  No. of Hold Violations:        0.00
  -----------------------------------

  Timing Path Group 'CLK'
  -----------------------------------
  Levels of Logic:              24.00
  Critical Path Length:          1.28
  Critical Path Slack:          -0.30
  Critical Path Clk Period:      1.10
  Total Negative Slack:         -7.25
  No. of Violating Paths:       37.00
  Worst Hold Violation:          0.00
  Total Hold Violation:          0.00
  No. of Hold Violations:        0.00
  -----------------------------------

  Timing Path Group 'INPUTS'
  -----------------------------------
  Levels of Logic:               7.00
  Critical Path Length:          0.75
  Critical Path Slack:           0.16
  Critical Path Clk Period:      1.10
  Total Negative Slack:          0.00
  No. of Violating Paths:        0.00
  Worst Hold Violation:          0.00
  Total Hold Violation:          0.00
  No. of Hold Violations:        0.00
  -----------------------------------

  Timing Path Group 'OUTPUTS'
  -----------------------------------
  Levels of Logic:              20.00
  Critical Path Length:          1.07
  Critical Path Slack:          -0.13
  Critical Path Clk Period:      1.10
  Total Negative Slack:         -0.13
  No. of Violating Paths:        1.00
  Worst Hold Violation:          0.00
  Total Hold Violation:          0.00
  No. of Hold Violations:        0.00
  -----------------------------------


  Cell Count
  -----------------------------------
  Hierarchical Cell Count:         75
  Hierarchical Port Count:        414
  Leaf Cell Count:              15255
  Buf/Inv Cell Count:            1594
  Buf Cell Count:                 289
  Inv Cell Count:                1305
  CT Buf/Inv Cell Count:            0
  Combinational Cell Count:     12346
  Sequential Cell Count:         2909
  Macro Count:                      0
  -----------------------------------


  Area
  -----------------------------------
  Combinational Area:    13697.404017
  Noncombinational Area: 13213.017540
  Buf/Inv Area:           1017.184003
  Total Buffer Area:           301.38
  Total Inverter Area:         715.81
  Macro/Black Box Area:      0.000000
  Net Area:                  0.000000
  -----------------------------------
  Cell Area:             26910.421557
  Design Area:           26910.421557


  Design Rules
  -----------------------------------
  Total Number of Nets:         15799
  Nets With Violations:             6
  Max Trans Violations:             2
  Max Cap Violations:               6
  -----------------------------------


  Hostname: microsys.openstack.polito

  Compile CPU Statistics
  -----------------------------------------
  Resource Sharing:                    0.01
  Logic Optimization:                  0.57
  Mapping Optimization:               24.90
  -----------------------------------------
  Overall Compile Time:               41.43
  Overall Compile Wall Clock Time:    42.02

  --------------------------------------------------------------------

  Design  WNS: 0.47  TNS: 143.59  Number of Violating Paths: 452


  Design (Hold)  WNS: 0.00  TNS: 0.00  Number of Violating Paths: 0

  --------------------------------------------------------------------


1
