 
****************************************
Report : qor
Design : DLX
Version: W-2024.09-SP2
Date   : Tue Sep 29 12:09:20 2026
****************************************


  Timing Path Group 'REG2REG'
  -----------------------------------
  Levels of Logic:              32.00
  Critical Path Length:          1.52
  Critical Path Slack:          -0.24
  Critical Path Clk Period:      1.35
  Total Negative Slack:        -54.87
  No. of Violating Paths:      319.00
  Worst Hold Violation:          0.00
  Total Hold Violation:          0.00
  No. of Hold Violations:        0.00
  -----------------------------------

  Timing Path Group 'CLK'
  -----------------------------------
  Levels of Logic:              30.00
  Critical Path Length:          1.34
  Critical Path Slack:          -0.11
  Critical Path Clk Period:      1.35
  Total Negative Slack:         -0.40
  No. of Violating Paths:        4.00
  Worst Hold Violation:          0.00
  Total Hold Violation:          0.00
  No. of Hold Violations:        0.00
  -----------------------------------

  Timing Path Group 'INPUTS'
  -----------------------------------
  Levels of Logic:              12.00
  Critical Path Length:          0.75
  Critical Path Slack:           0.38
  Critical Path Clk Period:      1.35
  Total Negative Slack:          0.00
  No. of Violating Paths:        0.00
  Worst Hold Violation:          0.00
  Total Hold Violation:          0.00
  No. of Hold Violations:        0.00
  -----------------------------------

  Timing Path Group 'OUTPUTS'
  -----------------------------------
  Levels of Logic:              28.00
  Critical Path Length:          1.26
  Critical Path Slack:          -0.09
  Critical Path Clk Period:      1.35
  Total Negative Slack:         -0.09
  No. of Violating Paths:        1.00
  Worst Hold Violation:          0.00
  Total Hold Violation:          0.00
  No. of Hold Violations:        0.00
  -----------------------------------


  Cell Count
  -----------------------------------
  Hierarchical Cell Count:         75
  Hierarchical Port Count:        414
  Leaf Cell Count:              15808
  Buf/Inv Cell Count:            1712
  Buf Cell Count:                 283
  Inv Cell Count:                1429
  CT Buf/Inv Cell Count:            0
  Combinational Cell Count:     12899
  Sequential Cell Count:         2909
  Macro Count:                      0
  -----------------------------------


  Area
  -----------------------------------
  Combinational Area:    13867.378005
  Noncombinational Area: 13220.997541
  Buf/Inv Area:           1062.670004
  Total Buffer Area:           291.00
  Total Inverter Area:         771.67
  Macro/Black Box Area:      0.000000
  Net Area:                  0.000000
  -----------------------------------
  Cell Area:             27088.375546
  Design Area:           27088.375546


  Design Rules
  -----------------------------------
  Total Number of Nets:         16430
  Nets With Violations:             3
  Max Trans Violations:             1
  Max Cap Violations:               3
  -----------------------------------


  Hostname: microsys.openstack.polito

  Compile CPU Statistics
  -----------------------------------------
  Resource Sharing:                    0.01
  Logic Optimization:                  0.69
  Mapping Optimization:               21.59
  -----------------------------------------
  Overall Compile Time:               37.34
  Overall Compile Wall Clock Time:    37.87

  --------------------------------------------------------------------

  Design  WNS: 0.24  TNS: 55.36  Number of Violating Paths: 324


  Design (Hold)  WNS: 0.00  TNS: 0.00  Number of Violating Paths: 0

  --------------------------------------------------------------------


1
