 
****************************************
Report : qor
Design : DLX
Version: W-2024.09-SP2
Date   : Sun Sep 27 03:46:37 2026
****************************************


  Timing Path Group 'REG2REG'
  -----------------------------------
  Levels of Logic:              55.00
  Critical Path Length:          3.72
  Critical Path Slack:           0.19
  Critical Path Clk Period:      4.00
  Total Negative Slack:          0.00
  No. of Violating Paths:        0.00
  Worst Hold Violation:          0.00
  Total Hold Violation:          0.00
  No. of Hold Violations:        0.00
  -----------------------------------

  Timing Path Group 'CLK'
  -----------------------------------
  Levels of Logic:              53.00
  Critical Path Length:          3.38
  Critical Path Slack:           0.51
  Critical Path Clk Period:      4.00
  Total Negative Slack:          0.00
  No. of Violating Paths:        0.00
  Worst Hold Violation:          0.00
  Total Hold Violation:          0.00
  No. of Hold Violations:        0.00
  -----------------------------------

  Timing Path Group 'INPUTS'
  -----------------------------------
  Levels of Logic:               8.00
  Critical Path Length:          0.87
  Critical Path Slack:           2.65
  Critical Path Clk Period:      4.00
  Total Negative Slack:          0.00
  No. of Violating Paths:        0.00
  Worst Hold Violation:          0.00
  Total Hold Violation:          0.00
  No. of Hold Violations:        0.00
  -----------------------------------

  Timing Path Group 'OUTPUTS'
  -----------------------------------
  Levels of Logic:              30.00
  Critical Path Length:          2.35
  Critical Path Slack:           1.20
  Critical Path Clk Period:      4.00
  Total Negative Slack:          0.00
  No. of Violating Paths:        0.00
  Worst Hold Violation:          0.00
  Total Hold Violation:          0.00
  No. of Hold Violations:        0.00
  -----------------------------------


  Cell Count
  -----------------------------------
  Hierarchical Cell Count:         77
  Hierarchical Port Count:        807
  Leaf Cell Count:              11482
  Buf/Inv Cell Count:            1033
  Buf Cell Count:                 127
  Inv Cell Count:                 906
  CT Buf/Inv Cell Count:            0
  Combinational Cell Count:      8573
  Sequential Cell Count:         2909
  Macro Count:                      0
  -----------------------------------


  Area
  -----------------------------------
  Combinational Area:    10187.002113
  Noncombinational Area: 13183.225536
  Buf/Inv Area:            595.308002
  Total Buffer Area:           106.13
  Total Inverter Area:         489.17
  Macro/Black Box Area:      0.000000
  Net Area:                  0.000000
  -----------------------------------
  Cell Area:             23370.227649
  Design Area:           23370.227649


  Design Rules
  -----------------------------------
  Total Number of Nets:         11701
  Nets With Violations:            16
  Max Trans Violations:             6
  Max Cap Violations:              16
  -----------------------------------


  Hostname: microsys.openstack.polito

  Compile CPU Statistics
  -----------------------------------------
  Resource Sharing:                    0.01
  Logic Optimization:                  0.45
  Mapping Optimization:                3.96
  -----------------------------------------
  Overall Compile Time:               12.47
  Overall Compile Wall Clock Time:    12.87

  --------------------------------------------------------------------

  Design  WNS: 0.00  TNS: 0.00  Number of Violating Paths: 0


  Design (Hold)  WNS: 0.00  TNS: 0.00  Number of Violating Paths: 0

  --------------------------------------------------------------------


1
