 
****************************************
Report : timing
        -path full
        -delay max
        -nworst 2
        -group REG2REG
        -max_paths 10
Design : DLX
Version: W-2024.09-SP2
Date   : Sun Sep 27 03:14:07 2026
****************************************

Operating Conditions: typical   Library: NangateOpenCellLibrary
Wire Load Model Mode: top

  Startpoint: DP_i_mem_access_i_rd_out_reg_i_Y_reg_3_
              (rising edge-triggered flip-flop clocked by CLK)
  Endpoint: DP_i_execute_i_zero_alu_bit_Y_reg
            (rising edge-triggered flip-flop clocked by CLK)
  Path Group: REG2REG
  Path Type: max

  Des/Clust/Port     Wire Load Model       Library
  ------------------------------------------------
  DLX                5K_hvratio_1_4        NangateOpenCellLibrary

  Point                                                   Incr       Path
  --------------------------------------------------------------------------
  clock CLK (rise edge)                                 0.0000     0.0000
  clock network delay (ideal)                           0.0500     0.0500
  DP_i_mem_access_i_rd_out_reg_i_Y_reg_3_/CK (DFF_X1)   0.0000     0.0500 r
  DP_i_mem_access_i_rd_out_reg_i_Y_reg_3_/Q (DFF_X1)    0.1071     0.1571 r
  U2708/ZN (XNOR2_X1)                                   0.0612     0.2183 r
  U2434/ZN (AND4_X2)                                    0.0722     0.2905 r
  U2433/ZN (AND4_X2)                                    0.0951     0.3856 r
  U1149/Z (BUF_X2)                                      0.0731     0.4587 r
  U3016/ZN (NAND2_X1)                                   0.0365     0.4952 f
  U3018/ZN (AND2_X1)                                    0.0373     0.5325 f
  U3019/ZN (NAND2_X1)                                   0.0325     0.5651 r
  U1448/Z (MUX2_X2)                                     0.0569     0.6220 r
  U2650/ZN (XNOR2_X1)                                   0.0627     0.6847 r
  U2575/ZN (NOR2_X1)                                    0.0318     0.7164 f
  U2630/ZN (OAI21_X1)                                   0.0604     0.7769 r
  U3156/CO (FA_X1)                                      0.0793     0.8561 r
  U4130/ZN (AND2_X1)                                    0.0467     0.9029 r
  U4116/Z (BUF_X1)                                      0.0452     0.9481 r
  U1585/ZN (NAND2_X1)                                   0.0386     0.9867 f
  U877/ZN (NAND2_X1)                                    0.0356     1.0223 r
  U2486/ZN (AND2_X1)                                    0.0518     1.0741 r
  U2737/ZN (OAI21_X1)                                   0.0390     1.1131 f
  U2692/ZN (NAND2_X1)                                   0.0430     1.1561 r
  U4056/ZN (NAND2_X1)                                   0.0315     1.1876 f
  U4057/ZN (AND2_X1)                                    0.0403     1.2279 f
  U4058/ZN (OAI21_X1)                                   0.0458     1.2737 r
  U2896/ZN (NAND2_X1)                                   0.0337     1.3074 f
  U2494/ZN (OAI21_X1)                                   0.0413     1.3488 r
  U1558/ZN (NOR2_X1)                                    0.0277     1.3764 f
  U2258/ZN (NAND2_X1)                                   0.0304     1.4069 r
  U11991/ZN (NAND4_X1)                                  0.0355     1.4424 f
  U10901/ZN (OR2_X1)                                    0.0620     1.5043 f
  U10923/ZN (OAI21_X1)                                  0.0390     1.5434 r
  DP_i_execute_i_zero_alu_bit_Y_reg/D (DFF_X2)          0.0109     1.5542 r
  data arrival time                                                1.5542

  clock CLK (rise edge)                                 1.3000     1.3000
  clock network delay (ideal)                           0.0500     1.3500
  clock uncertainty                                    -0.0500     1.3000
  DP_i_execute_i_zero_alu_bit_Y_reg/CK (DFF_X2)         0.0000     1.3000 r
  library setup time                                   -0.0283     1.2717
  data required time                                               1.2717
  --------------------------------------------------------------------------
  data required time                                               1.2717
  data arrival time                                               -1.5542
  --------------------------------------------------------------------------
  slack (VIOLATED)                                                -0.2826


  Startpoint: DP_i_mem_access_i_rd_out_reg_i_Y_reg_3_
              (rising edge-triggered flip-flop clocked by CLK)
  Endpoint: DP_i_execute_i_zero_alu_bit_Y_reg
            (rising edge-triggered flip-flop clocked by CLK)
  Path Group: REG2REG
  Path Type: max

  Des/Clust/Port     Wire Load Model       Library
  ------------------------------------------------
  DLX                5K_hvratio_1_4        NangateOpenCellLibrary

  Point                                                   Incr       Path
  --------------------------------------------------------------------------
  clock CLK (rise edge)                                 0.0000     0.0000
  clock network delay (ideal)                           0.0500     0.0500
  DP_i_mem_access_i_rd_out_reg_i_Y_reg_3_/CK (DFF_X1)   0.0000     0.0500 r
  DP_i_mem_access_i_rd_out_reg_i_Y_reg_3_/Q (DFF_X1)    0.1071     0.1571 r
  U2708/ZN (XNOR2_X1)                                   0.0612     0.2183 r
  U2434/ZN (AND4_X2)                                    0.0722     0.2905 r
  U2433/ZN (AND4_X2)                                    0.0951     0.3856 r
  U1149/Z (BUF_X2)                                      0.0731     0.4587 r
  U3016/ZN (NAND2_X1)                                   0.0365     0.4952 f
  U3018/ZN (AND2_X1)                                    0.0373     0.5325 f
  U3019/ZN (NAND2_X1)                                   0.0325     0.5651 r
  U1448/Z (MUX2_X2)                                     0.0569     0.6220 r
  U2650/ZN (XNOR2_X1)                                   0.0627     0.6847 r
  U2575/ZN (NOR2_X1)                                    0.0318     0.7164 f
  U2630/ZN (OAI21_X1)                                   0.0604     0.7769 r
  U3156/CO (FA_X1)                                      0.0793     0.8561 r
  U4130/ZN (AND2_X1)                                    0.0467     0.9029 r
  U4116/Z (BUF_X1)                                      0.0452     0.9481 r
  U2655/ZN (NAND2_X1)                                   0.0369     0.9849 f
  U2506/ZN (OR2_X2)                                     0.0581     1.0431 f
  U2401/ZN (NAND3_X1)                                   0.0353     1.0783 r
  U2835/ZN (NAND2_X1)                                   0.0381     1.1164 f
  U1447/ZN (AND2_X1)                                    0.0447     1.1611 f
  U8477/ZN (AND2_X1)                                    0.0381     1.1992 f
  U8478/ZN (OAI21_X1)                                   0.0367     1.2359 r
  U8479/ZN (AND2_X1)                                    0.0473     1.2832 r
  U2662/ZN (NAND2_X1)                                   0.0307     1.3139 f
  U2667/ZN (NOR4_X1)                                    0.0807     1.3945 r
  U11991/ZN (NAND4_X1)                                  0.0475     1.4420 f
  U10901/ZN (OR2_X1)                                    0.0620     1.5040 f
  U10923/ZN (OAI21_X1)                                  0.0390     1.5430 r
  DP_i_execute_i_zero_alu_bit_Y_reg/D (DFF_X2)          0.0109     1.5539 r
  data arrival time                                                1.5539

  clock CLK (rise edge)                                 1.3000     1.3000
  clock network delay (ideal)                           0.0500     1.3500
  clock uncertainty                                    -0.0500     1.3000
  DP_i_execute_i_zero_alu_bit_Y_reg/CK (DFF_X2)         0.0000     1.3000 r
  library setup time                                   -0.0283     1.2717
  data required time                                               1.2717
  --------------------------------------------------------------------------
  data required time                                               1.2717
  data arrival time                                               -1.5539
  --------------------------------------------------------------------------
  slack (VIOLATED)                                                -0.2822


  Startpoint: DP_i_mem_access_i_rd_out_reg_i_Y_reg_3_
              (rising edge-triggered flip-flop clocked by CLK)
  Endpoint: DP_i_execute_i_boothmul_i_tree_i_register_i_2_Y_temp_reg_31_
            (rising edge-triggered flip-flop clocked by CLK)
  Path Group: REG2REG
  Path Type: max

  Des/Clust/Port     Wire Load Model       Library
  ------------------------------------------------
  DLX                5K_hvratio_1_4        NangateOpenCellLibrary

  Point                                                   Incr       Path
  --------------------------------------------------------------------------
  clock CLK (rise edge)                                 0.0000     0.0000
  clock network delay (ideal)                           0.0500     0.0500
  DP_i_mem_access_i_rd_out_reg_i_Y_reg_3_/CK (DFF_X1)   0.0000     0.0500 r
  DP_i_mem_access_i_rd_out_reg_i_Y_reg_3_/Q (DFF_X1)    0.1071     0.1571 r
  U2708/ZN (XNOR2_X1)                                   0.0612     0.2183 r
  U2434/ZN (AND4_X2)                                    0.0722     0.2905 r
  U2433/ZN (AND4_X2)                                    0.0951     0.3856 r
  U1149/Z (BUF_X2)                                      0.0731     0.4587 r
  U3028/ZN (NAND2_X1)                                   0.0365     0.4952 f
  U1933/ZN (AND2_X1)                                    0.0484     0.5436 f
  U1085/ZN (NAND2_X1)                                   0.0378     0.5813 r
  U1190/ZN (AND2_X1)                                    0.0470     0.6283 r
  U1854/ZN (AND2_X1)                                    0.0519     0.6802 r
  U4207/ZN (NAND2_X1)                                   0.0395     0.7197 f
  U2354/Z (MUX2_X1)                                     0.0750     0.7947 f
  U1479/Z (BUF_X1)                                      0.0451     0.8398 f
  U4260/ZN (OAI21_X1)                                   0.0631     0.9029 r
  U4261/ZN (XNOR2_X1)                                   0.0781     0.9811 r
  U8586/ZN (XNOR2_X1)                                   0.0726     1.0537 r
  U1060/ZN (OR2_X2)                                     0.0516     1.1053 r
  U8587/ZN (XNOR2_X1)                                   0.0713     1.1766 r
  U8591/ZN (XNOR2_X1)                                   0.0748     1.2514 r
  U8624/ZN (XNOR2_X1)                                   0.0682     1.3196 r
  U8625/ZN (XNOR2_X1)                                   0.0650     1.3846 r
  U9817/ZN (NAND2_X1)                                   0.0305     1.4150 f
  U9820/ZN (AND2_X1)                                    0.0395     1.4545 f
  U9821/ZN (XNOR2_X1)                                   0.0535     1.5079 f
  U11277/ZN (AND2_X1)                                   0.0380     1.5459 f
  DP_i_execute_i_boothmul_i_tree_i_register_i_2_Y_temp_reg_31_/D (DFF_X1)
                                                        0.0104     1.5563 f
  data arrival time                                                1.5563

  clock CLK (rise edge)                                 1.3000     1.3000
  clock network delay (ideal)                           0.0500     1.3500
  clock uncertainty                                    -0.0500     1.3000
  DP_i_execute_i_boothmul_i_tree_i_register_i_2_Y_temp_reg_31_/CK (DFF_X1)
                                                        0.0000     1.3000 r
  library setup time                                   -0.0239     1.2761
  data required time                                               1.2761
  --------------------------------------------------------------------------
  data required time                                               1.2761
  data arrival time                                               -1.5563
  --------------------------------------------------------------------------
  slack (VIOLATED)                                                -0.2802


  Startpoint: DP_i_mem_access_i_rd_out_reg_i_Y_reg_3_
              (rising edge-triggered flip-flop clocked by CLK)
  Endpoint: DP_i_execute_i_boothmul_i_tree_i_register_i_2_Y_temp_reg_31_
            (rising edge-triggered flip-flop clocked by CLK)
  Path Group: REG2REG
  Path Type: max

  Des/Clust/Port     Wire Load Model       Library
  ------------------------------------------------
  DLX                5K_hvratio_1_4        NangateOpenCellLibrary

  Point                                                   Incr       Path
  --------------------------------------------------------------------------
  clock CLK (rise edge)                                 0.0000     0.0000
  clock network delay (ideal)                           0.0500     0.0500
  DP_i_mem_access_i_rd_out_reg_i_Y_reg_3_/CK (DFF_X1)   0.0000     0.0500 r
  DP_i_mem_access_i_rd_out_reg_i_Y_reg_3_/Q (DFF_X1)    0.1071     0.1571 r
  U2708/ZN (XNOR2_X1)                                   0.0612     0.2183 r
  U2434/ZN (AND4_X2)                                    0.0722     0.2905 r
  U2433/ZN (AND4_X2)                                    0.0951     0.3856 r
  U1149/Z (BUF_X2)                                      0.0731     0.4587 r
  U3028/ZN (NAND2_X1)                                   0.0365     0.4952 f
  U1933/ZN (AND2_X1)                                    0.0484     0.5436 f
  U1085/ZN (NAND2_X1)                                   0.0378     0.5813 r
  U1190/ZN (AND2_X1)                                    0.0470     0.6283 r
  U1854/ZN (AND2_X1)                                    0.0519     0.6802 r
  U4207/ZN (NAND2_X1)                                   0.0395     0.7197 f
  U2354/Z (MUX2_X1)                                     0.0750     0.7947 f
  U1479/Z (BUF_X1)                                      0.0451     0.8398 f
  U4260/ZN (OAI21_X1)                                   0.0631     0.9029 r
  U4261/ZN (XNOR2_X1)                                   0.0781     0.9811 r
  U8586/ZN (XNOR2_X1)                                   0.0726     1.0537 r
  U1060/ZN (OR2_X2)                                     0.0516     1.1053 r
  U8587/ZN (XNOR2_X1)                                   0.0713     1.1766 r
  U8591/ZN (XNOR2_X1)                                   0.0748     1.2514 r
  U8624/ZN (XNOR2_X1)                                   0.0682     1.3196 r
  U8625/ZN (XNOR2_X1)                                   0.0650     1.3846 r
  U9817/ZN (NAND2_X1)                                   0.0305     1.4150 f
  U9820/ZN (AND2_X1)                                    0.0395     1.4545 f
  U9821/ZN (XNOR2_X1)                                   0.0535     1.5079 f
  U11277/ZN (AND2_X1)                                   0.0380     1.5459 f
  DP_i_execute_i_boothmul_i_tree_i_register_i_2_Y_temp_reg_31_/D (DFF_X1)
                                                        0.0104     1.5563 f
  data arrival time                                                1.5563

  clock CLK (rise edge)                                 1.3000     1.3000
  clock network delay (ideal)                           0.0500     1.3500
  clock uncertainty                                    -0.0500     1.3000
  DP_i_execute_i_boothmul_i_tree_i_register_i_2_Y_temp_reg_31_/CK (DFF_X1)
                                                        0.0000     1.3000 r
  library setup time                                   -0.0239     1.2761
  data required time                                               1.2761
  --------------------------------------------------------------------------
  data required time                                               1.2761
  data arrival time                                               -1.5563
  --------------------------------------------------------------------------
  slack (VIOLATED)                                                -0.2802


  Startpoint: DP_i_fetch_i_IR_out_reg_24_
              (rising edge-triggered flip-flop clocked by CLK)
  Endpoint: CP_i_hazard_unit_i_G_scoreboard_reg_13__1_
            (rising edge-triggered flip-flop clocked by CLK)
  Path Group: REG2REG
  Path Type: max

  Des/Clust/Port     Wire Load Model       Library
  ------------------------------------------------
  DLX                5K_hvratio_1_4        NangateOpenCellLibrary

  Point                                                   Incr       Path
  --------------------------------------------------------------------------
  clock CLK (rise edge)                                 0.0000     0.0000
  clock network delay (ideal)                           0.0500     0.0500
  DP_i_fetch_i_IR_out_reg_24_/CK (DFF_X1)               0.0000     0.0500 r
  DP_i_fetch_i_IR_out_reg_24_/Q (DFF_X1)                0.1052     0.1552 r
  U3839/ZN (XNOR2_X1)                                   0.0654     0.2205 r
  U2476/ZN (AND2_X1)                                    0.0495     0.2700 r
  U2621/ZN (NAND4_X1)                                   0.0478     0.3178 f
  U1518/ZN (AND3_X2)                                    0.0601     0.3779 f
  U3849/ZN (AND2_X1)                                    0.0572     0.4351 f
  U3930/ZN (NAND2_X1)                                   0.0333     0.4684 r
  U2447/ZN (AND4_X1)                                    0.0583     0.5267 r
  U3937/ZN (AND4_X1)                                    0.0604     0.5872 r
  U962/ZN (AND3_X2)                                     0.0553     0.6425 r
  U1047/ZN (AOI21_X1)                                   0.0378     0.6803 f
  U1773/ZN (OAI21_X1)                                   0.0578     0.7381 r
  U2709/ZN (NAND2_X1)                                   0.0411     0.7791 f
  U2344/ZN (NAND2_X1)                                   0.0485     0.8277 r
  U2712/ZN (NAND3_X1)                                   0.0456     0.8733 f
  U8520/ZN (NAND2_X1)                                   0.0461     0.9194 r
  U8527/ZN (OR2_X1)                                     0.0476     0.9670 r
  U1279/ZN (NOR2_X1)                                    0.0280     0.9950 f
  U8534/ZN (NAND2_X1)                                   0.0320     1.0271 r
  U8535/ZN (NAND2_X1)                                   0.0283     1.0553 f
  U1606/ZN (OR3_X1)                                     0.0750     1.1304 f
  U1515/ZN (AOI21_X1)                                   0.0796     1.2100 r
  U2560/ZN (NAND2_X1)                                   0.0515     1.2615 f
  U2638/ZN (INV_X2)                                     0.0742     1.3357 r
  U2716/ZN (NAND2_X1)                                   0.0675     1.4032 f
  U2157/ZN (OR3_X1)                                     0.1004     1.5037 f
  U12034/ZN (OAI21_X1)                                  0.0356     1.5392 r
  CP_i_hazard_unit_i_G_scoreboard_reg_13__1_/D (DFF_X2)
                                                        0.0109     1.5501 r
  data arrival time                                                1.5501

  clock CLK (rise edge)                                 1.3000     1.3000
  clock network delay (ideal)                           0.0500     1.3500
  clock uncertainty                                    -0.0500     1.3000
  CP_i_hazard_unit_i_G_scoreboard_reg_13__1_/CK (DFF_X2)
                                                        0.0000     1.3000 r
  library setup time                                   -0.0283     1.2717
  data required time                                               1.2717
  --------------------------------------------------------------------------
  data required time                                               1.2717
  data arrival time                                               -1.5501
  --------------------------------------------------------------------------
  slack (VIOLATED)                                                -0.2784


  Startpoint: DP_i_mem_access_i_rd_out_reg_i_Y_reg_1_
              (rising edge-triggered flip-flop clocked by CLK)
  Endpoint: CP_i_hazard_unit_i_G_scoreboard_reg_13__1_
            (rising edge-triggered flip-flop clocked by CLK)
  Path Group: REG2REG
  Path Type: max

  Des/Clust/Port     Wire Load Model       Library
  ------------------------------------------------
  DLX                5K_hvratio_1_4        NangateOpenCellLibrary

  Point                                                   Incr       Path
  --------------------------------------------------------------------------
  clock CLK (rise edge)                                 0.0000     0.0000
  clock network delay (ideal)                           0.0500     0.0500
  DP_i_mem_access_i_rd_out_reg_i_Y_reg_1_/CK (DFF_X1)   0.0000     0.0500 r
  DP_i_mem_access_i_rd_out_reg_i_Y_reg_1_/Q (DFF_X1)    0.1048     0.1548 r
  U3836/ZN (XNOR2_X1)                                   0.0655     0.2203 r
  U3838/ZN (AND2_X1)                                    0.0468     0.2671 r
  U2621/ZN (NAND4_X1)                                   0.0503     0.3173 f
  U1518/ZN (AND3_X2)                                    0.0601     0.3774 f
  U3849/ZN (AND2_X1)                                    0.0572     0.4346 f
  U3930/ZN (NAND2_X1)                                   0.0333     0.4679 r
  U2447/ZN (AND4_X1)                                    0.0583     0.5263 r
  U3937/ZN (AND4_X1)                                    0.0604     0.5867 r
  U962/ZN (AND3_X2)                                     0.0553     0.6420 r
  U1047/ZN (AOI21_X1)                                   0.0378     0.6798 f
  U1773/ZN (OAI21_X1)                                   0.0578     0.7376 r
  U2709/ZN (NAND2_X1)                                   0.0411     0.7787 f
  U2344/ZN (NAND2_X1)                                   0.0485     0.8272 r
  U2712/ZN (NAND3_X1)                                   0.0456     0.8728 f
  U8520/ZN (NAND2_X1)                                   0.0461     0.9189 r
  U8527/ZN (OR2_X1)                                     0.0476     0.9666 r
  U1279/ZN (NOR2_X1)                                    0.0280     0.9946 f
  U8534/ZN (NAND2_X1)                                   0.0320     1.0266 r
  U8535/ZN (NAND2_X1)                                   0.0283     1.0549 f
  U1606/ZN (OR3_X1)                                     0.0750     1.1299 f
  U1515/ZN (AOI21_X1)                                   0.0796     1.2096 r
  U2560/ZN (NAND2_X1)                                   0.0515     1.2611 f
  U2638/ZN (INV_X2)                                     0.0742     1.3353 r
  U2716/ZN (NAND2_X1)                                   0.0675     1.4028 f
  U2157/ZN (OR3_X1)                                     0.1004     1.5032 f
  U12034/ZN (OAI21_X1)                                  0.0356     1.5388 r
  CP_i_hazard_unit_i_G_scoreboard_reg_13__1_/D (DFF_X2)
                                                        0.0109     1.5497 r
  data arrival time                                                1.5497

  clock CLK (rise edge)                                 1.3000     1.3000
  clock network delay (ideal)                           0.0500     1.3500
  clock uncertainty                                    -0.0500     1.3000
  CP_i_hazard_unit_i_G_scoreboard_reg_13__1_/CK (DFF_X2)
                                                        0.0000     1.3000 r
  library setup time                                   -0.0283     1.2717
  data required time                                               1.2717
  --------------------------------------------------------------------------
  data required time                                               1.2717
  data arrival time                                               -1.5497
  --------------------------------------------------------------------------
  slack (VIOLATED)                                                -0.2780


  Startpoint: DP_i_mem_access_i_rd_out_reg_i_Y_reg_1_
              (rising edge-triggered flip-flop clocked by CLK)
  Endpoint: DP_i_fetch_i_pc_i_Y_reg_27_
            (rising edge-triggered flip-flop clocked by CLK)
  Path Group: REG2REG
  Path Type: max

  Des/Clust/Port     Wire Load Model       Library
  ------------------------------------------------
  DLX                5K_hvratio_1_4        NangateOpenCellLibrary

  Point                                                   Incr       Path
  --------------------------------------------------------------------------
  clock CLK (rise edge)                                 0.0000     0.0000
  clock network delay (ideal)                           0.0500     0.0500
  DP_i_mem_access_i_rd_out_reg_i_Y_reg_1_/CK (DFF_X1)   0.0000     0.0500 r
  DP_i_mem_access_i_rd_out_reg_i_Y_reg_1_/Q (DFF_X1)    0.1048     0.1548 r
  U3836/ZN (XNOR2_X1)                                   0.0655     0.2203 r
  U2507/ZN (AND2_X1)                                    0.0499     0.2702 r
  U2496/ZN (NAND4_X1)                                   0.0450     0.3153 f
  U2666/ZN (AND2_X1)                                    0.0559     0.3711 f
  U1730/Z (BUF_X1)                                      0.0530     0.4241 f
  U1097/ZN (AND2_X1)                                    0.0495     0.4736 f
  U2179/Z (BUF_X1)                                      0.0875     0.5611 f
  U5336/ZN (AOI22_X1)                                   0.0917     0.6528 r
  U5340/ZN (NAND4_X1)                                   0.0455     0.6983 f
  U5351/ZN (OR4_X1)                                     0.1175     0.8158 f
  U5352/Z (MUX2_X1)                                     0.0780     0.8938 f
  U5353/ZN (XNOR2_X1)                                   0.0462     0.9401 r
  U5354/ZN (AND4_X1)                                    0.0692     1.0093 r
  U5423/ZN (NAND4_X1)                                   0.0457     1.0550 f
  U5424/ZN (NOR4_X1)                                    0.0992     1.1542 r
  U5425/ZN (NOR2_X1)                                    0.0419     1.1961 f
  U2818/ZN (NAND2_X1)                                   0.0453     1.2415 r
  U2074/ZN (NAND4_X1)                                   0.0526     1.2941 f
  U11992/Z (BUF_X1)                                     0.0695     1.3635 f
  U12368/ZN (OR3_X1)                                    0.1091     1.4726 f
  U12369/ZN (INV_X1)                                    0.0297     1.5024 r
  U10924/ZN (OR4_X2)                                    0.0380     1.5403 r
  DP_i_fetch_i_pc_i_Y_reg_27_/D (DFF_X1)                0.0110     1.5513 r
  data arrival time                                                1.5513

  clock CLK (rise edge)                                 1.3000     1.3000
  clock network delay (ideal)                           0.0500     1.3500
  clock uncertainty                                    -0.0500     1.3000
  DP_i_fetch_i_pc_i_Y_reg_27_/CK (DFF_X1)               0.0000     1.3000 r
  library setup time                                   -0.0260     1.2740
  data required time                                               1.2740
  --------------------------------------------------------------------------
  data required time                                               1.2740
  data arrival time                                               -1.5513
  --------------------------------------------------------------------------
  slack (VIOLATED)                                                -0.2773


  Startpoint: DP_i_mem_access_i_rd_out_reg_i_Y_reg_1_
              (rising edge-triggered flip-flop clocked by CLK)
  Endpoint: DP_i_fetch_i_pc_i_Y_reg_16_
            (rising edge-triggered flip-flop clocked by CLK)
  Path Group: REG2REG
  Path Type: max

  Des/Clust/Port     Wire Load Model       Library
  ------------------------------------------------
  DLX                5K_hvratio_1_4        NangateOpenCellLibrary

  Point                                                   Incr       Path
  --------------------------------------------------------------------------
  clock CLK (rise edge)                                 0.0000     0.0000
  clock network delay (ideal)                           0.0500     0.0500
  DP_i_mem_access_i_rd_out_reg_i_Y_reg_1_/CK (DFF_X1)   0.0000     0.0500 r
  DP_i_mem_access_i_rd_out_reg_i_Y_reg_1_/Q (DFF_X1)    0.1048     0.1548 r
  U3836/ZN (XNOR2_X1)                                   0.0655     0.2203 r
  U2507/ZN (AND2_X1)                                    0.0499     0.2702 r
  U2496/ZN (NAND4_X1)                                   0.0450     0.3153 f
  U2666/ZN (AND2_X1)                                    0.0559     0.3711 f
  U1730/Z (BUF_X1)                                      0.0530     0.4241 f
  U1097/ZN (AND2_X1)                                    0.0495     0.4736 f
  U2179/Z (BUF_X1)                                      0.0875     0.5611 f
  U5336/ZN (AOI22_X1)                                   0.0917     0.6528 r
  U5340/ZN (NAND4_X1)                                   0.0455     0.6983 f
  U5351/ZN (OR4_X1)                                     0.1175     0.8158 f
  U5352/Z (MUX2_X1)                                     0.0780     0.8938 f
  U5353/ZN (XNOR2_X1)                                   0.0462     0.9401 r
  U5354/ZN (AND4_X1)                                    0.0692     1.0093 r
  U5423/ZN (NAND4_X1)                                   0.0457     1.0550 f
  U5424/ZN (NOR4_X1)                                    0.0992     1.1542 r
  U5425/ZN (NOR2_X1)                                    0.0419     1.1961 f
  U2818/ZN (NAND2_X1)                                   0.0453     1.2415 r
  U2074/ZN (NAND4_X1)                                   0.0526     1.2941 f
  U11992/Z (BUF_X1)                                     0.0695     1.3635 f
  U12384/ZN (OR3_X1)                                    0.1091     1.4726 f
  U12385/ZN (INV_X1)                                    0.0297     1.5024 r
  U10927/ZN (OR4_X2)                                    0.0380     1.5403 r
  DP_i_fetch_i_pc_i_Y_reg_16_/D (DFF_X1)                0.0110     1.5513 r
  data arrival time                                                1.5513

  clock CLK (rise edge)                                 1.3000     1.3000
  clock network delay (ideal)                           0.0500     1.3500
  clock uncertainty                                    -0.0500     1.3000
  DP_i_fetch_i_pc_i_Y_reg_16_/CK (DFF_X1)               0.0000     1.3000 r
  library setup time                                   -0.0260     1.2740
  data required time                                               1.2740
  --------------------------------------------------------------------------
  data required time                                               1.2740
  data arrival time                                               -1.5513
  --------------------------------------------------------------------------
  slack (VIOLATED)                                                -0.2773


  Startpoint: DP_i_mem_access_i_rd_out_reg_i_Y_reg_1_
              (rising edge-triggered flip-flop clocked by CLK)
  Endpoint: DP_i_fetch_i_pc_i_Y_reg_8_
            (rising edge-triggered flip-flop clocked by CLK)
  Path Group: REG2REG
  Path Type: max

  Des/Clust/Port     Wire Load Model       Library
  ------------------------------------------------
  DLX                5K_hvratio_1_4        NangateOpenCellLibrary

  Point                                                   Incr       Path
  --------------------------------------------------------------------------
  clock CLK (rise edge)                                 0.0000     0.0000
  clock network delay (ideal)                           0.0500     0.0500
  DP_i_mem_access_i_rd_out_reg_i_Y_reg_1_/CK (DFF_X1)   0.0000     0.0500 r
  DP_i_mem_access_i_rd_out_reg_i_Y_reg_1_/Q (DFF_X1)    0.1048     0.1548 r
  U3836/ZN (XNOR2_X1)                                   0.0655     0.2203 r
  U2507/ZN (AND2_X1)                                    0.0499     0.2702 r
  U2496/ZN (NAND4_X1)                                   0.0450     0.3153 f
  U2666/ZN (AND2_X1)                                    0.0559     0.3711 f
  U1730/Z (BUF_X1)                                      0.0530     0.4241 f
  U1097/ZN (AND2_X1)                                    0.0495     0.4736 f
  U2179/Z (BUF_X1)                                      0.0875     0.5611 f
  U5336/ZN (AOI22_X1)                                   0.0917     0.6528 r
  U5340/ZN (NAND4_X1)                                   0.0455     0.6983 f
  U5351/ZN (OR4_X1)                                     0.1175     0.8158 f
  U5352/Z (MUX2_X1)                                     0.0780     0.8938 f
  U5353/ZN (XNOR2_X1)                                   0.0462     0.9401 r
  U5354/ZN (AND4_X1)                                    0.0692     1.0093 r
  U5423/ZN (NAND4_X1)                                   0.0457     1.0550 f
  U5424/ZN (NOR4_X1)                                    0.0992     1.1542 r
  U5425/ZN (NOR2_X1)                                    0.0419     1.1961 f
  U2818/ZN (NAND2_X1)                                   0.0453     1.2415 r
  U2074/ZN (NAND4_X1)                                   0.0526     1.2941 f
  U11993/Z (BUF_X1)                                     0.0695     1.3635 f
  U12420/ZN (OR3_X1)                                    0.1091     1.4726 f
  U12421/ZN (INV_X1)                                    0.0297     1.5024 r
  U2648/ZN (OR4_X2)                                     0.0380     1.5403 r
  DP_i_fetch_i_pc_i_Y_reg_8_/D (DFF_X1)                 0.0110     1.5513 r
  data arrival time                                                1.5513

  clock CLK (rise edge)                                 1.3000     1.3000
  clock network delay (ideal)                           0.0500     1.3500
  clock uncertainty                                    -0.0500     1.3000
  DP_i_fetch_i_pc_i_Y_reg_8_/CK (DFF_X1)                0.0000     1.3000 r
  library setup time                                   -0.0260     1.2740
  data required time                                               1.2740
  --------------------------------------------------------------------------
  data required time                                               1.2740
  data arrival time                                               -1.5513
  --------------------------------------------------------------------------
  slack (VIOLATED)                                                -0.2773


  Startpoint: DP_i_mem_access_i_rd_out_reg_i_Y_reg_1_
              (rising edge-triggered flip-flop clocked by CLK)
  Endpoint: DP_i_fetch_i_pc_i_Y_reg_3_
            (rising edge-triggered flip-flop clocked by CLK)
  Path Group: REG2REG
  Path Type: max

  Des/Clust/Port     Wire Load Model       Library
  ------------------------------------------------
  DLX                5K_hvratio_1_4        NangateOpenCellLibrary

  Point                                                   Incr       Path
  --------------------------------------------------------------------------
  clock CLK (rise edge)                                 0.0000     0.0000
  clock network delay (ideal)                           0.0500     0.0500
  DP_i_mem_access_i_rd_out_reg_i_Y_reg_1_/CK (DFF_X1)   0.0000     0.0500 r
  DP_i_mem_access_i_rd_out_reg_i_Y_reg_1_/Q (DFF_X1)    0.1048     0.1548 r
  U3836/ZN (XNOR2_X1)                                   0.0655     0.2203 r
  U2507/ZN (AND2_X1)                                    0.0499     0.2702 r
  U2496/ZN (NAND4_X1)                                   0.0450     0.3153 f
  U2666/ZN (AND2_X1)                                    0.0559     0.3711 f
  U1730/Z (BUF_X1)                                      0.0530     0.4241 f
  U1097/ZN (AND2_X1)                                    0.0495     0.4736 f
  U2179/Z (BUF_X1)                                      0.0875     0.5611 f
  U5336/ZN (AOI22_X1)                                   0.0917     0.6528 r
  U5340/ZN (NAND4_X1)                                   0.0455     0.6983 f
  U5351/ZN (OR4_X1)                                     0.1175     0.8158 f
  U5352/Z (MUX2_X1)                                     0.0780     0.8938 f
  U5353/ZN (XNOR2_X1)                                   0.0462     0.9401 r
  U5354/ZN (AND4_X1)                                    0.0692     1.0093 r
  U5423/ZN (NAND4_X1)                                   0.0457     1.0550 f
  U5424/ZN (NOR4_X1)                                    0.0992     1.1542 r
  U5425/ZN (NOR2_X1)                                    0.0419     1.1961 f
  U2818/ZN (NAND2_X1)                                   0.0453     1.2415 r
  U2074/ZN (NAND4_X1)                                   0.0526     1.2941 f
  U11992/Z (BUF_X1)                                     0.0695     1.3635 f
  U12374/ZN (OR3_X1)                                    0.1091     1.4726 f
  U12375/ZN (INV_X1)                                    0.0297     1.5024 r
  U10925/ZN (OR4_X2)                                    0.0380     1.5403 r
  DP_i_fetch_i_pc_i_Y_reg_3_/D (DFF_X1)                 0.0110     1.5513 r
  data arrival time                                                1.5513

  clock CLK (rise edge)                                 1.3000     1.3000
  clock network delay (ideal)                           0.0500     1.3500
  clock uncertainty                                    -0.0500     1.3000
  DP_i_fetch_i_pc_i_Y_reg_3_/CK (DFF_X1)                0.0000     1.3000 r
  library setup time                                   -0.0260     1.2740
  data required time                                               1.2740
  --------------------------------------------------------------------------
  data required time                                               1.2740
  data arrival time                                               -1.5513
  --------------------------------------------------------------------------
  slack (VIOLATED)                                                -0.2773


1
