 
****************************************
Report : timing
        -path full
        -delay max
        -nworst 2
        -group REG2REG
        -max_paths 10
Design : DLX
Version: W-2024.09-SP2
Date   : Sun Sep 27 03:05:03 2026
****************************************

Operating Conditions: typical   Library: NangateOpenCellLibrary
Wire Load Model Mode: top

  Startpoint: DP_i_fetch_i_IR_out_reg_27_
              (rising edge-triggered flip-flop clocked by CLK)
  Endpoint: DP_i_fetch_i_pc_i_Y_reg_9_
            (rising edge-triggered flip-flop clocked by CLK)
  Path Group: REG2REG
  Path Type: max

  Des/Clust/Port     Wire Load Model       Library
  ------------------------------------------------
  DLX                5K_hvratio_1_4        NangateOpenCellLibrary

  Point                                                   Incr       Path
  --------------------------------------------------------------------------
  clock CLK (rise edge)                                 0.0000     0.0000
  clock network delay (ideal)                           0.0500     0.0500
  DP_i_fetch_i_IR_out_reg_27_/CK (DFF_X1)               0.0000     0.0500 r
  DP_i_fetch_i_IR_out_reg_27_/Q (DFF_X1)                0.1052     0.1552 f
  U1231/ZN (OR2_X2)                                     0.0680     0.2232 f
  U1511/ZN (NOR3_X1)                                    0.0595     0.2827 r
  U2023/Z (BUF_X1)                                      0.0507     0.3334 r
  U4771/ZN (OR2_X1)                                     0.0434     0.3769 r
  U4783/ZN (NAND2_X1)                                   0.0291     0.4060 f
  U4784/ZN (NAND2_X1)                                   0.0332     0.4391 r
  U4785/ZN (XNOR2_X1)                                   0.0637     0.5028 r
  U4786/ZN (NAND2_X1)                                   0.0357     0.5385 f
  U1833/ZN (NAND2_X1)                                   0.0332     0.5717 r
  U1691/ZN (AND3_X1)                                    0.0517     0.6235 r
  U4803/ZN (OAI21_X1)                                   0.0305     0.6539 f
  U4808/ZN (AND2_X1)                                    0.0418     0.6958 f
  U4809/ZN (OR4_X2)                                     0.1085     0.8043 f
  U4865/ZN (NOR2_X1)                                    0.0496     0.8539 r
  U1834/ZN (OR3_X2)                                     0.0529     0.9068 r
  U4938/ZN (NAND2_X1)                                   0.0371     0.9439 f
  U4939/ZN (XNOR2_X1)                                   0.0560     0.9999 r
  U4940/ZN (XNOR2_X1)                                   0.0629     1.0628 r
  U4948/ZN (AND3_X1)                                    0.0498     1.1126 r
  U4969/ZN (AND4_X1)                                    0.0596     1.1722 r
  U5007/ZN (NAND4_X1)                                   0.0389     1.2111 f
  U5112/ZN (NAND2_X1)                                   0.0346     1.2457 r
  U9945/ZN (AND2_X1)                                    0.0481     1.2938 r
  U9959/ZN (NAND2_X1)                                   0.0347     1.3285 f
  U9968/Z (BUF_X1)                                      0.0636     1.3921 f
  U10595/ZN (OR3_X1)                                    0.1090     1.5011 f
  U10601/ZN (NAND4_X1)                                  0.0331     1.5342 r
  DP_i_fetch_i_pc_i_Y_reg_9_/D (DFF_X2)                 0.0109     1.5451 r
  data arrival time                                                1.5451

  clock CLK (rise edge)                                 1.1000     1.1000
  clock network delay (ideal)                           0.0500     1.1500
  clock uncertainty                                    -0.0500     1.1000
  DP_i_fetch_i_pc_i_Y_reg_9_/CK (DFF_X2)                0.0000     1.1000 r
  library setup time                                   -0.0275     1.0725
  data required time                                               1.0725
  --------------------------------------------------------------------------
  data required time                                               1.0725
  data arrival time                                               -1.5451
  --------------------------------------------------------------------------
  slack (VIOLATED)                                                -0.4726


  Startpoint: DP_i_fetch_i_IR_out_reg_27_
              (rising edge-triggered flip-flop clocked by CLK)
  Endpoint: DP_i_fetch_i_pc_i_Y_reg_7_
            (rising edge-triggered flip-flop clocked by CLK)
  Path Group: REG2REG
  Path Type: max

  Des/Clust/Port     Wire Load Model       Library
  ------------------------------------------------
  DLX                5K_hvratio_1_4        NangateOpenCellLibrary

  Point                                                   Incr       Path
  --------------------------------------------------------------------------
  clock CLK (rise edge)                                 0.0000     0.0000
  clock network delay (ideal)                           0.0500     0.0500
  DP_i_fetch_i_IR_out_reg_27_/CK (DFF_X1)               0.0000     0.0500 r
  DP_i_fetch_i_IR_out_reg_27_/Q (DFF_X1)                0.1052     0.1552 f
  U1231/ZN (OR2_X2)                                     0.0680     0.2232 f
  U1511/ZN (NOR3_X1)                                    0.0595     0.2827 r
  U2023/Z (BUF_X1)                                      0.0507     0.3334 r
  U4771/ZN (OR2_X1)                                     0.0434     0.3769 r
  U4783/ZN (NAND2_X1)                                   0.0291     0.4060 f
  U4784/ZN (NAND2_X1)                                   0.0332     0.4391 r
  U4785/ZN (XNOR2_X1)                                   0.0637     0.5028 r
  U4786/ZN (NAND2_X1)                                   0.0357     0.5385 f
  U1833/ZN (NAND2_X1)                                   0.0332     0.5717 r
  U1691/ZN (AND3_X1)                                    0.0517     0.6235 r
  U4803/ZN (OAI21_X1)                                   0.0305     0.6539 f
  U4808/ZN (AND2_X1)                                    0.0418     0.6958 f
  U4809/ZN (OR4_X2)                                     0.1085     0.8043 f
  U4865/ZN (NOR2_X1)                                    0.0496     0.8539 r
  U1834/ZN (OR3_X2)                                     0.0529     0.9068 r
  U4938/ZN (NAND2_X1)                                   0.0371     0.9439 f
  U4939/ZN (XNOR2_X1)                                   0.0560     0.9999 r
  U4940/ZN (XNOR2_X1)                                   0.0629     1.0628 r
  U4948/ZN (AND3_X1)                                    0.0498     1.1126 r
  U4969/ZN (AND4_X1)                                    0.0596     1.1722 r
  U5007/ZN (NAND4_X1)                                   0.0389     1.2111 f
  U5112/ZN (NAND2_X1)                                   0.0346     1.2457 r
  U9945/ZN (AND2_X1)                                    0.0481     1.2938 r
  U9959/ZN (NAND2_X1)                                   0.0347     1.3285 f
  U9968/Z (BUF_X1)                                      0.0636     1.3921 f
  U10652/ZN (OR3_X1)                                    0.1090     1.5011 f
  U10658/ZN (NAND4_X1)                                  0.0331     1.5342 r
  DP_i_fetch_i_pc_i_Y_reg_7_/D (DFF_X2)                 0.0109     1.5451 r
  data arrival time                                                1.5451

  clock CLK (rise edge)                                 1.1000     1.1000
  clock network delay (ideal)                           0.0500     1.1500
  clock uncertainty                                    -0.0500     1.1000
  DP_i_fetch_i_pc_i_Y_reg_7_/CK (DFF_X2)                0.0000     1.1000 r
  library setup time                                   -0.0275     1.0725
  data required time                                               1.0725
  --------------------------------------------------------------------------
  data required time                                               1.0725
  data arrival time                                               -1.5451
  --------------------------------------------------------------------------
  slack (VIOLATED)                                                -0.4726


  Startpoint: DP_i_fetch_i_IR_out_reg_27_
              (rising edge-triggered flip-flop clocked by CLK)
  Endpoint: DP_i_fetch_i_pc_i_Y_reg_1_
            (rising edge-triggered flip-flop clocked by CLK)
  Path Group: REG2REG
  Path Type: max

  Des/Clust/Port     Wire Load Model       Library
  ------------------------------------------------
  DLX                5K_hvratio_1_4        NangateOpenCellLibrary

  Point                                                   Incr       Path
  --------------------------------------------------------------------------
  clock CLK (rise edge)                                 0.0000     0.0000
  clock network delay (ideal)                           0.0500     0.0500
  DP_i_fetch_i_IR_out_reg_27_/CK (DFF_X1)               0.0000     0.0500 r
  DP_i_fetch_i_IR_out_reg_27_/Q (DFF_X1)                0.1052     0.1552 f
  U1231/ZN (OR2_X2)                                     0.0680     0.2232 f
  U1511/ZN (NOR3_X1)                                    0.0595     0.2827 r
  U2023/Z (BUF_X1)                                      0.0507     0.3334 r
  U4771/ZN (OR2_X1)                                     0.0434     0.3769 r
  U4783/ZN (NAND2_X1)                                   0.0291     0.4060 f
  U4784/ZN (NAND2_X1)                                   0.0332     0.4391 r
  U4785/ZN (XNOR2_X1)                                   0.0637     0.5028 r
  U4786/ZN (NAND2_X1)                                   0.0357     0.5385 f
  U1833/ZN (NAND2_X1)                                   0.0332     0.5717 r
  U1691/ZN (AND3_X1)                                    0.0517     0.6235 r
  U4803/ZN (OAI21_X1)                                   0.0305     0.6539 f
  U4808/ZN (AND2_X1)                                    0.0418     0.6958 f
  U4809/ZN (OR4_X2)                                     0.1085     0.8043 f
  U4865/ZN (NOR2_X1)                                    0.0496     0.8539 r
  U1834/ZN (OR3_X2)                                     0.0529     0.9068 r
  U4938/ZN (NAND2_X1)                                   0.0371     0.9439 f
  U4939/ZN (XNOR2_X1)                                   0.0560     0.9999 r
  U4940/ZN (XNOR2_X1)                                   0.0629     1.0628 r
  U4948/ZN (AND3_X1)                                    0.0498     1.1126 r
  U4969/ZN (AND4_X1)                                    0.0596     1.1722 r
  U5007/ZN (NAND4_X1)                                   0.0389     1.2111 f
  U5112/ZN (NAND2_X1)                                   0.0346     1.2457 r
  U9945/ZN (AND2_X1)                                    0.0481     1.2938 r
  U9959/ZN (NAND2_X1)                                   0.0347     1.3285 f
  U9968/Z (BUF_X1)                                      0.0636     1.3921 f
  U10617/ZN (OR3_X1)                                    0.1090     1.5011 f
  U10623/ZN (NAND4_X1)                                  0.0331     1.5342 r
  DP_i_fetch_i_pc_i_Y_reg_1_/D (DFF_X2)                 0.0109     1.5451 r
  data arrival time                                                1.5451

  clock CLK (rise edge)                                 1.1000     1.1000
  clock network delay (ideal)                           0.0500     1.1500
  clock uncertainty                                    -0.0500     1.1000
  DP_i_fetch_i_pc_i_Y_reg_1_/CK (DFF_X2)                0.0000     1.1000 r
  library setup time                                   -0.0275     1.0725
  data required time                                               1.0725
  --------------------------------------------------------------------------
  data required time                                               1.0725
  data arrival time                                               -1.5451
  --------------------------------------------------------------------------
  slack (VIOLATED)                                                -0.4726


  Startpoint: DP_i_fetch_i_IR_out_reg_27_
              (rising edge-triggered flip-flop clocked by CLK)
  Endpoint: DP_i_fetch_i_pc_i_Y_reg_3_
            (rising edge-triggered flip-flop clocked by CLK)
  Path Group: REG2REG
  Path Type: max

  Des/Clust/Port     Wire Load Model       Library
  ------------------------------------------------
  DLX                5K_hvratio_1_4        NangateOpenCellLibrary

  Point                                                   Incr       Path
  --------------------------------------------------------------------------
  clock CLK (rise edge)                                 0.0000     0.0000
  clock network delay (ideal)                           0.0500     0.0500
  DP_i_fetch_i_IR_out_reg_27_/CK (DFF_X1)               0.0000     0.0500 r
  DP_i_fetch_i_IR_out_reg_27_/Q (DFF_X1)                0.1052     0.1552 f
  U1231/ZN (OR2_X2)                                     0.0680     0.2232 f
  U1511/ZN (NOR3_X1)                                    0.0595     0.2827 r
  U2023/Z (BUF_X1)                                      0.0507     0.3334 r
  U4771/ZN (OR2_X1)                                     0.0434     0.3769 r
  U4783/ZN (NAND2_X1)                                   0.0291     0.4060 f
  U4784/ZN (NAND2_X1)                                   0.0332     0.4391 r
  U4785/ZN (XNOR2_X1)                                   0.0637     0.5028 r
  U4786/ZN (NAND2_X1)                                   0.0357     0.5385 f
  U1833/ZN (NAND2_X1)                                   0.0332     0.5717 r
  U1691/ZN (AND3_X1)                                    0.0517     0.6235 r
  U4803/ZN (OAI21_X1)                                   0.0305     0.6539 f
  U4808/ZN (AND2_X1)                                    0.0418     0.6958 f
  U4809/ZN (OR4_X2)                                     0.1085     0.8043 f
  U4865/ZN (NOR2_X1)                                    0.0496     0.8539 r
  U1834/ZN (OR3_X2)                                     0.0529     0.9068 r
  U4938/ZN (NAND2_X1)                                   0.0371     0.9439 f
  U4939/ZN (XNOR2_X1)                                   0.0560     0.9999 r
  U4940/ZN (XNOR2_X1)                                   0.0629     1.0628 r
  U4948/ZN (AND3_X1)                                    0.0498     1.1126 r
  U4969/ZN (AND4_X1)                                    0.0596     1.1722 r
  U5007/ZN (NAND4_X1)                                   0.0389     1.2111 f
  U5112/ZN (NAND2_X1)                                   0.0346     1.2457 r
  U9945/ZN (AND2_X1)                                    0.0481     1.2938 r
  U9959/ZN (NAND2_X1)                                   0.0347     1.3285 f
  U9968/Z (BUF_X1)                                      0.0636     1.3921 f
  U10631/ZN (OR3_X1)                                    0.1090     1.5011 f
  U10637/ZN (NAND4_X1)                                  0.0331     1.5342 r
  DP_i_fetch_i_pc_i_Y_reg_3_/D (DFF_X2)                 0.0109     1.5451 r
  data arrival time                                                1.5451

  clock CLK (rise edge)                                 1.1000     1.1000
  clock network delay (ideal)                           0.0500     1.1500
  clock uncertainty                                    -0.0500     1.1000
  DP_i_fetch_i_pc_i_Y_reg_3_/CK (DFF_X2)                0.0000     1.1000 r
  library setup time                                   -0.0275     1.0725
  data required time                                               1.0725
  --------------------------------------------------------------------------
  data required time                                               1.0725
  data arrival time                                               -1.5451
  --------------------------------------------------------------------------
  slack (VIOLATED)                                                -0.4726


  Startpoint: DP_i_fetch_i_IR_out_reg_27_
              (rising edge-triggered flip-flop clocked by CLK)
  Endpoint: DP_i_fetch_i_pc_i_Y_reg_8_
            (rising edge-triggered flip-flop clocked by CLK)
  Path Group: REG2REG
  Path Type: max

  Des/Clust/Port     Wire Load Model       Library
  ------------------------------------------------
  DLX                5K_hvratio_1_4        NangateOpenCellLibrary

  Point                                                   Incr       Path
  --------------------------------------------------------------------------
  clock CLK (rise edge)                                 0.0000     0.0000
  clock network delay (ideal)                           0.0500     0.0500
  DP_i_fetch_i_IR_out_reg_27_/CK (DFF_X1)               0.0000     0.0500 r
  DP_i_fetch_i_IR_out_reg_27_/Q (DFF_X1)                0.1052     0.1552 f
  U1231/ZN (OR2_X2)                                     0.0680     0.2232 f
  U1511/ZN (NOR3_X1)                                    0.0595     0.2827 r
  U2023/Z (BUF_X1)                                      0.0507     0.3334 r
  U4771/ZN (OR2_X1)                                     0.0434     0.3769 r
  U4783/ZN (NAND2_X1)                                   0.0291     0.4060 f
  U4784/ZN (NAND2_X1)                                   0.0332     0.4391 r
  U4785/ZN (XNOR2_X1)                                   0.0637     0.5028 r
  U4786/ZN (NAND2_X1)                                   0.0357     0.5385 f
  U1833/ZN (NAND2_X1)                                   0.0332     0.5717 r
  U1691/ZN (AND3_X1)                                    0.0517     0.6235 r
  U4803/ZN (OAI21_X1)                                   0.0305     0.6539 f
  U4808/ZN (AND2_X1)                                    0.0418     0.6958 f
  U4809/ZN (OR4_X2)                                     0.1085     0.8043 f
  U4865/ZN (NOR2_X1)                                    0.0496     0.8539 r
  U1834/ZN (OR3_X2)                                     0.0529     0.9068 r
  U4938/ZN (NAND2_X1)                                   0.0371     0.9439 f
  U4939/ZN (XNOR2_X1)                                   0.0560     0.9999 r
  U4940/ZN (XNOR2_X1)                                   0.0629     1.0628 r
  U4948/ZN (AND3_X1)                                    0.0498     1.1126 r
  U4969/ZN (AND4_X1)                                    0.0596     1.1722 r
  U5007/ZN (NAND4_X1)                                   0.0389     1.2111 f
  U5112/ZN (NAND2_X1)                                   0.0346     1.2457 r
  U9945/ZN (AND2_X1)                                    0.0481     1.2938 r
  U9959/ZN (NAND2_X1)                                   0.0347     1.3285 f
  U9968/Z (BUF_X1)                                      0.0636     1.3921 f
  U10602/ZN (OR3_X1)                                    0.1090     1.5011 f
  U10608/ZN (NAND4_X1)                                  0.0331     1.5342 r
  DP_i_fetch_i_pc_i_Y_reg_8_/D (DFF_X2)                 0.0109     1.5451 r
  data arrival time                                                1.5451

  clock CLK (rise edge)                                 1.1000     1.1000
  clock network delay (ideal)                           0.0500     1.1500
  clock uncertainty                                    -0.0500     1.1000
  DP_i_fetch_i_pc_i_Y_reg_8_/CK (DFF_X2)                0.0000     1.1000 r
  library setup time                                   -0.0275     1.0725
  data required time                                               1.0725
  --------------------------------------------------------------------------
  data required time                                               1.0725
  data arrival time                                               -1.5451
  --------------------------------------------------------------------------
  slack (VIOLATED)                                                -0.4726


  Startpoint: DP_i_fetch_i_IR_out_reg_27_
              (rising edge-triggered flip-flop clocked by CLK)
  Endpoint: DP_i_fetch_i_pc_i_Y_reg_2_
            (rising edge-triggered flip-flop clocked by CLK)
  Path Group: REG2REG
  Path Type: max

  Des/Clust/Port     Wire Load Model       Library
  ------------------------------------------------
  DLX                5K_hvratio_1_4        NangateOpenCellLibrary

  Point                                                   Incr       Path
  --------------------------------------------------------------------------
  clock CLK (rise edge)                                 0.0000     0.0000
  clock network delay (ideal)                           0.0500     0.0500
  DP_i_fetch_i_IR_out_reg_27_/CK (DFF_X1)               0.0000     0.0500 r
  DP_i_fetch_i_IR_out_reg_27_/Q (DFF_X1)                0.1052     0.1552 f
  U1231/ZN (OR2_X2)                                     0.0680     0.2232 f
  U1511/ZN (NOR3_X1)                                    0.0595     0.2827 r
  U2023/Z (BUF_X1)                                      0.0507     0.3334 r
  U4771/ZN (OR2_X1)                                     0.0434     0.3769 r
  U4783/ZN (NAND2_X1)                                   0.0291     0.4060 f
  U4784/ZN (NAND2_X1)                                   0.0332     0.4391 r
  U4785/ZN (XNOR2_X1)                                   0.0637     0.5028 r
  U4786/ZN (NAND2_X1)                                   0.0357     0.5385 f
  U1833/ZN (NAND2_X1)                                   0.0332     0.5717 r
  U1691/ZN (AND3_X1)                                    0.0517     0.6235 r
  U4803/ZN (OAI21_X1)                                   0.0305     0.6539 f
  U4808/ZN (AND2_X1)                                    0.0418     0.6958 f
  U4809/ZN (OR4_X2)                                     0.1085     0.8043 f
  U4865/ZN (NOR2_X1)                                    0.0496     0.8539 r
  U1834/ZN (OR3_X2)                                     0.0529     0.9068 r
  U4938/ZN (NAND2_X1)                                   0.0371     0.9439 f
  U4939/ZN (XNOR2_X1)                                   0.0560     0.9999 r
  U4940/ZN (XNOR2_X1)                                   0.0629     1.0628 r
  U4948/ZN (AND3_X1)                                    0.0498     1.1126 r
  U4969/ZN (AND4_X1)                                    0.0596     1.1722 r
  U5007/ZN (NAND4_X1)                                   0.0389     1.2111 f
  U5112/ZN (NAND2_X1)                                   0.0346     1.2457 r
  U9945/ZN (AND2_X1)                                    0.0481     1.2938 r
  U9959/ZN (NAND2_X1)                                   0.0347     1.3285 f
  U9968/Z (BUF_X1)                                      0.0636     1.3921 f
  U10624/ZN (OR3_X1)                                    0.1090     1.5011 f
  U10630/ZN (NAND4_X1)                                  0.0331     1.5342 r
  DP_i_fetch_i_pc_i_Y_reg_2_/D (DFF_X2)                 0.0109     1.5451 r
  data arrival time                                                1.5451

  clock CLK (rise edge)                                 1.1000     1.1000
  clock network delay (ideal)                           0.0500     1.1500
  clock uncertainty                                    -0.0500     1.1000
  DP_i_fetch_i_pc_i_Y_reg_2_/CK (DFF_X2)                0.0000     1.1000 r
  library setup time                                   -0.0275     1.0725
  data required time                                               1.0725
  --------------------------------------------------------------------------
  data required time                                               1.0725
  data arrival time                                               -1.5451
  --------------------------------------------------------------------------
  slack (VIOLATED)                                                -0.4726


  Startpoint: DP_i_fetch_i_IR_out_reg_27_
              (rising edge-triggered flip-flop clocked by CLK)
  Endpoint: DP_i_fetch_i_pc_i_Y_reg_0_
            (rising edge-triggered flip-flop clocked by CLK)
  Path Group: REG2REG
  Path Type: max

  Des/Clust/Port     Wire Load Model       Library
  ------------------------------------------------
  DLX                5K_hvratio_1_4        NangateOpenCellLibrary

  Point                                                   Incr       Path
  --------------------------------------------------------------------------
  clock CLK (rise edge)                                 0.0000     0.0000
  clock network delay (ideal)                           0.0500     0.0500
  DP_i_fetch_i_IR_out_reg_27_/CK (DFF_X1)               0.0000     0.0500 r
  DP_i_fetch_i_IR_out_reg_27_/Q (DFF_X1)                0.1052     0.1552 f
  U1231/ZN (OR2_X2)                                     0.0680     0.2232 f
  U1511/ZN (NOR3_X1)                                    0.0595     0.2827 r
  U2023/Z (BUF_X1)                                      0.0507     0.3334 r
  U4771/ZN (OR2_X1)                                     0.0434     0.3769 r
  U4783/ZN (NAND2_X1)                                   0.0291     0.4060 f
  U4784/ZN (NAND2_X1)                                   0.0332     0.4391 r
  U4785/ZN (XNOR2_X1)                                   0.0637     0.5028 r
  U4786/ZN (NAND2_X1)                                   0.0357     0.5385 f
  U1833/ZN (NAND2_X1)                                   0.0332     0.5717 r
  U1691/ZN (AND3_X1)                                    0.0517     0.6235 r
  U4803/ZN (OAI21_X1)                                   0.0305     0.6539 f
  U4808/ZN (AND2_X1)                                    0.0418     0.6958 f
  U4809/ZN (OR4_X2)                                     0.1085     0.8043 f
  U4865/ZN (NOR2_X1)                                    0.0496     0.8539 r
  U1834/ZN (OR3_X2)                                     0.0529     0.9068 r
  U4938/ZN (NAND2_X1)                                   0.0371     0.9439 f
  U4939/ZN (XNOR2_X1)                                   0.0560     0.9999 r
  U4940/ZN (XNOR2_X1)                                   0.0629     1.0628 r
  U4948/ZN (AND3_X1)                                    0.0498     1.1126 r
  U4969/ZN (AND4_X1)                                    0.0596     1.1722 r
  U5007/ZN (NAND4_X1)                                   0.0389     1.2111 f
  U5112/ZN (NAND2_X1)                                   0.0346     1.2457 r
  U9945/ZN (AND2_X1)                                    0.0481     1.2938 r
  U9959/ZN (NAND2_X1)                                   0.0347     1.3285 f
  U9968/Z (BUF_X1)                                      0.0636     1.3921 f
  U10674/ZN (OR3_X1)                                    0.1090     1.5011 f
  U10680/ZN (NAND4_X1)                                  0.0331     1.5342 r
  DP_i_fetch_i_pc_i_Y_reg_0_/D (DFF_X2)                 0.0109     1.5451 r
  data arrival time                                                1.5451

  clock CLK (rise edge)                                 1.1000     1.1000
  clock network delay (ideal)                           0.0500     1.1500
  clock uncertainty                                    -0.0500     1.1000
  DP_i_fetch_i_pc_i_Y_reg_0_/CK (DFF_X2)                0.0000     1.1000 r
  library setup time                                   -0.0275     1.0725
  data required time                                               1.0725
  --------------------------------------------------------------------------
  data required time                                               1.0725
  data arrival time                                               -1.5451
  --------------------------------------------------------------------------
  slack (VIOLATED)                                                -0.4726


  Startpoint: DP_i_fetch_i_IR_out_reg_27_
              (rising edge-triggered flip-flop clocked by CLK)
  Endpoint: DP_i_fetch_i_pc_i_Y_reg_5_
            (rising edge-triggered flip-flop clocked by CLK)
  Path Group: REG2REG
  Path Type: max

  Des/Clust/Port     Wire Load Model       Library
  ------------------------------------------------
  DLX                5K_hvratio_1_4        NangateOpenCellLibrary

  Point                                                   Incr       Path
  --------------------------------------------------------------------------
  clock CLK (rise edge)                                 0.0000     0.0000
  clock network delay (ideal)                           0.0500     0.0500
  DP_i_fetch_i_IR_out_reg_27_/CK (DFF_X1)               0.0000     0.0500 r
  DP_i_fetch_i_IR_out_reg_27_/Q (DFF_X1)                0.1052     0.1552 f
  U1231/ZN (OR2_X2)                                     0.0680     0.2232 f
  U1511/ZN (NOR3_X1)                                    0.0595     0.2827 r
  U2023/Z (BUF_X1)                                      0.0507     0.3334 r
  U4771/ZN (OR2_X1)                                     0.0434     0.3769 r
  U4783/ZN (NAND2_X1)                                   0.0291     0.4060 f
  U4784/ZN (NAND2_X1)                                   0.0332     0.4391 r
  U4785/ZN (XNOR2_X1)                                   0.0637     0.5028 r
  U4786/ZN (NAND2_X1)                                   0.0357     0.5385 f
  U1833/ZN (NAND2_X1)                                   0.0332     0.5717 r
  U1691/ZN (AND3_X1)                                    0.0517     0.6235 r
  U4803/ZN (OAI21_X1)                                   0.0305     0.6539 f
  U4808/ZN (AND2_X1)                                    0.0418     0.6958 f
  U4809/ZN (OR4_X2)                                     0.1085     0.8043 f
  U4865/ZN (NOR2_X1)                                    0.0496     0.8539 r
  U1834/ZN (OR3_X2)                                     0.0529     0.9068 r
  U4938/ZN (NAND2_X1)                                   0.0371     0.9439 f
  U4939/ZN (XNOR2_X1)                                   0.0560     0.9999 r
  U4940/ZN (XNOR2_X1)                                   0.0629     1.0628 r
  U4948/ZN (AND3_X1)                                    0.0498     1.1126 r
  U4969/ZN (AND4_X1)                                    0.0596     1.1722 r
  U5007/ZN (NAND4_X1)                                   0.0389     1.2111 f
  U5112/ZN (NAND2_X1)                                   0.0346     1.2457 r
  U9945/ZN (AND2_X1)                                    0.0481     1.2938 r
  U9959/ZN (NAND2_X1)                                   0.0347     1.3285 f
  U9969/Z (BUF_X1)                                      0.0636     1.3921 f
  U10553/ZN (OR3_X1)                                    0.1090     1.5011 f
  U10559/ZN (NAND4_X1)                                  0.0331     1.5342 r
  DP_i_fetch_i_pc_i_Y_reg_5_/D (DFF_X2)                 0.0109     1.5451 r
  data arrival time                                                1.5451

  clock CLK (rise edge)                                 1.1000     1.1000
  clock network delay (ideal)                           0.0500     1.1500
  clock uncertainty                                    -0.0500     1.1000
  DP_i_fetch_i_pc_i_Y_reg_5_/CK (DFF_X2)                0.0000     1.1000 r
  library setup time                                   -0.0275     1.0725
  data required time                                               1.0725
  --------------------------------------------------------------------------
  data required time                                               1.0725
  data arrival time                                               -1.5451
  --------------------------------------------------------------------------
  slack (VIOLATED)                                                -0.4726


  Startpoint: DP_i_fetch_i_IR_out_reg_27_
              (rising edge-triggered flip-flop clocked by CLK)
  Endpoint: DP_i_fetch_i_pc_i_Y_reg_4_
            (rising edge-triggered flip-flop clocked by CLK)
  Path Group: REG2REG
  Path Type: max

  Des/Clust/Port     Wire Load Model       Library
  ------------------------------------------------
  DLX                5K_hvratio_1_4        NangateOpenCellLibrary

  Point                                                   Incr       Path
  --------------------------------------------------------------------------
  clock CLK (rise edge)                                 0.0000     0.0000
  clock network delay (ideal)                           0.0500     0.0500
  DP_i_fetch_i_IR_out_reg_27_/CK (DFF_X1)               0.0000     0.0500 r
  DP_i_fetch_i_IR_out_reg_27_/Q (DFF_X1)                0.1052     0.1552 f
  U1231/ZN (OR2_X2)                                     0.0680     0.2232 f
  U1511/ZN (NOR3_X1)                                    0.0595     0.2827 r
  U2023/Z (BUF_X1)                                      0.0507     0.3334 r
  U4771/ZN (OR2_X1)                                     0.0434     0.3769 r
  U4783/ZN (NAND2_X1)                                   0.0291     0.4060 f
  U4784/ZN (NAND2_X1)                                   0.0332     0.4391 r
  U4785/ZN (XNOR2_X1)                                   0.0637     0.5028 r
  U4786/ZN (NAND2_X1)                                   0.0357     0.5385 f
  U1833/ZN (NAND2_X1)                                   0.0332     0.5717 r
  U1691/ZN (AND3_X1)                                    0.0517     0.6235 r
  U4803/ZN (OAI21_X1)                                   0.0305     0.6539 f
  U4808/ZN (AND2_X1)                                    0.0418     0.6958 f
  U4809/ZN (OR4_X2)                                     0.1085     0.8043 f
  U4865/ZN (NOR2_X1)                                    0.0496     0.8539 r
  U1834/ZN (OR3_X2)                                     0.0529     0.9068 r
  U4938/ZN (NAND2_X1)                                   0.0371     0.9439 f
  U4939/ZN (XNOR2_X1)                                   0.0560     0.9999 r
  U4940/ZN (XNOR2_X1)                                   0.0629     1.0628 r
  U4948/ZN (AND3_X1)                                    0.0498     1.1126 r
  U4969/ZN (AND4_X1)                                    0.0596     1.1722 r
  U5007/ZN (NAND4_X1)                                   0.0389     1.2111 f
  U5112/ZN (NAND2_X1)                                   0.0346     1.2457 r
  U9945/ZN (AND2_X1)                                    0.0481     1.2938 r
  U9959/ZN (NAND2_X1)                                   0.0347     1.3285 f
  U9969/Z (BUF_X1)                                      0.0636     1.3921 f
  U10560/ZN (OR3_X1)                                    0.1090     1.5011 f
  U10566/ZN (NAND4_X1)                                  0.0331     1.5342 r
  DP_i_fetch_i_pc_i_Y_reg_4_/D (DFF_X2)                 0.0109     1.5451 r
  data arrival time                                                1.5451

  clock CLK (rise edge)                                 1.1000     1.1000
  clock network delay (ideal)                           0.0500     1.1500
  clock uncertainty                                    -0.0500     1.1000
  DP_i_fetch_i_pc_i_Y_reg_4_/CK (DFF_X2)                0.0000     1.1000 r
  library setup time                                   -0.0275     1.0725
  data required time                                               1.0725
  --------------------------------------------------------------------------
  data required time                                               1.0725
  data arrival time                                               -1.5451
  --------------------------------------------------------------------------
  slack (VIOLATED)                                                -0.4726


  Startpoint: DP_i_fetch_i_IR_out_reg_27_
              (rising edge-triggered flip-flop clocked by CLK)
  Endpoint: DP_i_fetch_i_pc_i_Y_reg_6_
            (rising edge-triggered flip-flop clocked by CLK)
  Path Group: REG2REG
  Path Type: max

  Des/Clust/Port     Wire Load Model       Library
  ------------------------------------------------
  DLX                5K_hvratio_1_4        NangateOpenCellLibrary

  Point                                                   Incr       Path
  --------------------------------------------------------------------------
  clock CLK (rise edge)                                 0.0000     0.0000
  clock network delay (ideal)                           0.0500     0.0500
  DP_i_fetch_i_IR_out_reg_27_/CK (DFF_X1)               0.0000     0.0500 r
  DP_i_fetch_i_IR_out_reg_27_/Q (DFF_X1)                0.1052     0.1552 f
  U1231/ZN (OR2_X2)                                     0.0680     0.2232 f
  U1511/ZN (NOR3_X1)                                    0.0595     0.2827 r
  U2023/Z (BUF_X1)                                      0.0507     0.3334 r
  U4771/ZN (OR2_X1)                                     0.0434     0.3769 r
  U4783/ZN (NAND2_X1)                                   0.0291     0.4060 f
  U4784/ZN (NAND2_X1)                                   0.0332     0.4391 r
  U4785/ZN (XNOR2_X1)                                   0.0637     0.5028 r
  U4786/ZN (NAND2_X1)                                   0.0357     0.5385 f
  U1833/ZN (NAND2_X1)                                   0.0332     0.5717 r
  U1691/ZN (AND3_X1)                                    0.0517     0.6235 r
  U4803/ZN (OAI21_X1)                                   0.0305     0.6539 f
  U4808/ZN (AND2_X1)                                    0.0418     0.6958 f
  U4809/ZN (OR4_X2)                                     0.1085     0.8043 f
  U4865/ZN (NOR2_X1)                                    0.0496     0.8539 r
  U1834/ZN (OR3_X2)                                     0.0529     0.9068 r
  U4938/ZN (NAND2_X1)                                   0.0371     0.9439 f
  U4939/ZN (XNOR2_X1)                                   0.0560     0.9999 r
  U4940/ZN (XNOR2_X1)                                   0.0629     1.0628 r
  U4948/ZN (AND3_X1)                                    0.0498     1.1126 r
  U4969/ZN (AND4_X1)                                    0.0596     1.1722 r
  U5007/ZN (NAND4_X1)                                   0.0389     1.2111 f
  U5112/ZN (NAND2_X1)                                   0.0346     1.2457 r
  U9945/ZN (AND2_X1)                                    0.0481     1.2938 r
  U9959/ZN (NAND2_X1)                                   0.0347     1.3285 f
  U9969/Z (BUF_X1)                                      0.0636     1.3921 f
  U10546/ZN (OR3_X1)                                    0.1090     1.5011 f
  U10552/ZN (NAND4_X1)                                  0.0331     1.5342 r
  DP_i_fetch_i_pc_i_Y_reg_6_/D (DFF_X2)                 0.0109     1.5451 r
  data arrival time                                                1.5451

  clock CLK (rise edge)                                 1.1000     1.1000
  clock network delay (ideal)                           0.0500     1.1500
  clock uncertainty                                    -0.0500     1.1000
  DP_i_fetch_i_pc_i_Y_reg_6_/CK (DFF_X2)                0.0000     1.1000 r
  library setup time                                   -0.0275     1.0725
  data required time                                               1.0725
  --------------------------------------------------------------------------
  data required time                                               1.0725
  data arrival time                                               -1.5451
  --------------------------------------------------------------------------
  slack (VIOLATED)                                                -0.4726


1
