 
****************************************
Report : timing
        -path full
        -delay max
        -nworst 2
        -group REG2REG
        -max_paths 10
Design : DLX
Version: W-2024.09-SP2
Date   : Sun Sep 27 03:42:38 2026
****************************************

Operating Conditions: typical   Library: NangateOpenCellLibrary
Wire Load Model Mode: top

  Startpoint: DP_i/fetch_i_IR_out_reg_28_
              (rising edge-triggered flip-flop clocked by CLK)
  Endpoint: DP_i/fetch_i_pc_i_Y_reg_29_
            (rising edge-triggered flip-flop clocked by CLK)
  Path Group: REG2REG
  Path Type: max

  Des/Clust/Port     Wire Load Model       Library
  ------------------------------------------------
  DLX                5K_hvratio_1_4        NangateOpenCellLibrary

  Point                                                   Incr       Path
  --------------------------------------------------------------------------
  clock CLK (rise edge)                                 0.0000     0.0000
  clock network delay (ideal)                           0.0500     0.0500
  DP_i/fetch_i_IR_out_reg_28_/CK (DFF_X1)               0.0000     0.0500 r
  DP_i/fetch_i_IR_out_reg_28_/Q (DFF_X1)                0.1073     0.1573 f
  DP_i/opcode[2] (DataPath)                             0.0000     0.1573 f
  U774/ZN (OR3_X1)                                      0.1086     0.2659 f
  U806/ZN (NOR2_X4)                                     0.1192     0.3851 r
  DP_i/RF2 (DataPath)                                   0.0000     0.3851 r
  DP_i/U178/ZN (OR2_X1)                                 0.0632     0.4483 r
  DP_i/U401/ZN (NOR2_X1)                                0.0322     0.4805 f
  DP_i/U402/ZN (AOI21_X1)                               0.0779     0.5584 r
  DP_i/U403/ZN (AOI21_X1)                               0.0368     0.5952 f
  DP_i/U412/ZN (AND2_X1)                                0.0501     0.6453 f
  DP_i/U45/ZN (NOR2_X2)                                 0.0634     0.7088 r
  DP_i/U415/Z (XOR2_X1)                                 0.0879     0.7967 r
  DP_i/U416/ZN (NAND2_X1)                               0.0400     0.8366 f
  DP_i/U421/ZN (NAND2_X1)                               0.0369     0.8735 r
  DP_i/U515/CO (FA_X1)                                  0.0704     0.9439 r
  DP_i/U423/ZN (NAND2_X1)                               0.0450     0.9889 f
  DP_i/U424/ZN (NOR2_X1)                                0.0636     1.0525 r
  DP_i/U425/ZN (NOR3_X1)                                0.0331     1.0856 f
  DP_i/U426/ZN (NAND2_X1)                               0.0385     1.1242 r
  DP_i/U427/ZN (NAND2_X1)                               0.0343     1.1585 f
  DP_i/U428/ZN (NOR2_X1)                                0.0523     1.2108 r
  DP_i/U182/ZN (OR2_X1)                                 0.0436     1.2545 r
  DP_i/U433/ZN (NAND2_X1)                               0.0317     1.2861 f
  DP_i/U434/ZN (NOR2_X1)                                0.0512     1.3373 r
  DP_i/U435/ZN (NOR3_X1)                                0.0290     1.3663 f
  DP_i/U179/ZN (OR2_X1)                                 0.0636     1.4299 f
  DP_i/U174/ZN (OAI21_X1)                               0.0463     1.4762 r
  DP_i/U177/ZN (AND2_X1)                                0.0494     1.5256 r
  DP_i/U440/ZN (NAND2_X1)                               0.0321     1.5577 f
  DP_i/U441/ZN (NOR2_X1)                                0.0599     1.6176 r
  DP_i/U446/ZN (XNOR2_X1)                               0.0453     1.6629 f
  DP_i/U448/ZN (AOI22_X1)                               0.0854     1.7483 r
  DP_i/U451/ZN (NOR2_X1)                                0.0355     1.7838 f
  DP_i/U453/ZN (NOR2_X1)                                0.0473     1.8311 r
  DP_i/U456/ZN (NAND2_X1)                               0.0350     1.8662 f
  DP_i/U465/ZN (NAND2_X1)                               0.0338     1.8999 r
  DP_i/U466/ZN (AOI21_X1)                               0.0317     1.9316 f
  DP_i/U471/ZN (NAND2_X1)                               0.0405     1.9721 r
  DP_i/U478/ZN (NAND2_X1)                               0.0356     2.0077 f
  DP_i/U555/ZN (NOR3_X1)                                0.0614     2.0690 r
  DP_i/U559/ZN (AOI21_X1)                               0.0430     2.1120 f
  DP_i/U573/ZN (NOR2_X1)                                0.0545     2.1665 r
  DP_i/U575/ZN (NAND2_X1)                               0.0455     2.2121 f
  DP_i/U577/ZN (NOR2_X1)                                0.0506     2.2627 r
  DP_i/U580/ZN (AOI22_X1)                               0.0346     2.2973 f
  DP_i/U581/ZN (XNOR2_X1)                               0.0710     2.3683 f
  DP_i/U583/ZN (AND2_X1)                                0.0472     2.4155 f
  DP_i/U585/ZN (NOR3_X1)                                0.0598     2.4753 r
  DP_i/U586/ZN (NAND4_X1)                               0.0487     2.5240 f
  DP_i/U588/ZN (AOI22_X1)                               0.0682     2.5922 r
  DP_i/U46/ZN (AOI21_X2)                                0.0543     2.6465 f
  DP_i/U4872/ZN (NAND3_X2)                              0.1232     2.7697 r
  DP_i/U2990/ZN (INV_X1)                                0.0794     2.8491 f
  DP_i/U2992/ZN (AOI22_X1)                              0.0628     2.9118 r
  DP_i/U2999/ZN (NAND4_X1)                              0.0455     2.9574 f
  DP_i/fetch_i_pc_i_Y_reg_29_/D (DFF_X1)                0.0104     2.9678 f
  data arrival time                                                2.9678

  clock CLK (rise edge)                                 3.0000     3.0000
  clock network delay (ideal)                           0.0500     3.0500
  clock uncertainty                                    -0.0500     3.0000
  DP_i/fetch_i_pc_i_Y_reg_29_/CK (DFF_X1)               0.0000     3.0000 r
  library setup time                                   -0.0284     2.9716
  data required time                                               2.9716
  --------------------------------------------------------------------------
  data required time                                               2.9716
  data arrival time                                               -2.9678
  --------------------------------------------------------------------------
  slack (MET)                                                      0.0038


  Startpoint: DP_i/fetch_i_IR_out_reg_28_
              (rising edge-triggered flip-flop clocked by CLK)
  Endpoint: DP_i/fetch_i_pc_i_Y_reg_28_
            (rising edge-triggered flip-flop clocked by CLK)
  Path Group: REG2REG
  Path Type: max

  Des/Clust/Port     Wire Load Model       Library
  ------------------------------------------------
  DLX                5K_hvratio_1_4        NangateOpenCellLibrary

  Point                                                   Incr       Path
  --------------------------------------------------------------------------
  clock CLK (rise edge)                                 0.0000     0.0000
  clock network delay (ideal)                           0.0500     0.0500
  DP_i/fetch_i_IR_out_reg_28_/CK (DFF_X1)               0.0000     0.0500 r
  DP_i/fetch_i_IR_out_reg_28_/Q (DFF_X1)                0.1073     0.1573 f
  DP_i/opcode[2] (DataPath)                             0.0000     0.1573 f
  U774/ZN (OR3_X1)                                      0.1086     0.2659 f
  U806/ZN (NOR2_X4)                                     0.1192     0.3851 r
  DP_i/RF2 (DataPath)                                   0.0000     0.3851 r
  DP_i/U178/ZN (OR2_X1)                                 0.0632     0.4483 r
  DP_i/U401/ZN (NOR2_X1)                                0.0322     0.4805 f
  DP_i/U402/ZN (AOI21_X1)                               0.0779     0.5584 r
  DP_i/U403/ZN (AOI21_X1)                               0.0368     0.5952 f
  DP_i/U412/ZN (AND2_X1)                                0.0501     0.6453 f
  DP_i/U45/ZN (NOR2_X2)                                 0.0634     0.7088 r
  DP_i/U415/Z (XOR2_X1)                                 0.0879     0.7967 r
  DP_i/U416/ZN (NAND2_X1)                               0.0400     0.8366 f
  DP_i/U421/ZN (NAND2_X1)                               0.0369     0.8735 r
  DP_i/U515/CO (FA_X1)                                  0.0704     0.9439 r
  DP_i/U423/ZN (NAND2_X1)                               0.0450     0.9889 f
  DP_i/U424/ZN (NOR2_X1)                                0.0636     1.0525 r
  DP_i/U425/ZN (NOR3_X1)                                0.0331     1.0856 f
  DP_i/U426/ZN (NAND2_X1)                               0.0385     1.1242 r
  DP_i/U427/ZN (NAND2_X1)                               0.0343     1.1585 f
  DP_i/U428/ZN (NOR2_X1)                                0.0523     1.2108 r
  DP_i/U182/ZN (OR2_X1)                                 0.0436     1.2545 r
  DP_i/U433/ZN (NAND2_X1)                               0.0317     1.2861 f
  DP_i/U434/ZN (NOR2_X1)                                0.0512     1.3373 r
  DP_i/U435/ZN (NOR3_X1)                                0.0290     1.3663 f
  DP_i/U179/ZN (OR2_X1)                                 0.0636     1.4299 f
  DP_i/U174/ZN (OAI21_X1)                               0.0463     1.4762 r
  DP_i/U177/ZN (AND2_X1)                                0.0494     1.5256 r
  DP_i/U440/ZN (NAND2_X1)                               0.0321     1.5577 f
  DP_i/U441/ZN (NOR2_X1)                                0.0599     1.6176 r
  DP_i/U446/ZN (XNOR2_X1)                               0.0453     1.6629 f
  DP_i/U448/ZN (AOI22_X1)                               0.0854     1.7483 r
  DP_i/U451/ZN (NOR2_X1)                                0.0355     1.7838 f
  DP_i/U453/ZN (NOR2_X1)                                0.0473     1.8311 r
  DP_i/U456/ZN (NAND2_X1)                               0.0350     1.8662 f
  DP_i/U465/ZN (NAND2_X1)                               0.0338     1.8999 r
  DP_i/U466/ZN (AOI21_X1)                               0.0317     1.9316 f
  DP_i/U471/ZN (NAND2_X1)                               0.0405     1.9721 r
  DP_i/U478/ZN (NAND2_X1)                               0.0356     2.0077 f
  DP_i/U555/ZN (NOR3_X1)                                0.0614     2.0690 r
  DP_i/U559/ZN (AOI21_X1)                               0.0430     2.1120 f
  DP_i/U573/ZN (NOR2_X1)                                0.0545     2.1665 r
  DP_i/U575/ZN (NAND2_X1)                               0.0455     2.2121 f
  DP_i/U577/ZN (NOR2_X1)                                0.0506     2.2627 r
  DP_i/U580/ZN (AOI22_X1)                               0.0346     2.2973 f
  DP_i/U581/ZN (XNOR2_X1)                               0.0710     2.3683 f
  DP_i/U583/ZN (AND2_X1)                                0.0472     2.4155 f
  DP_i/U585/ZN (NOR3_X1)                                0.0598     2.4753 r
  DP_i/U586/ZN (NAND4_X1)                               0.0487     2.5240 f
  DP_i/U588/ZN (AOI22_X1)                               0.0682     2.5922 r
  DP_i/U46/ZN (AOI21_X2)                                0.0543     2.6465 f
  DP_i/U4872/ZN (NAND3_X2)                              0.1232     2.7697 r
  DP_i/U2990/ZN (INV_X1)                                0.0794     2.8491 f
  DP_i/U3002/ZN (AOI22_X1)                              0.0628     2.9118 r
  DP_i/U3005/ZN (NAND4_X1)                              0.0455     2.9574 f
  DP_i/fetch_i_pc_i_Y_reg_28_/D (DFF_X1)                0.0104     2.9678 f
  data arrival time                                                2.9678

  clock CLK (rise edge)                                 3.0000     3.0000
  clock network delay (ideal)                           0.0500     3.0500
  clock uncertainty                                    -0.0500     3.0000
  DP_i/fetch_i_pc_i_Y_reg_28_/CK (DFF_X1)               0.0000     3.0000 r
  library setup time                                   -0.0284     2.9716
  data required time                                               2.9716
  --------------------------------------------------------------------------
  data required time                                               2.9716
  data arrival time                                               -2.9678
  --------------------------------------------------------------------------
  slack (MET)                                                      0.0038


  Startpoint: DP_i/fetch_i_IR_out_reg_28_
              (rising edge-triggered flip-flop clocked by CLK)
  Endpoint: DP_i/fetch_i_pc_i_Y_reg_27_
            (rising edge-triggered flip-flop clocked by CLK)
  Path Group: REG2REG
  Path Type: max

  Des/Clust/Port     Wire Load Model       Library
  ------------------------------------------------
  DLX                5K_hvratio_1_4        NangateOpenCellLibrary

  Point                                                   Incr       Path
  --------------------------------------------------------------------------
  clock CLK (rise edge)                                 0.0000     0.0000
  clock network delay (ideal)                           0.0500     0.0500
  DP_i/fetch_i_IR_out_reg_28_/CK (DFF_X1)               0.0000     0.0500 r
  DP_i/fetch_i_IR_out_reg_28_/Q (DFF_X1)                0.1073     0.1573 f
  DP_i/opcode[2] (DataPath)                             0.0000     0.1573 f
  U774/ZN (OR3_X1)                                      0.1086     0.2659 f
  U806/ZN (NOR2_X4)                                     0.1192     0.3851 r
  DP_i/RF2 (DataPath)                                   0.0000     0.3851 r
  DP_i/U178/ZN (OR2_X1)                                 0.0632     0.4483 r
  DP_i/U401/ZN (NOR2_X1)                                0.0322     0.4805 f
  DP_i/U402/ZN (AOI21_X1)                               0.0779     0.5584 r
  DP_i/U403/ZN (AOI21_X1)                               0.0368     0.5952 f
  DP_i/U412/ZN (AND2_X1)                                0.0501     0.6453 f
  DP_i/U45/ZN (NOR2_X2)                                 0.0634     0.7088 r
  DP_i/U415/Z (XOR2_X1)                                 0.0879     0.7967 r
  DP_i/U416/ZN (NAND2_X1)                               0.0400     0.8366 f
  DP_i/U421/ZN (NAND2_X1)                               0.0369     0.8735 r
  DP_i/U515/CO (FA_X1)                                  0.0704     0.9439 r
  DP_i/U423/ZN (NAND2_X1)                               0.0450     0.9889 f
  DP_i/U424/ZN (NOR2_X1)                                0.0636     1.0525 r
  DP_i/U425/ZN (NOR3_X1)                                0.0331     1.0856 f
  DP_i/U426/ZN (NAND2_X1)                               0.0385     1.1242 r
  DP_i/U427/ZN (NAND2_X1)                               0.0343     1.1585 f
  DP_i/U428/ZN (NOR2_X1)                                0.0523     1.2108 r
  DP_i/U182/ZN (OR2_X1)                                 0.0436     1.2545 r
  DP_i/U433/ZN (NAND2_X1)                               0.0317     1.2861 f
  DP_i/U434/ZN (NOR2_X1)                                0.0512     1.3373 r
  DP_i/U435/ZN (NOR3_X1)                                0.0290     1.3663 f
  DP_i/U179/ZN (OR2_X1)                                 0.0636     1.4299 f
  DP_i/U174/ZN (OAI21_X1)                               0.0463     1.4762 r
  DP_i/U177/ZN (AND2_X1)                                0.0494     1.5256 r
  DP_i/U440/ZN (NAND2_X1)                               0.0321     1.5577 f
  DP_i/U441/ZN (NOR2_X1)                                0.0599     1.6176 r
  DP_i/U446/ZN (XNOR2_X1)                               0.0453     1.6629 f
  DP_i/U448/ZN (AOI22_X1)                               0.0854     1.7483 r
  DP_i/U451/ZN (NOR2_X1)                                0.0355     1.7838 f
  DP_i/U453/ZN (NOR2_X1)                                0.0473     1.8311 r
  DP_i/U456/ZN (NAND2_X1)                               0.0350     1.8662 f
  DP_i/U465/ZN (NAND2_X1)                               0.0338     1.8999 r
  DP_i/U466/ZN (AOI21_X1)                               0.0317     1.9316 f
  DP_i/U471/ZN (NAND2_X1)                               0.0405     1.9721 r
  DP_i/U478/ZN (NAND2_X1)                               0.0356     2.0077 f
  DP_i/U555/ZN (NOR3_X1)                                0.0614     2.0690 r
  DP_i/U559/ZN (AOI21_X1)                               0.0430     2.1120 f
  DP_i/U573/ZN (NOR2_X1)                                0.0545     2.1665 r
  DP_i/U575/ZN (NAND2_X1)                               0.0455     2.2121 f
  DP_i/U577/ZN (NOR2_X1)                                0.0506     2.2627 r
  DP_i/U580/ZN (AOI22_X1)                               0.0346     2.2973 f
  DP_i/U581/ZN (XNOR2_X1)                               0.0710     2.3683 f
  DP_i/U583/ZN (AND2_X1)                                0.0472     2.4155 f
  DP_i/U585/ZN (NOR3_X1)                                0.0598     2.4753 r
  DP_i/U586/ZN (NAND4_X1)                               0.0487     2.5240 f
  DP_i/U588/ZN (AOI22_X1)                               0.0682     2.5922 r
  DP_i/U46/ZN (AOI21_X2)                                0.0543     2.6465 f
  DP_i/U4872/ZN (NAND3_X2)                              0.1232     2.7697 r
  DP_i/U2990/ZN (INV_X1)                                0.0794     2.8491 f
  DP_i/U3008/ZN (AOI22_X1)                              0.0628     2.9118 r
  DP_i/U3011/ZN (NAND4_X1)                              0.0455     2.9574 f
  DP_i/fetch_i_pc_i_Y_reg_27_/D (DFF_X1)                0.0104     2.9678 f
  data arrival time                                                2.9678

  clock CLK (rise edge)                                 3.0000     3.0000
  clock network delay (ideal)                           0.0500     3.0500
  clock uncertainty                                    -0.0500     3.0000
  DP_i/fetch_i_pc_i_Y_reg_27_/CK (DFF_X1)               0.0000     3.0000 r
  library setup time                                   -0.0284     2.9716
  data required time                                               2.9716
  --------------------------------------------------------------------------
  data required time                                               2.9716
  data arrival time                                               -2.9678
  --------------------------------------------------------------------------
  slack (MET)                                                      0.0038


  Startpoint: DP_i/fetch_i_IR_out_reg_28_
              (rising edge-triggered flip-flop clocked by CLK)
  Endpoint: DP_i/fetch_i_pc_i_Y_reg_29_
            (rising edge-triggered flip-flop clocked by CLK)
  Path Group: REG2REG
  Path Type: max

  Des/Clust/Port     Wire Load Model       Library
  ------------------------------------------------
  DLX                5K_hvratio_1_4        NangateOpenCellLibrary

  Point                                                   Incr       Path
  --------------------------------------------------------------------------
  clock CLK (rise edge)                                 0.0000     0.0000
  clock network delay (ideal)                           0.0500     0.0500
  DP_i/fetch_i_IR_out_reg_28_/CK (DFF_X1)               0.0000     0.0500 r
  DP_i/fetch_i_IR_out_reg_28_/Q (DFF_X1)                0.1073     0.1573 f
  DP_i/opcode[2] (DataPath)                             0.0000     0.1573 f
  U774/ZN (OR3_X1)                                      0.1086     0.2659 f
  U806/ZN (NOR2_X4)                                     0.1192     0.3851 r
  DP_i/RF2 (DataPath)                                   0.0000     0.3851 r
  DP_i/U178/ZN (OR2_X1)                                 0.0632     0.4483 r
  DP_i/U401/ZN (NOR2_X1)                                0.0322     0.4805 f
  DP_i/U402/ZN (AOI21_X1)                               0.0779     0.5584 r
  DP_i/U403/ZN (AOI21_X1)                               0.0368     0.5952 f
  DP_i/U412/ZN (AND2_X1)                                0.0501     0.6453 f
  DP_i/U45/ZN (NOR2_X2)                                 0.0634     0.7088 r
  DP_i/U415/Z (XOR2_X1)                                 0.0879     0.7967 r
  DP_i/U416/ZN (NAND2_X1)                               0.0400     0.8366 f
  DP_i/U421/ZN (NAND2_X1)                               0.0369     0.8735 r
  DP_i/U515/CO (FA_X1)                                  0.0704     0.9439 r
  DP_i/U423/ZN (NAND2_X1)                               0.0450     0.9889 f
  DP_i/U424/ZN (NOR2_X1)                                0.0636     1.0525 r
  DP_i/U425/ZN (NOR3_X1)                                0.0331     1.0856 f
  DP_i/U426/ZN (NAND2_X1)                               0.0385     1.1242 r
  DP_i/U427/ZN (NAND2_X1)                               0.0343     1.1585 f
  DP_i/U428/ZN (NOR2_X1)                                0.0523     1.2108 r
  DP_i/U182/ZN (OR2_X1)                                 0.0436     1.2545 r
  DP_i/U433/ZN (NAND2_X1)                               0.0317     1.2861 f
  DP_i/U434/ZN (NOR2_X1)                                0.0512     1.3373 r
  DP_i/U435/ZN (NOR3_X1)                                0.0290     1.3663 f
  DP_i/U179/ZN (OR2_X1)                                 0.0636     1.4299 f
  DP_i/U174/ZN (OAI21_X1)                               0.0463     1.4762 r
  DP_i/U177/ZN (AND2_X1)                                0.0494     1.5256 r
  DP_i/U440/ZN (NAND2_X1)                               0.0321     1.5577 f
  DP_i/U441/ZN (NOR2_X1)                                0.0599     1.6176 r
  DP_i/U446/ZN (XNOR2_X1)                               0.0453     1.6629 f
  DP_i/U448/ZN (AOI22_X1)                               0.0854     1.7483 r
  DP_i/U451/ZN (NOR2_X1)                                0.0355     1.7838 f
  DP_i/U453/ZN (NOR2_X1)                                0.0473     1.8311 r
  DP_i/U456/ZN (NAND2_X1)                               0.0350     1.8662 f
  DP_i/U465/ZN (NAND2_X1)                               0.0338     1.8999 r
  DP_i/U466/ZN (AOI21_X1)                               0.0317     1.9316 f
  DP_i/U471/ZN (NAND2_X1)                               0.0405     1.9721 r
  DP_i/U478/ZN (NAND2_X1)                               0.0356     2.0077 f
  DP_i/U555/ZN (NOR3_X1)                                0.0614     2.0690 r
  DP_i/U559/ZN (AOI21_X1)                               0.0430     2.1120 f
  DP_i/U573/ZN (NOR2_X1)                                0.0545     2.1665 r
  DP_i/U575/ZN (NAND2_X1)                               0.0455     2.2121 f
  DP_i/U577/ZN (NOR2_X1)                                0.0506     2.2627 r
  DP_i/U580/ZN (AOI22_X1)                               0.0344     2.2971 f
  DP_i/U581/ZN (XNOR2_X1)                               0.0710     2.3681 f
  DP_i/U583/ZN (AND2_X1)                                0.0472     2.4153 f
  DP_i/U585/ZN (NOR3_X1)                                0.0598     2.4751 r
  DP_i/U586/ZN (NAND4_X1)                               0.0487     2.5238 f
  DP_i/U588/ZN (AOI22_X1)                               0.0682     2.5919 r
  DP_i/U46/ZN (AOI21_X2)                                0.0543     2.6463 f
  DP_i/U4872/ZN (NAND3_X2)                              0.1232     2.7694 r
  DP_i/U2990/ZN (INV_X1)                                0.0794     2.8489 f
  DP_i/U2992/ZN (AOI22_X1)                              0.0628     2.9116 r
  DP_i/U2999/ZN (NAND4_X1)                              0.0455     2.9572 f
  DP_i/fetch_i_pc_i_Y_reg_29_/D (DFF_X1)                0.0104     2.9676 f
  data arrival time                                                2.9676

  clock CLK (rise edge)                                 3.0000     3.0000
  clock network delay (ideal)                           0.0500     3.0500
  clock uncertainty                                    -0.0500     3.0000
  DP_i/fetch_i_pc_i_Y_reg_29_/CK (DFF_X1)               0.0000     3.0000 r
  library setup time                                   -0.0284     2.9716
  data required time                                               2.9716
  --------------------------------------------------------------------------
  data required time                                               2.9716
  data arrival time                                               -2.9676
  --------------------------------------------------------------------------
  slack (MET)                                                      0.0040


  Startpoint: DP_i/fetch_i_IR_out_reg_28_
              (rising edge-triggered flip-flop clocked by CLK)
  Endpoint: DP_i/fetch_i_pc_i_Y_reg_28_
            (rising edge-triggered flip-flop clocked by CLK)
  Path Group: REG2REG
  Path Type: max

  Des/Clust/Port     Wire Load Model       Library
  ------------------------------------------------
  DLX                5K_hvratio_1_4        NangateOpenCellLibrary

  Point                                                   Incr       Path
  --------------------------------------------------------------------------
  clock CLK (rise edge)                                 0.0000     0.0000
  clock network delay (ideal)                           0.0500     0.0500
  DP_i/fetch_i_IR_out_reg_28_/CK (DFF_X1)               0.0000     0.0500 r
  DP_i/fetch_i_IR_out_reg_28_/Q (DFF_X1)                0.1073     0.1573 f
  DP_i/opcode[2] (DataPath)                             0.0000     0.1573 f
  U774/ZN (OR3_X1)                                      0.1086     0.2659 f
  U806/ZN (NOR2_X4)                                     0.1192     0.3851 r
  DP_i/RF2 (DataPath)                                   0.0000     0.3851 r
  DP_i/U178/ZN (OR2_X1)                                 0.0632     0.4483 r
  DP_i/U401/ZN (NOR2_X1)                                0.0322     0.4805 f
  DP_i/U402/ZN (AOI21_X1)                               0.0779     0.5584 r
  DP_i/U403/ZN (AOI21_X1)                               0.0368     0.5952 f
  DP_i/U412/ZN (AND2_X1)                                0.0501     0.6453 f
  DP_i/U45/ZN (NOR2_X2)                                 0.0634     0.7088 r
  DP_i/U415/Z (XOR2_X1)                                 0.0879     0.7967 r
  DP_i/U416/ZN (NAND2_X1)                               0.0400     0.8366 f
  DP_i/U421/ZN (NAND2_X1)                               0.0369     0.8735 r
  DP_i/U515/CO (FA_X1)                                  0.0704     0.9439 r
  DP_i/U423/ZN (NAND2_X1)                               0.0450     0.9889 f
  DP_i/U424/ZN (NOR2_X1)                                0.0636     1.0525 r
  DP_i/U425/ZN (NOR3_X1)                                0.0331     1.0856 f
  DP_i/U426/ZN (NAND2_X1)                               0.0385     1.1242 r
  DP_i/U427/ZN (NAND2_X1)                               0.0343     1.1585 f
  DP_i/U428/ZN (NOR2_X1)                                0.0523     1.2108 r
  DP_i/U182/ZN (OR2_X1)                                 0.0436     1.2545 r
  DP_i/U433/ZN (NAND2_X1)                               0.0317     1.2861 f
  DP_i/U434/ZN (NOR2_X1)                                0.0512     1.3373 r
  DP_i/U435/ZN (NOR3_X1)                                0.0290     1.3663 f
  DP_i/U179/ZN (OR2_X1)                                 0.0636     1.4299 f
  DP_i/U174/ZN (OAI21_X1)                               0.0463     1.4762 r
  DP_i/U177/ZN (AND2_X1)                                0.0494     1.5256 r
  DP_i/U440/ZN (NAND2_X1)                               0.0321     1.5577 f
  DP_i/U441/ZN (NOR2_X1)                                0.0599     1.6176 r
  DP_i/U446/ZN (XNOR2_X1)                               0.0453     1.6629 f
  DP_i/U448/ZN (AOI22_X1)                               0.0854     1.7483 r
  DP_i/U451/ZN (NOR2_X1)                                0.0355     1.7838 f
  DP_i/U453/ZN (NOR2_X1)                                0.0473     1.8311 r
  DP_i/U456/ZN (NAND2_X1)                               0.0350     1.8662 f
  DP_i/U465/ZN (NAND2_X1)                               0.0338     1.8999 r
  DP_i/U466/ZN (AOI21_X1)                               0.0317     1.9316 f
  DP_i/U471/ZN (NAND2_X1)                               0.0405     1.9721 r
  DP_i/U478/ZN (NAND2_X1)                               0.0356     2.0077 f
  DP_i/U555/ZN (NOR3_X1)                                0.0614     2.0690 r
  DP_i/U559/ZN (AOI21_X1)                               0.0430     2.1120 f
  DP_i/U573/ZN (NOR2_X1)                                0.0545     2.1665 r
  DP_i/U575/ZN (NAND2_X1)                               0.0455     2.2121 f
  DP_i/U577/ZN (NOR2_X1)                                0.0506     2.2627 r
  DP_i/U580/ZN (AOI22_X1)                               0.0344     2.2971 f
  DP_i/U581/ZN (XNOR2_X1)                               0.0710     2.3681 f
  DP_i/U583/ZN (AND2_X1)                                0.0472     2.4153 f
  DP_i/U585/ZN (NOR3_X1)                                0.0598     2.4751 r
  DP_i/U586/ZN (NAND4_X1)                               0.0487     2.5238 f
  DP_i/U588/ZN (AOI22_X1)                               0.0682     2.5919 r
  DP_i/U46/ZN (AOI21_X2)                                0.0543     2.6463 f
  DP_i/U4872/ZN (NAND3_X2)                              0.1232     2.7694 r
  DP_i/U2990/ZN (INV_X1)                                0.0794     2.8489 f
  DP_i/U3002/ZN (AOI22_X1)                              0.0628     2.9116 r
  DP_i/U3005/ZN (NAND4_X1)                              0.0455     2.9572 f
  DP_i/fetch_i_pc_i_Y_reg_28_/D (DFF_X1)                0.0104     2.9676 f
  data arrival time                                                2.9676

  clock CLK (rise edge)                                 3.0000     3.0000
  clock network delay (ideal)                           0.0500     3.0500
  clock uncertainty                                    -0.0500     3.0000
  DP_i/fetch_i_pc_i_Y_reg_28_/CK (DFF_X1)               0.0000     3.0000 r
  library setup time                                   -0.0284     2.9716
  data required time                                               2.9716
  --------------------------------------------------------------------------
  data required time                                               2.9716
  data arrival time                                               -2.9676
  --------------------------------------------------------------------------
  slack (MET)                                                      0.0040


  Startpoint: DP_i/fetch_i_IR_out_reg_28_
              (rising edge-triggered flip-flop clocked by CLK)
  Endpoint: DP_i/fetch_i_pc_i_Y_reg_27_
            (rising edge-triggered flip-flop clocked by CLK)
  Path Group: REG2REG
  Path Type: max

  Des/Clust/Port     Wire Load Model       Library
  ------------------------------------------------
  DLX                5K_hvratio_1_4        NangateOpenCellLibrary

  Point                                                   Incr       Path
  --------------------------------------------------------------------------
  clock CLK (rise edge)                                 0.0000     0.0000
  clock network delay (ideal)                           0.0500     0.0500
  DP_i/fetch_i_IR_out_reg_28_/CK (DFF_X1)               0.0000     0.0500 r
  DP_i/fetch_i_IR_out_reg_28_/Q (DFF_X1)                0.1073     0.1573 f
  DP_i/opcode[2] (DataPath)                             0.0000     0.1573 f
  U774/ZN (OR3_X1)                                      0.1086     0.2659 f
  U806/ZN (NOR2_X4)                                     0.1192     0.3851 r
  DP_i/RF2 (DataPath)                                   0.0000     0.3851 r
  DP_i/U178/ZN (OR2_X1)                                 0.0632     0.4483 r
  DP_i/U401/ZN (NOR2_X1)                                0.0322     0.4805 f
  DP_i/U402/ZN (AOI21_X1)                               0.0779     0.5584 r
  DP_i/U403/ZN (AOI21_X1)                               0.0368     0.5952 f
  DP_i/U412/ZN (AND2_X1)                                0.0501     0.6453 f
  DP_i/U45/ZN (NOR2_X2)                                 0.0634     0.7088 r
  DP_i/U415/Z (XOR2_X1)                                 0.0879     0.7967 r
  DP_i/U416/ZN (NAND2_X1)                               0.0400     0.8366 f
  DP_i/U421/ZN (NAND2_X1)                               0.0369     0.8735 r
  DP_i/U515/CO (FA_X1)                                  0.0704     0.9439 r
  DP_i/U423/ZN (NAND2_X1)                               0.0450     0.9889 f
  DP_i/U424/ZN (NOR2_X1)                                0.0636     1.0525 r
  DP_i/U425/ZN (NOR3_X1)                                0.0331     1.0856 f
  DP_i/U426/ZN (NAND2_X1)                               0.0385     1.1242 r
  DP_i/U427/ZN (NAND2_X1)                               0.0343     1.1585 f
  DP_i/U428/ZN (NOR2_X1)                                0.0523     1.2108 r
  DP_i/U182/ZN (OR2_X1)                                 0.0436     1.2545 r
  DP_i/U433/ZN (NAND2_X1)                               0.0317     1.2861 f
  DP_i/U434/ZN (NOR2_X1)                                0.0512     1.3373 r
  DP_i/U435/ZN (NOR3_X1)                                0.0290     1.3663 f
  DP_i/U179/ZN (OR2_X1)                                 0.0636     1.4299 f
  DP_i/U174/ZN (OAI21_X1)                               0.0463     1.4762 r
  DP_i/U177/ZN (AND2_X1)                                0.0494     1.5256 r
  DP_i/U440/ZN (NAND2_X1)                               0.0321     1.5577 f
  DP_i/U441/ZN (NOR2_X1)                                0.0599     1.6176 r
  DP_i/U446/ZN (XNOR2_X1)                               0.0453     1.6629 f
  DP_i/U448/ZN (AOI22_X1)                               0.0854     1.7483 r
  DP_i/U451/ZN (NOR2_X1)                                0.0355     1.7838 f
  DP_i/U453/ZN (NOR2_X1)                                0.0473     1.8311 r
  DP_i/U456/ZN (NAND2_X1)                               0.0350     1.8662 f
  DP_i/U465/ZN (NAND2_X1)                               0.0338     1.8999 r
  DP_i/U466/ZN (AOI21_X1)                               0.0317     1.9316 f
  DP_i/U471/ZN (NAND2_X1)                               0.0405     1.9721 r
  DP_i/U478/ZN (NAND2_X1)                               0.0356     2.0077 f
  DP_i/U555/ZN (NOR3_X1)                                0.0614     2.0690 r
  DP_i/U559/ZN (AOI21_X1)                               0.0430     2.1120 f
  DP_i/U573/ZN (NOR2_X1)                                0.0545     2.1665 r
  DP_i/U575/ZN (NAND2_X1)                               0.0455     2.2121 f
  DP_i/U577/ZN (NOR2_X1)                                0.0506     2.2627 r
  DP_i/U580/ZN (AOI22_X1)                               0.0344     2.2971 f
  DP_i/U581/ZN (XNOR2_X1)                               0.0710     2.3681 f
  DP_i/U583/ZN (AND2_X1)                                0.0472     2.4153 f
  DP_i/U585/ZN (NOR3_X1)                                0.0598     2.4751 r
  DP_i/U586/ZN (NAND4_X1)                               0.0487     2.5238 f
  DP_i/U588/ZN (AOI22_X1)                               0.0682     2.5919 r
  DP_i/U46/ZN (AOI21_X2)                                0.0543     2.6463 f
  DP_i/U4872/ZN (NAND3_X2)                              0.1232     2.7694 r
  DP_i/U2990/ZN (INV_X1)                                0.0794     2.8489 f
  DP_i/U3008/ZN (AOI22_X1)                              0.0628     2.9116 r
  DP_i/U3011/ZN (NAND4_X1)                              0.0455     2.9572 f
  DP_i/fetch_i_pc_i_Y_reg_27_/D (DFF_X1)                0.0104     2.9676 f
  data arrival time                                                2.9676

  clock CLK (rise edge)                                 3.0000     3.0000
  clock network delay (ideal)                           0.0500     3.0500
  clock uncertainty                                    -0.0500     3.0000
  DP_i/fetch_i_pc_i_Y_reg_27_/CK (DFF_X1)               0.0000     3.0000 r
  library setup time                                   -0.0284     2.9716
  data required time                                               2.9716
  --------------------------------------------------------------------------
  data required time                                               2.9716
  data arrival time                                               -2.9676
  --------------------------------------------------------------------------
  slack (MET)                                                      0.0040


  Startpoint: DP_i/fetch_i_IR_out_reg_28_
              (rising edge-triggered flip-flop clocked by CLK)
  Endpoint: DP_i/fetch_i_pc_i_Y_reg_26_
            (rising edge-triggered flip-flop clocked by CLK)
  Path Group: REG2REG
  Path Type: max

  Des/Clust/Port     Wire Load Model       Library
  ------------------------------------------------
  DLX                5K_hvratio_1_4        NangateOpenCellLibrary

  Point                                                   Incr       Path
  --------------------------------------------------------------------------
  clock CLK (rise edge)                                 0.0000     0.0000
  clock network delay (ideal)                           0.0500     0.0500
  DP_i/fetch_i_IR_out_reg_28_/CK (DFF_X1)               0.0000     0.0500 r
  DP_i/fetch_i_IR_out_reg_28_/Q (DFF_X1)                0.1073     0.1573 f
  DP_i/opcode[2] (DataPath)                             0.0000     0.1573 f
  U774/ZN (OR3_X1)                                      0.1086     0.2659 f
  U806/ZN (NOR2_X4)                                     0.1192     0.3851 r
  DP_i/RF2 (DataPath)                                   0.0000     0.3851 r
  DP_i/U178/ZN (OR2_X1)                                 0.0632     0.4483 r
  DP_i/U401/ZN (NOR2_X1)                                0.0322     0.4805 f
  DP_i/U402/ZN (AOI21_X1)                               0.0779     0.5584 r
  DP_i/U403/ZN (AOI21_X1)                               0.0368     0.5952 f
  DP_i/U412/ZN (AND2_X1)                                0.0501     0.6453 f
  DP_i/U45/ZN (NOR2_X2)                                 0.0634     0.7088 r
  DP_i/U415/Z (XOR2_X1)                                 0.0879     0.7967 r
  DP_i/U416/ZN (NAND2_X1)                               0.0400     0.8366 f
  DP_i/U421/ZN (NAND2_X1)                               0.0369     0.8735 r
  DP_i/U515/CO (FA_X1)                                  0.0704     0.9439 r
  DP_i/U423/ZN (NAND2_X1)                               0.0450     0.9889 f
  DP_i/U424/ZN (NOR2_X1)                                0.0636     1.0525 r
  DP_i/U425/ZN (NOR3_X1)                                0.0331     1.0856 f
  DP_i/U426/ZN (NAND2_X1)                               0.0385     1.1242 r
  DP_i/U427/ZN (NAND2_X1)                               0.0343     1.1585 f
  DP_i/U428/ZN (NOR2_X1)                                0.0523     1.2108 r
  DP_i/U182/ZN (OR2_X1)                                 0.0436     1.2545 r
  DP_i/U433/ZN (NAND2_X1)                               0.0317     1.2861 f
  DP_i/U434/ZN (NOR2_X1)                                0.0512     1.3373 r
  DP_i/U435/ZN (NOR3_X1)                                0.0290     1.3663 f
  DP_i/U179/ZN (OR2_X1)                                 0.0636     1.4299 f
  DP_i/U174/ZN (OAI21_X1)                               0.0463     1.4762 r
  DP_i/U177/ZN (AND2_X1)                                0.0494     1.5256 r
  DP_i/U440/ZN (NAND2_X1)                               0.0321     1.5577 f
  DP_i/U441/ZN (NOR2_X1)                                0.0599     1.6176 r
  DP_i/U446/ZN (XNOR2_X1)                               0.0453     1.6629 f
  DP_i/U448/ZN (AOI22_X1)                               0.0854     1.7483 r
  DP_i/U451/ZN (NOR2_X1)                                0.0355     1.7838 f
  DP_i/U453/ZN (NOR2_X1)                                0.0473     1.8311 r
  DP_i/U456/ZN (NAND2_X1)                               0.0350     1.8662 f
  DP_i/U465/ZN (NAND2_X1)                               0.0338     1.8999 r
  DP_i/U466/ZN (AOI21_X1)                               0.0317     1.9316 f
  DP_i/U471/ZN (NAND2_X1)                               0.0405     1.9721 r
  DP_i/U478/ZN (NAND2_X1)                               0.0356     2.0077 f
  DP_i/U555/ZN (NOR3_X1)                                0.0614     2.0690 r
  DP_i/U559/ZN (AOI21_X1)                               0.0430     2.1120 f
  DP_i/U573/ZN (NOR2_X1)                                0.0545     2.1665 r
  DP_i/U575/ZN (NAND2_X1)                               0.0455     2.2121 f
  DP_i/U577/ZN (NOR2_X1)                                0.0506     2.2627 r
  DP_i/U580/ZN (AOI22_X1)                               0.0346     2.2973 f
  DP_i/U581/ZN (XNOR2_X1)                               0.0710     2.3683 f
  DP_i/U583/ZN (AND2_X1)                                0.0472     2.4155 f
  DP_i/U585/ZN (NOR3_X1)                                0.0598     2.4753 r
  DP_i/U586/ZN (NAND4_X1)                               0.0487     2.5240 f
  DP_i/U588/ZN (AOI22_X1)                               0.0682     2.5922 r
  DP_i/U46/ZN (AOI21_X2)                                0.0543     2.6465 f
  DP_i/U4872/ZN (NAND3_X2)                              0.1232     2.7697 r
  DP_i/U2990/ZN (INV_X1)                                0.0794     2.8491 f
  DP_i/U3014/ZN (AOI22_X1)                              0.0628     2.9118 r
  DP_i/U3017/ZN (NAND4_X1)                              0.0453     2.9571 f
  DP_i/fetch_i_pc_i_Y_reg_26_/D (DFF_X1)                0.0104     2.9675 f
  data arrival time                                                2.9675

  clock CLK (rise edge)                                 3.0000     3.0000
  clock network delay (ideal)                           0.0500     3.0500
  clock uncertainty                                    -0.0500     3.0000
  DP_i/fetch_i_pc_i_Y_reg_26_/CK (DFF_X1)               0.0000     3.0000 r
  library setup time                                   -0.0284     2.9716
  data required time                                               2.9716
  --------------------------------------------------------------------------
  data required time                                               2.9716
  data arrival time                                               -2.9675
  --------------------------------------------------------------------------
  slack (MET)                                                      0.0041


  Startpoint: DP_i/fetch_i_IR_out_reg_28_
              (rising edge-triggered flip-flop clocked by CLK)
  Endpoint: DP_i/fetch_i_pc_i_Y_reg_26_
            (rising edge-triggered flip-flop clocked by CLK)
  Path Group: REG2REG
  Path Type: max

  Des/Clust/Port     Wire Load Model       Library
  ------------------------------------------------
  DLX                5K_hvratio_1_4        NangateOpenCellLibrary

  Point                                                   Incr       Path
  --------------------------------------------------------------------------
  clock CLK (rise edge)                                 0.0000     0.0000
  clock network delay (ideal)                           0.0500     0.0500
  DP_i/fetch_i_IR_out_reg_28_/CK (DFF_X1)               0.0000     0.0500 r
  DP_i/fetch_i_IR_out_reg_28_/Q (DFF_X1)                0.1073     0.1573 f
  DP_i/opcode[2] (DataPath)                             0.0000     0.1573 f
  U774/ZN (OR3_X1)                                      0.1086     0.2659 f
  U806/ZN (NOR2_X4)                                     0.1192     0.3851 r
  DP_i/RF2 (DataPath)                                   0.0000     0.3851 r
  DP_i/U178/ZN (OR2_X1)                                 0.0632     0.4483 r
  DP_i/U401/ZN (NOR2_X1)                                0.0322     0.4805 f
  DP_i/U402/ZN (AOI21_X1)                               0.0779     0.5584 r
  DP_i/U403/ZN (AOI21_X1)                               0.0368     0.5952 f
  DP_i/U412/ZN (AND2_X1)                                0.0501     0.6453 f
  DP_i/U45/ZN (NOR2_X2)                                 0.0634     0.7088 r
  DP_i/U415/Z (XOR2_X1)                                 0.0879     0.7967 r
  DP_i/U416/ZN (NAND2_X1)                               0.0400     0.8366 f
  DP_i/U421/ZN (NAND2_X1)                               0.0369     0.8735 r
  DP_i/U515/CO (FA_X1)                                  0.0704     0.9439 r
  DP_i/U423/ZN (NAND2_X1)                               0.0450     0.9889 f
  DP_i/U424/ZN (NOR2_X1)                                0.0636     1.0525 r
  DP_i/U425/ZN (NOR3_X1)                                0.0331     1.0856 f
  DP_i/U426/ZN (NAND2_X1)                               0.0385     1.1242 r
  DP_i/U427/ZN (NAND2_X1)                               0.0343     1.1585 f
  DP_i/U428/ZN (NOR2_X1)                                0.0523     1.2108 r
  DP_i/U182/ZN (OR2_X1)                                 0.0436     1.2545 r
  DP_i/U433/ZN (NAND2_X1)                               0.0317     1.2861 f
  DP_i/U434/ZN (NOR2_X1)                                0.0512     1.3373 r
  DP_i/U435/ZN (NOR3_X1)                                0.0290     1.3663 f
  DP_i/U179/ZN (OR2_X1)                                 0.0636     1.4299 f
  DP_i/U174/ZN (OAI21_X1)                               0.0463     1.4762 r
  DP_i/U177/ZN (AND2_X1)                                0.0494     1.5256 r
  DP_i/U440/ZN (NAND2_X1)                               0.0321     1.5577 f
  DP_i/U441/ZN (NOR2_X1)                                0.0599     1.6176 r
  DP_i/U446/ZN (XNOR2_X1)                               0.0453     1.6629 f
  DP_i/U448/ZN (AOI22_X1)                               0.0854     1.7483 r
  DP_i/U451/ZN (NOR2_X1)                                0.0355     1.7838 f
  DP_i/U453/ZN (NOR2_X1)                                0.0473     1.8311 r
  DP_i/U456/ZN (NAND2_X1)                               0.0350     1.8662 f
  DP_i/U465/ZN (NAND2_X1)                               0.0338     1.8999 r
  DP_i/U466/ZN (AOI21_X1)                               0.0317     1.9316 f
  DP_i/U471/ZN (NAND2_X1)                               0.0405     1.9721 r
  DP_i/U478/ZN (NAND2_X1)                               0.0356     2.0077 f
  DP_i/U555/ZN (NOR3_X1)                                0.0614     2.0690 r
  DP_i/U559/ZN (AOI21_X1)                               0.0430     2.1120 f
  DP_i/U573/ZN (NOR2_X1)                                0.0545     2.1665 r
  DP_i/U575/ZN (NAND2_X1)                               0.0455     2.2121 f
  DP_i/U577/ZN (NOR2_X1)                                0.0506     2.2627 r
  DP_i/U580/ZN (AOI22_X1)                               0.0344     2.2971 f
  DP_i/U581/ZN (XNOR2_X1)                               0.0710     2.3681 f
  DP_i/U583/ZN (AND2_X1)                                0.0472     2.4153 f
  DP_i/U585/ZN (NOR3_X1)                                0.0598     2.4751 r
  DP_i/U586/ZN (NAND4_X1)                               0.0487     2.5238 f
  DP_i/U588/ZN (AOI22_X1)                               0.0682     2.5919 r
  DP_i/U46/ZN (AOI21_X2)                                0.0543     2.6463 f
  DP_i/U4872/ZN (NAND3_X2)                              0.1232     2.7694 r
  DP_i/U2990/ZN (INV_X1)                                0.0794     2.8489 f
  DP_i/U3014/ZN (AOI22_X1)                              0.0628     2.9116 r
  DP_i/U3017/ZN (NAND4_X1)                              0.0453     2.9569 f
  DP_i/fetch_i_pc_i_Y_reg_26_/D (DFF_X1)                0.0104     2.9673 f
  data arrival time                                                2.9673

  clock CLK (rise edge)                                 3.0000     3.0000
  clock network delay (ideal)                           0.0500     3.0500
  clock uncertainty                                    -0.0500     3.0000
  DP_i/fetch_i_pc_i_Y_reg_26_/CK (DFF_X1)               0.0000     3.0000 r
  library setup time                                   -0.0284     2.9716
  data required time                                               2.9716
  --------------------------------------------------------------------------
  data required time                                               2.9716
  data arrival time                                               -2.9673
  --------------------------------------------------------------------------
  slack (MET)                                                      0.0043


  Startpoint: DP_i/execute_i_rd_out_reg_i_Y_reg_0_
              (rising edge-triggered flip-flop clocked by CLK)
  Endpoint: DP_i/execute_i_zero_alu_bit_Y_reg
            (rising edge-triggered flip-flop clocked by CLK)
  Path Group: REG2REG
  Path Type: max

  Des/Clust/Port     Wire Load Model       Library
  ------------------------------------------------
  DLX                5K_hvratio_1_4        NangateOpenCellLibrary

  Point                                                   Incr       Path
  --------------------------------------------------------------------------
  clock CLK (rise edge)                                 0.0000     0.0000
  clock network delay (ideal)                           0.0500     0.0500
  DP_i/execute_i_rd_out_reg_i_Y_reg_0_/CK (DFF_X1)      0.0000     0.0500 r
  DP_i/execute_i_rd_out_reg_i_Y_reg_0_/Q (DFF_X1)       0.1119     0.1619 f
  DP_i/rd_ex_mem[0] (DataPath)                          0.0000     0.1619 f
  U1089/ZN (INV_X1)                                     0.0599     0.2218 r
  U1091/ZN (OAI22_X1)                                   0.0407     0.2625 f
  U1092/ZN (AOI221_X1)                                  0.0878     0.3502 r
  U1093/ZN (NAND3_X1)                                   0.0465     0.3967 f
  U781/ZN (AOI221_X2)                                   0.1376     0.5344 r
  U1280/ZN (NOR3_X1)                                    0.0408     0.5751 f
  DP_i/fw_mem_ex_rs1 (DataPath)                         0.0000     0.5751 f
  DP_i/U593/ZN (OR2_X1)                                 0.0749     0.6500 f
  DP_i/U37/ZN (OAI222_X1)                               0.1552     0.8053 r
  DP_i/U762/ZN (INV_X1)                                 0.0689     0.8742 f
  DP_i/U848/ZN (AOI22_X1)                               0.0844     0.9586 r
  DP_i/U851/ZN (NOR2_X1)                                0.0335     0.9921 f
  DP_i/U852/ZN (NOR2_X1)                                0.0601     1.0522 r
  DP_i/U853/ZN (NOR2_X1)                                0.0340     1.0862 f
  DP_i/U24/ZN (OAI21_X1)                                0.0605     1.1466 r
  DP_i/U857/ZN (NOR2_X1)                                0.0307     1.1773 f
  DP_i/U859/ZN (NAND2_X1)                               0.0383     1.2157 r
  DP_i/U963/ZN (OAI21_X1)                               0.0330     1.2486 f
  DP_i/U172/ZN (OR2_X1)                                 0.0599     1.3086 f
  DP_i/U175/ZN (OAI21_X1)                               0.0629     1.3715 r
  DP_i/U59/ZN (NOR2_X2)                                 0.0437     1.4152 f
  DP_i/U866/ZN (NAND2_X1)                               0.0493     1.4645 r
  DP_i/U867/ZN (OAI211_X1)                              0.0482     1.5127 f
  DP_i/U869/ZN (NAND2_X1)                               0.0392     1.5520 r
  DP_i/U985/CO (FA_X1)                                  0.0797     1.6316 r
  DP_i/U880/ZN (NOR2_X1)                                0.0342     1.6658 f
  DP_i/U891/ZN (AOI21_X1)                               0.0480     1.7137 r
  DP_i/U984/CO (FA_X1)                                  0.0839     1.7976 r
  DP_i/U60/ZN (NOR2_X2)                                 0.0421     1.8397 f
  DP_i/U894/ZN (NAND2_X1)                               0.0424     1.8821 r
  DP_i/U895/ZN (NOR2_X1)                                0.0303     1.9124 f
  DP_i/U896/ZN (XNOR2_X1)                               0.0657     1.9781 f
  DP_i/U898/ZN (AOI21_X2)                               0.0676     2.0457 r
  DP_i/U51/ZN (NAND2_X1)                                0.0321     2.0777 f
  DP_i/U52/ZN (OR2_X1)                                  0.0569     2.1346 f
  DP_i/U927/ZN (NOR2_X1)                                0.0400     2.1746 r
  DP_i/U933/ZN (NOR2_X1)                                0.0357     2.2103 f
  DP_i/U55/ZN (AOI21_X1)                                0.0566     2.2669 r
  DP_i/U944/ZN (NAND2_X1)                               0.0485     2.3154 f
  DP_i/U62/ZN (OR2_X2)                                  0.0753     2.3907 f
  DP_i/U61/ZN (AOI21_X2)                                0.0583     2.4490 r
  DP_i/U956/ZN (XNOR2_X1)                               0.0520     2.5010 f
  DP_i/U173/ZN (OR4_X1)                                 0.1058     2.6068 f
  DP_i/U26/ZN (OR2_X1)                                  0.0663     2.6730 f
  DP_i/U1007/ZN (OAI211_X1)                             0.0377     2.7108 r
  DP_i/U1008/ZN (AOI221_X1)                             0.0341     2.7449 f
  DP_i/U1009/ZN (OAI211_X1)                             0.0500     2.7949 r
  DP_i/U91/ZN (AND2_X1)                                 0.0498     2.8447 r
  DP_i/U198/ZN (AND4_X1)                                0.0664     2.9111 r
  DP_i/U2/Z (MUX2_X1)                                   0.0450     2.9561 r
  DP_i/execute_i_zero_alu_bit_Y_reg/D (DFF_X1)          0.0110     2.9671 r
  data arrival time                                                2.9671

  clock CLK (rise edge)                                 3.0000     3.0000
  clock network delay (ideal)                           0.0500     3.0500
  clock uncertainty                                    -0.0500     3.0000
  DP_i/execute_i_zero_alu_bit_Y_reg/CK (DFF_X1)         0.0000     3.0000 r
  library setup time                                   -0.0274     2.9726
  data required time                                               2.9726
  --------------------------------------------------------------------------
  data required time                                               2.9726
  data arrival time                                               -2.9671
  --------------------------------------------------------------------------
  slack (MET)                                                      0.0055


  Startpoint: DP_i/execute_i_rd_out_reg_i_Y_reg_0_
              (rising edge-triggered flip-flop clocked by CLK)
  Endpoint: DP_i/execute_i_zero_alu_bit_Y_reg
            (rising edge-triggered flip-flop clocked by CLK)
  Path Group: REG2REG
  Path Type: max

  Des/Clust/Port     Wire Load Model       Library
  ------------------------------------------------
  DLX                5K_hvratio_1_4        NangateOpenCellLibrary

  Point                                                   Incr       Path
  --------------------------------------------------------------------------
  clock CLK (rise edge)                                 0.0000     0.0000
  clock network delay (ideal)                           0.0500     0.0500
  DP_i/execute_i_rd_out_reg_i_Y_reg_0_/CK (DFF_X1)      0.0000     0.0500 r
  DP_i/execute_i_rd_out_reg_i_Y_reg_0_/Q (DFF_X1)       0.1119     0.1619 f
  DP_i/rd_ex_mem[0] (DataPath)                          0.0000     0.1619 f
  U1089/ZN (INV_X1)                                     0.0599     0.2218 r
  U1091/ZN (OAI22_X1)                                   0.0407     0.2625 f
  U1092/ZN (AOI221_X1)                                  0.0878     0.3502 r
  U1093/ZN (NAND3_X1)                                   0.0465     0.3967 f
  U781/ZN (AOI221_X2)                                   0.1376     0.5344 r
  U1280/ZN (NOR3_X1)                                    0.0408     0.5751 f
  DP_i/fw_mem_ex_rs1 (DataPath)                         0.0000     0.5751 f
  DP_i/U593/ZN (OR2_X1)                                 0.0749     0.6500 f
  DP_i/U37/ZN (OAI222_X1)                               0.1552     0.8053 r
  DP_i/U762/ZN (INV_X1)                                 0.0689     0.8742 f
  DP_i/U848/ZN (AOI22_X1)                               0.0844     0.9586 r
  DP_i/U851/ZN (NOR2_X1)                                0.0335     0.9921 f
  DP_i/U852/ZN (NOR2_X1)                                0.0601     1.0522 r
  DP_i/U853/ZN (NOR2_X1)                                0.0340     1.0862 f
  DP_i/U24/ZN (OAI21_X1)                                0.0605     1.1466 r
  DP_i/U857/ZN (NOR2_X1)                                0.0307     1.1773 f
  DP_i/U859/ZN (NAND2_X1)                               0.0383     1.2157 r
  DP_i/U963/ZN (OAI21_X1)                               0.0330     1.2486 f
  DP_i/U172/ZN (OR2_X1)                                 0.0599     1.3086 f
  DP_i/U175/ZN (OAI21_X1)                               0.0629     1.3715 r
  DP_i/U59/ZN (NOR2_X2)                                 0.0437     1.4152 f
  DP_i/U866/ZN (NAND2_X1)                               0.0493     1.4645 r
  DP_i/U867/ZN (OAI211_X1)                              0.0482     1.5127 f
  DP_i/U869/ZN (NAND2_X1)                               0.0392     1.5520 r
  DP_i/U985/CO (FA_X1)                                  0.0797     1.6316 r
  DP_i/U880/ZN (NOR2_X1)                                0.0342     1.6658 f
  DP_i/U891/ZN (AOI21_X1)                               0.0480     1.7137 r
  DP_i/U984/CO (FA_X1)                                  0.0839     1.7976 r
  DP_i/U60/ZN (NOR2_X2)                                 0.0421     1.8397 f
  DP_i/U894/ZN (NAND2_X1)                               0.0424     1.8821 r
  DP_i/U895/ZN (NOR2_X1)                                0.0303     1.9124 f
  DP_i/U896/ZN (XNOR2_X1)                               0.0657     1.9781 f
  DP_i/U898/ZN (AOI21_X2)                               0.0676     2.0457 r
  DP_i/U51/ZN (NAND2_X1)                                0.0321     2.0777 f
  DP_i/U52/ZN (OR2_X1)                                  0.0569     2.1346 f
  DP_i/U927/ZN (NOR2_X1)                                0.0400     2.1746 r
  DP_i/U933/ZN (NOR2_X1)                                0.0357     2.2103 f
  DP_i/U55/ZN (AOI21_X1)                                0.0566     2.2669 r
  DP_i/U944/ZN (NAND2_X1)                               0.0485     2.3154 f
  DP_i/U62/ZN (OR2_X2)                                  0.0753     2.3907 f
  DP_i/U61/ZN (AOI21_X2)                                0.0583     2.4490 r
  DP_i/U956/ZN (XNOR2_X1)                               0.0520     2.5010 f
  DP_i/U173/ZN (OR4_X1)                                 0.1058     2.6068 f
  DP_i/U26/ZN (OR2_X1)                                  0.0663     2.6730 f
  DP_i/U1007/ZN (OAI211_X1)                             0.0377     2.7108 r
  DP_i/U1008/ZN (AOI221_X1)                             0.0341     2.7449 f
  DP_i/U1009/ZN (OAI211_X1)                             0.0500     2.7949 r
  DP_i/U91/ZN (AND2_X1)                                 0.0498     2.8447 r
  DP_i/U198/ZN (AND4_X1)                                0.0664     2.9111 r
  DP_i/U2/Z (MUX2_X1)                                   0.0450     2.9561 r
  DP_i/execute_i_zero_alu_bit_Y_reg/D (DFF_X1)          0.0110     2.9671 r
  data arrival time                                                2.9671

  clock CLK (rise edge)                                 3.0000     3.0000
  clock network delay (ideal)                           0.0500     3.0500
  clock uncertainty                                    -0.0500     3.0000
  DP_i/execute_i_zero_alu_bit_Y_reg/CK (DFF_X1)         0.0000     3.0000 r
  library setup time                                   -0.0274     2.9726
  data required time                                               2.9726
  --------------------------------------------------------------------------
  data required time                                               2.9726
  data arrival time                                               -2.9671
  --------------------------------------------------------------------------
  slack (MET)                                                      0.0055


1
