 
****************************************
Report : timing
        -path full
        -delay max
        -nworst 2
        -group REG2REG
        -max_paths 10
Design : DLX
Version: W-2024.09-SP2
Date   : Sun Sep 27 03:00:30 2026
****************************************

Operating Conditions: typical   Library: NangateOpenCellLibrary
Wire Load Model Mode: top

  Startpoint: DP_i_decode_i_rs2_addr_i_Y_reg_0_
              (rising edge-triggered flip-flop clocked by CLK)
  Endpoint: DP_i_execute_i_boothmul_i_tree_i_register_i_3_Y_temp_reg_28_
            (rising edge-triggered flip-flop clocked by CLK)
  Path Group: REG2REG
  Path Type: max

  Des/Clust/Port     Wire Load Model       Library
  ------------------------------------------------
  DLX                5K_hvratio_1_4        NangateOpenCellLibrary

  Point                                                   Incr       Path
  --------------------------------------------------------------------------
  clock CLK (rise edge)                                 0.0000     0.0000
  clock network delay (ideal)                           0.0500     0.0500
  DP_i_decode_i_rs2_addr_i_Y_reg_0_/CK (DFF_X1)         0.0000     0.0500 r
  DP_i_decode_i_rs2_addr_i_Y_reg_0_/Q (DFF_X1)          0.0956     0.1456 f
  U2807/ZN (XNOR2_X1)                                   0.0579     0.2035 f
  U2808/ZN (NOR2_X1)                                    0.0437     0.2472 r
  U2812/ZN (AND4_X2)                                    0.0659     0.3131 r
  U2625/ZN (NAND2_X1)                                   0.0437     0.3568 f
  U2525/ZN (INV_X1)                                     0.0550     0.4119 r
  U1914/Z (BUF_X2)                                      0.0571     0.4690 r
  U3247/ZN (NAND2_X1)                                   0.0404     0.5094 f
  U946/ZN (AND3_X2)                                     0.0496     0.5591 f
  U2148/ZN (OAI21_X1)                                   0.0544     0.6135 r
  U4898/ZN (OR2_X1)                                     0.0469     0.6603 r
  U4442/ZN (INV_X1)                                     0.0251     0.6855 f
  U1333/Z (MUX2_X2)                                     0.0771     0.7625 f
  U5669/ZN (AOI22_X1)                                   0.0721     0.8346 r
  U7812/ZN (XNOR2_X1)                                   0.0741     0.9087 r
  U5274/ZN (XNOR2_X1)                                   0.0682     0.9770 r
  U5942/ZN (XNOR2_X1)                                   0.0631     1.0401 r
  U5943/ZN (XNOR2_X1)                                   0.0631     1.1032 r
  U5944/ZN (XNOR2_X1)                                   0.0631     1.1663 r
  U5945/ZN (XNOR2_X1)                                   0.0699     1.2362 r
  U6003/ZN (XNOR2_X1)                                   0.0705     1.3068 r
  U6004/ZN (XNOR2_X1)                                   0.0598     1.3665 r
  U12494/ZN (AND2_X1)                                   0.0420     1.4085 r
  DP_i_execute_i_boothmul_i_tree_i_register_i_3_Y_temp_reg_28_/D (DFF_X2)
                                                        0.0109     1.4194 r
  data arrival time                                                1.4194

  clock CLK (rise edge)                                 1.0000     1.0000
  clock network delay (ideal)                           0.0500     1.0500
  clock uncertainty                                    -0.0500     1.0000
  DP_i_execute_i_boothmul_i_tree_i_register_i_3_Y_temp_reg_28_/CK (DFF_X2)
                                                        0.0000     1.0000 r
  library setup time                                   -0.0262     0.9738
  data required time                                               0.9738
  --------------------------------------------------------------------------
  data required time                                               0.9738
  data arrival time                                               -1.4194
  --------------------------------------------------------------------------
  slack (VIOLATED)                                                -0.4456


  Startpoint: DP_i_decode_i_rs2_addr_i_Y_reg_0_
              (rising edge-triggered flip-flop clocked by CLK)
  Endpoint: DP_i_execute_i_boothmul_i_tree_i_register_i_3_Y_temp_reg_27_
            (rising edge-triggered flip-flop clocked by CLK)
  Path Group: REG2REG
  Path Type: max

  Des/Clust/Port     Wire Load Model       Library
  ------------------------------------------------
  DLX                5K_hvratio_1_4        NangateOpenCellLibrary

  Point                                                   Incr       Path
  --------------------------------------------------------------------------
  clock CLK (rise edge)                                 0.0000     0.0000
  clock network delay (ideal)                           0.0500     0.0500
  DP_i_decode_i_rs2_addr_i_Y_reg_0_/CK (DFF_X1)         0.0000     0.0500 r
  DP_i_decode_i_rs2_addr_i_Y_reg_0_/Q (DFF_X1)          0.0956     0.1456 f
  U2807/ZN (XNOR2_X1)                                   0.0579     0.2035 f
  U2808/ZN (NOR2_X1)                                    0.0437     0.2472 r
  U2812/ZN (AND4_X2)                                    0.0659     0.3131 r
  U1261/ZN (AND2_X1)                                    0.0504     0.3635 r
  U2822/ZN (INV_X1)                                     0.0353     0.3988 f
  U2123/ZN (AND2_X1)                                    0.0517     0.4504 f
  U2470/ZN (INV_X1)                                     0.0451     0.4955 r
  U2627/ZN (OAI211_X1)                                  0.0522     0.5477 f
  U1768/Z (MUX2_X1)                                     0.0758     0.6235 f
  U4898/ZN (OR2_X1)                                     0.0600     0.6836 f
  U4442/ZN (INV_X1)                                     0.0299     0.7134 r
  U1333/Z (MUX2_X2)                                     0.0641     0.7775 r
  U1127/Z (BUF_X2)                                      0.0582     0.8357 r
  U5786/ZN (NAND2_X1)                                   0.0339     0.8696 f
  U5788/ZN (AND2_X1)                                    0.0431     0.9126 f
  U973/ZN (INV_X1)                                      0.0375     0.9501 r
  U5791/ZN (XNOR2_X1)                                   0.0626     1.0127 r
  U5796/ZN (XNOR2_X1)                                   0.0698     1.0825 r
  U2272/ZN (NAND2_X1)                                   0.0421     1.1246 f
  U1286/ZN (NAND3_X1)                                   0.0387     1.1633 r
  U10037/ZN (XNOR2_X1)                                  0.0685     1.2318 r
  U10038/ZN (XNOR2_X1)                                  0.0719     1.3037 r
  U10357/ZN (XNOR2_X1)                                  0.0627     1.3664 r
  U12605/ZN (AND2_X1)                                   0.0420     1.4084 r
  DP_i_execute_i_boothmul_i_tree_i_register_i_3_Y_temp_reg_27_/D (DFF_X2)
                                                        0.0109     1.4193 r
  data arrival time                                                1.4193

  clock CLK (rise edge)                                 1.0000     1.0000
  clock network delay (ideal)                           0.0500     1.0500
  clock uncertainty                                    -0.0500     1.0000
  DP_i_execute_i_boothmul_i_tree_i_register_i_3_Y_temp_reg_27_/CK (DFF_X2)
                                                        0.0000     1.0000 r
  library setup time                                   -0.0262     0.9738
  data required time                                               0.9738
  --------------------------------------------------------------------------
  data required time                                               0.9738
  data arrival time                                               -1.4193
  --------------------------------------------------------------------------
  slack (VIOLATED)                                                -0.4455


  Startpoint: DP_i_decode_i_rs2_addr_i_Y_reg_0_
              (rising edge-triggered flip-flop clocked by CLK)
  Endpoint: DP_i_execute_i_boothmul_i_tree_i_register_i_3_Y_temp_reg_27_
            (rising edge-triggered flip-flop clocked by CLK)
  Path Group: REG2REG
  Path Type: max

  Des/Clust/Port     Wire Load Model       Library
  ------------------------------------------------
  DLX                5K_hvratio_1_4        NangateOpenCellLibrary

  Point                                                   Incr       Path
  --------------------------------------------------------------------------
  clock CLK (rise edge)                                 0.0000     0.0000
  clock network delay (ideal)                           0.0500     0.0500
  DP_i_decode_i_rs2_addr_i_Y_reg_0_/CK (DFF_X1)         0.0000     0.0500 r
  DP_i_decode_i_rs2_addr_i_Y_reg_0_/Q (DFF_X1)          0.0956     0.1456 f
  U2807/ZN (XNOR2_X1)                                   0.0579     0.2035 f
  U2808/ZN (NOR2_X1)                                    0.0437     0.2472 r
  U2812/ZN (AND4_X2)                                    0.0659     0.3131 r
  U1261/ZN (AND2_X1)                                    0.0504     0.3635 r
  U2822/ZN (INV_X1)                                     0.0353     0.3988 f
  U2123/ZN (AND2_X1)                                    0.0517     0.4504 f
  U2470/ZN (INV_X1)                                     0.0451     0.4955 r
  U2627/ZN (OAI211_X1)                                  0.0522     0.5477 f
  U1768/Z (MUX2_X1)                                     0.0758     0.6235 f
  U4898/ZN (OR2_X1)                                     0.0600     0.6836 f
  U4442/ZN (INV_X1)                                     0.0299     0.7134 r
  U1333/Z (MUX2_X2)                                     0.0641     0.7775 r
  U1127/Z (BUF_X2)                                      0.0582     0.8357 r
  U5786/ZN (NAND2_X1)                                   0.0339     0.8696 f
  U5788/ZN (AND2_X1)                                    0.0431     0.9126 f
  U973/ZN (INV_X1)                                      0.0375     0.9501 r
  U5791/ZN (XNOR2_X1)                                   0.0626     1.0127 r
  U5796/ZN (XNOR2_X1)                                   0.0698     1.0825 r
  U2272/ZN (NAND2_X1)                                   0.0421     1.1246 f
  U1286/ZN (NAND3_X1)                                   0.0387     1.1633 r
  U10037/ZN (XNOR2_X1)                                  0.0685     1.2318 r
  U10038/ZN (XNOR2_X1)                                  0.0719     1.3037 r
  U10357/ZN (XNOR2_X1)                                  0.0627     1.3664 r
  U12605/ZN (AND2_X1)                                   0.0420     1.4084 r
  DP_i_execute_i_boothmul_i_tree_i_register_i_3_Y_temp_reg_27_/D (DFF_X2)
                                                        0.0109     1.4193 r
  data arrival time                                                1.4193

  clock CLK (rise edge)                                 1.0000     1.0000
  clock network delay (ideal)                           0.0500     1.0500
  clock uncertainty                                    -0.0500     1.0000
  DP_i_execute_i_boothmul_i_tree_i_register_i_3_Y_temp_reg_27_/CK (DFF_X2)
                                                        0.0000     1.0000 r
  library setup time                                   -0.0262     0.9738
  data required time                                               0.9738
  --------------------------------------------------------------------------
  data required time                                               0.9738
  data arrival time                                               -1.4193
  --------------------------------------------------------------------------
  slack (VIOLATED)                                                -0.4454


  Startpoint: DP_i_decode_i_rs2_addr_i_Y_reg_0_
              (rising edge-triggered flip-flop clocked by CLK)
  Endpoint: DP_i_execute_i_boothmul_i_tree_i_register_i_2_Y_temp_reg_31_
            (rising edge-triggered flip-flop clocked by CLK)
  Path Group: REG2REG
  Path Type: max

  Des/Clust/Port     Wire Load Model       Library
  ------------------------------------------------
  DLX                5K_hvratio_1_4        NangateOpenCellLibrary

  Point                                                   Incr       Path
  --------------------------------------------------------------------------
  clock CLK (rise edge)                                 0.0000     0.0000
  clock network delay (ideal)                           0.0500     0.0500
  DP_i_decode_i_rs2_addr_i_Y_reg_0_/CK (DFF_X1)         0.0000     0.0500 r
  DP_i_decode_i_rs2_addr_i_Y_reg_0_/Q (DFF_X1)          0.0956     0.1456 f
  U2807/ZN (XNOR2_X1)                                   0.0579     0.2035 f
  U2808/ZN (NOR2_X1)                                    0.0437     0.2472 r
  U2812/ZN (AND4_X2)                                    0.0659     0.3131 r
  U1261/ZN (AND2_X1)                                    0.0504     0.3635 r
  U2827/ZN (INV_X1)                                     0.0320     0.3955 f
  U1070/Z (BUF_X2)                                      0.0466     0.4421 f
  U3044/ZN (NAND3_X1)                                   0.0347     0.4768 r
  U3048/ZN (OAI211_X1)                                  0.0503     0.5271 f
  U5775/Z (MUX2_X1)                                     0.0819     0.6090 f
  U4393/ZN (NAND2_X1)                                   0.0348     0.6438 r
  U929/ZN (OR2_X1)                                      0.0371     0.6808 r
  U943/Z (BUF_X1)                                       0.0447     0.7255 r
  U6064/ZN (OAI22_X1)                                   0.0403     0.7658 f
  U1998/ZN (OR2_X1)                                     0.0605     0.8263 f
  U6070/S (FA_X1)                                       0.1477     0.9740 r
  U6071/S (FA_X1)                                       0.1200     1.0941 f
  U6072/S (FA_X1)                                       0.1426     1.2367 r
  U2662/Z (MUX2_X1)                                     0.0804     1.3171 f
  U6133/ZN (XNOR2_X1)                                   0.0555     1.3726 f
  U11850/ZN (AND2_X1)                                   0.0380     1.4106 f
  DP_i_execute_i_boothmul_i_tree_i_register_i_2_Y_temp_reg_31_/D (DFF_X1)
                                                        0.0104     1.4210 f
  data arrival time                                                1.4210

  clock CLK (rise edge)                                 1.0000     1.0000
  clock network delay (ideal)                           0.0500     1.0500
  clock uncertainty                                    -0.0500     1.0000
  DP_i_execute_i_boothmul_i_tree_i_register_i_2_Y_temp_reg_31_/CK (DFF_X1)
                                                        0.0000     1.0000 r
  library setup time                                   -0.0239     0.9761
  data required time                                               0.9761
  --------------------------------------------------------------------------
  data required time                                               0.9761
  data arrival time                                               -1.4210
  --------------------------------------------------------------------------
  slack (VIOLATED)                                                -0.4449


  Startpoint: DP_i_decode_i_rs2_addr_i_Y_reg_0_
              (rising edge-triggered flip-flop clocked by CLK)
  Endpoint: DP_i_execute_i_boothmul_i_tree_i_register_i_2_Y_temp_reg_31_
            (rising edge-triggered flip-flop clocked by CLK)
  Path Group: REG2REG
  Path Type: max

  Des/Clust/Port     Wire Load Model       Library
  ------------------------------------------------
  DLX                5K_hvratio_1_4        NangateOpenCellLibrary

  Point                                                   Incr       Path
  --------------------------------------------------------------------------
  clock CLK (rise edge)                                 0.0000     0.0000
  clock network delay (ideal)                           0.0500     0.0500
  DP_i_decode_i_rs2_addr_i_Y_reg_0_/CK (DFF_X1)         0.0000     0.0500 r
  DP_i_decode_i_rs2_addr_i_Y_reg_0_/Q (DFF_X1)          0.0956     0.1456 f
  U2807/ZN (XNOR2_X1)                                   0.0579     0.2035 f
  U2808/ZN (NOR2_X1)                                    0.0437     0.2472 r
  U2812/ZN (AND4_X2)                                    0.0659     0.3131 r
  U1261/ZN (AND2_X1)                                    0.0504     0.3635 r
  U2827/ZN (INV_X1)                                     0.0320     0.3955 f
  U1070/Z (BUF_X2)                                      0.0466     0.4421 f
  U3044/ZN (NAND3_X1)                                   0.0347     0.4768 r
  U3048/ZN (OAI211_X1)                                  0.0503     0.5271 f
  U5775/Z (MUX2_X1)                                     0.0819     0.6090 f
  U4393/ZN (NAND2_X1)                                   0.0348     0.6438 r
  U929/ZN (OR2_X1)                                      0.0371     0.6808 r
  U943/Z (BUF_X1)                                       0.0447     0.7255 r
  U6064/ZN (OAI22_X1)                                   0.0403     0.7658 f
  U1998/ZN (OR2_X1)                                     0.0605     0.8263 f
  U6070/S (FA_X1)                                       0.1477     0.9740 r
  U6071/S (FA_X1)                                       0.1200     1.0941 f
  U6072/S (FA_X1)                                       0.1426     1.2367 r
  U2662/Z (MUX2_X1)                                     0.0804     1.3171 f
  U6133/ZN (XNOR2_X1)                                   0.0555     1.3726 f
  U11850/ZN (AND2_X1)                                   0.0380     1.4106 f
  DP_i_execute_i_boothmul_i_tree_i_register_i_2_Y_temp_reg_31_/D (DFF_X1)
                                                        0.0104     1.4210 f
  data arrival time                                                1.4210

  clock CLK (rise edge)                                 1.0000     1.0000
  clock network delay (ideal)                           0.0500     1.0500
  clock uncertainty                                    -0.0500     1.0000
  DP_i_execute_i_boothmul_i_tree_i_register_i_2_Y_temp_reg_31_/CK (DFF_X1)
                                                        0.0000     1.0000 r
  library setup time                                   -0.0239     0.9761
  data required time                                               0.9761
  --------------------------------------------------------------------------
  data required time                                               0.9761
  data arrival time                                               -1.4210
  --------------------------------------------------------------------------
  slack (VIOLATED)                                                -0.4449


  Startpoint: DP_i_decode_i_rs2_addr_i_Y_reg_0_
              (rising edge-triggered flip-flop clocked by CLK)
  Endpoint: DP_i_execute_i_zero_alu_bit_Y_reg
            (rising edge-triggered flip-flop clocked by CLK)
  Path Group: REG2REG
  Path Type: max

  Des/Clust/Port     Wire Load Model       Library
  ------------------------------------------------
  DLX                5K_hvratio_1_4        NangateOpenCellLibrary

  Point                                                   Incr       Path
  --------------------------------------------------------------------------
  clock CLK (rise edge)                                 0.0000     0.0000
  clock network delay (ideal)                           0.0500     0.0500
  DP_i_decode_i_rs2_addr_i_Y_reg_0_/CK (DFF_X1)         0.0000     0.0500 r
  DP_i_decode_i_rs2_addr_i_Y_reg_0_/Q (DFF_X1)          0.0956     0.1456 f
  U2807/ZN (XNOR2_X1)                                   0.0579     0.2035 f
  U2808/ZN (NOR2_X1)                                    0.0437     0.2472 r
  U2812/ZN (AND4_X2)                                    0.0659     0.3131 r
  U1261/ZN (AND2_X1)                                    0.0504     0.3635 r
  U2827/ZN (INV_X1)                                     0.0320     0.3955 f
  U1070/Z (BUF_X2)                                      0.0466     0.4421 f
  U3044/ZN (NAND3_X1)                                   0.0347     0.4768 r
  U3048/ZN (OAI211_X1)                                  0.0503     0.5271 f
  U2215/Z (MUX2_X1)                                     0.0790     0.6061 f
  U3049/ZN (XNOR2_X1)                                   0.0604     0.6665 r
  U3050/ZN (NAND2_X1)                                   0.0424     0.7090 f
  U3058/ZN (NAND2_X1)                                   0.0369     0.7459 r
  U1665/ZN (AND4_X1)                                    0.0684     0.8143 r
  U1931/ZN (OR2_X1)                                     0.0364     0.8507 r
  U3088/ZN (NOR2_X1)                                    0.0234     0.8741 f
  U1402/ZN (OR3_X2)                                     0.0710     0.9451 f
  U1561/ZN (AND2_X1)                                    0.0441     0.9892 f
  U1311/ZN (NAND2_X1)                                   0.0298     1.0191 r
  U1187/ZN (NAND3_X1)                                   0.0304     1.0495 f
  U1186/ZN (AND2_X1)                                    0.0428     1.0923 f
  U3282/ZN (XNOR2_X1)                                   0.0599     1.1522 f
  U3284/ZN (AND2_X1)                                    0.0425     1.1946 f
  U11082/ZN (NOR3_X1)                                   0.0544     1.2490 r
  U12830/ZN (AND4_X1)                                   0.0698     1.3188 r
  U11080/ZN (NAND4_X1)                                  0.0390     1.3578 f
  U11857/ZN (OAI21_X1)                                  0.0478     1.4056 r
  DP_i_execute_i_zero_alu_bit_Y_reg/D (DFF_X2)          0.0109     1.4165 r
  data arrival time                                                1.4165

  clock CLK (rise edge)                                 1.0000     1.0000
  clock network delay (ideal)                           0.0500     1.0500
  clock uncertainty                                    -0.0500     1.0000
  DP_i_execute_i_zero_alu_bit_Y_reg/CK (DFF_X2)         0.0000     1.0000 r
  library setup time                                   -0.0283     0.9717
  data required time                                               0.9717
  --------------------------------------------------------------------------
  data required time                                               0.9717
  data arrival time                                               -1.4165
  --------------------------------------------------------------------------
  slack (VIOLATED)                                                -0.4448


  Startpoint: DP_i_decode_i_rs2_addr_i_Y_reg_0_
              (rising edge-triggered flip-flop clocked by CLK)
  Endpoint: DP_i_execute_i_zero_alu_bit_Y_reg
            (rising edge-triggered flip-flop clocked by CLK)
  Path Group: REG2REG
  Path Type: max

  Des/Clust/Port     Wire Load Model       Library
  ------------------------------------------------
  DLX                5K_hvratio_1_4        NangateOpenCellLibrary

  Point                                                   Incr       Path
  --------------------------------------------------------------------------
  clock CLK (rise edge)                                 0.0000     0.0000
  clock network delay (ideal)                           0.0500     0.0500
  DP_i_decode_i_rs2_addr_i_Y_reg_0_/CK (DFF_X1)         0.0000     0.0500 r
  DP_i_decode_i_rs2_addr_i_Y_reg_0_/Q (DFF_X1)          0.0956     0.1456 f
  U2807/ZN (XNOR2_X1)                                   0.0579     0.2035 f
  U2808/ZN (NOR2_X1)                                    0.0437     0.2472 r
  U2812/ZN (AND4_X2)                                    0.0659     0.3131 r
  U1261/ZN (AND2_X1)                                    0.0504     0.3635 r
  U2827/ZN (INV_X1)                                     0.0320     0.3955 f
  U1070/Z (BUF_X2)                                      0.0466     0.4421 f
  U3044/ZN (NAND3_X1)                                   0.0347     0.4768 r
  U3048/ZN (OAI211_X1)                                  0.0503     0.5271 f
  U2215/Z (MUX2_X1)                                     0.0790     0.6061 f
  U3049/ZN (XNOR2_X1)                                   0.0604     0.6665 r
  U3050/ZN (NAND2_X1)                                   0.0424     0.7090 f
  U3058/ZN (NAND2_X1)                                   0.0369     0.7459 r
  U1665/ZN (AND4_X1)                                    0.0684     0.8143 r
  U1931/ZN (OR2_X1)                                     0.0364     0.8507 r
  U3088/ZN (NOR2_X1)                                    0.0234     0.8741 f
  U1402/ZN (OR3_X2)                                     0.0710     0.9451 f
  U1561/ZN (AND2_X1)                                    0.0441     0.9892 f
  U1311/ZN (NAND2_X1)                                   0.0298     1.0191 r
  U1187/ZN (NAND3_X1)                                   0.0304     1.0495 f
  U1186/ZN (AND2_X1)                                    0.0428     1.0923 f
  U3282/ZN (XNOR2_X1)                                   0.0599     1.1522 f
  U3284/ZN (AND2_X1)                                    0.0425     1.1946 f
  U11082/ZN (NOR3_X1)                                   0.0544     1.2490 r
  U12830/ZN (AND4_X1)                                   0.0698     1.3188 r
  U11080/ZN (NAND4_X1)                                  0.0390     1.3578 f
  U11857/ZN (OAI21_X1)                                  0.0478     1.4056 r
  DP_i_execute_i_zero_alu_bit_Y_reg/D (DFF_X2)          0.0109     1.4165 r
  data arrival time                                                1.4165

  clock CLK (rise edge)                                 1.0000     1.0000
  clock network delay (ideal)                           0.0500     1.0500
  clock uncertainty                                    -0.0500     1.0000
  DP_i_execute_i_zero_alu_bit_Y_reg/CK (DFF_X2)         0.0000     1.0000 r
  library setup time                                   -0.0283     0.9717
  data required time                                               0.9717
  --------------------------------------------------------------------------
  data required time                                               0.9717
  data arrival time                                               -1.4165
  --------------------------------------------------------------------------
  slack (VIOLATED)                                                -0.4448


  Startpoint: DP_i_decode_i_rs2_addr_i_Y_reg_0_
              (rising edge-triggered flip-flop clocked by CLK)
  Endpoint: DP_i_execute_i_boothmul_i_tree_i_register_i_3_Y_temp_reg_24_
            (rising edge-triggered flip-flop clocked by CLK)
  Path Group: REG2REG
  Path Type: max

  Des/Clust/Port     Wire Load Model       Library
  ------------------------------------------------
  DLX                5K_hvratio_1_4        NangateOpenCellLibrary

  Point                                                   Incr       Path
  --------------------------------------------------------------------------
  clock CLK (rise edge)                                 0.0000     0.0000
  clock network delay (ideal)                           0.0500     0.0500
  DP_i_decode_i_rs2_addr_i_Y_reg_0_/CK (DFF_X1)         0.0000     0.0500 r
  DP_i_decode_i_rs2_addr_i_Y_reg_0_/Q (DFF_X1)          0.0956     0.1456 f
  U2807/ZN (XNOR2_X1)                                   0.0579     0.2035 f
  U2808/ZN (NOR2_X1)                                    0.0437     0.2472 r
  U2812/ZN (AND4_X2)                                    0.0659     0.3131 r
  U2625/ZN (NAND2_X1)                                   0.0437     0.3568 f
  U2385/ZN (INV_X1)                                     0.0456     0.4024 r
  U904/Z (CLKBUF_X3)                                    0.0566     0.4590 r
  U3031/ZN (NAND2_X1)                                   0.0389     0.4979 f
  U1505/ZN (AND3_X1)                                    0.0448     0.5426 f
  U1268/Z (MUX2_X1)                                     0.0751     0.6177 f
  U4355/ZN (NOR2_X1)                                    0.0465     0.6642 r
  U4357/ZN (NAND2_X1)                                   0.0406     0.7047 f
  U1688/ZN (NAND2_X1)                                   0.0708     0.7756 r
  U974/Z (BUF_X1)                                       0.1434     0.9190 r
  U4786/ZN (XNOR2_X1)                                   0.1105     1.0294 r
  U4791/ZN (OAI211_X1)                                  0.0424     1.0719 f
  U4792/ZN (AND2_X1)                                    0.0448     1.1167 f
  U4795/ZN (NAND2_X1)                                   0.0507     1.1674 r
  U2011/ZN (XNOR2_X1)                                   0.0747     1.2420 r
  U2010/ZN (XNOR2_X1)                                   0.0632     1.3053 r
  U10014/ZN (XNOR2_X1)                                  0.0599     1.3652 r
  U12441/ZN (AND2_X1)                                   0.0421     1.4072 r
  DP_i_execute_i_boothmul_i_tree_i_register_i_3_Y_temp_reg_24_/D (DFF_X1)
                                                        0.0110     1.4182 r
  data arrival time                                                1.4182

  clock CLK (rise edge)                                 1.0000     1.0000
  clock network delay (ideal)                           0.0500     1.0500
  clock uncertainty                                    -0.0500     1.0000
  DP_i_execute_i_boothmul_i_tree_i_register_i_3_Y_temp_reg_24_/CK (DFF_X1)
                                                        0.0000     1.0000 r
  library setup time                                   -0.0265     0.9735
  data required time                                               0.9735
  --------------------------------------------------------------------------
  data required time                                               0.9735
  data arrival time                                               -1.4182
  --------------------------------------------------------------------------
  slack (VIOLATED)                                                -0.4447


  Startpoint: DP_i_decode_i_rs2_addr_i_Y_reg_0_
              (rising edge-triggered flip-flop clocked by CLK)
  Endpoint: DP_i_execute_i_boothmul_i_tree_i_register_i_3_Y_temp_reg_24_
            (rising edge-triggered flip-flop clocked by CLK)
  Path Group: REG2REG
  Path Type: max

  Des/Clust/Port     Wire Load Model       Library
  ------------------------------------------------
  DLX                5K_hvratio_1_4        NangateOpenCellLibrary

  Point                                                   Incr       Path
  --------------------------------------------------------------------------
  clock CLK (rise edge)                                 0.0000     0.0000
  clock network delay (ideal)                           0.0500     0.0500
  DP_i_decode_i_rs2_addr_i_Y_reg_0_/CK (DFF_X1)         0.0000     0.0500 r
  DP_i_decode_i_rs2_addr_i_Y_reg_0_/Q (DFF_X1)          0.0956     0.1456 f
  U2807/ZN (XNOR2_X1)                                   0.0579     0.2035 f
  U2808/ZN (NOR2_X1)                                    0.0437     0.2472 r
  U2812/ZN (AND4_X2)                                    0.0659     0.3131 r
  U2625/ZN (NAND2_X1)                                   0.0437     0.3568 f
  U2385/ZN (INV_X1)                                     0.0456     0.4024 r
  U904/Z (CLKBUF_X3)                                    0.0566     0.4590 r
  U3031/ZN (NAND2_X1)                                   0.0389     0.4979 f
  U1505/ZN (AND3_X1)                                    0.0448     0.5426 f
  U1268/Z (MUX2_X1)                                     0.0751     0.6177 f
  U4355/ZN (NOR2_X1)                                    0.0465     0.6642 r
  U4357/ZN (NAND2_X1)                                   0.0406     0.7047 f
  U1688/ZN (NAND2_X1)                                   0.0708     0.7756 r
  U974/Z (BUF_X1)                                       0.1434     0.9190 r
  U4786/ZN (XNOR2_X1)                                   0.1105     1.0294 r
  U4791/ZN (OAI211_X1)                                  0.0424     1.0719 f
  U4792/ZN (AND2_X1)                                    0.0448     1.1167 f
  U4795/ZN (NAND2_X1)                                   0.0507     1.1674 r
  U2011/ZN (XNOR2_X1)                                   0.0747     1.2420 r
  U2010/ZN (XNOR2_X1)                                   0.0632     1.3053 r
  U10014/ZN (XNOR2_X1)                                  0.0599     1.3652 r
  U12441/ZN (AND2_X1)                                   0.0421     1.4072 r
  DP_i_execute_i_boothmul_i_tree_i_register_i_3_Y_temp_reg_24_/D (DFF_X1)
                                                        0.0110     1.4182 r
  data arrival time                                                1.4182

  clock CLK (rise edge)                                 1.0000     1.0000
  clock network delay (ideal)                           0.0500     1.0500
  clock uncertainty                                    -0.0500     1.0000
  DP_i_execute_i_boothmul_i_tree_i_register_i_3_Y_temp_reg_24_/CK (DFF_X1)
                                                        0.0000     1.0000 r
  library setup time                                   -0.0265     0.9735
  data required time                                               0.9735
  --------------------------------------------------------------------------
  data required time                                               0.9735
  data arrival time                                               -1.4182
  --------------------------------------------------------------------------
  slack (VIOLATED)                                                -0.4447


  Startpoint: DP_i_execute_i_rd_out_reg_i_Y_reg_0_
              (rising edge-triggered flip-flop clocked by CLK)
  Endpoint: DP_i_execute_i_boothmul_i_tree_i_register_i_3_Y_temp_reg_28_
            (rising edge-triggered flip-flop clocked by CLK)
  Path Group: REG2REG
  Path Type: max

  Des/Clust/Port     Wire Load Model       Library
  ------------------------------------------------
  DLX                5K_hvratio_1_4        NangateOpenCellLibrary

  Point                                                   Incr       Path
  --------------------------------------------------------------------------
  clock CLK (rise edge)                                 0.0000     0.0000
  clock network delay (ideal)                           0.0500     0.0500
  DP_i_execute_i_rd_out_reg_i_Y_reg_0_/CK (DFF_X1)      0.0000     0.0500 r
  DP_i_execute_i_rd_out_reg_i_Y_reg_0_/QN (DFF_X1)      0.0887     0.1387 f
  U2807/ZN (XNOR2_X1)                                   0.0638     0.2025 f
  U2808/ZN (NOR2_X1)                                    0.0437     0.2462 r
  U2812/ZN (AND4_X2)                                    0.0659     0.3121 r
  U2625/ZN (NAND2_X1)                                   0.0437     0.3558 f
  U2525/ZN (INV_X1)                                     0.0550     0.4109 r
  U1914/Z (BUF_X2)                                      0.0571     0.4680 r
  U3247/ZN (NAND2_X1)                                   0.0404     0.5084 f
  U946/ZN (AND3_X2)                                     0.0496     0.5581 f
  U2148/ZN (OAI21_X1)                                   0.0544     0.6125 r
  U4898/ZN (OR2_X1)                                     0.0469     0.6593 r
  U4442/ZN (INV_X1)                                     0.0251     0.6845 f
  U1333/Z (MUX2_X2)                                     0.0771     0.7615 f
  U5669/ZN (AOI22_X1)                                   0.0721     0.8336 r
  U7812/ZN (XNOR2_X1)                                   0.0741     0.9077 r
  U5274/ZN (XNOR2_X1)                                   0.0682     0.9760 r
  U5942/ZN (XNOR2_X1)                                   0.0631     1.0391 r
  U5943/ZN (XNOR2_X1)                                   0.0631     1.1022 r
  U5944/ZN (XNOR2_X1)                                   0.0631     1.1653 r
  U5945/ZN (XNOR2_X1)                                   0.0699     1.2352 r
  U6003/ZN (XNOR2_X1)                                   0.0705     1.3058 r
  U6004/ZN (XNOR2_X1)                                   0.0598     1.3655 r
  U12494/ZN (AND2_X1)                                   0.0420     1.4075 r
  DP_i_execute_i_boothmul_i_tree_i_register_i_3_Y_temp_reg_28_/D (DFF_X2)
                                                        0.0109     1.4184 r
  data arrival time                                                1.4184

  clock CLK (rise edge)                                 1.0000     1.0000
  clock network delay (ideal)                           0.0500     1.0500
  clock uncertainty                                    -0.0500     1.0000
  DP_i_execute_i_boothmul_i_tree_i_register_i_3_Y_temp_reg_28_/CK (DFF_X2)
                                                        0.0000     1.0000 r
  library setup time                                   -0.0262     0.9738
  data required time                                               0.9738
  --------------------------------------------------------------------------
  data required time                                               0.9738
  data arrival time                                               -1.4184
  --------------------------------------------------------------------------
  slack (VIOLATED)                                                -0.4446


1
