 
****************************************
Report : qor
Design : DLX
Version: W-2024.09-SP2
Date   : Tue Sep 29 12:06:50 2026
****************************************


  Timing Path Group 'REG2REG'
  -----------------------------------
  Levels of Logic:              27.00
  Critical Path Length:          1.68
  Critical Path Slack:          -0.41
  Critical Path Clk Period:      1.35
  Total Negative Slack:       -103.84
  No. of Violating Paths:      553.00
  Worst Hold Violation:          0.00
  Total Hold Violation:          0.00
  No. of Hold Violations:        0.00
  -----------------------------------

  Timing Path Group 'CLK'
  -----------------------------------
  Levels of Logic:              28.00
  Critical Path Length:          1.53
  Critical Path Slack:          -0.30
  Critical Path Clk Period:      1.35
  Total Negative Slack:         -9.85
  No. of Violating Paths:       35.00
  Worst Hold Violation:          0.00
  Total Hold Violation:          0.00
  No. of Hold Violations:        0.00
  -----------------------------------

  Timing Path Group 'INPUTS'
  -----------------------------------
  Levels of Logic:               8.00
  Critical Path Length:          0.91
  Critical Path Slack:           0.23
  Critical Path Clk Period:      1.35
  Total Negative Slack:          0.00
  No. of Violating Paths:        0.00
  Worst Hold Violation:          0.00
  Total Hold Violation:          0.00
  No. of Hold Violations:        0.00
  -----------------------------------

  Timing Path Group 'OUTPUTS'
  -----------------------------------
  Levels of Logic:              24.00
  Critical Path Length:          1.32
  Critical Path Slack:          -0.15
  Critical Path Clk Period:      1.35
  Total Negative Slack:         -0.15
  No. of Violating Paths:        1.00
  Worst Hold Violation:          0.00
  Total Hold Violation:          0.00
  No. of Hold Violations:        0.00
  -----------------------------------


  Cell Count
  -----------------------------------
  Hierarchical Cell Count:         72
  Hierarchical Port Count:        288
  Leaf Cell Count:              15894
  Buf/Inv Cell Count:            1652
  Buf Cell Count:                 287
  Inv Cell Count:                1365
  CT Buf/Inv Cell Count:            0
  Combinational Cell Count:     13084
  Sequential Cell Count:         2810
  Macro Count:                      0
  -----------------------------------


  Area
  -----------------------------------
  Combinational Area:    14026.711966
  Noncombinational Area: 12773.319557
  Buf/Inv Area:           1029.686004
  Total Buffer Area:           294.73
  Total Inverter Area:         734.96
  Macro/Black Box Area:      0.000000
  Net Area:                  0.000000
  -----------------------------------
  Cell Area:             26800.031523
  Design Area:           26800.031523


  Design Rules
  -----------------------------------
  Total Number of Nets:         16259
  Nets With Violations:             5
  Max Trans Violations:             2
  Max Cap Violations:               5
  -----------------------------------


  Hostname: microsys.openstack.polito

  Compile CPU Statistics
  -----------------------------------------
  Resource Sharing:                    0.01
  Logic Optimization:                  0.67
  Mapping Optimization:               27.38
  -----------------------------------------
  Overall Compile Time:               44.63
  Overall Compile Wall Clock Time:    45.18

  --------------------------------------------------------------------

  Design  WNS: 0.41  TNS: 113.84  Number of Violating Paths: 589


  Design (Hold)  WNS: 0.00  TNS: 0.00  Number of Violating Paths: 0

  --------------------------------------------------------------------


1
