 
****************************************
Report : qor
Design : DLX
Version: W-2024.09-SP2
Date   : Mon Sep 28 11:37:34 2026
****************************************


  Timing Path Group 'REG2REG'
  -----------------------------------
  Levels of Logic:              31.00
  Critical Path Length:          1.72
  Critical Path Slack:          -0.70
  Critical Path Clk Period:      1.10
  Total Negative Slack:       -341.01
  No. of Violating Paths:      900.00
  Worst Hold Violation:          0.00
  Total Hold Violation:          0.00
  No. of Hold Violations:        0.00
  -----------------------------------

  Timing Path Group 'CLK'
  -----------------------------------
  Levels of Logic:              28.00
  Critical Path Length:          1.52
  Critical Path Slack:          -0.54
  Critical Path Clk Period:      1.10
  Total Negative Slack:        -15.84
  No. of Violating Paths:       35.00
  Worst Hold Violation:          0.00
  Total Hold Violation:          0.00
  No. of Hold Violations:        0.00
  -----------------------------------

  Timing Path Group 'INPUTS'
  -----------------------------------
  Levels of Logic:               7.00
  Critical Path Length:          0.82
  Critical Path Slack:           0.09
  Critical Path Clk Period:      1.10
  Total Negative Slack:          0.00
  No. of Violating Paths:        0.00
  Worst Hold Violation:          0.00
  Total Hold Violation:          0.00
  No. of Hold Violations:        0.00
  -----------------------------------

  Timing Path Group 'OUTPUTS'
  -----------------------------------
  Levels of Logic:              23.00
  Critical Path Length:          1.14
  Critical Path Slack:          -0.20
  Critical Path Clk Period:      1.10
  Total Negative Slack:         -0.20
  No. of Violating Paths:        1.00
  Worst Hold Violation:          0.00
  Total Hold Violation:          0.00
  No. of Hold Violations:        0.00
  -----------------------------------


  Cell Count
  -----------------------------------
  Hierarchical Cell Count:         71
  Hierarchical Port Count:        284
  Leaf Cell Count:              16312
  Buf/Inv Cell Count:            1745
  Buf Cell Count:                 225
  Inv Cell Count:                1520
  CT Buf/Inv Cell Count:            0
  Combinational Cell Count:     13503
  Sequential Cell Count:         2809
  Macro Count:                      0
  -----------------------------------


  Area
  -----------------------------------
  Combinational Area:    14772.043977
  Noncombinational Area: 12791.141559
  Buf/Inv Area:           1105.496007
  Total Buffer Area:           287.28
  Total Inverter Area:         818.22
  Macro/Black Box Area:      0.000000
  Net Area:                  0.000000
  -----------------------------------
  Cell Area:             27563.185536
  Design Area:           27563.185536


  Design Rules
  -----------------------------------
  Total Number of Nets:         17341
  Nets With Violations:             5
  Max Trans Violations:             2
  Max Cap Violations:               5
  -----------------------------------


  Hostname: microsys.openstack.polito

  Compile CPU Statistics
  -----------------------------------------
  Resource Sharing:                    0.01
  Logic Optimization:                  0.54
  Mapping Optimization:               33.34
  -----------------------------------------
  Overall Compile Time:               49.17
  Overall Compile Wall Clock Time:    49.85

  --------------------------------------------------------------------

  Design  WNS: 0.70  TNS: 357.05  Number of Violating Paths: 936


  Design (Hold)  WNS: 0.00  TNS: 0.00  Number of Violating Paths: 0

  --------------------------------------------------------------------


1
