 
****************************************
Report : qor
Design : DLX
Version: W-2024.09-SP2
Date   : Mon Sep 28 12:05:02 2026
****************************************


  Timing Path Group 'REG2REG'
  -----------------------------------
  Levels of Logic:              32.00
  Critical Path Length:          1.76
  Critical Path Slack:          -0.14
  Critical Path Clk Period:      1.70
  Total Negative Slack:        -17.63
  No. of Violating Paths:      191.00
  Worst Hold Violation:          0.00
  Total Hold Violation:          0.00
  No. of Hold Violations:        0.00
  -----------------------------------

  Timing Path Group 'CLK'
  -----------------------------------
  Levels of Logic:              29.00
  Critical Path Length:          1.58
  Critical Path Slack:           0.00
  Critical Path Clk Period:      1.70
  Total Negative Slack:          0.00
  No. of Violating Paths:        0.00
  Worst Hold Violation:          0.00
  Total Hold Violation:          0.00
  No. of Hold Violations:        0.00
  -----------------------------------

  Timing Path Group 'INPUTS'
  -----------------------------------
  Levels of Logic:               9.00
  Critical Path Length:          0.73
  Critical Path Slack:           0.72
  Critical Path Clk Period:      1.70
  Total Negative Slack:          0.00
  No. of Violating Paths:        0.00
  Worst Hold Violation:          0.00
  Total Hold Violation:          0.00
  No. of Hold Violations:        0.00
  -----------------------------------

  Timing Path Group 'OUTPUTS'
  -----------------------------------
  Levels of Logic:              25.00
  Critical Path Length:          1.39
  Critical Path Slack:           0.09
  Critical Path Clk Period:      1.70
  Total Negative Slack:          0.00
  No. of Violating Paths:        0.00
  Worst Hold Violation:          0.00
  Total Hold Violation:          0.00
  No. of Hold Violations:        0.00
  -----------------------------------


  Cell Count
  -----------------------------------
  Hierarchical Cell Count:         71
  Hierarchical Port Count:        284
  Leaf Cell Count:              14481
  Buf/Inv Cell Count:            1512
  Buf Cell Count:                 203
  Inv Cell Count:                1309
  CT Buf/Inv Cell Count:            0
  Combinational Cell Count:     11672
  Sequential Cell Count:         2809
  Macro Count:                      0
  -----------------------------------


  Area
  -----------------------------------
  Combinational Area:    12816.412051
  Noncombinational Area: 12776.245558
  Buf/Inv Area:            938.714005
  Total Buffer Area:           226.37
  Total Inverter Area:         712.35
  Macro/Black Box Area:      0.000000
  Net Area:                  0.000000
  -----------------------------------
  Cell Area:             25592.657609
  Design Area:           25592.657609


  Design Rules
  -----------------------------------
  Total Number of Nets:         14784
  Nets With Violations:             3
  Max Trans Violations:             1
  Max Cap Violations:               3
  -----------------------------------


  Hostname: microsys.openstack.polito

  Compile CPU Statistics
  -----------------------------------------
  Resource Sharing:                    0.01
  Logic Optimization:                  0.56
  Mapping Optimization:               20.47
  -----------------------------------------
  Overall Compile Time:               34.56
  Overall Compile Wall Clock Time:    35.17

  --------------------------------------------------------------------

  Design  WNS: 0.14  TNS: 17.63  Number of Violating Paths: 191


  Design (Hold)  WNS: 0.00  TNS: 0.00  Number of Violating Paths: 0

  --------------------------------------------------------------------


1
