 
****************************************
Report : qor
Design : DLX
Version: W-2024.09-SP2
Date   : Mon Sep 28 12:15:54 2026
****************************************


  Timing Path Group 'REG2REG'
  -----------------------------------
  Levels of Logic:              32.00
  Critical Path Length:          1.92
  Critical Path Slack:           0.00
  Critical Path Clk Period:      2.00
  Total Negative Slack:          0.00
  No. of Violating Paths:        0.00
  Worst Hold Violation:          0.00
  Total Hold Violation:          0.00
  No. of Hold Violations:        0.00
  -----------------------------------

  Timing Path Group 'CLK'
  -----------------------------------
  Levels of Logic:              30.00
  Critical Path Length:          1.84
  Critical Path Slack:           0.03
  Critical Path Clk Period:      2.00
  Total Negative Slack:          0.00
  No. of Violating Paths:        0.00
  Worst Hold Violation:          0.00
  Total Hold Violation:          0.00
  No. of Hold Violations:        0.00
  -----------------------------------

  Timing Path Group 'INPUTS'
  -----------------------------------
  Levels of Logic:              10.00
  Critical Path Length:          0.76
  Critical Path Slack:           0.96
  Critical Path Clk Period:      2.00
  Total Negative Slack:          0.00
  No. of Violating Paths:        0.00
  Worst Hold Violation:          0.00
  Total Hold Violation:          0.00
  No. of Hold Violations:        0.00
  -----------------------------------

  Timing Path Group 'OUTPUTS'
  -----------------------------------
  Levels of Logic:              25.00
  Critical Path Length:          1.55
  Critical Path Slack:           0.20
  Critical Path Clk Period:      2.00
  Total Negative Slack:          0.00
  No. of Violating Paths:        0.00
  Worst Hold Violation:          0.00
  Total Hold Violation:          0.00
  No. of Hold Violations:        0.00
  -----------------------------------


  Cell Count
  -----------------------------------
  Hierarchical Cell Count:         71
  Hierarchical Port Count:        284
  Leaf Cell Count:              13642
  Buf/Inv Cell Count:            1236
  Buf Cell Count:                 129
  Inv Cell Count:                1107
  CT Buf/Inv Cell Count:            0
  Combinational Cell Count:     10833
  Sequential Cell Count:         2809
  Macro Count:                      0
  -----------------------------------


  Area
  -----------------------------------
  Combinational Area:    12107.522074
  Noncombinational Area: 12743.261554
  Buf/Inv Area:            760.228005
  Total Buffer Area:           161.99
  Total Inverter Area:         598.23
  Macro/Black Box Area:      0.000000
  Net Area:                  0.000000
  -----------------------------------
  Cell Area:             24850.783628
  Design Area:           24850.783628


  Design Rules
  -----------------------------------
  Total Number of Nets:         13889
  Nets With Violations:             1
  Max Trans Violations:             0
  Max Cap Violations:               1
  -----------------------------------


  Hostname: microsys.openstack.polito

  Compile CPU Statistics
  -----------------------------------------
  Resource Sharing:                    0.01
  Logic Optimization:                  0.53
  Mapping Optimization:                5.16
  -----------------------------------------
  Overall Compile Time:               14.82
  Overall Compile Wall Clock Time:    15.21

  --------------------------------------------------------------------

  Design  WNS: 0.00  TNS: 0.00  Number of Violating Paths: 0


  Design (Hold)  WNS: 0.00  TNS: 0.00  Number of Violating Paths: 0

  --------------------------------------------------------------------


1
