 
****************************************
Report : qor
Design : DLX
Version: W-2024.09-SP2
Date   : Tue Sep 29 12:11:51 2026
****************************************


  Timing Path Group 'REG2REG'
  -----------------------------------
  Levels of Logic:              29.00
  Critical Path Length:          1.75
  Critical Path Slack:          -0.37
  Critical Path Clk Period:      1.45
  Total Negative Slack:        -79.05
  No. of Violating Paths:      414.00
  Worst Hold Violation:          0.00
  Total Hold Violation:          0.00
  No. of Hold Violations:        0.00
  -----------------------------------

  Timing Path Group 'CLK'
  -----------------------------------
  Levels of Logic:              28.00
  Critical Path Length:          1.57
  Critical Path Slack:          -0.24
  Critical Path Clk Period:      1.45
  Total Negative Slack:         -6.18
  No. of Violating Paths:       35.00
  Worst Hold Violation:          0.00
  Total Hold Violation:          0.00
  No. of Hold Violations:        0.00
  -----------------------------------

  Timing Path Group 'INPUTS'
  -----------------------------------
  Levels of Logic:               8.00
  Critical Path Length:          0.75
  Critical Path Slack:           0.48
  Critical Path Clk Period:      1.45
  Total Negative Slack:          0.00
  No. of Violating Paths:        0.00
  Worst Hold Violation:          0.00
  Total Hold Violation:          0.00
  No. of Hold Violations:        0.00
  -----------------------------------

  Timing Path Group 'OUTPUTS'
  -----------------------------------
  Levels of Logic:              23.00
  Critical Path Length:          1.30
  Critical Path Slack:          -0.04
  Critical Path Clk Period:      1.45
  Total Negative Slack:         -0.04
  No. of Violating Paths:        1.00
  Worst Hold Violation:          0.00
  Total Hold Violation:          0.00
  No. of Hold Violations:        0.00
  -----------------------------------


  Cell Count
  -----------------------------------
  Hierarchical Cell Count:         72
  Hierarchical Port Count:        288
  Leaf Cell Count:              15909
  Buf/Inv Cell Count:            1706
  Buf Cell Count:                 284
  Inv Cell Count:                1422
  CT Buf/Inv Cell Count:            0
  Combinational Cell Count:     13099
  Sequential Cell Count:         2810
  Macro Count:                      0
  -----------------------------------


  Area
  -----------------------------------
  Combinational Area:    14036.021973
  Noncombinational Area: 12818.539562
  Buf/Inv Area:           1063.468004
  Total Buffer Area:           294.73
  Total Inverter Area:         768.74
  Macro/Black Box Area:      0.000000
  Net Area:                  0.000000
  -----------------------------------
  Cell Area:             26854.561535
  Design Area:           26854.561535


  Design Rules
  -----------------------------------
  Total Number of Nets:         16290
  Nets With Violations:             6
  Max Trans Violations:             2
  Max Cap Violations:               6
  -----------------------------------


  Hostname: microsys.openstack.polito

  Compile CPU Statistics
  -----------------------------------------
  Resource Sharing:                    0.01
  Logic Optimization:                  0.71
  Mapping Optimization:               40.77
  -----------------------------------------
  Overall Compile Time:               59.18
  Overall Compile Wall Clock Time:    59.92

  --------------------------------------------------------------------

  Design  WNS: 0.37  TNS: 85.26  Number of Violating Paths: 450


  Design (Hold)  WNS: 0.00  TNS: 0.00  Number of Violating Paths: 0

  --------------------------------------------------------------------


1
