 
****************************************
Report : timing
        -path full
        -delay max
        -nworst 2
        -group REG2REG
        -max_paths 10
Design : DLX
Version: W-2024.09-SP2
Date   : Mon Sep 28 12:09:22 2026
****************************************

Operating Conditions: typical   Library: NangateOpenCellLibrary
Wire Load Model Mode: top

  Startpoint: CP_i_ex_mem_reg_i_RM_out_reg
              (rising edge-triggered flip-flop clocked by CLK)
  Endpoint: DP_i_fetch_i_pc_i_Y_reg_13_
            (rising edge-triggered flip-flop clocked by CLK)
  Path Group: REG2REG
  Path Type: max

  Des/Clust/Port     Wire Load Model       Library
  ------------------------------------------------
  DLX                5K_hvratio_1_4        NangateOpenCellLibrary

  Point                                                   Incr       Path
  --------------------------------------------------------------------------
  clock CLK (rise edge)                                 0.0000     0.0000
  clock network delay (ideal)                           0.0500     0.0500
  CP_i_ex_mem_reg_i_RM_out_reg/CK (DFF_X1)              0.0000     0.0500 r
  CP_i_ex_mem_reg_i_RM_out_reg/Q (DFF_X1)               0.1018     0.1518 r
  U2845/ZN (OR2_X1)                                     0.0361     0.1879 r
  U3292/ZN (NAND2_X1)                                   0.0266     0.2145 f
  U2603/ZN (OAI211_X1)                                  0.0673     0.2818 r
  U3915/Z (BUF_X2)                                      0.0624     0.3442 r
  U3939/Z (MUX2_X1)                                     0.0933     0.4375 f
  U2913/ZN (XNOR2_X1)                                   0.0535     0.4910 r
  U3941/ZN (NAND2_X1)                                   0.0362     0.5271 f
  U3944/ZN (NOR3_X1)                                    0.0573     0.5844 r
  U3945/ZN (AND2_X1)                                    0.0553     0.6397 r
  U3946/ZN (XNOR2_X1)                                   0.0629     0.7026 r
  U2805/ZN (AND2_X1)                                    0.0435     0.7461 r
  U3962/ZN (NAND2_X1)                                   0.0315     0.7777 f
  U3965/ZN (OAI211_X1)                                  0.0410     0.8186 r
  U1775/ZN (AND2_X1)                                    0.0469     0.8656 r
  U2753/ZN (OAI211_X1)                                  0.0332     0.8988 f
  U854/ZN (NAND2_X1)                                    0.0402     0.9389 r
  U2942/ZN (NAND4_X1)                                   0.0453     0.9842 f
  U2920/ZN (XNOR2_X1)                                   0.0674     1.0517 f
  U2907/ZN (NAND2_X1)                                   0.0458     1.0975 r
  U2918/ZN (NAND2_X1)                                   0.0442     1.1417 f
  U4174/ZN (NOR2_X1)                                    0.0545     1.1962 r
  U5493/ZN (XNOR2_X1)                                   0.0659     1.2621 r
  U5495/ZN (OAI21_X1)                                   0.0382     1.3003 f
  U856/Z (MUX2_X2)                                      0.0785     1.3788 f
  U5518/ZN (XNOR2_X1)                                   0.0569     1.4358 f
  U2614/ZN (AND2_X1)                                    0.0392     1.4750 f
  U2574/ZN (AND4_X1)                                    0.0444     1.5194 f
  U2589/ZN (AOI21_X1)                                   0.0516     1.5710 r
  U5521/ZN (INV_X1)                                     0.0344     1.6054 f
  U10565/ZN (OR2_X4)                                    0.0861     1.6914 f
  U2940/ZN (OR2_X1)                                     0.0825     1.7740 f
  U11189/ZN (NAND4_X1)                                  0.0333     1.8073 r
  DP_i_fetch_i_pc_i_Y_reg_13_/D (DFF_X2)                0.0109     1.8182 r
  data arrival time                                                1.8182

  clock CLK (rise edge)                                 1.8000     1.8000
  clock network delay (ideal)                           0.0500     1.8500
  clock uncertainty                                    -0.0500     1.8000
  DP_i_fetch_i_pc_i_Y_reg_13_/CK (DFF_X2)               0.0000     1.8000 r
  library setup time                                   -0.0275     1.7725
  data required time                                               1.7725
  --------------------------------------------------------------------------
  data required time                                               1.7725
  data arrival time                                               -1.8182
  --------------------------------------------------------------------------
  slack (VIOLATED)                                                -0.0458


  Startpoint: CP_i_ex_mem_reg_i_RM_out_reg
              (rising edge-triggered flip-flop clocked by CLK)
  Endpoint: DP_i_fetch_i_pc_i_Y_reg_11_
            (rising edge-triggered flip-flop clocked by CLK)
  Path Group: REG2REG
  Path Type: max

  Des/Clust/Port     Wire Load Model       Library
  ------------------------------------------------
  DLX                5K_hvratio_1_4        NangateOpenCellLibrary

  Point                                                   Incr       Path
  --------------------------------------------------------------------------
  clock CLK (rise edge)                                 0.0000     0.0000
  clock network delay (ideal)                           0.0500     0.0500
  CP_i_ex_mem_reg_i_RM_out_reg/CK (DFF_X1)              0.0000     0.0500 r
  CP_i_ex_mem_reg_i_RM_out_reg/Q (DFF_X1)               0.1018     0.1518 r
  U2845/ZN (OR2_X1)                                     0.0361     0.1879 r
  U3292/ZN (NAND2_X1)                                   0.0266     0.2145 f
  U2603/ZN (OAI211_X1)                                  0.0673     0.2818 r
  U3915/Z (BUF_X2)                                      0.0624     0.3442 r
  U3939/Z (MUX2_X1)                                     0.0933     0.4375 f
  U2913/ZN (XNOR2_X1)                                   0.0535     0.4910 r
  U3941/ZN (NAND2_X1)                                   0.0362     0.5271 f
  U3944/ZN (NOR3_X1)                                    0.0573     0.5844 r
  U3945/ZN (AND2_X1)                                    0.0553     0.6397 r
  U3946/ZN (XNOR2_X1)                                   0.0629     0.7026 r
  U2805/ZN (AND2_X1)                                    0.0435     0.7461 r
  U3962/ZN (NAND2_X1)                                   0.0315     0.7777 f
  U3965/ZN (OAI211_X1)                                  0.0410     0.8186 r
  U1775/ZN (AND2_X1)                                    0.0469     0.8656 r
  U2753/ZN (OAI211_X1)                                  0.0332     0.8988 f
  U854/ZN (NAND2_X1)                                    0.0402     0.9389 r
  U2942/ZN (NAND4_X1)                                   0.0453     0.9842 f
  U2920/ZN (XNOR2_X1)                                   0.0674     1.0517 f
  U2907/ZN (NAND2_X1)                                   0.0458     1.0975 r
  U2918/ZN (NAND2_X1)                                   0.0442     1.1417 f
  U4174/ZN (NOR2_X1)                                    0.0545     1.1962 r
  U5493/ZN (XNOR2_X1)                                   0.0659     1.2621 r
  U5495/ZN (OAI21_X1)                                   0.0382     1.3003 f
  U856/Z (MUX2_X2)                                      0.0785     1.3788 f
  U5518/ZN (XNOR2_X1)                                   0.0569     1.4358 f
  U2614/ZN (AND2_X1)                                    0.0392     1.4750 f
  U2574/ZN (AND4_X1)                                    0.0444     1.5194 f
  U2589/ZN (AOI21_X1)                                   0.0516     1.5710 r
  U5521/ZN (INV_X1)                                     0.0344     1.6054 f
  U10565/ZN (OR2_X4)                                    0.0861     1.6914 f
  U2939/ZN (OR2_X1)                                     0.0825     1.7740 f
  U11184/ZN (NAND4_X1)                                  0.0333     1.8073 r
  DP_i_fetch_i_pc_i_Y_reg_11_/D (DFF_X2)                0.0109     1.8182 r
  data arrival time                                                1.8182

  clock CLK (rise edge)                                 1.8000     1.8000
  clock network delay (ideal)                           0.0500     1.8500
  clock uncertainty                                    -0.0500     1.8000
  DP_i_fetch_i_pc_i_Y_reg_11_/CK (DFF_X2)               0.0000     1.8000 r
  library setup time                                   -0.0275     1.7725
  data required time                                               1.7725
  --------------------------------------------------------------------------
  data required time                                               1.7725
  data arrival time                                               -1.8182
  --------------------------------------------------------------------------
  slack (VIOLATED)                                                -0.0458


  Startpoint: DP_i_fetch_i_IR_out_reg_27_
              (rising edge-triggered flip-flop clocked by CLK)
  Endpoint: DP_i_fetch_i_pc_i_Y_reg_13_
            (rising edge-triggered flip-flop clocked by CLK)
  Path Group: REG2REG
  Path Type: max

  Des/Clust/Port     Wire Load Model       Library
  ------------------------------------------------
  DLX                5K_hvratio_1_4        NangateOpenCellLibrary

  Point                                                   Incr       Path
  --------------------------------------------------------------------------
  clock CLK (rise edge)                                 0.0000     0.0000
  clock network delay (ideal)                           0.0500     0.0500
  DP_i_fetch_i_IR_out_reg_27_/CK (DFF_X1)               0.0000     0.0500 r
  DP_i_fetch_i_IR_out_reg_27_/QN (DFF_X1)               0.0832     0.1332 f
  U1488/ZN (INV_X1)                                     0.0451     0.1784 r
  U3668/ZN (AND2_X2)                                    0.0615     0.2398 r
  U2705/ZN (OR2_X1)                                     0.0448     0.2846 r
  U3676/ZN (NAND2_X1)                                   0.0307     0.3154 f
  U1886/ZN (AND2_X1)                                    0.0460     0.3613 f
  U3863/ZN (AOI21_X1)                                   0.0442     0.4055 r
  U3864/ZN (OAI21_X1)                                   0.0424     0.4479 f
  U3076/ZN (NAND2_X1)                                   0.0413     0.4892 r
  U2596/ZN (NAND2_X1)                                   0.0351     0.5243 f
  U3865/ZN (NAND2_X1)                                   0.0557     0.5800 r
  U3871/ZN (NAND2_X1)                                   0.0471     0.6271 f
  U1167/ZN (OR3_X1)                                     0.0983     0.7254 f
  U2587/ZN (OAI21_X1)                                   0.0438     0.7692 r
  U3966/Z (MUX2_X1)                                     0.0586     0.8278 r
  U930/ZN (NAND2_X1)                                    0.0352     0.8630 f
  U855/ZN (AND2_X2)                                     0.0423     0.9054 f
  U854/ZN (NAND2_X1)                                    0.0335     0.9389 r
  U2942/ZN (NAND4_X1)                                   0.0453     0.9842 f
  U2920/ZN (XNOR2_X1)                                   0.0674     1.0516 f
  U2907/ZN (NAND2_X1)                                   0.0458     1.0975 r
  U2918/ZN (NAND2_X1)                                   0.0442     1.1417 f
  U4174/ZN (NOR2_X1)                                    0.0545     1.1962 r
  U5493/ZN (XNOR2_X1)                                   0.0659     1.2621 r
  U5495/ZN (OAI21_X1)                                   0.0382     1.3003 f
  U856/Z (MUX2_X2)                                      0.0785     1.3788 f
  U5518/ZN (XNOR2_X1)                                   0.0569     1.4357 f
  U2614/ZN (AND2_X1)                                    0.0392     1.4749 f
  U2574/ZN (AND4_X1)                                    0.0444     1.5193 f
  U2589/ZN (AOI21_X1)                                   0.0516     1.5710 r
  U5521/ZN (INV_X1)                                     0.0344     1.6053 f
  U10565/ZN (OR2_X4)                                    0.0861     1.6914 f
  U2940/ZN (OR2_X1)                                     0.0825     1.7740 f
  U11189/ZN (NAND4_X1)                                  0.0333     1.8073 r
  DP_i_fetch_i_pc_i_Y_reg_13_/D (DFF_X2)                0.0109     1.8182 r
  data arrival time                                                1.8182

  clock CLK (rise edge)                                 1.8000     1.8000
  clock network delay (ideal)                           0.0500     1.8500
  clock uncertainty                                    -0.0500     1.8000
  DP_i_fetch_i_pc_i_Y_reg_13_/CK (DFF_X2)               0.0000     1.8000 r
  library setup time                                   -0.0275     1.7725
  data required time                                               1.7725
  --------------------------------------------------------------------------
  data required time                                               1.7725
  data arrival time                                               -1.8182
  --------------------------------------------------------------------------
  slack (VIOLATED)                                                -0.0457


  Startpoint: DP_i_fetch_i_IR_out_reg_27_
              (rising edge-triggered flip-flop clocked by CLK)
  Endpoint: DP_i_fetch_i_pc_i_Y_reg_11_
            (rising edge-triggered flip-flop clocked by CLK)
  Path Group: REG2REG
  Path Type: max

  Des/Clust/Port     Wire Load Model       Library
  ------------------------------------------------
  DLX                5K_hvratio_1_4        NangateOpenCellLibrary

  Point                                                   Incr       Path
  --------------------------------------------------------------------------
  clock CLK (rise edge)                                 0.0000     0.0000
  clock network delay (ideal)                           0.0500     0.0500
  DP_i_fetch_i_IR_out_reg_27_/CK (DFF_X1)               0.0000     0.0500 r
  DP_i_fetch_i_IR_out_reg_27_/QN (DFF_X1)               0.0832     0.1332 f
  U1488/ZN (INV_X1)                                     0.0451     0.1784 r
  U3668/ZN (AND2_X2)                                    0.0615     0.2398 r
  U2705/ZN (OR2_X1)                                     0.0448     0.2846 r
  U3676/ZN (NAND2_X1)                                   0.0307     0.3154 f
  U1886/ZN (AND2_X1)                                    0.0460     0.3613 f
  U3863/ZN (AOI21_X1)                                   0.0442     0.4055 r
  U3864/ZN (OAI21_X1)                                   0.0424     0.4479 f
  U3076/ZN (NAND2_X1)                                   0.0413     0.4892 r
  U2596/ZN (NAND2_X1)                                   0.0351     0.5243 f
  U3865/ZN (NAND2_X1)                                   0.0557     0.5800 r
  U3871/ZN (NAND2_X1)                                   0.0471     0.6271 f
  U1167/ZN (OR3_X1)                                     0.0983     0.7254 f
  U2587/ZN (OAI21_X1)                                   0.0438     0.7692 r
  U3966/Z (MUX2_X1)                                     0.0586     0.8278 r
  U930/ZN (NAND2_X1)                                    0.0352     0.8630 f
  U855/ZN (AND2_X2)                                     0.0423     0.9054 f
  U854/ZN (NAND2_X1)                                    0.0335     0.9389 r
  U2942/ZN (NAND4_X1)                                   0.0453     0.9842 f
  U2920/ZN (XNOR2_X1)                                   0.0674     1.0516 f
  U2907/ZN (NAND2_X1)                                   0.0458     1.0975 r
  U2918/ZN (NAND2_X1)                                   0.0442     1.1417 f
  U4174/ZN (NOR2_X1)                                    0.0545     1.1962 r
  U5493/ZN (XNOR2_X1)                                   0.0659     1.2621 r
  U5495/ZN (OAI21_X1)                                   0.0382     1.3003 f
  U856/Z (MUX2_X2)                                      0.0785     1.3788 f
  U5518/ZN (XNOR2_X1)                                   0.0569     1.4357 f
  U2614/ZN (AND2_X1)                                    0.0392     1.4749 f
  U2574/ZN (AND4_X1)                                    0.0444     1.5193 f
  U2589/ZN (AOI21_X1)                                   0.0516     1.5710 r
  U5521/ZN (INV_X1)                                     0.0344     1.6053 f
  U10565/ZN (OR2_X4)                                    0.0861     1.6914 f
  U2939/ZN (OR2_X1)                                     0.0825     1.7740 f
  U11184/ZN (NAND4_X1)                                  0.0333     1.8073 r
  DP_i_fetch_i_pc_i_Y_reg_11_/D (DFF_X2)                0.0109     1.8182 r
  data arrival time                                                1.8182

  clock CLK (rise edge)                                 1.8000     1.8000
  clock network delay (ideal)                           0.0500     1.8500
  clock uncertainty                                    -0.0500     1.8000
  DP_i_fetch_i_pc_i_Y_reg_11_/CK (DFF_X2)               0.0000     1.8000 r
  library setup time                                   -0.0275     1.7725
  data required time                                               1.7725
  --------------------------------------------------------------------------
  data required time                                               1.7725
  data arrival time                                               -1.8182
  --------------------------------------------------------------------------
  slack (VIOLATED)                                                -0.0457


  Startpoint: DP_i_mem_access_i_rd_out_reg_i_Y_reg_3_
              (rising edge-triggered flip-flop clocked by CLK)
  Endpoint: DP_i_fetch_i_IR_out_reg_25_
            (rising edge-triggered flip-flop clocked by CLK)
  Path Group: REG2REG
  Path Type: max

  Des/Clust/Port     Wire Load Model       Library
  ------------------------------------------------
  DLX                5K_hvratio_1_4        NangateOpenCellLibrary

  Point                                                   Incr       Path
  --------------------------------------------------------------------------
  clock CLK (rise edge)                                 0.0000     0.0000
  clock network delay (ideal)                           0.0500     0.0500
  DP_i_mem_access_i_rd_out_reg_i_Y_reg_3_/CK (DFF_X1)   0.0000     0.0500 r
  DP_i_mem_access_i_rd_out_reg_i_Y_reg_3_/Q (DFF_X1)    0.1017     0.1517 r
  U3038/ZN (XNOR2_X1)                                   0.0629     0.2146 r
  U941/ZN (NOR2_X1)                                     0.0280     0.2426 f
  U1000/ZN (AND4_X2)                                    0.0473     0.2899 f
  U2864/ZN (NOR2_X1)                                    0.1122     0.4021 r
  U2879/ZN (AND2_X1)                                    0.0760     0.4782 r
  U1283/ZN (INV_X1)                                     0.0293     0.5075 f
  U1408/ZN (INV_X1)                                     0.0787     0.5862 r
  U4283/ZN (AOI22_X1)                                   0.0631     0.6493 f
  U4284/ZN (NAND4_X1)                                   0.0473     0.6967 r
  U4290/ZN (NOR2_X1)                                    0.0244     0.7211 f
  U1182/ZN (AND3_X1)                                    0.0373     0.7583 f
  U3097/ZN (AND2_X1)                                    0.0376     0.7960 f
  U3096/ZN (AND3_X1)                                    0.0457     0.8417 f
  U4570/ZN (OAI211_X1)                                  0.0614     0.9031 r
  U4571/ZN (INV_X1)                                     0.0247     0.9277 f
  U1406/ZN (AND2_X1)                                    0.0425     0.9702 f
  U2890/ZN (AND3_X1)                                    0.0467     1.0169 f
  U2935/ZN (OAI211_X1)                                  0.0595     1.0764 r
  U2586/ZN (AND2_X1)                                    0.0741     1.1504 r
  U2978/Z (MUX2_X1)                                     0.0902     1.2407 f
  U2977/ZN (XNOR2_X1)                                   0.0494     1.2901 r
  U978/ZN (NAND4_X1)                                    0.0450     1.3351 f
  U977/ZN (NOR3_X1)                                     0.0454     1.3805 r
  U2749/ZN (AND4_X1)                                    0.0621     1.4426 r
  U2747/ZN (AND2_X1)                                    0.0427     1.4853 r
  U5755/ZN (AND4_X1)                                    0.0684     1.5537 r
  U920/ZN (AOI21_X1)                                    0.0358     1.5894 f
  U2558/ZN (OR3_X4)                                     0.1059     1.6954 f
  U11068/ZN (OR2_X1)                                    0.0851     1.7805 f
  U10277/ZN (INV_X1)                                    0.0262     1.8067 r
  DP_i_fetch_i_IR_out_reg_25_/D (DFF_X1)                0.0110     1.8176 r
  data arrival time                                                1.8176

  clock CLK (rise edge)                                 1.8000     1.8000
  clock network delay (ideal)                           0.0500     1.8500
  clock uncertainty                                    -0.0500     1.8000
  DP_i_fetch_i_IR_out_reg_25_/CK (DFF_X1)               0.0000     1.8000 r
  library setup time                                   -0.0262     1.7738
  data required time                                               1.7738
  --------------------------------------------------------------------------
  data required time                                               1.7738
  data arrival time                                               -1.8176
  --------------------------------------------------------------------------
  slack (VIOLATED)                                                -0.0438


  Startpoint: DP_i_mem_access_i_rd_out_reg_i_Y_reg_3_
              (rising edge-triggered flip-flop clocked by CLK)
  Endpoint: DP_i_fetch_i_IR_out_reg_22_
            (rising edge-triggered flip-flop clocked by CLK)
  Path Group: REG2REG
  Path Type: max

  Des/Clust/Port     Wire Load Model       Library
  ------------------------------------------------
  DLX                5K_hvratio_1_4        NangateOpenCellLibrary

  Point                                                   Incr       Path
  --------------------------------------------------------------------------
  clock CLK (rise edge)                                 0.0000     0.0000
  clock network delay (ideal)                           0.0500     0.0500
  DP_i_mem_access_i_rd_out_reg_i_Y_reg_3_/CK (DFF_X1)   0.0000     0.0500 r
  DP_i_mem_access_i_rd_out_reg_i_Y_reg_3_/Q (DFF_X1)    0.1017     0.1517 r
  U3038/ZN (XNOR2_X1)                                   0.0629     0.2146 r
  U941/ZN (NOR2_X1)                                     0.0280     0.2426 f
  U1000/ZN (AND4_X2)                                    0.0473     0.2899 f
  U2864/ZN (NOR2_X1)                                    0.1122     0.4021 r
  U2879/ZN (AND2_X1)                                    0.0760     0.4782 r
  U1283/ZN (INV_X1)                                     0.0293     0.5075 f
  U1408/ZN (INV_X1)                                     0.0787     0.5862 r
  U4283/ZN (AOI22_X1)                                   0.0631     0.6493 f
  U4284/ZN (NAND4_X1)                                   0.0473     0.6967 r
  U4290/ZN (NOR2_X1)                                    0.0244     0.7211 f
  U1182/ZN (AND3_X1)                                    0.0373     0.7583 f
  U3097/ZN (AND2_X1)                                    0.0376     0.7960 f
  U3096/ZN (AND3_X1)                                    0.0457     0.8417 f
  U4570/ZN (OAI211_X1)                                  0.0614     0.9031 r
  U4571/ZN (INV_X1)                                     0.0247     0.9277 f
  U1406/ZN (AND2_X1)                                    0.0425     0.9702 f
  U2890/ZN (AND3_X1)                                    0.0467     1.0169 f
  U2935/ZN (OAI211_X1)                                  0.0595     1.0764 r
  U2586/ZN (AND2_X1)                                    0.0741     1.1504 r
  U2978/Z (MUX2_X1)                                     0.0902     1.2407 f
  U2977/ZN (XNOR2_X1)                                   0.0494     1.2901 r
  U978/ZN (NAND4_X1)                                    0.0450     1.3351 f
  U977/ZN (NOR3_X1)                                     0.0454     1.3805 r
  U2749/ZN (AND4_X1)                                    0.0621     1.4426 r
  U2747/ZN (AND2_X1)                                    0.0427     1.4853 r
  U5755/ZN (AND4_X1)                                    0.0684     1.5537 r
  U920/ZN (AOI21_X1)                                    0.0358     1.5894 f
  U2558/ZN (OR3_X4)                                     0.1059     1.6954 f
  U11065/ZN (OR2_X1)                                    0.0851     1.7805 f
  U10272/ZN (INV_X1)                                    0.0262     1.8067 r
  DP_i_fetch_i_IR_out_reg_22_/D (DFF_X1)                0.0110     1.8176 r
  data arrival time                                                1.8176

  clock CLK (rise edge)                                 1.8000     1.8000
  clock network delay (ideal)                           0.0500     1.8500
  clock uncertainty                                    -0.0500     1.8000
  DP_i_fetch_i_IR_out_reg_22_/CK (DFF_X1)               0.0000     1.8000 r
  library setup time                                   -0.0262     1.7738
  data required time                                               1.7738
  --------------------------------------------------------------------------
  data required time                                               1.7738
  data arrival time                                               -1.8176
  --------------------------------------------------------------------------
  slack (VIOLATED)                                                -0.0438


  Startpoint: DP_i_mem_access_i_rd_out_reg_i_Y_reg_3_
              (rising edge-triggered flip-flop clocked by CLK)
  Endpoint: DP_i_fetch_i_IR_out_reg_24_
            (rising edge-triggered flip-flop clocked by CLK)
  Path Group: REG2REG
  Path Type: max

  Des/Clust/Port     Wire Load Model       Library
  ------------------------------------------------
  DLX                5K_hvratio_1_4        NangateOpenCellLibrary

  Point                                                   Incr       Path
  --------------------------------------------------------------------------
  clock CLK (rise edge)                                 0.0000     0.0000
  clock network delay (ideal)                           0.0500     0.0500
  DP_i_mem_access_i_rd_out_reg_i_Y_reg_3_/CK (DFF_X1)   0.0000     0.0500 r
  DP_i_mem_access_i_rd_out_reg_i_Y_reg_3_/Q (DFF_X1)    0.1017     0.1517 r
  U3038/ZN (XNOR2_X1)                                   0.0629     0.2146 r
  U941/ZN (NOR2_X1)                                     0.0280     0.2426 f
  U1000/ZN (AND4_X2)                                    0.0473     0.2899 f
  U2864/ZN (NOR2_X1)                                    0.1122     0.4021 r
  U2879/ZN (AND2_X1)                                    0.0760     0.4782 r
  U1283/ZN (INV_X1)                                     0.0293     0.5075 f
  U1408/ZN (INV_X1)                                     0.0787     0.5862 r
  U4283/ZN (AOI22_X1)                                   0.0631     0.6493 f
  U4284/ZN (NAND4_X1)                                   0.0473     0.6967 r
  U4290/ZN (NOR2_X1)                                    0.0244     0.7211 f
  U1182/ZN (AND3_X1)                                    0.0373     0.7583 f
  U3097/ZN (AND2_X1)                                    0.0376     0.7960 f
  U3096/ZN (AND3_X1)                                    0.0457     0.8417 f
  U4570/ZN (OAI211_X1)                                  0.0614     0.9031 r
  U4571/ZN (INV_X1)                                     0.0247     0.9277 f
  U1406/ZN (AND2_X1)                                    0.0425     0.9702 f
  U2890/ZN (AND3_X1)                                    0.0467     1.0169 f
  U2935/ZN (OAI211_X1)                                  0.0595     1.0764 r
  U2586/ZN (AND2_X1)                                    0.0741     1.1504 r
  U2978/Z (MUX2_X1)                                     0.0902     1.2407 f
  U2977/ZN (XNOR2_X1)                                   0.0494     1.2901 r
  U978/ZN (NAND4_X1)                                    0.0450     1.3351 f
  U977/ZN (NOR3_X1)                                     0.0454     1.3805 r
  U2749/ZN (AND4_X1)                                    0.0621     1.4426 r
  U2747/ZN (AND2_X1)                                    0.0427     1.4853 r
  U5755/ZN (AND4_X1)                                    0.0684     1.5537 r
  U920/ZN (AOI21_X1)                                    0.0358     1.5894 f
  U2558/ZN (OR3_X4)                                     0.1059     1.6954 f
  U11057/ZN (OR2_X1)                                    0.0851     1.7805 f
  U10265/ZN (INV_X1)                                    0.0262     1.8067 r
  DP_i_fetch_i_IR_out_reg_24_/D (DFF_X1)                0.0110     1.8176 r
  data arrival time                                                1.8176

  clock CLK (rise edge)                                 1.8000     1.8000
  clock network delay (ideal)                           0.0500     1.8500
  clock uncertainty                                    -0.0500     1.8000
  DP_i_fetch_i_IR_out_reg_24_/CK (DFF_X1)               0.0000     1.8000 r
  library setup time                                   -0.0262     1.7738
  data required time                                               1.7738
  --------------------------------------------------------------------------
  data required time                                               1.7738
  data arrival time                                               -1.8176
  --------------------------------------------------------------------------
  slack (VIOLATED)                                                -0.0438


  Startpoint: DP_i_mem_access_i_rd_out_reg_i_Y_reg_3_
              (rising edge-triggered flip-flop clocked by CLK)
  Endpoint: DP_i_fetch_i_IR_out_reg_21_
            (rising edge-triggered flip-flop clocked by CLK)
  Path Group: REG2REG
  Path Type: max

  Des/Clust/Port     Wire Load Model       Library
  ------------------------------------------------
  DLX                5K_hvratio_1_4        NangateOpenCellLibrary

  Point                                                   Incr       Path
  --------------------------------------------------------------------------
  clock CLK (rise edge)                                 0.0000     0.0000
  clock network delay (ideal)                           0.0500     0.0500
  DP_i_mem_access_i_rd_out_reg_i_Y_reg_3_/CK (DFF_X1)   0.0000     0.0500 r
  DP_i_mem_access_i_rd_out_reg_i_Y_reg_3_/Q (DFF_X1)    0.1017     0.1517 r
  U3038/ZN (XNOR2_X1)                                   0.0629     0.2146 r
  U941/ZN (NOR2_X1)                                     0.0280     0.2426 f
  U1000/ZN (AND4_X2)                                    0.0473     0.2899 f
  U2864/ZN (NOR2_X1)                                    0.1122     0.4021 r
  U2879/ZN (AND2_X1)                                    0.0760     0.4782 r
  U1283/ZN (INV_X1)                                     0.0293     0.5075 f
  U1408/ZN (INV_X1)                                     0.0787     0.5862 r
  U4283/ZN (AOI22_X1)                                   0.0631     0.6493 f
  U4284/ZN (NAND4_X1)                                   0.0473     0.6967 r
  U4290/ZN (NOR2_X1)                                    0.0244     0.7211 f
  U1182/ZN (AND3_X1)                                    0.0373     0.7583 f
  U3097/ZN (AND2_X1)                                    0.0376     0.7960 f
  U3096/ZN (AND3_X1)                                    0.0457     0.8417 f
  U4570/ZN (OAI211_X1)                                  0.0614     0.9031 r
  U4571/ZN (INV_X1)                                     0.0247     0.9277 f
  U1406/ZN (AND2_X1)                                    0.0425     0.9702 f
  U2890/ZN (AND3_X1)                                    0.0467     1.0169 f
  U2935/ZN (OAI211_X1)                                  0.0595     1.0764 r
  U2586/ZN (AND2_X1)                                    0.0741     1.1504 r
  U2978/Z (MUX2_X1)                                     0.0902     1.2407 f
  U2977/ZN (XNOR2_X1)                                   0.0494     1.2901 r
  U978/ZN (NAND4_X1)                                    0.0450     1.3351 f
  U977/ZN (NOR3_X1)                                     0.0454     1.3805 r
  U2749/ZN (AND4_X1)                                    0.0621     1.4426 r
  U2747/ZN (AND2_X1)                                    0.0427     1.4853 r
  U5755/ZN (AND4_X1)                                    0.0684     1.5537 r
  U920/ZN (AOI21_X1)                                    0.0358     1.5894 f
  U2558/ZN (OR3_X4)                                     0.1059     1.6954 f
  U11051/ZN (OR2_X1)                                    0.0851     1.7805 f
  U10263/ZN (INV_X1)                                    0.0262     1.8067 r
  DP_i_fetch_i_IR_out_reg_21_/D (DFF_X1)                0.0110     1.8176 r
  data arrival time                                                1.8176

  clock CLK (rise edge)                                 1.8000     1.8000
  clock network delay (ideal)                           0.0500     1.8500
  clock uncertainty                                    -0.0500     1.8000
  DP_i_fetch_i_IR_out_reg_21_/CK (DFF_X1)               0.0000     1.8000 r
  library setup time                                   -0.0262     1.7738
  data required time                                               1.7738
  --------------------------------------------------------------------------
  data required time                                               1.7738
  data arrival time                                               -1.8176
  --------------------------------------------------------------------------
  slack (VIOLATED)                                                -0.0438


  Startpoint: DP_i_mem_access_i_rd_out_reg_i_Y_reg_3_
              (rising edge-triggered flip-flop clocked by CLK)
  Endpoint: DP_i_fetch_i_IR_out_reg_23_
            (rising edge-triggered flip-flop clocked by CLK)
  Path Group: REG2REG
  Path Type: max

  Des/Clust/Port     Wire Load Model       Library
  ------------------------------------------------
  DLX                5K_hvratio_1_4        NangateOpenCellLibrary

  Point                                                   Incr       Path
  --------------------------------------------------------------------------
  clock CLK (rise edge)                                 0.0000     0.0000
  clock network delay (ideal)                           0.0500     0.0500
  DP_i_mem_access_i_rd_out_reg_i_Y_reg_3_/CK (DFF_X1)   0.0000     0.0500 r
  DP_i_mem_access_i_rd_out_reg_i_Y_reg_3_/Q (DFF_X1)    0.1017     0.1517 r
  U3038/ZN (XNOR2_X1)                                   0.0629     0.2146 r
  U941/ZN (NOR2_X1)                                     0.0280     0.2426 f
  U1000/ZN (AND4_X2)                                    0.0473     0.2899 f
  U2864/ZN (NOR2_X1)                                    0.1122     0.4021 r
  U2879/ZN (AND2_X1)                                    0.0760     0.4782 r
  U1283/ZN (INV_X1)                                     0.0293     0.5075 f
  U1408/ZN (INV_X1)                                     0.0787     0.5862 r
  U4283/ZN (AOI22_X1)                                   0.0631     0.6493 f
  U4284/ZN (NAND4_X1)                                   0.0473     0.6967 r
  U4290/ZN (NOR2_X1)                                    0.0244     0.7211 f
  U1182/ZN (AND3_X1)                                    0.0373     0.7583 f
  U3097/ZN (AND2_X1)                                    0.0376     0.7960 f
  U3096/ZN (AND3_X1)                                    0.0457     0.8417 f
  U4570/ZN (OAI211_X1)                                  0.0614     0.9031 r
  U4571/ZN (INV_X1)                                     0.0247     0.9277 f
  U1406/ZN (AND2_X1)                                    0.0425     0.9702 f
  U2890/ZN (AND3_X1)                                    0.0467     1.0169 f
  U2935/ZN (OAI211_X1)                                  0.0595     1.0764 r
  U2586/ZN (AND2_X1)                                    0.0741     1.1504 r
  U2978/Z (MUX2_X1)                                     0.0902     1.2407 f
  U2977/ZN (XNOR2_X1)                                   0.0494     1.2901 r
  U978/ZN (NAND4_X1)                                    0.0450     1.3351 f
  U977/ZN (NOR3_X1)                                     0.0454     1.3805 r
  U2749/ZN (AND4_X1)                                    0.0621     1.4426 r
  U2747/ZN (AND2_X1)                                    0.0427     1.4853 r
  U5755/ZN (AND4_X1)                                    0.0684     1.5537 r
  U920/ZN (AOI21_X1)                                    0.0358     1.5894 f
  U2558/ZN (OR3_X4)                                     0.1059     1.6954 f
  U11070/ZN (OR2_X1)                                    0.0851     1.7805 f
  U10274/ZN (INV_X1)                                    0.0262     1.8067 r
  DP_i_fetch_i_IR_out_reg_23_/D (DFF_X1)                0.0110     1.8176 r
  data arrival time                                                1.8176

  clock CLK (rise edge)                                 1.8000     1.8000
  clock network delay (ideal)                           0.0500     1.8500
  clock uncertainty                                    -0.0500     1.8000
  DP_i_fetch_i_IR_out_reg_23_/CK (DFF_X1)               0.0000     1.8000 r
  library setup time                                   -0.0262     1.7738
  data required time                                               1.7738
  --------------------------------------------------------------------------
  data required time                                               1.7738
  data arrival time                                               -1.8176
  --------------------------------------------------------------------------
  slack (VIOLATED)                                                -0.0438


  Startpoint: DP_i_mem_access_i_rd_out_reg_i_Y_reg_1_
              (rising edge-triggered flip-flop clocked by CLK)
  Endpoint: DP_i_fetch_i_IR_out_reg_21_
            (rising edge-triggered flip-flop clocked by CLK)
  Path Group: REG2REG
  Path Type: max

  Des/Clust/Port     Wire Load Model       Library
  ------------------------------------------------
  DLX                5K_hvratio_1_4        NangateOpenCellLibrary

  Point                                                   Incr       Path
  --------------------------------------------------------------------------
  clock CLK (rise edge)                                 0.0000     0.0000
  clock network delay (ideal)                           0.0500     0.0500
  DP_i_mem_access_i_rd_out_reg_i_Y_reg_1_/CK (DFF_X1)   0.0000     0.0500 r
  DP_i_mem_access_i_rd_out_reg_i_Y_reg_1_/QN (DFF_X1)   0.0870     0.1370 r
  U2765/ZN (XNOR2_X1)                                   0.0634     0.2004 r
  U5630/ZN (AND2_X1)                                    0.0464     0.2468 r
  U922/ZN (AND4_X2)                                     0.0695     0.3163 r
  U2900/ZN (NOR2_X2)                                    0.0490     0.3653 f
  U2631/ZN (NAND2_X1)                                   0.0580     0.4233 r
  U2607/ZN (INV_X1)                                     0.0650     0.4883 f
  U4057/ZN (AOI22_X1)                                   0.0860     0.5742 r
  U2883/ZN (AND4_X1)                                    0.0692     0.6434 r
  U1345/ZN (AND4_X2)                                    0.0664     0.7099 r
  U1344/ZN (NAND2_X1)                                   0.0294     0.7392 f
  U2667/ZN (NAND2_X1)                                   0.0303     0.7695 r
  U3212/ZN (AND4_X1)                                    0.0630     0.8325 r
  U3114/ZN (AND4_X1)                                    0.0646     0.8971 r
  U4492/ZN (NAND4_X1)                                   0.0384     0.9355 f
  U4543/ZN (NOR2_X1)                                    0.0471     0.9826 r
  U2890/ZN (AND3_X1)                                    0.0618     1.0445 r
  U2935/ZN (OAI211_X1)                                  0.0448     1.0893 f
  U964/ZN (AND2_X1)                                     0.0543     1.1435 f
  U3041/Z (MUX2_X1)                                     0.0752     1.2187 r
  U5513/ZN (XNOR2_X1)                                   0.0587     1.2774 r
  U1375/ZN (AND2_X1)                                    0.0420     1.3194 r
  U1373/ZN (AND4_X1)                                    0.0609     1.3804 r
  U2749/ZN (AND4_X1)                                    0.0621     1.4425 r
  U2747/ZN (AND2_X1)                                    0.0427     1.4852 r
  U5755/ZN (AND4_X1)                                    0.0684     1.5536 r
  U920/ZN (AOI21_X1)                                    0.0358     1.5893 f
  U2558/ZN (OR3_X4)                                     0.1059     1.6953 f
  U11051/ZN (OR2_X1)                                    0.0851     1.7803 f
  U10263/ZN (INV_X1)                                    0.0262     1.8065 r
  DP_i_fetch_i_IR_out_reg_21_/D (DFF_X1)                0.0110     1.8175 r
  data arrival time                                                1.8175

  clock CLK (rise edge)                                 1.8000     1.8000
  clock network delay (ideal)                           0.0500     1.8500
  clock uncertainty                                    -0.0500     1.8000
  DP_i_fetch_i_IR_out_reg_21_/CK (DFF_X1)               0.0000     1.8000 r
  library setup time                                   -0.0262     1.7738
  data required time                                               1.7738
  --------------------------------------------------------------------------
  data required time                                               1.7738
  data arrival time                                               -1.8175
  --------------------------------------------------------------------------
  slack (VIOLATED)                                                -0.0437


1
