 
****************************************
Report : timing
        -path full
        -delay max
        -nworst 2
        -group REG2REG
        -max_paths 10
Design : DLX
Version: W-2024.09-SP2
Date   : Mon Sep 28 12:24:22 2026
****************************************

Operating Conditions: typical   Library: NangateOpenCellLibrary
Wire Load Model Mode: top

  Startpoint: DP_i/fetch_i_IR_out_reg_26_
              (rising edge-triggered flip-flop clocked by CLK)
  Endpoint: DP_i/fetch_i_pc_i_Y_reg_12_
            (rising edge-triggered flip-flop clocked by CLK)
  Path Group: REG2REG
  Path Type: max

  Des/Clust/Port     Wire Load Model       Library
  ------------------------------------------------
  DLX                5K_hvratio_1_4        NangateOpenCellLibrary

  Point                                                   Incr       Path
  --------------------------------------------------------------------------
  clock CLK (rise edge)                                 0.0000     0.0000
  clock network delay (ideal)                           0.0500     0.0500
  DP_i/fetch_i_IR_out_reg_26_/CK (DFF_X1)               0.0000     0.0500 r
  DP_i/fetch_i_IR_out_reg_26_/Q (DFF_X1)                0.1905     0.2405 r
  DP_i/opcode[0] (DataPath)                             0.0000     0.2405 r
  U800/ZN (INV_X1)                                      0.0840     0.3246 f
  U864/ZN (NAND3_X1)                                    0.0720     0.3966 r
  U799/ZN (NOR2_X1)                                     0.0587     0.4553 f
  DP_i/RF2 (DataPath)                                   0.0000     0.4553 f
  DP_i/U1010/ZN (INV_X1)                                0.0619     0.5172 r
  DP_i/U1015/ZN (NAND2_X1)                              0.0674     0.5846 f
  DP_i/U12/ZN (INV_X1)                                  0.1479     0.7325 r
  DP_i/U1033/ZN (AOI22_X1)                              0.0697     0.8023 f
  DP_i/U1034/ZN (INV_X1)                                0.0452     0.8474 r
  DP_i/U1036/ZN (NAND2_X1)                              0.0342     0.8816 f
  DP_i/U3952/CO (FA_X1)                                 0.0948     0.9765 f
  DP_i/U1039/ZN (NOR2_X1)                               0.0526     1.0291 r
  DP_i/U1040/ZN (INV_X1)                                0.0308     1.0599 f
  DP_i/U1043/ZN (NOR2_X1)                               0.0537     1.1135 r
  DP_i/U1044/ZN (NAND2_X1)                              0.0360     1.1495 f
  DP_i/U1046/Z (XOR2_X1)                                0.0710     1.2205 f
  DP_i/U1047/ZN (XNOR2_X1)                              0.0691     1.2896 f
  DP_i/U1048/ZN (AOI21_X1)                              0.0608     1.3504 r
  DP_i/U1133/ZN (NAND2_X1)                              0.0400     1.3904 f
  DP_i/U1151/ZN (NOR2_X1)                               0.0559     1.4463 r
  DP_i/U1540/ZN (NAND2_X1)                              0.0360     1.4823 f
  DP_i/U1542/Z (XOR2_X1)                                0.0710     1.5533 f
  DP_i/U1543/ZN (XNOR2_X1)                              0.0691     1.6224 f
  DP_i/U1636/ZN (AOI21_X1)                              0.0608     1.6832 r
  DP_i/U1667/ZN (NAND2_X1)                              0.0400     1.7232 f
  DP_i/U1676/ZN (NOR2_X1)                               0.0559     1.7791 r
  DP_i/U1709/ZN (NAND2_X1)                              0.0360     1.8151 f
  DP_i/U1711/Z (XOR2_X1)                                0.0710     1.8861 f
  DP_i/U1712/ZN (XNOR2_X1)                              0.0691     1.9552 f
  DP_i/U1794/ZN (AOI21_X1)                              0.0608     2.0160 r
  DP_i/U1940/ZN (NAND2_X1)                              0.0401     2.0561 f
  DP_i/U1946/ZN (NOR2_X1)                               0.0550     2.1111 r
  DP_i/U3439/ZN (NAND2_X1)                              0.0351     2.1462 f
  DP_i/U3442/ZN (XNOR2_X1)                              0.0634     2.2095 f
  DP_i/U3528/ZN (AOI21_X1)                              0.0644     2.2740 r
  DP_i/U3651/ZN (NAND2_X1)                              0.0401     2.3141 f
  DP_i/U3679/ZN (NOR2_X1)                               0.0550     2.3690 r
  DP_i/U3941/ZN (NAND2_X1)                              0.0351     2.4041 f
  DP_i/U3945/ZN (XNOR2_X1)                              0.0594     2.4636 f
  DP_i/U3946/ZN (XNOR2_X1)                              0.0672     2.5307 f
  DP_i/U3948/ZN (INV_X1)                                0.0370     2.5677 r
  DP_i/U4597/ZN (OAI21_X1)                              0.0372     2.6048 f
  DP_i/U4598/ZN (NAND2_X1)                              0.0422     2.6470 r
  DP_i/U4603/ZN (NAND2_X1)                              0.0442     2.6912 f
  DP_i/U4623/ZN (AOI222_X1)                             0.1212     2.8125 r
  DP_i/U4626/ZN (NAND2_X1)                              0.0442     2.8567 f
  DP_i/U4627/ZN (NOR2_X1)                               0.0745     2.9312 r
  DP_i/U4637/ZN (NAND2_X1)                              0.0384     2.9697 f
  DP_i/U4641/ZN (XNOR2_X1)                              0.0629     3.0325 f
  DP_i/U4642/ZN (AOI22_X1)                              0.0909     3.1234 r
  DP_i/U4719/ZN (INV_X1)                                0.0282     3.1516 f
  DP_i/U4720/ZN (AOI22_X1)                              0.0732     3.2248 r
  DP_i/U4754/ZN (OAI22_X1)                              0.0436     3.2684 f
  DP_i/U4755/ZN (AOI221_X1)                             0.0893     3.3577 r
  DP_i/U4756/ZN (NAND4_X1)                              0.0473     3.4050 f
  DP_i/U4757/ZN (AND3_X1)                               0.0594     3.4644 f
  DP_i/U5198/ZN (NOR3_X1)                               0.1548     3.6192 r
  DP_i/U5199/Z (BUF_X1)                                 0.1878     3.8070 r
  DP_i/U3104/ZN (AOI22_X1)                              0.0755     3.8825 f
  DP_i/U3105/ZN (OAI211_X1)                             0.0525     3.9350 r
  DP_i/fetch_i_pc_i_Y_reg_12_/D (DFF_X1)                0.0110     3.9460 r
  data arrival time                                                3.9460

  clock CLK (rise edge)                                 4.0000     4.0000
  clock network delay (ideal)                           0.0500     4.0500
  clock uncertainty                                    -0.0500     4.0000
  DP_i/fetch_i_pc_i_Y_reg_12_/CK (DFF_X1)               0.0000     4.0000 r
  library setup time                                   -0.0324     3.9676
  data required time                                               3.9676
  --------------------------------------------------------------------------
  data required time                                               3.9676
  data arrival time                                               -3.9460
  --------------------------------------------------------------------------
  slack (MET)                                                      0.0216


  Startpoint: DP_i/fetch_i_IR_out_reg_26_
              (rising edge-triggered flip-flop clocked by CLK)
  Endpoint: DP_i/fetch_i_pc_i_Y_reg_9_
            (rising edge-triggered flip-flop clocked by CLK)
  Path Group: REG2REG
  Path Type: max

  Des/Clust/Port     Wire Load Model       Library
  ------------------------------------------------
  DLX                5K_hvratio_1_4        NangateOpenCellLibrary

  Point                                                   Incr       Path
  --------------------------------------------------------------------------
  clock CLK (rise edge)                                 0.0000     0.0000
  clock network delay (ideal)                           0.0500     0.0500
  DP_i/fetch_i_IR_out_reg_26_/CK (DFF_X1)               0.0000     0.0500 r
  DP_i/fetch_i_IR_out_reg_26_/Q (DFF_X1)                0.1905     0.2405 r
  DP_i/opcode[0] (DataPath)                             0.0000     0.2405 r
  U800/ZN (INV_X1)                                      0.0840     0.3246 f
  U864/ZN (NAND3_X1)                                    0.0720     0.3966 r
  U799/ZN (NOR2_X1)                                     0.0587     0.4553 f
  DP_i/RF2 (DataPath)                                   0.0000     0.4553 f
  DP_i/U1010/ZN (INV_X1)                                0.0619     0.5172 r
  DP_i/U1015/ZN (NAND2_X1)                              0.0674     0.5846 f
  DP_i/U12/ZN (INV_X1)                                  0.1479     0.7325 r
  DP_i/U1033/ZN (AOI22_X1)                              0.0697     0.8023 f
  DP_i/U1034/ZN (INV_X1)                                0.0452     0.8474 r
  DP_i/U1036/ZN (NAND2_X1)                              0.0342     0.8816 f
  DP_i/U3952/CO (FA_X1)                                 0.0948     0.9765 f
  DP_i/U1039/ZN (NOR2_X1)                               0.0526     1.0291 r
  DP_i/U1040/ZN (INV_X1)                                0.0308     1.0599 f
  DP_i/U1043/ZN (NOR2_X1)                               0.0537     1.1135 r
  DP_i/U1044/ZN (NAND2_X1)                              0.0360     1.1495 f
  DP_i/U1046/Z (XOR2_X1)                                0.0710     1.2205 f
  DP_i/U1047/ZN (XNOR2_X1)                              0.0691     1.2896 f
  DP_i/U1048/ZN (AOI21_X1)                              0.0608     1.3504 r
  DP_i/U1133/ZN (NAND2_X1)                              0.0400     1.3904 f
  DP_i/U1151/ZN (NOR2_X1)                               0.0559     1.4463 r
  DP_i/U1540/ZN (NAND2_X1)                              0.0360     1.4823 f
  DP_i/U1542/Z (XOR2_X1)                                0.0710     1.5533 f
  DP_i/U1543/ZN (XNOR2_X1)                              0.0691     1.6224 f
  DP_i/U1636/ZN (AOI21_X1)                              0.0608     1.6832 r
  DP_i/U1667/ZN (NAND2_X1)                              0.0400     1.7232 f
  DP_i/U1676/ZN (NOR2_X1)                               0.0559     1.7791 r
  DP_i/U1709/ZN (NAND2_X1)                              0.0360     1.8151 f
  DP_i/U1711/Z (XOR2_X1)                                0.0710     1.8861 f
  DP_i/U1712/ZN (XNOR2_X1)                              0.0691     1.9552 f
  DP_i/U1794/ZN (AOI21_X1)                              0.0608     2.0160 r
  DP_i/U1940/ZN (NAND2_X1)                              0.0401     2.0561 f
  DP_i/U1946/ZN (NOR2_X1)                               0.0550     2.1111 r
  DP_i/U3439/ZN (NAND2_X1)                              0.0351     2.1462 f
  DP_i/U3442/ZN (XNOR2_X1)                              0.0634     2.2095 f
  DP_i/U3528/ZN (AOI21_X1)                              0.0644     2.2740 r
  DP_i/U3651/ZN (NAND2_X1)                              0.0401     2.3141 f
  DP_i/U3679/ZN (NOR2_X1)                               0.0550     2.3690 r
  DP_i/U3941/ZN (NAND2_X1)                              0.0351     2.4041 f
  DP_i/U3945/ZN (XNOR2_X1)                              0.0594     2.4636 f
  DP_i/U3946/ZN (XNOR2_X1)                              0.0672     2.5307 f
  DP_i/U3948/ZN (INV_X1)                                0.0370     2.5677 r
  DP_i/U4597/ZN (OAI21_X1)                              0.0372     2.6048 f
  DP_i/U4598/ZN (NAND2_X1)                              0.0422     2.6470 r
  DP_i/U4603/ZN (NAND2_X1)                              0.0442     2.6912 f
  DP_i/U4623/ZN (AOI222_X1)                             0.1212     2.8125 r
  DP_i/U4626/ZN (NAND2_X1)                              0.0442     2.8567 f
  DP_i/U4627/ZN (NOR2_X1)                               0.0745     2.9312 r
  DP_i/U4637/ZN (NAND2_X1)                              0.0384     2.9697 f
  DP_i/U4641/ZN (XNOR2_X1)                              0.0629     3.0325 f
  DP_i/U4642/ZN (AOI22_X1)                              0.0909     3.1234 r
  DP_i/U4719/ZN (INV_X1)                                0.0282     3.1516 f
  DP_i/U4720/ZN (AOI22_X1)                              0.0732     3.2248 r
  DP_i/U4754/ZN (OAI22_X1)                              0.0436     3.2684 f
  DP_i/U4755/ZN (AOI221_X1)                             0.0893     3.3577 r
  DP_i/U4756/ZN (NAND4_X1)                              0.0473     3.4050 f
  DP_i/U4757/ZN (AND3_X1)                               0.0594     3.4644 f
  DP_i/U5198/ZN (NOR3_X1)                               0.1548     3.6192 r
  DP_i/U5199/Z (BUF_X1)                                 0.1878     3.8070 r
  DP_i/U3118/ZN (AOI22_X1)                              0.0755     3.8825 f
  DP_i/U3119/ZN (OAI211_X1)                             0.0525     3.9350 r
  DP_i/fetch_i_pc_i_Y_reg_9_/D (DFF_X1)                 0.0110     3.9460 r
  data arrival time                                                3.9460

  clock CLK (rise edge)                                 4.0000     4.0000
  clock network delay (ideal)                           0.0500     4.0500
  clock uncertainty                                    -0.0500     4.0000
  DP_i/fetch_i_pc_i_Y_reg_9_/CK (DFF_X1)                0.0000     4.0000 r
  library setup time                                   -0.0324     3.9676
  data required time                                               3.9676
  --------------------------------------------------------------------------
  data required time                                               3.9676
  data arrival time                                               -3.9460
  --------------------------------------------------------------------------
  slack (MET)                                                      0.0216


  Startpoint: DP_i/fetch_i_IR_out_reg_26_
              (rising edge-triggered flip-flop clocked by CLK)
  Endpoint: DP_i/fetch_i_pc_i_Y_reg_1_
            (rising edge-triggered flip-flop clocked by CLK)
  Path Group: REG2REG
  Path Type: max

  Des/Clust/Port     Wire Load Model       Library
  ------------------------------------------------
  DLX                5K_hvratio_1_4        NangateOpenCellLibrary

  Point                                                   Incr       Path
  --------------------------------------------------------------------------
  clock CLK (rise edge)                                 0.0000     0.0000
  clock network delay (ideal)                           0.0500     0.0500
  DP_i/fetch_i_IR_out_reg_26_/CK (DFF_X1)               0.0000     0.0500 r
  DP_i/fetch_i_IR_out_reg_26_/Q (DFF_X1)                0.1905     0.2405 r
  DP_i/opcode[0] (DataPath)                             0.0000     0.2405 r
  U800/ZN (INV_X1)                                      0.0840     0.3246 f
  U864/ZN (NAND3_X1)                                    0.0720     0.3966 r
  U799/ZN (NOR2_X1)                                     0.0587     0.4553 f
  DP_i/RF2 (DataPath)                                   0.0000     0.4553 f
  DP_i/U1010/ZN (INV_X1)                                0.0619     0.5172 r
  DP_i/U1015/ZN (NAND2_X1)                              0.0674     0.5846 f
  DP_i/U12/ZN (INV_X1)                                  0.1479     0.7325 r
  DP_i/U1033/ZN (AOI22_X1)                              0.0697     0.8023 f
  DP_i/U1034/ZN (INV_X1)                                0.0452     0.8474 r
  DP_i/U1036/ZN (NAND2_X1)                              0.0342     0.8816 f
  DP_i/U3952/CO (FA_X1)                                 0.0948     0.9765 f
  DP_i/U1039/ZN (NOR2_X1)                               0.0526     1.0291 r
  DP_i/U1040/ZN (INV_X1)                                0.0308     1.0599 f
  DP_i/U1043/ZN (NOR2_X1)                               0.0537     1.1135 r
  DP_i/U1044/ZN (NAND2_X1)                              0.0360     1.1495 f
  DP_i/U1046/Z (XOR2_X1)                                0.0710     1.2205 f
  DP_i/U1047/ZN (XNOR2_X1)                              0.0691     1.2896 f
  DP_i/U1048/ZN (AOI21_X1)                              0.0608     1.3504 r
  DP_i/U1133/ZN (NAND2_X1)                              0.0400     1.3904 f
  DP_i/U1151/ZN (NOR2_X1)                               0.0559     1.4463 r
  DP_i/U1540/ZN (NAND2_X1)                              0.0360     1.4823 f
  DP_i/U1542/Z (XOR2_X1)                                0.0710     1.5533 f
  DP_i/U1543/ZN (XNOR2_X1)                              0.0691     1.6224 f
  DP_i/U1636/ZN (AOI21_X1)                              0.0608     1.6832 r
  DP_i/U1667/ZN (NAND2_X1)                              0.0400     1.7232 f
  DP_i/U1676/ZN (NOR2_X1)                               0.0559     1.7791 r
  DP_i/U1709/ZN (NAND2_X1)                              0.0360     1.8151 f
  DP_i/U1711/Z (XOR2_X1)                                0.0710     1.8861 f
  DP_i/U1712/ZN (XNOR2_X1)                              0.0691     1.9552 f
  DP_i/U1794/ZN (AOI21_X1)                              0.0608     2.0160 r
  DP_i/U1940/ZN (NAND2_X1)                              0.0401     2.0561 f
  DP_i/U1946/ZN (NOR2_X1)                               0.0550     2.1111 r
  DP_i/U3439/ZN (NAND2_X1)                              0.0351     2.1462 f
  DP_i/U3442/ZN (XNOR2_X1)                              0.0634     2.2095 f
  DP_i/U3528/ZN (AOI21_X1)                              0.0644     2.2740 r
  DP_i/U3651/ZN (NAND2_X1)                              0.0401     2.3141 f
  DP_i/U3679/ZN (NOR2_X1)                               0.0550     2.3690 r
  DP_i/U3941/ZN (NAND2_X1)                              0.0351     2.4041 f
  DP_i/U3945/ZN (XNOR2_X1)                              0.0594     2.4636 f
  DP_i/U3946/ZN (XNOR2_X1)                              0.0672     2.5307 f
  DP_i/U3948/ZN (INV_X1)                                0.0370     2.5677 r
  DP_i/U4597/ZN (OAI21_X1)                              0.0372     2.6048 f
  DP_i/U4598/ZN (NAND2_X1)                              0.0422     2.6470 r
  DP_i/U4603/ZN (NAND2_X1)                              0.0442     2.6912 f
  DP_i/U4623/ZN (AOI222_X1)                             0.1212     2.8125 r
  DP_i/U4626/ZN (NAND2_X1)                              0.0442     2.8567 f
  DP_i/U4627/ZN (NOR2_X1)                               0.0745     2.9312 r
  DP_i/U4637/ZN (NAND2_X1)                              0.0384     2.9697 f
  DP_i/U4641/ZN (XNOR2_X1)                              0.0629     3.0325 f
  DP_i/U4642/ZN (AOI22_X1)                              0.0909     3.1234 r
  DP_i/U4719/ZN (INV_X1)                                0.0282     3.1516 f
  DP_i/U4720/ZN (AOI22_X1)                              0.0732     3.2248 r
  DP_i/U4754/ZN (OAI22_X1)                              0.0436     3.2684 f
  DP_i/U4755/ZN (AOI221_X1)                             0.0893     3.3577 r
  DP_i/U4756/ZN (NAND4_X1)                              0.0473     3.4050 f
  DP_i/U4757/ZN (AND3_X1)                               0.0594     3.4644 f
  DP_i/U5198/ZN (NOR3_X1)                               0.1548     3.6192 r
  DP_i/U5199/Z (BUF_X1)                                 0.1878     3.8070 r
  DP_i/U3157/ZN (AOI22_X1)                              0.0755     3.8825 f
  DP_i/U3158/ZN (OAI211_X1)                             0.0525     3.9350 r
  DP_i/fetch_i_pc_i_Y_reg_1_/D (DFF_X1)                 0.0110     3.9460 r
  data arrival time                                                3.9460

  clock CLK (rise edge)                                 4.0000     4.0000
  clock network delay (ideal)                           0.0500     4.0500
  clock uncertainty                                    -0.0500     4.0000
  DP_i/fetch_i_pc_i_Y_reg_1_/CK (DFF_X1)                0.0000     4.0000 r
  library setup time                                   -0.0324     3.9676
  data required time                                               3.9676
  --------------------------------------------------------------------------
  data required time                                               3.9676
  data arrival time                                               -3.9460
  --------------------------------------------------------------------------
  slack (MET)                                                      0.0216


  Startpoint: DP_i/fetch_i_IR_out_reg_26_
              (rising edge-triggered flip-flop clocked by CLK)
  Endpoint: DP_i/fetch_i_pc_i_Y_reg_2_
            (rising edge-triggered flip-flop clocked by CLK)
  Path Group: REG2REG
  Path Type: max

  Des/Clust/Port     Wire Load Model       Library
  ------------------------------------------------
  DLX                5K_hvratio_1_4        NangateOpenCellLibrary

  Point                                                   Incr       Path
  --------------------------------------------------------------------------
  clock CLK (rise edge)                                 0.0000     0.0000
  clock network delay (ideal)                           0.0500     0.0500
  DP_i/fetch_i_IR_out_reg_26_/CK (DFF_X1)               0.0000     0.0500 r
  DP_i/fetch_i_IR_out_reg_26_/Q (DFF_X1)                0.1905     0.2405 r
  DP_i/opcode[0] (DataPath)                             0.0000     0.2405 r
  U800/ZN (INV_X1)                                      0.0840     0.3246 f
  U864/ZN (NAND3_X1)                                    0.0720     0.3966 r
  U799/ZN (NOR2_X1)                                     0.0587     0.4553 f
  DP_i/RF2 (DataPath)                                   0.0000     0.4553 f
  DP_i/U1010/ZN (INV_X1)                                0.0619     0.5172 r
  DP_i/U1015/ZN (NAND2_X1)                              0.0674     0.5846 f
  DP_i/U12/ZN (INV_X1)                                  0.1479     0.7325 r
  DP_i/U1033/ZN (AOI22_X1)                              0.0697     0.8023 f
  DP_i/U1034/ZN (INV_X1)                                0.0452     0.8474 r
  DP_i/U1036/ZN (NAND2_X1)                              0.0342     0.8816 f
  DP_i/U3952/CO (FA_X1)                                 0.0948     0.9765 f
  DP_i/U1039/ZN (NOR2_X1)                               0.0526     1.0291 r
  DP_i/U1040/ZN (INV_X1)                                0.0308     1.0599 f
  DP_i/U1043/ZN (NOR2_X1)                               0.0537     1.1135 r
  DP_i/U1044/ZN (NAND2_X1)                              0.0360     1.1495 f
  DP_i/U1046/Z (XOR2_X1)                                0.0710     1.2205 f
  DP_i/U1047/ZN (XNOR2_X1)                              0.0691     1.2896 f
  DP_i/U1048/ZN (AOI21_X1)                              0.0608     1.3504 r
  DP_i/U1133/ZN (NAND2_X1)                              0.0400     1.3904 f
  DP_i/U1151/ZN (NOR2_X1)                               0.0559     1.4463 r
  DP_i/U1540/ZN (NAND2_X1)                              0.0360     1.4823 f
  DP_i/U1542/Z (XOR2_X1)                                0.0710     1.5533 f
  DP_i/U1543/ZN (XNOR2_X1)                              0.0691     1.6224 f
  DP_i/U1636/ZN (AOI21_X1)                              0.0608     1.6832 r
  DP_i/U1667/ZN (NAND2_X1)                              0.0400     1.7232 f
  DP_i/U1676/ZN (NOR2_X1)                               0.0559     1.7791 r
  DP_i/U1709/ZN (NAND2_X1)                              0.0360     1.8151 f
  DP_i/U1711/Z (XOR2_X1)                                0.0710     1.8861 f
  DP_i/U1712/ZN (XNOR2_X1)                              0.0691     1.9552 f
  DP_i/U1794/ZN (AOI21_X1)                              0.0608     2.0160 r
  DP_i/U1940/ZN (NAND2_X1)                              0.0401     2.0561 f
  DP_i/U1946/ZN (NOR2_X1)                               0.0550     2.1111 r
  DP_i/U3439/ZN (NAND2_X1)                              0.0351     2.1462 f
  DP_i/U3442/ZN (XNOR2_X1)                              0.0634     2.2095 f
  DP_i/U3528/ZN (AOI21_X1)                              0.0644     2.2740 r
  DP_i/U3651/ZN (NAND2_X1)                              0.0401     2.3141 f
  DP_i/U3679/ZN (NOR2_X1)                               0.0550     2.3690 r
  DP_i/U3941/ZN (NAND2_X1)                              0.0351     2.4041 f
  DP_i/U3945/ZN (XNOR2_X1)                              0.0594     2.4636 f
  DP_i/U3946/ZN (XNOR2_X1)                              0.0672     2.5307 f
  DP_i/U3948/ZN (INV_X1)                                0.0370     2.5677 r
  DP_i/U4597/ZN (OAI21_X1)                              0.0372     2.6048 f
  DP_i/U4598/ZN (NAND2_X1)                              0.0422     2.6470 r
  DP_i/U4603/ZN (NAND2_X1)                              0.0442     2.6912 f
  DP_i/U4623/ZN (AOI222_X1)                             0.1212     2.8125 r
  DP_i/U4626/ZN (NAND2_X1)                              0.0442     2.8567 f
  DP_i/U4627/ZN (NOR2_X1)                               0.0745     2.9312 r
  DP_i/U4637/ZN (NAND2_X1)                              0.0384     2.9697 f
  DP_i/U4641/ZN (XNOR2_X1)                              0.0629     3.0325 f
  DP_i/U4642/ZN (AOI22_X1)                              0.0909     3.1234 r
  DP_i/U4719/ZN (INV_X1)                                0.0282     3.1516 f
  DP_i/U4720/ZN (AOI22_X1)                              0.0732     3.2248 r
  DP_i/U4754/ZN (OAI22_X1)                              0.0436     3.2684 f
  DP_i/U4755/ZN (AOI221_X1)                             0.0893     3.3577 r
  DP_i/U4756/ZN (NAND4_X1)                              0.0473     3.4050 f
  DP_i/U4757/ZN (AND3_X1)                               0.0594     3.4644 f
  DP_i/U5198/ZN (NOR3_X1)                               0.1548     3.6192 r
  DP_i/U5199/Z (BUF_X1)                                 0.1878     3.8070 r
  DP_i/U3153/ZN (AOI22_X1)                              0.0755     3.8825 f
  DP_i/U3154/ZN (OAI211_X1)                             0.0525     3.9350 r
  DP_i/fetch_i_pc_i_Y_reg_2_/D (DFF_X1)                 0.0110     3.9460 r
  data arrival time                                                3.9460

  clock CLK (rise edge)                                 4.0000     4.0000
  clock network delay (ideal)                           0.0500     4.0500
  clock uncertainty                                    -0.0500     4.0000
  DP_i/fetch_i_pc_i_Y_reg_2_/CK (DFF_X1)                0.0000     4.0000 r
  library setup time                                   -0.0324     3.9676
  data required time                                               3.9676
  --------------------------------------------------------------------------
  data required time                                               3.9676
  data arrival time                                               -3.9460
  --------------------------------------------------------------------------
  slack (MET)                                                      0.0216


  Startpoint: DP_i/fetch_i_IR_out_reg_26_
              (rising edge-triggered flip-flop clocked by CLK)
  Endpoint: DP_i/fetch_i_pc_i_Y_reg_0_
            (rising edge-triggered flip-flop clocked by CLK)
  Path Group: REG2REG
  Path Type: max

  Des/Clust/Port     Wire Load Model       Library
  ------------------------------------------------
  DLX                5K_hvratio_1_4        NangateOpenCellLibrary

  Point                                                   Incr       Path
  --------------------------------------------------------------------------
  clock CLK (rise edge)                                 0.0000     0.0000
  clock network delay (ideal)                           0.0500     0.0500
  DP_i/fetch_i_IR_out_reg_26_/CK (DFF_X1)               0.0000     0.0500 r
  DP_i/fetch_i_IR_out_reg_26_/Q (DFF_X1)                0.1905     0.2405 r
  DP_i/opcode[0] (DataPath)                             0.0000     0.2405 r
  U800/ZN (INV_X1)                                      0.0840     0.3246 f
  U864/ZN (NAND3_X1)                                    0.0720     0.3966 r
  U799/ZN (NOR2_X1)                                     0.0587     0.4553 f
  DP_i/RF2 (DataPath)                                   0.0000     0.4553 f
  DP_i/U1010/ZN (INV_X1)                                0.0619     0.5172 r
  DP_i/U1015/ZN (NAND2_X1)                              0.0674     0.5846 f
  DP_i/U12/ZN (INV_X1)                                  0.1479     0.7325 r
  DP_i/U1033/ZN (AOI22_X1)                              0.0697     0.8023 f
  DP_i/U1034/ZN (INV_X1)                                0.0452     0.8474 r
  DP_i/U1036/ZN (NAND2_X1)                              0.0342     0.8816 f
  DP_i/U3952/CO (FA_X1)                                 0.0948     0.9765 f
  DP_i/U1039/ZN (NOR2_X1)                               0.0526     1.0291 r
  DP_i/U1040/ZN (INV_X1)                                0.0308     1.0599 f
  DP_i/U1043/ZN (NOR2_X1)                               0.0537     1.1135 r
  DP_i/U1044/ZN (NAND2_X1)                              0.0360     1.1495 f
  DP_i/U1046/Z (XOR2_X1)                                0.0710     1.2205 f
  DP_i/U1047/ZN (XNOR2_X1)                              0.0691     1.2896 f
  DP_i/U1048/ZN (AOI21_X1)                              0.0608     1.3504 r
  DP_i/U1133/ZN (NAND2_X1)                              0.0400     1.3904 f
  DP_i/U1151/ZN (NOR2_X1)                               0.0559     1.4463 r
  DP_i/U1540/ZN (NAND2_X1)                              0.0360     1.4823 f
  DP_i/U1542/Z (XOR2_X1)                                0.0710     1.5533 f
  DP_i/U1543/ZN (XNOR2_X1)                              0.0691     1.6224 f
  DP_i/U1636/ZN (AOI21_X1)                              0.0608     1.6832 r
  DP_i/U1667/ZN (NAND2_X1)                              0.0400     1.7232 f
  DP_i/U1676/ZN (NOR2_X1)                               0.0559     1.7791 r
  DP_i/U1709/ZN (NAND2_X1)                              0.0360     1.8151 f
  DP_i/U1711/Z (XOR2_X1)                                0.0710     1.8861 f
  DP_i/U1712/ZN (XNOR2_X1)                              0.0691     1.9552 f
  DP_i/U1794/ZN (AOI21_X1)                              0.0608     2.0160 r
  DP_i/U1940/ZN (NAND2_X1)                              0.0401     2.0561 f
  DP_i/U1946/ZN (NOR2_X1)                               0.0550     2.1111 r
  DP_i/U3439/ZN (NAND2_X1)                              0.0351     2.1462 f
  DP_i/U3442/ZN (XNOR2_X1)                              0.0634     2.2095 f
  DP_i/U3528/ZN (AOI21_X1)                              0.0644     2.2740 r
  DP_i/U3651/ZN (NAND2_X1)                              0.0401     2.3141 f
  DP_i/U3679/ZN (NOR2_X1)                               0.0550     2.3690 r
  DP_i/U3941/ZN (NAND2_X1)                              0.0351     2.4041 f
  DP_i/U3945/ZN (XNOR2_X1)                              0.0594     2.4636 f
  DP_i/U3946/ZN (XNOR2_X1)                              0.0672     2.5307 f
  DP_i/U3948/ZN (INV_X1)                                0.0370     2.5677 r
  DP_i/U4597/ZN (OAI21_X1)                              0.0372     2.6048 f
  DP_i/U4598/ZN (NAND2_X1)                              0.0422     2.6470 r
  DP_i/U4603/ZN (NAND2_X1)                              0.0442     2.6912 f
  DP_i/U4623/ZN (AOI222_X1)                             0.1212     2.8125 r
  DP_i/U4626/ZN (NAND2_X1)                              0.0442     2.8567 f
  DP_i/U4627/ZN (NOR2_X1)                               0.0745     2.9312 r
  DP_i/U4637/ZN (NAND2_X1)                              0.0384     2.9697 f
  DP_i/U4641/ZN (XNOR2_X1)                              0.0629     3.0325 f
  DP_i/U4642/ZN (AOI22_X1)                              0.0909     3.1234 r
  DP_i/U4719/ZN (INV_X1)                                0.0282     3.1516 f
  DP_i/U4720/ZN (AOI22_X1)                              0.0732     3.2248 r
  DP_i/U4754/ZN (OAI22_X1)                              0.0436     3.2684 f
  DP_i/U4755/ZN (AOI221_X1)                             0.0893     3.3577 r
  DP_i/U4756/ZN (NAND4_X1)                              0.0473     3.4050 f
  DP_i/U4757/ZN (AND3_X1)                               0.0594     3.4644 f
  DP_i/U5198/ZN (NOR3_X1)                               0.1548     3.6192 r
  DP_i/U5199/Z (BUF_X1)                                 0.1878     3.8070 r
  DP_i/U3162/ZN (AOI22_X1)                              0.0755     3.8825 f
  DP_i/U3163/ZN (OAI211_X1)                             0.0525     3.9350 r
  DP_i/fetch_i_pc_i_Y_reg_0_/D (DFF_X1)                 0.0110     3.9460 r
  data arrival time                                                3.9460

  clock CLK (rise edge)                                 4.0000     4.0000
  clock network delay (ideal)                           0.0500     4.0500
  clock uncertainty                                    -0.0500     4.0000
  DP_i/fetch_i_pc_i_Y_reg_0_/CK (DFF_X1)                0.0000     4.0000 r
  library setup time                                   -0.0324     3.9676
  data required time                                               3.9676
  --------------------------------------------------------------------------
  data required time                                               3.9676
  data arrival time                                               -3.9460
  --------------------------------------------------------------------------
  slack (MET)                                                      0.0216


  Startpoint: DP_i/fetch_i_IR_out_reg_26_
              (rising edge-triggered flip-flop clocked by CLK)
  Endpoint: DP_i/fetch_i_pc_i_Y_reg_8_
            (rising edge-triggered flip-flop clocked by CLK)
  Path Group: REG2REG
  Path Type: max

  Des/Clust/Port     Wire Load Model       Library
  ------------------------------------------------
  DLX                5K_hvratio_1_4        NangateOpenCellLibrary

  Point                                                   Incr       Path
  --------------------------------------------------------------------------
  clock CLK (rise edge)                                 0.0000     0.0000
  clock network delay (ideal)                           0.0500     0.0500
  DP_i/fetch_i_IR_out_reg_26_/CK (DFF_X1)               0.0000     0.0500 r
  DP_i/fetch_i_IR_out_reg_26_/Q (DFF_X1)                0.1905     0.2405 r
  DP_i/opcode[0] (DataPath)                             0.0000     0.2405 r
  U800/ZN (INV_X1)                                      0.0840     0.3246 f
  U864/ZN (NAND3_X1)                                    0.0720     0.3966 r
  U799/ZN (NOR2_X1)                                     0.0587     0.4553 f
  DP_i/RF2 (DataPath)                                   0.0000     0.4553 f
  DP_i/U1010/ZN (INV_X1)                                0.0619     0.5172 r
  DP_i/U1015/ZN (NAND2_X1)                              0.0674     0.5846 f
  DP_i/U12/ZN (INV_X1)                                  0.1479     0.7325 r
  DP_i/U1033/ZN (AOI22_X1)                              0.0697     0.8023 f
  DP_i/U1034/ZN (INV_X1)                                0.0452     0.8474 r
  DP_i/U1036/ZN (NAND2_X1)                              0.0342     0.8816 f
  DP_i/U3952/CO (FA_X1)                                 0.0948     0.9765 f
  DP_i/U1039/ZN (NOR2_X1)                               0.0526     1.0291 r
  DP_i/U1040/ZN (INV_X1)                                0.0308     1.0599 f
  DP_i/U1043/ZN (NOR2_X1)                               0.0537     1.1135 r
  DP_i/U1044/ZN (NAND2_X1)                              0.0360     1.1495 f
  DP_i/U1046/Z (XOR2_X1)                                0.0710     1.2205 f
  DP_i/U1047/ZN (XNOR2_X1)                              0.0691     1.2896 f
  DP_i/U1048/ZN (AOI21_X1)                              0.0608     1.3504 r
  DP_i/U1133/ZN (NAND2_X1)                              0.0400     1.3904 f
  DP_i/U1151/ZN (NOR2_X1)                               0.0559     1.4463 r
  DP_i/U1540/ZN (NAND2_X1)                              0.0360     1.4823 f
  DP_i/U1542/Z (XOR2_X1)                                0.0710     1.5533 f
  DP_i/U1543/ZN (XNOR2_X1)                              0.0691     1.6224 f
  DP_i/U1636/ZN (AOI21_X1)                              0.0608     1.6832 r
  DP_i/U1667/ZN (NAND2_X1)                              0.0400     1.7232 f
  DP_i/U1676/ZN (NOR2_X1)                               0.0559     1.7791 r
  DP_i/U1709/ZN (NAND2_X1)                              0.0360     1.8151 f
  DP_i/U1711/Z (XOR2_X1)                                0.0710     1.8861 f
  DP_i/U1712/ZN (XNOR2_X1)                              0.0691     1.9552 f
  DP_i/U1794/ZN (AOI21_X1)                              0.0608     2.0160 r
  DP_i/U1940/ZN (NAND2_X1)                              0.0401     2.0561 f
  DP_i/U1946/ZN (NOR2_X1)                               0.0550     2.1111 r
  DP_i/U3439/ZN (NAND2_X1)                              0.0351     2.1462 f
  DP_i/U3442/ZN (XNOR2_X1)                              0.0634     2.2095 f
  DP_i/U3528/ZN (AOI21_X1)                              0.0644     2.2740 r
  DP_i/U3651/ZN (NAND2_X1)                              0.0401     2.3141 f
  DP_i/U3679/ZN (NOR2_X1)                               0.0550     2.3690 r
  DP_i/U3941/ZN (NAND2_X1)                              0.0351     2.4041 f
  DP_i/U3945/ZN (XNOR2_X1)                              0.0594     2.4636 f
  DP_i/U3946/ZN (XNOR2_X1)                              0.0672     2.5307 f
  DP_i/U3948/ZN (INV_X1)                                0.0370     2.5677 r
  DP_i/U4597/ZN (OAI21_X1)                              0.0372     2.6048 f
  DP_i/U4598/ZN (NAND2_X1)                              0.0422     2.6470 r
  DP_i/U4603/ZN (NAND2_X1)                              0.0442     2.6912 f
  DP_i/U4623/ZN (AOI222_X1)                             0.1212     2.8125 r
  DP_i/U4626/ZN (NAND2_X1)                              0.0442     2.8567 f
  DP_i/U4627/ZN (NOR2_X1)                               0.0745     2.9312 r
  DP_i/U4637/ZN (NAND2_X1)                              0.0384     2.9697 f
  DP_i/U4641/ZN (XNOR2_X1)                              0.0629     3.0325 f
  DP_i/U4642/ZN (AOI22_X1)                              0.0909     3.1234 r
  DP_i/U4719/ZN (INV_X1)                                0.0282     3.1516 f
  DP_i/U4720/ZN (AOI22_X1)                              0.0732     3.2248 r
  DP_i/U4754/ZN (OAI22_X1)                              0.0436     3.2684 f
  DP_i/U4755/ZN (AOI221_X1)                             0.0893     3.3577 r
  DP_i/U4756/ZN (NAND4_X1)                              0.0473     3.4050 f
  DP_i/U4757/ZN (AND3_X1)                               0.0594     3.4644 f
  DP_i/U5198/ZN (NOR3_X1)                               0.1548     3.6192 r
  DP_i/U5199/Z (BUF_X1)                                 0.1878     3.8070 r
  DP_i/U3123/ZN (AOI22_X1)                              0.0755     3.8825 f
  DP_i/U3124/ZN (OAI211_X1)                             0.0525     3.9350 r
  DP_i/fetch_i_pc_i_Y_reg_8_/D (DFF_X1)                 0.0110     3.9460 r
  data arrival time                                                3.9460

  clock CLK (rise edge)                                 4.0000     4.0000
  clock network delay (ideal)                           0.0500     4.0500
  clock uncertainty                                    -0.0500     4.0000
  DP_i/fetch_i_pc_i_Y_reg_8_/CK (DFF_X1)                0.0000     4.0000 r
  library setup time                                   -0.0324     3.9676
  data required time                                               3.9676
  --------------------------------------------------------------------------
  data required time                                               3.9676
  data arrival time                                               -3.9460
  --------------------------------------------------------------------------
  slack (MET)                                                      0.0216


  Startpoint: DP_i/fetch_i_IR_out_reg_26_
              (rising edge-triggered flip-flop clocked by CLK)
  Endpoint: DP_i/fetch_i_pc_i_Y_reg_10_
            (rising edge-triggered flip-flop clocked by CLK)
  Path Group: REG2REG
  Path Type: max

  Des/Clust/Port     Wire Load Model       Library
  ------------------------------------------------
  DLX                5K_hvratio_1_4        NangateOpenCellLibrary

  Point                                                   Incr       Path
  --------------------------------------------------------------------------
  clock CLK (rise edge)                                 0.0000     0.0000
  clock network delay (ideal)                           0.0500     0.0500
  DP_i/fetch_i_IR_out_reg_26_/CK (DFF_X1)               0.0000     0.0500 r
  DP_i/fetch_i_IR_out_reg_26_/Q (DFF_X1)                0.1905     0.2405 r
  DP_i/opcode[0] (DataPath)                             0.0000     0.2405 r
  U800/ZN (INV_X1)                                      0.0840     0.3246 f
  U864/ZN (NAND3_X1)                                    0.0720     0.3966 r
  U799/ZN (NOR2_X1)                                     0.0587     0.4553 f
  DP_i/RF2 (DataPath)                                   0.0000     0.4553 f
  DP_i/U1010/ZN (INV_X1)                                0.0619     0.5172 r
  DP_i/U1015/ZN (NAND2_X1)                              0.0674     0.5846 f
  DP_i/U12/ZN (INV_X1)                                  0.1479     0.7325 r
  DP_i/U1033/ZN (AOI22_X1)                              0.0697     0.8023 f
  DP_i/U1034/ZN (INV_X1)                                0.0452     0.8474 r
  DP_i/U1036/ZN (NAND2_X1)                              0.0342     0.8816 f
  DP_i/U3952/CO (FA_X1)                                 0.0948     0.9765 f
  DP_i/U1039/ZN (NOR2_X1)                               0.0526     1.0291 r
  DP_i/U1040/ZN (INV_X1)                                0.0308     1.0599 f
  DP_i/U1043/ZN (NOR2_X1)                               0.0537     1.1135 r
  DP_i/U1044/ZN (NAND2_X1)                              0.0360     1.1495 f
  DP_i/U1046/Z (XOR2_X1)                                0.0710     1.2205 f
  DP_i/U1047/ZN (XNOR2_X1)                              0.0691     1.2896 f
  DP_i/U1048/ZN (AOI21_X1)                              0.0608     1.3504 r
  DP_i/U1133/ZN (NAND2_X1)                              0.0400     1.3904 f
  DP_i/U1151/ZN (NOR2_X1)                               0.0559     1.4463 r
  DP_i/U1540/ZN (NAND2_X1)                              0.0360     1.4823 f
  DP_i/U1542/Z (XOR2_X1)                                0.0710     1.5533 f
  DP_i/U1543/ZN (XNOR2_X1)                              0.0691     1.6224 f
  DP_i/U1636/ZN (AOI21_X1)                              0.0608     1.6832 r
  DP_i/U1667/ZN (NAND2_X1)                              0.0400     1.7232 f
  DP_i/U1676/ZN (NOR2_X1)                               0.0559     1.7791 r
  DP_i/U1709/ZN (NAND2_X1)                              0.0360     1.8151 f
  DP_i/U1711/Z (XOR2_X1)                                0.0710     1.8861 f
  DP_i/U1712/ZN (XNOR2_X1)                              0.0691     1.9552 f
  DP_i/U1794/ZN (AOI21_X1)                              0.0608     2.0160 r
  DP_i/U1940/ZN (NAND2_X1)                              0.0401     2.0561 f
  DP_i/U1946/ZN (NOR2_X1)                               0.0550     2.1111 r
  DP_i/U3439/ZN (NAND2_X1)                              0.0351     2.1462 f
  DP_i/U3442/ZN (XNOR2_X1)                              0.0634     2.2095 f
  DP_i/U3528/ZN (AOI21_X1)                              0.0644     2.2740 r
  DP_i/U3651/ZN (NAND2_X1)                              0.0401     2.3141 f
  DP_i/U3679/ZN (NOR2_X1)                               0.0550     2.3690 r
  DP_i/U3941/ZN (NAND2_X1)                              0.0351     2.4041 f
  DP_i/U3945/ZN (XNOR2_X1)                              0.0594     2.4636 f
  DP_i/U3946/ZN (XNOR2_X1)                              0.0672     2.5307 f
  DP_i/U3948/ZN (INV_X1)                                0.0370     2.5677 r
  DP_i/U4597/ZN (OAI21_X1)                              0.0372     2.6048 f
  DP_i/U4598/ZN (NAND2_X1)                              0.0422     2.6470 r
  DP_i/U4603/ZN (NAND2_X1)                              0.0442     2.6912 f
  DP_i/U4623/ZN (AOI222_X1)                             0.1212     2.8125 r
  DP_i/U4626/ZN (NAND2_X1)                              0.0442     2.8567 f
  DP_i/U4627/ZN (NOR2_X1)                               0.0745     2.9312 r
  DP_i/U4637/ZN (NAND2_X1)                              0.0384     2.9697 f
  DP_i/U4641/ZN (XNOR2_X1)                              0.0629     3.0325 f
  DP_i/U4642/ZN (AOI22_X1)                              0.0909     3.1234 r
  DP_i/U4719/ZN (INV_X1)                                0.0282     3.1516 f
  DP_i/U4720/ZN (AOI22_X1)                              0.0732     3.2248 r
  DP_i/U4754/ZN (OAI22_X1)                              0.0436     3.2684 f
  DP_i/U4755/ZN (AOI221_X1)                             0.0893     3.3577 r
  DP_i/U4756/ZN (NAND4_X1)                              0.0473     3.4050 f
  DP_i/U4757/ZN (AND3_X1)                               0.0594     3.4644 f
  DP_i/U5198/ZN (NOR3_X1)                               0.1548     3.6192 r
  DP_i/U5199/Z (BUF_X1)                                 0.1878     3.8070 r
  DP_i/U3114/ZN (AOI22_X1)                              0.0755     3.8825 f
  DP_i/U3115/ZN (OAI211_X1)                             0.0525     3.9350 r
  DP_i/fetch_i_pc_i_Y_reg_10_/D (DFF_X1)                0.0110     3.9460 r
  data arrival time                                                3.9460

  clock CLK (rise edge)                                 4.0000     4.0000
  clock network delay (ideal)                           0.0500     4.0500
  clock uncertainty                                    -0.0500     4.0000
  DP_i/fetch_i_pc_i_Y_reg_10_/CK (DFF_X1)               0.0000     4.0000 r
  library setup time                                   -0.0324     3.9676
  data required time                                               3.9676
  --------------------------------------------------------------------------
  data required time                                               3.9676
  data arrival time                                               -3.9460
  --------------------------------------------------------------------------
  slack (MET)                                                      0.0216


  Startpoint: DP_i/fetch_i_IR_out_reg_26_
              (rising edge-triggered flip-flop clocked by CLK)
  Endpoint: DP_i/fetch_i_pc_i_Y_reg_11_
            (rising edge-triggered flip-flop clocked by CLK)
  Path Group: REG2REG
  Path Type: max

  Des/Clust/Port     Wire Load Model       Library
  ------------------------------------------------
  DLX                5K_hvratio_1_4        NangateOpenCellLibrary

  Point                                                   Incr       Path
  --------------------------------------------------------------------------
  clock CLK (rise edge)                                 0.0000     0.0000
  clock network delay (ideal)                           0.0500     0.0500
  DP_i/fetch_i_IR_out_reg_26_/CK (DFF_X1)               0.0000     0.0500 r
  DP_i/fetch_i_IR_out_reg_26_/Q (DFF_X1)                0.1905     0.2405 r
  DP_i/opcode[0] (DataPath)                             0.0000     0.2405 r
  U800/ZN (INV_X1)                                      0.0840     0.3246 f
  U864/ZN (NAND3_X1)                                    0.0720     0.3966 r
  U799/ZN (NOR2_X1)                                     0.0587     0.4553 f
  DP_i/RF2 (DataPath)                                   0.0000     0.4553 f
  DP_i/U1010/ZN (INV_X1)                                0.0619     0.5172 r
  DP_i/U1015/ZN (NAND2_X1)                              0.0674     0.5846 f
  DP_i/U12/ZN (INV_X1)                                  0.1479     0.7325 r
  DP_i/U1033/ZN (AOI22_X1)                              0.0697     0.8023 f
  DP_i/U1034/ZN (INV_X1)                                0.0452     0.8474 r
  DP_i/U1036/ZN (NAND2_X1)                              0.0342     0.8816 f
  DP_i/U3952/CO (FA_X1)                                 0.0948     0.9765 f
  DP_i/U1039/ZN (NOR2_X1)                               0.0526     1.0291 r
  DP_i/U1040/ZN (INV_X1)                                0.0308     1.0599 f
  DP_i/U1043/ZN (NOR2_X1)                               0.0537     1.1135 r
  DP_i/U1044/ZN (NAND2_X1)                              0.0360     1.1495 f
  DP_i/U1046/Z (XOR2_X1)                                0.0710     1.2205 f
  DP_i/U1047/ZN (XNOR2_X1)                              0.0691     1.2896 f
  DP_i/U1048/ZN (AOI21_X1)                              0.0608     1.3504 r
  DP_i/U1133/ZN (NAND2_X1)                              0.0400     1.3904 f
  DP_i/U1151/ZN (NOR2_X1)                               0.0559     1.4463 r
  DP_i/U1540/ZN (NAND2_X1)                              0.0360     1.4823 f
  DP_i/U1542/Z (XOR2_X1)                                0.0710     1.5533 f
  DP_i/U1543/ZN (XNOR2_X1)                              0.0691     1.6224 f
  DP_i/U1636/ZN (AOI21_X1)                              0.0608     1.6832 r
  DP_i/U1667/ZN (NAND2_X1)                              0.0400     1.7232 f
  DP_i/U1676/ZN (NOR2_X1)                               0.0559     1.7791 r
  DP_i/U1709/ZN (NAND2_X1)                              0.0360     1.8151 f
  DP_i/U1711/Z (XOR2_X1)                                0.0710     1.8861 f
  DP_i/U1712/ZN (XNOR2_X1)                              0.0691     1.9552 f
  DP_i/U1794/ZN (AOI21_X1)                              0.0608     2.0160 r
  DP_i/U1940/ZN (NAND2_X1)                              0.0401     2.0561 f
  DP_i/U1946/ZN (NOR2_X1)                               0.0550     2.1111 r
  DP_i/U3439/ZN (NAND2_X1)                              0.0351     2.1462 f
  DP_i/U3442/ZN (XNOR2_X1)                              0.0634     2.2095 f
  DP_i/U3528/ZN (AOI21_X1)                              0.0644     2.2740 r
  DP_i/U3651/ZN (NAND2_X1)                              0.0401     2.3141 f
  DP_i/U3679/ZN (NOR2_X1)                               0.0550     2.3690 r
  DP_i/U3941/ZN (NAND2_X1)                              0.0351     2.4041 f
  DP_i/U3945/ZN (XNOR2_X1)                              0.0594     2.4636 f
  DP_i/U3946/ZN (XNOR2_X1)                              0.0672     2.5307 f
  DP_i/U3948/ZN (INV_X1)                                0.0370     2.5677 r
  DP_i/U4597/ZN (OAI21_X1)                              0.0372     2.6048 f
  DP_i/U4598/ZN (NAND2_X1)                              0.0422     2.6470 r
  DP_i/U4603/ZN (NAND2_X1)                              0.0442     2.6912 f
  DP_i/U4623/ZN (AOI222_X1)                             0.1212     2.8125 r
  DP_i/U4626/ZN (NAND2_X1)                              0.0442     2.8567 f
  DP_i/U4627/ZN (NOR2_X1)                               0.0745     2.9312 r
  DP_i/U4637/ZN (NAND2_X1)                              0.0384     2.9697 f
  DP_i/U4641/ZN (XNOR2_X1)                              0.0629     3.0325 f
  DP_i/U4642/ZN (AOI22_X1)                              0.0909     3.1234 r
  DP_i/U4719/ZN (INV_X1)                                0.0282     3.1516 f
  DP_i/U4720/ZN (AOI22_X1)                              0.0732     3.2248 r
  DP_i/U4754/ZN (OAI22_X1)                              0.0436     3.2684 f
  DP_i/U4755/ZN (AOI221_X1)                             0.0893     3.3577 r
  DP_i/U4756/ZN (NAND4_X1)                              0.0473     3.4050 f
  DP_i/U4757/ZN (AND3_X1)                               0.0594     3.4644 f
  DP_i/U5198/ZN (NOR3_X1)                               0.1548     3.6192 r
  DP_i/U5199/Z (BUF_X1)                                 0.1878     3.8070 r
  DP_i/U3109/ZN (AOI22_X1)                              0.0755     3.8825 f
  DP_i/U3110/ZN (OAI211_X1)                             0.0525     3.9350 r
  DP_i/fetch_i_pc_i_Y_reg_11_/D (DFF_X1)                0.0110     3.9460 r
  data arrival time                                                3.9460

  clock CLK (rise edge)                                 4.0000     4.0000
  clock network delay (ideal)                           0.0500     4.0500
  clock uncertainty                                    -0.0500     4.0000
  DP_i/fetch_i_pc_i_Y_reg_11_/CK (DFF_X1)               0.0000     4.0000 r
  library setup time                                   -0.0324     3.9676
  data required time                                               3.9676
  --------------------------------------------------------------------------
  data required time                                               3.9676
  data arrival time                                               -3.9460
  --------------------------------------------------------------------------
  slack (MET)                                                      0.0216


  Startpoint: DP_i/fetch_i_IR_out_reg_26_
              (rising edge-triggered flip-flop clocked by CLK)
  Endpoint: DP_i/fetch_i_pc_i_Y_reg_13_
            (rising edge-triggered flip-flop clocked by CLK)
  Path Group: REG2REG
  Path Type: max

  Des/Clust/Port     Wire Load Model       Library
  ------------------------------------------------
  DLX                5K_hvratio_1_4        NangateOpenCellLibrary

  Point                                                   Incr       Path
  --------------------------------------------------------------------------
  clock CLK (rise edge)                                 0.0000     0.0000
  clock network delay (ideal)                           0.0500     0.0500
  DP_i/fetch_i_IR_out_reg_26_/CK (DFF_X1)               0.0000     0.0500 r
  DP_i/fetch_i_IR_out_reg_26_/Q (DFF_X1)                0.1905     0.2405 r
  DP_i/opcode[0] (DataPath)                             0.0000     0.2405 r
  U800/ZN (INV_X1)                                      0.0840     0.3246 f
  U864/ZN (NAND3_X1)                                    0.0720     0.3966 r
  U799/ZN (NOR2_X1)                                     0.0587     0.4553 f
  DP_i/RF2 (DataPath)                                   0.0000     0.4553 f
  DP_i/U1010/ZN (INV_X1)                                0.0619     0.5172 r
  DP_i/U1015/ZN (NAND2_X1)                              0.0674     0.5846 f
  DP_i/U12/ZN (INV_X1)                                  0.1479     0.7325 r
  DP_i/U1033/ZN (AOI22_X1)                              0.0697     0.8023 f
  DP_i/U1034/ZN (INV_X1)                                0.0452     0.8474 r
  DP_i/U1036/ZN (NAND2_X1)                              0.0342     0.8816 f
  DP_i/U3952/CO (FA_X1)                                 0.0948     0.9765 f
  DP_i/U1039/ZN (NOR2_X1)                               0.0526     1.0291 r
  DP_i/U1040/ZN (INV_X1)                                0.0308     1.0599 f
  DP_i/U1043/ZN (NOR2_X1)                               0.0537     1.1135 r
  DP_i/U1044/ZN (NAND2_X1)                              0.0360     1.1495 f
  DP_i/U1046/Z (XOR2_X1)                                0.0710     1.2205 f
  DP_i/U1047/ZN (XNOR2_X1)                              0.0691     1.2896 f
  DP_i/U1048/ZN (AOI21_X1)                              0.0608     1.3504 r
  DP_i/U1133/ZN (NAND2_X1)                              0.0400     1.3904 f
  DP_i/U1151/ZN (NOR2_X1)                               0.0559     1.4463 r
  DP_i/U1540/ZN (NAND2_X1)                              0.0360     1.4823 f
  DP_i/U1542/Z (XOR2_X1)                                0.0710     1.5533 f
  DP_i/U1543/ZN (XNOR2_X1)                              0.0691     1.6224 f
  DP_i/U1636/ZN (AOI21_X1)                              0.0608     1.6832 r
  DP_i/U1667/ZN (NAND2_X1)                              0.0400     1.7232 f
  DP_i/U1676/ZN (NOR2_X1)                               0.0559     1.7791 r
  DP_i/U1709/ZN (NAND2_X1)                              0.0360     1.8151 f
  DP_i/U1711/Z (XOR2_X1)                                0.0710     1.8861 f
  DP_i/U1712/ZN (XNOR2_X1)                              0.0691     1.9552 f
  DP_i/U1794/ZN (AOI21_X1)                              0.0608     2.0160 r
  DP_i/U1940/ZN (NAND2_X1)                              0.0401     2.0561 f
  DP_i/U1946/ZN (NOR2_X1)                               0.0550     2.1111 r
  DP_i/U3439/ZN (NAND2_X1)                              0.0351     2.1462 f
  DP_i/U3442/ZN (XNOR2_X1)                              0.0634     2.2095 f
  DP_i/U3528/ZN (AOI21_X1)                              0.0644     2.2740 r
  DP_i/U3651/ZN (NAND2_X1)                              0.0401     2.3141 f
  DP_i/U3679/ZN (NOR2_X1)                               0.0550     2.3690 r
  DP_i/U3941/ZN (NAND2_X1)                              0.0351     2.4041 f
  DP_i/U3945/ZN (XNOR2_X1)                              0.0594     2.4636 f
  DP_i/U3946/ZN (XNOR2_X1)                              0.0672     2.5307 f
  DP_i/U3948/ZN (INV_X1)                                0.0370     2.5677 r
  DP_i/U4597/ZN (OAI21_X1)                              0.0372     2.6048 f
  DP_i/U4598/ZN (NAND2_X1)                              0.0422     2.6470 r
  DP_i/U4603/ZN (NAND2_X1)                              0.0442     2.6912 f
  DP_i/U4623/ZN (AOI222_X1)                             0.1212     2.8125 r
  DP_i/U4626/ZN (NAND2_X1)                              0.0442     2.8567 f
  DP_i/U4627/ZN (NOR2_X1)                               0.0745     2.9312 r
  DP_i/U4637/ZN (NAND2_X1)                              0.0384     2.9697 f
  DP_i/U4641/ZN (XNOR2_X1)                              0.0629     3.0325 f
  DP_i/U4642/ZN (AOI22_X1)                              0.0909     3.1234 r
  DP_i/U4719/ZN (INV_X1)                                0.0282     3.1516 f
  DP_i/U4720/ZN (AOI22_X1)                              0.0732     3.2248 r
  DP_i/U4754/ZN (OAI22_X1)                              0.0436     3.2684 f
  DP_i/U4755/ZN (AOI221_X1)                             0.0893     3.3577 r
  DP_i/U4756/ZN (NAND4_X1)                              0.0473     3.4050 f
  DP_i/U4757/ZN (AND3_X1)                               0.0594     3.4644 f
  DP_i/U5198/ZN (NOR3_X1)                               0.1548     3.6192 r
  DP_i/U5199/Z (BUF_X1)                                 0.1878     3.8070 r
  DP_i/U3100/ZN (AOI22_X1)                              0.0755     3.8825 f
  DP_i/U3101/ZN (OAI211_X1)                             0.0525     3.9350 r
  DP_i/fetch_i_pc_i_Y_reg_13_/D (DFF_X1)                0.0110     3.9460 r
  data arrival time                                                3.9460

  clock CLK (rise edge)                                 4.0000     4.0000
  clock network delay (ideal)                           0.0500     4.0500
  clock uncertainty                                    -0.0500     4.0000
  DP_i/fetch_i_pc_i_Y_reg_13_/CK (DFF_X1)               0.0000     4.0000 r
  library setup time                                   -0.0324     3.9676
  data required time                                               3.9676
  --------------------------------------------------------------------------
  data required time                                               3.9676
  data arrival time                                               -3.9460
  --------------------------------------------------------------------------
  slack (MET)                                                      0.0216


  Startpoint: DP_i/fetch_i_IR_out_reg_26_
              (rising edge-triggered flip-flop clocked by CLK)
  Endpoint: DP_i/fetch_i_pc_i_Y_reg_14_
            (rising edge-triggered flip-flop clocked by CLK)
  Path Group: REG2REG
  Path Type: max

  Des/Clust/Port     Wire Load Model       Library
  ------------------------------------------------
  DLX                5K_hvratio_1_4        NangateOpenCellLibrary

  Point                                                   Incr       Path
  --------------------------------------------------------------------------
  clock CLK (rise edge)                                 0.0000     0.0000
  clock network delay (ideal)                           0.0500     0.0500
  DP_i/fetch_i_IR_out_reg_26_/CK (DFF_X1)               0.0000     0.0500 r
  DP_i/fetch_i_IR_out_reg_26_/Q (DFF_X1)                0.1905     0.2405 r
  DP_i/opcode[0] (DataPath)                             0.0000     0.2405 r
  U800/ZN (INV_X1)                                      0.0840     0.3246 f
  U864/ZN (NAND3_X1)                                    0.0720     0.3966 r
  U799/ZN (NOR2_X1)                                     0.0587     0.4553 f
  DP_i/RF2 (DataPath)                                   0.0000     0.4553 f
  DP_i/U1010/ZN (INV_X1)                                0.0619     0.5172 r
  DP_i/U1015/ZN (NAND2_X1)                              0.0674     0.5846 f
  DP_i/U12/ZN (INV_X1)                                  0.1479     0.7325 r
  DP_i/U1033/ZN (AOI22_X1)                              0.0697     0.8023 f
  DP_i/U1034/ZN (INV_X1)                                0.0452     0.8474 r
  DP_i/U1036/ZN (NAND2_X1)                              0.0342     0.8816 f
  DP_i/U3952/CO (FA_X1)                                 0.0948     0.9765 f
  DP_i/U1039/ZN (NOR2_X1)                               0.0526     1.0291 r
  DP_i/U1040/ZN (INV_X1)                                0.0308     1.0599 f
  DP_i/U1043/ZN (NOR2_X1)                               0.0537     1.1135 r
  DP_i/U1044/ZN (NAND2_X1)                              0.0360     1.1495 f
  DP_i/U1046/Z (XOR2_X1)                                0.0710     1.2205 f
  DP_i/U1047/ZN (XNOR2_X1)                              0.0691     1.2896 f
  DP_i/U1048/ZN (AOI21_X1)                              0.0608     1.3504 r
  DP_i/U1133/ZN (NAND2_X1)                              0.0400     1.3904 f
  DP_i/U1151/ZN (NOR2_X1)                               0.0559     1.4463 r
  DP_i/U1540/ZN (NAND2_X1)                              0.0360     1.4823 f
  DP_i/U1542/Z (XOR2_X1)                                0.0710     1.5533 f
  DP_i/U1543/ZN (XNOR2_X1)                              0.0691     1.6224 f
  DP_i/U1636/ZN (AOI21_X1)                              0.0608     1.6832 r
  DP_i/U1667/ZN (NAND2_X1)                              0.0400     1.7232 f
  DP_i/U1676/ZN (NOR2_X1)                               0.0559     1.7791 r
  DP_i/U1709/ZN (NAND2_X1)                              0.0360     1.8151 f
  DP_i/U1711/Z (XOR2_X1)                                0.0710     1.8861 f
  DP_i/U1712/ZN (XNOR2_X1)                              0.0691     1.9552 f
  DP_i/U1794/ZN (AOI21_X1)                              0.0608     2.0160 r
  DP_i/U1940/ZN (NAND2_X1)                              0.0401     2.0561 f
  DP_i/U1946/ZN (NOR2_X1)                               0.0550     2.1111 r
  DP_i/U3439/ZN (NAND2_X1)                              0.0351     2.1462 f
  DP_i/U3442/ZN (XNOR2_X1)                              0.0634     2.2095 f
  DP_i/U3528/ZN (AOI21_X1)                              0.0644     2.2740 r
  DP_i/U3651/ZN (NAND2_X1)                              0.0401     2.3141 f
  DP_i/U3679/ZN (NOR2_X1)                               0.0550     2.3690 r
  DP_i/U3941/ZN (NAND2_X1)                              0.0351     2.4041 f
  DP_i/U3945/ZN (XNOR2_X1)                              0.0594     2.4636 f
  DP_i/U3946/ZN (XNOR2_X1)                              0.0672     2.5307 f
  DP_i/U3948/ZN (INV_X1)                                0.0370     2.5677 r
  DP_i/U4597/ZN (OAI21_X1)                              0.0372     2.6048 f
  DP_i/U4598/ZN (NAND2_X1)                              0.0422     2.6470 r
  DP_i/U4603/ZN (NAND2_X1)                              0.0442     2.6912 f
  DP_i/U4623/ZN (AOI222_X1)                             0.1212     2.8125 r
  DP_i/U4626/ZN (NAND2_X1)                              0.0442     2.8567 f
  DP_i/U4627/ZN (NOR2_X1)                               0.0745     2.9312 r
  DP_i/U4637/ZN (NAND2_X1)                              0.0384     2.9697 f
  DP_i/U4641/ZN (XNOR2_X1)                              0.0629     3.0325 f
  DP_i/U4642/ZN (AOI22_X1)                              0.0909     3.1234 r
  DP_i/U4719/ZN (INV_X1)                                0.0282     3.1516 f
  DP_i/U4720/ZN (AOI22_X1)                              0.0732     3.2248 r
  DP_i/U4754/ZN (OAI22_X1)                              0.0436     3.2684 f
  DP_i/U4755/ZN (AOI221_X1)                             0.0893     3.3577 r
  DP_i/U4756/ZN (NAND4_X1)                              0.0473     3.4050 f
  DP_i/U4757/ZN (AND3_X1)                               0.0594     3.4644 f
  DP_i/U5198/ZN (NOR3_X1)                               0.1548     3.6192 r
  DP_i/U5199/Z (BUF_X1)                                 0.1878     3.8070 r
  DP_i/U3095/ZN (AOI22_X1)                              0.0755     3.8825 f
  DP_i/U3096/ZN (OAI211_X1)                             0.0525     3.9350 r
  DP_i/fetch_i_pc_i_Y_reg_14_/D (DFF_X1)                0.0110     3.9460 r
  data arrival time                                                3.9460

  clock CLK (rise edge)                                 4.0000     4.0000
  clock network delay (ideal)                           0.0500     4.0500
  clock uncertainty                                    -0.0500     4.0000
  DP_i/fetch_i_pc_i_Y_reg_14_/CK (DFF_X1)               0.0000     4.0000 r
  library setup time                                   -0.0324     3.9676
  data required time                                               3.9676
  --------------------------------------------------------------------------
  data required time                                               3.9676
  data arrival time                                               -3.9460
  --------------------------------------------------------------------------
  slack (MET)                                                      0.0216


1
