 
****************************************
Report : timing
        -path full
        -delay max
        -nworst 2
        -group REG2REG
        -max_paths 10
Design : DLX
Version: W-2024.09-SP2
Date   : Mon Sep 28 12:01:00 2026
****************************************

Operating Conditions: typical   Library: NangateOpenCellLibrary
Wire Load Model Mode: top

  Startpoint: DP_i_fetch_i_IR_out_reg_24_
              (rising edge-triggered flip-flop clocked by CLK)
  Endpoint: DP_i_fetch_i_IR_out_reg_22_
            (rising edge-triggered flip-flop clocked by CLK)
  Path Group: REG2REG
  Path Type: max

  Des/Clust/Port     Wire Load Model       Library
  ------------------------------------------------
  DLX                5K_hvratio_1_4        NangateOpenCellLibrary

  Point                                                   Incr       Path
  --------------------------------------------------------------------------
  clock CLK (rise edge)                                 0.0000     0.0000
  clock network delay (ideal)                           0.0500     0.0500
  DP_i_fetch_i_IR_out_reg_24_/CK (DFF_X1)               0.0000     0.0500 r
  DP_i_fetch_i_IR_out_reg_24_/QN (DFF_X1)               0.0806     0.1306 r
  U3331/ZN (XNOR2_X1)                                   0.0617     0.1923 r
  U796/ZN (AND2_X2)                                     0.0499     0.2422 r
  U1329/ZN (AND4_X2)                                    0.0705     0.3128 r
  U3344/ZN (NOR2_X1)                                    0.0430     0.3558 f
  U3369/ZN (AND2_X1)                                    0.0583     0.4141 f
  U3370/ZN (INV_X1)                                     0.0391     0.4532 r
  U3667/ZN (INV_X1)                                     0.0405     0.4937 f
  U3637/ZN (AOI22_X1)                                   0.0637     0.5574 r
  U3645/ZN (NAND4_X1)                                   0.0434     0.6007 f
  U3646/ZN (NOR2_X1)                                    0.0438     0.6445 r
  U3660/ZN (AND2_X1)                                    0.0460     0.6905 r
  U4342/ZN (NAND2_X1)                                   0.0333     0.7237 f
  U4346/ZN (NAND2_X1)                                   0.0302     0.7540 r
  U4351/ZN (AND4_X1)                                    0.0666     0.8206 r
  U2399/ZN (NAND4_X1)                                   0.0460     0.8666 f
  U2398/ZN (NOR2_X1)                                    0.0433     0.9098 r
  U2891/ZN (AND4_X1)                                    0.0668     0.9766 r
  U2454/ZN (OR2_X1)                                     0.0361     1.0127 r
  U2549/ZN (NAND3_X1)                                   0.0397     1.0524 f
  U11931/ZN (AND2_X1)                                   0.0508     1.1032 f
  U6002/Z (MUX2_X1)                                     0.0747     1.1779 r
  U6003/ZN (XNOR2_X1)                                   0.0585     1.2364 r
  U6004/ZN (AND4_X1)                                    0.0654     1.3018 r
  U6006/ZN (AND4_X1)                                    0.0576     1.3594 r
  U6010/ZN (AND4_X1)                                    0.0619     1.4213 r
  U2623/ZN (AND3_X1)                                    0.0546     1.4760 r
  U813/ZN (AND3_X2)                                     0.0566     1.5325 r
  U1249/ZN (NAND4_X1)                                   0.0396     1.5721 f
  U1259/ZN (NAND2_X1)                                   0.0370     1.6091 r
  U2438/ZN (NAND2_X2)                                   0.0939     1.7030 f
  U11114/ZN (OR2_X1)                                    0.0952     1.7982 f
  U11018/ZN (INV_X1)                                    0.0264     1.8246 r
  DP_i_fetch_i_IR_out_reg_22_/D (DFF_X1)                0.0110     1.8356 r
  data arrival time                                                1.8356

  clock CLK (rise edge)                                 1.6000     1.6000
  clock network delay (ideal)                           0.0500     1.6500
  clock uncertainty                                    -0.0500     1.6000
  DP_i_fetch_i_IR_out_reg_22_/CK (DFF_X1)               0.0000     1.6000 r
  library setup time                                   -0.0262     1.5738
  data required time                                               1.5738
  --------------------------------------------------------------------------
  data required time                                               1.5738
  data arrival time                                               -1.8356
  --------------------------------------------------------------------------
  slack (VIOLATED)                                                -0.2618


  Startpoint: DP_i_fetch_i_IR_out_reg_24_
              (rising edge-triggered flip-flop clocked by CLK)
  Endpoint: DP_i_fetch_i_IR_out_reg_24_
            (rising edge-triggered flip-flop clocked by CLK)
  Path Group: REG2REG
  Path Type: max

  Des/Clust/Port     Wire Load Model       Library
  ------------------------------------------------
  DLX                5K_hvratio_1_4        NangateOpenCellLibrary

  Point                                                   Incr       Path
  --------------------------------------------------------------------------
  clock CLK (rise edge)                                 0.0000     0.0000
  clock network delay (ideal)                           0.0500     0.0500
  DP_i_fetch_i_IR_out_reg_24_/CK (DFF_X1)               0.0000     0.0500 r
  DP_i_fetch_i_IR_out_reg_24_/QN (DFF_X1)               0.0806     0.1306 r
  U3331/ZN (XNOR2_X1)                                   0.0617     0.1923 r
  U796/ZN (AND2_X2)                                     0.0499     0.2422 r
  U1329/ZN (AND4_X2)                                    0.0705     0.3128 r
  U3344/ZN (NOR2_X1)                                    0.0430     0.3558 f
  U3369/ZN (AND2_X1)                                    0.0583     0.4141 f
  U3370/ZN (INV_X1)                                     0.0391     0.4532 r
  U3667/ZN (INV_X1)                                     0.0405     0.4937 f
  U3637/ZN (AOI22_X1)                                   0.0637     0.5574 r
  U3645/ZN (NAND4_X1)                                   0.0434     0.6007 f
  U3646/ZN (NOR2_X1)                                    0.0438     0.6445 r
  U3660/ZN (AND2_X1)                                    0.0460     0.6905 r
  U4342/ZN (NAND2_X1)                                   0.0333     0.7237 f
  U4346/ZN (NAND2_X1)                                   0.0302     0.7540 r
  U4351/ZN (AND4_X1)                                    0.0666     0.8206 r
  U2399/ZN (NAND4_X1)                                   0.0460     0.8666 f
  U2398/ZN (NOR2_X1)                                    0.0433     0.9098 r
  U2891/ZN (AND4_X1)                                    0.0668     0.9766 r
  U2454/ZN (OR2_X1)                                     0.0361     1.0127 r
  U2549/ZN (NAND3_X1)                                   0.0397     1.0524 f
  U11931/ZN (AND2_X1)                                   0.0508     1.1032 f
  U6002/Z (MUX2_X1)                                     0.0747     1.1779 r
  U6003/ZN (XNOR2_X1)                                   0.0585     1.2364 r
  U6004/ZN (AND4_X1)                                    0.0654     1.3018 r
  U6006/ZN (AND4_X1)                                    0.0576     1.3594 r
  U6010/ZN (AND4_X1)                                    0.0619     1.4213 r
  U2623/ZN (AND3_X1)                                    0.0546     1.4760 r
  U813/ZN (AND3_X2)                                     0.0566     1.5325 r
  U1249/ZN (NAND4_X1)                                   0.0396     1.5721 f
  U1259/ZN (NAND2_X1)                                   0.0370     1.6091 r
  U2438/ZN (NAND2_X2)                                   0.0939     1.7030 f
  U11107/ZN (OR2_X1)                                    0.0952     1.7982 f
  U11019/ZN (INV_X1)                                    0.0264     1.8246 r
  DP_i_fetch_i_IR_out_reg_24_/D (DFF_X1)                0.0110     1.8356 r
  data arrival time                                                1.8356

  clock CLK (rise edge)                                 1.6000     1.6000
  clock network delay (ideal)                           0.0500     1.6500
  clock uncertainty                                    -0.0500     1.6000
  DP_i_fetch_i_IR_out_reg_24_/CK (DFF_X1)               0.0000     1.6000 r
  library setup time                                   -0.0262     1.5738
  data required time                                               1.5738
  --------------------------------------------------------------------------
  data required time                                               1.5738
  data arrival time                                               -1.8356
  --------------------------------------------------------------------------
  slack (VIOLATED)                                                -0.2618


  Startpoint: DP_i_fetch_i_IR_out_reg_24_
              (rising edge-triggered flip-flop clocked by CLK)
  Endpoint: DP_i_fetch_i_IR_out_reg_21_
            (rising edge-triggered flip-flop clocked by CLK)
  Path Group: REG2REG
  Path Type: max

  Des/Clust/Port     Wire Load Model       Library
  ------------------------------------------------
  DLX                5K_hvratio_1_4        NangateOpenCellLibrary

  Point                                                   Incr       Path
  --------------------------------------------------------------------------
  clock CLK (rise edge)                                 0.0000     0.0000
  clock network delay (ideal)                           0.0500     0.0500
  DP_i_fetch_i_IR_out_reg_24_/CK (DFF_X1)               0.0000     0.0500 r
  DP_i_fetch_i_IR_out_reg_24_/QN (DFF_X1)               0.0806     0.1306 r
  U3331/ZN (XNOR2_X1)                                   0.0617     0.1923 r
  U796/ZN (AND2_X2)                                     0.0499     0.2422 r
  U1329/ZN (AND4_X2)                                    0.0705     0.3128 r
  U3344/ZN (NOR2_X1)                                    0.0430     0.3558 f
  U3369/ZN (AND2_X1)                                    0.0583     0.4141 f
  U3370/ZN (INV_X1)                                     0.0391     0.4532 r
  U3667/ZN (INV_X1)                                     0.0405     0.4937 f
  U3637/ZN (AOI22_X1)                                   0.0637     0.5574 r
  U3645/ZN (NAND4_X1)                                   0.0434     0.6007 f
  U3646/ZN (NOR2_X1)                                    0.0438     0.6445 r
  U3660/ZN (AND2_X1)                                    0.0460     0.6905 r
  U4342/ZN (NAND2_X1)                                   0.0333     0.7237 f
  U4346/ZN (NAND2_X1)                                   0.0302     0.7540 r
  U4351/ZN (AND4_X1)                                    0.0666     0.8206 r
  U2399/ZN (NAND4_X1)                                   0.0460     0.8666 f
  U2398/ZN (NOR2_X1)                                    0.0433     0.9098 r
  U2891/ZN (AND4_X1)                                    0.0668     0.9766 r
  U2454/ZN (OR2_X1)                                     0.0361     1.0127 r
  U2549/ZN (NAND3_X1)                                   0.0397     1.0524 f
  U11931/ZN (AND2_X1)                                   0.0508     1.1032 f
  U6002/Z (MUX2_X1)                                     0.0747     1.1779 r
  U6003/ZN (XNOR2_X1)                                   0.0585     1.2364 r
  U6004/ZN (AND4_X1)                                    0.0654     1.3018 r
  U6006/ZN (AND4_X1)                                    0.0576     1.3594 r
  U6010/ZN (AND4_X1)                                    0.0619     1.4213 r
  U2623/ZN (AND3_X1)                                    0.0546     1.4760 r
  U813/ZN (AND3_X2)                                     0.0566     1.5325 r
  U1249/ZN (NAND4_X1)                                   0.0396     1.5721 f
  U1259/ZN (NAND2_X1)                                   0.0370     1.6091 r
  U2438/ZN (NAND2_X2)                                   0.0939     1.7030 f
  U11102/ZN (OR2_X1)                                    0.0952     1.7982 f
  U11103/ZN (INV_X1)                                    0.0264     1.8246 r
  DP_i_fetch_i_IR_out_reg_21_/D (DFF_X1)                0.0110     1.8356 r
  data arrival time                                                1.8356

  clock CLK (rise edge)                                 1.6000     1.6000
  clock network delay (ideal)                           0.0500     1.6500
  clock uncertainty                                    -0.0500     1.6000
  DP_i_fetch_i_IR_out_reg_21_/CK (DFF_X1)               0.0000     1.6000 r
  library setup time                                   -0.0262     1.5738
  data required time                                               1.5738
  --------------------------------------------------------------------------
  data required time                                               1.5738
  data arrival time                                               -1.8356
  --------------------------------------------------------------------------
  slack (VIOLATED)                                                -0.2618


  Startpoint: DP_i_fetch_i_IR_out_reg_24_
              (rising edge-triggered flip-flop clocked by CLK)
  Endpoint: DP_i_fetch_i_IR_out_reg_25_
            (rising edge-triggered flip-flop clocked by CLK)
  Path Group: REG2REG
  Path Type: max

  Des/Clust/Port     Wire Load Model       Library
  ------------------------------------------------
  DLX                5K_hvratio_1_4        NangateOpenCellLibrary

  Point                                                   Incr       Path
  --------------------------------------------------------------------------
  clock CLK (rise edge)                                 0.0000     0.0000
  clock network delay (ideal)                           0.0500     0.0500
  DP_i_fetch_i_IR_out_reg_24_/CK (DFF_X1)               0.0000     0.0500 r
  DP_i_fetch_i_IR_out_reg_24_/QN (DFF_X1)               0.0806     0.1306 r
  U3331/ZN (XNOR2_X1)                                   0.0617     0.1923 r
  U796/ZN (AND2_X2)                                     0.0499     0.2422 r
  U1329/ZN (AND4_X2)                                    0.0705     0.3128 r
  U3344/ZN (NOR2_X1)                                    0.0430     0.3558 f
  U3369/ZN (AND2_X1)                                    0.0583     0.4141 f
  U3370/ZN (INV_X1)                                     0.0391     0.4532 r
  U3667/ZN (INV_X1)                                     0.0405     0.4937 f
  U3637/ZN (AOI22_X1)                                   0.0637     0.5574 r
  U3645/ZN (NAND4_X1)                                   0.0434     0.6007 f
  U3646/ZN (NOR2_X1)                                    0.0438     0.6445 r
  U3660/ZN (AND2_X1)                                    0.0460     0.6905 r
  U4342/ZN (NAND2_X1)                                   0.0333     0.7237 f
  U4346/ZN (NAND2_X1)                                   0.0302     0.7540 r
  U4351/ZN (AND4_X1)                                    0.0666     0.8206 r
  U2399/ZN (NAND4_X1)                                   0.0460     0.8666 f
  U2398/ZN (NOR2_X1)                                    0.0433     0.9098 r
  U2891/ZN (AND4_X1)                                    0.0668     0.9766 r
  U2454/ZN (OR2_X1)                                     0.0361     1.0127 r
  U2549/ZN (NAND3_X1)                                   0.0397     1.0524 f
  U11931/ZN (AND2_X1)                                   0.0508     1.1032 f
  U6002/Z (MUX2_X1)                                     0.0747     1.1779 r
  U6003/ZN (XNOR2_X1)                                   0.0585     1.2364 r
  U6004/ZN (AND4_X1)                                    0.0654     1.3018 r
  U6006/ZN (AND4_X1)                                    0.0576     1.3594 r
  U6010/ZN (AND4_X1)                                    0.0619     1.4213 r
  U2623/ZN (AND3_X1)                                    0.0546     1.4760 r
  U813/ZN (AND3_X2)                                     0.0566     1.5325 r
  U1249/ZN (NAND4_X1)                                   0.0396     1.5721 f
  U1259/ZN (NAND2_X1)                                   0.0370     1.6091 r
  U2438/ZN (NAND2_X2)                                   0.0939     1.7030 f
  U11118/ZN (OR2_X1)                                    0.0952     1.7982 f
  U11012/ZN (INV_X1)                                    0.0264     1.8246 r
  DP_i_fetch_i_IR_out_reg_25_/D (DFF_X1)                0.0110     1.8356 r
  data arrival time                                                1.8356

  clock CLK (rise edge)                                 1.6000     1.6000
  clock network delay (ideal)                           0.0500     1.6500
  clock uncertainty                                    -0.0500     1.6000
  DP_i_fetch_i_IR_out_reg_25_/CK (DFF_X1)               0.0000     1.6000 r
  library setup time                                   -0.0262     1.5738
  data required time                                               1.5738
  --------------------------------------------------------------------------
  data required time                                               1.5738
  data arrival time                                               -1.8356
  --------------------------------------------------------------------------
  slack (VIOLATED)                                                -0.2618


  Startpoint: DP_i_fetch_i_IR_out_reg_24_
              (rising edge-triggered flip-flop clocked by CLK)
  Endpoint: DP_i_fetch_i_IR_out_reg_0_
            (rising edge-triggered flip-flop clocked by CLK)
  Path Group: REG2REG
  Path Type: max

  Des/Clust/Port     Wire Load Model       Library
  ------------------------------------------------
  DLX                5K_hvratio_1_4        NangateOpenCellLibrary

  Point                                                   Incr       Path
  --------------------------------------------------------------------------
  clock CLK (rise edge)                                 0.0000     0.0000
  clock network delay (ideal)                           0.0500     0.0500
  DP_i_fetch_i_IR_out_reg_24_/CK (DFF_X1)               0.0000     0.0500 r
  DP_i_fetch_i_IR_out_reg_24_/QN (DFF_X1)               0.0806     0.1306 r
  U3331/ZN (XNOR2_X1)                                   0.0617     0.1923 r
  U796/ZN (AND2_X2)                                     0.0499     0.2422 r
  U1329/ZN (AND4_X2)                                    0.0705     0.3128 r
  U3344/ZN (NOR2_X1)                                    0.0430     0.3558 f
  U3369/ZN (AND2_X1)                                    0.0583     0.4141 f
  U3370/ZN (INV_X1)                                     0.0391     0.4532 r
  U3667/ZN (INV_X1)                                     0.0405     0.4937 f
  U3637/ZN (AOI22_X1)                                   0.0637     0.5574 r
  U3645/ZN (NAND4_X1)                                   0.0434     0.6007 f
  U3646/ZN (NOR2_X1)                                    0.0438     0.6445 r
  U3660/ZN (AND2_X1)                                    0.0460     0.6905 r
  U4342/ZN (NAND2_X1)                                   0.0333     0.7237 f
  U4346/ZN (NAND2_X1)                                   0.0302     0.7540 r
  U4351/ZN (AND4_X1)                                    0.0666     0.8206 r
  U2399/ZN (NAND4_X1)                                   0.0460     0.8666 f
  U2398/ZN (NOR2_X1)                                    0.0433     0.9098 r
  U2891/ZN (AND4_X1)                                    0.0668     0.9766 r
  U2454/ZN (OR2_X1)                                     0.0361     1.0127 r
  U2549/ZN (NAND3_X1)                                   0.0397     1.0524 f
  U11931/ZN (AND2_X1)                                   0.0508     1.1032 f
  U6002/Z (MUX2_X1)                                     0.0747     1.1779 r
  U6003/ZN (XNOR2_X1)                                   0.0585     1.2364 r
  U6004/ZN (AND4_X1)                                    0.0654     1.3018 r
  U6006/ZN (AND4_X1)                                    0.0576     1.3594 r
  U6010/ZN (AND4_X1)                                    0.0619     1.4213 r
  U2623/ZN (AND3_X1)                                    0.0546     1.4760 r
  U813/ZN (AND3_X2)                                     0.0566     1.5325 r
  U1249/ZN (NAND4_X1)                                   0.0396     1.5721 f
  U1259/ZN (NAND2_X1)                                   0.0370     1.6091 r
  U2438/ZN (NAND2_X2)                                   0.0939     1.7030 f
  U11074/ZN (OR2_X1)                                    0.0952     1.7982 f
  U11075/ZN (INV_X1)                                    0.0264     1.8246 r
  DP_i_fetch_i_IR_out_reg_0_/D (DFF_X1)                 0.0110     1.8356 r
  data arrival time                                                1.8356

  clock CLK (rise edge)                                 1.6000     1.6000
  clock network delay (ideal)                           0.0500     1.6500
  clock uncertainty                                    -0.0500     1.6000
  DP_i_fetch_i_IR_out_reg_0_/CK (DFF_X1)                0.0000     1.6000 r
  library setup time                                   -0.0262     1.5738
  data required time                                               1.5738
  --------------------------------------------------------------------------
  data required time                                               1.5738
  data arrival time                                               -1.8356
  --------------------------------------------------------------------------
  slack (VIOLATED)                                                -0.2618


  Startpoint: DP_i_fetch_i_IR_out_reg_24_
              (rising edge-triggered flip-flop clocked by CLK)
  Endpoint: DP_i_fetch_i_IR_out_reg_29_
            (rising edge-triggered flip-flop clocked by CLK)
  Path Group: REG2REG
  Path Type: max

  Des/Clust/Port     Wire Load Model       Library
  ------------------------------------------------
  DLX                5K_hvratio_1_4        NangateOpenCellLibrary

  Point                                                   Incr       Path
  --------------------------------------------------------------------------
  clock CLK (rise edge)                                 0.0000     0.0000
  clock network delay (ideal)                           0.0500     0.0500
  DP_i_fetch_i_IR_out_reg_24_/CK (DFF_X1)               0.0000     0.0500 r
  DP_i_fetch_i_IR_out_reg_24_/QN (DFF_X1)               0.0806     0.1306 r
  U3331/ZN (XNOR2_X1)                                   0.0617     0.1923 r
  U796/ZN (AND2_X2)                                     0.0499     0.2422 r
  U1329/ZN (AND4_X2)                                    0.0705     0.3128 r
  U3344/ZN (NOR2_X1)                                    0.0430     0.3558 f
  U3369/ZN (AND2_X1)                                    0.0583     0.4141 f
  U3370/ZN (INV_X1)                                     0.0391     0.4532 r
  U3667/ZN (INV_X1)                                     0.0405     0.4937 f
  U3637/ZN (AOI22_X1)                                   0.0637     0.5574 r
  U3645/ZN (NAND4_X1)                                   0.0434     0.6007 f
  U3646/ZN (NOR2_X1)                                    0.0438     0.6445 r
  U3660/ZN (AND2_X1)                                    0.0460     0.6905 r
  U4342/ZN (NAND2_X1)                                   0.0333     0.7237 f
  U4346/ZN (NAND2_X1)                                   0.0302     0.7540 r
  U4351/ZN (AND4_X1)                                    0.0666     0.8206 r
  U2399/ZN (NAND4_X1)                                   0.0460     0.8666 f
  U2398/ZN (NOR2_X1)                                    0.0433     0.9098 r
  U2891/ZN (AND4_X1)                                    0.0668     0.9766 r
  U2454/ZN (OR2_X1)                                     0.0361     1.0127 r
  U2549/ZN (NAND3_X1)                                   0.0397     1.0524 f
  U11931/ZN (AND2_X1)                                   0.0508     1.1032 f
  U6002/Z (MUX2_X1)                                     0.0747     1.1779 r
  U6003/ZN (XNOR2_X1)                                   0.0585     1.2364 r
  U6004/ZN (AND4_X1)                                    0.0654     1.3018 r
  U6006/ZN (AND4_X1)                                    0.0576     1.3594 r
  U6010/ZN (AND4_X1)                                    0.0619     1.4213 r
  U2623/ZN (AND3_X1)                                    0.0546     1.4760 r
  U813/ZN (AND3_X2)                                     0.0566     1.5325 r
  U1249/ZN (NAND4_X1)                                   0.0396     1.5721 f
  U1259/ZN (NAND2_X1)                                   0.0370     1.6091 r
  U2438/ZN (NAND2_X2)                                   0.0939     1.7030 f
  U11071/ZN (OR2_X1)                                    0.0952     1.7982 f
  U11002/ZN (INV_X1)                                    0.0264     1.8246 r
  DP_i_fetch_i_IR_out_reg_29_/D (DFF_X1)                0.0110     1.8356 r
  data arrival time                                                1.8356

  clock CLK (rise edge)                                 1.6000     1.6000
  clock network delay (ideal)                           0.0500     1.6500
  clock uncertainty                                    -0.0500     1.6000
  DP_i_fetch_i_IR_out_reg_29_/CK (DFF_X1)               0.0000     1.6000 r
  library setup time                                   -0.0262     1.5738
  data required time                                               1.5738
  --------------------------------------------------------------------------
  data required time                                               1.5738
  data arrival time                                               -1.8356
  --------------------------------------------------------------------------
  slack (VIOLATED)                                                -0.2618


  Startpoint: DP_i_fetch_i_IR_out_reg_24_
              (rising edge-triggered flip-flop clocked by CLK)
  Endpoint: DP_i_fetch_i_IR_out_reg_27_
            (rising edge-triggered flip-flop clocked by CLK)
  Path Group: REG2REG
  Path Type: max

  Des/Clust/Port     Wire Load Model       Library
  ------------------------------------------------
  DLX                5K_hvratio_1_4        NangateOpenCellLibrary

  Point                                                   Incr       Path
  --------------------------------------------------------------------------
  clock CLK (rise edge)                                 0.0000     0.0000
  clock network delay (ideal)                           0.0500     0.0500
  DP_i_fetch_i_IR_out_reg_24_/CK (DFF_X1)               0.0000     0.0500 r
  DP_i_fetch_i_IR_out_reg_24_/QN (DFF_X1)               0.0806     0.1306 r
  U3331/ZN (XNOR2_X1)                                   0.0617     0.1923 r
  U796/ZN (AND2_X2)                                     0.0499     0.2422 r
  U1329/ZN (AND4_X2)                                    0.0705     0.3128 r
  U3344/ZN (NOR2_X1)                                    0.0430     0.3558 f
  U3369/ZN (AND2_X1)                                    0.0583     0.4141 f
  U3370/ZN (INV_X1)                                     0.0391     0.4532 r
  U3667/ZN (INV_X1)                                     0.0405     0.4937 f
  U3637/ZN (AOI22_X1)                                   0.0637     0.5574 r
  U3645/ZN (NAND4_X1)                                   0.0434     0.6007 f
  U3646/ZN (NOR2_X1)                                    0.0438     0.6445 r
  U3660/ZN (AND2_X1)                                    0.0460     0.6905 r
  U4342/ZN (NAND2_X1)                                   0.0333     0.7237 f
  U4346/ZN (NAND2_X1)                                   0.0302     0.7540 r
  U4351/ZN (AND4_X1)                                    0.0666     0.8206 r
  U2399/ZN (NAND4_X1)                                   0.0460     0.8666 f
  U2398/ZN (NOR2_X1)                                    0.0433     0.9098 r
  U2891/ZN (AND4_X1)                                    0.0668     0.9766 r
  U2454/ZN (OR2_X1)                                     0.0361     1.0127 r
  U2549/ZN (NAND3_X1)                                   0.0397     1.0524 f
  U11931/ZN (AND2_X1)                                   0.0508     1.1032 f
  U6002/Z (MUX2_X1)                                     0.0747     1.1779 r
  U6003/ZN (XNOR2_X1)                                   0.0585     1.2364 r
  U6004/ZN (AND4_X1)                                    0.0654     1.3018 r
  U6006/ZN (AND4_X1)                                    0.0576     1.3594 r
  U6010/ZN (AND4_X1)                                    0.0619     1.4213 r
  U2623/ZN (AND3_X1)                                    0.0546     1.4760 r
  U813/ZN (AND3_X2)                                     0.0566     1.5325 r
  U1249/ZN (NAND4_X1)                                   0.0396     1.5721 f
  U1259/ZN (NAND2_X1)                                   0.0370     1.6091 r
  U2438/ZN (NAND2_X2)                                   0.0939     1.7030 f
  U11073/ZN (OR2_X1)                                    0.0952     1.7982 f
  U11013/ZN (INV_X1)                                    0.0264     1.8246 r
  DP_i_fetch_i_IR_out_reg_27_/D (DFF_X1)                0.0110     1.8356 r
  data arrival time                                                1.8356

  clock CLK (rise edge)                                 1.6000     1.6000
  clock network delay (ideal)                           0.0500     1.6500
  clock uncertainty                                    -0.0500     1.6000
  DP_i_fetch_i_IR_out_reg_27_/CK (DFF_X1)               0.0000     1.6000 r
  library setup time                                   -0.0262     1.5738
  data required time                                               1.5738
  --------------------------------------------------------------------------
  data required time                                               1.5738
  data arrival time                                               -1.8356
  --------------------------------------------------------------------------
  slack (VIOLATED)                                                -0.2618


  Startpoint: DP_i_fetch_i_IR_out_reg_24_
              (rising edge-triggered flip-flop clocked by CLK)
  Endpoint: DP_i_fetch_i_IR_out_reg_22_
            (rising edge-triggered flip-flop clocked by CLK)
  Path Group: REG2REG
  Path Type: max

  Des/Clust/Port     Wire Load Model       Library
  ------------------------------------------------
  DLX                5K_hvratio_1_4        NangateOpenCellLibrary

  Point                                                   Incr       Path
  --------------------------------------------------------------------------
  clock CLK (rise edge)                                 0.0000     0.0000
  clock network delay (ideal)                           0.0500     0.0500
  DP_i_fetch_i_IR_out_reg_24_/CK (DFF_X1)               0.0000     0.0500 r
  DP_i_fetch_i_IR_out_reg_24_/QN (DFF_X1)               0.0806     0.1306 r
  U3331/ZN (XNOR2_X1)                                   0.0617     0.1923 r
  U796/ZN (AND2_X2)                                     0.0499     0.2422 r
  U1329/ZN (AND4_X2)                                    0.0705     0.3128 r
  U3344/ZN (NOR2_X1)                                    0.0430     0.3558 f
  U3369/ZN (AND2_X1)                                    0.0583     0.4141 f
  U3370/ZN (INV_X1)                                     0.0391     0.4532 r
  U3667/ZN (INV_X1)                                     0.0405     0.4937 f
  U3637/ZN (AOI22_X1)                                   0.0637     0.5574 r
  U3645/ZN (NAND4_X1)                                   0.0434     0.6007 f
  U3646/ZN (NOR2_X1)                                    0.0438     0.6445 r
  U3660/ZN (AND2_X1)                                    0.0460     0.6905 r
  U4342/ZN (NAND2_X1)                                   0.0333     0.7237 f
  U4346/ZN (NAND2_X1)                                   0.0302     0.7540 r
  U4351/ZN (AND4_X1)                                    0.0666     0.8206 r
  U2399/ZN (NAND4_X1)                                   0.0460     0.8666 f
  U2398/ZN (NOR2_X1)                                    0.0433     0.9098 r
  U2884/ZN (AND4_X1)                                    0.0642     0.9741 r
  U2520/ZN (NAND2_X1)                                   0.0330     1.0070 f
  U2549/ZN (NAND3_X1)                                   0.0414     1.0485 r
  U11931/ZN (AND2_X1)                                   0.0567     1.1052 r
  U6002/Z (MUX2_X1)                                     0.0851     1.1903 f
  U6003/ZN (XNOR2_X1)                                   0.0460     1.2363 r
  U6004/ZN (AND4_X1)                                    0.0654     1.3017 r
  U6006/ZN (AND4_X1)                                    0.0576     1.3592 r
  U6010/ZN (AND4_X1)                                    0.0619     1.4212 r
  U2623/ZN (AND3_X1)                                    0.0546     1.4758 r
  U813/ZN (AND3_X2)                                     0.0566     1.5324 r
  U1249/ZN (NAND4_X1)                                   0.0396     1.5720 f
  U1259/ZN (NAND2_X1)                                   0.0370     1.6089 r
  U2438/ZN (NAND2_X2)                                   0.0939     1.7028 f
  U11114/ZN (OR2_X1)                                    0.0952     1.7980 f
  U11018/ZN (INV_X1)                                    0.0264     1.8245 r
  DP_i_fetch_i_IR_out_reg_22_/D (DFF_X1)                0.0110     1.8354 r
  data arrival time                                                1.8354

  clock CLK (rise edge)                                 1.6000     1.6000
  clock network delay (ideal)                           0.0500     1.6500
  clock uncertainty                                    -0.0500     1.6000
  DP_i_fetch_i_IR_out_reg_22_/CK (DFF_X1)               0.0000     1.6000 r
  library setup time                                   -0.0262     1.5738
  data required time                                               1.5738
  --------------------------------------------------------------------------
  data required time                                               1.5738
  data arrival time                                               -1.8354
  --------------------------------------------------------------------------
  slack (VIOLATED)                                                -0.2616


  Startpoint: DP_i_fetch_i_IR_out_reg_24_
              (rising edge-triggered flip-flop clocked by CLK)
  Endpoint: DP_i_fetch_i_IR_out_reg_21_
            (rising edge-triggered flip-flop clocked by CLK)
  Path Group: REG2REG
  Path Type: max

  Des/Clust/Port     Wire Load Model       Library
  ------------------------------------------------
  DLX                5K_hvratio_1_4        NangateOpenCellLibrary

  Point                                                   Incr       Path
  --------------------------------------------------------------------------
  clock CLK (rise edge)                                 0.0000     0.0000
  clock network delay (ideal)                           0.0500     0.0500
  DP_i_fetch_i_IR_out_reg_24_/CK (DFF_X1)               0.0000     0.0500 r
  DP_i_fetch_i_IR_out_reg_24_/QN (DFF_X1)               0.0806     0.1306 r
  U3331/ZN (XNOR2_X1)                                   0.0617     0.1923 r
  U796/ZN (AND2_X2)                                     0.0499     0.2422 r
  U1329/ZN (AND4_X2)                                    0.0705     0.3128 r
  U3344/ZN (NOR2_X1)                                    0.0430     0.3558 f
  U3369/ZN (AND2_X1)                                    0.0583     0.4141 f
  U3370/ZN (INV_X1)                                     0.0391     0.4532 r
  U3667/ZN (INV_X1)                                     0.0405     0.4937 f
  U3637/ZN (AOI22_X1)                                   0.0637     0.5574 r
  U3645/ZN (NAND4_X1)                                   0.0434     0.6007 f
  U3646/ZN (NOR2_X1)                                    0.0438     0.6445 r
  U3660/ZN (AND2_X1)                                    0.0460     0.6905 r
  U4342/ZN (NAND2_X1)                                   0.0333     0.7237 f
  U4346/ZN (NAND2_X1)                                   0.0302     0.7540 r
  U4351/ZN (AND4_X1)                                    0.0666     0.8206 r
  U2399/ZN (NAND4_X1)                                   0.0460     0.8666 f
  U2398/ZN (NOR2_X1)                                    0.0433     0.9098 r
  U2884/ZN (AND4_X1)                                    0.0642     0.9741 r
  U2520/ZN (NAND2_X1)                                   0.0330     1.0070 f
  U2549/ZN (NAND3_X1)                                   0.0414     1.0485 r
  U11931/ZN (AND2_X1)                                   0.0567     1.1052 r
  U6002/Z (MUX2_X1)                                     0.0851     1.1903 f
  U6003/ZN (XNOR2_X1)                                   0.0460     1.2363 r
  U6004/ZN (AND4_X1)                                    0.0654     1.3017 r
  U6006/ZN (AND4_X1)                                    0.0576     1.3592 r
  U6010/ZN (AND4_X1)                                    0.0619     1.4212 r
  U2623/ZN (AND3_X1)                                    0.0546     1.4758 r
  U813/ZN (AND3_X2)                                     0.0566     1.5324 r
  U1249/ZN (NAND4_X1)                                   0.0396     1.5720 f
  U1259/ZN (NAND2_X1)                                   0.0370     1.6089 r
  U2438/ZN (NAND2_X2)                                   0.0939     1.7028 f
  U11102/ZN (OR2_X1)                                    0.0952     1.7980 f
  U11103/ZN (INV_X1)                                    0.0264     1.8245 r
  DP_i_fetch_i_IR_out_reg_21_/D (DFF_X1)                0.0110     1.8354 r
  data arrival time                                                1.8354

  clock CLK (rise edge)                                 1.6000     1.6000
  clock network delay (ideal)                           0.0500     1.6500
  clock uncertainty                                    -0.0500     1.6000
  DP_i_fetch_i_IR_out_reg_21_/CK (DFF_X1)               0.0000     1.6000 r
  library setup time                                   -0.0262     1.5738
  data required time                                               1.5738
  --------------------------------------------------------------------------
  data required time                                               1.5738
  data arrival time                                               -1.8354
  --------------------------------------------------------------------------
  slack (VIOLATED)                                                -0.2616


  Startpoint: DP_i_fetch_i_IR_out_reg_24_
              (rising edge-triggered flip-flop clocked by CLK)
  Endpoint: DP_i_fetch_i_IR_out_reg_0_
            (rising edge-triggered flip-flop clocked by CLK)
  Path Group: REG2REG
  Path Type: max

  Des/Clust/Port     Wire Load Model       Library
  ------------------------------------------------
  DLX                5K_hvratio_1_4        NangateOpenCellLibrary

  Point                                                   Incr       Path
  --------------------------------------------------------------------------
  clock CLK (rise edge)                                 0.0000     0.0000
  clock network delay (ideal)                           0.0500     0.0500
  DP_i_fetch_i_IR_out_reg_24_/CK (DFF_X1)               0.0000     0.0500 r
  DP_i_fetch_i_IR_out_reg_24_/QN (DFF_X1)               0.0806     0.1306 r
  U3331/ZN (XNOR2_X1)                                   0.0617     0.1923 r
  U796/ZN (AND2_X2)                                     0.0499     0.2422 r
  U1329/ZN (AND4_X2)                                    0.0705     0.3128 r
  U3344/ZN (NOR2_X1)                                    0.0430     0.3558 f
  U3369/ZN (AND2_X1)                                    0.0583     0.4141 f
  U3370/ZN (INV_X1)                                     0.0391     0.4532 r
  U3667/ZN (INV_X1)                                     0.0405     0.4937 f
  U3637/ZN (AOI22_X1)                                   0.0637     0.5574 r
  U3645/ZN (NAND4_X1)                                   0.0434     0.6007 f
  U3646/ZN (NOR2_X1)                                    0.0438     0.6445 r
  U3660/ZN (AND2_X1)                                    0.0460     0.6905 r
  U4342/ZN (NAND2_X1)                                   0.0333     0.7237 f
  U4346/ZN (NAND2_X1)                                   0.0302     0.7540 r
  U4351/ZN (AND4_X1)                                    0.0666     0.8206 r
  U2399/ZN (NAND4_X1)                                   0.0460     0.8666 f
  U2398/ZN (NOR2_X1)                                    0.0433     0.9098 r
  U2884/ZN (AND4_X1)                                    0.0642     0.9741 r
  U2520/ZN (NAND2_X1)                                   0.0330     1.0070 f
  U2549/ZN (NAND3_X1)                                   0.0414     1.0485 r
  U11931/ZN (AND2_X1)                                   0.0567     1.1052 r
  U6002/Z (MUX2_X1)                                     0.0851     1.1903 f
  U6003/ZN (XNOR2_X1)                                   0.0460     1.2363 r
  U6004/ZN (AND4_X1)                                    0.0654     1.3017 r
  U6006/ZN (AND4_X1)                                    0.0576     1.3592 r
  U6010/ZN (AND4_X1)                                    0.0619     1.4212 r
  U2623/ZN (AND3_X1)                                    0.0546     1.4758 r
  U813/ZN (AND3_X2)                                     0.0566     1.5324 r
  U1249/ZN (NAND4_X1)                                   0.0396     1.5720 f
  U1259/ZN (NAND2_X1)                                   0.0370     1.6089 r
  U2438/ZN (NAND2_X2)                                   0.0939     1.7028 f
  U11074/ZN (OR2_X1)                                    0.0952     1.7980 f
  U11075/ZN (INV_X1)                                    0.0264     1.8245 r
  DP_i_fetch_i_IR_out_reg_0_/D (DFF_X1)                 0.0110     1.8354 r
  data arrival time                                                1.8354

  clock CLK (rise edge)                                 1.6000     1.6000
  clock network delay (ideal)                           0.0500     1.6500
  clock uncertainty                                    -0.0500     1.6000
  DP_i_fetch_i_IR_out_reg_0_/CK (DFF_X1)                0.0000     1.6000 r
  library setup time                                   -0.0262     1.5738
  data required time                                               1.5738
  --------------------------------------------------------------------------
  data required time                                               1.5738
  data arrival time                                               -1.8354
  --------------------------------------------------------------------------
  slack (VIOLATED)                                                -0.2616


1
