 
****************************************
Report : timing
        -path full
        -delay max
        -nworst 2
        -group REG2REG
        -max_paths 10
Design : DLX
Version: W-2024.09-SP2
Date   : Mon Sep 28 11:51:23 2026
****************************************

Operating Conditions: typical   Library: NangateOpenCellLibrary
Wire Load Model Mode: top

  Startpoint: DP_i_mem_access_i_rd_out_reg_i_Y_reg_3_
              (rising edge-triggered flip-flop clocked by CLK)
  Endpoint: DP_i_fetch_i_pc_i_Y_reg_29_
            (rising edge-triggered flip-flop clocked by CLK)
  Path Group: REG2REG
  Path Type: max

  Des/Clust/Port     Wire Load Model       Library
  ------------------------------------------------
  DLX                5K_hvratio_1_4        NangateOpenCellLibrary

  Point                                                   Incr       Path
  --------------------------------------------------------------------------
  clock CLK (rise edge)                                 0.0000     0.0000
  clock network delay (ideal)                           0.0500     0.0500
  DP_i_mem_access_i_rd_out_reg_i_Y_reg_3_/CK (DFF_X1)   0.0000     0.0500 r
  DP_i_mem_access_i_rd_out_reg_i_Y_reg_3_/Q (DFF_X1)    0.1023     0.1523 r
  U1372/ZN (XNOR2_X1)                                   0.0627     0.2151 r
  U13703/ZN (AND2_X1)                                   0.0517     0.2667 r
  U3161/ZN (AND4_X2)                                    0.0673     0.3341 r
  U4180/ZN (NOR3_X1)                                    0.0333     0.3673 f
  U828/ZN (AND2_X1)                                     0.0493     0.4167 f
  U4189/ZN (INV_X1)                                     0.0365     0.4532 r
  U4804/ZN (INV_X1)                                     0.0366     0.4898 f
  U4899/ZN (NAND2_X1)                                   0.0372     0.5270 r
  U848/ZN (AND4_X2)                                     0.0692     0.5962 r
  U2827/ZN (AND4_X2)                                    0.0648     0.6610 r
  U4927/ZN (NAND4_X1)                                   0.0377     0.6986 f
  U5804/ZN (OAI211_X1)                                  0.0492     0.7478 r
  U5805/ZN (AND4_X1)                                    0.0677     0.8155 r
  U3143/ZN (AND2_X1)                                    0.0430     0.8585 r
  U3139/ZN (AND3_X1)                                    0.0542     0.9126 r
  U3287/ZN (NAND2_X1)                                   0.0278     0.9404 f
  U3240/ZN (NAND2_X1)                                   0.0317     0.9721 r
  U2817/ZN (AND2_X1)                                    0.0486     1.0207 r
  U961/ZN (OAI21_X1)                                    0.0316     1.0523 f
  U5972/ZN (INV_X1)                                     0.0390     1.0913 r
  U943/Z (BUF_X1)                                       0.0504     1.1417 r
  U6023/Z (MUX2_X1)                                     0.0852     1.2269 f
  U6075/ZN (XNOR2_X1)                                   0.0460     1.2728 r
  U3202/ZN (AND4_X1)                                    0.0703     1.3432 r
  U894/ZN (AND4_X1)                                     0.0621     1.4053 r
  U3204/ZN (NAND4_X1)                                   0.0386     1.4439 f
  U3486/ZN (OAI21_X1)                                   0.0518     1.4957 r
  U929/ZN (AND2_X2)                                     0.0581     1.5538 r
  U2701/ZN (NAND2_X4)                                   0.0886     1.6424 f
  U11801/ZN (OR2_X1)                                    0.0852     1.7276 f
  U11886/ZN (NAND4_X1)                                  0.0362     1.7638 r
  DP_i_fetch_i_pc_i_Y_reg_29_/D (DFF_X2)                0.0109     1.7746 r
  data arrival time                                                1.7746

  clock CLK (rise edge)                                 1.4000     1.4000
  clock network delay (ideal)                           0.0500     1.4500
  clock uncertainty                                    -0.0500     1.4000
  DP_i_fetch_i_pc_i_Y_reg_29_/CK (DFF_X2)               0.0000     1.4000 r
  library setup time                                   -0.0275     1.3725
  data required time                                               1.3725
  --------------------------------------------------------------------------
  data required time                                               1.3725
  data arrival time                                               -1.7746
  --------------------------------------------------------------------------
  slack (VIOLATED)                                                -0.4022


  Startpoint: DP_i_mem_access_i_rd_out_reg_i_Y_reg_3_
              (rising edge-triggered flip-flop clocked by CLK)
  Endpoint: DP_i_fetch_i_pc_i_Y_reg_29_
            (rising edge-triggered flip-flop clocked by CLK)
  Path Group: REG2REG
  Path Type: max

  Des/Clust/Port     Wire Load Model       Library
  ------------------------------------------------
  DLX                5K_hvratio_1_4        NangateOpenCellLibrary

  Point                                                   Incr       Path
  --------------------------------------------------------------------------
  clock CLK (rise edge)                                 0.0000     0.0000
  clock network delay (ideal)                           0.0500     0.0500
  DP_i_mem_access_i_rd_out_reg_i_Y_reg_3_/CK (DFF_X1)   0.0000     0.0500 r
  DP_i_mem_access_i_rd_out_reg_i_Y_reg_3_/Q (DFF_X1)    0.1023     0.1523 r
  U1372/ZN (XNOR2_X1)                                   0.0627     0.2151 r
  U13703/ZN (AND2_X1)                                   0.0517     0.2667 r
  U3161/ZN (AND4_X2)                                    0.0673     0.3341 r
  U4180/ZN (NOR3_X1)                                    0.0333     0.3673 f
  U828/ZN (AND2_X1)                                     0.0493     0.4167 f
  U4654/ZN (INV_X1)                                     0.0400     0.4567 r
  U5026/ZN (INV_X1)                                     0.0372     0.4939 f
  U4984/ZN (NAND2_X1)                                   0.0348     0.5287 r
  U839/ZN (AND4_X2)                                     0.0680     0.5967 r
  U3035/ZN (AND4_X1)                                    0.0686     0.6653 r
  U5012/ZN (NAND4_X1)                                   0.0386     0.7039 f
  U5855/ZN (OAI211_X1)                                  0.0432     0.7471 r
  U5897/ZN (AND4_X1)                                    0.0670     0.8141 r
  U3143/ZN (AND2_X1)                                    0.0442     0.8584 r
  U3139/ZN (AND3_X1)                                    0.0542     0.9125 r
  U3287/ZN (NAND2_X1)                                   0.0278     0.9403 f
  U3240/ZN (NAND2_X1)                                   0.0317     0.9720 r
  U2817/ZN (AND2_X1)                                    0.0486     1.0206 r
  U961/ZN (OAI21_X1)                                    0.0316     1.0522 f
  U5972/ZN (INV_X1)                                     0.0390     1.0912 r
  U943/Z (BUF_X1)                                       0.0504     1.1416 r
  U6023/Z (MUX2_X1)                                     0.0852     1.2268 f
  U6075/ZN (XNOR2_X1)                                   0.0460     1.2727 r
  U3202/ZN (AND4_X1)                                    0.0703     1.3431 r
  U894/ZN (AND4_X1)                                     0.0621     1.4052 r
  U3204/ZN (NAND4_X1)                                   0.0386     1.4438 f
  U3486/ZN (OAI21_X1)                                   0.0518     1.4956 r
  U929/ZN (AND2_X2)                                     0.0581     1.5537 r
  U2701/ZN (NAND2_X4)                                   0.0886     1.6423 f
  U11801/ZN (OR2_X1)                                    0.0852     1.7275 f
  U11886/ZN (NAND4_X1)                                  0.0362     1.7637 r
  DP_i_fetch_i_pc_i_Y_reg_29_/D (DFF_X2)                0.0109     1.7745 r
  data arrival time                                                1.7745

  clock CLK (rise edge)                                 1.4000     1.4000
  clock network delay (ideal)                           0.0500     1.4500
  clock uncertainty                                    -0.0500     1.4000
  DP_i_fetch_i_pc_i_Y_reg_29_/CK (DFF_X2)               0.0000     1.4000 r
  library setup time                                   -0.0275     1.3725
  data required time                                               1.3725
  --------------------------------------------------------------------------
  data required time                                               1.3725
  data arrival time                                               -1.7745
  --------------------------------------------------------------------------
  slack (VIOLATED)                                                -0.4021


  Startpoint: DP_i_mem_access_i_rd_out_reg_i_Y_reg_3_
              (rising edge-triggered flip-flop clocked by CLK)
  Endpoint: DP_i_fetch_i_pc_i_Y_reg_18_
            (rising edge-triggered flip-flop clocked by CLK)
  Path Group: REG2REG
  Path Type: max

  Des/Clust/Port     Wire Load Model       Library
  ------------------------------------------------
  DLX                5K_hvratio_1_4        NangateOpenCellLibrary

  Point                                                   Incr       Path
  --------------------------------------------------------------------------
  clock CLK (rise edge)                                 0.0000     0.0000
  clock network delay (ideal)                           0.0500     0.0500
  DP_i_mem_access_i_rd_out_reg_i_Y_reg_3_/CK (DFF_X1)   0.0000     0.0500 r
  DP_i_mem_access_i_rd_out_reg_i_Y_reg_3_/Q (DFF_X1)    0.1023     0.1523 r
  U1372/ZN (XNOR2_X1)                                   0.0627     0.2151 r
  U13703/ZN (AND2_X1)                                   0.0517     0.2667 r
  U3161/ZN (AND4_X2)                                    0.0673     0.3341 r
  U4180/ZN (NOR3_X1)                                    0.0333     0.3673 f
  U828/ZN (AND2_X1)                                     0.0493     0.4167 f
  U4189/ZN (INV_X1)                                     0.0365     0.4532 r
  U4804/ZN (INV_X1)                                     0.0366     0.4898 f
  U4899/ZN (NAND2_X1)                                   0.0372     0.5270 r
  U848/ZN (AND4_X2)                                     0.0692     0.5962 r
  U2827/ZN (AND4_X2)                                    0.0648     0.6610 r
  U4927/ZN (NAND4_X1)                                   0.0377     0.6986 f
  U5804/ZN (OAI211_X1)                                  0.0492     0.7478 r
  U5805/ZN (AND4_X1)                                    0.0677     0.8155 r
  U3143/ZN (AND2_X1)                                    0.0430     0.8585 r
  U3139/ZN (AND3_X1)                                    0.0542     0.9126 r
  U3287/ZN (NAND2_X1)                                   0.0278     0.9404 f
  U3240/ZN (NAND2_X1)                                   0.0317     0.9721 r
  U2817/ZN (AND2_X1)                                    0.0486     1.0207 r
  U961/ZN (OAI21_X1)                                    0.0316     1.0523 f
  U5972/ZN (INV_X1)                                     0.0390     1.0913 r
  U943/Z (BUF_X1)                                       0.0504     1.1417 r
  U6023/Z (MUX2_X1)                                     0.0852     1.2269 f
  U6075/ZN (XNOR2_X1)                                   0.0460     1.2728 r
  U3202/ZN (AND4_X1)                                    0.0703     1.3432 r
  U894/ZN (AND4_X1)                                     0.0621     1.4053 r
  U3204/ZN (NAND4_X1)                                   0.0386     1.4439 f
  U3486/ZN (OAI21_X1)                                   0.0518     1.4957 r
  U929/ZN (AND2_X2)                                     0.0581     1.5538 r
  U2701/ZN (NAND2_X4)                                   0.0886     1.6424 f
  U13036/ZN (OR2_X1)                                    0.0853     1.7277 f
  U11897/ZN (NAND4_X1)                                  0.0352     1.7629 r
  DP_i_fetch_i_pc_i_Y_reg_18_/D (DFF_X2)                0.0109     1.7738 r
  data arrival time                                                1.7738

  clock CLK (rise edge)                                 1.4000     1.4000
  clock network delay (ideal)                           0.0500     1.4500
  clock uncertainty                                    -0.0500     1.4000
  DP_i_fetch_i_pc_i_Y_reg_18_/CK (DFF_X2)               0.0000     1.4000 r
  library setup time                                   -0.0275     1.3725
  data required time                                               1.3725
  --------------------------------------------------------------------------
  data required time                                               1.3725
  data arrival time                                               -1.7738
  --------------------------------------------------------------------------
  slack (VIOLATED)                                                -0.4014


  Startpoint: DP_i_mem_access_i_rd_out_reg_i_Y_reg_3_
              (rising edge-triggered flip-flop clocked by CLK)
  Endpoint: DP_i_fetch_i_pc_i_Y_reg_20_
            (rising edge-triggered flip-flop clocked by CLK)
  Path Group: REG2REG
  Path Type: max

  Des/Clust/Port     Wire Load Model       Library
  ------------------------------------------------
  DLX                5K_hvratio_1_4        NangateOpenCellLibrary

  Point                                                   Incr       Path
  --------------------------------------------------------------------------
  clock CLK (rise edge)                                 0.0000     0.0000
  clock network delay (ideal)                           0.0500     0.0500
  DP_i_mem_access_i_rd_out_reg_i_Y_reg_3_/CK (DFF_X1)   0.0000     0.0500 r
  DP_i_mem_access_i_rd_out_reg_i_Y_reg_3_/Q (DFF_X1)    0.1023     0.1523 r
  U1372/ZN (XNOR2_X1)                                   0.0627     0.2151 r
  U13703/ZN (AND2_X1)                                   0.0517     0.2667 r
  U3161/ZN (AND4_X2)                                    0.0673     0.3341 r
  U4180/ZN (NOR3_X1)                                    0.0333     0.3673 f
  U828/ZN (AND2_X1)                                     0.0493     0.4167 f
  U4189/ZN (INV_X1)                                     0.0365     0.4532 r
  U4804/ZN (INV_X1)                                     0.0366     0.4898 f
  U4899/ZN (NAND2_X1)                                   0.0372     0.5270 r
  U848/ZN (AND4_X2)                                     0.0692     0.5962 r
  U2827/ZN (AND4_X2)                                    0.0648     0.6610 r
  U4927/ZN (NAND4_X1)                                   0.0377     0.6986 f
  U5804/ZN (OAI211_X1)                                  0.0492     0.7478 r
  U5805/ZN (AND4_X1)                                    0.0677     0.8155 r
  U3143/ZN (AND2_X1)                                    0.0430     0.8585 r
  U3139/ZN (AND3_X1)                                    0.0542     0.9126 r
  U3287/ZN (NAND2_X1)                                   0.0278     0.9404 f
  U3240/ZN (NAND2_X1)                                   0.0317     0.9721 r
  U2817/ZN (AND2_X1)                                    0.0486     1.0207 r
  U961/ZN (OAI21_X1)                                    0.0316     1.0523 f
  U5972/ZN (INV_X1)                                     0.0390     1.0913 r
  U943/Z (BUF_X1)                                       0.0504     1.1417 r
  U6023/Z (MUX2_X1)                                     0.0852     1.2269 f
  U6075/ZN (XNOR2_X1)                                   0.0460     1.2728 r
  U3202/ZN (AND4_X1)                                    0.0703     1.3432 r
  U894/ZN (AND4_X1)                                     0.0621     1.4053 r
  U3204/ZN (NAND4_X1)                                   0.0386     1.4439 f
  U3486/ZN (OAI21_X1)                                   0.0518     1.4957 r
  U929/ZN (AND2_X2)                                     0.0581     1.5538 r
  U2701/ZN (NAND2_X4)                                   0.0886     1.6424 f
  U13025/ZN (OR2_X1)                                    0.0853     1.7277 f
  U11895/ZN (NAND4_X1)                                  0.0352     1.7629 r
  DP_i_fetch_i_pc_i_Y_reg_20_/D (DFF_X2)                0.0109     1.7738 r
  data arrival time                                                1.7738

  clock CLK (rise edge)                                 1.4000     1.4000
  clock network delay (ideal)                           0.0500     1.4500
  clock uncertainty                                    -0.0500     1.4000
  DP_i_fetch_i_pc_i_Y_reg_20_/CK (DFF_X2)               0.0000     1.4000 r
  library setup time                                   -0.0275     1.3725
  data required time                                               1.3725
  --------------------------------------------------------------------------
  data required time                                               1.3725
  data arrival time                                               -1.7738
  --------------------------------------------------------------------------
  slack (VIOLATED)                                                -0.4014


  Startpoint: DP_i_mem_access_i_rd_out_reg_i_Y_reg_3_
              (rising edge-triggered flip-flop clocked by CLK)
  Endpoint: DP_i_fetch_i_pc_i_Y_reg_21_
            (rising edge-triggered flip-flop clocked by CLK)
  Path Group: REG2REG
  Path Type: max

  Des/Clust/Port     Wire Load Model       Library
  ------------------------------------------------
  DLX                5K_hvratio_1_4        NangateOpenCellLibrary

  Point                                                   Incr       Path
  --------------------------------------------------------------------------
  clock CLK (rise edge)                                 0.0000     0.0000
  clock network delay (ideal)                           0.0500     0.0500
  DP_i_mem_access_i_rd_out_reg_i_Y_reg_3_/CK (DFF_X1)   0.0000     0.0500 r
  DP_i_mem_access_i_rd_out_reg_i_Y_reg_3_/Q (DFF_X1)    0.1023     0.1523 r
  U1372/ZN (XNOR2_X1)                                   0.0627     0.2151 r
  U13703/ZN (AND2_X1)                                   0.0517     0.2667 r
  U3161/ZN (AND4_X2)                                    0.0673     0.3341 r
  U4180/ZN (NOR3_X1)                                    0.0333     0.3673 f
  U828/ZN (AND2_X1)                                     0.0493     0.4167 f
  U4189/ZN (INV_X1)                                     0.0365     0.4532 r
  U4804/ZN (INV_X1)                                     0.0366     0.4898 f
  U4899/ZN (NAND2_X1)                                   0.0372     0.5270 r
  U848/ZN (AND4_X2)                                     0.0692     0.5962 r
  U2827/ZN (AND4_X2)                                    0.0648     0.6610 r
  U4927/ZN (NAND4_X1)                                   0.0377     0.6986 f
  U5804/ZN (OAI211_X1)                                  0.0492     0.7478 r
  U5805/ZN (AND4_X1)                                    0.0677     0.8155 r
  U3143/ZN (AND2_X1)                                    0.0430     0.8585 r
  U3139/ZN (AND3_X1)                                    0.0542     0.9126 r
  U3287/ZN (NAND2_X1)                                   0.0278     0.9404 f
  U3240/ZN (NAND2_X1)                                   0.0317     0.9721 r
  U2817/ZN (AND2_X1)                                    0.0486     1.0207 r
  U961/ZN (OAI21_X1)                                    0.0316     1.0523 f
  U5972/ZN (INV_X1)                                     0.0390     1.0913 r
  U943/Z (BUF_X1)                                       0.0504     1.1417 r
  U6023/Z (MUX2_X1)                                     0.0852     1.2269 f
  U6075/ZN (XNOR2_X1)                                   0.0460     1.2728 r
  U3202/ZN (AND4_X1)                                    0.0703     1.3432 r
  U894/ZN (AND4_X1)                                     0.0621     1.4053 r
  U3204/ZN (NAND4_X1)                                   0.0386     1.4439 f
  U3486/ZN (OAI21_X1)                                   0.0518     1.4957 r
  U929/ZN (AND2_X2)                                     0.0581     1.5538 r
  U2701/ZN (NAND2_X4)                                   0.0886     1.6424 f
  U13019/ZN (OR2_X1)                                    0.0853     1.7277 f
  U11894/ZN (NAND4_X1)                                  0.0352     1.7629 r
  DP_i_fetch_i_pc_i_Y_reg_21_/D (DFF_X2)                0.0109     1.7738 r
  data arrival time                                                1.7738

  clock CLK (rise edge)                                 1.4000     1.4000
  clock network delay (ideal)                           0.0500     1.4500
  clock uncertainty                                    -0.0500     1.4000
  DP_i_fetch_i_pc_i_Y_reg_21_/CK (DFF_X2)               0.0000     1.4000 r
  library setup time                                   -0.0275     1.3725
  data required time                                               1.3725
  --------------------------------------------------------------------------
  data required time                                               1.3725
  data arrival time                                               -1.7738
  --------------------------------------------------------------------------
  slack (VIOLATED)                                                -0.4014


  Startpoint: DP_i_mem_access_i_rd_out_reg_i_Y_reg_3_
              (rising edge-triggered flip-flop clocked by CLK)
  Endpoint: DP_i_fetch_i_pc_i_Y_reg_8_
            (rising edge-triggered flip-flop clocked by CLK)
  Path Group: REG2REG
  Path Type: max

  Des/Clust/Port     Wire Load Model       Library
  ------------------------------------------------
  DLX                5K_hvratio_1_4        NangateOpenCellLibrary

  Point                                                   Incr       Path
  --------------------------------------------------------------------------
  clock CLK (rise edge)                                 0.0000     0.0000
  clock network delay (ideal)                           0.0500     0.0500
  DP_i_mem_access_i_rd_out_reg_i_Y_reg_3_/CK (DFF_X1)   0.0000     0.0500 r
  DP_i_mem_access_i_rd_out_reg_i_Y_reg_3_/Q (DFF_X1)    0.1023     0.1523 r
  U1372/ZN (XNOR2_X1)                                   0.0627     0.2151 r
  U13703/ZN (AND2_X1)                                   0.0517     0.2667 r
  U3161/ZN (AND4_X2)                                    0.0673     0.3341 r
  U4180/ZN (NOR3_X1)                                    0.0333     0.3673 f
  U828/ZN (AND2_X1)                                     0.0493     0.4167 f
  U4189/ZN (INV_X1)                                     0.0365     0.4532 r
  U4804/ZN (INV_X1)                                     0.0366     0.4898 f
  U4899/ZN (NAND2_X1)                                   0.0372     0.5270 r
  U848/ZN (AND4_X2)                                     0.0692     0.5962 r
  U2827/ZN (AND4_X2)                                    0.0648     0.6610 r
  U4927/ZN (NAND4_X1)                                   0.0377     0.6986 f
  U5804/ZN (OAI211_X1)                                  0.0492     0.7478 r
  U5805/ZN (AND4_X1)                                    0.0677     0.8155 r
  U3143/ZN (AND2_X1)                                    0.0430     0.8585 r
  U3139/ZN (AND3_X1)                                    0.0542     0.9126 r
  U3287/ZN (NAND2_X1)                                   0.0278     0.9404 f
  U3240/ZN (NAND2_X1)                                   0.0317     0.9721 r
  U2817/ZN (AND2_X1)                                    0.0486     1.0207 r
  U961/ZN (OAI21_X1)                                    0.0316     1.0523 f
  U5972/ZN (INV_X1)                                     0.0390     1.0913 r
  U943/Z (BUF_X1)                                       0.0504     1.1417 r
  U6023/Z (MUX2_X1)                                     0.0852     1.2269 f
  U6075/ZN (XNOR2_X1)                                   0.0460     1.2728 r
  U3202/ZN (AND4_X1)                                    0.0703     1.3432 r
  U894/ZN (AND4_X1)                                     0.0621     1.4053 r
  U3204/ZN (NAND4_X1)                                   0.0386     1.4439 f
  U3486/ZN (OAI21_X1)                                   0.0518     1.4957 r
  U929/ZN (AND2_X2)                                     0.0581     1.5538 r
  U2701/ZN (NAND2_X4)                                   0.0886     1.6424 f
  U13084/ZN (OR2_X1)                                    0.0853     1.7277 f
  U11907/ZN (NAND4_X1)                                  0.0352     1.7629 r
  DP_i_fetch_i_pc_i_Y_reg_8_/D (DFF_X2)                 0.0109     1.7738 r
  data arrival time                                                1.7738

  clock CLK (rise edge)                                 1.4000     1.4000
  clock network delay (ideal)                           0.0500     1.4500
  clock uncertainty                                    -0.0500     1.4000
  DP_i_fetch_i_pc_i_Y_reg_8_/CK (DFF_X2)                0.0000     1.4000 r
  library setup time                                   -0.0275     1.3725
  data required time                                               1.3725
  --------------------------------------------------------------------------
  data required time                                               1.3725
  data arrival time                                               -1.7738
  --------------------------------------------------------------------------
  slack (VIOLATED)                                                -0.4014


  Startpoint: DP_i_mem_access_i_rd_out_reg_i_Y_reg_3_
              (rising edge-triggered flip-flop clocked by CLK)
  Endpoint: DP_i_fetch_i_pc_i_Y_reg_22_
            (rising edge-triggered flip-flop clocked by CLK)
  Path Group: REG2REG
  Path Type: max

  Des/Clust/Port     Wire Load Model       Library
  ------------------------------------------------
  DLX                5K_hvratio_1_4        NangateOpenCellLibrary

  Point                                                   Incr       Path
  --------------------------------------------------------------------------
  clock CLK (rise edge)                                 0.0000     0.0000
  clock network delay (ideal)                           0.0500     0.0500
  DP_i_mem_access_i_rd_out_reg_i_Y_reg_3_/CK (DFF_X1)   0.0000     0.0500 r
  DP_i_mem_access_i_rd_out_reg_i_Y_reg_3_/Q (DFF_X1)    0.1023     0.1523 r
  U1372/ZN (XNOR2_X1)                                   0.0627     0.2151 r
  U13703/ZN (AND2_X1)                                   0.0517     0.2667 r
  U3161/ZN (AND4_X2)                                    0.0673     0.3341 r
  U4180/ZN (NOR3_X1)                                    0.0333     0.3673 f
  U828/ZN (AND2_X1)                                     0.0493     0.4167 f
  U4189/ZN (INV_X1)                                     0.0365     0.4532 r
  U4804/ZN (INV_X1)                                     0.0366     0.4898 f
  U4899/ZN (NAND2_X1)                                   0.0372     0.5270 r
  U848/ZN (AND4_X2)                                     0.0692     0.5962 r
  U2827/ZN (AND4_X2)                                    0.0648     0.6610 r
  U4927/ZN (NAND4_X1)                                   0.0377     0.6986 f
  U5804/ZN (OAI211_X1)                                  0.0492     0.7478 r
  U5805/ZN (AND4_X1)                                    0.0677     0.8155 r
  U3143/ZN (AND2_X1)                                    0.0430     0.8585 r
  U3139/ZN (AND3_X1)                                    0.0542     0.9126 r
  U3287/ZN (NAND2_X1)                                   0.0278     0.9404 f
  U3240/ZN (NAND2_X1)                                   0.0317     0.9721 r
  U2817/ZN (AND2_X1)                                    0.0486     1.0207 r
  U961/ZN (OAI21_X1)                                    0.0316     1.0523 f
  U5972/ZN (INV_X1)                                     0.0390     1.0913 r
  U943/Z (BUF_X1)                                       0.0504     1.1417 r
  U6023/Z (MUX2_X1)                                     0.0852     1.2269 f
  U6075/ZN (XNOR2_X1)                                   0.0460     1.2728 r
  U3202/ZN (AND4_X1)                                    0.0703     1.3432 r
  U894/ZN (AND4_X1)                                     0.0621     1.4053 r
  U3204/ZN (NAND4_X1)                                   0.0386     1.4439 f
  U3486/ZN (OAI21_X1)                                   0.0518     1.4957 r
  U929/ZN (AND2_X2)                                     0.0581     1.5538 r
  U2701/ZN (NAND2_X4)                                   0.0886     1.6424 f
  U13014/ZN (OR2_X1)                                    0.0853     1.7277 f
  U11893/ZN (NAND4_X1)                                  0.0352     1.7629 r
  DP_i_fetch_i_pc_i_Y_reg_22_/D (DFF_X2)                0.0109     1.7738 r
  data arrival time                                                1.7738

  clock CLK (rise edge)                                 1.4000     1.4000
  clock network delay (ideal)                           0.0500     1.4500
  clock uncertainty                                    -0.0500     1.4000
  DP_i_fetch_i_pc_i_Y_reg_22_/CK (DFF_X2)               0.0000     1.4000 r
  library setup time                                   -0.0275     1.3725
  data required time                                               1.3725
  --------------------------------------------------------------------------
  data required time                                               1.3725
  data arrival time                                               -1.7738
  --------------------------------------------------------------------------
  slack (VIOLATED)                                                -0.4014


  Startpoint: DP_i_mem_access_i_rd_out_reg_i_Y_reg_3_
              (rising edge-triggered flip-flop clocked by CLK)
  Endpoint: DP_i_fetch_i_pc_i_Y_reg_17_
            (rising edge-triggered flip-flop clocked by CLK)
  Path Group: REG2REG
  Path Type: max

  Des/Clust/Port     Wire Load Model       Library
  ------------------------------------------------
  DLX                5K_hvratio_1_4        NangateOpenCellLibrary

  Point                                                   Incr       Path
  --------------------------------------------------------------------------
  clock CLK (rise edge)                                 0.0000     0.0000
  clock network delay (ideal)                           0.0500     0.0500
  DP_i_mem_access_i_rd_out_reg_i_Y_reg_3_/CK (DFF_X1)   0.0000     0.0500 r
  DP_i_mem_access_i_rd_out_reg_i_Y_reg_3_/Q (DFF_X1)    0.1023     0.1523 r
  U1372/ZN (XNOR2_X1)                                   0.0627     0.2151 r
  U13703/ZN (AND2_X1)                                   0.0517     0.2667 r
  U3161/ZN (AND4_X2)                                    0.0673     0.3341 r
  U4180/ZN (NOR3_X1)                                    0.0333     0.3673 f
  U828/ZN (AND2_X1)                                     0.0493     0.4167 f
  U4189/ZN (INV_X1)                                     0.0365     0.4532 r
  U4804/ZN (INV_X1)                                     0.0366     0.4898 f
  U4899/ZN (NAND2_X1)                                   0.0372     0.5270 r
  U848/ZN (AND4_X2)                                     0.0692     0.5962 r
  U2827/ZN (AND4_X2)                                    0.0648     0.6610 r
  U4927/ZN (NAND4_X1)                                   0.0377     0.6986 f
  U5804/ZN (OAI211_X1)                                  0.0492     0.7478 r
  U5805/ZN (AND4_X1)                                    0.0677     0.8155 r
  U3143/ZN (AND2_X1)                                    0.0430     0.8585 r
  U3139/ZN (AND3_X1)                                    0.0542     0.9126 r
  U3287/ZN (NAND2_X1)                                   0.0278     0.9404 f
  U3240/ZN (NAND2_X1)                                   0.0317     0.9721 r
  U2817/ZN (AND2_X1)                                    0.0486     1.0207 r
  U961/ZN (OAI21_X1)                                    0.0316     1.0523 f
  U5972/ZN (INV_X1)                                     0.0390     1.0913 r
  U943/Z (BUF_X1)                                       0.0504     1.1417 r
  U6023/Z (MUX2_X1)                                     0.0852     1.2269 f
  U6075/ZN (XNOR2_X1)                                   0.0460     1.2728 r
  U3202/ZN (AND4_X1)                                    0.0703     1.3432 r
  U894/ZN (AND4_X1)                                     0.0621     1.4053 r
  U3204/ZN (NAND4_X1)                                   0.0386     1.4439 f
  U3486/ZN (OAI21_X1)                                   0.0518     1.4957 r
  U929/ZN (AND2_X2)                                     0.0581     1.5538 r
  U2701/ZN (NAND2_X4)                                   0.0886     1.6424 f
  U13041/ZN (OR2_X1)                                    0.0853     1.7277 f
  U11898/ZN (NAND4_X1)                                  0.0352     1.7629 r
  DP_i_fetch_i_pc_i_Y_reg_17_/D (DFF_X2)                0.0109     1.7738 r
  data arrival time                                                1.7738

  clock CLK (rise edge)                                 1.4000     1.4000
  clock network delay (ideal)                           0.0500     1.4500
  clock uncertainty                                    -0.0500     1.4000
  DP_i_fetch_i_pc_i_Y_reg_17_/CK (DFF_X2)               0.0000     1.4000 r
  library setup time                                   -0.0275     1.3725
  data required time                                               1.3725
  --------------------------------------------------------------------------
  data required time                                               1.3725
  data arrival time                                               -1.7738
  --------------------------------------------------------------------------
  slack (VIOLATED)                                                -0.4014


  Startpoint: DP_i_mem_access_i_rd_out_reg_i_Y_reg_3_
              (rising edge-triggered flip-flop clocked by CLK)
  Endpoint: DP_i_fetch_i_pc_i_Y_reg_16_
            (rising edge-triggered flip-flop clocked by CLK)
  Path Group: REG2REG
  Path Type: max

  Des/Clust/Port     Wire Load Model       Library
  ------------------------------------------------
  DLX                5K_hvratio_1_4        NangateOpenCellLibrary

  Point                                                   Incr       Path
  --------------------------------------------------------------------------
  clock CLK (rise edge)                                 0.0000     0.0000
  clock network delay (ideal)                           0.0500     0.0500
  DP_i_mem_access_i_rd_out_reg_i_Y_reg_3_/CK (DFF_X1)   0.0000     0.0500 r
  DP_i_mem_access_i_rd_out_reg_i_Y_reg_3_/Q (DFF_X1)    0.1023     0.1523 r
  U1372/ZN (XNOR2_X1)                                   0.0627     0.2151 r
  U13703/ZN (AND2_X1)                                   0.0517     0.2667 r
  U3161/ZN (AND4_X2)                                    0.0673     0.3341 r
  U4180/ZN (NOR3_X1)                                    0.0333     0.3673 f
  U828/ZN (AND2_X1)                                     0.0493     0.4167 f
  U4189/ZN (INV_X1)                                     0.0365     0.4532 r
  U4804/ZN (INV_X1)                                     0.0366     0.4898 f
  U4899/ZN (NAND2_X1)                                   0.0372     0.5270 r
  U848/ZN (AND4_X2)                                     0.0692     0.5962 r
  U2827/ZN (AND4_X2)                                    0.0648     0.6610 r
  U4927/ZN (NAND4_X1)                                   0.0377     0.6986 f
  U5804/ZN (OAI211_X1)                                  0.0492     0.7478 r
  U5805/ZN (AND4_X1)                                    0.0677     0.8155 r
  U3143/ZN (AND2_X1)                                    0.0430     0.8585 r
  U3139/ZN (AND3_X1)                                    0.0542     0.9126 r
  U3287/ZN (NAND2_X1)                                   0.0278     0.9404 f
  U3240/ZN (NAND2_X1)                                   0.0317     0.9721 r
  U2817/ZN (AND2_X1)                                    0.0486     1.0207 r
  U961/ZN (OAI21_X1)                                    0.0316     1.0523 f
  U5972/ZN (INV_X1)                                     0.0390     1.0913 r
  U943/Z (BUF_X1)                                       0.0504     1.1417 r
  U6023/Z (MUX2_X1)                                     0.0852     1.2269 f
  U6075/ZN (XNOR2_X1)                                   0.0460     1.2728 r
  U3202/ZN (AND4_X1)                                    0.0703     1.3432 r
  U894/ZN (AND4_X1)                                     0.0621     1.4053 r
  U3204/ZN (NAND4_X1)                                   0.0386     1.4439 f
  U3486/ZN (OAI21_X1)                                   0.0518     1.4957 r
  U929/ZN (AND2_X2)                                     0.0581     1.5538 r
  U2701/ZN (NAND2_X4)                                   0.0886     1.6424 f
  U13046/ZN (OR2_X1)                                    0.0853     1.7277 f
  U11899/ZN (NAND4_X1)                                  0.0352     1.7629 r
  DP_i_fetch_i_pc_i_Y_reg_16_/D (DFF_X2)                0.0109     1.7738 r
  data arrival time                                                1.7738

  clock CLK (rise edge)                                 1.4000     1.4000
  clock network delay (ideal)                           0.0500     1.4500
  clock uncertainty                                    -0.0500     1.4000
  DP_i_fetch_i_pc_i_Y_reg_16_/CK (DFF_X2)               0.0000     1.4000 r
  library setup time                                   -0.0275     1.3725
  data required time                                               1.3725
  --------------------------------------------------------------------------
  data required time                                               1.3725
  data arrival time                                               -1.7738
  --------------------------------------------------------------------------
  slack (VIOLATED)                                                -0.4014


  Startpoint: DP_i_mem_access_i_rd_out_reg_i_Y_reg_3_
              (rising edge-triggered flip-flop clocked by CLK)
  Endpoint: DP_i_fetch_i_pc_i_Y_reg_8_
            (rising edge-triggered flip-flop clocked by CLK)
  Path Group: REG2REG
  Path Type: max

  Des/Clust/Port     Wire Load Model       Library
  ------------------------------------------------
  DLX                5K_hvratio_1_4        NangateOpenCellLibrary

  Point                                                   Incr       Path
  --------------------------------------------------------------------------
  clock CLK (rise edge)                                 0.0000     0.0000
  clock network delay (ideal)                           0.0500     0.0500
  DP_i_mem_access_i_rd_out_reg_i_Y_reg_3_/CK (DFF_X1)   0.0000     0.0500 r
  DP_i_mem_access_i_rd_out_reg_i_Y_reg_3_/Q (DFF_X1)    0.1023     0.1523 r
  U1372/ZN (XNOR2_X1)                                   0.0627     0.2151 r
  U13703/ZN (AND2_X1)                                   0.0517     0.2667 r
  U3161/ZN (AND4_X2)                                    0.0673     0.3341 r
  U4180/ZN (NOR3_X1)                                    0.0333     0.3673 f
  U828/ZN (AND2_X1)                                     0.0493     0.4167 f
  U4654/ZN (INV_X1)                                     0.0400     0.4567 r
  U5026/ZN (INV_X1)                                     0.0372     0.4939 f
  U4984/ZN (NAND2_X1)                                   0.0348     0.5287 r
  U839/ZN (AND4_X2)                                     0.0680     0.5967 r
  U3035/ZN (AND4_X1)                                    0.0686     0.6653 r
  U5012/ZN (NAND4_X1)                                   0.0386     0.7039 f
  U5855/ZN (OAI211_X1)                                  0.0432     0.7471 r
  U5897/ZN (AND4_X1)                                    0.0670     0.8141 r
  U3143/ZN (AND2_X1)                                    0.0442     0.8584 r
  U3139/ZN (AND3_X1)                                    0.0542     0.9125 r
  U3287/ZN (NAND2_X1)                                   0.0278     0.9403 f
  U3240/ZN (NAND2_X1)                                   0.0317     0.9720 r
  U2817/ZN (AND2_X1)                                    0.0486     1.0206 r
  U961/ZN (OAI21_X1)                                    0.0316     1.0522 f
  U5972/ZN (INV_X1)                                     0.0390     1.0912 r
  U943/Z (BUF_X1)                                       0.0504     1.1416 r
  U6023/Z (MUX2_X1)                                     0.0852     1.2268 f
  U6075/ZN (XNOR2_X1)                                   0.0460     1.2727 r
  U3202/ZN (AND4_X1)                                    0.0703     1.3431 r
  U894/ZN (AND4_X1)                                     0.0621     1.4052 r
  U3204/ZN (NAND4_X1)                                   0.0386     1.4438 f
  U3486/ZN (OAI21_X1)                                   0.0518     1.4956 r
  U929/ZN (AND2_X2)                                     0.0581     1.5537 r
  U2701/ZN (NAND2_X4)                                   0.0886     1.6423 f
  U13084/ZN (OR2_X1)                                    0.0853     1.7276 f
  U11907/ZN (NAND4_X1)                                  0.0352     1.7628 r
  DP_i_fetch_i_pc_i_Y_reg_8_/D (DFF_X2)                 0.0109     1.7737 r
  data arrival time                                                1.7737

  clock CLK (rise edge)                                 1.4000     1.4000
  clock network delay (ideal)                           0.0500     1.4500
  clock uncertainty                                    -0.0500     1.4000
  DP_i_fetch_i_pc_i_Y_reg_8_/CK (DFF_X2)                0.0000     1.4000 r
  library setup time                                   -0.0275     1.3725
  data required time                                               1.3725
  --------------------------------------------------------------------------
  data required time                                               1.3725
  data arrival time                                               -1.7737
  --------------------------------------------------------------------------
  slack (VIOLATED)                                                -0.4013


1
