 
****************************************
Report : timing
        -path full
        -delay max
        -nworst 2
        -group REG2REG
        -max_paths 10
Design : DLX
Version: W-2024.09-SP2
Date   : Mon Sep 28 12:12:57 2026
****************************************

Operating Conditions: typical   Library: NangateOpenCellLibrary
Wire Load Model Mode: top

  Startpoint: DP_i_execute_i_alu_out_reg_i_Y_reg_1_
              (rising edge-triggered flip-flop clocked by CLK)
  Endpoint: DP_i_fetch_i_pc_i_Y_reg_28_
            (rising edge-triggered flip-flop clocked by CLK)
  Path Group: REG2REG
  Path Type: max

  Des/Clust/Port     Wire Load Model       Library
  ------------------------------------------------
  DLX                5K_hvratio_1_4        NangateOpenCellLibrary

  Point                                                   Incr       Path
  --------------------------------------------------------------------------
  clock CLK (rise edge)                                 0.0000     0.0000
  clock network delay (ideal)                           0.0500     0.0500
  DP_i_execute_i_alu_out_reg_i_Y_reg_1_/CK (DFF_X1)     0.0000     0.0500 r
  DP_i_execute_i_alu_out_reg_i_Y_reg_1_/Q (DFF_X1)      0.1018     0.1518 r
  U1846/ZN (AND2_X1)                                    0.0432     0.1950 r
  U2759/ZN (NAND3_X1)                                   0.0322     0.2271 f
  U1694/ZN (OAI211_X1)                                  0.0452     0.2723 r
  U2771/Z (MUX2_X1)                                     0.0931     0.3654 f
  U1960/ZN (OR2_X2)                                     0.0631     0.4286 f
  U2778/ZN (OAI211_X1)                                  0.0375     0.4660 r
  U2787/ZN (NOR2_X1)                                    0.0243     0.4904 f
  U2788/ZN (OR2_X1)                                     0.0541     0.5444 f
  U2796/ZN (XNOR2_X1)                                   0.0583     0.6027 f
  U2797/ZN (XNOR2_X1)                                   0.0645     0.6672 f
  U1829/ZN (AND2_X1)                                    0.0466     0.7138 f
  U3033/ZN (NAND2_X1)                                   0.0299     0.7438 r
  U2824/ZN (OAI211_X1)                                  0.0418     0.7855 f
  U1652/ZN (NAND2_X1)                                   0.0317     0.8172 r
  U1651/ZN (NAND2_X1)                                   0.0290     0.8462 f
  U1942/ZN (AND3_X1)                                    0.0391     0.8853 f
  U1016/ZN (OR2_X1)                                     0.0524     0.9377 f
  U2020/ZN (NAND2_X1)                                   0.0321     0.9698 r
  U1985/ZN (NAND2_X1)                                   0.0328     1.0026 f
  U1737/ZN (NAND2_X1)                                   0.0322     1.0348 r
  U1736/ZN (XNOR2_X1)                                   0.0613     1.0961 r
  U3186/ZN (NAND2_X1)                                   0.0384     1.1345 f
  U1872/ZN (AND2_X1)                                    0.0447     1.1792 f
  U1934/ZN (NAND2_X1)                                   0.0381     1.2173 r
  U2039/ZN (NAND2_X1)                                   0.0358     1.2531 f
  U1861/Z (MUX2_X2)                                     0.0703     1.3234 f
  U1327/ZN (AOI21_X1)                                   0.0428     1.3662 r
  U7679/ZN (INV_X1)                                     0.0290     1.3952 f
  U1135/ZN (XNOR2_X1)                                   0.0446     1.4398 r
  U2115/ZN (AND4_X1)                                    0.0654     1.5052 r
  U3438/ZN (AND4_X1)                                    0.0602     1.5654 r
  U3444/ZN (NAND4_X1)                                   0.0389     1.6043 f
  U3447/ZN (NAND2_X1)                                   0.0383     1.6426 r
  U3448/Z (BUF_X2)                                      0.0463     1.6888 r
  U8289/ZN (NAND2_X1)                                   0.0421     1.7309 f
  U1875/Z (BUF_X1)                                      0.0548     1.7857 f
  U10845/ZN (OR2_X1)                                    0.0668     1.8525 f
  U10848/ZN (NAND4_X1)                                  0.0333     1.8858 r
  DP_i_fetch_i_pc_i_Y_reg_28_/D (DFF_X2)                0.0109     1.8967 r
  data arrival time                                                1.8967

  clock CLK (rise edge)                                 1.9000     1.9000
  clock network delay (ideal)                           0.0500     1.9500
  clock uncertainty                                    -0.0500     1.9000
  DP_i_fetch_i_pc_i_Y_reg_28_/CK (DFF_X2)               0.0000     1.9000 r
  library setup time                                   -0.0285     1.8715
  data required time                                               1.8715
  --------------------------------------------------------------------------
  data required time                                               1.8715
  data arrival time                                               -1.8967
  --------------------------------------------------------------------------
  slack (VIOLATED)                                                -0.0252


  Startpoint: DP_i_execute_i_alu_out_reg_i_Y_reg_1_
              (rising edge-triggered flip-flop clocked by CLK)
  Endpoint: DP_i_fetch_i_pc_i_Y_reg_25_
            (rising edge-triggered flip-flop clocked by CLK)
  Path Group: REG2REG
  Path Type: max

  Des/Clust/Port     Wire Load Model       Library
  ------------------------------------------------
  DLX                5K_hvratio_1_4        NangateOpenCellLibrary

  Point                                                   Incr       Path
  --------------------------------------------------------------------------
  clock CLK (rise edge)                                 0.0000     0.0000
  clock network delay (ideal)                           0.0500     0.0500
  DP_i_execute_i_alu_out_reg_i_Y_reg_1_/CK (DFF_X1)     0.0000     0.0500 r
  DP_i_execute_i_alu_out_reg_i_Y_reg_1_/Q (DFF_X1)      0.1018     0.1518 r
  U1846/ZN (AND2_X1)                                    0.0432     0.1950 r
  U2759/ZN (NAND3_X1)                                   0.0322     0.2271 f
  U1694/ZN (OAI211_X1)                                  0.0452     0.2723 r
  U2771/Z (MUX2_X1)                                     0.0931     0.3654 f
  U1960/ZN (OR2_X2)                                     0.0631     0.4286 f
  U2778/ZN (OAI211_X1)                                  0.0375     0.4660 r
  U2787/ZN (NOR2_X1)                                    0.0243     0.4904 f
  U2788/ZN (OR2_X1)                                     0.0541     0.5444 f
  U2796/ZN (XNOR2_X1)                                   0.0583     0.6027 f
  U2797/ZN (XNOR2_X1)                                   0.0645     0.6672 f
  U1829/ZN (AND2_X1)                                    0.0466     0.7138 f
  U3033/ZN (NAND2_X1)                                   0.0299     0.7438 r
  U2824/ZN (OAI211_X1)                                  0.0418     0.7855 f
  U1652/ZN (NAND2_X1)                                   0.0317     0.8172 r
  U1651/ZN (NAND2_X1)                                   0.0290     0.8462 f
  U1942/ZN (AND3_X1)                                    0.0391     0.8853 f
  U1016/ZN (OR2_X1)                                     0.0524     0.9377 f
  U2020/ZN (NAND2_X1)                                   0.0321     0.9698 r
  U1985/ZN (NAND2_X1)                                   0.0328     1.0026 f
  U1737/ZN (NAND2_X1)                                   0.0322     1.0348 r
  U1736/ZN (XNOR2_X1)                                   0.0613     1.0961 r
  U3186/ZN (NAND2_X1)                                   0.0384     1.1345 f
  U1872/ZN (AND2_X1)                                    0.0447     1.1792 f
  U1934/ZN (NAND2_X1)                                   0.0381     1.2173 r
  U2039/ZN (NAND2_X1)                                   0.0358     1.2531 f
  U1861/Z (MUX2_X2)                                     0.0703     1.3234 f
  U1327/ZN (AOI21_X1)                                   0.0428     1.3662 r
  U7679/ZN (INV_X1)                                     0.0290     1.3952 f
  U1135/ZN (XNOR2_X1)                                   0.0446     1.4398 r
  U2115/ZN (AND4_X1)                                    0.0654     1.5052 r
  U3438/ZN (AND4_X1)                                    0.0602     1.5654 r
  U3444/ZN (NAND4_X1)                                   0.0389     1.6043 f
  U3447/ZN (NAND2_X1)                                   0.0383     1.6426 r
  U3448/Z (BUF_X2)                                      0.0463     1.6888 r
  U8289/ZN (NAND2_X1)                                   0.0421     1.7309 f
  U1874/Z (BUF_X1)                                      0.0548     1.7857 f
  U10828/ZN (OR2_X1)                                    0.0668     1.8525 f
  U10831/ZN (NAND4_X1)                                  0.0333     1.8858 r
  DP_i_fetch_i_pc_i_Y_reg_25_/D (DFF_X2)                0.0109     1.8967 r
  data arrival time                                                1.8967

  clock CLK (rise edge)                                 1.9000     1.9000
  clock network delay (ideal)                           0.0500     1.9500
  clock uncertainty                                    -0.0500     1.9000
  DP_i_fetch_i_pc_i_Y_reg_25_/CK (DFF_X2)               0.0000     1.9000 r
  library setup time                                   -0.0285     1.8715
  data required time                                               1.8715
  --------------------------------------------------------------------------
  data required time                                               1.8715
  data arrival time                                               -1.8967
  --------------------------------------------------------------------------
  slack (VIOLATED)                                                -0.0252


  Startpoint: DP_i_execute_i_alu_out_reg_i_Y_reg_1_
              (rising edge-triggered flip-flop clocked by CLK)
  Endpoint: DP_i_fetch_i_pc_i_Y_reg_14_
            (rising edge-triggered flip-flop clocked by CLK)
  Path Group: REG2REG
  Path Type: max

  Des/Clust/Port     Wire Load Model       Library
  ------------------------------------------------
  DLX                5K_hvratio_1_4        NangateOpenCellLibrary

  Point                                                   Incr       Path
  --------------------------------------------------------------------------
  clock CLK (rise edge)                                 0.0000     0.0000
  clock network delay (ideal)                           0.0500     0.0500
  DP_i_execute_i_alu_out_reg_i_Y_reg_1_/CK (DFF_X1)     0.0000     0.0500 r
  DP_i_execute_i_alu_out_reg_i_Y_reg_1_/Q (DFF_X1)      0.1018     0.1518 r
  U1846/ZN (AND2_X1)                                    0.0432     0.1950 r
  U2759/ZN (NAND3_X1)                                   0.0322     0.2271 f
  U1694/ZN (OAI211_X1)                                  0.0452     0.2723 r
  U2771/Z (MUX2_X1)                                     0.0931     0.3654 f
  U1960/ZN (OR2_X2)                                     0.0631     0.4286 f
  U2778/ZN (OAI211_X1)                                  0.0375     0.4660 r
  U2787/ZN (NOR2_X1)                                    0.0243     0.4904 f
  U2788/ZN (OR2_X1)                                     0.0541     0.5444 f
  U2796/ZN (XNOR2_X1)                                   0.0583     0.6027 f
  U2797/ZN (XNOR2_X1)                                   0.0645     0.6672 f
  U1829/ZN (AND2_X1)                                    0.0466     0.7138 f
  U3033/ZN (NAND2_X1)                                   0.0299     0.7438 r
  U2824/ZN (OAI211_X1)                                  0.0418     0.7855 f
  U1652/ZN (NAND2_X1)                                   0.0317     0.8172 r
  U1651/ZN (NAND2_X1)                                   0.0290     0.8462 f
  U1942/ZN (AND3_X1)                                    0.0391     0.8853 f
  U1016/ZN (OR2_X1)                                     0.0524     0.9377 f
  U2020/ZN (NAND2_X1)                                   0.0321     0.9698 r
  U1985/ZN (NAND2_X1)                                   0.0328     1.0026 f
  U1737/ZN (NAND2_X1)                                   0.0322     1.0348 r
  U1736/ZN (XNOR2_X1)                                   0.0613     1.0961 r
  U3186/ZN (NAND2_X1)                                   0.0384     1.1345 f
  U1872/ZN (AND2_X1)                                    0.0447     1.1792 f
  U1934/ZN (NAND2_X1)                                   0.0381     1.2173 r
  U2039/ZN (NAND2_X1)                                   0.0358     1.2531 f
  U1861/Z (MUX2_X2)                                     0.0703     1.3234 f
  U1327/ZN (AOI21_X1)                                   0.0428     1.3662 r
  U7679/ZN (INV_X1)                                     0.0290     1.3952 f
  U1135/ZN (XNOR2_X1)                                   0.0446     1.4398 r
  U2115/ZN (AND4_X1)                                    0.0654     1.5052 r
  U3438/ZN (AND4_X1)                                    0.0602     1.5654 r
  U3444/ZN (NAND4_X1)                                   0.0389     1.6043 f
  U3447/ZN (NAND2_X1)                                   0.0383     1.6426 r
  U3448/Z (BUF_X2)                                      0.0463     1.6888 r
  U8289/ZN (NAND2_X1)                                   0.0421     1.7309 f
  U8291/Z (BUF_X1)                                      0.0548     1.7857 f
  U10745/ZN (OR2_X1)                                    0.0668     1.8525 f
  U10748/ZN (NAND4_X1)                                  0.0333     1.8858 r
  DP_i_fetch_i_pc_i_Y_reg_14_/D (DFF_X2)                0.0109     1.8967 r
  data arrival time                                                1.8967

  clock CLK (rise edge)                                 1.9000     1.9000
  clock network delay (ideal)                           0.0500     1.9500
  clock uncertainty                                    -0.0500     1.9000
  DP_i_fetch_i_pc_i_Y_reg_14_/CK (DFF_X2)               0.0000     1.9000 r
  library setup time                                   -0.0285     1.8715
  data required time                                               1.8715
  --------------------------------------------------------------------------
  data required time                                               1.8715
  data arrival time                                               -1.8967
  --------------------------------------------------------------------------
  slack (VIOLATED)                                                -0.0252


  Startpoint: DP_i_execute_i_alu_out_reg_i_Y_reg_1_
              (rising edge-triggered flip-flop clocked by CLK)
  Endpoint: DP_i_fetch_i_pc_i_Y_reg_4_
            (rising edge-triggered flip-flop clocked by CLK)
  Path Group: REG2REG
  Path Type: max

  Des/Clust/Port     Wire Load Model       Library
  ------------------------------------------------
  DLX                5K_hvratio_1_4        NangateOpenCellLibrary

  Point                                                   Incr       Path
  --------------------------------------------------------------------------
  clock CLK (rise edge)                                 0.0000     0.0000
  clock network delay (ideal)                           0.0500     0.0500
  DP_i_execute_i_alu_out_reg_i_Y_reg_1_/CK (DFF_X1)     0.0000     0.0500 r
  DP_i_execute_i_alu_out_reg_i_Y_reg_1_/Q (DFF_X1)      0.1018     0.1518 r
  U1846/ZN (AND2_X1)                                    0.0432     0.1950 r
  U2759/ZN (NAND3_X1)                                   0.0322     0.2271 f
  U1694/ZN (OAI211_X1)                                  0.0452     0.2723 r
  U2771/Z (MUX2_X1)                                     0.0931     0.3654 f
  U1960/ZN (OR2_X2)                                     0.0631     0.4286 f
  U2778/ZN (OAI211_X1)                                  0.0375     0.4660 r
  U2787/ZN (NOR2_X1)                                    0.0243     0.4904 f
  U2788/ZN (OR2_X1)                                     0.0541     0.5444 f
  U2796/ZN (XNOR2_X1)                                   0.0583     0.6027 f
  U2797/ZN (XNOR2_X1)                                   0.0645     0.6672 f
  U1829/ZN (AND2_X1)                                    0.0466     0.7138 f
  U3033/ZN (NAND2_X1)                                   0.0299     0.7438 r
  U2824/ZN (OAI211_X1)                                  0.0418     0.7855 f
  U1652/ZN (NAND2_X1)                                   0.0317     0.8172 r
  U1651/ZN (NAND2_X1)                                   0.0290     0.8462 f
  U1942/ZN (AND3_X1)                                    0.0391     0.8853 f
  U1016/ZN (OR2_X1)                                     0.0524     0.9377 f
  U2020/ZN (NAND2_X1)                                   0.0321     0.9698 r
  U1985/ZN (NAND2_X1)                                   0.0328     1.0026 f
  U1737/ZN (NAND2_X1)                                   0.0322     1.0348 r
  U1736/ZN (XNOR2_X1)                                   0.0613     1.0961 r
  U3186/ZN (NAND2_X1)                                   0.0384     1.1345 f
  U1872/ZN (AND2_X1)                                    0.0447     1.1792 f
  U1934/ZN (NAND2_X1)                                   0.0381     1.2173 r
  U2039/ZN (NAND2_X1)                                   0.0358     1.2531 f
  U1861/Z (MUX2_X2)                                     0.0703     1.3234 f
  U1327/ZN (AOI21_X1)                                   0.0428     1.3662 r
  U7679/ZN (INV_X1)                                     0.0290     1.3952 f
  U1135/ZN (XNOR2_X1)                                   0.0446     1.4398 r
  U2115/ZN (AND4_X1)                                    0.0654     1.5052 r
  U3438/ZN (AND4_X1)                                    0.0602     1.5654 r
  U3444/ZN (NAND4_X1)                                   0.0389     1.6043 f
  U3447/ZN (NAND2_X1)                                   0.0383     1.6426 r
  U3448/Z (BUF_X2)                                      0.0463     1.6888 r
  U8289/ZN (NAND2_X1)                                   0.0421     1.7309 f
  U8292/Z (BUF_X1)                                      0.0548     1.7857 f
  U10849/ZN (OR2_X1)                                    0.0668     1.8525 f
  U10852/ZN (NAND4_X1)                                  0.0333     1.8858 r
  DP_i_fetch_i_pc_i_Y_reg_4_/D (DFF_X2)                 0.0109     1.8967 r
  data arrival time                                                1.8967

  clock CLK (rise edge)                                 1.9000     1.9000
  clock network delay (ideal)                           0.0500     1.9500
  clock uncertainty                                    -0.0500     1.9000
  DP_i_fetch_i_pc_i_Y_reg_4_/CK (DFF_X2)                0.0000     1.9000 r
  library setup time                                   -0.0285     1.8715
  data required time                                               1.8715
  --------------------------------------------------------------------------
  data required time                                               1.8715
  data arrival time                                               -1.8967
  --------------------------------------------------------------------------
  slack (VIOLATED)                                                -0.0252


  Startpoint: DP_i_execute_i_alu_out_reg_i_Y_reg_1_
              (rising edge-triggered flip-flop clocked by CLK)
  Endpoint: DP_i_fetch_i_pc_i_Y_reg_26_
            (rising edge-triggered flip-flop clocked by CLK)
  Path Group: REG2REG
  Path Type: max

  Des/Clust/Port     Wire Load Model       Library
  ------------------------------------------------
  DLX                5K_hvratio_1_4        NangateOpenCellLibrary

  Point                                                   Incr       Path
  --------------------------------------------------------------------------
  clock CLK (rise edge)                                 0.0000     0.0000
  clock network delay (ideal)                           0.0500     0.0500
  DP_i_execute_i_alu_out_reg_i_Y_reg_1_/CK (DFF_X1)     0.0000     0.0500 r
  DP_i_execute_i_alu_out_reg_i_Y_reg_1_/Q (DFF_X1)      0.1018     0.1518 r
  U1846/ZN (AND2_X1)                                    0.0432     0.1950 r
  U2759/ZN (NAND3_X1)                                   0.0322     0.2271 f
  U1694/ZN (OAI211_X1)                                  0.0452     0.2723 r
  U2771/Z (MUX2_X1)                                     0.0931     0.3654 f
  U1960/ZN (OR2_X2)                                     0.0631     0.4286 f
  U2778/ZN (OAI211_X1)                                  0.0375     0.4660 r
  U2787/ZN (NOR2_X1)                                    0.0243     0.4904 f
  U2788/ZN (OR2_X1)                                     0.0541     0.5444 f
  U2796/ZN (XNOR2_X1)                                   0.0583     0.6027 f
  U2797/ZN (XNOR2_X1)                                   0.0645     0.6672 f
  U1829/ZN (AND2_X1)                                    0.0466     0.7138 f
  U3033/ZN (NAND2_X1)                                   0.0299     0.7438 r
  U2824/ZN (OAI211_X1)                                  0.0418     0.7855 f
  U1652/ZN (NAND2_X1)                                   0.0317     0.8172 r
  U1651/ZN (NAND2_X1)                                   0.0290     0.8462 f
  U1942/ZN (AND3_X1)                                    0.0391     0.8853 f
  U1016/ZN (OR2_X1)                                     0.0524     0.9377 f
  U2020/ZN (NAND2_X1)                                   0.0321     0.9698 r
  U1985/ZN (NAND2_X1)                                   0.0328     1.0026 f
  U1737/ZN (NAND2_X1)                                   0.0322     1.0348 r
  U1736/ZN (XNOR2_X1)                                   0.0613     1.0961 r
  U3186/ZN (NAND2_X1)                                   0.0384     1.1345 f
  U1872/ZN (AND2_X1)                                    0.0447     1.1792 f
  U1934/ZN (NAND2_X1)                                   0.0381     1.2173 r
  U2039/ZN (NAND2_X1)                                   0.0358     1.2531 f
  U1861/Z (MUX2_X2)                                     0.0703     1.3234 f
  U1327/ZN (AOI21_X1)                                   0.0428     1.3662 r
  U7679/ZN (INV_X1)                                     0.0290     1.3952 f
  U1135/ZN (XNOR2_X1)                                   0.0446     1.4398 r
  U2115/ZN (AND4_X1)                                    0.0654     1.5052 r
  U3438/ZN (AND4_X1)                                    0.0602     1.5654 r
  U3444/ZN (NAND4_X1)                                   0.0389     1.6043 f
  U3447/ZN (NAND2_X1)                                   0.0383     1.6426 r
  U3448/Z (BUF_X2)                                      0.0463     1.6888 r
  U8289/ZN (NAND2_X1)                                   0.0421     1.7309 f
  U8290/Z (BUF_X1)                                      0.0548     1.7857 f
  U10834/ZN (OR2_X1)                                    0.0668     1.8525 f
  U10836/ZN (NAND4_X1)                                  0.0333     1.8858 r
  DP_i_fetch_i_pc_i_Y_reg_26_/D (DFF_X2)                0.0109     1.8967 r
  data arrival time                                                1.8967

  clock CLK (rise edge)                                 1.9000     1.9000
  clock network delay (ideal)                           0.0500     1.9500
  clock uncertainty                                    -0.0500     1.9000
  DP_i_fetch_i_pc_i_Y_reg_26_/CK (DFF_X2)               0.0000     1.9000 r
  library setup time                                   -0.0285     1.8715
  data required time                                               1.8715
  --------------------------------------------------------------------------
  data required time                                               1.8715
  data arrival time                                               -1.8967
  --------------------------------------------------------------------------
  slack (VIOLATED)                                                -0.0252


  Startpoint: DP_i_execute_i_alu_out_reg_i_Y_reg_1_
              (rising edge-triggered flip-flop clocked by CLK)
  Endpoint: DP_i_fetch_i_pc_i_Y_reg_21_
            (rising edge-triggered flip-flop clocked by CLK)
  Path Group: REG2REG
  Path Type: max

  Des/Clust/Port     Wire Load Model       Library
  ------------------------------------------------
  DLX                5K_hvratio_1_4        NangateOpenCellLibrary

  Point                                                   Incr       Path
  --------------------------------------------------------------------------
  clock CLK (rise edge)                                 0.0000     0.0000
  clock network delay (ideal)                           0.0500     0.0500
  DP_i_execute_i_alu_out_reg_i_Y_reg_1_/CK (DFF_X1)     0.0000     0.0500 r
  DP_i_execute_i_alu_out_reg_i_Y_reg_1_/Q (DFF_X1)      0.1018     0.1518 r
  U1846/ZN (AND2_X1)                                    0.0432     0.1950 r
  U2759/ZN (NAND3_X1)                                   0.0322     0.2271 f
  U1694/ZN (OAI211_X1)                                  0.0452     0.2723 r
  U2771/Z (MUX2_X1)                                     0.0931     0.3654 f
  U1960/ZN (OR2_X2)                                     0.0631     0.4286 f
  U2778/ZN (OAI211_X1)                                  0.0375     0.4660 r
  U2787/ZN (NOR2_X1)                                    0.0243     0.4904 f
  U2788/ZN (OR2_X1)                                     0.0541     0.5444 f
  U2796/ZN (XNOR2_X1)                                   0.0583     0.6027 f
  U2797/ZN (XNOR2_X1)                                   0.0645     0.6672 f
  U1829/ZN (AND2_X1)                                    0.0466     0.7138 f
  U3033/ZN (NAND2_X1)                                   0.0299     0.7438 r
  U2824/ZN (OAI211_X1)                                  0.0418     0.7855 f
  U1652/ZN (NAND2_X1)                                   0.0317     0.8172 r
  U1651/ZN (NAND2_X1)                                   0.0290     0.8462 f
  U1942/ZN (AND3_X1)                                    0.0391     0.8853 f
  U1016/ZN (OR2_X1)                                     0.0524     0.9377 f
  U2020/ZN (NAND2_X1)                                   0.0321     0.9698 r
  U1985/ZN (NAND2_X1)                                   0.0328     1.0026 f
  U1737/ZN (NAND2_X1)                                   0.0322     1.0348 r
  U1736/ZN (XNOR2_X1)                                   0.0613     1.0961 r
  U3186/ZN (NAND2_X1)                                   0.0384     1.1345 f
  U1872/ZN (AND2_X1)                                    0.0447     1.1792 f
  U1934/ZN (NAND2_X1)                                   0.0381     1.2173 r
  U2039/ZN (NAND2_X1)                                   0.0358     1.2531 f
  U1861/Z (MUX2_X2)                                     0.0703     1.3234 f
  U1327/ZN (AOI21_X1)                                   0.0428     1.3662 r
  U7679/ZN (INV_X1)                                     0.0290     1.3952 f
  U1135/ZN (XNOR2_X1)                                   0.0446     1.4398 r
  U2115/ZN (AND4_X1)                                    0.0654     1.5052 r
  U3438/ZN (AND4_X1)                                    0.0602     1.5654 r
  U3444/ZN (NAND4_X1)                                   0.0389     1.6043 f
  U3447/ZN (NAND2_X1)                                   0.0383     1.6426 r
  U3448/Z (BUF_X2)                                      0.0463     1.6888 r
  U8289/ZN (NAND2_X1)                                   0.0421     1.7309 f
  U1875/Z (BUF_X1)                                      0.0548     1.7857 f
  U10798/ZN (OR2_X1)                                    0.0668     1.8525 f
  U10801/ZN (NAND4_X1)                                  0.0333     1.8858 r
  DP_i_fetch_i_pc_i_Y_reg_21_/D (DFF_X2)                0.0109     1.8967 r
  data arrival time                                                1.8967

  clock CLK (rise edge)                                 1.9000     1.9000
  clock network delay (ideal)                           0.0500     1.9500
  clock uncertainty                                    -0.0500     1.9000
  DP_i_fetch_i_pc_i_Y_reg_21_/CK (DFF_X2)               0.0000     1.9000 r
  library setup time                                   -0.0285     1.8715
  data required time                                               1.8715
  --------------------------------------------------------------------------
  data required time                                               1.8715
  data arrival time                                               -1.8967
  --------------------------------------------------------------------------
  slack (VIOLATED)                                                -0.0252


  Startpoint: DP_i_execute_i_alu_out_reg_i_Y_reg_1_
              (rising edge-triggered flip-flop clocked by CLK)
  Endpoint: DP_i_fetch_i_pc_i_Y_reg_18_
            (rising edge-triggered flip-flop clocked by CLK)
  Path Group: REG2REG
  Path Type: max

  Des/Clust/Port     Wire Load Model       Library
  ------------------------------------------------
  DLX                5K_hvratio_1_4        NangateOpenCellLibrary

  Point                                                   Incr       Path
  --------------------------------------------------------------------------
  clock CLK (rise edge)                                 0.0000     0.0000
  clock network delay (ideal)                           0.0500     0.0500
  DP_i_execute_i_alu_out_reg_i_Y_reg_1_/CK (DFF_X1)     0.0000     0.0500 r
  DP_i_execute_i_alu_out_reg_i_Y_reg_1_/Q (DFF_X1)      0.1018     0.1518 r
  U1846/ZN (AND2_X1)                                    0.0432     0.1950 r
  U2759/ZN (NAND3_X1)                                   0.0322     0.2271 f
  U1694/ZN (OAI211_X1)                                  0.0452     0.2723 r
  U2771/Z (MUX2_X1)                                     0.0931     0.3654 f
  U1960/ZN (OR2_X2)                                     0.0631     0.4286 f
  U2778/ZN (OAI211_X1)                                  0.0375     0.4660 r
  U2787/ZN (NOR2_X1)                                    0.0243     0.4904 f
  U2788/ZN (OR2_X1)                                     0.0541     0.5444 f
  U2796/ZN (XNOR2_X1)                                   0.0583     0.6027 f
  U2797/ZN (XNOR2_X1)                                   0.0645     0.6672 f
  U1829/ZN (AND2_X1)                                    0.0466     0.7138 f
  U3033/ZN (NAND2_X1)                                   0.0299     0.7438 r
  U2824/ZN (OAI211_X1)                                  0.0418     0.7855 f
  U1652/ZN (NAND2_X1)                                   0.0317     0.8172 r
  U1651/ZN (NAND2_X1)                                   0.0290     0.8462 f
  U1942/ZN (AND3_X1)                                    0.0391     0.8853 f
  U1016/ZN (OR2_X1)                                     0.0524     0.9377 f
  U2020/ZN (NAND2_X1)                                   0.0321     0.9698 r
  U1985/ZN (NAND2_X1)                                   0.0328     1.0026 f
  U1737/ZN (NAND2_X1)                                   0.0322     1.0348 r
  U1736/ZN (XNOR2_X1)                                   0.0613     1.0961 r
  U3186/ZN (NAND2_X1)                                   0.0384     1.1345 f
  U1872/ZN (AND2_X1)                                    0.0447     1.1792 f
  U1934/ZN (NAND2_X1)                                   0.0381     1.2173 r
  U2039/ZN (NAND2_X1)                                   0.0358     1.2531 f
  U1861/Z (MUX2_X2)                                     0.0703     1.3234 f
  U1327/ZN (AOI21_X1)                                   0.0428     1.3662 r
  U7679/ZN (INV_X1)                                     0.0290     1.3952 f
  U1135/ZN (XNOR2_X1)                                   0.0446     1.4398 r
  U2115/ZN (AND4_X1)                                    0.0654     1.5052 r
  U3438/ZN (AND4_X1)                                    0.0602     1.5654 r
  U3444/ZN (NAND4_X1)                                   0.0389     1.6043 f
  U3447/ZN (NAND2_X1)                                   0.0383     1.6426 r
  U3448/Z (BUF_X2)                                      0.0463     1.6888 r
  U8289/ZN (NAND2_X1)                                   0.0421     1.7309 f
  U8291/Z (BUF_X1)                                      0.0548     1.7857 f
  U10775/ZN (OR2_X1)                                    0.0668     1.8525 f
  U10779/ZN (NAND4_X1)                                  0.0333     1.8858 r
  DP_i_fetch_i_pc_i_Y_reg_18_/D (DFF_X2)                0.0109     1.8967 r
  data arrival time                                                1.8967

  clock CLK (rise edge)                                 1.9000     1.9000
  clock network delay (ideal)                           0.0500     1.9500
  clock uncertainty                                    -0.0500     1.9000
  DP_i_fetch_i_pc_i_Y_reg_18_/CK (DFF_X2)               0.0000     1.9000 r
  library setup time                                   -0.0285     1.8715
  data required time                                               1.8715
  --------------------------------------------------------------------------
  data required time                                               1.8715
  data arrival time                                               -1.8967
  --------------------------------------------------------------------------
  slack (VIOLATED)                                                -0.0252


  Startpoint: DP_i_execute_i_alu_out_reg_i_Y_reg_1_
              (rising edge-triggered flip-flop clocked by CLK)
  Endpoint: DP_i_fetch_i_pc_i_Y_reg_29_
            (rising edge-triggered flip-flop clocked by CLK)
  Path Group: REG2REG
  Path Type: max

  Des/Clust/Port     Wire Load Model       Library
  ------------------------------------------------
  DLX                5K_hvratio_1_4        NangateOpenCellLibrary

  Point                                                   Incr       Path
  --------------------------------------------------------------------------
  clock CLK (rise edge)                                 0.0000     0.0000
  clock network delay (ideal)                           0.0500     0.0500
  DP_i_execute_i_alu_out_reg_i_Y_reg_1_/CK (DFF_X1)     0.0000     0.0500 r
  DP_i_execute_i_alu_out_reg_i_Y_reg_1_/Q (DFF_X1)      0.1018     0.1518 r
  U1846/ZN (AND2_X1)                                    0.0432     0.1950 r
  U2759/ZN (NAND3_X1)                                   0.0322     0.2271 f
  U1694/ZN (OAI211_X1)                                  0.0452     0.2723 r
  U2771/Z (MUX2_X1)                                     0.0931     0.3654 f
  U1960/ZN (OR2_X2)                                     0.0631     0.4286 f
  U2778/ZN (OAI211_X1)                                  0.0375     0.4660 r
  U2787/ZN (NOR2_X1)                                    0.0243     0.4904 f
  U2788/ZN (OR2_X1)                                     0.0541     0.5444 f
  U2796/ZN (XNOR2_X1)                                   0.0583     0.6027 f
  U2797/ZN (XNOR2_X1)                                   0.0645     0.6672 f
  U1829/ZN (AND2_X1)                                    0.0466     0.7138 f
  U3033/ZN (NAND2_X1)                                   0.0299     0.7438 r
  U2824/ZN (OAI211_X1)                                  0.0418     0.7855 f
  U1652/ZN (NAND2_X1)                                   0.0317     0.8172 r
  U1651/ZN (NAND2_X1)                                   0.0290     0.8462 f
  U1942/ZN (AND3_X1)                                    0.0391     0.8853 f
  U1016/ZN (OR2_X1)                                     0.0524     0.9377 f
  U2020/ZN (NAND2_X1)                                   0.0321     0.9698 r
  U1985/ZN (NAND2_X1)                                   0.0328     1.0026 f
  U1737/ZN (NAND2_X1)                                   0.0322     1.0348 r
  U1736/ZN (XNOR2_X1)                                   0.0613     1.0961 r
  U3186/ZN (NAND2_X1)                                   0.0384     1.1345 f
  U1872/ZN (AND2_X1)                                    0.0447     1.1792 f
  U1934/ZN (NAND2_X1)                                   0.0381     1.2173 r
  U2039/ZN (NAND2_X1)                                   0.0358     1.2531 f
  U1861/Z (MUX2_X2)                                     0.0703     1.3234 f
  U1327/ZN (AOI21_X1)                                   0.0428     1.3662 r
  U7679/ZN (INV_X1)                                     0.0290     1.3952 f
  U1135/ZN (XNOR2_X1)                                   0.0446     1.4398 r
  U2115/ZN (AND4_X1)                                    0.0654     1.5052 r
  U3438/ZN (AND4_X1)                                    0.0602     1.5654 r
  U3444/ZN (NAND4_X1)                                   0.0389     1.6043 f
  U3447/ZN (NAND2_X1)                                   0.0383     1.6426 r
  U3448/Z (BUF_X2)                                      0.0463     1.6888 r
  U8289/ZN (NAND2_X1)                                   0.0421     1.7309 f
  U8292/Z (BUF_X1)                                      0.0548     1.7857 f
  U10926/ZN (OR2_X1)                                    0.0668     1.8525 f
  U10928/ZN (NAND4_X1)                                  0.0333     1.8858 r
  DP_i_fetch_i_pc_i_Y_reg_29_/D (DFF_X2)                0.0109     1.8967 r
  data arrival time                                                1.8967

  clock CLK (rise edge)                                 1.9000     1.9000
  clock network delay (ideal)                           0.0500     1.9500
  clock uncertainty                                    -0.0500     1.9000
  DP_i_fetch_i_pc_i_Y_reg_29_/CK (DFF_X2)               0.0000     1.9000 r
  library setup time                                   -0.0285     1.8715
  data required time                                               1.8715
  --------------------------------------------------------------------------
  data required time                                               1.8715
  data arrival time                                               -1.8967
  --------------------------------------------------------------------------
  slack (VIOLATED)                                                -0.0252


  Startpoint: DP_i_execute_i_alu_out_reg_i_Y_reg_1_
              (rising edge-triggered flip-flop clocked by CLK)
  Endpoint: DP_i_fetch_i_pc_i_Y_reg_12_
            (rising edge-triggered flip-flop clocked by CLK)
  Path Group: REG2REG
  Path Type: max

  Des/Clust/Port     Wire Load Model       Library
  ------------------------------------------------
  DLX                5K_hvratio_1_4        NangateOpenCellLibrary

  Point                                                   Incr       Path
  --------------------------------------------------------------------------
  clock CLK (rise edge)                                 0.0000     0.0000
  clock network delay (ideal)                           0.0500     0.0500
  DP_i_execute_i_alu_out_reg_i_Y_reg_1_/CK (DFF_X1)     0.0000     0.0500 r
  DP_i_execute_i_alu_out_reg_i_Y_reg_1_/Q (DFF_X1)      0.1018     0.1518 r
  U1846/ZN (AND2_X1)                                    0.0432     0.1950 r
  U2759/ZN (NAND3_X1)                                   0.0322     0.2271 f
  U1694/ZN (OAI211_X1)                                  0.0452     0.2723 r
  U2771/Z (MUX2_X1)                                     0.0931     0.3654 f
  U1960/ZN (OR2_X2)                                     0.0631     0.4286 f
  U2778/ZN (OAI211_X1)                                  0.0375     0.4660 r
  U2787/ZN (NOR2_X1)                                    0.0243     0.4904 f
  U2788/ZN (OR2_X1)                                     0.0541     0.5444 f
  U2796/ZN (XNOR2_X1)                                   0.0583     0.6027 f
  U2797/ZN (XNOR2_X1)                                   0.0645     0.6672 f
  U1829/ZN (AND2_X1)                                    0.0466     0.7138 f
  U3033/ZN (NAND2_X1)                                   0.0299     0.7438 r
  U2824/ZN (OAI211_X1)                                  0.0418     0.7855 f
  U1652/ZN (NAND2_X1)                                   0.0317     0.8172 r
  U1651/ZN (NAND2_X1)                                   0.0290     0.8462 f
  U1942/ZN (AND3_X1)                                    0.0391     0.8853 f
  U1016/ZN (OR2_X1)                                     0.0524     0.9377 f
  U2020/ZN (NAND2_X1)                                   0.0321     0.9698 r
  U1985/ZN (NAND2_X1)                                   0.0328     1.0026 f
  U1737/ZN (NAND2_X1)                                   0.0322     1.0348 r
  U1736/ZN (XNOR2_X1)                                   0.0613     1.0961 r
  U3186/ZN (NAND2_X1)                                   0.0384     1.1345 f
  U1872/ZN (AND2_X1)                                    0.0447     1.1792 f
  U1934/ZN (NAND2_X1)                                   0.0381     1.2173 r
  U2039/ZN (NAND2_X1)                                   0.0358     1.2531 f
  U1861/Z (MUX2_X2)                                     0.0703     1.3234 f
  U1327/ZN (AOI21_X1)                                   0.0428     1.3662 r
  U7679/ZN (INV_X1)                                     0.0290     1.3952 f
  U1135/ZN (XNOR2_X1)                                   0.0446     1.4398 r
  U2115/ZN (AND4_X1)                                    0.0654     1.5052 r
  U3438/ZN (AND4_X1)                                    0.0602     1.5654 r
  U3444/ZN (NAND4_X1)                                   0.0389     1.6043 f
  U3447/ZN (NAND2_X1)                                   0.0383     1.6426 r
  U3448/Z (BUF_X2)                                      0.0463     1.6888 r
  U8289/ZN (NAND2_X1)                                   0.0421     1.7309 f
  U1874/Z (BUF_X1)                                      0.0548     1.7857 f
  U10731/ZN (OR2_X1)                                    0.0668     1.8525 f
  U10735/ZN (NAND4_X1)                                  0.0333     1.8858 r
  DP_i_fetch_i_pc_i_Y_reg_12_/D (DFF_X2)                0.0109     1.8967 r
  data arrival time                                                1.8967

  clock CLK (rise edge)                                 1.9000     1.9000
  clock network delay (ideal)                           0.0500     1.9500
  clock uncertainty                                    -0.0500     1.9000
  DP_i_fetch_i_pc_i_Y_reg_12_/CK (DFF_X2)               0.0000     1.9000 r
  library setup time                                   -0.0285     1.8715
  data required time                                               1.8715
  --------------------------------------------------------------------------
  data required time                                               1.8715
  data arrival time                                               -1.8967
  --------------------------------------------------------------------------
  slack (VIOLATED)                                                -0.0252


  Startpoint: DP_i_execute_i_alu_out_reg_i_Y_reg_1_
              (rising edge-triggered flip-flop clocked by CLK)
  Endpoint: DP_i_fetch_i_pc_i_Y_reg_4_
            (rising edge-triggered flip-flop clocked by CLK)
  Path Group: REG2REG
  Path Type: max

  Des/Clust/Port     Wire Load Model       Library
  ------------------------------------------------
  DLX                5K_hvratio_1_4        NangateOpenCellLibrary

  Point                                                   Incr       Path
  --------------------------------------------------------------------------
  clock CLK (rise edge)                                 0.0000     0.0000
  clock network delay (ideal)                           0.0500     0.0500
  DP_i_execute_i_alu_out_reg_i_Y_reg_1_/CK (DFF_X1)     0.0000     0.0500 r
  DP_i_execute_i_alu_out_reg_i_Y_reg_1_/Q (DFF_X1)      0.1018     0.1518 r
  U1846/ZN (AND2_X1)                                    0.0432     0.1950 r
  U2759/ZN (NAND3_X1)                                   0.0322     0.2271 f
  U1694/ZN (OAI211_X1)                                  0.0452     0.2723 r
  U2771/Z (MUX2_X1)                                     0.0931     0.3654 f
  U1960/ZN (OR2_X2)                                     0.0631     0.4286 f
  U2778/ZN (OAI211_X1)                                  0.0375     0.4660 r
  U2787/ZN (NOR2_X1)                                    0.0243     0.4904 f
  U2788/ZN (OR2_X1)                                     0.0541     0.5444 f
  U2796/ZN (XNOR2_X1)                                   0.0583     0.6027 f
  U2797/ZN (XNOR2_X1)                                   0.0645     0.6672 f
  U1829/ZN (AND2_X1)                                    0.0466     0.7138 f
  U3033/ZN (NAND2_X1)                                   0.0299     0.7438 r
  U2824/ZN (OAI211_X1)                                  0.0418     0.7855 f
  U1652/ZN (NAND2_X1)                                   0.0317     0.8172 r
  U1651/ZN (NAND2_X1)                                   0.0290     0.8462 f
  U1942/ZN (AND3_X1)                                    0.0391     0.8853 f
  U1016/ZN (OR2_X1)                                     0.0524     0.9377 f
  U2020/ZN (NAND2_X1)                                   0.0321     0.9698 r
  U1985/ZN (NAND2_X1)                                   0.0328     1.0026 f
  U1737/ZN (NAND2_X1)                                   0.0322     1.0348 r
  U1736/ZN (XNOR2_X1)                                   0.0613     1.0961 r
  U3186/ZN (NAND2_X1)                                   0.0384     1.1345 f
  U1872/ZN (AND2_X1)                                    0.0447     1.1792 f
  U2040/ZN (OR2_X1)                                     0.0538     1.2330 f
  U2039/ZN (NAND2_X1)                                   0.0344     1.2674 r
  U1861/Z (MUX2_X2)                                     0.0511     1.3185 r
  U1327/ZN (AOI21_X1)                                   0.0311     1.3496 f
  U7679/ZN (INV_X1)                                     0.0320     1.3816 r
  U1135/ZN (XNOR2_X1)                                   0.0579     1.4395 r
  U2115/ZN (AND4_X1)                                    0.0654     1.5049 r
  U3438/ZN (AND4_X1)                                    0.0602     1.5651 r
  U3444/ZN (NAND4_X1)                                   0.0389     1.6040 f
  U3447/ZN (NAND2_X1)                                   0.0383     1.6423 r
  U3448/Z (BUF_X2)                                      0.0463     1.6886 r
  U8289/ZN (NAND2_X1)                                   0.0421     1.7306 f
  U8292/Z (BUF_X1)                                      0.0548     1.7854 f
  U10849/ZN (OR2_X1)                                    0.0668     1.8522 f
  U10852/ZN (NAND4_X1)                                  0.0333     1.8855 r
  DP_i_fetch_i_pc_i_Y_reg_4_/D (DFF_X2)                 0.0109     1.8964 r
  data arrival time                                                1.8964

  clock CLK (rise edge)                                 1.9000     1.9000
  clock network delay (ideal)                           0.0500     1.9500
  clock uncertainty                                    -0.0500     1.9000
  DP_i_fetch_i_pc_i_Y_reg_4_/CK (DFF_X2)                0.0000     1.9000 r
  library setup time                                   -0.0285     1.8715
  data required time                                               1.8715
  --------------------------------------------------------------------------
  data required time                                               1.8715
  data arrival time                                               -1.8964
  --------------------------------------------------------------------------
  slack (VIOLATED)                                                -0.0250


1
