 
****************************************
Report : qor
Design : DLX
Version: W-2024.09-SP2
Date   : Tue Sep 29 13:17:58 2026
****************************************


  Timing Path Group 'CLK'
  -----------------------------------
  Levels of Logic:              27.00
  Critical Path Length:          1.54
  Critical Path Slack:           0.14
  Critical Path Clk Period:      1.80
  Total Negative Slack:          0.00
  No. of Violating Paths:        0.00
  Worst Hold Violation:          0.00
  Total Hold Violation:          0.00
  No. of Hold Violations:        0.00
  -----------------------------------

  Timing Path Group 'INPUTS'
  -----------------------------------
  Levels of Logic:              11.00
  Critical Path Length:          0.71
  Critical Path Slack:           0.83
  Critical Path Clk Period:      1.80
  Total Negative Slack:          0.00
  No. of Violating Paths:        0.00
  Worst Hold Violation:          0.00
  Total Hold Violation:          0.00
  No. of Hold Violations:        0.00
  -----------------------------------

  Timing Path Group 'OUTPUTS'
  -----------------------------------
  Levels of Logic:              25.00
  Critical Path Length:          1.46
  Critical Path Slack:           0.11
  Critical Path Clk Period:      1.80
  Total Negative Slack:          0.00
  No. of Violating Paths:        0.00
  Worst Hold Violation:          0.00
  Total Hold Violation:          0.00
  No. of Hold Violations:        0.00
  -----------------------------------

  Timing Path Group 'REG2REG'
  -----------------------------------
  Levels of Logic:              28.00
  Critical Path Length:          1.72
  Critical Path Slack:           0.00
  Critical Path Clk Period:      1.80
  Total Negative Slack:          0.00
  No. of Violating Paths:        0.00
  Worst Hold Violation:          0.00
  Total Hold Violation:          0.00
  No. of Hold Violations:        0.00
  -----------------------------------


  Cell Count
  -----------------------------------
  Hierarchical Cell Count:         75
  Hierarchical Port Count:        414
  Leaf Cell Count:              13960
  Buf/Inv Cell Count:            1333
  Buf Cell Count:                 216
  Inv Cell Count:                1117
  CT Buf/Inv Cell Count:            0
  Combinational Cell Count:     11051
  Sequential Cell Count:         2909
  Macro Count:                      0
  -----------------------------------


  Area
  -----------------------------------
  Combinational Area:    12328.036062
  Noncombinational Area: 13185.353537
  Buf/Inv Area:            833.644004
  Total Buffer Area:           227.43
  Total Inverter Area:         606.21
  Macro/Black Box Area:      0.000000
  Net Area:                  0.000000
  -----------------------------------
  Cell Area:             25513.389598
  Design Area:           25513.389598


  Design Rules
  -----------------------------------
  Total Number of Nets:         14269
  Nets With Violations:             3
  Max Trans Violations:             0
  Max Cap Violations:               3
  -----------------------------------


  Hostname: microsys.openstack.polito

  Compile CPU Statistics
  -----------------------------------------
  Resource Sharing:                    3.92
  Logic Optimization:                 21.45
  Mapping Optimization:               78.80
  -----------------------------------------
  Overall Compile Time:              165.89
  Overall Compile Wall Clock Time:   169.63

  --------------------------------------------------------------------

  Design  WNS: 0.00  TNS: 0.00  Number of Violating Paths: 0


  Design (Hold)  WNS: 0.00  TNS: 0.00  Number of Violating Paths: 0

  --------------------------------------------------------------------


1
