 
****************************************
Report : qor
Design : DLX
Version: W-2024.09-SP2
Date   : Tue Sep 29 13:20:33 2026
****************************************


  Timing Path Group 'CLK'
  -----------------------------------
  Levels of Logic:              33.00
  Critical Path Length:          1.71
  Critical Path Slack:           0.07
  Critical Path Clk Period:      1.90
  Total Negative Slack:          0.00
  No. of Violating Paths:        0.00
  Worst Hold Violation:          0.00
  Total Hold Violation:          0.00
  No. of Hold Violations:        0.00
  -----------------------------------

  Timing Path Group 'INPUTS'
  -----------------------------------
  Levels of Logic:               7.00
  Critical Path Length:          0.74
  Critical Path Slack:           0.89
  Critical Path Clk Period:      1.90
  Total Negative Slack:          0.00
  No. of Violating Paths:        0.00
  Worst Hold Violation:          0.00
  Total Hold Violation:          0.00
  No. of Hold Violations:        0.00
  -----------------------------------

  Timing Path Group 'OUTPUTS'
  -----------------------------------
  Levels of Logic:              25.00
  Critical Path Length:          1.49
  Critical Path Slack:           0.17
  Critical Path Clk Period:      1.90
  Total Negative Slack:          0.00
  No. of Violating Paths:        0.00
  Worst Hold Violation:          0.00
  Total Hold Violation:          0.00
  No. of Hold Violations:        0.00
  -----------------------------------

  Timing Path Group 'REG2REG'
  -----------------------------------
  Levels of Logic:              29.00
  Critical Path Length:          1.82
  Critical Path Slack:           0.00
  Critical Path Clk Period:      1.90
  Total Negative Slack:          0.00
  No. of Violating Paths:        0.00
  Worst Hold Violation:          0.00
  Total Hold Violation:          0.00
  No. of Hold Violations:        0.00
  -----------------------------------


  Cell Count
  -----------------------------------
  Hierarchical Cell Count:         75
  Hierarchical Port Count:        414
  Leaf Cell Count:              13749
  Buf/Inv Cell Count:            1216
  Buf Cell Count:                 166
  Inv Cell Count:                1050
  CT Buf/Inv Cell Count:            0
  Combinational Cell Count:     10840
  Sequential Cell Count:         2909
  Macro Count:                      0
  -----------------------------------


  Area
  -----------------------------------
  Combinational Area:    12037.032054
  Noncombinational Area: 13184.821537
  Buf/Inv Area:            712.082003
  Total Buffer Area:           146.03
  Total Inverter Area:         566.05
  Macro/Black Box Area:      0.000000
  Net Area:                  0.000000
  -----------------------------------
  Cell Area:             25221.853591
  Design Area:           25221.853591


  Design Rules
  -----------------------------------
  Total Number of Nets:         14028
  Nets With Violations:             8
  Max Trans Violations:             2
  Max Cap Violations:               8
  -----------------------------------


  Hostname: microsys.openstack.polito

  Compile CPU Statistics
  -----------------------------------------
  Resource Sharing:                    4.38
  Logic Optimization:                 21.10
  Mapping Optimization:               42.42
  -----------------------------------------
  Overall Compile Time:              131.89
  Overall Compile Wall Clock Time:   135.51

  --------------------------------------------------------------------

  Design  WNS: 0.00  TNS: 0.00  Number of Violating Paths: 0


  Design (Hold)  WNS: 0.00  TNS: 0.00  Number of Violating Paths: 0

  --------------------------------------------------------------------


1
