 
****************************************
Report : qor
Design : DLX
Version: W-2024.09-SP2
Date   : Tue Sep 29 12:36:16 2026
****************************************


  Timing Path Group 'CLK'
  -----------------------------------
  Levels of Logic:              27.00
  Critical Path Length:          1.33
  Critical Path Slack:          -0.20
  Critical Path Clk Period:      1.25
  Total Negative Slack:         -2.78
  No. of Violating Paths:       37.00
  Worst Hold Violation:          0.00
  Total Hold Violation:          0.00
  No. of Hold Violations:        0.00
  -----------------------------------

  Timing Path Group 'INPUTS'
  -----------------------------------
  Levels of Logic:               7.00
  Critical Path Length:          0.91
  Critical Path Slack:           0.13
  Critical Path Clk Period:      1.25
  Total Negative Slack:          0.00
  No. of Violating Paths:        0.00
  Worst Hold Violation:          0.00
  Total Hold Violation:          0.00
  No. of Hold Violations:        0.00
  -----------------------------------

  Timing Path Group 'OUTPUTS'
  -----------------------------------
  Levels of Logic:              26.00
  Critical Path Length:          1.24
  Critical Path Slack:          -0.17
  Critical Path Clk Period:      1.25
  Total Negative Slack:         -0.17
  No. of Violating Paths:        1.00
  Worst Hold Violation:          0.00
  Total Hold Violation:          0.00
  No. of Hold Violations:        0.00
  -----------------------------------

  Timing Path Group 'REG2REG'
  -----------------------------------
  Levels of Logic:              30.00
  Critical Path Length:          1.56
  Critical Path Slack:          -0.39
  Critical Path Clk Period:      1.25
  Total Negative Slack:       -116.12
  No. of Violating Paths:      388.00
  Worst Hold Violation:          0.00
  Total Hold Violation:          0.00
  No. of Hold Violations:        0.00
  -----------------------------------


  Cell Count
  -----------------------------------
  Hierarchical Cell Count:         75
  Hierarchical Port Count:        414
  Leaf Cell Count:              15670
  Buf/Inv Cell Count:            1870
  Buf Cell Count:                 276
  Inv Cell Count:                1594
  CT Buf/Inv Cell Count:            0
  Combinational Cell Count:     12761
  Sequential Cell Count:         2909
  Macro Count:                      0
  -----------------------------------


  Area
  -----------------------------------
  Combinational Area:    13918.450016
  Noncombinational Area: 13200.249538
  Buf/Inv Area:           1162.420006
  Total Buffer Area:           289.94
  Total Inverter Area:         872.48
  Macro/Black Box Area:      0.000000
  Net Area:                  0.000000
  -----------------------------------
  Cell Area:             27118.699555
  Design Area:           27118.699555


  Design Rules
  -----------------------------------
  Total Number of Nets:         16778
  Nets With Violations:             2
  Max Trans Violations:             2
  Max Cap Violations:               2
  -----------------------------------


  Hostname: microsys.openstack.polito

  Compile CPU Statistics
  -----------------------------------------
  Resource Sharing:                    4.11
  Logic Optimization:                 30.56
  Mapping Optimization:               78.60
  -----------------------------------------
  Overall Compile Time:              187.23
  Overall Compile Wall Clock Time:   191.11

  --------------------------------------------------------------------

  Design  WNS: 0.39  TNS: 119.06  Number of Violating Paths: 426


  Design (Hold)  WNS: 0.00  TNS: 0.00  Number of Violating Paths: 0

  --------------------------------------------------------------------


1
