 
****************************************
Report : qor
Design : DLX
Version: W-2024.09-SP2
Date   : Tue Sep 29 13:00:05 2026
****************************************


  Timing Path Group 'CLK'
  -----------------------------------
  Levels of Logic:              27.00
  Critical Path Length:          1.28
  Critical Path Slack:          -0.09
  Critical Path Clk Period:      1.30
  Total Negative Slack:         -0.58
  No. of Violating Paths:        8.00
  Worst Hold Violation:          0.00
  Total Hold Violation:          0.00
  No. of Hold Violations:        0.00
  -----------------------------------

  Timing Path Group 'INPUTS'
  -----------------------------------
  Levels of Logic:              13.00
  Critical Path Length:          0.76
  Critical Path Slack:           0.33
  Critical Path Clk Period:      1.30
  Total Negative Slack:          0.00
  No. of Violating Paths:        0.00
  Worst Hold Violation:          0.00
  Total Hold Violation:          0.00
  No. of Hold Violations:        0.00
  -----------------------------------

  Timing Path Group 'OUTPUTS'
  -----------------------------------
  Levels of Logic:              20.00
  Critical Path Length:          1.18
  Critical Path Slack:          -0.06
  Critical Path Clk Period:      1.30
  Total Negative Slack:         -0.06
  No. of Violating Paths:        1.00
  Worst Hold Violation:          0.00
  Total Hold Violation:          0.00
  No. of Hold Violations:        0.00
  -----------------------------------

  Timing Path Group 'REG2REG'
  -----------------------------------
  Levels of Logic:              30.00
  Critical Path Length:          1.54
  Critical Path Slack:          -0.31
  Critical Path Clk Period:      1.30
  Total Negative Slack:        -73.56
  No. of Violating Paths:      378.00
  Worst Hold Violation:          0.00
  Total Hold Violation:          0.00
  No. of Hold Violations:        0.00
  -----------------------------------


  Cell Count
  -----------------------------------
  Hierarchical Cell Count:         74
  Hierarchical Port Count:        296
  Leaf Cell Count:              15011
  Buf/Inv Cell Count:            1610
  Buf Cell Count:                 303
  Inv Cell Count:                1307
  CT Buf/Inv Cell Count:            0
  Combinational Cell Count:     12102
  Sequential Cell Count:         2909
  Macro Count:                      0
  -----------------------------------


  Area
  -----------------------------------
  Combinational Area:    13460.132026
  Noncombinational Area: 13202.377539
  Buf/Inv Area:           1031.016003
  Total Buffer Area:           321.59
  Total Inverter Area:         709.42
  Macro/Black Box Area:      0.000000
  Net Area:                  0.000000
  -----------------------------------
  Cell Area:             26662.509565
  Design Area:           26662.509565


  Design Rules
  -----------------------------------
  Total Number of Nets:         15414
  Nets With Violations:             1
  Max Trans Violations:             0
  Max Cap Violations:               1
  -----------------------------------


  Hostname: microsys.openstack.polito

  Compile CPU Statistics
  -----------------------------------------
  Resource Sharing:                    4.19
  Logic Optimization:                 28.48
  Mapping Optimization:               90.59
  -----------------------------------------
  Overall Compile Time:              190.81
  Overall Compile Wall Clock Time:   194.81

  --------------------------------------------------------------------

  Design  WNS: 0.31  TNS: 74.20  Number of Violating Paths: 387


  Design (Hold)  WNS: 0.00  TNS: 0.00  Number of Violating Paths: 0

  --------------------------------------------------------------------


1
