 
****************************************
Report : qor
Design : DLX
Version: W-2024.09-SP2
Date   : Tue Sep 29 13:11:23 2026
****************************************


  Timing Path Group 'CLK'
  -----------------------------------
  Levels of Logic:              27.00
  Critical Path Length:          1.42
  Critical Path Slack:           0.07
  Critical Path Clk Period:      1.60
  Total Negative Slack:          0.00
  No. of Violating Paths:        0.00
  Worst Hold Violation:          0.00
  Total Hold Violation:          0.00
  No. of Hold Violations:        0.00
  -----------------------------------

  Timing Path Group 'INPUTS'
  -----------------------------------
  Levels of Logic:               9.00
  Critical Path Length:          0.76
  Critical Path Slack:           0.61
  Critical Path Clk Period:      1.60
  Total Negative Slack:          0.00
  No. of Violating Paths:        0.00
  Worst Hold Violation:          0.00
  Total Hold Violation:          0.00
  No. of Hold Violations:        0.00
  -----------------------------------

  Timing Path Group 'OUTPUTS'
  -----------------------------------
  Levels of Logic:              24.00
  Critical Path Length:          1.28
  Critical Path Slack:           0.11
  Critical Path Clk Period:      1.60
  Total Negative Slack:          0.00
  No. of Violating Paths:        0.00
  Worst Hold Violation:          0.00
  Total Hold Violation:          0.00
  No. of Hold Violations:        0.00
  -----------------------------------

  Timing Path Group 'REG2REG'
  -----------------------------------
  Levels of Logic:              30.00
  Critical Path Length:          1.56
  Critical Path Slack:          -0.04
  Critical Path Clk Period:      1.60
  Total Negative Slack:         -3.14
  No. of Violating Paths:      149.00
  Worst Hold Violation:          0.00
  Total Hold Violation:          0.00
  No. of Hold Violations:        0.00
  -----------------------------------


  Cell Count
  -----------------------------------
  Hierarchical Cell Count:         75
  Hierarchical Port Count:        414
  Leaf Cell Count:              14713
  Buf/Inv Cell Count:            1541
  Buf Cell Count:                 353
  Inv Cell Count:                1188
  CT Buf/Inv Cell Count:            0
  Combinational Cell Count:     11804
  Sequential Cell Count:         2909
  Macro Count:                      0
  -----------------------------------


  Area
  -----------------------------------
  Combinational Area:    12965.638032
  Noncombinational Area: 13188.545537
  Buf/Inv Area:           1002.288000
  Total Buffer Area:           347.93
  Total Inverter Area:         654.36
  Macro/Black Box Area:      0.000000
  Net Area:                  0.000000
  -----------------------------------
  Cell Area:             26154.183569
  Design Area:           26154.183569


  Design Rules
  -----------------------------------
  Total Number of Nets:         14995
  Nets With Violations:             5
  Max Trans Violations:             2
  Max Cap Violations:               5
  -----------------------------------


  Hostname: microsys.openstack.polito

  Compile CPU Statistics
  -----------------------------------------
  Resource Sharing:                    4.21
  Logic Optimization:                 21.07
  Mapping Optimization:               96.12
  -----------------------------------------
  Overall Compile Time:              189.45
  Overall Compile Wall Clock Time:   193.44

  --------------------------------------------------------------------

  Design  WNS: 0.04  TNS: 3.14  Number of Violating Paths: 149


  Design (Hold)  WNS: 0.00  TNS: 0.00  Number of Violating Paths: 0

  --------------------------------------------------------------------


1
