 
****************************************
Report : qor
Design : DLX
Version: W-2024.09-SP2
Date   : Tue Sep 29 13:29:00 2026
****************************************


  Timing Path Group 'CLK'
  -----------------------------------
  Levels of Logic:              55.00
  Critical Path Length:          3.20
  Critical Path Slack:           0.18
  Critical Path Clk Period:      3.50
  Total Negative Slack:          0.00
  No. of Violating Paths:        0.00
  Worst Hold Violation:          0.00
  Total Hold Violation:          0.00
  No. of Hold Violations:        0.00
  -----------------------------------

  Timing Path Group 'INPUTS'
  -----------------------------------
  Levels of Logic:               8.00
  Critical Path Length:          0.84
  Critical Path Slack:           2.24
  Critical Path Clk Period:      3.50
  Total Negative Slack:          0.00
  No. of Violating Paths:        0.00
  Worst Hold Violation:          0.00
  Total Hold Violation:          0.00
  No. of Hold Violations:        0.00
  -----------------------------------

  Timing Path Group 'OUTPUTS'
  -----------------------------------
  Levels of Logic:              34.00
  Critical Path Length:          2.47
  Critical Path Slack:           0.63
  Critical Path Clk Period:      3.50
  Total Negative Slack:          0.00
  No. of Violating Paths:        0.00
  Worst Hold Violation:          0.00
  Total Hold Violation:          0.00
  No. of Hold Violations:        0.00
  -----------------------------------

  Timing Path Group 'REG2REG'
  -----------------------------------
  Levels of Logic:              57.00
  Critical Path Length:          3.41
  Critical Path Slack:           0.00
  Critical Path Clk Period:      3.50
  Total Negative Slack:          0.00
  No. of Violating Paths:        0.00
  Worst Hold Violation:          0.00
  Total Hold Violation:          0.00
  No. of Hold Violations:        0.00
  -----------------------------------


  Cell Count
  -----------------------------------
  Hierarchical Cell Count:         77
  Hierarchical Port Count:        807
  Leaf Cell Count:              11510
  Buf/Inv Cell Count:            1048
  Buf Cell Count:                 140
  Inv Cell Count:                 908
  CT Buf/Inv Cell Count:            0
  Combinational Cell Count:      8601
  Sequential Cell Count:         2909
  Macro Count:                      0
  -----------------------------------


  Area
  -----------------------------------
  Combinational Area:    10189.396110
  Noncombinational Area: 13183.225536
  Buf/Inv Area:            607.810002
  Total Buffer Area:           116.51
  Total Inverter Area:         491.30
  Macro/Black Box Area:      0.000000
  Net Area:                  0.000000
  -----------------------------------
  Cell Area:             23372.621647
  Design Area:           23372.621647


  Design Rules
  -----------------------------------
  Total Number of Nets:         11738
  Nets With Violations:            13
  Max Trans Violations:             5
  Max Cap Violations:              13
  -----------------------------------


  Hostname: microsys.openstack.polito

  Compile CPU Statistics
  -----------------------------------------
  Resource Sharing:                    4.08
  Logic Optimization:                 11.70
  Mapping Optimization:               16.94
  -----------------------------------------
  Overall Compile Time:               90.65
  Overall Compile Wall Clock Time:    93.77

  --------------------------------------------------------------------

  Design  WNS: 0.00  TNS: 0.00  Number of Violating Paths: 0


  Design (Hold)  WNS: 0.00  TNS: 0.00  Number of Violating Paths: 0

  --------------------------------------------------------------------


1
