 
****************************************
Report : qor
Design : DLX
Version: W-2024.09-SP2
Date   : Tue Sep 29 12:44:41 2026
****************************************


  Timing Path Group 'CLK'
  -----------------------------------
  Levels of Logic:              26.00
  Critical Path Length:          1.33
  Critical Path Slack:           0.00
  Critical Path Clk Period:      1.45
  Total Negative Slack:          0.00
  No. of Violating Paths:        0.00
  Worst Hold Violation:          0.00
  Total Hold Violation:          0.00
  No. of Hold Violations:        0.00
  -----------------------------------

  Timing Path Group 'INPUTS'
  -----------------------------------
  Levels of Logic:               8.00
  Critical Path Length:          0.65
  Critical Path Slack:           0.58
  Critical Path Clk Period:      1.45
  Total Negative Slack:          0.00
  No. of Violating Paths:        0.00
  Worst Hold Violation:          0.00
  Total Hold Violation:          0.00
  No. of Hold Violations:        0.00
  -----------------------------------

  Timing Path Group 'OUTPUTS'
  -----------------------------------
  Levels of Logic:              24.00
  Critical Path Length:          1.26
  Critical Path Slack:           0.00
  Critical Path Clk Period:      1.45
  Total Negative Slack:         -0.00
  No. of Violating Paths:        1.00
  Worst Hold Violation:          0.00
  Total Hold Violation:          0.00
  No. of Hold Violations:        0.00
  -----------------------------------

  Timing Path Group 'REG2REG'
  -----------------------------------
  Levels of Logic:              29.00
  Critical Path Length:          1.51
  Critical Path Slack:          -0.14
  Critical Path Clk Period:      1.45
  Total Negative Slack:        -26.63
  No. of Violating Paths:      291.00
  Worst Hold Violation:          0.00
  Total Hold Violation:          0.00
  No. of Hold Violations:        0.00
  -----------------------------------


  Cell Count
  -----------------------------------
  Hierarchical Cell Count:         75
  Hierarchical Port Count:        414
  Leaf Cell Count:              15761
  Buf/Inv Cell Count:            1687
  Buf Cell Count:                 325
  Inv Cell Count:                1362
  CT Buf/Inv Cell Count:            0
  Combinational Cell Count:     12852
  Sequential Cell Count:         2909
  Macro Count:                      0
  -----------------------------------


  Area
  -----------------------------------
  Combinational Area:    13908.608002
  Noncombinational Area: 13215.145540
  Buf/Inv Area:           1087.940004
  Total Buffer Area:           348.99
  Total Inverter Area:         738.95
  Macro/Black Box Area:      0.000000
  Net Area:                  0.000000
  -----------------------------------
  Cell Area:             27123.753542
  Design Area:           27123.753542


  Design Rules
  -----------------------------------
  Total Number of Nets:         16809
  Nets With Violations:             4
  Max Trans Violations:             1
  Max Cap Violations:               4
  -----------------------------------


  Hostname: microsys.openstack.polito

  Compile CPU Statistics
  -----------------------------------------
  Resource Sharing:                    5.15
  Logic Optimization:                 26.72
  Mapping Optimization:              128.43
  -----------------------------------------
  Overall Compile Time:              245.03
  Overall Compile Wall Clock Time:   250.34

  --------------------------------------------------------------------

  Design  WNS: 0.14  TNS: 26.64  Number of Violating Paths: 292


  Design (Hold)  WNS: 0.00  TNS: 0.00  Number of Violating Paths: 0

  --------------------------------------------------------------------


1
