 
****************************************
Report : timing
        -path full
        -delay max
        -nworst 2
        -group REG2REG
        -max_paths 10
Design : DLX
Version: W-2024.09-SP2
Date   : Tue Sep 29 13:25:12 2026
****************************************

Operating Conditions: typical   Library: NangateOpenCellLibrary
Wire Load Model Mode: top

  Startpoint: CP_i_ex_mem_reg_i_WF1_out_reg
              (rising edge-triggered flip-flop clocked by CLK)
  Endpoint: DP_i/execute_i_boothmul_i_tree_i_register_i_3_Y_temp_reg_28_
            (rising edge-triggered flip-flop clocked by CLK)
  Path Group: REG2REG
  Path Type: max

  Des/Clust/Port     Wire Load Model       Library
  ------------------------------------------------
  DLX                5K_hvratio_1_4        NangateOpenCellLibrary

  Point                                                   Incr       Path
  --------------------------------------------------------------------------
  clock CLK (rise edge)                                 0.0000     0.0000
  clock network delay (ideal)                           0.0500     0.0500
  CP_i_ex_mem_reg_i_WF1_out_reg/CK (DFF_X1)             0.0000     0.0500 r
  CP_i_ex_mem_reg_i_WF1_out_reg/Q (DFF_X1)              0.1031     0.1531 r
  U889/ZN (NAND2_X1)                                    0.0335     0.1866 f
  U890/ZN (NOR2_X1)                                     0.0559     0.2425 r
  U903/ZN (OAI211_X1)                                   0.0480     0.2905 f
  U904/ZN (NOR3_X1)                                     0.0857     0.3761 r
  DP_i/fw_ex_ex_rs2 (DataPath)                          0.0000     0.3761 r
  DP_i/U777/ZN (INV_X1)                                 0.0454     0.4215 f
  DP_i/U1101/Z (BUF_X1)                                 0.0627     0.4842 f
  DP_i/U245/ZN (OR2_X1)                                 0.0716     0.5558 f
  DP_i/U1201/ZN (NAND3_X1)                              0.0446     0.6004 r
  DP_i/U1202/ZN (NAND2_X1)                              0.0338     0.6342 f
  DP_i/U525/ZN (NAND2_X1)                               0.0434     0.6776 r
  DP_i/U1414/Z (BUF_X2)                                 0.0940     0.7716 r
  DP_i/U2233/ZN (NAND2_X1)                              0.0694     0.8410 f
  DP_i/U2234/ZN (NAND3_X1)                              0.0449     0.8858 r
  DP_i/U43/ZN (INV_X1)                                  0.0907     0.9765 f
  DP_i/U3/ZN (AOI221_X2)                                0.1957     1.1723 r
  DP_i/U196/ZN (INV_X1)                                 0.0883     1.2606 f
  DP_i/U2236/ZN (AOI22_X1)                              0.0886     1.3492 r
  DP_i/U2237/ZN (INV_X1)                                0.0805     1.4296 f
  DP_i/U2238/ZN (AOI22_X1)                              0.1464     1.5761 r
  DP_i/U124/ZN (INV_X1)                                 0.0605     1.6366 f
  DP_i/U2405/ZN (OAI22_X1)                              0.1154     1.7520 r
  DP_i/U2407/Z (XOR2_X2)                                0.2064     1.9584 r
  DP_i/U2542/ZN (XNOR2_X1)                              0.1095     2.0679 r
  DP_i/U2543/ZN (XNOR2_X1)                              0.0676     2.1356 r
  DP_i/U2544/ZN (XNOR2_X1)                              0.0671     2.2027 r
  DP_i/U2545/ZN (XNOR2_X1)                              0.0771     2.2798 r
  DP_i/U4681/Z (XOR2_X1)                                0.0889     2.3687 r
  DP_i/U2322/ZN (OAI21_X1)                              0.0355     2.4042 f
  DP_i/U2323/ZN (AOI21_X1)                              0.0536     2.4578 r
  DP_i/execute_i_boothmul_i_tree_i_register_i_3_Y_temp_reg_28_/D (DFF_X1)
                                                        0.0110     2.4688 r
  data arrival time                                                2.4688

  clock CLK (rise edge)                                 2.5000     2.5000
  clock network delay (ideal)                           0.0500     2.5500
  clock uncertainty                                    -0.0500     2.5000
  DP_i/execute_i_boothmul_i_tree_i_register_i_3_Y_temp_reg_28_/CK (DFF_X1)
                                                        0.0000     2.5000 r
  library setup time                                   -0.0295     2.4705
  data required time                                               2.4705
  --------------------------------------------------------------------------
  data required time                                               2.4705
  data arrival time                                               -2.4688
  --------------------------------------------------------------------------
  slack (MET)                                                      0.0018


  Startpoint: CP_i_ex_mem_reg_i_WF1_out_reg
              (rising edge-triggered flip-flop clocked by CLK)
  Endpoint: DP_i/execute_i_boothmul_i_tree_i_register_i_3_Y_temp_reg_28_
            (rising edge-triggered flip-flop clocked by CLK)
  Path Group: REG2REG
  Path Type: max

  Des/Clust/Port     Wire Load Model       Library
  ------------------------------------------------
  DLX                5K_hvratio_1_4        NangateOpenCellLibrary

  Point                                                   Incr       Path
  --------------------------------------------------------------------------
  clock CLK (rise edge)                                 0.0000     0.0000
  clock network delay (ideal)                           0.0500     0.0500
  CP_i_ex_mem_reg_i_WF1_out_reg/CK (DFF_X1)             0.0000     0.0500 r
  CP_i_ex_mem_reg_i_WF1_out_reg/Q (DFF_X1)              0.1031     0.1531 r
  U889/ZN (NAND2_X1)                                    0.0335     0.1866 f
  U890/ZN (NOR2_X1)                                     0.0559     0.2425 r
  U903/ZN (OAI211_X1)                                   0.0480     0.2905 f
  U904/ZN (NOR3_X1)                                     0.0857     0.3761 r
  DP_i/fw_ex_ex_rs2 (DataPath)                          0.0000     0.3761 r
  DP_i/U777/ZN (INV_X1)                                 0.0454     0.4215 f
  DP_i/U1101/Z (BUF_X1)                                 0.0627     0.4842 f
  DP_i/U245/ZN (OR2_X1)                                 0.0716     0.5558 f
  DP_i/U1201/ZN (NAND3_X1)                              0.0446     0.6004 r
  DP_i/U1202/ZN (NAND2_X1)                              0.0338     0.6342 f
  DP_i/U525/ZN (NAND2_X1)                               0.0434     0.6776 r
  DP_i/U1414/Z (BUF_X2)                                 0.0940     0.7716 r
  DP_i/U2233/ZN (NAND2_X1)                              0.0694     0.8410 f
  DP_i/U2234/ZN (NAND3_X1)                              0.0449     0.8858 r
  DP_i/U43/ZN (INV_X1)                                  0.0907     0.9765 f
  DP_i/U3/ZN (AOI221_X2)                                0.1957     1.1723 r
  DP_i/U196/ZN (INV_X1)                                 0.0883     1.2606 f
  DP_i/U2236/ZN (AOI22_X1)                              0.0886     1.3492 r
  DP_i/U2237/ZN (INV_X1)                                0.0805     1.4296 f
  DP_i/U2238/ZN (AOI22_X1)                              0.1464     1.5761 r
  DP_i/U124/ZN (INV_X1)                                 0.0605     1.6366 f
  DP_i/U2405/ZN (OAI22_X1)                              0.1142     1.7507 r
  DP_i/U2407/Z (XOR2_X2)                                0.2064     1.9571 r
  DP_i/U2542/ZN (XNOR2_X1)                              0.1095     2.0667 r
  DP_i/U2543/ZN (XNOR2_X1)                              0.0676     2.1343 r
  DP_i/U2544/ZN (XNOR2_X1)                              0.0671     2.2014 r
  DP_i/U2545/ZN (XNOR2_X1)                              0.0771     2.2785 r
  DP_i/U4681/Z (XOR2_X1)                                0.0889     2.3674 r
  DP_i/U2322/ZN (OAI21_X1)                              0.0355     2.4029 f
  DP_i/U2323/ZN (AOI21_X1)                              0.0536     2.4565 r
  DP_i/execute_i_boothmul_i_tree_i_register_i_3_Y_temp_reg_28_/D (DFF_X1)
                                                        0.0110     2.4675 r
  data arrival time                                                2.4675

  clock CLK (rise edge)                                 2.5000     2.5000
  clock network delay (ideal)                           0.0500     2.5500
  clock uncertainty                                    -0.0500     2.5000
  DP_i/execute_i_boothmul_i_tree_i_register_i_3_Y_temp_reg_28_/CK (DFF_X1)
                                                        0.0000     2.5000 r
  library setup time                                   -0.0295     2.4705
  data required time                                               2.4705
  --------------------------------------------------------------------------
  data required time                                               2.4705
  data arrival time                                               -2.4675
  --------------------------------------------------------------------------
  slack (MET)                                                      0.0030


  Startpoint: DP_i/execute_i_rd_out_reg_i_Y_reg_1_
              (rising edge-triggered flip-flop clocked by CLK)
  Endpoint: DP_i/execute_i_zero_alu_bit_Y_reg
            (rising edge-triggered flip-flop clocked by CLK)
  Path Group: REG2REG
  Path Type: max

  Des/Clust/Port     Wire Load Model       Library
  ------------------------------------------------
  DLX                5K_hvratio_1_4        NangateOpenCellLibrary

  Point                                                   Incr       Path
  --------------------------------------------------------------------------
  clock CLK (rise edge)                                 0.0000     0.0000
  clock network delay (ideal)                           0.0500     0.0500
  DP_i/execute_i_rd_out_reg_i_Y_reg_1_/CK (DFF_X1)      0.0000     0.0500 r
  DP_i/execute_i_rd_out_reg_i_Y_reg_1_/Q (DFF_X1)       0.0993     0.1493 f
  DP_i/rd_ex_mem_1_ (DataPath)                          0.0000     0.1493 f
  U897/ZN (INV_X1)                                      0.0483     0.1976 r
  U886/Z (XOR2_X1)                                      0.0766     0.2742 r
  U887/ZN (NAND2_X1)                                    0.0356     0.3098 f
  U773/ZN (NOR3_X2)                                     0.1219     0.4317 r
  DP_i/fw_ex_ex_rs1 (DataPath)                          0.0000     0.4317 r
  DP_i/U781/ZN (INV_X1)                                 0.0500     0.4817 f
  DP_i/U438/ZN (NAND2_X2)                               0.1085     0.5902 r
  DP_i/U249/ZN (OAI222_X1)                              0.1143     0.7045 f
  DP_i/U243/ZN (INV_X1)                                 0.1389     0.8434 r
  DP_i/U1204/ZN (NAND2_X1)                              0.0558     0.8992 f
  DP_i/U1206/ZN (AOI21_X1)                              0.0614     0.9606 r
  DP_i/U1214/ZN (AOI211_X1)                             0.0371     0.9977 f
  DP_i/U1215/ZN (NOR2_X1)                               0.0563     1.0540 r
  DP_i/U1217/ZN (NAND2_X1)                              0.0357     1.0898 f
  DP_i/U1219/ZN (NOR3_X1)                               0.0629     1.1526 r
  DP_i/U1222/ZN (AOI211_X1)                             0.0362     1.1888 f
  DP_i/U1344/CO (FA_X1)                                 0.1055     1.2943 f
  DP_i/U499/ZN (OAI21_X1)                               0.0681     1.3624 r
  DP_i/U1231/ZN (OAI21_X1)                              0.0388     1.4012 f
  DP_i/U1246/ZN (OR2_X1)                                0.0580     1.4592 f
  DP_i/U1254/ZN (XNOR2_X1)                              0.0646     1.5238 f
  DP_i/U1256/ZN (NAND2_X1)                              0.0362     1.5600 r
  DP_i/U1257/ZN (NAND2_X1)                              0.0394     1.5993 f
  DP_i/U495/ZN (OR2_X1)                                 0.0659     1.6653 f
  DP_i/U496/ZN (NAND3_X1)                               0.0359     1.7012 r
  DP_i/U477/ZN (INV_X1)                                 0.0241     1.7253 f
  DP_i/U17/ZN (OR2_X1)                                  0.0687     1.7940 f
  DP_i/U478/ZN (NAND3_X1)                               0.0418     1.8358 r
  DP_i/U1293/ZN (NAND2_X1)                              0.0415     1.8773 f
  DP_i/U490/ZN (NAND4_X1)                               0.0411     1.9184 r
  DP_i/U479/ZN (NAND2_X1)                               0.0386     1.9570 f
  DP_i/U437/ZN (NAND2_X1)                               0.0455     2.0024 r
  DP_i/U1310/ZN (AOI21_X1)                              0.0411     2.0435 f
  DP_i/U1316/ZN (XNOR2_X1)                              0.0707     2.1142 f
  DP_i/U1359/ZN (NOR4_X2)                               0.1125     2.2267 r
  DP_i/U1360/ZN (INV_X1)                                0.0350     2.2617 f
  DP_i/U1363/ZN (OAI21_X1)                              0.0508     2.3125 r
  DP_i/U493/ZN (NAND2_X1)                               0.0312     2.3437 f
  DP_i/U142/ZN (NAND4_X1)                               0.0359     2.3796 r
  DP_i/U475/ZN (NAND4_X1)                               0.0482     2.4278 f
  DP_i/U279/ZN (NAND2_X1)                               0.0313     2.4591 r
  DP_i/execute_i_zero_alu_bit_Y_reg/D (DFF_X1)          0.0110     2.4701 r
  data arrival time                                                2.4701

  clock CLK (rise edge)                                 2.5000     2.5000
  clock network delay (ideal)                           0.0500     2.5500
  clock uncertainty                                    -0.0500     2.5000
  DP_i/execute_i_zero_alu_bit_Y_reg/CK (DFF_X1)         0.0000     2.5000 r
  library setup time                                   -0.0267     2.4733
  data required time                                               2.4733
  --------------------------------------------------------------------------
  data required time                                               2.4733
  data arrival time                                               -2.4701
  --------------------------------------------------------------------------
  slack (MET)                                                      0.0032


  Startpoint: DP_i/execute_i_rd_out_reg_i_Y_reg_1_
              (rising edge-triggered flip-flop clocked by CLK)
  Endpoint: DP_i/execute_i_zero_alu_bit_Y_reg
            (rising edge-triggered flip-flop clocked by CLK)
  Path Group: REG2REG
  Path Type: max

  Des/Clust/Port     Wire Load Model       Library
  ------------------------------------------------
  DLX                5K_hvratio_1_4        NangateOpenCellLibrary

  Point                                                   Incr       Path
  --------------------------------------------------------------------------
  clock CLK (rise edge)                                 0.0000     0.0000
  clock network delay (ideal)                           0.0500     0.0500
  DP_i/execute_i_rd_out_reg_i_Y_reg_1_/CK (DFF_X1)      0.0000     0.0500 r
  DP_i/execute_i_rd_out_reg_i_Y_reg_1_/Q (DFF_X1)       0.0993     0.1493 f
  DP_i/rd_ex_mem_1_ (DataPath)                          0.0000     0.1493 f
  U897/ZN (INV_X1)                                      0.0483     0.1976 r
  U886/Z (XOR2_X1)                                      0.0766     0.2742 r
  U887/ZN (NAND2_X1)                                    0.0356     0.3098 f
  U773/ZN (NOR3_X2)                                     0.1219     0.4317 r
  DP_i/fw_ex_ex_rs1 (DataPath)                          0.0000     0.4317 r
  DP_i/U781/ZN (INV_X1)                                 0.0500     0.4817 f
  DP_i/U438/ZN (NAND2_X2)                               0.1085     0.5902 r
  DP_i/U249/ZN (OAI222_X1)                              0.1143     0.7045 f
  DP_i/U243/ZN (INV_X1)                                 0.1389     0.8434 r
  DP_i/U1204/ZN (NAND2_X1)                              0.0558     0.8992 f
  DP_i/U1206/ZN (AOI21_X1)                              0.0614     0.9606 r
  DP_i/U1214/ZN (AOI211_X1)                             0.0371     0.9977 f
  DP_i/U1215/ZN (NOR2_X1)                               0.0563     1.0540 r
  DP_i/U1217/ZN (NAND2_X1)                              0.0357     1.0898 f
  DP_i/U1219/ZN (NOR3_X1)                               0.0629     1.1526 r
  DP_i/U1222/ZN (AOI211_X1)                             0.0362     1.1888 f
  DP_i/U1344/CO (FA_X1)                                 0.1055     1.2943 f
  DP_i/U499/ZN (OAI21_X1)                               0.0681     1.3624 r
  DP_i/U1231/ZN (OAI21_X1)                              0.0388     1.4012 f
  DP_i/U1246/ZN (OR2_X1)                                0.0580     1.4592 f
  DP_i/U1254/ZN (XNOR2_X1)                              0.0646     1.5238 f
  DP_i/U1256/ZN (NAND2_X1)                              0.0362     1.5600 r
  DP_i/U1257/ZN (NAND2_X1)                              0.0394     1.5993 f
  DP_i/U495/ZN (OR2_X1)                                 0.0659     1.6653 f
  DP_i/U496/ZN (NAND3_X1)                               0.0359     1.7012 r
  DP_i/U477/ZN (INV_X1)                                 0.0241     1.7253 f
  DP_i/U17/ZN (OR2_X1)                                  0.0687     1.7940 f
  DP_i/U478/ZN (NAND3_X1)                               0.0418     1.8358 r
  DP_i/U1293/ZN (NAND2_X1)                              0.0415     1.8773 f
  DP_i/U490/ZN (NAND4_X1)                               0.0411     1.9184 r
  DP_i/U479/ZN (NAND2_X1)                               0.0386     1.9570 f
  DP_i/U437/ZN (NAND2_X1)                               0.0455     2.0024 r
  DP_i/U1310/ZN (AOI21_X1)                              0.0411     2.0435 f
  DP_i/U1316/ZN (XNOR2_X1)                              0.0707     2.1142 f
  DP_i/U1359/ZN (NOR4_X2)                               0.1125     2.2267 r
  DP_i/U1364/ZN (NAND2_X1)                              0.0383     2.2651 f
  DP_i/U1365/ZN (OAI211_X1)                             0.0438     2.3089 r
  DP_i/U492/ZN (NAND2_X1)                               0.0316     2.3404 f
  DP_i/U142/ZN (NAND4_X1)                               0.0385     2.3790 r
  DP_i/U475/ZN (NAND4_X1)                               0.0482     2.4272 f
  DP_i/U279/ZN (NAND2_X1)                               0.0313     2.4585 r
  DP_i/execute_i_zero_alu_bit_Y_reg/D (DFF_X1)          0.0110     2.4695 r
  data arrival time                                                2.4695

  clock CLK (rise edge)                                 2.5000     2.5000
  clock network delay (ideal)                           0.0500     2.5500
  clock uncertainty                                    -0.0500     2.5000
  DP_i/execute_i_zero_alu_bit_Y_reg/CK (DFF_X1)         0.0000     2.5000 r
  library setup time                                   -0.0267     2.4733
  data required time                                               2.4733
  --------------------------------------------------------------------------
  data required time                                               2.4733
  data arrival time                                               -2.4695
  --------------------------------------------------------------------------
  slack (MET)                                                      0.0038


  Startpoint: CP_i_ex_mem_reg_i_WF1_out_reg
              (rising edge-triggered flip-flop clocked by CLK)
  Endpoint: DP_i/execute_i_boothmul_i_tree_i_register_i_2_Y_temp_reg_30_
            (rising edge-triggered flip-flop clocked by CLK)
  Path Group: REG2REG
  Path Type: max

  Des/Clust/Port     Wire Load Model       Library
  ------------------------------------------------
  DLX                5K_hvratio_1_4        NangateOpenCellLibrary

  Point                                                   Incr       Path
  --------------------------------------------------------------------------
  clock CLK (rise edge)                                 0.0000     0.0000
  clock network delay (ideal)                           0.0500     0.0500
  CP_i_ex_mem_reg_i_WF1_out_reg/CK (DFF_X1)             0.0000     0.0500 r
  CP_i_ex_mem_reg_i_WF1_out_reg/Q (DFF_X1)              0.1031     0.1531 r
  U889/ZN (NAND2_X1)                                    0.0335     0.1866 f
  U890/ZN (NOR2_X1)                                     0.0559     0.2425 r
  U903/ZN (OAI211_X1)                                   0.0480     0.2905 f
  U904/ZN (NOR3_X1)                                     0.0857     0.3761 r
  U914/ZN (NOR4_X1)                                     0.0348     0.4109 f
  DP_i/fw_mem_ex_rs2 (DataPath)                         0.0000     0.4109 f
  DP_i/U779/ZN (INV_X1)                                 0.0312     0.4421 r
  DP_i/U780/ZN (AND2_X2)                                0.0660     0.5081 r
  DP_i/U423/Z (BUF_X2)                                  0.1247     0.6329 r
  DP_i/U784/ZN (AOI222_X1)                              0.0914     0.7242 f
  DP_i/U787/ZN (INV_X1)                                 0.0402     0.7645 r
  DP_i/U788/ZN (AOI22_X1)                               0.0355     0.8000 f
  DP_i/U516/ZN (INV_X1)                                 0.0888     0.8888 r
  DP_i/U1996/ZN (NAND2_X1)                              0.0723     0.9610 f
  DP_i/U706/ZN (NAND2_X1)                               0.1060     1.0670 r
  DP_i/U239/ZN (INV_X1)                                 0.0854     1.1524 f
  DP_i/U1997/ZN (AOI22_X1)                              0.1197     1.2721 r
  DP_i/U1998/ZN (INV_X1)                                0.0441     1.3162 f
  DP_i/U1999/ZN (AOI22_X1)                              0.1205     1.4367 r
  DP_i/U671/ZN (INV_X1)                                 0.0848     1.5215 f
  DP_i/U2393/ZN (XNOR2_X1)                              0.1038     1.6253 f
  DP_i/U2395/ZN (AOI22_X1)                              0.0640     1.6893 r
  DP_i/U2396/ZN (OAI21_X1)                              0.0385     1.7278 f
  DP_i/U2399/ZN (OAI21_X1)                              0.0488     1.7766 r
  DP_i/U2547/S (FA_X1)                                  0.1277     1.9043 f
  DP_i/U524/Z (XOR2_X1)                                 0.0787     1.9830 f
  DP_i/U662/ZN (XNOR2_X1)                               0.0648     2.0478 f
  DP_i/U2570/ZN (XNOR2_X1)                              0.0772     2.1250 f
  DP_i/U4603/ZN (AOI222_X1)                             0.1388     2.2638 r
  DP_i/U4605/ZN (INV_X1)                                0.0330     2.2968 f
  DP_i/U4606/ZN (NAND2_X1)                              0.0415     2.3383 r
  DP_i/U4837/ZN (OAI21_X1)                              0.0407     2.3789 f
  DP_i/U1937/ZN (OAI21_X1)                              0.0498     2.4288 r
  DP_i/U1938/ZN (AOI21_X1)                              0.0300     2.4588 f
  DP_i/execute_i_boothmul_i_tree_i_register_i_2_Y_temp_reg_30_/D (DFF_X1)
                                                        0.0104     2.4692 f
  data arrival time                                                2.4692

  clock CLK (rise edge)                                 2.5000     2.5000
  clock network delay (ideal)                           0.0500     2.5500
  clock uncertainty                                    -0.0500     2.5000
  DP_i/execute_i_boothmul_i_tree_i_register_i_2_Y_temp_reg_30_/CK (DFF_X1)
                                                        0.0000     2.5000 r
  library setup time                                   -0.0269     2.4731
  data required time                                               2.4731
  --------------------------------------------------------------------------
  data required time                                               2.4731
  data arrival time                                               -2.4692
  --------------------------------------------------------------------------
  slack (MET)                                                      0.0040


  Startpoint: CP_i_ex_mem_reg_i_WF1_out_reg
              (rising edge-triggered flip-flop clocked by CLK)
  Endpoint: DP_i/execute_i_boothmul_i_tree_i_register_i_2_Y_temp_reg_30_
            (rising edge-triggered flip-flop clocked by CLK)
  Path Group: REG2REG
  Path Type: max

  Des/Clust/Port     Wire Load Model       Library
  ------------------------------------------------
  DLX                5K_hvratio_1_4        NangateOpenCellLibrary

  Point                                                   Incr       Path
  --------------------------------------------------------------------------
  clock CLK (rise edge)                                 0.0000     0.0000
  clock network delay (ideal)                           0.0500     0.0500
  CP_i_ex_mem_reg_i_WF1_out_reg/CK (DFF_X1)             0.0000     0.0500 r
  CP_i_ex_mem_reg_i_WF1_out_reg/Q (DFF_X1)              0.1031     0.1531 r
  U889/ZN (NAND2_X1)                                    0.0335     0.1866 f
  U890/ZN (NOR2_X1)                                     0.0559     0.2425 r
  U903/ZN (OAI211_X1)                                   0.0480     0.2905 f
  U904/ZN (NOR3_X1)                                     0.0857     0.3761 r
  U914/ZN (NOR4_X1)                                     0.0348     0.4109 f
  DP_i/fw_mem_ex_rs2 (DataPath)                         0.0000     0.4109 f
  DP_i/U779/ZN (INV_X1)                                 0.0312     0.4421 r
  DP_i/U780/ZN (AND2_X2)                                0.0660     0.5081 r
  DP_i/U423/Z (BUF_X2)                                  0.1247     0.6329 r
  DP_i/U784/ZN (AOI222_X1)                              0.0914     0.7242 f
  DP_i/U787/ZN (INV_X1)                                 0.0402     0.7645 r
  DP_i/U788/ZN (AOI22_X1)                               0.0353     0.7998 f
  DP_i/U516/ZN (INV_X1)                                 0.0888     0.8886 r
  DP_i/U1996/ZN (NAND2_X1)                              0.0723     0.9608 f
  DP_i/U706/ZN (NAND2_X1)                               0.1060     1.0668 r
  DP_i/U239/ZN (INV_X1)                                 0.0854     1.1522 f
  DP_i/U1997/ZN (AOI22_X1)                              0.1197     1.2719 r
  DP_i/U1998/ZN (INV_X1)                                0.0441     1.3160 f
  DP_i/U1999/ZN (AOI22_X1)                              0.1205     1.4365 r
  DP_i/U671/ZN (INV_X1)                                 0.0848     1.5213 f
  DP_i/U2393/ZN (XNOR2_X1)                              0.1038     1.6251 f
  DP_i/U2395/ZN (AOI22_X1)                              0.0640     1.6891 r
  DP_i/U2396/ZN (OAI21_X1)                              0.0385     1.7276 f
  DP_i/U2399/ZN (OAI21_X1)                              0.0488     1.7764 r
  DP_i/U2547/S (FA_X1)                                  0.1277     1.9041 f
  DP_i/U524/Z (XOR2_X1)                                 0.0787     1.9828 f
  DP_i/U662/ZN (XNOR2_X1)                               0.0648     2.0476 f
  DP_i/U2570/ZN (XNOR2_X1)                              0.0772     2.1248 f
  DP_i/U4603/ZN (AOI222_X1)                             0.1388     2.2636 r
  DP_i/U4605/ZN (INV_X1)                                0.0330     2.2966 f
  DP_i/U4606/ZN (NAND2_X1)                              0.0415     2.3381 r
  DP_i/U4837/ZN (OAI21_X1)                              0.0407     2.3787 f
  DP_i/U1937/ZN (OAI21_X1)                              0.0498     2.4286 r
  DP_i/U1938/ZN (AOI21_X1)                              0.0300     2.4586 f
  DP_i/execute_i_boothmul_i_tree_i_register_i_2_Y_temp_reg_30_/D (DFF_X1)
                                                        0.0104     2.4690 f
  data arrival time                                                2.4690

  clock CLK (rise edge)                                 2.5000     2.5000
  clock network delay (ideal)                           0.0500     2.5500
  clock uncertainty                                    -0.0500     2.5000
  DP_i/execute_i_boothmul_i_tree_i_register_i_2_Y_temp_reg_30_/CK (DFF_X1)
                                                        0.0000     2.5000 r
  library setup time                                   -0.0269     2.4731
  data required time                                               2.4731
  --------------------------------------------------------------------------
  data required time                                               2.4731
  data arrival time                                               -2.4690
  --------------------------------------------------------------------------
  slack (MET)                                                      0.0042


  Startpoint: DP_i/fetch_i_IR_out_reg_28_
              (rising edge-triggered flip-flop clocked by CLK)
  Endpoint: DP_i/fetch_i_IR_out_reg_2_
            (rising edge-triggered flip-flop clocked by CLK)
  Path Group: REG2REG
  Path Type: max

  Des/Clust/Port     Wire Load Model       Library
  ------------------------------------------------
  DLX                5K_hvratio_1_4        NangateOpenCellLibrary

  Point                                                   Incr       Path
  --------------------------------------------------------------------------
  clock CLK (rise edge)                                 0.0000     0.0000
  clock network delay (ideal)                           0.0500     0.0500
  DP_i/fetch_i_IR_out_reg_28_/CK (DFF_X2)               0.0000     0.0500 r
  DP_i/fetch_i_IR_out_reg_28_/Q (DFF_X2)                0.1199     0.1699 f
  DP_i/opcode_2_ (DataPath)                             0.0000     0.1699 f
  U781/ZN (OR3_X1)                                      0.1156     0.2855 f
  U778/ZN (OR2_X1)                                      0.0885     0.3740 f
  DP_i/RF2_BAR (DataPath)                               0.0000     0.3740 f
  DP_i/U511/ZN (AND3_X1)                                0.0687     0.4427 f
  DP_i/U512/ZN (NOR2_X1)                                0.0501     0.4929 r
  DP_i/U880/ZN (AOI21_X1)                               0.0375     0.5304 f
  DP_i/U23/ZN (AND2_X1)                                 0.0536     0.5840 f
  DP_i/U62/ZN (OR2_X1)                                  0.0657     0.6496 f
  DP_i/U883/ZN (NOR2_X1)                                0.0582     0.7079 r
  DP_i/U885/ZN (AOI21_X1)                               0.0359     0.7438 f
  DP_i/U886/ZN (INV_X1)                                 0.0307     0.7745 r
  DP_i/U964/CO (FA_X1)                                  0.0720     0.8465 r
  DP_i/U889/ZN (NAND2_X1)                               0.0320     0.8784 f
  DP_i/U44/ZN (OR2_X1)                                  0.0678     0.9462 f
  DP_i/U509/ZN (AND3_X1)                                0.0481     0.9943 f
  DP_i/U890/ZN (NOR2_X1)                                0.0476     1.0418 r
  DP_i/U90/ZN (OR2_X1)                                  0.0426     1.0844 r
  DP_i/U503/ZN (NAND2_X1)                               0.0391     1.1235 f
  DP_i/U902/ZN (NAND3_X1)                               0.0399     1.1634 r
  DP_i/U510/ZN (NAND2_X1)                               0.0307     1.1941 f
  DP_i/U904/ZN (NAND2_X1)                               0.0316     1.2257 r
  DP_i/U906/ZN (NAND2_X1)                               0.0326     1.2583 f
  DP_i/U907/ZN (NOR2_X1)                                0.0623     1.3206 r
  DP_i/U508/ZN (OAI211_X1)                              0.0635     1.3841 f
  DP_i/U89/ZN (NAND2_X1)                                0.0417     1.4258 r
  DP_i/U480/ZN (NAND3_X1)                               0.0395     1.4652 f
  DP_i/U505/ZN (OAI211_X1)                              0.0646     1.5298 r
  DP_i/U915/ZN (NAND2_X1)                               0.0478     1.5776 f
  DP_i/U117/ZN (NOR2_X1)                                0.0488     1.6264 r
  DP_i/U432/ZN (AND2_X1)                                0.0480     1.6744 r
  DP_i/U20/ZN (OR2_X1)                                  0.0548     1.7291 r
  DP_i/U937/ZN (NAND2_X1)                               0.0356     1.7647 f
  DP_i/U938/ZN (AND2_X1)                                0.0408     1.8055 f
  DP_i/U80/ZN (AOI21_X1)                                0.0570     1.8625 r
  DP_i/U945/ZN (OR2_X1)                                 0.0416     1.9041 r
  DP_i/U946/ZN (NAND4_X1)                               0.0453     1.9494 f
  DP_i/U947/ZN (AOI211_X1)                              0.0756     2.0251 r
  DP_i/U485/ZN (AND3_X1)                                0.0588     2.0839 r
  DP_i/U484/ZN (OAI21_X1)                               0.0311     2.1150 f
  DP_i/U483/ZN (AND2_X2)                                0.0545     2.1695 f
  DP_i/U85/ZN (OR3_X1)                                  0.1089     2.2783 f
  DP_i/U26/ZN (INV_X2)                                  0.1069     2.3852 r
  DP_i/U4573/ZN (AND2_X1)                               0.0714     2.4566 r
  DP_i/fetch_i_IR_out_reg_2_/D (DFF_X1)                 0.0110     2.4676 r
  data arrival time                                                2.4676

  clock CLK (rise edge)                                 2.5000     2.5000
  clock network delay (ideal)                           0.0500     2.5500
  clock uncertainty                                    -0.0500     2.5000
  DP_i/fetch_i_IR_out_reg_2_/CK (DFF_X1)                0.0000     2.5000 r
  library setup time                                   -0.0268     2.4732
  data required time                                               2.4732
  --------------------------------------------------------------------------
  data required time                                               2.4732
  data arrival time                                               -2.4676
  --------------------------------------------------------------------------
  slack (MET)                                                      0.0056


  Startpoint: DP_i/fetch_i_IR_out_reg_28_
              (rising edge-triggered flip-flop clocked by CLK)
  Endpoint: DP_i/fetch_i_IR_out_reg_3_
            (rising edge-triggered flip-flop clocked by CLK)
  Path Group: REG2REG
  Path Type: max

  Des/Clust/Port     Wire Load Model       Library
  ------------------------------------------------
  DLX                5K_hvratio_1_4        NangateOpenCellLibrary

  Point                                                   Incr       Path
  --------------------------------------------------------------------------
  clock CLK (rise edge)                                 0.0000     0.0000
  clock network delay (ideal)                           0.0500     0.0500
  DP_i/fetch_i_IR_out_reg_28_/CK (DFF_X2)               0.0000     0.0500 r
  DP_i/fetch_i_IR_out_reg_28_/Q (DFF_X2)                0.1199     0.1699 f
  DP_i/opcode_2_ (DataPath)                             0.0000     0.1699 f
  U781/ZN (OR3_X1)                                      0.1156     0.2855 f
  U778/ZN (OR2_X1)                                      0.0885     0.3740 f
  DP_i/RF2_BAR (DataPath)                               0.0000     0.3740 f
  DP_i/U511/ZN (AND3_X1)                                0.0687     0.4427 f
  DP_i/U512/ZN (NOR2_X1)                                0.0501     0.4929 r
  DP_i/U880/ZN (AOI21_X1)                               0.0375     0.5304 f
  DP_i/U23/ZN (AND2_X1)                                 0.0536     0.5840 f
  DP_i/U62/ZN (OR2_X1)                                  0.0657     0.6496 f
  DP_i/U883/ZN (NOR2_X1)                                0.0582     0.7079 r
  DP_i/U885/ZN (AOI21_X1)                               0.0359     0.7438 f
  DP_i/U886/ZN (INV_X1)                                 0.0307     0.7745 r
  DP_i/U964/CO (FA_X1)                                  0.0720     0.8465 r
  DP_i/U889/ZN (NAND2_X1)                               0.0320     0.8784 f
  DP_i/U44/ZN (OR2_X1)                                  0.0678     0.9462 f
  DP_i/U509/ZN (AND3_X1)                                0.0481     0.9943 f
  DP_i/U890/ZN (NOR2_X1)                                0.0476     1.0418 r
  DP_i/U90/ZN (OR2_X1)                                  0.0426     1.0844 r
  DP_i/U503/ZN (NAND2_X1)                               0.0391     1.1235 f
  DP_i/U902/ZN (NAND3_X1)                               0.0399     1.1634 r
  DP_i/U510/ZN (NAND2_X1)                               0.0307     1.1941 f
  DP_i/U904/ZN (NAND2_X1)                               0.0316     1.2257 r
  DP_i/U906/ZN (NAND2_X1)                               0.0326     1.2583 f
  DP_i/U907/ZN (NOR2_X1)                                0.0623     1.3206 r
  DP_i/U508/ZN (OAI211_X1)                              0.0635     1.3841 f
  DP_i/U89/ZN (NAND2_X1)                                0.0417     1.4258 r
  DP_i/U480/ZN (NAND3_X1)                               0.0395     1.4652 f
  DP_i/U505/ZN (OAI211_X1)                              0.0646     1.5298 r
  DP_i/U915/ZN (NAND2_X1)                               0.0478     1.5776 f
  DP_i/U117/ZN (NOR2_X1)                                0.0488     1.6264 r
  DP_i/U432/ZN (AND2_X1)                                0.0480     1.6744 r
  DP_i/U20/ZN (OR2_X1)                                  0.0548     1.7291 r
  DP_i/U937/ZN (NAND2_X1)                               0.0356     1.7647 f
  DP_i/U938/ZN (AND2_X1)                                0.0408     1.8055 f
  DP_i/U80/ZN (AOI21_X1)                                0.0570     1.8625 r
  DP_i/U945/ZN (OR2_X1)                                 0.0416     1.9041 r
  DP_i/U946/ZN (NAND4_X1)                               0.0453     1.9494 f
  DP_i/U947/ZN (AOI211_X1)                              0.0756     2.0251 r
  DP_i/U485/ZN (AND3_X1)                                0.0588     2.0839 r
  DP_i/U484/ZN (OAI21_X1)                               0.0311     2.1150 f
  DP_i/U483/ZN (AND2_X2)                                0.0545     2.1695 f
  DP_i/U85/ZN (OR3_X1)                                  0.1089     2.2783 f
  DP_i/U26/ZN (INV_X2)                                  0.1069     2.3852 r
  DP_i/U4572/ZN (AND2_X1)                               0.0714     2.4566 r
  DP_i/fetch_i_IR_out_reg_3_/D (DFF_X1)                 0.0110     2.4676 r
  data arrival time                                                2.4676

  clock CLK (rise edge)                                 2.5000     2.5000
  clock network delay (ideal)                           0.0500     2.5500
  clock uncertainty                                    -0.0500     2.5000
  DP_i/fetch_i_IR_out_reg_3_/CK (DFF_X1)                0.0000     2.5000 r
  library setup time                                   -0.0268     2.4732
  data required time                                               2.4732
  --------------------------------------------------------------------------
  data required time                                               2.4732
  data arrival time                                               -2.4676
  --------------------------------------------------------------------------
  slack (MET)                                                      0.0056


  Startpoint: DP_i/fetch_i_IR_out_reg_28_
              (rising edge-triggered flip-flop clocked by CLK)
  Endpoint: DP_i/fetch_i_IR_out_reg_1_
            (rising edge-triggered flip-flop clocked by CLK)
  Path Group: REG2REG
  Path Type: max

  Des/Clust/Port     Wire Load Model       Library
  ------------------------------------------------
  DLX                5K_hvratio_1_4        NangateOpenCellLibrary

  Point                                                   Incr       Path
  --------------------------------------------------------------------------
  clock CLK (rise edge)                                 0.0000     0.0000
  clock network delay (ideal)                           0.0500     0.0500
  DP_i/fetch_i_IR_out_reg_28_/CK (DFF_X2)               0.0000     0.0500 r
  DP_i/fetch_i_IR_out_reg_28_/Q (DFF_X2)                0.1199     0.1699 f
  DP_i/opcode_2_ (DataPath)                             0.0000     0.1699 f
  U781/ZN (OR3_X1)                                      0.1156     0.2855 f
  U778/ZN (OR2_X1)                                      0.0885     0.3740 f
  DP_i/RF2_BAR (DataPath)                               0.0000     0.3740 f
  DP_i/U511/ZN (AND3_X1)                                0.0687     0.4427 f
  DP_i/U512/ZN (NOR2_X1)                                0.0501     0.4929 r
  DP_i/U880/ZN (AOI21_X1)                               0.0375     0.5304 f
  DP_i/U23/ZN (AND2_X1)                                 0.0536     0.5840 f
  DP_i/U62/ZN (OR2_X1)                                  0.0657     0.6496 f
  DP_i/U883/ZN (NOR2_X1)                                0.0582     0.7079 r
  DP_i/U885/ZN (AOI21_X1)                               0.0359     0.7438 f
  DP_i/U886/ZN (INV_X1)                                 0.0307     0.7745 r
  DP_i/U964/CO (FA_X1)                                  0.0720     0.8465 r
  DP_i/U889/ZN (NAND2_X1)                               0.0320     0.8784 f
  DP_i/U44/ZN (OR2_X1)                                  0.0678     0.9462 f
  DP_i/U509/ZN (AND3_X1)                                0.0481     0.9943 f
  DP_i/U890/ZN (NOR2_X1)                                0.0476     1.0418 r
  DP_i/U90/ZN (OR2_X1)                                  0.0426     1.0844 r
  DP_i/U503/ZN (NAND2_X1)                               0.0391     1.1235 f
  DP_i/U902/ZN (NAND3_X1)                               0.0399     1.1634 r
  DP_i/U510/ZN (NAND2_X1)                               0.0307     1.1941 f
  DP_i/U904/ZN (NAND2_X1)                               0.0316     1.2257 r
  DP_i/U906/ZN (NAND2_X1)                               0.0326     1.2583 f
  DP_i/U907/ZN (NOR2_X1)                                0.0623     1.3206 r
  DP_i/U508/ZN (OAI211_X1)                              0.0635     1.3841 f
  DP_i/U89/ZN (NAND2_X1)                                0.0417     1.4258 r
  DP_i/U480/ZN (NAND3_X1)                               0.0395     1.4652 f
  DP_i/U505/ZN (OAI211_X1)                              0.0646     1.5298 r
  DP_i/U915/ZN (NAND2_X1)                               0.0478     1.5776 f
  DP_i/U117/ZN (NOR2_X1)                                0.0488     1.6264 r
  DP_i/U432/ZN (AND2_X1)                                0.0480     1.6744 r
  DP_i/U20/ZN (OR2_X1)                                  0.0548     1.7291 r
  DP_i/U937/ZN (NAND2_X1)                               0.0356     1.7647 f
  DP_i/U938/ZN (AND2_X1)                                0.0408     1.8055 f
  DP_i/U80/ZN (AOI21_X1)                                0.0570     1.8625 r
  DP_i/U945/ZN (OR2_X1)                                 0.0416     1.9041 r
  DP_i/U946/ZN (NAND4_X1)                               0.0453     1.9494 f
  DP_i/U947/ZN (AOI211_X1)                              0.0756     2.0251 r
  DP_i/U485/ZN (AND3_X1)                                0.0588     2.0839 r
  DP_i/U484/ZN (OAI21_X1)                               0.0311     2.1150 f
  DP_i/U483/ZN (AND2_X2)                                0.0545     2.1695 f
  DP_i/U85/ZN (OR3_X1)                                  0.1089     2.2783 f
  DP_i/U26/ZN (INV_X2)                                  0.1069     2.3852 r
  DP_i/U4574/ZN (AND2_X1)                               0.0714     2.4566 r
  DP_i/fetch_i_IR_out_reg_1_/D (DFF_X1)                 0.0110     2.4676 r
  data arrival time                                                2.4676

  clock CLK (rise edge)                                 2.5000     2.5000
  clock network delay (ideal)                           0.0500     2.5500
  clock uncertainty                                    -0.0500     2.5000
  DP_i/fetch_i_IR_out_reg_1_/CK (DFF_X1)                0.0000     2.5000 r
  library setup time                                   -0.0268     2.4732
  data required time                                               2.4732
  --------------------------------------------------------------------------
  data required time                                               2.4732
  data arrival time                                               -2.4676
  --------------------------------------------------------------------------
  slack (MET)                                                      0.0056


  Startpoint: DP_i/fetch_i_IR_out_reg_28_
              (rising edge-triggered flip-flop clocked by CLK)
  Endpoint: DP_i/fetch_i_IR_out_reg_0_
            (rising edge-triggered flip-flop clocked by CLK)
  Path Group: REG2REG
  Path Type: max

  Des/Clust/Port     Wire Load Model       Library
  ------------------------------------------------
  DLX                5K_hvratio_1_4        NangateOpenCellLibrary

  Point                                                   Incr       Path
  --------------------------------------------------------------------------
  clock CLK (rise edge)                                 0.0000     0.0000
  clock network delay (ideal)                           0.0500     0.0500
  DP_i/fetch_i_IR_out_reg_28_/CK (DFF_X2)               0.0000     0.0500 r
  DP_i/fetch_i_IR_out_reg_28_/Q (DFF_X2)                0.1199     0.1699 f
  DP_i/opcode_2_ (DataPath)                             0.0000     0.1699 f
  U781/ZN (OR3_X1)                                      0.1156     0.2855 f
  U778/ZN (OR2_X1)                                      0.0885     0.3740 f
  DP_i/RF2_BAR (DataPath)                               0.0000     0.3740 f
  DP_i/U511/ZN (AND3_X1)                                0.0687     0.4427 f
  DP_i/U512/ZN (NOR2_X1)                                0.0501     0.4929 r
  DP_i/U880/ZN (AOI21_X1)                               0.0375     0.5304 f
  DP_i/U23/ZN (AND2_X1)                                 0.0536     0.5840 f
  DP_i/U62/ZN (OR2_X1)                                  0.0657     0.6496 f
  DP_i/U883/ZN (NOR2_X1)                                0.0582     0.7079 r
  DP_i/U885/ZN (AOI21_X1)                               0.0359     0.7438 f
  DP_i/U886/ZN (INV_X1)                                 0.0307     0.7745 r
  DP_i/U964/CO (FA_X1)                                  0.0720     0.8465 r
  DP_i/U889/ZN (NAND2_X1)                               0.0320     0.8784 f
  DP_i/U44/ZN (OR2_X1)                                  0.0678     0.9462 f
  DP_i/U509/ZN (AND3_X1)                                0.0481     0.9943 f
  DP_i/U890/ZN (NOR2_X1)                                0.0476     1.0418 r
  DP_i/U90/ZN (OR2_X1)                                  0.0426     1.0844 r
  DP_i/U503/ZN (NAND2_X1)                               0.0391     1.1235 f
  DP_i/U902/ZN (NAND3_X1)                               0.0399     1.1634 r
  DP_i/U510/ZN (NAND2_X1)                               0.0307     1.1941 f
  DP_i/U904/ZN (NAND2_X1)                               0.0316     1.2257 r
  DP_i/U906/ZN (NAND2_X1)                               0.0326     1.2583 f
  DP_i/U907/ZN (NOR2_X1)                                0.0623     1.3206 r
  DP_i/U508/ZN (OAI211_X1)                              0.0635     1.3841 f
  DP_i/U89/ZN (NAND2_X1)                                0.0417     1.4258 r
  DP_i/U480/ZN (NAND3_X1)                               0.0395     1.4652 f
  DP_i/U505/ZN (OAI211_X1)                              0.0646     1.5298 r
  DP_i/U915/ZN (NAND2_X1)                               0.0478     1.5776 f
  DP_i/U117/ZN (NOR2_X1)                                0.0488     1.6264 r
  DP_i/U432/ZN (AND2_X1)                                0.0480     1.6744 r
  DP_i/U20/ZN (OR2_X1)                                  0.0548     1.7291 r
  DP_i/U937/ZN (NAND2_X1)                               0.0356     1.7647 f
  DP_i/U938/ZN (AND2_X1)                                0.0408     1.8055 f
  DP_i/U80/ZN (AOI21_X1)                                0.0570     1.8625 r
  DP_i/U945/ZN (OR2_X1)                                 0.0416     1.9041 r
  DP_i/U946/ZN (NAND4_X1)                               0.0453     1.9494 f
  DP_i/U947/ZN (AOI211_X1)                              0.0756     2.0251 r
  DP_i/U485/ZN (AND3_X1)                                0.0588     2.0839 r
  DP_i/U484/ZN (OAI21_X1)                               0.0311     2.1150 f
  DP_i/U483/ZN (AND2_X2)                                0.0545     2.1695 f
  DP_i/U85/ZN (OR3_X1)                                  0.1089     2.2783 f
  DP_i/U26/ZN (INV_X2)                                  0.1069     2.3852 r
  DP_i/U4575/ZN (AND2_X1)                               0.0714     2.4566 r
  DP_i/fetch_i_IR_out_reg_0_/D (DFF_X1)                 0.0110     2.4676 r
  data arrival time                                                2.4676

  clock CLK (rise edge)                                 2.5000     2.5000
  clock network delay (ideal)                           0.0500     2.5500
  clock uncertainty                                    -0.0500     2.5000
  DP_i/fetch_i_IR_out_reg_0_/CK (DFF_X1)                0.0000     2.5000 r
  library setup time                                   -0.0268     2.4732
  data required time                                               2.4732
  --------------------------------------------------------------------------
  data required time                                               2.4732
  data arrival time                                               -2.4676
  --------------------------------------------------------------------------
  slack (MET)                                                      0.0056


1
