 
****************************************
Report : timing
        -path full
        -delay max
        -nworst 2
        -group REG2REG
        -max_paths 10
Design : DLX
Version: W-2024.09-SP2
Date   : Tue Sep 29 13:29:01 2026
****************************************

Operating Conditions: typical   Library: NangateOpenCellLibrary
Wire Load Model Mode: top

  Startpoint: DP_i/fetch_i_IR_out_reg_29_
              (rising edge-triggered flip-flop clocked by CLK)
  Endpoint: DP_i/fetch_i_pc_i_Y_reg_2_
            (rising edge-triggered flip-flop clocked by CLK)
  Path Group: REG2REG
  Path Type: max

  Des/Clust/Port     Wire Load Model       Library
  ------------------------------------------------
  DLX                5K_hvratio_1_4        NangateOpenCellLibrary

  Point                                                   Incr       Path
  --------------------------------------------------------------------------
  clock CLK (rise edge)                                 0.0000     0.0000
  clock network delay (ideal)                           0.0500     0.0500
  DP_i/fetch_i_IR_out_reg_29_/CK (DFF_X1)               0.0000     0.0500 r
  DP_i/fetch_i_IR_out_reg_29_/QN (DFF_X1)               0.0896     0.1396 r
  DP_i/opcode_3__BAR (DataPath)                         0.0000     0.1396 r
  U840/ZN (INV_X1)                                      0.0583     0.1980 f
  U850/ZN (NOR2_X1)                                     0.0746     0.2725 r
  U851/ZN (NAND2_X1)                                    0.0414     0.3140 f
  U803/ZN (OR2_X1)                                      0.1201     0.4340 f
  DP_i/RF2_BAR (DataPath)                               0.0000     0.4340 f
  DP_i/U368/ZN (AND2_X1)                                0.0822     0.5162 f
  DP_i/U369/ZN (AND2_X1)                                0.0524     0.5687 f
  DP_i/U370/ZN (AOI21_X1)                               0.0686     0.6373 r
  DP_i/U371/ZN (AOI21_X1)                               0.0442     0.6815 f
  DP_i/U372/ZN (AND2_X1)                                0.0517     0.7332 f
  DP_i/U373/ZN (NOR2_X1)                                0.0647     0.7979 r
  DP_i/U374/ZN (NAND2_X1)                               0.0506     0.8485 f
  DP_i/U376/ZN (NOR2_X1)                                0.0531     0.9016 r
  DP_i/U378/ZN (AOI21_X1)                               0.0347     0.9362 f
  DP_i/U379/ZN (INV_X1)                                 0.0304     0.9666 r
  DP_i/U473/CO (FA_X1)                                  0.0720     1.0386 r
  DP_i/U382/ZN (NAND2_X1)                               0.0443     1.0829 f
  DP_i/U185/ZN (OR2_X1)                                 0.0715     1.1545 f
  DP_i/U179/ZN (NAND2_X1)                               0.0434     1.1979 r
  DP_i/U384/ZN (NOR2_X1)                                0.0345     1.2323 f
  DP_i/U385/ZN (NOR2_X1)                                0.0714     1.3038 r
  DP_i/U387/ZN (NOR2_X1)                                0.0357     1.3395 f
  DP_i/U388/ZN (NOR2_X1)                                0.0495     1.3890 r
  DP_i/U184/ZN (AND2_X1)                                0.0684     1.4574 r
  DP_i/U392/ZN (NAND2_X1)                               0.0505     1.5079 f
  DP_i/U398/ZN (NAND3_X1)                               0.0359     1.5438 r
  DP_i/U181/ZN (AND2_X1)                                0.0444     1.5882 r
  DP_i/U470/CO (FA_X1)                                  0.0803     1.6685 r
  DP_i/U400/ZN (NAND2_X1)                               0.0434     1.7119 f
  DP_i/U401/ZN (NOR2_X1)                                0.0740     1.7859 r
  DP_i/U404/ZN (AND2_X1)                                0.0527     1.8386 r
  DP_i/U405/ZN (NOR2_X1)                                0.0313     1.8698 f
  DP_i/U407/ZN (NAND2_X1)                               0.0325     1.9023 r
  DP_i/U409/ZN (NAND3_X1)                               0.0477     1.9500 f
  DP_i/U1387/CO (FA_X1)                                 0.1092     2.0593 f
  DP_i/U412/ZN (AOI22_X1)                               0.0600     2.1193 r
  DP_i/U474/CO (FA_X1)                                  0.0864     2.2056 r
  DP_i/U172/ZN (OR2_X1)                                 0.0466     2.2522 r
  DP_i/U413/ZN (OAI21_X1)                               0.0460     2.2982 f
  DP_i/U414/ZN (NAND2_X1)                               0.0439     2.3421 r
  DP_i/U415/ZN (NAND2_X1)                               0.0465     2.3886 f
  DP_i/U416/ZN (NOR2_X1)                                0.0706     2.4592 r
  DP_i/U417/ZN (AND3_X1)                                0.0653     2.5245 r
  DP_i/U183/ZN (OR2_X1)                                 0.0611     2.5856 r
  DP_i/U426/ZN (NAND2_X1)                               0.0531     2.6387 f
  DP_i/U427/ZN (AOI21_X2)                               0.0695     2.7082 r
  DP_i/U432/ZN (INV_X1)                                 0.0352     2.7435 f
  DP_i/U440/ZN (AOI21_X1)                               0.0640     2.8075 r
  DP_i/U447/ZN (OAI22_X1)                               0.0450     2.8525 f
  DP_i/U448/ZN (INV_X1)                                 0.0285     2.8810 r
  DP_i/U171/ZN (AND4_X1)                                0.0662     2.9472 r
  DP_i/U520/ZN (NAND2_X1)                               0.0285     2.9757 f
  DP_i/U521/ZN (AOI22_X1)                               0.0560     3.0317 r
  DP_i/U44/ZN (AOI21_X1)                                0.0538     3.0855 f
  DP_i/U3218/ZN (NOR3_X1)                               0.1367     3.2222 r
  DP_i/U3220/Z (BUF_X1)                                 0.1186     3.3408 r
  DP_i/U3144/ZN (AOI22_X1)                              0.0673     3.4081 f
  DP_i/U3145/ZN (OAI211_X1)                             0.0452     3.4533 r
  DP_i/fetch_i_pc_i_Y_reg_2_/D (DFF_X1)                 0.0110     3.4643 r
  data arrival time                                                3.4643

  clock CLK (rise edge)                                 3.5000     3.5000
  clock network delay (ideal)                           0.0500     3.5500
  clock uncertainty                                    -0.0500     3.5000
  DP_i/fetch_i_pc_i_Y_reg_2_/CK (DFF_X1)                0.0000     3.5000 r
  library setup time                                   -0.0318     3.4682
  data required time                                               3.4682
  --------------------------------------------------------------------------
  data required time                                               3.4682
  data arrival time                                               -3.4643
  --------------------------------------------------------------------------
  slack (MET)                                                      0.0039


  Startpoint: DP_i/fetch_i_IR_out_reg_29_
              (rising edge-triggered flip-flop clocked by CLK)
  Endpoint: DP_i/fetch_i_pc_i_Y_reg_3_
            (rising edge-triggered flip-flop clocked by CLK)
  Path Group: REG2REG
  Path Type: max

  Des/Clust/Port     Wire Load Model       Library
  ------------------------------------------------
  DLX                5K_hvratio_1_4        NangateOpenCellLibrary

  Point                                                   Incr       Path
  --------------------------------------------------------------------------
  clock CLK (rise edge)                                 0.0000     0.0000
  clock network delay (ideal)                           0.0500     0.0500
  DP_i/fetch_i_IR_out_reg_29_/CK (DFF_X1)               0.0000     0.0500 r
  DP_i/fetch_i_IR_out_reg_29_/QN (DFF_X1)               0.0896     0.1396 r
  DP_i/opcode_3__BAR (DataPath)                         0.0000     0.1396 r
  U840/ZN (INV_X1)                                      0.0583     0.1980 f
  U850/ZN (NOR2_X1)                                     0.0746     0.2725 r
  U851/ZN (NAND2_X1)                                    0.0414     0.3140 f
  U803/ZN (OR2_X1)                                      0.1201     0.4340 f
  DP_i/RF2_BAR (DataPath)                               0.0000     0.4340 f
  DP_i/U368/ZN (AND2_X1)                                0.0822     0.5162 f
  DP_i/U369/ZN (AND2_X1)                                0.0524     0.5687 f
  DP_i/U370/ZN (AOI21_X1)                               0.0686     0.6373 r
  DP_i/U371/ZN (AOI21_X1)                               0.0442     0.6815 f
  DP_i/U372/ZN (AND2_X1)                                0.0517     0.7332 f
  DP_i/U373/ZN (NOR2_X1)                                0.0647     0.7979 r
  DP_i/U374/ZN (NAND2_X1)                               0.0506     0.8485 f
  DP_i/U376/ZN (NOR2_X1)                                0.0531     0.9016 r
  DP_i/U378/ZN (AOI21_X1)                               0.0347     0.9362 f
  DP_i/U379/ZN (INV_X1)                                 0.0304     0.9666 r
  DP_i/U473/CO (FA_X1)                                  0.0720     1.0386 r
  DP_i/U382/ZN (NAND2_X1)                               0.0443     1.0829 f
  DP_i/U185/ZN (OR2_X1)                                 0.0715     1.1545 f
  DP_i/U179/ZN (NAND2_X1)                               0.0434     1.1979 r
  DP_i/U384/ZN (NOR2_X1)                                0.0345     1.2323 f
  DP_i/U385/ZN (NOR2_X1)                                0.0714     1.3038 r
  DP_i/U387/ZN (NOR2_X1)                                0.0357     1.3395 f
  DP_i/U388/ZN (NOR2_X1)                                0.0495     1.3890 r
  DP_i/U184/ZN (AND2_X1)                                0.0684     1.4574 r
  DP_i/U392/ZN (NAND2_X1)                               0.0505     1.5079 f
  DP_i/U398/ZN (NAND3_X1)                               0.0359     1.5438 r
  DP_i/U181/ZN (AND2_X1)                                0.0444     1.5882 r
  DP_i/U470/CO (FA_X1)                                  0.0803     1.6685 r
  DP_i/U400/ZN (NAND2_X1)                               0.0434     1.7119 f
  DP_i/U401/ZN (NOR2_X1)                                0.0740     1.7859 r
  DP_i/U404/ZN (AND2_X1)                                0.0527     1.8386 r
  DP_i/U405/ZN (NOR2_X1)                                0.0313     1.8698 f
  DP_i/U407/ZN (NAND2_X1)                               0.0325     1.9023 r
  DP_i/U409/ZN (NAND3_X1)                               0.0477     1.9500 f
  DP_i/U1387/CO (FA_X1)                                 0.1092     2.0593 f
  DP_i/U412/ZN (AOI22_X1)                               0.0600     2.1193 r
  DP_i/U474/CO (FA_X1)                                  0.0864     2.2056 r
  DP_i/U172/ZN (OR2_X1)                                 0.0466     2.2522 r
  DP_i/U413/ZN (OAI21_X1)                               0.0460     2.2982 f
  DP_i/U414/ZN (NAND2_X1)                               0.0439     2.3421 r
  DP_i/U415/ZN (NAND2_X1)                               0.0465     2.3886 f
  DP_i/U416/ZN (NOR2_X1)                                0.0706     2.4592 r
  DP_i/U417/ZN (AND3_X1)                                0.0653     2.5245 r
  DP_i/U183/ZN (OR2_X1)                                 0.0611     2.5856 r
  DP_i/U426/ZN (NAND2_X1)                               0.0531     2.6387 f
  DP_i/U427/ZN (AOI21_X2)                               0.0695     2.7082 r
  DP_i/U432/ZN (INV_X1)                                 0.0352     2.7435 f
  DP_i/U440/ZN (AOI21_X1)                               0.0640     2.8075 r
  DP_i/U447/ZN (OAI22_X1)                               0.0450     2.8525 f
  DP_i/U448/ZN (INV_X1)                                 0.0285     2.8810 r
  DP_i/U171/ZN (AND4_X1)                                0.0662     2.9472 r
  DP_i/U520/ZN (NAND2_X1)                               0.0285     2.9757 f
  DP_i/U521/ZN (AOI22_X1)                               0.0560     3.0317 r
  DP_i/U44/ZN (AOI21_X1)                                0.0538     3.0855 f
  DP_i/U3218/ZN (NOR3_X1)                               0.1367     3.2222 r
  DP_i/U3220/Z (BUF_X1)                                 0.1186     3.3408 r
  DP_i/U3139/ZN (AOI22_X1)                              0.0673     3.4081 f
  DP_i/U3140/ZN (OAI211_X1)                             0.0452     3.4533 r
  DP_i/fetch_i_pc_i_Y_reg_3_/D (DFF_X1)                 0.0110     3.4643 r
  data arrival time                                                3.4643

  clock CLK (rise edge)                                 3.5000     3.5000
  clock network delay (ideal)                           0.0500     3.5500
  clock uncertainty                                    -0.0500     3.5000
  DP_i/fetch_i_pc_i_Y_reg_3_/CK (DFF_X1)                0.0000     3.5000 r
  library setup time                                   -0.0318     3.4682
  data required time                                               3.4682
  --------------------------------------------------------------------------
  data required time                                               3.4682
  data arrival time                                               -3.4643
  --------------------------------------------------------------------------
  slack (MET)                                                      0.0039


  Startpoint: DP_i/fetch_i_IR_out_reg_29_
              (rising edge-triggered flip-flop clocked by CLK)
  Endpoint: DP_i/fetch_i_pc_i_Y_reg_6_
            (rising edge-triggered flip-flop clocked by CLK)
  Path Group: REG2REG
  Path Type: max

  Des/Clust/Port     Wire Load Model       Library
  ------------------------------------------------
  DLX                5K_hvratio_1_4        NangateOpenCellLibrary

  Point                                                   Incr       Path
  --------------------------------------------------------------------------
  clock CLK (rise edge)                                 0.0000     0.0000
  clock network delay (ideal)                           0.0500     0.0500
  DP_i/fetch_i_IR_out_reg_29_/CK (DFF_X1)               0.0000     0.0500 r
  DP_i/fetch_i_IR_out_reg_29_/QN (DFF_X1)               0.0896     0.1396 r
  DP_i/opcode_3__BAR (DataPath)                         0.0000     0.1396 r
  U840/ZN (INV_X1)                                      0.0583     0.1980 f
  U850/ZN (NOR2_X1)                                     0.0746     0.2725 r
  U851/ZN (NAND2_X1)                                    0.0414     0.3140 f
  U803/ZN (OR2_X1)                                      0.1201     0.4340 f
  DP_i/RF2_BAR (DataPath)                               0.0000     0.4340 f
  DP_i/U368/ZN (AND2_X1)                                0.0822     0.5162 f
  DP_i/U369/ZN (AND2_X1)                                0.0524     0.5687 f
  DP_i/U370/ZN (AOI21_X1)                               0.0686     0.6373 r
  DP_i/U371/ZN (AOI21_X1)                               0.0442     0.6815 f
  DP_i/U372/ZN (AND2_X1)                                0.0517     0.7332 f
  DP_i/U373/ZN (NOR2_X1)                                0.0647     0.7979 r
  DP_i/U374/ZN (NAND2_X1)                               0.0506     0.8485 f
  DP_i/U376/ZN (NOR2_X1)                                0.0531     0.9016 r
  DP_i/U378/ZN (AOI21_X1)                               0.0347     0.9362 f
  DP_i/U379/ZN (INV_X1)                                 0.0304     0.9666 r
  DP_i/U473/CO (FA_X1)                                  0.0720     1.0386 r
  DP_i/U382/ZN (NAND2_X1)                               0.0443     1.0829 f
  DP_i/U185/ZN (OR2_X1)                                 0.0715     1.1545 f
  DP_i/U179/ZN (NAND2_X1)                               0.0434     1.1979 r
  DP_i/U384/ZN (NOR2_X1)                                0.0345     1.2323 f
  DP_i/U385/ZN (NOR2_X1)                                0.0714     1.3038 r
  DP_i/U387/ZN (NOR2_X1)                                0.0357     1.3395 f
  DP_i/U388/ZN (NOR2_X1)                                0.0495     1.3890 r
  DP_i/U184/ZN (AND2_X1)                                0.0684     1.4574 r
  DP_i/U392/ZN (NAND2_X1)                               0.0505     1.5079 f
  DP_i/U398/ZN (NAND3_X1)                               0.0359     1.5438 r
  DP_i/U181/ZN (AND2_X1)                                0.0444     1.5882 r
  DP_i/U470/CO (FA_X1)                                  0.0803     1.6685 r
  DP_i/U400/ZN (NAND2_X1)                               0.0434     1.7119 f
  DP_i/U401/ZN (NOR2_X1)                                0.0740     1.7859 r
  DP_i/U404/ZN (AND2_X1)                                0.0527     1.8386 r
  DP_i/U405/ZN (NOR2_X1)                                0.0313     1.8698 f
  DP_i/U407/ZN (NAND2_X1)                               0.0325     1.9023 r
  DP_i/U409/ZN (NAND3_X1)                               0.0477     1.9500 f
  DP_i/U1387/CO (FA_X1)                                 0.1092     2.0593 f
  DP_i/U412/ZN (AOI22_X1)                               0.0600     2.1193 r
  DP_i/U474/CO (FA_X1)                                  0.0864     2.2056 r
  DP_i/U172/ZN (OR2_X1)                                 0.0466     2.2522 r
  DP_i/U413/ZN (OAI21_X1)                               0.0460     2.2982 f
  DP_i/U414/ZN (NAND2_X1)                               0.0439     2.3421 r
  DP_i/U415/ZN (NAND2_X1)                               0.0465     2.3886 f
  DP_i/U416/ZN (NOR2_X1)                                0.0706     2.4592 r
  DP_i/U417/ZN (AND3_X1)                                0.0653     2.5245 r
  DP_i/U183/ZN (OR2_X1)                                 0.0611     2.5856 r
  DP_i/U426/ZN (NAND2_X1)                               0.0531     2.6387 f
  DP_i/U427/ZN (AOI21_X2)                               0.0695     2.7082 r
  DP_i/U432/ZN (INV_X1)                                 0.0352     2.7435 f
  DP_i/U440/ZN (AOI21_X1)                               0.0640     2.8075 r
  DP_i/U447/ZN (OAI22_X1)                               0.0450     2.8525 f
  DP_i/U448/ZN (INV_X1)                                 0.0285     2.8810 r
  DP_i/U171/ZN (AND4_X1)                                0.0662     2.9472 r
  DP_i/U520/ZN (NAND2_X1)                               0.0285     2.9757 f
  DP_i/U521/ZN (AOI22_X1)                               0.0560     3.0317 r
  DP_i/U44/ZN (AOI21_X1)                                0.0538     3.0855 f
  DP_i/U3218/ZN (NOR3_X1)                               0.1367     3.2222 r
  DP_i/U3220/Z (BUF_X1)                                 0.1186     3.3408 r
  DP_i/U3124/ZN (AOI22_X1)                              0.0673     3.4081 f
  DP_i/U3125/ZN (OAI211_X1)                             0.0452     3.4533 r
  DP_i/fetch_i_pc_i_Y_reg_6_/D (DFF_X1)                 0.0110     3.4643 r
  data arrival time                                                3.4643

  clock CLK (rise edge)                                 3.5000     3.5000
  clock network delay (ideal)                           0.0500     3.5500
  clock uncertainty                                    -0.0500     3.5000
  DP_i/fetch_i_pc_i_Y_reg_6_/CK (DFF_X1)                0.0000     3.5000 r
  library setup time                                   -0.0318     3.4682
  data required time                                               3.4682
  --------------------------------------------------------------------------
  data required time                                               3.4682
  data arrival time                                               -3.4643
  --------------------------------------------------------------------------
  slack (MET)                                                      0.0039


  Startpoint: DP_i/fetch_i_IR_out_reg_29_
              (rising edge-triggered flip-flop clocked by CLK)
  Endpoint: DP_i/fetch_i_pc_i_Y_reg_8_
            (rising edge-triggered flip-flop clocked by CLK)
  Path Group: REG2REG
  Path Type: max

  Des/Clust/Port     Wire Load Model       Library
  ------------------------------------------------
  DLX                5K_hvratio_1_4        NangateOpenCellLibrary

  Point                                                   Incr       Path
  --------------------------------------------------------------------------
  clock CLK (rise edge)                                 0.0000     0.0000
  clock network delay (ideal)                           0.0500     0.0500
  DP_i/fetch_i_IR_out_reg_29_/CK (DFF_X1)               0.0000     0.0500 r
  DP_i/fetch_i_IR_out_reg_29_/QN (DFF_X1)               0.0896     0.1396 r
  DP_i/opcode_3__BAR (DataPath)                         0.0000     0.1396 r
  U840/ZN (INV_X1)                                      0.0583     0.1980 f
  U850/ZN (NOR2_X1)                                     0.0746     0.2725 r
  U851/ZN (NAND2_X1)                                    0.0414     0.3140 f
  U803/ZN (OR2_X1)                                      0.1201     0.4340 f
  DP_i/RF2_BAR (DataPath)                               0.0000     0.4340 f
  DP_i/U368/ZN (AND2_X1)                                0.0822     0.5162 f
  DP_i/U369/ZN (AND2_X1)                                0.0524     0.5687 f
  DP_i/U370/ZN (AOI21_X1)                               0.0686     0.6373 r
  DP_i/U371/ZN (AOI21_X1)                               0.0442     0.6815 f
  DP_i/U372/ZN (AND2_X1)                                0.0517     0.7332 f
  DP_i/U373/ZN (NOR2_X1)                                0.0647     0.7979 r
  DP_i/U374/ZN (NAND2_X1)                               0.0506     0.8485 f
  DP_i/U376/ZN (NOR2_X1)                                0.0531     0.9016 r
  DP_i/U378/ZN (AOI21_X1)                               0.0347     0.9362 f
  DP_i/U379/ZN (INV_X1)                                 0.0304     0.9666 r
  DP_i/U473/CO (FA_X1)                                  0.0720     1.0386 r
  DP_i/U382/ZN (NAND2_X1)                               0.0443     1.0829 f
  DP_i/U185/ZN (OR2_X1)                                 0.0715     1.1545 f
  DP_i/U179/ZN (NAND2_X1)                               0.0434     1.1979 r
  DP_i/U384/ZN (NOR2_X1)                                0.0345     1.2323 f
  DP_i/U385/ZN (NOR2_X1)                                0.0714     1.3038 r
  DP_i/U387/ZN (NOR2_X1)                                0.0357     1.3395 f
  DP_i/U388/ZN (NOR2_X1)                                0.0495     1.3890 r
  DP_i/U184/ZN (AND2_X1)                                0.0684     1.4574 r
  DP_i/U392/ZN (NAND2_X1)                               0.0505     1.5079 f
  DP_i/U398/ZN (NAND3_X1)                               0.0359     1.5438 r
  DP_i/U181/ZN (AND2_X1)                                0.0444     1.5882 r
  DP_i/U470/CO (FA_X1)                                  0.0803     1.6685 r
  DP_i/U400/ZN (NAND2_X1)                               0.0434     1.7119 f
  DP_i/U401/ZN (NOR2_X1)                                0.0740     1.7859 r
  DP_i/U404/ZN (AND2_X1)                                0.0527     1.8386 r
  DP_i/U405/ZN (NOR2_X1)                                0.0313     1.8698 f
  DP_i/U407/ZN (NAND2_X1)                               0.0325     1.9023 r
  DP_i/U409/ZN (NAND3_X1)                               0.0477     1.9500 f
  DP_i/U1387/CO (FA_X1)                                 0.1092     2.0593 f
  DP_i/U412/ZN (AOI22_X1)                               0.0600     2.1193 r
  DP_i/U474/CO (FA_X1)                                  0.0864     2.2056 r
  DP_i/U172/ZN (OR2_X1)                                 0.0466     2.2522 r
  DP_i/U413/ZN (OAI21_X1)                               0.0460     2.2982 f
  DP_i/U414/ZN (NAND2_X1)                               0.0439     2.3421 r
  DP_i/U415/ZN (NAND2_X1)                               0.0465     2.3886 f
  DP_i/U416/ZN (NOR2_X1)                                0.0706     2.4592 r
  DP_i/U417/ZN (AND3_X1)                                0.0653     2.5245 r
  DP_i/U183/ZN (OR2_X1)                                 0.0611     2.5856 r
  DP_i/U426/ZN (NAND2_X1)                               0.0531     2.6387 f
  DP_i/U427/ZN (AOI21_X2)                               0.0695     2.7082 r
  DP_i/U432/ZN (INV_X1)                                 0.0352     2.7435 f
  DP_i/U440/ZN (AOI21_X1)                               0.0640     2.8075 r
  DP_i/U447/ZN (OAI22_X1)                               0.0450     2.8525 f
  DP_i/U448/ZN (INV_X1)                                 0.0285     2.8810 r
  DP_i/U171/ZN (AND4_X1)                                0.0662     2.9472 r
  DP_i/U520/ZN (NAND2_X1)                               0.0285     2.9757 f
  DP_i/U521/ZN (AOI22_X1)                               0.0560     3.0317 r
  DP_i/U44/ZN (AOI21_X1)                                0.0538     3.0855 f
  DP_i/U3218/ZN (NOR3_X1)                               0.1367     3.2222 r
  DP_i/U3219/Z (BUF_X1)                                 0.1186     3.3408 r
  DP_i/U3114/ZN (AOI22_X1)                              0.0673     3.4081 f
  DP_i/U3115/ZN (OAI211_X1)                             0.0452     3.4533 r
  DP_i/fetch_i_pc_i_Y_reg_8_/D (DFF_X1)                 0.0110     3.4643 r
  data arrival time                                                3.4643

  clock CLK (rise edge)                                 3.5000     3.5000
  clock network delay (ideal)                           0.0500     3.5500
  clock uncertainty                                    -0.0500     3.5000
  DP_i/fetch_i_pc_i_Y_reg_8_/CK (DFF_X1)                0.0000     3.5000 r
  library setup time                                   -0.0318     3.4682
  data required time                                               3.4682
  --------------------------------------------------------------------------
  data required time                                               3.4682
  data arrival time                                               -3.4643
  --------------------------------------------------------------------------
  slack (MET)                                                      0.0039


  Startpoint: DP_i/fetch_i_IR_out_reg_29_
              (rising edge-triggered flip-flop clocked by CLK)
  Endpoint: DP_i/fetch_i_pc_i_Y_reg_5_
            (rising edge-triggered flip-flop clocked by CLK)
  Path Group: REG2REG
  Path Type: max

  Des/Clust/Port     Wire Load Model       Library
  ------------------------------------------------
  DLX                5K_hvratio_1_4        NangateOpenCellLibrary

  Point                                                   Incr       Path
  --------------------------------------------------------------------------
  clock CLK (rise edge)                                 0.0000     0.0000
  clock network delay (ideal)                           0.0500     0.0500
  DP_i/fetch_i_IR_out_reg_29_/CK (DFF_X1)               0.0000     0.0500 r
  DP_i/fetch_i_IR_out_reg_29_/QN (DFF_X1)               0.0896     0.1396 r
  DP_i/opcode_3__BAR (DataPath)                         0.0000     0.1396 r
  U840/ZN (INV_X1)                                      0.0583     0.1980 f
  U850/ZN (NOR2_X1)                                     0.0746     0.2725 r
  U851/ZN (NAND2_X1)                                    0.0414     0.3140 f
  U803/ZN (OR2_X1)                                      0.1201     0.4340 f
  DP_i/RF2_BAR (DataPath)                               0.0000     0.4340 f
  DP_i/U368/ZN (AND2_X1)                                0.0822     0.5162 f
  DP_i/U369/ZN (AND2_X1)                                0.0524     0.5687 f
  DP_i/U370/ZN (AOI21_X1)                               0.0686     0.6373 r
  DP_i/U371/ZN (AOI21_X1)                               0.0442     0.6815 f
  DP_i/U372/ZN (AND2_X1)                                0.0517     0.7332 f
  DP_i/U373/ZN (NOR2_X1)                                0.0647     0.7979 r
  DP_i/U374/ZN (NAND2_X1)                               0.0506     0.8485 f
  DP_i/U376/ZN (NOR2_X1)                                0.0531     0.9016 r
  DP_i/U378/ZN (AOI21_X1)                               0.0347     0.9362 f
  DP_i/U379/ZN (INV_X1)                                 0.0304     0.9666 r
  DP_i/U473/CO (FA_X1)                                  0.0720     1.0386 r
  DP_i/U382/ZN (NAND2_X1)                               0.0443     1.0829 f
  DP_i/U185/ZN (OR2_X1)                                 0.0715     1.1545 f
  DP_i/U179/ZN (NAND2_X1)                               0.0434     1.1979 r
  DP_i/U384/ZN (NOR2_X1)                                0.0345     1.2323 f
  DP_i/U385/ZN (NOR2_X1)                                0.0714     1.3038 r
  DP_i/U387/ZN (NOR2_X1)                                0.0357     1.3395 f
  DP_i/U388/ZN (NOR2_X1)                                0.0495     1.3890 r
  DP_i/U184/ZN (AND2_X1)                                0.0684     1.4574 r
  DP_i/U392/ZN (NAND2_X1)                               0.0505     1.5079 f
  DP_i/U398/ZN (NAND3_X1)                               0.0359     1.5438 r
  DP_i/U181/ZN (AND2_X1)                                0.0444     1.5882 r
  DP_i/U470/CO (FA_X1)                                  0.0803     1.6685 r
  DP_i/U400/ZN (NAND2_X1)                               0.0434     1.7119 f
  DP_i/U401/ZN (NOR2_X1)                                0.0740     1.7859 r
  DP_i/U404/ZN (AND2_X1)                                0.0527     1.8386 r
  DP_i/U405/ZN (NOR2_X1)                                0.0313     1.8698 f
  DP_i/U407/ZN (NAND2_X1)                               0.0325     1.9023 r
  DP_i/U409/ZN (NAND3_X1)                               0.0477     1.9500 f
  DP_i/U1387/CO (FA_X1)                                 0.1092     2.0593 f
  DP_i/U412/ZN (AOI22_X1)                               0.0600     2.1193 r
  DP_i/U474/CO (FA_X1)                                  0.0864     2.2056 r
  DP_i/U172/ZN (OR2_X1)                                 0.0466     2.2522 r
  DP_i/U413/ZN (OAI21_X1)                               0.0460     2.2982 f
  DP_i/U414/ZN (NAND2_X1)                               0.0439     2.3421 r
  DP_i/U415/ZN (NAND2_X1)                               0.0465     2.3886 f
  DP_i/U416/ZN (NOR2_X1)                                0.0706     2.4592 r
  DP_i/U417/ZN (AND3_X1)                                0.0653     2.5245 r
  DP_i/U183/ZN (OR2_X1)                                 0.0611     2.5856 r
  DP_i/U426/ZN (NAND2_X1)                               0.0531     2.6387 f
  DP_i/U427/ZN (AOI21_X2)                               0.0695     2.7082 r
  DP_i/U432/ZN (INV_X1)                                 0.0352     2.7435 f
  DP_i/U440/ZN (AOI21_X1)                               0.0640     2.8075 r
  DP_i/U447/ZN (OAI22_X1)                               0.0450     2.8525 f
  DP_i/U448/ZN (INV_X1)                                 0.0285     2.8810 r
  DP_i/U171/ZN (AND4_X1)                                0.0662     2.9472 r
  DP_i/U520/ZN (NAND2_X1)                               0.0285     2.9757 f
  DP_i/U521/ZN (AOI22_X1)                               0.0560     3.0317 r
  DP_i/U44/ZN (AOI21_X1)                                0.0538     3.0855 f
  DP_i/U3218/ZN (NOR3_X1)                               0.1367     3.2222 r
  DP_i/U3220/Z (BUF_X1)                                 0.1186     3.3408 r
  DP_i/U3129/ZN (AOI22_X1)                              0.0673     3.4081 f
  DP_i/U3130/ZN (OAI211_X1)                             0.0452     3.4533 r
  DP_i/fetch_i_pc_i_Y_reg_5_/D (DFF_X1)                 0.0110     3.4643 r
  data arrival time                                                3.4643

  clock CLK (rise edge)                                 3.5000     3.5000
  clock network delay (ideal)                           0.0500     3.5500
  clock uncertainty                                    -0.0500     3.5000
  DP_i/fetch_i_pc_i_Y_reg_5_/CK (DFF_X1)                0.0000     3.5000 r
  library setup time                                   -0.0318     3.4682
  data required time                                               3.4682
  --------------------------------------------------------------------------
  data required time                                               3.4682
  data arrival time                                               -3.4643
  --------------------------------------------------------------------------
  slack (MET)                                                      0.0039


  Startpoint: DP_i/fetch_i_IR_out_reg_29_
              (rising edge-triggered flip-flop clocked by CLK)
  Endpoint: DP_i/fetch_i_pc_i_Y_reg_7_
            (rising edge-triggered flip-flop clocked by CLK)
  Path Group: REG2REG
  Path Type: max

  Des/Clust/Port     Wire Load Model       Library
  ------------------------------------------------
  DLX                5K_hvratio_1_4        NangateOpenCellLibrary

  Point                                                   Incr       Path
  --------------------------------------------------------------------------
  clock CLK (rise edge)                                 0.0000     0.0000
  clock network delay (ideal)                           0.0500     0.0500
  DP_i/fetch_i_IR_out_reg_29_/CK (DFF_X1)               0.0000     0.0500 r
  DP_i/fetch_i_IR_out_reg_29_/QN (DFF_X1)               0.0896     0.1396 r
  DP_i/opcode_3__BAR (DataPath)                         0.0000     0.1396 r
  U840/ZN (INV_X1)                                      0.0583     0.1980 f
  U850/ZN (NOR2_X1)                                     0.0746     0.2725 r
  U851/ZN (NAND2_X1)                                    0.0414     0.3140 f
  U803/ZN (OR2_X1)                                      0.1201     0.4340 f
  DP_i/RF2_BAR (DataPath)                               0.0000     0.4340 f
  DP_i/U368/ZN (AND2_X1)                                0.0822     0.5162 f
  DP_i/U369/ZN (AND2_X1)                                0.0524     0.5687 f
  DP_i/U370/ZN (AOI21_X1)                               0.0686     0.6373 r
  DP_i/U371/ZN (AOI21_X1)                               0.0442     0.6815 f
  DP_i/U372/ZN (AND2_X1)                                0.0517     0.7332 f
  DP_i/U373/ZN (NOR2_X1)                                0.0647     0.7979 r
  DP_i/U374/ZN (NAND2_X1)                               0.0506     0.8485 f
  DP_i/U376/ZN (NOR2_X1)                                0.0531     0.9016 r
  DP_i/U378/ZN (AOI21_X1)                               0.0347     0.9362 f
  DP_i/U379/ZN (INV_X1)                                 0.0304     0.9666 r
  DP_i/U473/CO (FA_X1)                                  0.0720     1.0386 r
  DP_i/U382/ZN (NAND2_X1)                               0.0443     1.0829 f
  DP_i/U185/ZN (OR2_X1)                                 0.0715     1.1545 f
  DP_i/U179/ZN (NAND2_X1)                               0.0434     1.1979 r
  DP_i/U384/ZN (NOR2_X1)                                0.0345     1.2323 f
  DP_i/U385/ZN (NOR2_X1)                                0.0714     1.3038 r
  DP_i/U387/ZN (NOR2_X1)                                0.0357     1.3395 f
  DP_i/U388/ZN (NOR2_X1)                                0.0495     1.3890 r
  DP_i/U184/ZN (AND2_X1)                                0.0684     1.4574 r
  DP_i/U392/ZN (NAND2_X1)                               0.0505     1.5079 f
  DP_i/U398/ZN (NAND3_X1)                               0.0359     1.5438 r
  DP_i/U181/ZN (AND2_X1)                                0.0444     1.5882 r
  DP_i/U470/CO (FA_X1)                                  0.0803     1.6685 r
  DP_i/U400/ZN (NAND2_X1)                               0.0434     1.7119 f
  DP_i/U401/ZN (NOR2_X1)                                0.0740     1.7859 r
  DP_i/U404/ZN (AND2_X1)                                0.0527     1.8386 r
  DP_i/U405/ZN (NOR2_X1)                                0.0313     1.8698 f
  DP_i/U407/ZN (NAND2_X1)                               0.0325     1.9023 r
  DP_i/U409/ZN (NAND3_X1)                               0.0477     1.9500 f
  DP_i/U1387/CO (FA_X1)                                 0.1092     2.0593 f
  DP_i/U412/ZN (AOI22_X1)                               0.0600     2.1193 r
  DP_i/U474/CO (FA_X1)                                  0.0864     2.2056 r
  DP_i/U172/ZN (OR2_X1)                                 0.0466     2.2522 r
  DP_i/U413/ZN (OAI21_X1)                               0.0460     2.2982 f
  DP_i/U414/ZN (NAND2_X1)                               0.0439     2.3421 r
  DP_i/U415/ZN (NAND2_X1)                               0.0465     2.3886 f
  DP_i/U416/ZN (NOR2_X1)                                0.0706     2.4592 r
  DP_i/U417/ZN (AND3_X1)                                0.0653     2.5245 r
  DP_i/U183/ZN (OR2_X1)                                 0.0611     2.5856 r
  DP_i/U426/ZN (NAND2_X1)                               0.0531     2.6387 f
  DP_i/U427/ZN (AOI21_X2)                               0.0695     2.7082 r
  DP_i/U432/ZN (INV_X1)                                 0.0352     2.7435 f
  DP_i/U440/ZN (AOI21_X1)                               0.0640     2.8075 r
  DP_i/U447/ZN (OAI22_X1)                               0.0450     2.8525 f
  DP_i/U448/ZN (INV_X1)                                 0.0285     2.8810 r
  DP_i/U171/ZN (AND4_X1)                                0.0662     2.9472 r
  DP_i/U520/ZN (NAND2_X1)                               0.0285     2.9757 f
  DP_i/U521/ZN (AOI22_X1)                               0.0560     3.0317 r
  DP_i/U44/ZN (AOI21_X1)                                0.0538     3.0855 f
  DP_i/U3218/ZN (NOR3_X1)                               0.1367     3.2222 r
  DP_i/U3220/Z (BUF_X1)                                 0.1186     3.3408 r
  DP_i/U3119/ZN (AOI22_X1)                              0.0673     3.4081 f
  DP_i/U3120/ZN (OAI211_X1)                             0.0452     3.4533 r
  DP_i/fetch_i_pc_i_Y_reg_7_/D (DFF_X1)                 0.0110     3.4643 r
  data arrival time                                                3.4643

  clock CLK (rise edge)                                 3.5000     3.5000
  clock network delay (ideal)                           0.0500     3.5500
  clock uncertainty                                    -0.0500     3.5000
  DP_i/fetch_i_pc_i_Y_reg_7_/CK (DFF_X1)                0.0000     3.5000 r
  library setup time                                   -0.0318     3.4682
  data required time                                               3.4682
  --------------------------------------------------------------------------
  data required time                                               3.4682
  data arrival time                                               -3.4643
  --------------------------------------------------------------------------
  slack (MET)                                                      0.0039


  Startpoint: DP_i/fetch_i_IR_out_reg_29_
              (rising edge-triggered flip-flop clocked by CLK)
  Endpoint: DP_i/fetch_i_pc_i_Y_reg_4_
            (rising edge-triggered flip-flop clocked by CLK)
  Path Group: REG2REG
  Path Type: max

  Des/Clust/Port     Wire Load Model       Library
  ------------------------------------------------
  DLX                5K_hvratio_1_4        NangateOpenCellLibrary

  Point                                                   Incr       Path
  --------------------------------------------------------------------------
  clock CLK (rise edge)                                 0.0000     0.0000
  clock network delay (ideal)                           0.0500     0.0500
  DP_i/fetch_i_IR_out_reg_29_/CK (DFF_X1)               0.0000     0.0500 r
  DP_i/fetch_i_IR_out_reg_29_/QN (DFF_X1)               0.0896     0.1396 r
  DP_i/opcode_3__BAR (DataPath)                         0.0000     0.1396 r
  U840/ZN (INV_X1)                                      0.0583     0.1980 f
  U850/ZN (NOR2_X1)                                     0.0746     0.2725 r
  U851/ZN (NAND2_X1)                                    0.0414     0.3140 f
  U803/ZN (OR2_X1)                                      0.1201     0.4340 f
  DP_i/RF2_BAR (DataPath)                               0.0000     0.4340 f
  DP_i/U368/ZN (AND2_X1)                                0.0822     0.5162 f
  DP_i/U369/ZN (AND2_X1)                                0.0524     0.5687 f
  DP_i/U370/ZN (AOI21_X1)                               0.0686     0.6373 r
  DP_i/U371/ZN (AOI21_X1)                               0.0442     0.6815 f
  DP_i/U372/ZN (AND2_X1)                                0.0517     0.7332 f
  DP_i/U373/ZN (NOR2_X1)                                0.0647     0.7979 r
  DP_i/U374/ZN (NAND2_X1)                               0.0506     0.8485 f
  DP_i/U376/ZN (NOR2_X1)                                0.0531     0.9016 r
  DP_i/U378/ZN (AOI21_X1)                               0.0347     0.9362 f
  DP_i/U379/ZN (INV_X1)                                 0.0304     0.9666 r
  DP_i/U473/CO (FA_X1)                                  0.0720     1.0386 r
  DP_i/U382/ZN (NAND2_X1)                               0.0443     1.0829 f
  DP_i/U185/ZN (OR2_X1)                                 0.0715     1.1545 f
  DP_i/U179/ZN (NAND2_X1)                               0.0434     1.1979 r
  DP_i/U384/ZN (NOR2_X1)                                0.0345     1.2323 f
  DP_i/U385/ZN (NOR2_X1)                                0.0714     1.3038 r
  DP_i/U387/ZN (NOR2_X1)                                0.0357     1.3395 f
  DP_i/U388/ZN (NOR2_X1)                                0.0495     1.3890 r
  DP_i/U184/ZN (AND2_X1)                                0.0684     1.4574 r
  DP_i/U392/ZN (NAND2_X1)                               0.0505     1.5079 f
  DP_i/U398/ZN (NAND3_X1)                               0.0359     1.5438 r
  DP_i/U181/ZN (AND2_X1)                                0.0444     1.5882 r
  DP_i/U470/CO (FA_X1)                                  0.0803     1.6685 r
  DP_i/U400/ZN (NAND2_X1)                               0.0434     1.7119 f
  DP_i/U401/ZN (NOR2_X1)                                0.0740     1.7859 r
  DP_i/U404/ZN (AND2_X1)                                0.0527     1.8386 r
  DP_i/U405/ZN (NOR2_X1)                                0.0313     1.8698 f
  DP_i/U407/ZN (NAND2_X1)                               0.0325     1.9023 r
  DP_i/U409/ZN (NAND3_X1)                               0.0477     1.9500 f
  DP_i/U1387/CO (FA_X1)                                 0.1092     2.0593 f
  DP_i/U412/ZN (AOI22_X1)                               0.0600     2.1193 r
  DP_i/U474/CO (FA_X1)                                  0.0864     2.2056 r
  DP_i/U172/ZN (OR2_X1)                                 0.0466     2.2522 r
  DP_i/U413/ZN (OAI21_X1)                               0.0460     2.2982 f
  DP_i/U414/ZN (NAND2_X1)                               0.0439     2.3421 r
  DP_i/U415/ZN (NAND2_X1)                               0.0465     2.3886 f
  DP_i/U416/ZN (NOR2_X1)                                0.0706     2.4592 r
  DP_i/U417/ZN (AND3_X1)                                0.0653     2.5245 r
  DP_i/U183/ZN (OR2_X1)                                 0.0611     2.5856 r
  DP_i/U426/ZN (NAND2_X1)                               0.0531     2.6387 f
  DP_i/U427/ZN (AOI21_X2)                               0.0695     2.7082 r
  DP_i/U432/ZN (INV_X1)                                 0.0352     2.7435 f
  DP_i/U440/ZN (AOI21_X1)                               0.0640     2.8075 r
  DP_i/U447/ZN (OAI22_X1)                               0.0450     2.8525 f
  DP_i/U448/ZN (INV_X1)                                 0.0285     2.8810 r
  DP_i/U171/ZN (AND4_X1)                                0.0662     2.9472 r
  DP_i/U520/ZN (NAND2_X1)                               0.0285     2.9757 f
  DP_i/U521/ZN (AOI22_X1)                               0.0560     3.0317 r
  DP_i/U44/ZN (AOI21_X1)                                0.0538     3.0855 f
  DP_i/U3218/ZN (NOR3_X1)                               0.1367     3.2222 r
  DP_i/U3220/Z (BUF_X1)                                 0.1186     3.3408 r
  DP_i/U3134/ZN (AOI22_X1)                              0.0673     3.4081 f
  DP_i/U3135/ZN (OAI211_X1)                             0.0452     3.4533 r
  DP_i/fetch_i_pc_i_Y_reg_4_/D (DFF_X1)                 0.0110     3.4643 r
  data arrival time                                                3.4643

  clock CLK (rise edge)                                 3.5000     3.5000
  clock network delay (ideal)                           0.0500     3.5500
  clock uncertainty                                    -0.0500     3.5000
  DP_i/fetch_i_pc_i_Y_reg_4_/CK (DFF_X1)                0.0000     3.5000 r
  library setup time                                   -0.0318     3.4682
  data required time                                               3.4682
  --------------------------------------------------------------------------
  data required time                                               3.4682
  data arrival time                                               -3.4643
  --------------------------------------------------------------------------
  slack (MET)                                                      0.0039


  Startpoint: DP_i/fetch_i_IR_out_reg_29_
              (rising edge-triggered flip-flop clocked by CLK)
  Endpoint: DP_i/fetch_i_pc_i_Y_reg_9_
            (rising edge-triggered flip-flop clocked by CLK)
  Path Group: REG2REG
  Path Type: max

  Des/Clust/Port     Wire Load Model       Library
  ------------------------------------------------
  DLX                5K_hvratio_1_4        NangateOpenCellLibrary

  Point                                                   Incr       Path
  --------------------------------------------------------------------------
  clock CLK (rise edge)                                 0.0000     0.0000
  clock network delay (ideal)                           0.0500     0.0500
  DP_i/fetch_i_IR_out_reg_29_/CK (DFF_X1)               0.0000     0.0500 r
  DP_i/fetch_i_IR_out_reg_29_/QN (DFF_X1)               0.0896     0.1396 r
  DP_i/opcode_3__BAR (DataPath)                         0.0000     0.1396 r
  U840/ZN (INV_X1)                                      0.0583     0.1980 f
  U850/ZN (NOR2_X1)                                     0.0746     0.2725 r
  U851/ZN (NAND2_X1)                                    0.0414     0.3140 f
  U803/ZN (OR2_X1)                                      0.1201     0.4340 f
  DP_i/RF2_BAR (DataPath)                               0.0000     0.4340 f
  DP_i/U368/ZN (AND2_X1)                                0.0822     0.5162 f
  DP_i/U369/ZN (AND2_X1)                                0.0524     0.5687 f
  DP_i/U370/ZN (AOI21_X1)                               0.0686     0.6373 r
  DP_i/U371/ZN (AOI21_X1)                               0.0442     0.6815 f
  DP_i/U372/ZN (AND2_X1)                                0.0517     0.7332 f
  DP_i/U373/ZN (NOR2_X1)                                0.0647     0.7979 r
  DP_i/U374/ZN (NAND2_X1)                               0.0506     0.8485 f
  DP_i/U376/ZN (NOR2_X1)                                0.0531     0.9016 r
  DP_i/U378/ZN (AOI21_X1)                               0.0347     0.9362 f
  DP_i/U379/ZN (INV_X1)                                 0.0304     0.9666 r
  DP_i/U473/CO (FA_X1)                                  0.0720     1.0386 r
  DP_i/U382/ZN (NAND2_X1)                               0.0443     1.0829 f
  DP_i/U185/ZN (OR2_X1)                                 0.0715     1.1545 f
  DP_i/U179/ZN (NAND2_X1)                               0.0434     1.1979 r
  DP_i/U384/ZN (NOR2_X1)                                0.0345     1.2323 f
  DP_i/U385/ZN (NOR2_X1)                                0.0714     1.3038 r
  DP_i/U387/ZN (NOR2_X1)                                0.0357     1.3395 f
  DP_i/U388/ZN (NOR2_X1)                                0.0495     1.3890 r
  DP_i/U184/ZN (AND2_X1)                                0.0684     1.4574 r
  DP_i/U392/ZN (NAND2_X1)                               0.0505     1.5079 f
  DP_i/U398/ZN (NAND3_X1)                               0.0359     1.5438 r
  DP_i/U181/ZN (AND2_X1)                                0.0444     1.5882 r
  DP_i/U470/CO (FA_X1)                                  0.0803     1.6685 r
  DP_i/U400/ZN (NAND2_X1)                               0.0434     1.7119 f
  DP_i/U401/ZN (NOR2_X1)                                0.0740     1.7859 r
  DP_i/U404/ZN (AND2_X1)                                0.0527     1.8386 r
  DP_i/U405/ZN (NOR2_X1)                                0.0313     1.8698 f
  DP_i/U407/ZN (NAND2_X1)                               0.0325     1.9023 r
  DP_i/U409/ZN (NAND3_X1)                               0.0477     1.9500 f
  DP_i/U1387/CO (FA_X1)                                 0.1092     2.0593 f
  DP_i/U412/ZN (AOI22_X1)                               0.0600     2.1193 r
  DP_i/U474/CO (FA_X1)                                  0.0864     2.2056 r
  DP_i/U172/ZN (OR2_X1)                                 0.0466     2.2522 r
  DP_i/U413/ZN (OAI21_X1)                               0.0460     2.2982 f
  DP_i/U414/ZN (NAND2_X1)                               0.0439     2.3421 r
  DP_i/U415/ZN (NAND2_X1)                               0.0465     2.3886 f
  DP_i/U416/ZN (NOR2_X1)                                0.0706     2.4592 r
  DP_i/U417/ZN (AND3_X1)                                0.0653     2.5245 r
  DP_i/U183/ZN (OR2_X1)                                 0.0611     2.5856 r
  DP_i/U426/ZN (NAND2_X1)                               0.0531     2.6387 f
  DP_i/U427/ZN (AOI21_X2)                               0.0695     2.7082 r
  DP_i/U432/ZN (INV_X1)                                 0.0352     2.7435 f
  DP_i/U440/ZN (AOI21_X1)                               0.0640     2.8075 r
  DP_i/U447/ZN (OAI22_X1)                               0.0450     2.8525 f
  DP_i/U448/ZN (INV_X1)                                 0.0285     2.8810 r
  DP_i/U171/ZN (AND4_X1)                                0.0662     2.9472 r
  DP_i/U520/ZN (NAND2_X1)                               0.0285     2.9757 f
  DP_i/U521/ZN (AOI22_X1)                               0.0560     3.0317 r
  DP_i/U44/ZN (AOI21_X1)                                0.0538     3.0855 f
  DP_i/U3218/ZN (NOR3_X1)                               0.1367     3.2222 r
  DP_i/U3219/Z (BUF_X1)                                 0.1186     3.3408 r
  DP_i/U3109/ZN (AOI22_X1)                              0.0673     3.4081 f
  DP_i/U3110/ZN (OAI211_X1)                             0.0452     3.4533 r
  DP_i/fetch_i_pc_i_Y_reg_9_/D (DFF_X1)                 0.0110     3.4643 r
  data arrival time                                                3.4643

  clock CLK (rise edge)                                 3.5000     3.5000
  clock network delay (ideal)                           0.0500     3.5500
  clock uncertainty                                    -0.0500     3.5000
  DP_i/fetch_i_pc_i_Y_reg_9_/CK (DFF_X1)                0.0000     3.5000 r
  library setup time                                   -0.0318     3.4682
  data required time                                               3.4682
  --------------------------------------------------------------------------
  data required time                                               3.4682
  data arrival time                                               -3.4643
  --------------------------------------------------------------------------
  slack (MET)                                                      0.0039


  Startpoint: DP_i/fetch_i_IR_out_reg_29_
              (rising edge-triggered flip-flop clocked by CLK)
  Endpoint: DP_i/fetch_i_pc_i_Y_reg_11_
            (rising edge-triggered flip-flop clocked by CLK)
  Path Group: REG2REG
  Path Type: max

  Des/Clust/Port     Wire Load Model       Library
  ------------------------------------------------
  DLX                5K_hvratio_1_4        NangateOpenCellLibrary

  Point                                                   Incr       Path
  --------------------------------------------------------------------------
  clock CLK (rise edge)                                 0.0000     0.0000
  clock network delay (ideal)                           0.0500     0.0500
  DP_i/fetch_i_IR_out_reg_29_/CK (DFF_X1)               0.0000     0.0500 r
  DP_i/fetch_i_IR_out_reg_29_/QN (DFF_X1)               0.0896     0.1396 r
  DP_i/opcode_3__BAR (DataPath)                         0.0000     0.1396 r
  U840/ZN (INV_X1)                                      0.0583     0.1980 f
  U850/ZN (NOR2_X1)                                     0.0746     0.2725 r
  U851/ZN (NAND2_X1)                                    0.0414     0.3140 f
  U803/ZN (OR2_X1)                                      0.1201     0.4340 f
  DP_i/RF2_BAR (DataPath)                               0.0000     0.4340 f
  DP_i/U368/ZN (AND2_X1)                                0.0822     0.5162 f
  DP_i/U369/ZN (AND2_X1)                                0.0524     0.5687 f
  DP_i/U370/ZN (AOI21_X1)                               0.0686     0.6373 r
  DP_i/U371/ZN (AOI21_X1)                               0.0442     0.6815 f
  DP_i/U372/ZN (AND2_X1)                                0.0517     0.7332 f
  DP_i/U373/ZN (NOR2_X1)                                0.0647     0.7979 r
  DP_i/U374/ZN (NAND2_X1)                               0.0506     0.8485 f
  DP_i/U376/ZN (NOR2_X1)                                0.0531     0.9016 r
  DP_i/U378/ZN (AOI21_X1)                               0.0347     0.9362 f
  DP_i/U379/ZN (INV_X1)                                 0.0304     0.9666 r
  DP_i/U473/CO (FA_X1)                                  0.0720     1.0386 r
  DP_i/U382/ZN (NAND2_X1)                               0.0443     1.0829 f
  DP_i/U185/ZN (OR2_X1)                                 0.0715     1.1545 f
  DP_i/U179/ZN (NAND2_X1)                               0.0434     1.1979 r
  DP_i/U384/ZN (NOR2_X1)                                0.0345     1.2323 f
  DP_i/U385/ZN (NOR2_X1)                                0.0714     1.3038 r
  DP_i/U387/ZN (NOR2_X1)                                0.0357     1.3395 f
  DP_i/U388/ZN (NOR2_X1)                                0.0495     1.3890 r
  DP_i/U184/ZN (AND2_X1)                                0.0684     1.4574 r
  DP_i/U392/ZN (NAND2_X1)                               0.0505     1.5079 f
  DP_i/U398/ZN (NAND3_X1)                               0.0359     1.5438 r
  DP_i/U181/ZN (AND2_X1)                                0.0444     1.5882 r
  DP_i/U470/CO (FA_X1)                                  0.0803     1.6685 r
  DP_i/U400/ZN (NAND2_X1)                               0.0434     1.7119 f
  DP_i/U401/ZN (NOR2_X1)                                0.0740     1.7859 r
  DP_i/U404/ZN (AND2_X1)                                0.0527     1.8386 r
  DP_i/U405/ZN (NOR2_X1)                                0.0313     1.8698 f
  DP_i/U407/ZN (NAND2_X1)                               0.0325     1.9023 r
  DP_i/U409/ZN (NAND3_X1)                               0.0477     1.9500 f
  DP_i/U1387/CO (FA_X1)                                 0.1092     2.0593 f
  DP_i/U412/ZN (AOI22_X1)                               0.0600     2.1193 r
  DP_i/U474/CO (FA_X1)                                  0.0864     2.2056 r
  DP_i/U172/ZN (OR2_X1)                                 0.0466     2.2522 r
  DP_i/U413/ZN (OAI21_X1)                               0.0460     2.2982 f
  DP_i/U414/ZN (NAND2_X1)                               0.0439     2.3421 r
  DP_i/U415/ZN (NAND2_X1)                               0.0465     2.3886 f
  DP_i/U416/ZN (NOR2_X1)                                0.0706     2.4592 r
  DP_i/U417/ZN (AND3_X1)                                0.0653     2.5245 r
  DP_i/U183/ZN (OR2_X1)                                 0.0611     2.5856 r
  DP_i/U426/ZN (NAND2_X1)                               0.0531     2.6387 f
  DP_i/U427/ZN (AOI21_X2)                               0.0695     2.7082 r
  DP_i/U432/ZN (INV_X1)                                 0.0352     2.7435 f
  DP_i/U440/ZN (AOI21_X1)                               0.0640     2.8075 r
  DP_i/U447/ZN (OAI22_X1)                               0.0450     2.8525 f
  DP_i/U448/ZN (INV_X1)                                 0.0285     2.8810 r
  DP_i/U171/ZN (AND4_X1)                                0.0662     2.9472 r
  DP_i/U520/ZN (NAND2_X1)                               0.0285     2.9757 f
  DP_i/U521/ZN (AOI22_X1)                               0.0560     3.0317 r
  DP_i/U44/ZN (AOI21_X1)                                0.0538     3.0855 f
  DP_i/U3218/ZN (NOR3_X1)                               0.1367     3.2222 r
  DP_i/U3219/Z (BUF_X1)                                 0.1186     3.3408 r
  DP_i/U3099/ZN (AOI22_X1)                              0.0673     3.4081 f
  DP_i/U3100/ZN (OAI211_X1)                             0.0452     3.4533 r
  DP_i/fetch_i_pc_i_Y_reg_11_/D (DFF_X1)                0.0110     3.4643 r
  data arrival time                                                3.4643

  clock CLK (rise edge)                                 3.5000     3.5000
  clock network delay (ideal)                           0.0500     3.5500
  clock uncertainty                                    -0.0500     3.5000
  DP_i/fetch_i_pc_i_Y_reg_11_/CK (DFF_X1)               0.0000     3.5000 r
  library setup time                                   -0.0318     3.4682
  data required time                                               3.4682
  --------------------------------------------------------------------------
  data required time                                               3.4682
  data arrival time                                               -3.4643
  --------------------------------------------------------------------------
  slack (MET)                                                      0.0039


  Startpoint: DP_i/fetch_i_IR_out_reg_29_
              (rising edge-triggered flip-flop clocked by CLK)
  Endpoint: DP_i/fetch_i_pc_i_Y_reg_10_
            (rising edge-triggered flip-flop clocked by CLK)
  Path Group: REG2REG
  Path Type: max

  Des/Clust/Port     Wire Load Model       Library
  ------------------------------------------------
  DLX                5K_hvratio_1_4        NangateOpenCellLibrary

  Point                                                   Incr       Path
  --------------------------------------------------------------------------
  clock CLK (rise edge)                                 0.0000     0.0000
  clock network delay (ideal)                           0.0500     0.0500
  DP_i/fetch_i_IR_out_reg_29_/CK (DFF_X1)               0.0000     0.0500 r
  DP_i/fetch_i_IR_out_reg_29_/QN (DFF_X1)               0.0896     0.1396 r
  DP_i/opcode_3__BAR (DataPath)                         0.0000     0.1396 r
  U840/ZN (INV_X1)                                      0.0583     0.1980 f
  U850/ZN (NOR2_X1)                                     0.0746     0.2725 r
  U851/ZN (NAND2_X1)                                    0.0414     0.3140 f
  U803/ZN (OR2_X1)                                      0.1201     0.4340 f
  DP_i/RF2_BAR (DataPath)                               0.0000     0.4340 f
  DP_i/U368/ZN (AND2_X1)                                0.0822     0.5162 f
  DP_i/U369/ZN (AND2_X1)                                0.0524     0.5687 f
  DP_i/U370/ZN (AOI21_X1)                               0.0686     0.6373 r
  DP_i/U371/ZN (AOI21_X1)                               0.0442     0.6815 f
  DP_i/U372/ZN (AND2_X1)                                0.0517     0.7332 f
  DP_i/U373/ZN (NOR2_X1)                                0.0647     0.7979 r
  DP_i/U374/ZN (NAND2_X1)                               0.0506     0.8485 f
  DP_i/U376/ZN (NOR2_X1)                                0.0531     0.9016 r
  DP_i/U378/ZN (AOI21_X1)                               0.0347     0.9362 f
  DP_i/U379/ZN (INV_X1)                                 0.0304     0.9666 r
  DP_i/U473/CO (FA_X1)                                  0.0720     1.0386 r
  DP_i/U382/ZN (NAND2_X1)                               0.0443     1.0829 f
  DP_i/U185/ZN (OR2_X1)                                 0.0715     1.1545 f
  DP_i/U179/ZN (NAND2_X1)                               0.0434     1.1979 r
  DP_i/U384/ZN (NOR2_X1)                                0.0345     1.2323 f
  DP_i/U385/ZN (NOR2_X1)                                0.0714     1.3038 r
  DP_i/U387/ZN (NOR2_X1)                                0.0357     1.3395 f
  DP_i/U388/ZN (NOR2_X1)                                0.0495     1.3890 r
  DP_i/U184/ZN (AND2_X1)                                0.0684     1.4574 r
  DP_i/U392/ZN (NAND2_X1)                               0.0505     1.5079 f
  DP_i/U398/ZN (NAND3_X1)                               0.0359     1.5438 r
  DP_i/U181/ZN (AND2_X1)                                0.0444     1.5882 r
  DP_i/U470/CO (FA_X1)                                  0.0803     1.6685 r
  DP_i/U400/ZN (NAND2_X1)                               0.0434     1.7119 f
  DP_i/U401/ZN (NOR2_X1)                                0.0740     1.7859 r
  DP_i/U404/ZN (AND2_X1)                                0.0527     1.8386 r
  DP_i/U405/ZN (NOR2_X1)                                0.0313     1.8698 f
  DP_i/U407/ZN (NAND2_X1)                               0.0325     1.9023 r
  DP_i/U409/ZN (NAND3_X1)                               0.0477     1.9500 f
  DP_i/U1387/CO (FA_X1)                                 0.1092     2.0593 f
  DP_i/U412/ZN (AOI22_X1)                               0.0600     2.1193 r
  DP_i/U474/CO (FA_X1)                                  0.0864     2.2056 r
  DP_i/U172/ZN (OR2_X1)                                 0.0466     2.2522 r
  DP_i/U413/ZN (OAI21_X1)                               0.0460     2.2982 f
  DP_i/U414/ZN (NAND2_X1)                               0.0439     2.3421 r
  DP_i/U415/ZN (NAND2_X1)                               0.0465     2.3886 f
  DP_i/U416/ZN (NOR2_X1)                                0.0706     2.4592 r
  DP_i/U417/ZN (AND3_X1)                                0.0653     2.5245 r
  DP_i/U183/ZN (OR2_X1)                                 0.0611     2.5856 r
  DP_i/U426/ZN (NAND2_X1)                               0.0531     2.6387 f
  DP_i/U427/ZN (AOI21_X2)                               0.0695     2.7082 r
  DP_i/U432/ZN (INV_X1)                                 0.0352     2.7435 f
  DP_i/U440/ZN (AOI21_X1)                               0.0640     2.8075 r
  DP_i/U447/ZN (OAI22_X1)                               0.0450     2.8525 f
  DP_i/U448/ZN (INV_X1)                                 0.0285     2.8810 r
  DP_i/U171/ZN (AND4_X1)                                0.0662     2.9472 r
  DP_i/U520/ZN (NAND2_X1)                               0.0285     2.9757 f
  DP_i/U521/ZN (AOI22_X1)                               0.0560     3.0317 r
  DP_i/U44/ZN (AOI21_X1)                                0.0538     3.0855 f
  DP_i/U3218/ZN (NOR3_X1)                               0.1367     3.2222 r
  DP_i/U3219/Z (BUF_X1)                                 0.1186     3.3408 r
  DP_i/U3104/ZN (AOI22_X1)                              0.0673     3.4081 f
  DP_i/U3105/ZN (OAI211_X1)                             0.0452     3.4533 r
  DP_i/fetch_i_pc_i_Y_reg_10_/D (DFF_X1)                0.0110     3.4643 r
  data arrival time                                                3.4643

  clock CLK (rise edge)                                 3.5000     3.5000
  clock network delay (ideal)                           0.0500     3.5500
  clock uncertainty                                    -0.0500     3.5000
  DP_i/fetch_i_pc_i_Y_reg_10_/CK (DFF_X1)               0.0000     3.5000 r
  library setup time                                   -0.0318     3.4682
  data required time                                               3.4682
  --------------------------------------------------------------------------
  data required time                                               3.4682
  data arrival time                                               -3.4643
  --------------------------------------------------------------------------
  slack (MET)                                                      0.0039


1
