 
****************************************
Report : timing
        -path full
        -delay max
        -nworst 2
        -group REG2REG
        -max_paths 10
Design : DLX
Version: W-2024.09-SP2
Date   : Tue Sep 29 12:32:46 2026
****************************************

Operating Conditions: typical   Library: NangateOpenCellLibrary
Wire Load Model Mode: top

  Startpoint: DP_i_decode_i_rs2_addr_i_Y_reg_1_
              (rising edge-triggered flip-flop clocked by CLK)
  Endpoint: DP_i_execute_i_boothmul_i_tree_i_register_i_2_Y_temp_reg_20_
            (rising edge-triggered flip-flop clocked by CLK)
  Path Group: REG2REG
  Path Type: max

  Des/Clust/Port     Wire Load Model       Library
  ------------------------------------------------
  DLX                5K_hvratio_1_4        NangateOpenCellLibrary

  Point                                                   Incr       Path
  --------------------------------------------------------------------------
  clock CLK (rise edge)                                 0.0000     0.0000
  clock network delay (ideal)                           0.0500     0.0500
  DP_i_decode_i_rs2_addr_i_Y_reg_1_/CK (DFF_X1)         0.0000     0.0500 r
  DP_i_decode_i_rs2_addr_i_Y_reg_1_/Q (DFF_X1)          0.1046     0.1546 r
  U1193/Z (XOR2_X1)                                     0.0688     0.2234 r
  U1104/ZN (AND4_X2)                                    0.0713     0.2947 r
  U1101/ZN (AND4_X1)                                    0.0739     0.3686 r
  U2705/ZN (INV_X1)                                     0.0301     0.3988 f
  U1057/ZN (AND2_X2)                                    0.0460     0.4448 f
  U2943/ZN (AOI222_X1)                                  0.1154     0.5602 r
  U2944/Z (MUX2_X2)                                     0.0721     0.6323 r
  U2945/ZN (INV_X1)                                     0.0340     0.6663 f
  U1955/ZN (NOR2_X2)                                    0.0566     0.7229 r
  U3087/ZN (INV_X1)                                     0.0349     0.7579 f
  U1495/ZN (AND2_X2)                                    0.0474     0.8052 f
  U3088/ZN (INV_X1)                                     0.0355     0.8407 r
  U7232/ZN (INV_X1)                                     0.0277     0.8684 f
  U7992/ZN (NAND2_X1)                                   0.0306     0.8990 r
  U7993/ZN (AND2_X1)                                    0.0461     0.9451 r
  U7999/S (FA_X1)                                       0.1173     1.0624 f
  U8000/ZN (XNOR2_X1)                                   0.0586     1.1209 r
  U8002/ZN (NAND2_X1)                                   0.0304     1.1514 f
  U2432/ZN (AND2_X1)                                    0.0418     1.1932 f
  U8003/ZN (XNOR2_X1)                                   0.0613     1.2545 f
  U8004/ZN (XNOR2_X1)                                   0.0657     1.3202 f
  U2528/CO (FA_X1)                                      0.1001     1.4202 f
  U8661/ZN (XNOR2_X1)                                   0.0614     1.4816 f
  U10766/ZN (NOR2_X1)                                   0.0364     1.5180 r
  DP_i_execute_i_boothmul_i_tree_i_register_i_2_Y_temp_reg_20_/D (DFF_X2)
                                                        0.0109     1.5289 r
  data arrival time                                                1.5289

  clock CLK (rise edge)                                 1.1500     1.1500
  clock network delay (ideal)                           0.0500     1.2000
  clock uncertainty                                    -0.0500     1.1500
  DP_i_execute_i_boothmul_i_tree_i_register_i_2_Y_temp_reg_20_/CK (DFF_X2)
                                                        0.0000     1.1500 r
  library setup time                                   -0.0277     1.1223
  data required time                                               1.1223
  --------------------------------------------------------------------------
  data required time                                               1.1223
  data arrival time                                               -1.5289
  --------------------------------------------------------------------------
  slack (VIOLATED)                                                -0.4066


  Startpoint: DP_i_decode_i_rs2_addr_i_Y_reg_1_
              (rising edge-triggered flip-flop clocked by CLK)
  Endpoint: DP_i_execute_i_zero_alu_bit_Y_reg
            (rising edge-triggered flip-flop clocked by CLK)
  Path Group: REG2REG
  Path Type: max

  Des/Clust/Port     Wire Load Model       Library
  ------------------------------------------------
  DLX                5K_hvratio_1_4        NangateOpenCellLibrary

  Point                                                   Incr       Path
  --------------------------------------------------------------------------
  clock CLK (rise edge)                                 0.0000     0.0000
  clock network delay (ideal)                           0.0500     0.0500
  DP_i_decode_i_rs2_addr_i_Y_reg_1_/CK (DFF_X1)         0.0000     0.0500 r
  DP_i_decode_i_rs2_addr_i_Y_reg_1_/Q (DFF_X1)          0.1046     0.1546 r
  U1193/Z (XOR2_X1)                                     0.0688     0.2234 r
  U1104/ZN (AND4_X2)                                    0.0713     0.2947 r
  U1101/ZN (AND4_X1)                                    0.0739     0.3686 r
  U2705/ZN (INV_X1)                                     0.0301     0.3988 f
  U1057/ZN (AND2_X2)                                    0.0460     0.4448 f
  U2774/Z (BUF_X2)                                      0.0526     0.4974 f
  U1112/ZN (AND2_X1)                                    0.0479     0.5452 f
  U1113/ZN (NOR3_X1)                                    0.0795     0.6248 r
  U2433/ZN (OR2_X1)                                     0.0499     0.6746 r
  U1199/ZN (NAND2_X1)                                   0.0307     0.7053 f
  U1198/ZN (XNOR2_X1)                                   0.0655     0.7708 f
  U4600/ZN (NAND2_X1)                                   0.0477     0.8185 r
  U4601/ZN (INV_X1)                                     0.0274     0.8460 f
  U4609/ZN (NOR4_X1)                                    0.0683     0.9142 r
  U1302/ZN (AND2_X1)                                    0.0544     0.9686 r
  U1972/ZN (AND2_X1)                                    0.0422     1.0108 r
  U4705/ZN (NAND2_X1)                                   0.0256     1.0365 f
  U2644/ZN (AND3_X1)                                    0.0395     1.0760 f
  U4717/ZN (OAI211_X1)                                  0.0366     1.1125 r
  U4721/ZN (AND2_X1)                                    0.0565     1.1690 r
  U2659/ZN (OR2_X1)                                     0.0454     1.2145 r
  U5199/ZN (NAND3_X1)                                   0.0399     1.2543 f
  U1146/ZN (AND4_X1)                                    0.0512     1.3055 f
  U5836/ZN (XNOR2_X1)                                   0.0555     1.3610 f
  U1421/ZN (NAND2_X1)                                   0.0347     1.3956 r
  U2523/ZN (AND2_X1)                                    0.0421     1.4377 r
  U9070/ZN (NAND4_X1)                                   0.0374     1.4751 f
  U9115/ZN (OAI21_X1)                                   0.0419     1.5169 r
  DP_i_execute_i_zero_alu_bit_Y_reg/D (DFF_X2)          0.0109     1.5278 r
  data arrival time                                                1.5278

  clock CLK (rise edge)                                 1.1500     1.1500
  clock network delay (ideal)                           0.0500     1.2000
  clock uncertainty                                    -0.0500     1.1500
  DP_i_execute_i_zero_alu_bit_Y_reg/CK (DFF_X2)         0.0000     1.1500 r
  library setup time                                   -0.0283     1.1217
  data required time                                               1.1217
  --------------------------------------------------------------------------
  data required time                                               1.1217
  data arrival time                                               -1.5278
  --------------------------------------------------------------------------
  slack (VIOLATED)                                                -0.4061


  Startpoint: DP_i_decode_i_rs2_addr_i_Y_reg_1_
              (rising edge-triggered flip-flop clocked by CLK)
  Endpoint: DP_i_execute_i_boothmul_i_tree_i_register_i_3_Y_temp_reg_31_
            (rising edge-triggered flip-flop clocked by CLK)
  Path Group: REG2REG
  Path Type: max

  Des/Clust/Port     Wire Load Model       Library
  ------------------------------------------------
  DLX                5K_hvratio_1_4        NangateOpenCellLibrary

  Point                                                   Incr       Path
  --------------------------------------------------------------------------
  clock CLK (rise edge)                                 0.0000     0.0000
  clock network delay (ideal)                           0.0500     0.0500
  DP_i_decode_i_rs2_addr_i_Y_reg_1_/CK (DFF_X1)         0.0000     0.0500 r
  DP_i_decode_i_rs2_addr_i_Y_reg_1_/Q (DFF_X1)          0.1046     0.1546 r
  U1193/Z (XOR2_X1)                                     0.0688     0.2234 r
  U1104/ZN (AND4_X2)                                    0.0713     0.2947 r
  U1101/ZN (AND4_X1)                                    0.0739     0.3686 r
  U2705/ZN (INV_X1)                                     0.0301     0.3988 f
  U1057/ZN (AND2_X2)                                    0.0460     0.4448 f
  U2943/ZN (AOI222_X1)                                  0.1154     0.5602 r
  U2944/Z (MUX2_X2)                                     0.0721     0.6323 r
  U2945/ZN (INV_X1)                                     0.0340     0.6663 f
  U1955/ZN (NOR2_X2)                                    0.0566     0.7229 r
  U3087/ZN (INV_X1)                                     0.0349     0.7579 f
  U1495/ZN (AND2_X2)                                    0.0474     0.8052 f
  U3088/ZN (INV_X1)                                     0.0355     0.8407 r
  U1368/ZN (OR2_X1)                                     0.0349     0.8757 r
  U1388/ZN (AND2_X2)                                    0.0472     0.9228 r
  U2270/ZN (XNOR2_X1)                                   0.0606     0.9834 r
  U2348/ZN (XNOR2_X1)                                   0.0699     1.0533 r
  U5397/ZN (XNOR2_X1)                                   0.0756     1.1288 r
  U5399/ZN (NAND2_X1)                                   0.0360     1.1649 f
  U5402/ZN (AOI22_X1)                                   0.0628     1.2277 r
  U2423/ZN (XNOR2_X1)                                   0.0674     1.2951 r
  U2422/ZN (XNOR2_X1)                                   0.0669     1.3619 r
  U5506/S (FA_X1)                                       0.1201     1.4820 f
  U9705/ZN (AND2_X1)                                    0.0396     1.5216 f
  DP_i_execute_i_boothmul_i_tree_i_register_i_3_Y_temp_reg_31_/D (DFF_X1)
                                                        0.0104     1.5320 f
  data arrival time                                                1.5320

  clock CLK (rise edge)                                 1.1500     1.1500
  clock network delay (ideal)                           0.0500     1.2000
  clock uncertainty                                    -0.0500     1.1500
  DP_i_execute_i_boothmul_i_tree_i_register_i_3_Y_temp_reg_31_/CK (DFF_X1)
                                                        0.0000     1.1500 r
  library setup time                                   -0.0239     1.1261
  data required time                                               1.1261
  --------------------------------------------------------------------------
  data required time                                               1.1261
  data arrival time                                               -1.5320
  --------------------------------------------------------------------------
  slack (VIOLATED)                                                -0.4059


  Startpoint: DP_i_execute_i_rd_out_reg_i_Y_reg_1_
              (rising edge-triggered flip-flop clocked by CLK)
  Endpoint: DP_i_execute_i_zero_alu_bit_Y_reg
            (rising edge-triggered flip-flop clocked by CLK)
  Path Group: REG2REG
  Path Type: max

  Des/Clust/Port     Wire Load Model       Library
  ------------------------------------------------
  DLX                5K_hvratio_1_4        NangateOpenCellLibrary

  Point                                                   Incr       Path
  --------------------------------------------------------------------------
  clock CLK (rise edge)                                 0.0000     0.0000
  clock network delay (ideal)                           0.0500     0.0500
  DP_i_execute_i_rd_out_reg_i_Y_reg_1_/CK (DFF_X1)      0.0000     0.0500 r
  DP_i_execute_i_rd_out_reg_i_Y_reg_1_/QN (DFF_X1)      0.0879     0.1379 r
  U2314/ZN (XNOR2_X1)                                   0.0618     0.1997 r
  U1954/ZN (AND4_X2)                                    0.0644     0.2641 r
  U2698/ZN (NAND4_X1)                                   0.0503     0.3145 f
  U1102/ZN (AND4_X2)                                    0.0615     0.3760 f
  U1197/Z (BUF_X2)                                      0.0498     0.4258 f
  U2939/ZN (NAND2_X1)                                   0.0463     0.4721 r
  U2941/ZN (AND2_X1)                                    0.0523     0.5244 r
  U1908/ZN (NAND3_X1)                                   0.0352     0.5595 f
  U1907/ZN (AND2_X2)                                    0.0537     0.6133 f
  U837/Z (BUF_X1)                                       0.0529     0.6661 f
  U2402/ZN (AND3_X2)                                    0.0791     0.7452 f
  U5908/ZN (NAND2_X1)                                   0.0533     0.7986 r
  U5910/ZN (AND2_X1)                                    0.0398     0.8384 r
  U1789/ZN (AND4_X1)                                    0.0965     0.9349 r
  U6237/Z (MUX2_X1)                                     0.0654     1.0003 r
  U6238/ZN (NAND2_X1)                                   0.0287     1.0290 f
  U6240/ZN (AND3_X1)                                    0.0442     1.0732 f
  U8100/ZN (NAND2_X1)                                   0.0282     1.1014 r
  U8109/ZN (AND4_X1)                                    0.0575     1.1589 r
  U8112/ZN (AND4_X1)                                    0.0699     1.2288 r
  U9712/ZN (AND4_X1)                                    0.0646     1.2934 r
  U1984/ZN (AND2_X1)                                    0.0414     1.3348 r
  U2520/ZN (NAND4_X1)                                   0.0459     1.3807 f
  U2669/ZN (NOR2_X1)                                    0.0470     1.4277 r
  U9070/ZN (NAND4_X1)                                   0.0472     1.4748 f
  U9115/ZN (OAI21_X1)                                   0.0419     1.5167 r
  DP_i_execute_i_zero_alu_bit_Y_reg/D (DFF_X2)          0.0109     1.5276 r
  data arrival time                                                1.5276

  clock CLK (rise edge)                                 1.1500     1.1500
  clock network delay (ideal)                           0.0500     1.2000
  clock uncertainty                                    -0.0500     1.1500
  DP_i_execute_i_zero_alu_bit_Y_reg/CK (DFF_X2)         0.0000     1.1500 r
  library setup time                                   -0.0283     1.1217
  data required time                                               1.1217
  --------------------------------------------------------------------------
  data required time                                               1.1217
  data arrival time                                               -1.5276
  --------------------------------------------------------------------------
  slack (VIOLATED)                                                -0.4059


  Startpoint: DP_i_decode_i_rs2_addr_i_Y_reg_1_
              (rising edge-triggered flip-flop clocked by CLK)
  Endpoint: DP_i_execute_i_alu_out_reg_i_Y_reg_0_
            (rising edge-triggered flip-flop clocked by CLK)
  Path Group: REG2REG
  Path Type: max

  Des/Clust/Port     Wire Load Model       Library
  ------------------------------------------------
  DLX                5K_hvratio_1_4        NangateOpenCellLibrary

  Point                                                   Incr       Path
  --------------------------------------------------------------------------
  clock CLK (rise edge)                                 0.0000     0.0000
  clock network delay (ideal)                           0.0500     0.0500
  DP_i_decode_i_rs2_addr_i_Y_reg_1_/CK (DFF_X1)         0.0000     0.0500 r
  DP_i_decode_i_rs2_addr_i_Y_reg_1_/Q (DFF_X1)          0.1046     0.1546 r
  U1193/Z (XOR2_X1)                                     0.0688     0.2234 r
  U1104/ZN (AND4_X2)                                    0.0713     0.2947 r
  U1101/ZN (AND4_X1)                                    0.0739     0.3686 r
  U2705/ZN (INV_X1)                                     0.0301     0.3988 f
  U1057/ZN (AND2_X2)                                    0.0460     0.4448 f
  U2774/Z (BUF_X2)                                      0.0526     0.4974 f
  U1112/ZN (AND2_X1)                                    0.0479     0.5452 f
  U1113/ZN (NOR3_X1)                                    0.0795     0.6248 r
  U2433/ZN (OR2_X1)                                     0.0499     0.6746 r
  U1199/ZN (NAND2_X1)                                   0.0307     0.7053 f
  U1198/ZN (XNOR2_X1)                                   0.0655     0.7708 f
  U4600/ZN (NAND2_X1)                                   0.0477     0.8185 r
  U4601/ZN (INV_X1)                                     0.0274     0.8460 f
  U4609/ZN (NOR4_X1)                                    0.0683     0.9142 r
  U1302/ZN (AND2_X1)                                    0.0544     0.9686 r
  U1972/ZN (AND2_X1)                                    0.0422     1.0108 r
  U4705/ZN (NAND2_X1)                                   0.0256     1.0365 f
  U2644/ZN (AND3_X1)                                    0.0395     1.0760 f
  U4717/ZN (OAI211_X1)                                  0.0366     1.1125 r
  U4723/Z (BUF_X1)                                      0.0436     1.1561 r
  U1008/ZN (AND2_X2)                                    0.0492     1.2053 r
  U5785/ZN (AND3_X1)                                    0.0541     1.2594 r
  U1146/ZN (AND4_X1)                                    0.0639     1.3233 r
  U5836/ZN (XNOR2_X1)                                   0.0589     1.3822 r
  U1421/ZN (NAND2_X1)                                   0.0322     1.4144 f
  U1312/ZN (AND2_X1)                                    0.0396     1.4541 f
  U2583/ZN (NAND2_X1)                                   0.0258     1.4799 r
  U9114/ZN (AND2_X1)                                    0.0388     1.5187 r
  DP_i_execute_i_alu_out_reg_i_Y_reg_0_/D (DFF_X2)      0.0109     1.5296 r
  data arrival time                                                1.5296

  clock CLK (rise edge)                                 1.1500     1.1500
  clock network delay (ideal)                           0.0500     1.2000
  clock uncertainty                                    -0.0500     1.1500
  DP_i_execute_i_alu_out_reg_i_Y_reg_0_/CK (DFF_X2)     0.0000     1.1500 r
  library setup time                                   -0.0262     1.1238
  data required time                                               1.1238
  --------------------------------------------------------------------------
  data required time                                               1.1238
  data arrival time                                               -1.5296
  --------------------------------------------------------------------------
  slack (VIOLATED)                                                -0.4058


  Startpoint: DP_i_decode_i_rs2_addr_i_Y_reg_1_
              (rising edge-triggered flip-flop clocked by CLK)
  Endpoint: DP_i_execute_i_boothmul_i_tree_i_register_i_3_Y_temp_reg_31_
            (rising edge-triggered flip-flop clocked by CLK)
  Path Group: REG2REG
  Path Type: max

  Des/Clust/Port     Wire Load Model       Library
  ------------------------------------------------
  DLX                5K_hvratio_1_4        NangateOpenCellLibrary

  Point                                                   Incr       Path
  --------------------------------------------------------------------------
  clock CLK (rise edge)                                 0.0000     0.0000
  clock network delay (ideal)                           0.0500     0.0500
  DP_i_decode_i_rs2_addr_i_Y_reg_1_/CK (DFF_X1)         0.0000     0.0500 r
  DP_i_decode_i_rs2_addr_i_Y_reg_1_/Q (DFF_X1)          0.1046     0.1546 r
  U1193/Z (XOR2_X1)                                     0.0688     0.2234 r
  U1104/ZN (AND4_X2)                                    0.0713     0.2947 r
  U1101/ZN (AND4_X1)                                    0.0739     0.3686 r
  U2705/ZN (INV_X1)                                     0.0301     0.3988 f
  U1057/ZN (AND2_X2)                                    0.0460     0.4448 f
  U2943/ZN (AOI222_X1)                                  0.1154     0.5602 r
  U2944/Z (MUX2_X2)                                     0.0721     0.6323 r
  U2945/ZN (INV_X1)                                     0.0340     0.6663 f
  U1955/ZN (NOR2_X2)                                    0.0566     0.7229 r
  U3087/ZN (INV_X1)                                     0.0349     0.7579 f
  U1495/ZN (AND2_X2)                                    0.0474     0.8052 f
  U3088/ZN (INV_X1)                                     0.0355     0.8407 r
  U1368/ZN (OR2_X1)                                     0.0349     0.8757 r
  U1388/ZN (AND2_X2)                                    0.0472     0.9228 r
  U2270/ZN (XNOR2_X1)                                   0.0606     0.9834 r
  U2348/ZN (XNOR2_X1)                                   0.0699     1.0533 r
  U5397/ZN (XNOR2_X1)                                   0.0756     1.1288 r
  U5399/ZN (NAND2_X1)                                   0.0360     1.1649 f
  U5402/ZN (AOI22_X1)                                   0.0628     1.2277 r
  U2423/ZN (XNOR2_X1)                                   0.0674     1.2951 r
  U2422/ZN (XNOR2_X1)                                   0.0422     1.3373 f
  U5506/S (FA_X1)                                       0.1416     1.4789 r
  U9705/ZN (AND2_X1)                                    0.0395     1.5183 r
  DP_i_execute_i_boothmul_i_tree_i_register_i_3_Y_temp_reg_31_/D (DFF_X1)
                                                        0.0110     1.5293 r
  data arrival time                                                1.5293

  clock CLK (rise edge)                                 1.1500     1.1500
  clock network delay (ideal)                           0.0500     1.2000
  clock uncertainty                                    -0.0500     1.1500
  DP_i_execute_i_boothmul_i_tree_i_register_i_3_Y_temp_reg_31_/CK (DFF_X1)
                                                        0.0000     1.1500 r
  library setup time                                   -0.0265     1.1235
  data required time                                               1.1235
  --------------------------------------------------------------------------
  data required time                                               1.1235
  data arrival time                                               -1.5293
  --------------------------------------------------------------------------
  slack (VIOLATED)                                                -0.4058


  Startpoint: DP_i_decode_i_rs2_addr_i_Y_reg_2_
              (rising edge-triggered flip-flop clocked by CLK)
  Endpoint: DP_i_execute_i_boothmul_i_tree_i_register_i_2_Y_temp_reg_20_
            (rising edge-triggered flip-flop clocked by CLK)
  Path Group: REG2REG
  Path Type: max

  Des/Clust/Port     Wire Load Model       Library
  ------------------------------------------------
  DLX                5K_hvratio_1_4        NangateOpenCellLibrary

  Point                                                   Incr       Path
  --------------------------------------------------------------------------
  clock CLK (rise edge)                                 0.0000     0.0000
  clock network delay (ideal)                           0.0500     0.0500
  DP_i_decode_i_rs2_addr_i_Y_reg_2_/CK (DFF_X1)         0.0000     0.0500 r
  DP_i_decode_i_rs2_addr_i_Y_reg_2_/Q (DFF_X1)          0.1043     0.1543 r
  U1957/Z (XOR2_X1)                                     0.0695     0.2238 r
  U1104/ZN (AND4_X2)                                    0.0698     0.2936 r
  U1101/ZN (AND4_X1)                                    0.0739     0.3675 r
  U2705/ZN (INV_X1)                                     0.0301     0.3977 f
  U1057/ZN (AND2_X2)                                    0.0460     0.4437 f
  U2943/ZN (AOI222_X1)                                  0.1154     0.5591 r
  U2944/Z (MUX2_X2)                                     0.0721     0.6312 r
  U2945/ZN (INV_X1)                                     0.0340     0.6653 f
  U1955/ZN (NOR2_X2)                                    0.0566     0.7218 r
  U3087/ZN (INV_X1)                                     0.0349     0.7568 f
  U1495/ZN (AND2_X2)                                    0.0474     0.8041 f
  U3088/ZN (INV_X1)                                     0.0355     0.8396 r
  U7232/ZN (INV_X1)                                     0.0277     0.8673 f
  U7992/ZN (NAND2_X1)                                   0.0306     0.8979 r
  U7993/ZN (AND2_X1)                                    0.0461     0.9440 r
  U7999/S (FA_X1)                                       0.1173     1.0613 f
  U8000/ZN (XNOR2_X1)                                   0.0586     1.1198 r
  U8002/ZN (NAND2_X1)                                   0.0304     1.1503 f
  U2432/ZN (AND2_X1)                                    0.0418     1.1921 f
  U8003/ZN (XNOR2_X1)                                   0.0613     1.2534 f
  U8004/ZN (XNOR2_X1)                                   0.0657     1.3191 f
  U2528/CO (FA_X1)                                      0.1001     1.4192 f
  U8661/ZN (XNOR2_X1)                                   0.0614     1.4805 f
  U10766/ZN (NOR2_X1)                                   0.0364     1.5169 r
  DP_i_execute_i_boothmul_i_tree_i_register_i_2_Y_temp_reg_20_/D (DFF_X2)
                                                        0.0109     1.5278 r
  data arrival time                                                1.5278

  clock CLK (rise edge)                                 1.1500     1.1500
  clock network delay (ideal)                           0.0500     1.2000
  clock uncertainty                                    -0.0500     1.1500
  DP_i_execute_i_boothmul_i_tree_i_register_i_2_Y_temp_reg_20_/CK (DFF_X2)
                                                        0.0000     1.1500 r
  library setup time                                   -0.0277     1.1223
  data required time                                               1.1223
  --------------------------------------------------------------------------
  data required time                                               1.1223
  data arrival time                                               -1.5278
  --------------------------------------------------------------------------
  slack (VIOLATED)                                                -0.4055


  Startpoint: DP_i_execute_i_rd_out_reg_i_Y_reg_1_
              (rising edge-triggered flip-flop clocked by CLK)
  Endpoint: DP_i_execute_i_alu_out_reg_i_Y_reg_0_
            (rising edge-triggered flip-flop clocked by CLK)
  Path Group: REG2REG
  Path Type: max

  Des/Clust/Port     Wire Load Model       Library
  ------------------------------------------------
  DLX                5K_hvratio_1_4        NangateOpenCellLibrary

  Point                                                   Incr       Path
  --------------------------------------------------------------------------
  clock CLK (rise edge)                                 0.0000     0.0000
  clock network delay (ideal)                           0.0500     0.0500
  DP_i_execute_i_rd_out_reg_i_Y_reg_1_/CK (DFF_X1)      0.0000     0.0500 r
  DP_i_execute_i_rd_out_reg_i_Y_reg_1_/QN (DFF_X1)      0.0879     0.1379 r
  U2314/ZN (XNOR2_X1)                                   0.0618     0.1997 r
  U1954/ZN (AND4_X2)                                    0.0644     0.2641 r
  U2698/ZN (NAND4_X1)                                   0.0503     0.3145 f
  U1101/ZN (AND4_X1)                                    0.0565     0.3709 f
  U2705/ZN (INV_X1)                                     0.0343     0.4052 r
  U2406/ZN (AND2_X2)                                    0.0688     0.4740 r
  U2531/ZN (NAND2_X1)                                   0.0527     0.5266 f
  U2436/ZN (NAND4_X1)                                   0.0351     0.5617 r
  U2363/ZN (NAND2_X1)                                   0.0398     0.6015 f
  U1177/Z (BUF_X2)                                      0.0489     0.6504 f
  U4664/ZN (XNOR2_X1)                                   0.0584     0.7088 f
  U932/ZN (OR2_X2)                                      0.0635     0.7724 f
  U2584/ZN (NAND3_X1)                                   0.0427     0.8150 r
  U1103/ZN (NAND4_X1)                                   0.0486     0.8636 f
  U4676/ZN (NAND4_X1)                                   0.0410     0.9046 r
  U5793/ZN (NAND2_X1)                                   0.0367     0.9413 f
  U5794/ZN (NAND2_X1)                                   0.0335     0.9748 r
  U2283/ZN (OR2_X1)                                     0.0404     1.0152 r
  U1138/ZN (AND2_X2)                                    0.0501     1.0653 r
  U5809/ZN (XNOR2_X1)                                   0.0598     1.1251 r
  U5830/ZN (AND4_X1)                                    0.0596     1.1847 r
  U5834/ZN (AND4_X1)                                    0.0692     1.2539 r
  U1146/ZN (AND4_X1)                                    0.0691     1.3230 r
  U5836/ZN (XNOR2_X1)                                   0.0589     1.3819 r
  U1421/ZN (NAND2_X1)                                   0.0322     1.4141 f
  U1312/ZN (AND2_X1)                                    0.0396     1.4538 f
  U2583/ZN (NAND2_X1)                                   0.0258     1.4796 r
  U9114/ZN (AND2_X1)                                    0.0388     1.5184 r
  DP_i_execute_i_alu_out_reg_i_Y_reg_0_/D (DFF_X2)      0.0109     1.5293 r
  data arrival time                                                1.5293

  clock CLK (rise edge)                                 1.1500     1.1500
  clock network delay (ideal)                           0.0500     1.2000
  clock uncertainty                                    -0.0500     1.1500
  DP_i_execute_i_alu_out_reg_i_Y_reg_0_/CK (DFF_X2)     0.0000     1.1500 r
  library setup time                                   -0.0262     1.1238
  data required time                                               1.1238
  --------------------------------------------------------------------------
  data required time                                               1.1238
  data arrival time                                               -1.5293
  --------------------------------------------------------------------------
  slack (VIOLATED)                                                -0.4054


  Startpoint: DP_i_decode_i_rs2_addr_i_Y_reg_1_
              (rising edge-triggered flip-flop clocked by CLK)
  Endpoint: DP_i_execute_i_boothmul_i_tree_i_register_i_3_Y_temp_reg_27_
            (rising edge-triggered flip-flop clocked by CLK)
  Path Group: REG2REG
  Path Type: max

  Des/Clust/Port     Wire Load Model       Library
  ------------------------------------------------
  DLX                5K_hvratio_1_4        NangateOpenCellLibrary

  Point                                                   Incr       Path
  --------------------------------------------------------------------------
  clock CLK (rise edge)                                 0.0000     0.0000
  clock network delay (ideal)                           0.0500     0.0500
  DP_i_decode_i_rs2_addr_i_Y_reg_1_/CK (DFF_X1)         0.0000     0.0500 r
  DP_i_decode_i_rs2_addr_i_Y_reg_1_/Q (DFF_X1)          0.1046     0.1546 r
  U1193/Z (XOR2_X1)                                     0.0688     0.2234 r
  U1104/ZN (AND4_X2)                                    0.0713     0.2947 r
  U1101/ZN (AND4_X1)                                    0.0739     0.3686 r
  U2705/ZN (INV_X1)                                     0.0301     0.3988 f
  U1057/ZN (AND2_X2)                                    0.0460     0.4448 f
  U2943/ZN (AOI222_X1)                                  0.1154     0.5602 r
  U2944/Z (MUX2_X2)                                     0.0721     0.6323 r
  U2945/ZN (INV_X1)                                     0.0340     0.6663 f
  U1955/ZN (NOR2_X2)                                    0.0566     0.7229 r
  U3087/ZN (INV_X1)                                     0.0349     0.7579 f
  U1495/ZN (AND2_X2)                                    0.0474     0.8052 f
  U1305/ZN (INV_X1)                                     0.0374     0.8426 r
  U6385/ZN (INV_X1)                                     0.0331     0.8757 f
  U3124/ZN (NAND2_X1)                                   0.0359     0.9116 r
  U1121/ZN (AND2_X1)                                    0.0457     0.9574 r
  U3193/S (FA_X1)                                       0.1228     1.0802 f
  U971/S (FA_X1)                                        0.1595     1.2397 r
  U999/Z (BUF_X1)                                       0.0380     1.2777 r
  U8781/ZN (XNOR2_X1)                                   0.0658     1.3436 r
  U8791/ZN (XNOR2_X1)                                   0.0695     1.4131 r
  U8792/ZN (XNOR2_X1)                                   0.0627     1.4757 r
  U9641/ZN (AND2_X1)                                    0.0421     1.5178 r
  DP_i_execute_i_boothmul_i_tree_i_register_i_3_Y_temp_reg_27_/D (DFF_X1)
                                                        0.0110     1.5288 r
  data arrival time                                                1.5288

  clock CLK (rise edge)                                 1.1500     1.1500
  clock network delay (ideal)                           0.0500     1.2000
  clock uncertainty                                    -0.0500     1.1500
  DP_i_execute_i_boothmul_i_tree_i_register_i_3_Y_temp_reg_27_/CK (DFF_X1)
                                                        0.0000     1.1500 r
  library setup time                                   -0.0265     1.1235
  data required time                                               1.1235
  --------------------------------------------------------------------------
  data required time                                               1.1235
  data arrival time                                               -1.5288
  --------------------------------------------------------------------------
  slack (VIOLATED)                                                -0.4053


  Startpoint: DP_i_decode_i_rs2_addr_i_Y_reg_1_
              (rising edge-triggered flip-flop clocked by CLK)
  Endpoint: DP_i_execute_i_boothmul_i_tree_i_register_i_3_Y_temp_reg_22_
            (rising edge-triggered flip-flop clocked by CLK)
  Path Group: REG2REG
  Path Type: max

  Des/Clust/Port     Wire Load Model       Library
  ------------------------------------------------
  DLX                5K_hvratio_1_4        NangateOpenCellLibrary

  Point                                                   Incr       Path
  --------------------------------------------------------------------------
  clock CLK (rise edge)                                 0.0000     0.0000
  clock network delay (ideal)                           0.0500     0.0500
  DP_i_decode_i_rs2_addr_i_Y_reg_1_/CK (DFF_X1)         0.0000     0.0500 r
  DP_i_decode_i_rs2_addr_i_Y_reg_1_/Q (DFF_X1)          0.1046     0.1546 r
  U1193/Z (XOR2_X1)                                     0.0688     0.2234 r
  U1104/ZN (AND4_X2)                                    0.0713     0.2947 r
  U1101/ZN (AND4_X1)                                    0.0739     0.3686 r
  U2705/ZN (INV_X1)                                     0.0301     0.3988 f
  U1057/ZN (AND2_X2)                                    0.0460     0.4448 f
  U2849/ZN (AND2_X1)                                    0.0432     0.4879 f
  U2850/ZN (NOR3_X1)                                    0.0714     0.5593 r
  U991/Z (BUF_X1)                                       0.0434     0.6027 r
  U2513/ZN (NAND2_X1)                                   0.0292     0.6319 f
  U1980/ZN (NAND2_X1)                                   0.0321     0.6640 r
  U2012/ZN (OR2_X1)                                     0.0340     0.6979 r
  U2011/ZN (AND2_X1)                                    0.0475     0.7455 r
  U1507/Z (BUF_X2)                                      0.0771     0.8226 r
  U1228/ZN (NAND2_X1)                                   0.0518     0.8744 f
  U1229/ZN (AND2_X1)                                    0.0506     0.9249 f
  U6384/S (FA_X1)                                       0.1568     1.0817 r
  U7915/ZN (XNOR2_X1)                                   0.0759     1.1576 r
  U7934/CO (FA_X1)                                      0.0899     1.2475 r
  U1184/Z (XOR2_X1)                                     0.0747     1.3222 r
  U1185/Z (XOR2_X1)                                     0.0857     1.4079 r
  U8630/ZN (XNOR2_X1)                                   0.0673     1.4751 r
  U9664/ZN (AND2_X1)                                    0.0421     1.5172 r
  DP_i_execute_i_boothmul_i_tree_i_register_i_3_Y_temp_reg_22_/D (DFF_X1)
                                                        0.0110     1.5282 r
  data arrival time                                                1.5282

  clock CLK (rise edge)                                 1.1500     1.1500
  clock network delay (ideal)                           0.0500     1.2000
  clock uncertainty                                    -0.0500     1.1500
  DP_i_execute_i_boothmul_i_tree_i_register_i_3_Y_temp_reg_22_/CK (DFF_X1)
                                                        0.0000     1.1500 r
  library setup time                                   -0.0265     1.1235
  data required time                                               1.1235
  --------------------------------------------------------------------------
  data required time                                               1.1235
  data arrival time                                               -1.5282
  --------------------------------------------------------------------------
  slack (VIOLATED)                                                -0.4047


1
