 
****************************************
Report : timing
        -path full
        -delay max
        -nworst 2
        -group REG2REG
        -max_paths 10
Design : DLX
Version: W-2024.09-SP2
Date   : Tue Sep 29 12:40:09 2026
****************************************

Operating Conditions: typical   Library: NangateOpenCellLibrary
Wire Load Model Mode: top

  Startpoint: DP_i_fetch_i_IR_out_reg_23_
              (rising edge-triggered flip-flop clocked by CLK)
  Endpoint: CP_i_hazard_unit_i_G_scoreboard_reg_19__1_
            (rising edge-triggered flip-flop clocked by CLK)
  Path Group: REG2REG
  Path Type: max

  Des/Clust/Port     Wire Load Model       Library
  ------------------------------------------------
  DLX                5K_hvratio_1_4        NangateOpenCellLibrary

  Point                                                   Incr       Path
  --------------------------------------------------------------------------
  clock CLK (rise edge)                                 0.0000     0.0000
  clock network delay (ideal)                           0.0500     0.0500
  DP_i_fetch_i_IR_out_reg_23_/CK (DFF_X1)               0.0000     0.0500 r
  DP_i_fetch_i_IR_out_reg_23_/QN (DFF_X1)               0.0782     0.1282 f
  U7309/ZN (INV_X1)                                     0.0374     0.1656 r
  DP_i_decode_i_reg_file_i/addr_rs1_2_ (register_file)
                                                        0.0000     0.1656 r
  DP_i_decode_i_reg_file_i/U312/ZN (NAND2_X1)           0.0323     0.1979 f
  DP_i_decode_i_reg_file_i/U223/ZN (OAI21_X1)           0.0357     0.2336 r
  DP_i_decode_i_reg_file_i/U205/ZN (AND2_X1)            0.0514     0.2850 r
  DP_i_decode_i_reg_file_i/U209/ZN (NAND4_X1)           0.0479     0.3329 f
  DP_i_decode_i_reg_file_i/U321/ZN (NAND2_X1)           0.0508     0.3838 r
  DP_i_decode_i_reg_file_i/U161/ZN (OR2_X1)             0.0510     0.4348 r
  DP_i_decode_i_reg_file_i/U2266/ZN (OAI22_X1)          0.0392     0.4741 f
  DP_i_decode_i_reg_file_i/U2267/ZN (INV_X1)            0.0280     0.5021 r
  DP_i_decode_i_reg_file_i/U2274/ZN (NAND4_X1)          0.0372     0.5393 f
  DP_i_decode_i_reg_file_i/U2275/ZN (NOR4_X1)           0.0924     0.6317 r
  DP_i_decode_i_reg_file_i/U2276/ZN (NAND4_X1)          0.0536     0.6853 f
  DP_i_decode_i_reg_file_i/output1[1] (register_file)   0.0000     0.6853 f
  U1958/ZN (OAI21_X1)                                   0.0556     0.7409 r
  U1963/ZN (AOI21_X1)                                   0.0440     0.7849 f
  U1969/ZN (OR3_X2)                                     0.0842     0.8692 f
  U1219/ZN (AND2_X2)                                    0.0607     0.9299 f
  U2327/ZN (NAND2_X1)                                   0.0473     0.9772 r
  U2329/ZN (NAND4_X1)                                   0.0355     1.0128 f
  U1840/Z (MUX2_X1)                                     0.0680     1.0808 f
  U1961/ZN (OR2_X1)                                     0.0538     1.1346 f
  U2072/ZN (OAI211_X1)                                  0.0394     1.1740 r
  U2073/ZN (NAND3_X1)                                   0.0457     1.2197 f
  U1803/ZN (AND3_X1)                                    0.0510     1.2707 f
  U2086/ZN (NAND2_X1)                                   0.0412     1.3118 r
  U2113/ZN (NAND3_X1)                                   0.0502     1.3621 f
  U10211/ZN (OR2_X2)                                    0.0778     1.4399 f
  U1230/ZN (OR2_X2)                                     0.0815     1.5213 f
  U10295/ZN (OR3_X1)                                    0.0926     1.6139 f
  U10296/ZN (NAND2_X1)                                  0.0298     1.6437 r
  CP_i_hazard_unit_i_G_scoreboard_reg_19__1_/D (DFF_X2)
                                                        0.0109     1.6546 r
  data arrival time                                                1.6546

  clock CLK (rise edge)                                 1.3500     1.3500
  clock network delay (ideal)                           0.0500     1.4000
  clock uncertainty                                    -0.0500     1.3500
  CP_i_hazard_unit_i_G_scoreboard_reg_19__1_/CK (DFF_X2)
                                                        0.0000     1.3500 r
  library setup time                                   -0.0264     1.3236
  data required time                                               1.3236
  --------------------------------------------------------------------------
  data required time                                               1.3236
  data arrival time                                               -1.6546
  --------------------------------------------------------------------------
  slack (VIOLATED)                                                -0.3310


  Startpoint: DP_i_fetch_i_IR_out_reg_23_
              (rising edge-triggered flip-flop clocked by CLK)
  Endpoint: CP_i_hazard_unit_i_G_scoreboard_reg_21__1_
            (rising edge-triggered flip-flop clocked by CLK)
  Path Group: REG2REG
  Path Type: max

  Des/Clust/Port     Wire Load Model       Library
  ------------------------------------------------
  DLX                5K_hvratio_1_4        NangateOpenCellLibrary

  Point                                                   Incr       Path
  --------------------------------------------------------------------------
  clock CLK (rise edge)                                 0.0000     0.0000
  clock network delay (ideal)                           0.0500     0.0500
  DP_i_fetch_i_IR_out_reg_23_/CK (DFF_X1)               0.0000     0.0500 r
  DP_i_fetch_i_IR_out_reg_23_/QN (DFF_X1)               0.0782     0.1282 f
  U7309/ZN (INV_X1)                                     0.0374     0.1656 r
  DP_i_decode_i_reg_file_i/addr_rs1_2_ (register_file)
                                                        0.0000     0.1656 r
  DP_i_decode_i_reg_file_i/U312/ZN (NAND2_X1)           0.0323     0.1979 f
  DP_i_decode_i_reg_file_i/U223/ZN (OAI21_X1)           0.0357     0.2336 r
  DP_i_decode_i_reg_file_i/U205/ZN (AND2_X1)            0.0514     0.2850 r
  DP_i_decode_i_reg_file_i/U209/ZN (NAND4_X1)           0.0479     0.3329 f
  DP_i_decode_i_reg_file_i/U321/ZN (NAND2_X1)           0.0508     0.3838 r
  DP_i_decode_i_reg_file_i/U161/ZN (OR2_X1)             0.0510     0.4348 r
  DP_i_decode_i_reg_file_i/U2266/ZN (OAI22_X1)          0.0392     0.4741 f
  DP_i_decode_i_reg_file_i/U2267/ZN (INV_X1)            0.0280     0.5021 r
  DP_i_decode_i_reg_file_i/U2274/ZN (NAND4_X1)          0.0372     0.5393 f
  DP_i_decode_i_reg_file_i/U2275/ZN (NOR4_X1)           0.0924     0.6317 r
  DP_i_decode_i_reg_file_i/U2276/ZN (NAND4_X1)          0.0536     0.6853 f
  DP_i_decode_i_reg_file_i/output1[1] (register_file)   0.0000     0.6853 f
  U1958/ZN (OAI21_X1)                                   0.0556     0.7409 r
  U1963/ZN (AOI21_X1)                                   0.0440     0.7849 f
  U1969/ZN (OR3_X2)                                     0.0842     0.8692 f
  U1219/ZN (AND2_X2)                                    0.0607     0.9299 f
  U2327/ZN (NAND2_X1)                                   0.0473     0.9772 r
  U2329/ZN (NAND4_X1)                                   0.0355     1.0128 f
  U1840/Z (MUX2_X1)                                     0.0680     1.0808 f
  U1961/ZN (OR2_X1)                                     0.0538     1.1346 f
  U2072/ZN (OAI211_X1)                                  0.0394     1.1740 r
  U2073/ZN (NAND3_X1)                                   0.0457     1.2197 f
  U1803/ZN (AND3_X1)                                    0.0510     1.2707 f
  U2086/ZN (NAND2_X1)                                   0.0412     1.3118 r
  U2113/ZN (NAND3_X1)                                   0.0502     1.3621 f
  U10211/ZN (OR2_X2)                                    0.0778     1.4399 f
  U1230/ZN (OR2_X2)                                     0.0815     1.5213 f
  U10313/ZN (OR3_X1)                                    0.0926     1.6139 f
  U10314/ZN (NAND2_X1)                                  0.0298     1.6437 r
  CP_i_hazard_unit_i_G_scoreboard_reg_21__1_/D (DFF_X2)
                                                        0.0109     1.6546 r
  data arrival time                                                1.6546

  clock CLK (rise edge)                                 1.3500     1.3500
  clock network delay (ideal)                           0.0500     1.4000
  clock uncertainty                                    -0.0500     1.3500
  CP_i_hazard_unit_i_G_scoreboard_reg_21__1_/CK (DFF_X2)
                                                        0.0000     1.3500 r
  library setup time                                   -0.0264     1.3236
  data required time                                               1.3236
  --------------------------------------------------------------------------
  data required time                                               1.3236
  data arrival time                                               -1.6546
  --------------------------------------------------------------------------
  slack (VIOLATED)                                                -0.3310


  Startpoint: DP_i_fetch_i_IR_out_reg_23_
              (rising edge-triggered flip-flop clocked by CLK)
  Endpoint: CP_i_hazard_unit_i_G_scoreboard_reg_16__1_
            (rising edge-triggered flip-flop clocked by CLK)
  Path Group: REG2REG
  Path Type: max

  Des/Clust/Port     Wire Load Model       Library
  ------------------------------------------------
  DLX                5K_hvratio_1_4        NangateOpenCellLibrary

  Point                                                   Incr       Path
  --------------------------------------------------------------------------
  clock CLK (rise edge)                                 0.0000     0.0000
  clock network delay (ideal)                           0.0500     0.0500
  DP_i_fetch_i_IR_out_reg_23_/CK (DFF_X1)               0.0000     0.0500 r
  DP_i_fetch_i_IR_out_reg_23_/QN (DFF_X1)               0.0782     0.1282 f
  U7309/ZN (INV_X1)                                     0.0374     0.1656 r
  DP_i_decode_i_reg_file_i/addr_rs1_2_ (register_file)
                                                        0.0000     0.1656 r
  DP_i_decode_i_reg_file_i/U312/ZN (NAND2_X1)           0.0323     0.1979 f
  DP_i_decode_i_reg_file_i/U223/ZN (OAI21_X1)           0.0357     0.2336 r
  DP_i_decode_i_reg_file_i/U205/ZN (AND2_X1)            0.0514     0.2850 r
  DP_i_decode_i_reg_file_i/U209/ZN (NAND4_X1)           0.0479     0.3329 f
  DP_i_decode_i_reg_file_i/U321/ZN (NAND2_X1)           0.0508     0.3838 r
  DP_i_decode_i_reg_file_i/U161/ZN (OR2_X1)             0.0510     0.4348 r
  DP_i_decode_i_reg_file_i/U2266/ZN (OAI22_X1)          0.0392     0.4741 f
  DP_i_decode_i_reg_file_i/U2267/ZN (INV_X1)            0.0280     0.5021 r
  DP_i_decode_i_reg_file_i/U2274/ZN (NAND4_X1)          0.0372     0.5393 f
  DP_i_decode_i_reg_file_i/U2275/ZN (NOR4_X1)           0.0924     0.6317 r
  DP_i_decode_i_reg_file_i/U2276/ZN (NAND4_X1)          0.0536     0.6853 f
  DP_i_decode_i_reg_file_i/output1[1] (register_file)   0.0000     0.6853 f
  U1958/ZN (OAI21_X1)                                   0.0556     0.7409 r
  U1963/ZN (AOI21_X1)                                   0.0440     0.7849 f
  U1969/ZN (OR3_X2)                                     0.0842     0.8692 f
  U1219/ZN (AND2_X2)                                    0.0607     0.9299 f
  U2327/ZN (NAND2_X1)                                   0.0473     0.9772 r
  U2329/ZN (NAND4_X1)                                   0.0355     1.0128 f
  U1840/Z (MUX2_X1)                                     0.0680     1.0808 f
  U1961/ZN (OR2_X1)                                     0.0538     1.1346 f
  U2072/ZN (OAI211_X1)                                  0.0394     1.1740 r
  U2073/ZN (NAND3_X1)                                   0.0457     1.2197 f
  U1803/ZN (AND3_X1)                                    0.0510     1.2707 f
  U2086/ZN (NAND2_X1)                                   0.0412     1.3118 r
  U2113/ZN (NAND3_X1)                                   0.0502     1.3621 f
  U10211/ZN (OR2_X2)                                    0.0778     1.4399 f
  U1230/ZN (OR2_X2)                                     0.0815     1.5213 f
  U10222/ZN (OR3_X1)                                    0.0926     1.6139 f
  U10223/ZN (NAND2_X1)                                  0.0298     1.6437 r
  CP_i_hazard_unit_i_G_scoreboard_reg_16__1_/D (DFF_X2)
                                                        0.0109     1.6546 r
  data arrival time                                                1.6546

  clock CLK (rise edge)                                 1.3500     1.3500
  clock network delay (ideal)                           0.0500     1.4000
  clock uncertainty                                    -0.0500     1.3500
  CP_i_hazard_unit_i_G_scoreboard_reg_16__1_/CK (DFF_X2)
                                                        0.0000     1.3500 r
  library setup time                                   -0.0264     1.3236
  data required time                                               1.3236
  --------------------------------------------------------------------------
  data required time                                               1.3236
  data arrival time                                               -1.6546
  --------------------------------------------------------------------------
  slack (VIOLATED)                                                -0.3310


  Startpoint: DP_i_fetch_i_IR_out_reg_23_
              (rising edge-triggered flip-flop clocked by CLK)
  Endpoint: CP_i_hazard_unit_i_G_scoreboard_reg_17__1_
            (rising edge-triggered flip-flop clocked by CLK)
  Path Group: REG2REG
  Path Type: max

  Des/Clust/Port     Wire Load Model       Library
  ------------------------------------------------
  DLX                5K_hvratio_1_4        NangateOpenCellLibrary

  Point                                                   Incr       Path
  --------------------------------------------------------------------------
  clock CLK (rise edge)                                 0.0000     0.0000
  clock network delay (ideal)                           0.0500     0.0500
  DP_i_fetch_i_IR_out_reg_23_/CK (DFF_X1)               0.0000     0.0500 r
  DP_i_fetch_i_IR_out_reg_23_/QN (DFF_X1)               0.0782     0.1282 f
  U7309/ZN (INV_X1)                                     0.0374     0.1656 r
  DP_i_decode_i_reg_file_i/addr_rs1_2_ (register_file)
                                                        0.0000     0.1656 r
  DP_i_decode_i_reg_file_i/U312/ZN (NAND2_X1)           0.0323     0.1979 f
  DP_i_decode_i_reg_file_i/U223/ZN (OAI21_X1)           0.0357     0.2336 r
  DP_i_decode_i_reg_file_i/U205/ZN (AND2_X1)            0.0514     0.2850 r
  DP_i_decode_i_reg_file_i/U209/ZN (NAND4_X1)           0.0479     0.3329 f
  DP_i_decode_i_reg_file_i/U321/ZN (NAND2_X1)           0.0508     0.3838 r
  DP_i_decode_i_reg_file_i/U161/ZN (OR2_X1)             0.0510     0.4348 r
  DP_i_decode_i_reg_file_i/U2266/ZN (OAI22_X1)          0.0392     0.4741 f
  DP_i_decode_i_reg_file_i/U2267/ZN (INV_X1)            0.0280     0.5021 r
  DP_i_decode_i_reg_file_i/U2274/ZN (NAND4_X1)          0.0372     0.5393 f
  DP_i_decode_i_reg_file_i/U2275/ZN (NOR4_X1)           0.0924     0.6317 r
  DP_i_decode_i_reg_file_i/U2276/ZN (NAND4_X1)          0.0536     0.6853 f
  DP_i_decode_i_reg_file_i/output1[1] (register_file)   0.0000     0.6853 f
  U1958/ZN (OAI21_X1)                                   0.0556     0.7409 r
  U1963/ZN (AOI21_X1)                                   0.0440     0.7849 f
  U1969/ZN (OR3_X2)                                     0.0842     0.8692 f
  U1219/ZN (AND2_X2)                                    0.0607     0.9299 f
  U2327/ZN (NAND2_X1)                                   0.0473     0.9772 r
  U2329/ZN (NAND4_X1)                                   0.0355     1.0128 f
  U1840/Z (MUX2_X1)                                     0.0680     1.0808 f
  U1961/ZN (OR2_X1)                                     0.0538     1.1346 f
  U2072/ZN (OAI211_X1)                                  0.0394     1.1740 r
  U2073/ZN (NAND3_X1)                                   0.0457     1.2197 f
  U1803/ZN (AND3_X1)                                    0.0510     1.2707 f
  U2086/ZN (NAND2_X1)                                   0.0412     1.3118 r
  U2113/ZN (NAND3_X1)                                   0.0502     1.3621 f
  U10211/ZN (OR2_X2)                                    0.0778     1.4399 f
  U1230/ZN (OR2_X2)                                     0.0815     1.5213 f
  U10278/ZN (OR3_X1)                                    0.0926     1.6139 f
  U10279/ZN (NAND2_X1)                                  0.0298     1.6437 r
  CP_i_hazard_unit_i_G_scoreboard_reg_17__1_/D (DFF_X2)
                                                        0.0109     1.6546 r
  data arrival time                                                1.6546

  clock CLK (rise edge)                                 1.3500     1.3500
  clock network delay (ideal)                           0.0500     1.4000
  clock uncertainty                                    -0.0500     1.3500
  CP_i_hazard_unit_i_G_scoreboard_reg_17__1_/CK (DFF_X2)
                                                        0.0000     1.3500 r
  library setup time                                   -0.0264     1.3236
  data required time                                               1.3236
  --------------------------------------------------------------------------
  data required time                                               1.3236
  data arrival time                                               -1.6546
  --------------------------------------------------------------------------
  slack (VIOLATED)                                                -0.3310


  Startpoint: DP_i_fetch_i_IR_out_reg_23_
              (rising edge-triggered flip-flop clocked by CLK)
  Endpoint: CP_i_hazard_unit_i_G_scoreboard_reg_19__1_
            (rising edge-triggered flip-flop clocked by CLK)
  Path Group: REG2REG
  Path Type: max

  Des/Clust/Port     Wire Load Model       Library
  ------------------------------------------------
  DLX                5K_hvratio_1_4        NangateOpenCellLibrary

  Point                                                   Incr       Path
  --------------------------------------------------------------------------
  clock CLK (rise edge)                                 0.0000     0.0000
  clock network delay (ideal)                           0.0500     0.0500
  DP_i_fetch_i_IR_out_reg_23_/CK (DFF_X1)               0.0000     0.0500 r
  DP_i_fetch_i_IR_out_reg_23_/QN (DFF_X1)               0.0782     0.1282 f
  U7309/ZN (INV_X1)                                     0.0374     0.1656 r
  DP_i_decode_i_reg_file_i/addr_rs1_2_ (register_file)
                                                        0.0000     0.1656 r
  DP_i_decode_i_reg_file_i/U312/ZN (NAND2_X1)           0.0323     0.1979 f
  DP_i_decode_i_reg_file_i/U223/ZN (OAI21_X1)           0.0357     0.2336 r
  DP_i_decode_i_reg_file_i/U205/ZN (AND2_X1)            0.0514     0.2850 r
  DP_i_decode_i_reg_file_i/U209/ZN (NAND4_X1)           0.0479     0.3329 f
  DP_i_decode_i_reg_file_i/U321/ZN (NAND2_X1)           0.0508     0.3838 r
  DP_i_decode_i_reg_file_i/U161/ZN (OR2_X1)             0.0510     0.4348 r
  DP_i_decode_i_reg_file_i/U2266/ZN (OAI22_X1)          0.0392     0.4741 f
  DP_i_decode_i_reg_file_i/U2267/ZN (INV_X1)            0.0280     0.5021 r
  DP_i_decode_i_reg_file_i/U2274/ZN (NAND4_X1)          0.0372     0.5393 f
  DP_i_decode_i_reg_file_i/U2275/ZN (NOR4_X1)           0.0924     0.6317 r
  DP_i_decode_i_reg_file_i/U2276/ZN (NAND4_X1)          0.0536     0.6853 f
  DP_i_decode_i_reg_file_i/output1[1] (register_file)   0.0000     0.6853 f
  U1958/ZN (OAI21_X1)                                   0.0556     0.7409 r
  U1963/ZN (AOI21_X1)                                   0.0440     0.7849 f
  U1969/ZN (OR3_X2)                                     0.0842     0.8692 f
  U1219/ZN (AND2_X2)                                    0.0607     0.9299 f
  U2327/ZN (NAND2_X1)                                   0.0473     0.9772 r
  U2329/ZN (NAND4_X1)                                   0.0355     1.0128 f
  U1840/Z (MUX2_X1)                                     0.0680     1.0808 f
  U1961/ZN (OR2_X1)                                     0.0538     1.1346 f
  U2072/ZN (OAI211_X1)                                  0.0394     1.1740 r
  U2073/ZN (NAND3_X1)                                   0.0457     1.2197 f
  U1803/ZN (AND3_X1)                                    0.0510     1.2706 f
  U2086/ZN (NAND2_X1)                                   0.0412     1.3118 r
  U2113/ZN (NAND3_X1)                                   0.0502     1.3621 f
  U10211/ZN (OR2_X2)                                    0.0778     1.4399 f
  U1230/ZN (OR2_X2)                                     0.0815     1.5213 f
  U10295/ZN (OR3_X1)                                    0.0926     1.6139 f
  U10296/ZN (NAND2_X1)                                  0.0298     1.6437 r
  CP_i_hazard_unit_i_G_scoreboard_reg_19__1_/D (DFF_X2)
                                                        0.0109     1.6546 r
  data arrival time                                                1.6546

  clock CLK (rise edge)                                 1.3500     1.3500
  clock network delay (ideal)                           0.0500     1.4000
  clock uncertainty                                    -0.0500     1.3500
  CP_i_hazard_unit_i_G_scoreboard_reg_19__1_/CK (DFF_X2)
                                                        0.0000     1.3500 r
  library setup time                                   -0.0264     1.3236
  data required time                                               1.3236
  --------------------------------------------------------------------------
  data required time                                               1.3236
  data arrival time                                               -1.6546
  --------------------------------------------------------------------------
  slack (VIOLATED)                                                -0.3310


  Startpoint: DP_i_fetch_i_IR_out_reg_23_
              (rising edge-triggered flip-flop clocked by CLK)
  Endpoint: CP_i_hazard_unit_i_G_scoreboard_reg_21__1_
            (rising edge-triggered flip-flop clocked by CLK)
  Path Group: REG2REG
  Path Type: max

  Des/Clust/Port     Wire Load Model       Library
  ------------------------------------------------
  DLX                5K_hvratio_1_4        NangateOpenCellLibrary

  Point                                                   Incr       Path
  --------------------------------------------------------------------------
  clock CLK (rise edge)                                 0.0000     0.0000
  clock network delay (ideal)                           0.0500     0.0500
  DP_i_fetch_i_IR_out_reg_23_/CK (DFF_X1)               0.0000     0.0500 r
  DP_i_fetch_i_IR_out_reg_23_/QN (DFF_X1)               0.0782     0.1282 f
  U7309/ZN (INV_X1)                                     0.0374     0.1656 r
  DP_i_decode_i_reg_file_i/addr_rs1_2_ (register_file)
                                                        0.0000     0.1656 r
  DP_i_decode_i_reg_file_i/U312/ZN (NAND2_X1)           0.0323     0.1979 f
  DP_i_decode_i_reg_file_i/U223/ZN (OAI21_X1)           0.0357     0.2336 r
  DP_i_decode_i_reg_file_i/U205/ZN (AND2_X1)            0.0514     0.2850 r
  DP_i_decode_i_reg_file_i/U209/ZN (NAND4_X1)           0.0479     0.3329 f
  DP_i_decode_i_reg_file_i/U321/ZN (NAND2_X1)           0.0508     0.3838 r
  DP_i_decode_i_reg_file_i/U161/ZN (OR2_X1)             0.0510     0.4348 r
  DP_i_decode_i_reg_file_i/U2266/ZN (OAI22_X1)          0.0392     0.4741 f
  DP_i_decode_i_reg_file_i/U2267/ZN (INV_X1)            0.0280     0.5021 r
  DP_i_decode_i_reg_file_i/U2274/ZN (NAND4_X1)          0.0372     0.5393 f
  DP_i_decode_i_reg_file_i/U2275/ZN (NOR4_X1)           0.0924     0.6317 r
  DP_i_decode_i_reg_file_i/U2276/ZN (NAND4_X1)          0.0536     0.6853 f
  DP_i_decode_i_reg_file_i/output1[1] (register_file)   0.0000     0.6853 f
  U1958/ZN (OAI21_X1)                                   0.0556     0.7409 r
  U1963/ZN (AOI21_X1)                                   0.0440     0.7849 f
  U1969/ZN (OR3_X2)                                     0.0842     0.8692 f
  U1219/ZN (AND2_X2)                                    0.0607     0.9299 f
  U2327/ZN (NAND2_X1)                                   0.0473     0.9772 r
  U2329/ZN (NAND4_X1)                                   0.0355     1.0128 f
  U1840/Z (MUX2_X1)                                     0.0680     1.0808 f
  U1961/ZN (OR2_X1)                                     0.0538     1.1346 f
  U2072/ZN (OAI211_X1)                                  0.0394     1.1740 r
  U2073/ZN (NAND3_X1)                                   0.0457     1.2197 f
  U1803/ZN (AND3_X1)                                    0.0510     1.2706 f
  U2086/ZN (NAND2_X1)                                   0.0412     1.3118 r
  U2113/ZN (NAND3_X1)                                   0.0502     1.3621 f
  U10211/ZN (OR2_X2)                                    0.0778     1.4399 f
  U1230/ZN (OR2_X2)                                     0.0815     1.5213 f
  U10313/ZN (OR3_X1)                                    0.0926     1.6139 f
  U10314/ZN (NAND2_X1)                                  0.0298     1.6437 r
  CP_i_hazard_unit_i_G_scoreboard_reg_21__1_/D (DFF_X2)
                                                        0.0109     1.6546 r
  data arrival time                                                1.6546

  clock CLK (rise edge)                                 1.3500     1.3500
  clock network delay (ideal)                           0.0500     1.4000
  clock uncertainty                                    -0.0500     1.3500
  CP_i_hazard_unit_i_G_scoreboard_reg_21__1_/CK (DFF_X2)
                                                        0.0000     1.3500 r
  library setup time                                   -0.0264     1.3236
  data required time                                               1.3236
  --------------------------------------------------------------------------
  data required time                                               1.3236
  data arrival time                                               -1.6546
  --------------------------------------------------------------------------
  slack (VIOLATED)                                                -0.3310


  Startpoint: DP_i_fetch_i_IR_out_reg_23_
              (rising edge-triggered flip-flop clocked by CLK)
  Endpoint: CP_i_hazard_unit_i_G_scoreboard_reg_16__1_
            (rising edge-triggered flip-flop clocked by CLK)
  Path Group: REG2REG
  Path Type: max

  Des/Clust/Port     Wire Load Model       Library
  ------------------------------------------------
  DLX                5K_hvratio_1_4        NangateOpenCellLibrary

  Point                                                   Incr       Path
  --------------------------------------------------------------------------
  clock CLK (rise edge)                                 0.0000     0.0000
  clock network delay (ideal)                           0.0500     0.0500
  DP_i_fetch_i_IR_out_reg_23_/CK (DFF_X1)               0.0000     0.0500 r
  DP_i_fetch_i_IR_out_reg_23_/QN (DFF_X1)               0.0782     0.1282 f
  U7309/ZN (INV_X1)                                     0.0374     0.1656 r
  DP_i_decode_i_reg_file_i/addr_rs1_2_ (register_file)
                                                        0.0000     0.1656 r
  DP_i_decode_i_reg_file_i/U312/ZN (NAND2_X1)           0.0323     0.1979 f
  DP_i_decode_i_reg_file_i/U223/ZN (OAI21_X1)           0.0357     0.2336 r
  DP_i_decode_i_reg_file_i/U205/ZN (AND2_X1)            0.0514     0.2850 r
  DP_i_decode_i_reg_file_i/U209/ZN (NAND4_X1)           0.0479     0.3329 f
  DP_i_decode_i_reg_file_i/U321/ZN (NAND2_X1)           0.0508     0.3838 r
  DP_i_decode_i_reg_file_i/U161/ZN (OR2_X1)             0.0510     0.4348 r
  DP_i_decode_i_reg_file_i/U2266/ZN (OAI22_X1)          0.0392     0.4741 f
  DP_i_decode_i_reg_file_i/U2267/ZN (INV_X1)            0.0280     0.5021 r
  DP_i_decode_i_reg_file_i/U2274/ZN (NAND4_X1)          0.0372     0.5393 f
  DP_i_decode_i_reg_file_i/U2275/ZN (NOR4_X1)           0.0924     0.6317 r
  DP_i_decode_i_reg_file_i/U2276/ZN (NAND4_X1)          0.0536     0.6853 f
  DP_i_decode_i_reg_file_i/output1[1] (register_file)   0.0000     0.6853 f
  U1958/ZN (OAI21_X1)                                   0.0556     0.7409 r
  U1963/ZN (AOI21_X1)                                   0.0440     0.7849 f
  U1969/ZN (OR3_X2)                                     0.0842     0.8692 f
  U1219/ZN (AND2_X2)                                    0.0607     0.9299 f
  U2327/ZN (NAND2_X1)                                   0.0473     0.9772 r
  U2329/ZN (NAND4_X1)                                   0.0355     1.0128 f
  U1840/Z (MUX2_X1)                                     0.0680     1.0808 f
  U1961/ZN (OR2_X1)                                     0.0538     1.1346 f
  U2072/ZN (OAI211_X1)                                  0.0394     1.1740 r
  U2073/ZN (NAND3_X1)                                   0.0457     1.2197 f
  U1803/ZN (AND3_X1)                                    0.0510     1.2706 f
  U2086/ZN (NAND2_X1)                                   0.0412     1.3118 r
  U2113/ZN (NAND3_X1)                                   0.0502     1.3621 f
  U10211/ZN (OR2_X2)                                    0.0778     1.4399 f
  U1230/ZN (OR2_X2)                                     0.0815     1.5213 f
  U10222/ZN (OR3_X1)                                    0.0926     1.6139 f
  U10223/ZN (NAND2_X1)                                  0.0298     1.6437 r
  CP_i_hazard_unit_i_G_scoreboard_reg_16__1_/D (DFF_X2)
                                                        0.0109     1.6546 r
  data arrival time                                                1.6546

  clock CLK (rise edge)                                 1.3500     1.3500
  clock network delay (ideal)                           0.0500     1.4000
  clock uncertainty                                    -0.0500     1.3500
  CP_i_hazard_unit_i_G_scoreboard_reg_16__1_/CK (DFF_X2)
                                                        0.0000     1.3500 r
  library setup time                                   -0.0264     1.3236
  data required time                                               1.3236
  --------------------------------------------------------------------------
  data required time                                               1.3236
  data arrival time                                               -1.6546
  --------------------------------------------------------------------------
  slack (VIOLATED)                                                -0.3310


  Startpoint: DP_i_fetch_i_IR_out_reg_23_
              (rising edge-triggered flip-flop clocked by CLK)
  Endpoint: CP_i_hazard_unit_i_G_scoreboard_reg_17__1_
            (rising edge-triggered flip-flop clocked by CLK)
  Path Group: REG2REG
  Path Type: max

  Des/Clust/Port     Wire Load Model       Library
  ------------------------------------------------
  DLX                5K_hvratio_1_4        NangateOpenCellLibrary

  Point                                                   Incr       Path
  --------------------------------------------------------------------------
  clock CLK (rise edge)                                 0.0000     0.0000
  clock network delay (ideal)                           0.0500     0.0500
  DP_i_fetch_i_IR_out_reg_23_/CK (DFF_X1)               0.0000     0.0500 r
  DP_i_fetch_i_IR_out_reg_23_/QN (DFF_X1)               0.0782     0.1282 f
  U7309/ZN (INV_X1)                                     0.0374     0.1656 r
  DP_i_decode_i_reg_file_i/addr_rs1_2_ (register_file)
                                                        0.0000     0.1656 r
  DP_i_decode_i_reg_file_i/U312/ZN (NAND2_X1)           0.0323     0.1979 f
  DP_i_decode_i_reg_file_i/U223/ZN (OAI21_X1)           0.0357     0.2336 r
  DP_i_decode_i_reg_file_i/U205/ZN (AND2_X1)            0.0514     0.2850 r
  DP_i_decode_i_reg_file_i/U209/ZN (NAND4_X1)           0.0479     0.3329 f
  DP_i_decode_i_reg_file_i/U321/ZN (NAND2_X1)           0.0508     0.3838 r
  DP_i_decode_i_reg_file_i/U161/ZN (OR2_X1)             0.0510     0.4348 r
  DP_i_decode_i_reg_file_i/U2266/ZN (OAI22_X1)          0.0392     0.4741 f
  DP_i_decode_i_reg_file_i/U2267/ZN (INV_X1)            0.0280     0.5021 r
  DP_i_decode_i_reg_file_i/U2274/ZN (NAND4_X1)          0.0372     0.5393 f
  DP_i_decode_i_reg_file_i/U2275/ZN (NOR4_X1)           0.0924     0.6317 r
  DP_i_decode_i_reg_file_i/U2276/ZN (NAND4_X1)          0.0536     0.6853 f
  DP_i_decode_i_reg_file_i/output1[1] (register_file)   0.0000     0.6853 f
  U1958/ZN (OAI21_X1)                                   0.0556     0.7409 r
  U1963/ZN (AOI21_X1)                                   0.0440     0.7849 f
  U1969/ZN (OR3_X2)                                     0.0842     0.8692 f
  U1219/ZN (AND2_X2)                                    0.0607     0.9299 f
  U2327/ZN (NAND2_X1)                                   0.0473     0.9772 r
  U2329/ZN (NAND4_X1)                                   0.0355     1.0128 f
  U1840/Z (MUX2_X1)                                     0.0680     1.0808 f
  U1961/ZN (OR2_X1)                                     0.0538     1.1346 f
  U2072/ZN (OAI211_X1)                                  0.0394     1.1740 r
  U2073/ZN (NAND3_X1)                                   0.0457     1.2197 f
  U1803/ZN (AND3_X1)                                    0.0510     1.2706 f
  U2086/ZN (NAND2_X1)                                   0.0412     1.3118 r
  U2113/ZN (NAND3_X1)                                   0.0502     1.3621 f
  U10211/ZN (OR2_X2)                                    0.0778     1.4399 f
  U1230/ZN (OR2_X2)                                     0.0815     1.5213 f
  U10278/ZN (OR3_X1)                                    0.0926     1.6139 f
  U10279/ZN (NAND2_X1)                                  0.0298     1.6437 r
  CP_i_hazard_unit_i_G_scoreboard_reg_17__1_/D (DFF_X2)
                                                        0.0109     1.6546 r
  data arrival time                                                1.6546

  clock CLK (rise edge)                                 1.3500     1.3500
  clock network delay (ideal)                           0.0500     1.4000
  clock uncertainty                                    -0.0500     1.3500
  CP_i_hazard_unit_i_G_scoreboard_reg_17__1_/CK (DFF_X2)
                                                        0.0000     1.3500 r
  library setup time                                   -0.0264     1.3236
  data required time                                               1.3236
  --------------------------------------------------------------------------
  data required time                                               1.3236
  data arrival time                                               -1.6546
  --------------------------------------------------------------------------
  slack (VIOLATED)                                                -0.3310


  Startpoint: DP_i_fetch_i_IR_out_reg_23_
              (rising edge-triggered flip-flop clocked by CLK)
  Endpoint: CP_i_hazard_unit_i_G_scoreboard_reg_31__0_
            (rising edge-triggered flip-flop clocked by CLK)
  Path Group: REG2REG
  Path Type: max

  Des/Clust/Port     Wire Load Model       Library
  ------------------------------------------------
  DLX                5K_hvratio_1_4        NangateOpenCellLibrary

  Point                                                   Incr       Path
  --------------------------------------------------------------------------
  clock CLK (rise edge)                                 0.0000     0.0000
  clock network delay (ideal)                           0.0500     0.0500
  DP_i_fetch_i_IR_out_reg_23_/CK (DFF_X1)               0.0000     0.0500 r
  DP_i_fetch_i_IR_out_reg_23_/QN (DFF_X1)               0.0782     0.1282 f
  U7309/ZN (INV_X1)                                     0.0374     0.1656 r
  DP_i_decode_i_reg_file_i/addr_rs1_2_ (register_file)
                                                        0.0000     0.1656 r
  DP_i_decode_i_reg_file_i/U312/ZN (NAND2_X1)           0.0323     0.1979 f
  DP_i_decode_i_reg_file_i/U223/ZN (OAI21_X1)           0.0357     0.2336 r
  DP_i_decode_i_reg_file_i/U205/ZN (AND2_X1)            0.0514     0.2850 r
  DP_i_decode_i_reg_file_i/U209/ZN (NAND4_X1)           0.0479     0.3329 f
  DP_i_decode_i_reg_file_i/U321/ZN (NAND2_X1)           0.0508     0.3838 r
  DP_i_decode_i_reg_file_i/U161/ZN (OR2_X1)             0.0510     0.4348 r
  DP_i_decode_i_reg_file_i/U2266/ZN (OAI22_X1)          0.0392     0.4741 f
  DP_i_decode_i_reg_file_i/U2267/ZN (INV_X1)            0.0280     0.5021 r
  DP_i_decode_i_reg_file_i/U2274/ZN (NAND4_X1)          0.0372     0.5393 f
  DP_i_decode_i_reg_file_i/U2275/ZN (NOR4_X1)           0.0924     0.6317 r
  DP_i_decode_i_reg_file_i/U2276/ZN (NAND4_X1)          0.0536     0.6853 f
  DP_i_decode_i_reg_file_i/output1[1] (register_file)   0.0000     0.6853 f
  U1958/ZN (OAI21_X1)                                   0.0556     0.7409 r
  U1963/ZN (AOI21_X1)                                   0.0440     0.7849 f
  U1969/ZN (OR3_X2)                                     0.0842     0.8692 f
  U2084/ZN (INV_X1)                                     0.0410     0.9102 r
  U2083/ZN (AND2_X2)                                    0.0674     0.9775 r
  U2332/ZN (NAND2_X1)                                   0.0482     1.0258 f
  U2333/ZN (NAND4_X1)                                   0.0333     1.0591 r
  U1840/Z (MUX2_X1)                                     0.0456     1.1047 r
  U1961/ZN (OR2_X1)                                     0.0328     1.1375 r
  U2072/ZN (OAI211_X1)                                  0.0450     1.1825 f
  U2073/ZN (NAND3_X1)                                   0.0414     1.2239 r
  U1803/ZN (AND3_X1)                                    0.0636     1.2875 r
  U2086/ZN (NAND2_X1)                                   0.0412     1.3286 f
  U1662/ZN (AND2_X2)                                    0.0526     1.3812 f
  U1871/ZN (INV_X1)                                     0.0605     1.4417 r
  U5229/ZN (OR2_X1)                                     0.0547     1.4964 r
  U9074/ZN (NAND2_X1)                                   0.0313     1.5278 f
  U10343/ZN (NOR2_X1)                                   0.0442     1.5719 r
  U10346/ZN (OR2_X1)                                    0.0331     1.6050 r
  U10347/ZN (AND2_X1)                                   0.0379     1.6429 r
  CP_i_hazard_unit_i_G_scoreboard_reg_31__0_/D (DFF_X2)
                                                        0.0109     1.6538 r
  data arrival time                                                1.6538

  clock CLK (rise edge)                                 1.3500     1.3500
  clock network delay (ideal)                           0.0500     1.4000
  clock uncertainty                                    -0.0500     1.3500
  CP_i_hazard_unit_i_G_scoreboard_reg_31__0_/CK (DFF_X2)
                                                        0.0000     1.3500 r
  library setup time                                   -0.0262     1.3238
  data required time                                               1.3238
  --------------------------------------------------------------------------
  data required time                                               1.3238
  data arrival time                                               -1.6538
  --------------------------------------------------------------------------
  slack (VIOLATED)                                                -0.3300


  Startpoint: DP_i_fetch_i_IR_out_reg_23_
              (rising edge-triggered flip-flop clocked by CLK)
  Endpoint: CP_i_hazard_unit_i_G_scoreboard_reg_23__0_
            (rising edge-triggered flip-flop clocked by CLK)
  Path Group: REG2REG
  Path Type: max

  Des/Clust/Port     Wire Load Model       Library
  ------------------------------------------------
  DLX                5K_hvratio_1_4        NangateOpenCellLibrary

  Point                                                   Incr       Path
  --------------------------------------------------------------------------
  clock CLK (rise edge)                                 0.0000     0.0000
  clock network delay (ideal)                           0.0500     0.0500
  DP_i_fetch_i_IR_out_reg_23_/CK (DFF_X1)               0.0000     0.0500 r
  DP_i_fetch_i_IR_out_reg_23_/QN (DFF_X1)               0.0782     0.1282 f
  U7309/ZN (INV_X1)                                     0.0374     0.1656 r
  DP_i_decode_i_reg_file_i/addr_rs1_2_ (register_file)
                                                        0.0000     0.1656 r
  DP_i_decode_i_reg_file_i/U312/ZN (NAND2_X1)           0.0323     0.1979 f
  DP_i_decode_i_reg_file_i/U223/ZN (OAI21_X1)           0.0357     0.2336 r
  DP_i_decode_i_reg_file_i/U205/ZN (AND2_X1)            0.0514     0.2850 r
  DP_i_decode_i_reg_file_i/U209/ZN (NAND4_X1)           0.0479     0.3329 f
  DP_i_decode_i_reg_file_i/U321/ZN (NAND2_X1)           0.0508     0.3838 r
  DP_i_decode_i_reg_file_i/U161/ZN (OR2_X1)             0.0510     0.4348 r
  DP_i_decode_i_reg_file_i/U2266/ZN (OAI22_X1)          0.0392     0.4741 f
  DP_i_decode_i_reg_file_i/U2267/ZN (INV_X1)            0.0280     0.5021 r
  DP_i_decode_i_reg_file_i/U2274/ZN (NAND4_X1)          0.0372     0.5393 f
  DP_i_decode_i_reg_file_i/U2275/ZN (NOR4_X1)           0.0924     0.6317 r
  DP_i_decode_i_reg_file_i/U2276/ZN (NAND4_X1)          0.0536     0.6853 f
  DP_i_decode_i_reg_file_i/output1[1] (register_file)   0.0000     0.6853 f
  U1958/ZN (OAI21_X1)                                   0.0556     0.7409 r
  U1963/ZN (AOI21_X1)                                   0.0440     0.7849 f
  U1969/ZN (OR3_X2)                                     0.0842     0.8692 f
  U2084/ZN (INV_X1)                                     0.0410     0.9102 r
  U2083/ZN (AND2_X2)                                    0.0674     0.9775 r
  U2332/ZN (NAND2_X1)                                   0.0482     1.0258 f
  U2333/ZN (NAND4_X1)                                   0.0333     1.0591 r
  U1840/Z (MUX2_X1)                                     0.0456     1.1047 r
  U1961/ZN (OR2_X1)                                     0.0328     1.1375 r
  U2072/ZN (OAI211_X1)                                  0.0450     1.1825 f
  U2073/ZN (NAND3_X1)                                   0.0414     1.2239 r
  U1803/ZN (AND3_X1)                                    0.0636     1.2875 r
  U2086/ZN (NAND2_X1)                                   0.0412     1.3286 f
  U1662/ZN (AND2_X2)                                    0.0526     1.3812 f
  U1871/ZN (INV_X1)                                     0.0605     1.4417 r
  U5226/ZN (OR2_X1)                                     0.0547     1.4964 r
  U9073/ZN (NAND2_X1)                                   0.0313     1.5278 f
  U10327/ZN (NOR2_X1)                                   0.0442     1.5719 r
  U10330/ZN (OR2_X1)                                    0.0331     1.6050 r
  U10331/ZN (AND2_X1)                                   0.0379     1.6429 r
  CP_i_hazard_unit_i_G_scoreboard_reg_23__0_/D (DFF_X2)
                                                        0.0109     1.6538 r
  data arrival time                                                1.6538

  clock CLK (rise edge)                                 1.3500     1.3500
  clock network delay (ideal)                           0.0500     1.4000
  clock uncertainty                                    -0.0500     1.3500
  CP_i_hazard_unit_i_G_scoreboard_reg_23__0_/CK (DFF_X2)
                                                        0.0000     1.3500 r
  library setup time                                   -0.0262     1.3238
  data required time                                               1.3238
  --------------------------------------------------------------------------
  data required time                                               1.3238
  data arrival time                                               -1.6538
  --------------------------------------------------------------------------
  slack (VIOLATED)                                                -0.3300


1
