 
****************************************
Report : qor
Design : DLX
Version: W-2024.09-SP2
Date   : Tue Sep 29 13:43:25 2026
****************************************


  Timing Path Group 'CLK'
  -----------------------------------
  Levels of Logic:              52.00
  Critical Path Length:          3.56
  Critical Path Slack:           0.33
  Critical Path Clk Period:      4.00
  Total Negative Slack:          0.00
  No. of Violating Paths:        0.00
  Worst Hold Violation:          0.00
  Total Hold Violation:          0.00
  No. of Hold Violations:        0.00
  -----------------------------------

  Timing Path Group 'INPUTS'
  -----------------------------------
  Levels of Logic:               6.00
  Critical Path Length:          1.23
  Critical Path Slack:           2.28
  Critical Path Clk Period:      4.00
  Total Negative Slack:          0.00
  No. of Violating Paths:        0.00
  Worst Hold Violation:          0.00
  Total Hold Violation:          0.00
  No. of Hold Violations:        0.00
  -----------------------------------

  Timing Path Group 'OUTPUTS'
  -----------------------------------
  Levels of Logic:              34.00
  Critical Path Length:          2.67
  Critical Path Slack:           0.88
  Critical Path Clk Period:      4.00
  Total Negative Slack:          0.00
  No. of Violating Paths:        0.00
  Worst Hold Violation:          0.00
  Total Hold Violation:          0.00
  No. of Hold Violations:        0.00
  -----------------------------------

  Timing Path Group 'REG2REG'
  -----------------------------------
  Levels of Logic:              54.00
  Critical Path Length:          3.87
  Critical Path Slack:           0.05
  Critical Path Clk Period:      4.00
  Total Negative Slack:          0.00
  No. of Violating Paths:        0.00
  Worst Hold Violation:          0.00
  Total Hold Violation:          0.00
  No. of Hold Violations:        0.00
  -----------------------------------


  Cell Count
  -----------------------------------
  Hierarchical Cell Count:         74
  Hierarchical Port Count:        671
  Leaf Cell Count:              11387
  Buf/Inv Cell Count:             980
  Buf Cell Count:                 126
  Inv Cell Count:                 854
  CT Buf/Inv Cell Count:            0
  Combinational Cell Count:      8544
  Sequential Cell Count:         2843
  Macro Count:                      0
  -----------------------------------


  Area
  -----------------------------------
  Combinational Area:    10209.346112
  Noncombinational Area: 12885.837547
  Buf/Inv Area:            567.910002
  Total Buffer Area:           105.07
  Total Inverter Area:         462.84
  Macro/Black Box Area:      0.000000
  Net Area:                  0.000000
  -----------------------------------
  Cell Area:             23095.183659
  Design Area:           23095.183659


  Design Rules
  -----------------------------------
  Total Number of Nets:         11615
  Nets With Violations:            21
  Max Trans Violations:             7
  Max Cap Violations:              21
  -----------------------------------


  Hostname: microsys.openstack.polito

  Compile CPU Statistics
  -----------------------------------------
  Resource Sharing:                    4.01
  Logic Optimization:                 10.27
  Mapping Optimization:               15.52
  -----------------------------------------
  Overall Compile Time:               85.10
  Overall Compile Wall Clock Time:    88.36

  --------------------------------------------------------------------

  Design  WNS: 0.00  TNS: 0.00  Number of Violating Paths: 0


  Design (Hold)  WNS: 0.00  TNS: 0.00  Number of Violating Paths: 0

  --------------------------------------------------------------------


1
