 
****************************************
Report : qor
Design : DLX
Version: W-2024.09-SP2
Date   : Tue Sep 29 12:50:11 2026
****************************************


  Timing Path Group 'CLK'
  -----------------------------------
  Levels of Logic:              27.00
  Critical Path Length:          1.42
  Critical Path Slack:          -0.19
  Critical Path Clk Period:      1.35
  Total Negative Slack:         -5.84
  No. of Violating Paths:       35.00
  Worst Hold Violation:          0.00
  Total Hold Violation:          0.00
  No. of Hold Violations:        0.00
  -----------------------------------

  Timing Path Group 'INPUTS'
  -----------------------------------
  Levels of Logic:               7.00
  Critical Path Length:          0.97
  Critical Path Slack:           0.17
  Critical Path Clk Period:      1.35
  Total Negative Slack:          0.00
  No. of Violating Paths:        0.00
  Worst Hold Violation:          0.00
  Total Hold Violation:          0.00
  No. of Hold Violations:        0.00
  -----------------------------------

  Timing Path Group 'OUTPUTS'
  -----------------------------------
  Levels of Logic:              22.00
  Critical Path Length:          1.19
  Critical Path Slack:          -0.02
  Critical Path Clk Period:      1.35
  Total Negative Slack:         -0.02
  No. of Violating Paths:        1.00
  Worst Hold Violation:          0.00
  Total Hold Violation:          0.00
  No. of Hold Violations:        0.00
  -----------------------------------

  Timing Path Group 'REG2REG'
  -----------------------------------
  Levels of Logic:              29.00
  Critical Path Length:          1.52
  Critical Path Slack:          -0.24
  Critical Path Clk Period:      1.35
  Total Negative Slack:        -64.77
  No. of Violating Paths:      464.00
  Worst Hold Violation:          0.00
  Total Hold Violation:          0.00
  No. of Hold Violations:        0.00
  -----------------------------------


  Cell Count
  -----------------------------------
  Hierarchical Cell Count:         72
  Hierarchical Port Count:        288
  Leaf Cell Count:              15365
  Buf/Inv Cell Count:            1683
  Buf Cell Count:                 277
  Inv Cell Count:                1406
  CT Buf/Inv Cell Count:            0
  Combinational Cell Count:     12522
  Sequential Cell Count:         2843
  Macro Count:                      0
  -----------------------------------


  Area
  -----------------------------------
  Combinational Area:    13654.844027
  Noncombinational Area: 12929.993552
  Buf/Inv Area:           1047.774002
  Total Buffer Area:           282.76
  Total Inverter Area:         765.02
  Macro/Black Box Area:      0.000000
  Net Area:                  0.000000
  -----------------------------------
  Cell Area:             26584.837579
  Design Area:           26584.837579


  Design Rules
  -----------------------------------
  Total Number of Nets:         15706
  Nets With Violations:             5
  Max Trans Violations:             2
  Max Cap Violations:               5
  -----------------------------------


  Hostname: microsys.openstack.polito

  Compile CPU Statistics
  -----------------------------------------
  Resource Sharing:                    4.59
  Logic Optimization:                 37.65
  Mapping Optimization:              107.38
  -----------------------------------------
  Overall Compile Time:              228.35
  Overall Compile Wall Clock Time:   233.07

  --------------------------------------------------------------------

  Design  WNS: 0.24  TNS: 70.63  Number of Violating Paths: 500


  Design (Hold)  WNS: 0.00  TNS: 0.00  Number of Violating Paths: 0

  --------------------------------------------------------------------


1
