 
****************************************
Report : qor
Design : DLX
Version: W-2024.09-SP2
Date   : Tue Sep 29 13:07:51 2026
****************************************


  Timing Path Group 'CLK'
  -----------------------------------
  Levels of Logic:              25.00
  Critical Path Length:          1.34
  Critical Path Slack:          -0.26
  Critical Path Clk Period:      1.20
  Total Negative Slack:         -7.83
  No. of Violating Paths:       35.00
  Worst Hold Violation:          0.00
  Total Hold Violation:          0.00
  No. of Hold Violations:        0.00
  -----------------------------------

  Timing Path Group 'INPUTS'
  -----------------------------------
  Levels of Logic:              13.00
  Critical Path Length:          0.88
  Critical Path Slack:           0.12
  Critical Path Clk Period:      1.20
  Total Negative Slack:          0.00
  No. of Violating Paths:        0.00
  Worst Hold Violation:          0.00
  Total Hold Violation:          0.00
  No. of Hold Violations:        0.00
  -----------------------------------

  Timing Path Group 'OUTPUTS'
  -----------------------------------
  Levels of Logic:              23.00
  Critical Path Length:          1.11
  Critical Path Slack:          -0.08
  Critical Path Clk Period:      1.20
  Total Negative Slack:         -0.08
  No. of Violating Paths:        1.00
  Worst Hold Violation:          0.00
  Total Hold Violation:          0.00
  No. of Hold Violations:        0.00
  -----------------------------------

  Timing Path Group 'REG2REG'
  -----------------------------------
  Levels of Logic:              30.00
  Critical Path Length:          1.58
  Critical Path Slack:          -0.45
  Critical Path Clk Period:      1.20
  Total Negative Slack:       -152.08
  No. of Violating Paths:      840.00
  Worst Hold Violation:          0.00
  Total Hold Violation:          0.00
  No. of Hold Violations:        0.00
  -----------------------------------


  Cell Count
  -----------------------------------
  Hierarchical Cell Count:         73
  Hierarchical Port Count:        406
  Leaf Cell Count:              15507
  Buf/Inv Cell Count:            1825
  Buf Cell Count:                 286
  Inv Cell Count:                1539
  CT Buf/Inv Cell Count:            0
  Combinational Cell Count:     12664
  Sequential Cell Count:         2843
  Macro Count:                      0
  -----------------------------------


  Area
  -----------------------------------
  Combinational Area:    13826.946006
  Noncombinational Area: 12903.925549
  Buf/Inv Area:           1141.406005
  Total Buffer Area:           305.90
  Total Inverter Area:         835.51
  Macro/Black Box Area:      0.000000
  Net Area:                  0.000000
  -----------------------------------
  Cell Area:             26730.871555
  Design Area:           26730.871555


  Design Rules
  -----------------------------------
  Total Number of Nets:         16232
  Nets With Violations:             1
  Max Trans Violations:             0
  Max Cap Violations:               1
  -----------------------------------


  Hostname: microsys.openstack.polito

  Compile CPU Statistics
  -----------------------------------------
  Resource Sharing:                    4.71
  Logic Optimization:                 36.09
  Mapping Optimization:              112.50
  -----------------------------------------
  Overall Compile Time:              227.31
  Overall Compile Wall Clock Time:   231.78

  --------------------------------------------------------------------

  Design  WNS: 0.45  TNS: 159.99  Number of Violating Paths: 876


  Design (Hold)  WNS: 0.00  TNS: 0.00  Number of Violating Paths: 0

  --------------------------------------------------------------------


1
