 
****************************************
Report : timing
        -path full
        -delay max
        -nworst 2
        -group REG2REG
        -max_paths 10
Design : DLX
Version: W-2024.09-SP2
Date   : Tue Sep 29 13:39:55 2026
****************************************

Operating Conditions: typical   Library: NangateOpenCellLibrary
Wire Load Model Mode: top

  Startpoint: DP_i/mem_access_i_rd_out_reg_i_Y_reg_3_
              (rising edge-triggered flip-flop clocked by CLK)
  Endpoint: DP_i/execute_i_zero_alu_bit_Y_reg
            (rising edge-triggered flip-flop clocked by CLK)
  Path Group: REG2REG
  Path Type: max

  Des/Clust/Port     Wire Load Model       Library
  ------------------------------------------------
  DLX                5K_hvratio_1_4        NangateOpenCellLibrary

  Point                                                   Incr       Path
  --------------------------------------------------------------------------
  clock CLK (rise edge)                                 0.0000     0.0000
  clock network delay (ideal)                           0.0500     0.0500
  DP_i/mem_access_i_rd_out_reg_i_Y_reg_3_/CK (DFF_X1)   0.0000     0.0500 r
  DP_i/mem_access_i_rd_out_reg_i_Y_reg_3_/Q (DFF_X1)    0.1102     0.1602 f
  DP_i/rd_mem_w_3_ (DataPath)                           0.0000     0.1602 f
  U1072/ZN (INV_X1)                                     0.0556     0.2158 r
  U1093/ZN (OAI22_X1)                                   0.0427     0.2585 f
  U1094/ZN (INV_X1)                                     0.0297     0.2882 r
  U1095/ZN (OAI21_X1)                                   0.0314     0.3196 f
  U787/ZN (OR2_X1)                                      0.0546     0.3743 f
  U776/ZN (NOR4_X1)                                     0.0853     0.4596 r
  DP_i/fw_mem_ex_rs2 (DataPath)                         0.0000     0.4596 r
  DP_i/U50/ZN (AND2_X2)                                 0.0884     0.5480 r
  DP_i/U356/ZN (AOI22_X1)                               0.0543     0.6023 f
  DP_i/U92/ZN (NAND2_X1)                                0.0455     0.6478 r
  DP_i/U926/ZN (AOI22_X1)                               0.0407     0.6886 f
  DP_i/U928/ZN (INV_X1)                                 0.0478     0.7364 r
  DP_i/U929/ZN (NAND2_X1)                               0.0296     0.7660 f
  DP_i/U930/ZN (AND2_X1)                                0.0477     0.8137 f
  DP_i/U937/ZN (XNOR2_X1)                               0.0657     0.8793 f
  DP_i/U938/ZN (NOR2_X1)                                0.0645     0.9438 r
  DP_i/U939/ZN (NOR2_X1)                                0.0347     0.9785 f
  DP_i/U940/ZN (NOR2_X1)                                0.0507     1.0292 r
  DP_i/U941/ZN (NOR2_X1)                                0.0294     1.0586 f
  DP_i/U947/ZN (AOI21_X1)                               0.0417     1.1003 r
  DP_i/U948/ZN (INV_X1)                                 0.0287     1.1290 f
  DP_i/U294/ZN (NOR2_X1)                                0.0449     1.1739 r
  DP_i/U952/ZN (NAND2_X1)                               0.0386     1.2125 f
  DP_i/U954/ZN (OAI22_X1)                               0.0423     1.2548 r
  DP_i/U99/ZN (OR2_X1)                                  0.0464     1.3012 r
  DP_i/U111/ZN (OAI21_X1)                               0.0353     1.3365 f
  DP_i/U280/ZN (NOR2_X1)                                0.0470     1.3835 r
  DP_i/U958/ZN (NAND2_X1)                               0.0395     1.4229 f
  DP_i/U959/ZN (OAI22_X1)                               0.0507     1.4736 r
  DP_i/U961/ZN (NOR2_X1)                                0.0296     1.5032 f
  DP_i/U1050/CO (FA_X1)                                 0.0992     1.6024 f
  DP_i/U970/ZN (NOR2_X1)                                0.0583     1.6607 r
  DP_i/U980/ZN (AOI21_X1)                               0.0453     1.7060 f
  DP_i/U984/ZN (NAND2_X1)                               0.0405     1.7465 r
  DP_i/U83/ZN (NAND2_X1)                                0.0283     1.7749 f
  DP_i/U84/ZN (OR2_X1)                                  0.0529     1.8278 f
  DP_i/U1005/ZN (NAND3_X1)                              0.0336     1.8614 r
  DP_i/U1049/CO (FA_X1)                                 0.0796     1.9410 r
  DP_i/U1008/ZN (NAND2_X1)                              0.0384     1.9794 f
  DP_i/U1010/ZN (NOR2_X1)                               0.0545     2.0339 r
  DP_i/U1011/ZN (NAND2_X1)                              0.0412     2.0751 f
  DP_i/U1012/ZN (NOR2_X1)                               0.0433     2.1183 r
  DP_i/U1014/ZN (OR2_X1)                                0.0451     2.1634 r
  DP_i/U87/ZN (NAND2_X1)                                0.0308     2.1942 f
  DP_i/U88/ZN (OR2_X1)                                  0.0596     2.2537 f
  DP_i/U1018/ZN (NAND2_X1)                              0.0338     2.2876 r
  DP_i/U1020/ZN (OAI21_X1)                              0.0345     2.3220 f
  DP_i/U295/ZN (NOR2_X1)                                0.0467     2.3687 r
  DP_i/U1021/ZN (NAND2_X1)                              0.0425     2.4112 f
  DP_i/U1024/ZN (AOI21_X1)                              0.0643     2.4755 r
  DP_i/U1032/ZN (XNOR2_X1)                              0.0774     2.5529 r
  DP_i/U1034/ZN (AOI21_X1)                              0.0384     2.5913 f
  DP_i/U1035/ZN (INV_X1)                                0.0298     2.6211 r
  DP_i/U1038/Z (MUX2_X2)                                0.0561     2.6772 r
  DP_i/U1079/ZN (OAI21_X1)                              0.0377     2.7149 f
  DP_i/U1084/ZN (AOI221_X1)                             0.0996     2.8145 r
  DP_i/U1085/ZN (OAI211_X1)                             0.0396     2.8541 f
  DP_i/U104/ZN (AND2_X1)                                0.0461     2.9002 f
  DP_i/U6015/ZN (NAND3_X1)                              0.0314     2.9315 r
  DP_i/U6034/ZN (OAI21_X1)                              0.0304     2.9620 f
  DP_i/execute_i_zero_alu_bit_Y_reg/D (DFF_X1)          0.0104     2.9724 f
  data arrival time                                                2.9724

  clock CLK (rise edge)                                 3.0000     3.0000
  clock network delay (ideal)                           0.0500     3.0500
  clock uncertainty                                    -0.0500     3.0000
  DP_i/execute_i_zero_alu_bit_Y_reg/CK (DFF_X1)         0.0000     3.0000 r
  library setup time                                   -0.0252     2.9748
  data required time                                               2.9748
  --------------------------------------------------------------------------
  data required time                                               2.9748
  data arrival time                                               -2.9724
  --------------------------------------------------------------------------
  slack (MET)                                                      0.0024


  Startpoint: DP_i/mem_access_i_rd_out_reg_i_Y_reg_3_
              (rising edge-triggered flip-flop clocked by CLK)
  Endpoint: DP_i/execute_i_zero_alu_bit_Y_reg
            (rising edge-triggered flip-flop clocked by CLK)
  Path Group: REG2REG
  Path Type: max

  Des/Clust/Port     Wire Load Model       Library
  ------------------------------------------------
  DLX                5K_hvratio_1_4        NangateOpenCellLibrary

  Point                                                   Incr       Path
  --------------------------------------------------------------------------
  clock CLK (rise edge)                                 0.0000     0.0000
  clock network delay (ideal)                           0.0500     0.0500
  DP_i/mem_access_i_rd_out_reg_i_Y_reg_3_/CK (DFF_X1)   0.0000     0.0500 r
  DP_i/mem_access_i_rd_out_reg_i_Y_reg_3_/Q (DFF_X1)    0.1102     0.1602 f
  DP_i/rd_mem_w_3_ (DataPath)                           0.0000     0.1602 f
  U1072/ZN (INV_X1)                                     0.0556     0.2158 r
  U1093/ZN (OAI22_X1)                                   0.0427     0.2585 f
  U1094/ZN (INV_X1)                                     0.0297     0.2882 r
  U1095/ZN (OAI21_X1)                                   0.0314     0.3196 f
  U787/ZN (OR2_X1)                                      0.0546     0.3743 f
  U776/ZN (NOR4_X1)                                     0.0853     0.4596 r
  DP_i/fw_mem_ex_rs2 (DataPath)                         0.0000     0.4596 r
  DP_i/U50/ZN (AND2_X2)                                 0.0884     0.5480 r
  DP_i/U356/ZN (AOI22_X1)                               0.0543     0.6023 f
  DP_i/U92/ZN (NAND2_X1)                                0.0455     0.6478 r
  DP_i/U926/ZN (AOI22_X1)                               0.0405     0.6883 f
  DP_i/U928/ZN (INV_X1)                                 0.0478     0.7362 r
  DP_i/U929/ZN (NAND2_X1)                               0.0296     0.7657 f
  DP_i/U930/ZN (AND2_X1)                                0.0477     0.8135 f
  DP_i/U937/ZN (XNOR2_X1)                               0.0657     0.8791 f
  DP_i/U938/ZN (NOR2_X1)                                0.0645     0.9436 r
  DP_i/U939/ZN (NOR2_X1)                                0.0347     0.9783 f
  DP_i/U940/ZN (NOR2_X1)                                0.0507     1.0290 r
  DP_i/U941/ZN (NOR2_X1)                                0.0294     1.0584 f
  DP_i/U947/ZN (AOI21_X1)                               0.0417     1.1001 r
  DP_i/U948/ZN (INV_X1)                                 0.0287     1.1288 f
  DP_i/U294/ZN (NOR2_X1)                                0.0449     1.1737 r
  DP_i/U952/ZN (NAND2_X1)                               0.0386     1.2123 f
  DP_i/U954/ZN (OAI22_X1)                               0.0423     1.2546 r
  DP_i/U99/ZN (OR2_X1)                                  0.0464     1.3010 r
  DP_i/U111/ZN (OAI21_X1)                               0.0353     1.3363 f
  DP_i/U280/ZN (NOR2_X1)                                0.0470     1.3833 r
  DP_i/U958/ZN (NAND2_X1)                               0.0395     1.4227 f
  DP_i/U959/ZN (OAI22_X1)                               0.0507     1.4734 r
  DP_i/U961/ZN (NOR2_X1)                                0.0296     1.5030 f
  DP_i/U1050/CO (FA_X1)                                 0.0992     1.6022 f
  DP_i/U970/ZN (NOR2_X1)                                0.0583     1.6604 r
  DP_i/U980/ZN (AOI21_X1)                               0.0453     1.7058 f
  DP_i/U984/ZN (NAND2_X1)                               0.0405     1.7463 r
  DP_i/U83/ZN (NAND2_X1)                                0.0283     1.7746 f
  DP_i/U84/ZN (OR2_X1)                                  0.0529     1.8276 f
  DP_i/U1005/ZN (NAND3_X1)                              0.0336     1.8612 r
  DP_i/U1049/CO (FA_X1)                                 0.0796     1.9408 r
  DP_i/U1008/ZN (NAND2_X1)                              0.0384     1.9792 f
  DP_i/U1010/ZN (NOR2_X1)                               0.0545     2.0337 r
  DP_i/U1011/ZN (NAND2_X1)                              0.0412     2.0749 f
  DP_i/U1012/ZN (NOR2_X1)                               0.0433     2.1181 r
  DP_i/U1014/ZN (OR2_X1)                                0.0451     2.1632 r
  DP_i/U87/ZN (NAND2_X1)                                0.0308     2.1940 f
  DP_i/U88/ZN (OR2_X1)                                  0.0596     2.2535 f
  DP_i/U1018/ZN (NAND2_X1)                              0.0338     2.2874 r
  DP_i/U1020/ZN (OAI21_X1)                              0.0345     2.3218 f
  DP_i/U295/ZN (NOR2_X1)                                0.0467     2.3685 r
  DP_i/U1021/ZN (NAND2_X1)                              0.0425     2.4110 f
  DP_i/U1024/ZN (AOI21_X1)                              0.0643     2.4753 r
  DP_i/U1032/ZN (XNOR2_X1)                              0.0774     2.5527 r
  DP_i/U1034/ZN (AOI21_X1)                              0.0384     2.5911 f
  DP_i/U1035/ZN (INV_X1)                                0.0298     2.6209 r
  DP_i/U1038/Z (MUX2_X2)                                0.0561     2.6770 r
  DP_i/U1079/ZN (OAI21_X1)                              0.0377     2.7147 f
  DP_i/U1084/ZN (AOI221_X1)                             0.0996     2.8143 r
  DP_i/U1085/ZN (OAI211_X1)                             0.0396     2.8539 f
  DP_i/U104/ZN (AND2_X1)                                0.0461     2.8999 f
  DP_i/U6015/ZN (NAND3_X1)                              0.0314     2.9313 r
  DP_i/U6034/ZN (OAI21_X1)                              0.0304     2.9617 f
  DP_i/execute_i_zero_alu_bit_Y_reg/D (DFF_X1)          0.0104     2.9722 f
  data arrival time                                                2.9722

  clock CLK (rise edge)                                 3.0000     3.0000
  clock network delay (ideal)                           0.0500     3.0500
  clock uncertainty                                    -0.0500     3.0000
  DP_i/execute_i_zero_alu_bit_Y_reg/CK (DFF_X1)         0.0000     3.0000 r
  library setup time                                   -0.0252     2.9748
  data required time                                               2.9748
  --------------------------------------------------------------------------
  data required time                                               2.9748
  data arrival time                                               -2.9722
  --------------------------------------------------------------------------
  slack (MET)                                                      0.0027


  Startpoint: DP_i/fetch_i_IR_out_reg_28_
              (rising edge-triggered flip-flop clocked by CLK)
  Endpoint: DP_i/fetch_i_IR_out_reg_26_
            (rising edge-triggered flip-flop clocked by CLK)
  Path Group: REG2REG
  Path Type: max

  Des/Clust/Port     Wire Load Model       Library
  ------------------------------------------------
  DLX                5K_hvratio_1_4        NangateOpenCellLibrary

  Point                                                   Incr       Path
  --------------------------------------------------------------------------
  clock CLK (rise edge)                                 0.0000     0.0000
  clock network delay (ideal)                           0.0500     0.0500
  DP_i/fetch_i_IR_out_reg_28_/CK (DFF_X1)               0.0000     0.0500 r
  DP_i/fetch_i_IR_out_reg_28_/Q (DFF_X1)                0.1124     0.1624 f
  DP_i/opcode_2_ (DataPath)                             0.0000     0.1624 f
  U809/ZN (INV_X1)                                      0.0657     0.2281 r
  U811/ZN (NAND3_X1)                                    0.0569     0.2850 f
  U777/ZN (OR2_X1)                                      0.0738     0.3588 f
  DP_i/RF2_BAR (DataPath)                               0.0000     0.3588 f
  DP_i/U442/ZN (AND2_X1)                                0.0537     0.4125 f
  DP_i/U443/ZN (NAND2_X1)                               0.0451     0.4576 r
  DP_i/U444/ZN (OAI21_X1)                               0.0440     0.5015 f
  DP_i/U445/ZN (OAI21_X1)                               0.0458     0.5473 r
  DP_i/U458/ZN (NOR2_X1)                                0.0303     0.5776 f
  DP_i/U291/ZN (NOR2_X1)                                0.0642     0.6418 r
  DP_i/U461/ZN (XNOR2_X1)                               0.0755     0.7173 r
  DP_i/U462/ZN (NOR2_X1)                                0.0283     0.7456 f
  DP_i/U467/ZN (OR2_X1)                                 0.0565     0.8020 f
  DP_i/U627/CO (FA_X1)                                  0.0927     0.8947 f
  DP_i/U477/ZN (NAND2_X1)                               0.0385     0.9332 r
  DP_i/U481/ZN (NAND2_X1)                               0.0329     0.9661 f
  DP_i/U483/ZN (NOR2_X1)                                0.0418     1.0079 r
  DP_i/U267/ZN (OR2_X1)                                 0.0451     1.0529 r
  DP_i/U485/ZN (OAI21_X1)                               0.0355     1.0884 f
  DP_i/U488/ZN (NAND2_X1)                               0.0380     1.1264 r
  DP_i/U489/ZN (INV_X1)                                 0.0276     1.1540 f
  DP_i/U491/ZN (NAND2_X1)                               0.0410     1.1951 r
  DP_i/U495/Z (XOR2_X1)                                 0.0803     1.2753 r
  DP_i/U496/ZN (NOR2_X1)                                0.0339     1.3092 f
  DP_i/U497/ZN (AOI21_X1)                               0.0682     1.3774 r
  DP_i/U498/ZN (NAND2_X1)                               0.0330     1.4104 f
  DP_i/U290/ZN (NAND2_X1)                               0.0330     1.4434 r
  DP_i/U504/ZN (NAND2_X1)                               0.0418     1.4852 f
  DP_i/U509/ZN (OAI21_X1)                               0.0533     1.5385 r
  DP_i/U512/ZN (NAND2_X1)                               0.0325     1.5710 f
  DP_i/U513/ZN (NAND2_X1)                               0.0365     1.6075 r
  DP_i/U516/ZN (NOR2_X1)                                0.0293     1.6368 f
  DP_i/U517/ZN (INV_X1)                                 0.0279     1.6647 r
  DP_i/U519/ZN (NAND2_X1)                               0.0291     1.6938 f
  DP_i/U520/ZN (NOR2_X1)                                0.0519     1.7458 r
  DP_i/U521/ZN (OR2_X1)                                 0.0435     1.7893 r
  DP_i/U616/CO (FA_X1)                                  0.0695     1.8587 r
  DP_i/U523/ZN (OAI21_X1)                               0.0393     1.8981 f
  DP_i/U532/ZN (OR2_X1)                                 0.0647     1.9627 f
  DP_i/U21/Z (CLKBUF_X1)                                0.0454     2.0082 f
  DP_i/U533/ZN (AND2_X1)                                0.0453     2.0534 f
  DP_i/U20/ZN (AOI21_X2)                                0.0675     2.1210 r
  DP_i/U19/ZN (AND2_X2)                                 0.0650     2.1860 r
  DP_i/U308/ZN (XNOR2_X1)                               0.0710     2.2569 r
  DP_i/U552/ZN (OAI22_X1)                               0.0463     2.3033 f
  DP_i/U553/ZN (AOI221_X1)                              0.0894     2.3926 r
  DP_i/U554/ZN (INV_X1)                                 0.0255     2.4181 f
  DP_i/U652/ZN (NOR3_X1)                                0.0617     2.4798 r
  DP_i/U752/ZN (AOI211_X1)                              0.0576     2.5374 f
  DP_i/U2969/ZN (NOR3_X1)                               0.0842     2.6215 r
  DP_i/U4532/ZN (INV_X1)                                0.0320     2.6535 f
  DP_i/U347/ZN (NOR2_X2)                                0.1812     2.8347 r
  DP_i/U4535/ZN (INV_X1)                                0.0574     2.8921 f
  DP_i/U4540/ZN (OR2_X1)                                0.0675     2.9597 f
  DP_i/fetch_i_IR_out_reg_26_/D (DFF_X1)                0.0104     2.9701 f
  data arrival time                                                2.9701

  clock CLK (rise edge)                                 3.0000     3.0000
  clock network delay (ideal)                           0.0500     3.0500
  clock uncertainty                                    -0.0500     3.0000
  DP_i/fetch_i_IR_out_reg_26_/CK (DFF_X1)               0.0000     3.0000 r
  library setup time                                   -0.0251     2.9749
  data required time                                               2.9749
  --------------------------------------------------------------------------
  data required time                                               2.9749
  data arrival time                                               -2.9701
  --------------------------------------------------------------------------
  slack (MET)                                                      0.0048


  Startpoint: DP_i/fetch_i_IR_out_reg_28_
              (rising edge-triggered flip-flop clocked by CLK)
  Endpoint: DP_i/fetch_i_IR_out_reg_30_
            (rising edge-triggered flip-flop clocked by CLK)
  Path Group: REG2REG
  Path Type: max

  Des/Clust/Port     Wire Load Model       Library
  ------------------------------------------------
  DLX                5K_hvratio_1_4        NangateOpenCellLibrary

  Point                                                   Incr       Path
  --------------------------------------------------------------------------
  clock CLK (rise edge)                                 0.0000     0.0000
  clock network delay (ideal)                           0.0500     0.0500
  DP_i/fetch_i_IR_out_reg_28_/CK (DFF_X1)               0.0000     0.0500 r
  DP_i/fetch_i_IR_out_reg_28_/Q (DFF_X1)                0.1124     0.1624 f
  DP_i/opcode_2_ (DataPath)                             0.0000     0.1624 f
  U809/ZN (INV_X1)                                      0.0657     0.2281 r
  U811/ZN (NAND3_X1)                                    0.0569     0.2850 f
  U777/ZN (OR2_X1)                                      0.0738     0.3588 f
  DP_i/RF2_BAR (DataPath)                               0.0000     0.3588 f
  DP_i/U442/ZN (AND2_X1)                                0.0537     0.4125 f
  DP_i/U443/ZN (NAND2_X1)                               0.0451     0.4576 r
  DP_i/U444/ZN (OAI21_X1)                               0.0440     0.5015 f
  DP_i/U445/ZN (OAI21_X1)                               0.0458     0.5473 r
  DP_i/U458/ZN (NOR2_X1)                                0.0303     0.5776 f
  DP_i/U291/ZN (NOR2_X1)                                0.0642     0.6418 r
  DP_i/U461/ZN (XNOR2_X1)                               0.0755     0.7173 r
  DP_i/U462/ZN (NOR2_X1)                                0.0283     0.7456 f
  DP_i/U467/ZN (OR2_X1)                                 0.0565     0.8020 f
  DP_i/U627/CO (FA_X1)                                  0.0927     0.8947 f
  DP_i/U477/ZN (NAND2_X1)                               0.0385     0.9332 r
  DP_i/U481/ZN (NAND2_X1)                               0.0329     0.9661 f
  DP_i/U483/ZN (NOR2_X1)                                0.0418     1.0079 r
  DP_i/U267/ZN (OR2_X1)                                 0.0451     1.0529 r
  DP_i/U485/ZN (OAI21_X1)                               0.0355     1.0884 f
  DP_i/U488/ZN (NAND2_X1)                               0.0380     1.1264 r
  DP_i/U489/ZN (INV_X1)                                 0.0276     1.1540 f
  DP_i/U491/ZN (NAND2_X1)                               0.0410     1.1951 r
  DP_i/U495/Z (XOR2_X1)                                 0.0803     1.2753 r
  DP_i/U496/ZN (NOR2_X1)                                0.0339     1.3092 f
  DP_i/U497/ZN (AOI21_X1)                               0.0682     1.3774 r
  DP_i/U498/ZN (NAND2_X1)                               0.0330     1.4104 f
  DP_i/U290/ZN (NAND2_X1)                               0.0330     1.4434 r
  DP_i/U504/ZN (NAND2_X1)                               0.0418     1.4852 f
  DP_i/U509/ZN (OAI21_X1)                               0.0533     1.5385 r
  DP_i/U512/ZN (NAND2_X1)                               0.0325     1.5710 f
  DP_i/U513/ZN (NAND2_X1)                               0.0365     1.6075 r
  DP_i/U516/ZN (NOR2_X1)                                0.0293     1.6368 f
  DP_i/U517/ZN (INV_X1)                                 0.0279     1.6647 r
  DP_i/U519/ZN (NAND2_X1)                               0.0291     1.6938 f
  DP_i/U520/ZN (NOR2_X1)                                0.0519     1.7458 r
  DP_i/U521/ZN (OR2_X1)                                 0.0435     1.7893 r
  DP_i/U616/CO (FA_X1)                                  0.0695     1.8587 r
  DP_i/U523/ZN (OAI21_X1)                               0.0393     1.8981 f
  DP_i/U532/ZN (OR2_X1)                                 0.0647     1.9627 f
  DP_i/U21/Z (CLKBUF_X1)                                0.0454     2.0082 f
  DP_i/U533/ZN (AND2_X1)                                0.0453     2.0534 f
  DP_i/U20/ZN (AOI21_X2)                                0.0675     2.1210 r
  DP_i/U19/ZN (AND2_X2)                                 0.0650     2.1860 r
  DP_i/U308/ZN (XNOR2_X1)                               0.0710     2.2569 r
  DP_i/U552/ZN (OAI22_X1)                               0.0463     2.3033 f
  DP_i/U553/ZN (AOI221_X1)                              0.0894     2.3926 r
  DP_i/U554/ZN (INV_X1)                                 0.0255     2.4181 f
  DP_i/U652/ZN (NOR3_X1)                                0.0617     2.4798 r
  DP_i/U752/ZN (AOI211_X1)                              0.0576     2.5374 f
  DP_i/U2969/ZN (NOR3_X1)                               0.0842     2.6215 r
  DP_i/U4532/ZN (INV_X1)                                0.0320     2.6535 f
  DP_i/U347/ZN (NOR2_X2)                                0.1812     2.8347 r
  DP_i/U4535/ZN (INV_X1)                                0.0574     2.8921 f
  DP_i/U4536/ZN (OR2_X1)                                0.0675     2.9597 f
  DP_i/fetch_i_IR_out_reg_30_/D (DFF_X1)                0.0104     2.9701 f
  data arrival time                                                2.9701

  clock CLK (rise edge)                                 3.0000     3.0000
  clock network delay (ideal)                           0.0500     3.0500
  clock uncertainty                                    -0.0500     3.0000
  DP_i/fetch_i_IR_out_reg_30_/CK (DFF_X1)               0.0000     3.0000 r
  library setup time                                   -0.0251     2.9749
  data required time                                               2.9749
  --------------------------------------------------------------------------
  data required time                                               2.9749
  data arrival time                                               -2.9701
  --------------------------------------------------------------------------
  slack (MET)                                                      0.0048


  Startpoint: DP_i/fetch_i_IR_out_reg_28_
              (rising edge-triggered flip-flop clocked by CLK)
  Endpoint: DP_i/fetch_i_IR_out_reg_28_
            (rising edge-triggered flip-flop clocked by CLK)
  Path Group: REG2REG
  Path Type: max

  Des/Clust/Port     Wire Load Model       Library
  ------------------------------------------------
  DLX                5K_hvratio_1_4        NangateOpenCellLibrary

  Point                                                   Incr       Path
  --------------------------------------------------------------------------
  clock CLK (rise edge)                                 0.0000     0.0000
  clock network delay (ideal)                           0.0500     0.0500
  DP_i/fetch_i_IR_out_reg_28_/CK (DFF_X1)               0.0000     0.0500 r
  DP_i/fetch_i_IR_out_reg_28_/Q (DFF_X1)                0.1124     0.1624 f
  DP_i/opcode_2_ (DataPath)                             0.0000     0.1624 f
  U809/ZN (INV_X1)                                      0.0657     0.2281 r
  U811/ZN (NAND3_X1)                                    0.0569     0.2850 f
  U777/ZN (OR2_X1)                                      0.0738     0.3588 f
  DP_i/RF2_BAR (DataPath)                               0.0000     0.3588 f
  DP_i/U442/ZN (AND2_X1)                                0.0537     0.4125 f
  DP_i/U443/ZN (NAND2_X1)                               0.0451     0.4576 r
  DP_i/U444/ZN (OAI21_X1)                               0.0440     0.5015 f
  DP_i/U445/ZN (OAI21_X1)                               0.0458     0.5473 r
  DP_i/U458/ZN (NOR2_X1)                                0.0303     0.5776 f
  DP_i/U291/ZN (NOR2_X1)                                0.0642     0.6418 r
  DP_i/U461/ZN (XNOR2_X1)                               0.0755     0.7173 r
  DP_i/U462/ZN (NOR2_X1)                                0.0283     0.7456 f
  DP_i/U467/ZN (OR2_X1)                                 0.0565     0.8020 f
  DP_i/U627/CO (FA_X1)                                  0.0927     0.8947 f
  DP_i/U477/ZN (NAND2_X1)                               0.0385     0.9332 r
  DP_i/U481/ZN (NAND2_X1)                               0.0329     0.9661 f
  DP_i/U483/ZN (NOR2_X1)                                0.0418     1.0079 r
  DP_i/U267/ZN (OR2_X1)                                 0.0451     1.0529 r
  DP_i/U485/ZN (OAI21_X1)                               0.0355     1.0884 f
  DP_i/U488/ZN (NAND2_X1)                               0.0380     1.1264 r
  DP_i/U489/ZN (INV_X1)                                 0.0276     1.1540 f
  DP_i/U491/ZN (NAND2_X1)                               0.0410     1.1951 r
  DP_i/U495/Z (XOR2_X1)                                 0.0803     1.2753 r
  DP_i/U496/ZN (NOR2_X1)                                0.0339     1.3092 f
  DP_i/U497/ZN (AOI21_X1)                               0.0682     1.3774 r
  DP_i/U498/ZN (NAND2_X1)                               0.0330     1.4104 f
  DP_i/U290/ZN (NAND2_X1)                               0.0330     1.4434 r
  DP_i/U504/ZN (NAND2_X1)                               0.0418     1.4852 f
  DP_i/U509/ZN (OAI21_X1)                               0.0533     1.5385 r
  DP_i/U512/ZN (NAND2_X1)                               0.0325     1.5710 f
  DP_i/U513/ZN (NAND2_X1)                               0.0365     1.6075 r
  DP_i/U516/ZN (NOR2_X1)                                0.0293     1.6368 f
  DP_i/U517/ZN (INV_X1)                                 0.0279     1.6647 r
  DP_i/U519/ZN (NAND2_X1)                               0.0291     1.6938 f
  DP_i/U520/ZN (NOR2_X1)                                0.0519     1.7458 r
  DP_i/U521/ZN (OR2_X1)                                 0.0435     1.7893 r
  DP_i/U616/CO (FA_X1)                                  0.0695     1.8587 r
  DP_i/U523/ZN (OAI21_X1)                               0.0393     1.8981 f
  DP_i/U532/ZN (OR2_X1)                                 0.0647     1.9627 f
  DP_i/U21/Z (CLKBUF_X1)                                0.0454     2.0082 f
  DP_i/U533/ZN (AND2_X1)                                0.0453     2.0534 f
  DP_i/U20/ZN (AOI21_X2)                                0.0675     2.1210 r
  DP_i/U19/ZN (AND2_X2)                                 0.0650     2.1860 r
  DP_i/U308/ZN (XNOR2_X1)                               0.0710     2.2569 r
  DP_i/U552/ZN (OAI22_X1)                               0.0463     2.3033 f
  DP_i/U553/ZN (AOI221_X1)                              0.0894     2.3926 r
  DP_i/U554/ZN (INV_X1)                                 0.0255     2.4181 f
  DP_i/U652/ZN (NOR3_X1)                                0.0617     2.4798 r
  DP_i/U752/ZN (AOI211_X1)                              0.0576     2.5374 f
  DP_i/U2969/ZN (NOR3_X1)                               0.0842     2.6215 r
  DP_i/U4532/ZN (INV_X1)                                0.0320     2.6535 f
  DP_i/U347/ZN (NOR2_X2)                                0.1812     2.8347 r
  DP_i/U4535/ZN (INV_X1)                                0.0574     2.8921 f
  DP_i/U4538/ZN (OR2_X1)                                0.0675     2.9597 f
  DP_i/fetch_i_IR_out_reg_28_/D (DFF_X1)                0.0104     2.9701 f
  data arrival time                                                2.9701

  clock CLK (rise edge)                                 3.0000     3.0000
  clock network delay (ideal)                           0.0500     3.0500
  clock uncertainty                                    -0.0500     3.0000
  DP_i/fetch_i_IR_out_reg_28_/CK (DFF_X1)               0.0000     3.0000 r
  library setup time                                   -0.0251     2.9749
  data required time                                               2.9749
  --------------------------------------------------------------------------
  data required time                                               2.9749
  data arrival time                                               -2.9701
  --------------------------------------------------------------------------
  slack (MET)                                                      0.0048


  Startpoint: DP_i/fetch_i_IR_out_reg_28_
              (rising edge-triggered flip-flop clocked by CLK)
  Endpoint: DP_i/fetch_i_IR_out_reg_26_
            (rising edge-triggered flip-flop clocked by CLK)
  Path Group: REG2REG
  Path Type: max

  Des/Clust/Port     Wire Load Model       Library
  ------------------------------------------------
  DLX                5K_hvratio_1_4        NangateOpenCellLibrary

  Point                                                   Incr       Path
  --------------------------------------------------------------------------
  clock CLK (rise edge)                                 0.0000     0.0000
  clock network delay (ideal)                           0.0500     0.0500
  DP_i/fetch_i_IR_out_reg_28_/CK (DFF_X1)               0.0000     0.0500 r
  DP_i/fetch_i_IR_out_reg_28_/Q (DFF_X1)                0.1124     0.1624 f
  DP_i/opcode_2_ (DataPath)                             0.0000     0.1624 f
  U809/ZN (INV_X1)                                      0.0657     0.2281 r
  U811/ZN (NAND3_X1)                                    0.0569     0.2850 f
  U777/ZN (OR2_X1)                                      0.0738     0.3588 f
  DP_i/RF2_BAR (DataPath)                               0.0000     0.3588 f
  DP_i/U442/ZN (AND2_X1)                                0.0537     0.4125 f
  DP_i/U443/ZN (NAND2_X1)                               0.0451     0.4576 r
  DP_i/U444/ZN (OAI21_X1)                               0.0440     0.5015 f
  DP_i/U445/ZN (OAI21_X1)                               0.0451     0.5466 r
  DP_i/U458/ZN (NOR2_X1)                                0.0303     0.5769 f
  DP_i/U291/ZN (NOR2_X1)                                0.0642     0.6411 r
  DP_i/U461/ZN (XNOR2_X1)                               0.0755     0.7166 r
  DP_i/U462/ZN (NOR2_X1)                                0.0283     0.7449 f
  DP_i/U467/ZN (OR2_X1)                                 0.0565     0.8013 f
  DP_i/U627/CO (FA_X1)                                  0.0927     0.8940 f
  DP_i/U477/ZN (NAND2_X1)                               0.0385     0.9325 r
  DP_i/U481/ZN (NAND2_X1)                               0.0329     0.9654 f
  DP_i/U483/ZN (NOR2_X1)                                0.0418     1.0072 r
  DP_i/U267/ZN (OR2_X1)                                 0.0451     1.0522 r
  DP_i/U485/ZN (OAI21_X1)                               0.0355     1.0877 f
  DP_i/U488/ZN (NAND2_X1)                               0.0380     1.1257 r
  DP_i/U489/ZN (INV_X1)                                 0.0276     1.1533 f
  DP_i/U491/ZN (NAND2_X1)                               0.0410     1.1944 r
  DP_i/U495/Z (XOR2_X1)                                 0.0803     1.2746 r
  DP_i/U496/ZN (NOR2_X1)                                0.0339     1.3085 f
  DP_i/U497/ZN (AOI21_X1)                               0.0682     1.3767 r
  DP_i/U498/ZN (NAND2_X1)                               0.0330     1.4097 f
  DP_i/U290/ZN (NAND2_X1)                               0.0330     1.4427 r
  DP_i/U504/ZN (NAND2_X1)                               0.0418     1.4845 f
  DP_i/U509/ZN (OAI21_X1)                               0.0533     1.5378 r
  DP_i/U512/ZN (NAND2_X1)                               0.0325     1.5703 f
  DP_i/U513/ZN (NAND2_X1)                               0.0365     1.6068 r
  DP_i/U516/ZN (NOR2_X1)                                0.0293     1.6361 f
  DP_i/U517/ZN (INV_X1)                                 0.0279     1.6640 r
  DP_i/U519/ZN (NAND2_X1)                               0.0291     1.6931 f
  DP_i/U520/ZN (NOR2_X1)                                0.0519     1.7451 r
  DP_i/U521/ZN (OR2_X1)                                 0.0435     1.7886 r
  DP_i/U616/CO (FA_X1)                                  0.0695     1.8580 r
  DP_i/U523/ZN (OAI21_X1)                               0.0393     1.8974 f
  DP_i/U532/ZN (OR2_X1)                                 0.0647     1.9620 f
  DP_i/U21/Z (CLKBUF_X1)                                0.0454     2.0075 f
  DP_i/U533/ZN (AND2_X1)                                0.0453     2.0527 f
  DP_i/U20/ZN (AOI21_X2)                                0.0675     2.1203 r
  DP_i/U19/ZN (AND2_X2)                                 0.0650     2.1853 r
  DP_i/U308/ZN (XNOR2_X1)                               0.0710     2.2562 r
  DP_i/U552/ZN (OAI22_X1)                               0.0463     2.3026 f
  DP_i/U553/ZN (AOI221_X1)                              0.0893     2.3919 r
  DP_i/U554/ZN (INV_X1)                                 0.0255     2.4174 f
  DP_i/U652/ZN (NOR3_X1)                                0.0617     2.4791 r
  DP_i/U752/ZN (AOI211_X1)                              0.0576     2.5367 f
  DP_i/U2969/ZN (NOR3_X1)                               0.0842     2.6208 r
  DP_i/U4532/ZN (INV_X1)                                0.0320     2.6528 f
  DP_i/U347/ZN (NOR2_X2)                                0.1812     2.8340 r
  DP_i/U4535/ZN (INV_X1)                                0.0574     2.8914 f
  DP_i/U4540/ZN (OR2_X1)                                0.0675     2.9590 f
  DP_i/fetch_i_IR_out_reg_26_/D (DFF_X1)                0.0104     2.9694 f
  data arrival time                                                2.9694

  clock CLK (rise edge)                                 3.0000     3.0000
  clock network delay (ideal)                           0.0500     3.0500
  clock uncertainty                                    -0.0500     3.0000
  DP_i/fetch_i_IR_out_reg_26_/CK (DFF_X1)               0.0000     3.0000 r
  library setup time                                   -0.0251     2.9749
  data required time                                               2.9749
  --------------------------------------------------------------------------
  data required time                                               2.9749
  data arrival time                                               -2.9694
  --------------------------------------------------------------------------
  slack (MET)                                                      0.0055


  Startpoint: DP_i/fetch_i_IR_out_reg_28_
              (rising edge-triggered flip-flop clocked by CLK)
  Endpoint: DP_i/fetch_i_IR_out_reg_30_
            (rising edge-triggered flip-flop clocked by CLK)
  Path Group: REG2REG
  Path Type: max

  Des/Clust/Port     Wire Load Model       Library
  ------------------------------------------------
  DLX                5K_hvratio_1_4        NangateOpenCellLibrary

  Point                                                   Incr       Path
  --------------------------------------------------------------------------
  clock CLK (rise edge)                                 0.0000     0.0000
  clock network delay (ideal)                           0.0500     0.0500
  DP_i/fetch_i_IR_out_reg_28_/CK (DFF_X1)               0.0000     0.0500 r
  DP_i/fetch_i_IR_out_reg_28_/Q (DFF_X1)                0.1124     0.1624 f
  DP_i/opcode_2_ (DataPath)                             0.0000     0.1624 f
  U809/ZN (INV_X1)                                      0.0657     0.2281 r
  U811/ZN (NAND3_X1)                                    0.0569     0.2850 f
  U777/ZN (OR2_X1)                                      0.0738     0.3588 f
  DP_i/RF2_BAR (DataPath)                               0.0000     0.3588 f
  DP_i/U442/ZN (AND2_X1)                                0.0537     0.4125 f
  DP_i/U443/ZN (NAND2_X1)                               0.0451     0.4576 r
  DP_i/U444/ZN (OAI21_X1)                               0.0440     0.5015 f
  DP_i/U445/ZN (OAI21_X1)                               0.0451     0.5466 r
  DP_i/U458/ZN (NOR2_X1)                                0.0303     0.5769 f
  DP_i/U291/ZN (NOR2_X1)                                0.0642     0.6411 r
  DP_i/U461/ZN (XNOR2_X1)                               0.0755     0.7166 r
  DP_i/U462/ZN (NOR2_X1)                                0.0283     0.7449 f
  DP_i/U467/ZN (OR2_X1)                                 0.0565     0.8013 f
  DP_i/U627/CO (FA_X1)                                  0.0927     0.8940 f
  DP_i/U477/ZN (NAND2_X1)                               0.0385     0.9325 r
  DP_i/U481/ZN (NAND2_X1)                               0.0329     0.9654 f
  DP_i/U483/ZN (NOR2_X1)                                0.0418     1.0072 r
  DP_i/U267/ZN (OR2_X1)                                 0.0451     1.0522 r
  DP_i/U485/ZN (OAI21_X1)                               0.0355     1.0877 f
  DP_i/U488/ZN (NAND2_X1)                               0.0380     1.1257 r
  DP_i/U489/ZN (INV_X1)                                 0.0276     1.1533 f
  DP_i/U491/ZN (NAND2_X1)                               0.0410     1.1944 r
  DP_i/U495/Z (XOR2_X1)                                 0.0803     1.2746 r
  DP_i/U496/ZN (NOR2_X1)                                0.0339     1.3085 f
  DP_i/U497/ZN (AOI21_X1)                               0.0682     1.3767 r
  DP_i/U498/ZN (NAND2_X1)                               0.0330     1.4097 f
  DP_i/U290/ZN (NAND2_X1)                               0.0330     1.4427 r
  DP_i/U504/ZN (NAND2_X1)                               0.0418     1.4845 f
  DP_i/U509/ZN (OAI21_X1)                               0.0533     1.5378 r
  DP_i/U512/ZN (NAND2_X1)                               0.0325     1.5703 f
  DP_i/U513/ZN (NAND2_X1)                               0.0365     1.6068 r
  DP_i/U516/ZN (NOR2_X1)                                0.0293     1.6361 f
  DP_i/U517/ZN (INV_X1)                                 0.0279     1.6640 r
  DP_i/U519/ZN (NAND2_X1)                               0.0291     1.6931 f
  DP_i/U520/ZN (NOR2_X1)                                0.0519     1.7451 r
  DP_i/U521/ZN (OR2_X1)                                 0.0435     1.7886 r
  DP_i/U616/CO (FA_X1)                                  0.0695     1.8580 r
  DP_i/U523/ZN (OAI21_X1)                               0.0393     1.8974 f
  DP_i/U532/ZN (OR2_X1)                                 0.0647     1.9620 f
  DP_i/U21/Z (CLKBUF_X1)                                0.0454     2.0075 f
  DP_i/U533/ZN (AND2_X1)                                0.0453     2.0527 f
  DP_i/U20/ZN (AOI21_X2)                                0.0675     2.1203 r
  DP_i/U19/ZN (AND2_X2)                                 0.0650     2.1853 r
  DP_i/U308/ZN (XNOR2_X1)                               0.0710     2.2562 r
  DP_i/U552/ZN (OAI22_X1)                               0.0463     2.3026 f
  DP_i/U553/ZN (AOI221_X1)                              0.0893     2.3919 r
  DP_i/U554/ZN (INV_X1)                                 0.0255     2.4174 f
  DP_i/U652/ZN (NOR3_X1)                                0.0617     2.4791 r
  DP_i/U752/ZN (AOI211_X1)                              0.0576     2.5367 f
  DP_i/U2969/ZN (NOR3_X1)                               0.0842     2.6208 r
  DP_i/U4532/ZN (INV_X1)                                0.0320     2.6528 f
  DP_i/U347/ZN (NOR2_X2)                                0.1812     2.8340 r
  DP_i/U4535/ZN (INV_X1)                                0.0574     2.8914 f
  DP_i/U4536/ZN (OR2_X1)                                0.0675     2.9590 f
  DP_i/fetch_i_IR_out_reg_30_/D (DFF_X1)                0.0104     2.9694 f
  data arrival time                                                2.9694

  clock CLK (rise edge)                                 3.0000     3.0000
  clock network delay (ideal)                           0.0500     3.0500
  clock uncertainty                                    -0.0500     3.0000
  DP_i/fetch_i_IR_out_reg_30_/CK (DFF_X1)               0.0000     3.0000 r
  library setup time                                   -0.0251     2.9749
  data required time                                               2.9749
  --------------------------------------------------------------------------
  data required time                                               2.9749
  data arrival time                                               -2.9694
  --------------------------------------------------------------------------
  slack (MET)                                                      0.0055


  Startpoint: DP_i/fetch_i_IR_out_reg_28_
              (rising edge-triggered flip-flop clocked by CLK)
  Endpoint: DP_i/fetch_i_IR_out_reg_28_
            (rising edge-triggered flip-flop clocked by CLK)
  Path Group: REG2REG
  Path Type: max

  Des/Clust/Port     Wire Load Model       Library
  ------------------------------------------------
  DLX                5K_hvratio_1_4        NangateOpenCellLibrary

  Point                                                   Incr       Path
  --------------------------------------------------------------------------
  clock CLK (rise edge)                                 0.0000     0.0000
  clock network delay (ideal)                           0.0500     0.0500
  DP_i/fetch_i_IR_out_reg_28_/CK (DFF_X1)               0.0000     0.0500 r
  DP_i/fetch_i_IR_out_reg_28_/Q (DFF_X1)                0.1124     0.1624 f
  DP_i/opcode_2_ (DataPath)                             0.0000     0.1624 f
  U809/ZN (INV_X1)                                      0.0657     0.2281 r
  U811/ZN (NAND3_X1)                                    0.0569     0.2850 f
  U777/ZN (OR2_X1)                                      0.0738     0.3588 f
  DP_i/RF2_BAR (DataPath)                               0.0000     0.3588 f
  DP_i/U442/ZN (AND2_X1)                                0.0537     0.4125 f
  DP_i/U443/ZN (NAND2_X1)                               0.0451     0.4576 r
  DP_i/U444/ZN (OAI21_X1)                               0.0440     0.5015 f
  DP_i/U445/ZN (OAI21_X1)                               0.0451     0.5466 r
  DP_i/U458/ZN (NOR2_X1)                                0.0303     0.5769 f
  DP_i/U291/ZN (NOR2_X1)                                0.0642     0.6411 r
  DP_i/U461/ZN (XNOR2_X1)                               0.0755     0.7166 r
  DP_i/U462/ZN (NOR2_X1)                                0.0283     0.7449 f
  DP_i/U467/ZN (OR2_X1)                                 0.0565     0.8013 f
  DP_i/U627/CO (FA_X1)                                  0.0927     0.8940 f
  DP_i/U477/ZN (NAND2_X1)                               0.0385     0.9325 r
  DP_i/U481/ZN (NAND2_X1)                               0.0329     0.9654 f
  DP_i/U483/ZN (NOR2_X1)                                0.0418     1.0072 r
  DP_i/U267/ZN (OR2_X1)                                 0.0451     1.0522 r
  DP_i/U485/ZN (OAI21_X1)                               0.0355     1.0877 f
  DP_i/U488/ZN (NAND2_X1)                               0.0380     1.1257 r
  DP_i/U489/ZN (INV_X1)                                 0.0276     1.1533 f
  DP_i/U491/ZN (NAND2_X1)                               0.0410     1.1944 r
  DP_i/U495/Z (XOR2_X1)                                 0.0803     1.2746 r
  DP_i/U496/ZN (NOR2_X1)                                0.0339     1.3085 f
  DP_i/U497/ZN (AOI21_X1)                               0.0682     1.3767 r
  DP_i/U498/ZN (NAND2_X1)                               0.0330     1.4097 f
  DP_i/U290/ZN (NAND2_X1)                               0.0330     1.4427 r
  DP_i/U504/ZN (NAND2_X1)                               0.0418     1.4845 f
  DP_i/U509/ZN (OAI21_X1)                               0.0533     1.5378 r
  DP_i/U512/ZN (NAND2_X1)                               0.0325     1.5703 f
  DP_i/U513/ZN (NAND2_X1)                               0.0365     1.6068 r
  DP_i/U516/ZN (NOR2_X1)                                0.0293     1.6361 f
  DP_i/U517/ZN (INV_X1)                                 0.0279     1.6640 r
  DP_i/U519/ZN (NAND2_X1)                               0.0291     1.6931 f
  DP_i/U520/ZN (NOR2_X1)                                0.0519     1.7451 r
  DP_i/U521/ZN (OR2_X1)                                 0.0435     1.7886 r
  DP_i/U616/CO (FA_X1)                                  0.0695     1.8580 r
  DP_i/U523/ZN (OAI21_X1)                               0.0393     1.8974 f
  DP_i/U532/ZN (OR2_X1)                                 0.0647     1.9620 f
  DP_i/U21/Z (CLKBUF_X1)                                0.0454     2.0075 f
  DP_i/U533/ZN (AND2_X1)                                0.0453     2.0527 f
  DP_i/U20/ZN (AOI21_X2)                                0.0675     2.1203 r
  DP_i/U19/ZN (AND2_X2)                                 0.0650     2.1853 r
  DP_i/U308/ZN (XNOR2_X1)                               0.0710     2.2562 r
  DP_i/U552/ZN (OAI22_X1)                               0.0463     2.3026 f
  DP_i/U553/ZN (AOI221_X1)                              0.0893     2.3919 r
  DP_i/U554/ZN (INV_X1)                                 0.0255     2.4174 f
  DP_i/U652/ZN (NOR3_X1)                                0.0617     2.4791 r
  DP_i/U752/ZN (AOI211_X1)                              0.0576     2.5367 f
  DP_i/U2969/ZN (NOR3_X1)                               0.0842     2.6208 r
  DP_i/U4532/ZN (INV_X1)                                0.0320     2.6528 f
  DP_i/U347/ZN (NOR2_X2)                                0.1812     2.8340 r
  DP_i/U4535/ZN (INV_X1)                                0.0574     2.8914 f
  DP_i/U4538/ZN (OR2_X1)                                0.0675     2.9590 f
  DP_i/fetch_i_IR_out_reg_28_/D (DFF_X1)                0.0104     2.9694 f
  data arrival time                                                2.9694

  clock CLK (rise edge)                                 3.0000     3.0000
  clock network delay (ideal)                           0.0500     3.0500
  clock uncertainty                                    -0.0500     3.0000
  DP_i/fetch_i_IR_out_reg_28_/CK (DFF_X1)               0.0000     3.0000 r
  library setup time                                   -0.0251     2.9749
  data required time                                               2.9749
  --------------------------------------------------------------------------
  data required time                                               2.9749
  data arrival time                                               -2.9694
  --------------------------------------------------------------------------
  slack (MET)                                                      0.0055


  Startpoint: DP_i/fetch_i_IR_out_reg_28_
              (rising edge-triggered flip-flop clocked by CLK)
  Endpoint: DP_i/fetch_i_pc_i_Y_reg_1_
            (rising edge-triggered flip-flop clocked by CLK)
  Path Group: REG2REG
  Path Type: max

  Des/Clust/Port     Wire Load Model       Library
  ------------------------------------------------
  DLX                5K_hvratio_1_4        NangateOpenCellLibrary

  Point                                                   Incr       Path
  --------------------------------------------------------------------------
  clock CLK (rise edge)                                 0.0000     0.0000
  clock network delay (ideal)                           0.0500     0.0500
  DP_i/fetch_i_IR_out_reg_28_/CK (DFF_X1)               0.0000     0.0500 r
  DP_i/fetch_i_IR_out_reg_28_/Q (DFF_X1)                0.1124     0.1624 f
  DP_i/opcode_2_ (DataPath)                             0.0000     0.1624 f
  U809/ZN (INV_X1)                                      0.0657     0.2281 r
  U811/ZN (NAND3_X1)                                    0.0569     0.2850 f
  U777/ZN (OR2_X1)                                      0.0738     0.3588 f
  DP_i/RF2_BAR (DataPath)                               0.0000     0.3588 f
  DP_i/U442/ZN (AND2_X1)                                0.0537     0.4125 f
  DP_i/U443/ZN (NAND2_X1)                               0.0451     0.4576 r
  DP_i/U444/ZN (OAI21_X1)                               0.0440     0.5015 f
  DP_i/U445/ZN (OAI21_X1)                               0.0458     0.5473 r
  DP_i/U458/ZN (NOR2_X1)                                0.0303     0.5776 f
  DP_i/U291/ZN (NOR2_X1)                                0.0642     0.6418 r
  DP_i/U461/ZN (XNOR2_X1)                               0.0755     0.7173 r
  DP_i/U462/ZN (NOR2_X1)                                0.0283     0.7456 f
  DP_i/U467/ZN (OR2_X1)                                 0.0565     0.8020 f
  DP_i/U627/CO (FA_X1)                                  0.0927     0.8947 f
  DP_i/U477/ZN (NAND2_X1)                               0.0385     0.9332 r
  DP_i/U481/ZN (NAND2_X1)                               0.0329     0.9661 f
  DP_i/U483/ZN (NOR2_X1)                                0.0418     1.0079 r
  DP_i/U267/ZN (OR2_X1)                                 0.0451     1.0529 r
  DP_i/U485/ZN (OAI21_X1)                               0.0355     1.0884 f
  DP_i/U488/ZN (NAND2_X1)                               0.0380     1.1264 r
  DP_i/U489/ZN (INV_X1)                                 0.0276     1.1540 f
  DP_i/U491/ZN (NAND2_X1)                               0.0410     1.1951 r
  DP_i/U495/Z (XOR2_X1)                                 0.0803     1.2753 r
  DP_i/U496/ZN (NOR2_X1)                                0.0339     1.3092 f
  DP_i/U497/ZN (AOI21_X1)                               0.0682     1.3774 r
  DP_i/U498/ZN (NAND2_X1)                               0.0330     1.4104 f
  DP_i/U290/ZN (NAND2_X1)                               0.0330     1.4434 r
  DP_i/U504/ZN (NAND2_X1)                               0.0418     1.4852 f
  DP_i/U509/ZN (OAI21_X1)                               0.0533     1.5385 r
  DP_i/U512/ZN (NAND2_X1)                               0.0325     1.5710 f
  DP_i/U513/ZN (NAND2_X1)                               0.0365     1.6075 r
  DP_i/U516/ZN (NOR2_X1)                                0.0293     1.6368 f
  DP_i/U517/ZN (INV_X1)                                 0.0279     1.6647 r
  DP_i/U519/ZN (NAND2_X1)                               0.0291     1.6938 f
  DP_i/U520/ZN (NOR2_X1)                                0.0519     1.7458 r
  DP_i/U521/ZN (OR2_X1)                                 0.0435     1.7893 r
  DP_i/U616/CO (FA_X1)                                  0.0695     1.8587 r
  DP_i/U523/ZN (OAI21_X1)                               0.0393     1.8981 f
  DP_i/U532/ZN (OR2_X1)                                 0.0647     1.9627 f
  DP_i/U21/Z (CLKBUF_X1)                                0.0454     2.0082 f
  DP_i/U533/ZN (AND2_X1)                                0.0453     2.0534 f
  DP_i/U20/ZN (AOI21_X2)                                0.0675     2.1210 r
  DP_i/U19/ZN (AND2_X2)                                 0.0650     2.1860 r
  DP_i/U308/ZN (XNOR2_X1)                               0.0710     2.2569 r
  DP_i/U552/ZN (OAI22_X1)                               0.0463     2.3033 f
  DP_i/U553/ZN (AOI221_X1)                              0.0894     2.3926 r
  DP_i/U554/ZN (INV_X1)                                 0.0255     2.4181 f
  DP_i/U652/ZN (NOR3_X1)                                0.0617     2.4798 r
  DP_i/U752/ZN (AOI211_X1)                              0.0576     2.5374 f
  DP_i/U147/ZN (OR3_X1)                                 0.0947     2.6321 f
  DP_i/U148/ZN (INV_X2)                                 0.1263     2.7584 r
  DP_i/U3115/ZN (AOI22_X1)                              0.0746     2.8330 f
  DP_i/U3117/ZN (OAI211_X1)                             0.0452     2.8782 r
  DP_i/U3118/ZN (AOI21_X1)                              0.0327     2.9109 f
  DP_i/U3119/ZN (OAI21_X1)                              0.0400     2.9510 r
  DP_i/fetch_i_pc_i_Y_reg_1_/D (DFF_X1)                 0.0110     2.9619 r
  data arrival time                                                2.9619

  clock CLK (rise edge)                                 3.0000     3.0000
  clock network delay (ideal)                           0.0500     3.0500
  clock uncertainty                                    -0.0500     3.0000
  DP_i/fetch_i_pc_i_Y_reg_1_/CK (DFF_X1)                0.0000     3.0000 r
  library setup time                                   -0.0310     2.9690
  data required time                                               2.9690
  --------------------------------------------------------------------------
  data required time                                               2.9690
  data arrival time                                               -2.9619
  --------------------------------------------------------------------------
  slack (MET)                                                      0.0070


  Startpoint: DP_i/fetch_i_IR_out_reg_28_
              (rising edge-triggered flip-flop clocked by CLK)
  Endpoint: DP_i/fetch_i_pc_i_Y_reg_1_
            (rising edge-triggered flip-flop clocked by CLK)
  Path Group: REG2REG
  Path Type: max

  Des/Clust/Port     Wire Load Model       Library
  ------------------------------------------------
  DLX                5K_hvratio_1_4        NangateOpenCellLibrary

  Point                                                   Incr       Path
  --------------------------------------------------------------------------
  clock CLK (rise edge)                                 0.0000     0.0000
  clock network delay (ideal)                           0.0500     0.0500
  DP_i/fetch_i_IR_out_reg_28_/CK (DFF_X1)               0.0000     0.0500 r
  DP_i/fetch_i_IR_out_reg_28_/Q (DFF_X1)                0.1124     0.1624 f
  DP_i/opcode_2_ (DataPath)                             0.0000     0.1624 f
  U809/ZN (INV_X1)                                      0.0657     0.2281 r
  U811/ZN (NAND3_X1)                                    0.0569     0.2850 f
  U777/ZN (OR2_X1)                                      0.0738     0.3588 f
  DP_i/RF2_BAR (DataPath)                               0.0000     0.3588 f
  DP_i/U442/ZN (AND2_X1)                                0.0537     0.4125 f
  DP_i/U443/ZN (NAND2_X1)                               0.0451     0.4576 r
  DP_i/U444/ZN (OAI21_X1)                               0.0440     0.5015 f
  DP_i/U445/ZN (OAI21_X1)                               0.0451     0.5466 r
  DP_i/U458/ZN (NOR2_X1)                                0.0303     0.5769 f
  DP_i/U291/ZN (NOR2_X1)                                0.0642     0.6411 r
  DP_i/U461/ZN (XNOR2_X1)                               0.0755     0.7166 r
  DP_i/U462/ZN (NOR2_X1)                                0.0283     0.7449 f
  DP_i/U467/ZN (OR2_X1)                                 0.0565     0.8013 f
  DP_i/U627/CO (FA_X1)                                  0.0927     0.8940 f
  DP_i/U477/ZN (NAND2_X1)                               0.0385     0.9325 r
  DP_i/U481/ZN (NAND2_X1)                               0.0329     0.9654 f
  DP_i/U483/ZN (NOR2_X1)                                0.0418     1.0072 r
  DP_i/U267/ZN (OR2_X1)                                 0.0451     1.0522 r
  DP_i/U485/ZN (OAI21_X1)                               0.0355     1.0877 f
  DP_i/U488/ZN (NAND2_X1)                               0.0380     1.1257 r
  DP_i/U489/ZN (INV_X1)                                 0.0276     1.1533 f
  DP_i/U491/ZN (NAND2_X1)                               0.0410     1.1944 r
  DP_i/U495/Z (XOR2_X1)                                 0.0803     1.2746 r
  DP_i/U496/ZN (NOR2_X1)                                0.0339     1.3085 f
  DP_i/U497/ZN (AOI21_X1)                               0.0682     1.3767 r
  DP_i/U498/ZN (NAND2_X1)                               0.0330     1.4097 f
  DP_i/U290/ZN (NAND2_X1)                               0.0330     1.4427 r
  DP_i/U504/ZN (NAND2_X1)                               0.0418     1.4845 f
  DP_i/U509/ZN (OAI21_X1)                               0.0533     1.5378 r
  DP_i/U512/ZN (NAND2_X1)                               0.0325     1.5703 f
  DP_i/U513/ZN (NAND2_X1)                               0.0365     1.6068 r
  DP_i/U516/ZN (NOR2_X1)                                0.0293     1.6361 f
  DP_i/U517/ZN (INV_X1)                                 0.0279     1.6640 r
  DP_i/U519/ZN (NAND2_X1)                               0.0291     1.6931 f
  DP_i/U520/ZN (NOR2_X1)                                0.0519     1.7451 r
  DP_i/U521/ZN (OR2_X1)                                 0.0435     1.7886 r
  DP_i/U616/CO (FA_X1)                                  0.0695     1.8580 r
  DP_i/U523/ZN (OAI21_X1)                               0.0393     1.8974 f
  DP_i/U532/ZN (OR2_X1)                                 0.0647     1.9620 f
  DP_i/U21/Z (CLKBUF_X1)                                0.0454     2.0075 f
  DP_i/U533/ZN (AND2_X1)                                0.0453     2.0527 f
  DP_i/U20/ZN (AOI21_X2)                                0.0675     2.1203 r
  DP_i/U19/ZN (AND2_X2)                                 0.0650     2.1853 r
  DP_i/U308/ZN (XNOR2_X1)                               0.0710     2.2562 r
  DP_i/U552/ZN (OAI22_X1)                               0.0463     2.3026 f
  DP_i/U553/ZN (AOI221_X1)                              0.0893     2.3919 r
  DP_i/U554/ZN (INV_X1)                                 0.0255     2.4174 f
  DP_i/U652/ZN (NOR3_X1)                                0.0617     2.4791 r
  DP_i/U752/ZN (AOI211_X1)                              0.0576     2.5367 f
  DP_i/U147/ZN (OR3_X1)                                 0.0947     2.6314 f
  DP_i/U148/ZN (INV_X2)                                 0.1263     2.7577 r
  DP_i/U3115/ZN (AOI22_X1)                              0.0746     2.8323 f
  DP_i/U3117/ZN (OAI211_X1)                             0.0452     2.8775 r
  DP_i/U3118/ZN (AOI21_X1)                              0.0327     2.9102 f
  DP_i/U3119/ZN (OAI21_X1)                              0.0400     2.9503 r
  DP_i/fetch_i_pc_i_Y_reg_1_/D (DFF_X1)                 0.0110     2.9612 r
  data arrival time                                                2.9612

  clock CLK (rise edge)                                 3.0000     3.0000
  clock network delay (ideal)                           0.0500     3.0500
  clock uncertainty                                    -0.0500     3.0000
  DP_i/fetch_i_pc_i_Y_reg_1_/CK (DFF_X1)                0.0000     3.0000 r
  library setup time                                   -0.0310     2.9690
  data required time                                               2.9690
  --------------------------------------------------------------------------
  data required time                                               2.9690
  data arrival time                                               -2.9612
  --------------------------------------------------------------------------
  slack (MET)                                                      0.0077


1
