 
****************************************
Report : qor
Design : DLX
Version: W-2024.09-SP2
Date   : Sun Sep 27 11:42:54 2026
****************************************


  Timing Path Group 'REG2REG'
  -----------------------------------
  Levels of Logic:              28.00
  Critical Path Length:          1.53
  Critical Path Slack:           0.00
  Critical Path Clk Period:      1.60
  Total Negative Slack:         -0.02
  No. of Violating Paths:       27.00
  Worst Hold Violation:          0.00
  Total Hold Violation:          0.00
  No. of Hold Violations:        0.00
  -----------------------------------

  Timing Path Group 'CLK'
  -----------------------------------
  Levels of Logic:              30.00
  Critical Path Length:          1.46
  Critical Path Slack:           0.02
  Critical Path Clk Period:      1.60
  Total Negative Slack:          0.00
  No. of Violating Paths:        0.00
  Worst Hold Violation:          0.00
  Total Hold Violation:          0.00
  No. of Hold Violations:        0.00
  -----------------------------------

  Timing Path Group 'INPUTS'
  -----------------------------------
  Levels of Logic:               9.00
  Critical Path Length:          1.09
  Critical Path Slack:           0.27
  Critical Path Clk Period:      1.60
  Total Negative Slack:          0.00
  No. of Violating Paths:        0.00
  Worst Hold Violation:          0.00
  Total Hold Violation:          0.00
  No. of Hold Violations:        0.00
  -----------------------------------

  Timing Path Group 'OUTPUTS'
  -----------------------------------
  Levels of Logic:              26.00
  Critical Path Length:          1.26
  Critical Path Slack:           0.13
  Critical Path Clk Period:      1.60
  Total Negative Slack:          0.00
  No. of Violating Paths:        0.00
  Worst Hold Violation:          0.00
  Total Hold Violation:          0.00
  No. of Hold Violations:        0.00
  -----------------------------------


  Cell Count
  -----------------------------------
  Hierarchical Cell Count:         73
  Hierarchical Port Count:        406
  Leaf Cell Count:              14714
  Buf/Inv Cell Count:            1572
  Buf Cell Count:                 325
  Inv Cell Count:                1247
  CT Buf/Inv Cell Count:            0
  Combinational Cell Count:     11871
  Sequential Cell Count:         2843
  Macro Count:                      0
  -----------------------------------


  Area
  -----------------------------------
  Combinational Area:    12968.830025
  Noncombinational Area: 12887.965547
  Buf/Inv Area:            962.920000
  Total Buffer Area:           280.63
  Total Inverter Area:         682.29
  Macro/Black Box Area:      0.000000
  Net Area:                  0.000000
  -----------------------------------
  Cell Area:             25856.795572
  Design Area:           25856.795572


  Design Rules
  -----------------------------------
  Total Number of Nets:         15010
  Nets With Violations:             5
  Max Trans Violations:             2
  Max Cap Violations:               5
  -----------------------------------


  Hostname: microsys.openstack.polito

  Compile CPU Statistics
  -----------------------------------------
  Resource Sharing:                    0.01
  Logic Optimization:                  0.52
  Mapping Optimization:               20.45
  -----------------------------------------
  Overall Compile Time:               33.82
  Overall Compile Wall Clock Time:    34.33

  --------------------------------------------------------------------

  Design  WNS: 0.00  TNS: 0.02  Number of Violating Paths: 27


  Design (Hold)  WNS: 0.00  TNS: 0.00  Number of Violating Paths: 0

  --------------------------------------------------------------------


1
