 
****************************************
Report : qor
Design : DLX
Version: W-2024.09-SP2
Date   : Sun Sep 27 11:59:26 2026
****************************************


  Timing Path Group 'REG2REG'
  -----------------------------------
  Levels of Logic:              56.00
  Critical Path Length:          2.92
  Critical Path Slack:           0.00
  Critical Path Clk Period:      3.00
  Total Negative Slack:          0.00
  No. of Violating Paths:        0.00
  Worst Hold Violation:          0.00
  Total Hold Violation:          0.00
  No. of Hold Violations:        0.00
  -----------------------------------

  Timing Path Group 'CLK'
  -----------------------------------
  Levels of Logic:              36.00
  Critical Path Length:          2.76
  Critical Path Slack:           0.12
  Critical Path Clk Period:      3.00
  Total Negative Slack:          0.00
  No. of Violating Paths:        0.00
  Worst Hold Violation:          0.00
  Total Hold Violation:          0.00
  No. of Hold Violations:        0.00
  -----------------------------------

  Timing Path Group 'INPUTS'
  -----------------------------------
  Levels of Logic:               6.00
  Critical Path Length:          1.23
  Critical Path Slack:           1.38
  Critical Path Clk Period:      3.00
  Total Negative Slack:          0.00
  No. of Violating Paths:        0.00
  Worst Hold Violation:          0.00
  Total Hold Violation:          0.00
  No. of Hold Violations:        0.00
  -----------------------------------

  Timing Path Group 'OUTPUTS'
  -----------------------------------
  Levels of Logic:              28.00
  Critical Path Length:          2.22
  Critical Path Slack:           0.43
  Critical Path Clk Period:      3.00
  Total Negative Slack:          0.00
  No. of Violating Paths:        0.00
  Worst Hold Violation:          0.00
  Total Hold Violation:          0.00
  No. of Hold Violations:        0.00
  -----------------------------------


  Cell Count
  -----------------------------------
  Hierarchical Cell Count:         74
  Hierarchical Port Count:        671
  Leaf Cell Count:              11526
  Buf/Inv Cell Count:            1060
  Buf Cell Count:                 166
  Inv Cell Count:                 894
  CT Buf/Inv Cell Count:            0
  Combinational Cell Count:      8683
  Sequential Cell Count:         2843
  Macro Count:                      0
  -----------------------------------


  Area
  -----------------------------------
  Combinational Area:    10315.214111
  Noncombinational Area: 12885.837547
  Buf/Inv Area:            621.110001
  Total Buffer Area:           137.52
  Total Inverter Area:         483.59
  Macro/Black Box Area:      0.000000
  Net Area:                  0.000000
  -----------------------------------
  Cell Area:             23201.051658
  Design Area:           23201.051658


  Design Rules
  -----------------------------------
  Total Number of Nets:         11752
  Nets With Violations:            17
  Max Trans Violations:             7
  Max Cap Violations:              17
  -----------------------------------


  Hostname: microsys.openstack.polito

  Compile CPU Statistics
  -----------------------------------------
  Resource Sharing:                    0.01
  Logic Optimization:                  0.48
  Mapping Optimization:                4.27
  -----------------------------------------
  Overall Compile Time:               13.03
  Overall Compile Wall Clock Time:    13.41

  --------------------------------------------------------------------

  Design  WNS: 0.00  TNS: 0.00  Number of Violating Paths: 0


  Design (Hold)  WNS: 0.00  TNS: 0.00  Number of Violating Paths: 0

  --------------------------------------------------------------------


1
