 
****************************************
Report : qor
Design : DLX
Version: W-2024.09-SP2
Date   : Sun Sep 27 11:38:23 2026
****************************************


  Timing Path Group 'REG2REG'
  -----------------------------------
  Levels of Logic:              26.00
  Critical Path Length:          1.45
  Critical Path Slack:          -0.03
  Critical Path Clk Period:      1.50
  Total Negative Slack:         -3.54
  No. of Violating Paths:      197.00
  Worst Hold Violation:          0.00
  Total Hold Violation:          0.00
  No. of Hold Violations:        0.00
  -----------------------------------

  Timing Path Group 'CLK'
  -----------------------------------
  Levels of Logic:              27.00
  Critical Path Length:          1.38
  Critical Path Slack:          -0.01
  Critical Path Clk Period:      1.50
  Total Negative Slack:         -0.07
  No. of Violating Paths:       16.00
  Worst Hold Violation:          0.00
  Total Hold Violation:          0.00
  No. of Hold Violations:        0.00
  -----------------------------------

  Timing Path Group 'INPUTS'
  -----------------------------------
  Levels of Logic:              10.00
  Critical Path Length:          0.67
  Critical Path Slack:           0.59
  Critical Path Clk Period:      1.50
  Total Negative Slack:          0.00
  No. of Violating Paths:        0.00
  Worst Hold Violation:          0.00
  Total Hold Violation:          0.00
  No. of Hold Violations:        0.00
  -----------------------------------

  Timing Path Group 'OUTPUTS'
  -----------------------------------
  Levels of Logic:              25.00
  Critical Path Length:          1.20
  Critical Path Slack:           0.10
  Critical Path Clk Period:      1.50
  Total Negative Slack:          0.00
  No. of Violating Paths:        0.00
  Worst Hold Violation:          0.00
  Total Hold Violation:          0.00
  No. of Hold Violations:        0.00
  -----------------------------------


  Cell Count
  -----------------------------------
  Hierarchical Cell Count:         73
  Hierarchical Port Count:        406
  Leaf Cell Count:              15774
  Buf/Inv Cell Count:            1714
  Buf Cell Count:                 373
  Inv Cell Count:                1341
  CT Buf/Inv Cell Count:            0
  Combinational Cell Count:     12931
  Sequential Cell Count:         2843
  Macro Count:                      0
  -----------------------------------


  Area
  -----------------------------------
  Combinational Area:    13859.930003
  Noncombinational Area: 12894.881548
  Buf/Inv Area:           1083.950002
  Total Buffer Area:           356.97
  Total Inverter Area:         726.98
  Macro/Black Box Area:      0.000000
  Net Area:                  0.000000
  -----------------------------------
  Cell Area:             26754.811551
  Design Area:           26754.811551


  Design Rules
  -----------------------------------
  Total Number of Nets:         16163
  Nets With Violations:             3
  Max Trans Violations:             1
  Max Cap Violations:               3
  -----------------------------------


  Hostname: microsys.openstack.polito

  Compile CPU Statistics
  -----------------------------------------
  Resource Sharing:                    0.01
  Logic Optimization:                  0.53
  Mapping Optimization:               31.20
  -----------------------------------------
  Overall Compile Time:               47.75
  Overall Compile Wall Clock Time:    48.39

  --------------------------------------------------------------------

  Design  WNS: 0.03  TNS: 3.61  Number of Violating Paths: 213


  Design (Hold)  WNS: 0.00  TNS: 0.00  Number of Violating Paths: 0

  --------------------------------------------------------------------


1
