 
****************************************
Report : qor
Design : DLX
Version: W-2024.09-SP2
Date   : Sun Sep 27 11:24:38 2026
****************************************


  Timing Path Group 'REG2REG'
  -----------------------------------
  Levels of Logic:              22.00
  Critical Path Length:          1.43
  Critical Path Slack:          -0.30
  Critical Path Clk Period:      1.20
  Total Negative Slack:        -76.04
  No. of Violating Paths:      521.00
  Worst Hold Violation:          0.00
  Total Hold Violation:          0.00
  No. of Hold Violations:        0.00
  -----------------------------------

  Timing Path Group 'CLK'
  -----------------------------------
  Levels of Logic:              22.00
  Critical Path Length:          1.25
  Critical Path Slack:          -0.17
  Critical Path Clk Period:      1.20
  Total Negative Slack:         -5.70
  No. of Violating Paths:       35.00
  Worst Hold Violation:          0.00
  Total Hold Violation:          0.00
  No. of Hold Violations:        0.00
  -----------------------------------

  Timing Path Group 'INPUTS'
  -----------------------------------
  Levels of Logic:              13.00
  Critical Path Length:          0.87
  Critical Path Slack:           0.13
  Critical Path Clk Period:      1.20
  Total Negative Slack:          0.00
  No. of Violating Paths:        0.00
  Worst Hold Violation:          0.00
  Total Hold Violation:          0.00
  No. of Hold Violations:        0.00
  -----------------------------------

  Timing Path Group 'OUTPUTS'
  -----------------------------------
  Levels of Logic:              21.00
  Critical Path Length:          1.07
  Critical Path Slack:          -0.04
  Critical Path Clk Period:      1.20
  Total Negative Slack:         -0.04
  No. of Violating Paths:        1.00
  Worst Hold Violation:          0.00
  Total Hold Violation:          0.00
  No. of Hold Violations:        0.00
  -----------------------------------


  Cell Count
  -----------------------------------
  Hierarchical Cell Count:         73
  Hierarchical Port Count:        406
  Leaf Cell Count:              15852
  Buf/Inv Cell Count:            1878
  Buf Cell Count:                 317
  Inv Cell Count:                1561
  CT Buf/Inv Cell Count:            0
  Combinational Cell Count:     13009
  Sequential Cell Count:         2843
  Macro Count:                      0
  -----------------------------------


  Area
  -----------------------------------
  Combinational Area:    14250.152009
  Noncombinational Area: 12936.377553
  Buf/Inv Area:           1210.566006
  Total Buffer Area:           366.55
  Total Inverter Area:         844.02
  Macro/Black Box Area:      0.000000
  Net Area:                  0.000000
  -----------------------------------
  Cell Area:             27186.529562
  Design Area:           27186.529562


  Design Rules
  -----------------------------------
  Total Number of Nets:         16510
  Nets With Violations:             4
  Max Trans Violations:             1
  Max Cap Violations:               4
  -----------------------------------


  Hostname: microsys.openstack.polito

  Compile CPU Statistics
  -----------------------------------------
  Resource Sharing:                    0.01
  Logic Optimization:                  0.57
  Mapping Optimization:               21.85
  -----------------------------------------
  Overall Compile Time:               40.36
  Overall Compile Wall Clock Time:    40.98

  --------------------------------------------------------------------

  Design  WNS: 0.30  TNS: 81.79  Number of Violating Paths: 557


  Design (Hold)  WNS: 0.00  TNS: 0.00  Number of Violating Paths: 0

  --------------------------------------------------------------------


1
