 
****************************************
Report : qor
Design : DLX
Version: W-2024.09-SP2
Date   : Sun Sep 27 11:14:08 2026
****************************************


  Timing Path Group 'REG2REG'
  -----------------------------------
  Levels of Logic:              26.00
  Critical Path Length:          1.43
  Critical Path Slack:          -0.51
  Critical Path Clk Period:      1.00
  Total Negative Slack:       -245.98
  No. of Violating Paths:      926.00
  Worst Hold Violation:          0.00
  Total Hold Violation:          0.00
  No. of Hold Violations:        0.00
  -----------------------------------

  Timing Path Group 'CLK'
  -----------------------------------
  Levels of Logic:              25.00
  Critical Path Length:          1.24
  Critical Path Slack:          -0.36
  Critical Path Clk Period:      1.00
  Total Negative Slack:        -10.94
  No. of Violating Paths:       35.00
  Worst Hold Violation:          0.00
  Total Hold Violation:          0.00
  No. of Hold Violations:        0.00
  -----------------------------------

  Timing Path Group 'INPUTS'
  -----------------------------------
  Levels of Logic:               7.00
  Critical Path Length:          0.67
  Critical Path Slack:           0.15
  Critical Path Clk Period:      1.00
  Total Negative Slack:          0.00
  No. of Violating Paths:        0.00
  Worst Hold Violation:          0.00
  Total Hold Violation:          0.00
  No. of Hold Violations:        0.00
  -----------------------------------

  Timing Path Group 'OUTPUTS'
  -----------------------------------
  Levels of Logic:              21.00
  Critical Path Length:          1.02
  Critical Path Slack:          -0.17
  Critical Path Clk Period:      1.00
  Total Negative Slack:         -0.69
  No. of Violating Paths:       24.00
  Worst Hold Violation:          0.00
  Total Hold Violation:          0.00
  No. of Hold Violations:        0.00
  -----------------------------------


  Cell Count
  -----------------------------------
  Hierarchical Cell Count:         72
  Hierarchical Port Count:        288
  Leaf Cell Count:              15533
  Buf/Inv Cell Count:            1490
  Buf Cell Count:                 356
  Inv Cell Count:                1134
  CT Buf/Inv Cell Count:            0
  Combinational Cell Count:     12690
  Sequential Cell Count:         2843
  Macro Count:                      0
  -----------------------------------


  Area
  -----------------------------------
  Combinational Area:    14249.886021
  Noncombinational Area: 12929.461552
  Buf/Inv Area:           1027.292003
  Total Buffer Area:           401.66
  Total Inverter Area:         625.63
  Macro/Black Box Area:      0.000000
  Net Area:                  0.000000
  -----------------------------------
  Cell Area:             27179.347573
  Design Area:           27179.347573


  Design Rules
  -----------------------------------
  Total Number of Nets:         16012
  Nets With Violations:             0
  Max Trans Violations:             0
  Max Cap Violations:               0
  -----------------------------------


  Hostname: microsys.openstack.polito

  Compile CPU Statistics
  -----------------------------------------
  Resource Sharing:                    0.01
  Logic Optimization:                  0.58
  Mapping Optimization:               75.47
  -----------------------------------------
  Overall Compile Time:               91.81
  Overall Compile Wall Clock Time:    93.00

  --------------------------------------------------------------------

  Design  WNS: 0.51  TNS: 257.61  Number of Violating Paths: 985


  Design (Hold)  WNS: 0.00  TNS: 0.00  Number of Violating Paths: 0

  --------------------------------------------------------------------


1
