 
****************************************
Report : qor
Design : DLX
Version: W-2024.09-SP2
Date   : Tue Sep 29 12:22:49 2026
****************************************


  Timing Path Group 'REG2REG'
  -----------------------------------
  Levels of Logic:              33.00
  Critical Path Length:          1.53
  Critical Path Slack:          -0.05
  Critical Path Clk Period:      1.55
  Total Negative Slack:         -4.99
  No. of Violating Paths:      167.00
  Worst Hold Violation:          0.00
  Total Hold Violation:          0.00
  No. of Hold Violations:        0.00
  -----------------------------------

  Timing Path Group 'CLK'
  -----------------------------------
  Levels of Logic:              28.00
  Critical Path Length:          1.42
  Critical Path Slack:           0.01
  Critical Path Clk Period:      1.55
  Total Negative Slack:          0.00
  No. of Violating Paths:        0.00
  Worst Hold Violation:          0.00
  Total Hold Violation:          0.00
  No. of Hold Violations:        0.00
  -----------------------------------

  Timing Path Group 'INPUTS'
  -----------------------------------
  Levels of Logic:               9.00
  Critical Path Length:          1.06
  Critical Path Slack:           0.26
  Critical Path Clk Period:      1.55
  Total Negative Slack:          0.00
  No. of Violating Paths:        0.00
  Worst Hold Violation:          0.00
  Total Hold Violation:          0.00
  No. of Hold Violations:        0.00
  -----------------------------------

  Timing Path Group 'OUTPUTS'
  -----------------------------------
  Levels of Logic:              25.00
  Critical Path Length:          1.27
  Critical Path Slack:           0.07
  Critical Path Clk Period:      1.55
  Total Negative Slack:          0.00
  No. of Violating Paths:        0.00
  Worst Hold Violation:          0.00
  Total Hold Violation:          0.00
  No. of Hold Violations:        0.00
  -----------------------------------


  Cell Count
  -----------------------------------
  Hierarchical Cell Count:         73
  Hierarchical Port Count:        406
  Leaf Cell Count:              14851
  Buf/Inv Cell Count:            1522
  Buf Cell Count:                 330
  Inv Cell Count:                1192
  CT Buf/Inv Cell Count:            0
  Combinational Cell Count:     12008
  Sequential Cell Count:         2843
  Macro Count:                      0
  -----------------------------------


  Area
  -----------------------------------
  Combinational Area:    13129.760024
  Noncombinational Area: 12889.561547
  Buf/Inv Area:            966.378002
  Total Buffer Area:           321.06
  Total Inverter Area:         645.32
  Macro/Black Box Area:      0.000000
  Net Area:                  0.000000
  -----------------------------------
  Cell Area:             26019.321571
  Design Area:           26019.321571


  Design Rules
  -----------------------------------
  Total Number of Nets:         15120
  Nets With Violations:             6
  Max Trans Violations:             2
  Max Cap Violations:               6
  -----------------------------------


  Hostname: microsys.openstack.polito

  Compile CPU Statistics
  -----------------------------------------
  Resource Sharing:                    0.01
  Logic Optimization:                  0.64
  Mapping Optimization:               29.89
  -----------------------------------------
  Overall Compile Time:               48.32
  Overall Compile Wall Clock Time:    48.97

  --------------------------------------------------------------------

  Design  WNS: 0.05  TNS: 4.99  Number of Violating Paths: 167


  Design (Hold)  WNS: 0.00  TNS: 0.00  Number of Violating Paths: 0

  --------------------------------------------------------------------


1
