 
****************************************
Report : qor
Design : DLX
Version: W-2024.09-SP2
Date   : Sun Sep 27 11:57:28 2026
****************************************


  Timing Path Group 'REG2REG'
  -----------------------------------
  Levels of Logic:              40.00
  Critical Path Length:          2.42
  Critical Path Slack:           0.00
  Critical Path Clk Period:      2.50
  Total Negative Slack:          0.00
  No. of Violating Paths:        0.00
  Worst Hold Violation:          0.00
  Total Hold Violation:          0.00
  No. of Hold Violations:        0.00
  -----------------------------------

  Timing Path Group 'CLK'
  -----------------------------------
  Levels of Logic:              36.00
  Critical Path Length:          2.31
  Critical Path Slack:           0.07
  Critical Path Clk Period:      2.50
  Total Negative Slack:          0.00
  No. of Violating Paths:        0.00
  Worst Hold Violation:          0.00
  Total Hold Violation:          0.00
  No. of Hold Violations:        0.00
  -----------------------------------

  Timing Path Group 'INPUTS'
  -----------------------------------
  Levels of Logic:               6.00
  Critical Path Length:          0.73
  Critical Path Slack:           1.44
  Critical Path Clk Period:      2.50
  Total Negative Slack:          0.00
  No. of Violating Paths:        0.00
  Worst Hold Violation:          0.00
  Total Hold Violation:          0.00
  No. of Hold Violations:        0.00
  -----------------------------------

  Timing Path Group 'OUTPUTS'
  -----------------------------------
  Levels of Logic:              29.00
  Critical Path Length:          1.97
  Critical Path Slack:           0.23
  Critical Path Clk Period:      2.50
  Total Negative Slack:          0.00
  No. of Violating Paths:        0.00
  Worst Hold Violation:          0.00
  Total Hold Violation:          0.00
  No. of Hold Violations:        0.00
  -----------------------------------


  Cell Count
  -----------------------------------
  Hierarchical Cell Count:         74
  Hierarchical Port Count:        671
  Leaf Cell Count:              11733
  Buf/Inv Cell Count:            1129
  Buf Cell Count:                 159
  Inv Cell Count:                 970
  CT Buf/Inv Cell Count:            0
  Combinational Cell Count:      8890
  Sequential Cell Count:         2843
  Macro Count:                      0
  -----------------------------------


  Area
  -----------------------------------
  Combinational Area:    10553.550110
  Noncombinational Area: 12886.901547
  Buf/Inv Area:            669.788002
  Total Buffer Area:           139.92
  Total Inverter Area:         529.87
  Macro/Black Box Area:      0.000000
  Net Area:                  0.000000
  -----------------------------------
  Cell Area:             23440.451657
  Design Area:           23440.451657


  Design Rules
  -----------------------------------
  Total Number of Nets:         11960
  Nets With Violations:             6
  Max Trans Violations:             2
  Max Cap Violations:               6
  -----------------------------------


  Hostname: microsys.openstack.polito

  Compile CPU Statistics
  -----------------------------------------
  Resource Sharing:                    0.01
  Logic Optimization:                  0.47
  Mapping Optimization:                4.19
  -----------------------------------------
  Overall Compile Time:               13.05
  Overall Compile Wall Clock Time:    13.44

  --------------------------------------------------------------------

  Design  WNS: 0.00  TNS: 0.00  Number of Violating Paths: 0


  Design (Hold)  WNS: 0.00  TNS: 0.00  Number of Violating Paths: 0

  --------------------------------------------------------------------


1
