 
****************************************
Report : qor
Design : DLX
Version: W-2024.09-SP2
Date   : Sun Sep 27 11:46:38 2026
****************************************


  Timing Path Group 'REG2REG'
  -----------------------------------
  Levels of Logic:              25.00
  Critical Path Length:          1.62
  Critical Path Slack:           0.00
  Critical Path Clk Period:      1.70
  Total Negative Slack:          0.00
  No. of Violating Paths:        0.00
  Worst Hold Violation:          0.00
  Total Hold Violation:          0.00
  No. of Hold Violations:        0.00
  -----------------------------------

  Timing Path Group 'CLK'
  -----------------------------------
  Levels of Logic:              29.00
  Critical Path Length:          1.57
  Critical Path Slack:           0.01
  Critical Path Clk Period:      1.70
  Total Negative Slack:          0.00
  No. of Violating Paths:        0.00
  Worst Hold Violation:          0.00
  Total Hold Violation:          0.00
  No. of Hold Violations:        0.00
  -----------------------------------

  Timing Path Group 'INPUTS'
  -----------------------------------
  Levels of Logic:               9.00
  Critical Path Length:          0.85
  Critical Path Slack:           0.60
  Critical Path Clk Period:      1.70
  Total Negative Slack:          0.00
  No. of Violating Paths:        0.00
  Worst Hold Violation:          0.00
  Total Hold Violation:          0.00
  No. of Hold Violations:        0.00
  -----------------------------------

  Timing Path Group 'OUTPUTS'
  -----------------------------------
  Levels of Logic:              24.00
  Critical Path Length:          1.29
  Critical Path Slack:           0.19
  Critical Path Clk Period:      1.70
  Total Negative Slack:          0.00
  No. of Violating Paths:        0.00
  Worst Hold Violation:          0.00
  Total Hold Violation:          0.00
  No. of Hold Violations:        0.00
  -----------------------------------


  Cell Count
  -----------------------------------
  Hierarchical Cell Count:         73
  Hierarchical Port Count:        406
  Leaf Cell Count:              14516
  Buf/Inv Cell Count:            1482
  Buf Cell Count:                 222
  Inv Cell Count:                1260
  CT Buf/Inv Cell Count:            0
  Combinational Cell Count:     11673
  Sequential Cell Count:         2843
  Macro Count:                      0
  -----------------------------------


  Area
  -----------------------------------
  Combinational Area:    12716.130033
  Noncombinational Area: 12889.029547
  Buf/Inv Area:            874.076002
  Total Buffer Area:           191.25
  Total Inverter Area:         682.82
  Macro/Black Box Area:      0.000000
  Net Area:                  0.000000
  -----------------------------------
  Cell Area:             25605.159580
  Design Area:           25605.159580


  Design Rules
  -----------------------------------
  Total Number of Nets:         14805
  Nets With Violations:             7
  Max Trans Violations:             1
  Max Cap Violations:               7
  -----------------------------------


  Hostname: microsys.openstack.polito

  Compile CPU Statistics
  -----------------------------------------
  Resource Sharing:                    0.01
  Logic Optimization:                  0.53
  Mapping Optimization:               12.23
  -----------------------------------------
  Overall Compile Time:               22.22
  Overall Compile Wall Clock Time:    22.67

  --------------------------------------------------------------------

  Design  WNS: 0.00  TNS: 0.00  Number of Violating Paths: 0


  Design (Hold)  WNS: 0.00  TNS: 0.00  Number of Violating Paths: 0

  --------------------------------------------------------------------


1
