 
****************************************
Report : timing
        -path full
        -delay max
        -nworst 2
        -group REG2REG
        -max_paths 10
Design : DLX
Version: W-2024.09-SP2
Date   : Sun Sep 27 11:18:46 2026
****************************************

Operating Conditions: typical   Library: NangateOpenCellLibrary
Wire Load Model Mode: top

  Startpoint: DP_i_fetch_i_IR_out_reg_28_
              (rising edge-triggered flip-flop clocked by CLK)
  Endpoint: DP_i_fetch_i_pc_i_Y_reg_23_
            (rising edge-triggered flip-flop clocked by CLK)
  Path Group: REG2REG
  Path Type: max

  Des/Clust/Port     Wire Load Model       Library
  ------------------------------------------------
  DLX                5K_hvratio_1_4        NangateOpenCellLibrary

  Point                                                   Incr       Path
  --------------------------------------------------------------------------
  clock CLK (rise edge)                                 0.0000     0.0000
  clock network delay (ideal)                           0.0500     0.0500
  DP_i_fetch_i_IR_out_reg_28_/CK (DFF_X1)               0.0000     0.0500 r
  DP_i_fetch_i_IR_out_reg_28_/Q (DFF_X1)                0.1163     0.1663 r
  U5066/Z (XOR2_X1)                                     0.0785     0.2447 r
  U5067/ZN (NAND2_X1)                                   0.0338     0.2785 f
  U5071/ZN (NAND2_X1)                                   0.0366     0.3151 r
  U5072/ZN (OAI21_X1)                                   0.0329     0.3480 f
  U3339/ZN (AND2_X1)                                    0.0451     0.3931 f
  U3700/ZN (OR2_X1)                                     0.0628     0.4559 f
  U4148/ZN (AND2_X1)                                    0.0429     0.4989 f
  U3830/ZN (OR2_X1)                                     0.0551     0.5540 f
  U6676/ZN (OAI22_X1)                                   0.0453     0.5992 r
  U6682/ZN (XNOR2_X1)                                   0.0692     0.6684 r
  U6683/ZN (XNOR2_X1)                                   0.0408     0.7093 f
  U6684/ZN (AND2_X1)                                    0.0440     0.7533 f
  U6685/ZN (NOR4_X1)                                    0.0739     0.8272 r
  U3783/ZN (AND2_X1)                                    0.0624     0.8896 r
  U1647/ZN (OAI211_X1)                                  0.0410     0.9306 f
  U7068/ZN (OR2_X1)                                     0.0612     0.9918 f
  U3870/ZN (XNOR2_X1)                                   0.0523     1.0441 r
  U3158/ZN (XNOR2_X1)                                   0.0600     1.1041 r
  U3184/ZN (AND3_X1)                                    0.0526     1.1567 r
  U6845/ZN (NAND4_X1)                                   0.0453     1.2020 f
  U961/ZN (AND2_X1)                                     0.0471     1.2492 f
  U11706/ZN (NOR4_X1)                                   0.0555     1.3046 r
  U11505/Z (BUF_X1)                                     0.0514     1.3561 r
  U11704/Z (BUF_X2)                                     0.0702     1.4263 r
  U12826/ZN (NAND2_X1)                                  0.0500     1.4762 f
  U12830/ZN (NAND4_X1)                                  0.0321     1.5084 r
  DP_i_fetch_i_pc_i_Y_reg_23_/D (DFF_X2)                0.0109     1.5193 r
  data arrival time                                                1.5193

  clock CLK (rise edge)                                 1.1000     1.1000
  clock network delay (ideal)                           0.0500     1.1500
  clock uncertainty                                    -0.0500     1.1000
  DP_i_fetch_i_pc_i_Y_reg_23_/CK (DFF_X2)               0.0000     1.1000 r
  library setup time                                   -0.0279     1.0721
  data required time                                               1.0721
  --------------------------------------------------------------------------
  data required time                                               1.0721
  data arrival time                                               -1.5193
  --------------------------------------------------------------------------
  slack (VIOLATED)                                                -0.4472


  Startpoint: DP_i_fetch_i_IR_out_reg_28_
              (rising edge-triggered flip-flop clocked by CLK)
  Endpoint: DP_i_fetch_i_pc_i_Y_reg_17_
            (rising edge-triggered flip-flop clocked by CLK)
  Path Group: REG2REG
  Path Type: max

  Des/Clust/Port     Wire Load Model       Library
  ------------------------------------------------
  DLX                5K_hvratio_1_4        NangateOpenCellLibrary

  Point                                                   Incr       Path
  --------------------------------------------------------------------------
  clock CLK (rise edge)                                 0.0000     0.0000
  clock network delay (ideal)                           0.0500     0.0500
  DP_i_fetch_i_IR_out_reg_28_/CK (DFF_X1)               0.0000     0.0500 r
  DP_i_fetch_i_IR_out_reg_28_/Q (DFF_X1)                0.1163     0.1663 r
  U5066/Z (XOR2_X1)                                     0.0785     0.2447 r
  U5067/ZN (NAND2_X1)                                   0.0338     0.2785 f
  U5071/ZN (NAND2_X1)                                   0.0366     0.3151 r
  U5072/ZN (OAI21_X1)                                   0.0329     0.3480 f
  U3339/ZN (AND2_X1)                                    0.0451     0.3931 f
  U3700/ZN (OR2_X1)                                     0.0628     0.4559 f
  U4148/ZN (AND2_X1)                                    0.0429     0.4989 f
  U3830/ZN (OR2_X1)                                     0.0551     0.5540 f
  U6676/ZN (OAI22_X1)                                   0.0453     0.5992 r
  U6682/ZN (XNOR2_X1)                                   0.0692     0.6684 r
  U6683/ZN (XNOR2_X1)                                   0.0408     0.7093 f
  U6684/ZN (AND2_X1)                                    0.0440     0.7533 f
  U6685/ZN (NOR4_X1)                                    0.0739     0.8272 r
  U3783/ZN (AND2_X1)                                    0.0624     0.8896 r
  U1647/ZN (OAI211_X1)                                  0.0410     0.9306 f
  U7068/ZN (OR2_X1)                                     0.0612     0.9918 f
  U3870/ZN (XNOR2_X1)                                   0.0523     1.0441 r
  U3158/ZN (XNOR2_X1)                                   0.0600     1.1041 r
  U3184/ZN (AND3_X1)                                    0.0526     1.1567 r
  U6845/ZN (NAND4_X1)                                   0.0453     1.2020 f
  U961/ZN (AND2_X1)                                     0.0471     1.2492 f
  U11706/ZN (NOR4_X1)                                   0.0555     1.3046 r
  U11505/Z (BUF_X1)                                     0.0514     1.3561 r
  U11705/Z (BUF_X2)                                     0.0702     1.4263 r
  U12856/ZN (NAND2_X1)                                  0.0500     1.4762 f
  U12860/ZN (NAND4_X1)                                  0.0321     1.5084 r
  DP_i_fetch_i_pc_i_Y_reg_17_/D (DFF_X2)                0.0109     1.5193 r
  data arrival time                                                1.5193

  clock CLK (rise edge)                                 1.1000     1.1000
  clock network delay (ideal)                           0.0500     1.1500
  clock uncertainty                                    -0.0500     1.1000
  DP_i_fetch_i_pc_i_Y_reg_17_/CK (DFF_X2)               0.0000     1.1000 r
  library setup time                                   -0.0279     1.0721
  data required time                                               1.0721
  --------------------------------------------------------------------------
  data required time                                               1.0721
  data arrival time                                               -1.5193
  --------------------------------------------------------------------------
  slack (VIOLATED)                                                -0.4471


  Startpoint: DP_i_fetch_i_IR_out_reg_28_
              (rising edge-triggered flip-flop clocked by CLK)
  Endpoint: DP_i_fetch_i_pc_i_Y_reg_21_
            (rising edge-triggered flip-flop clocked by CLK)
  Path Group: REG2REG
  Path Type: max

  Des/Clust/Port     Wire Load Model       Library
  ------------------------------------------------
  DLX                5K_hvratio_1_4        NangateOpenCellLibrary

  Point                                                   Incr       Path
  --------------------------------------------------------------------------
  clock CLK (rise edge)                                 0.0000     0.0000
  clock network delay (ideal)                           0.0500     0.0500
  DP_i_fetch_i_IR_out_reg_28_/CK (DFF_X1)               0.0000     0.0500 r
  DP_i_fetch_i_IR_out_reg_28_/Q (DFF_X1)                0.1163     0.1663 r
  U5066/Z (XOR2_X1)                                     0.0785     0.2447 r
  U5067/ZN (NAND2_X1)                                   0.0338     0.2785 f
  U5071/ZN (NAND2_X1)                                   0.0366     0.3151 r
  U5072/ZN (OAI21_X1)                                   0.0329     0.3480 f
  U3339/ZN (AND2_X1)                                    0.0451     0.3931 f
  U3700/ZN (OR2_X1)                                     0.0628     0.4559 f
  U4148/ZN (AND2_X1)                                    0.0429     0.4989 f
  U3830/ZN (OR2_X1)                                     0.0551     0.5540 f
  U6676/ZN (OAI22_X1)                                   0.0453     0.5992 r
  U6682/ZN (XNOR2_X1)                                   0.0692     0.6684 r
  U6683/ZN (XNOR2_X1)                                   0.0408     0.7093 f
  U6684/ZN (AND2_X1)                                    0.0440     0.7533 f
  U6685/ZN (NOR4_X1)                                    0.0739     0.8272 r
  U3783/ZN (AND2_X1)                                    0.0624     0.8896 r
  U1647/ZN (OAI211_X1)                                  0.0410     0.9306 f
  U7068/ZN (OR2_X1)                                     0.0612     0.9918 f
  U3870/ZN (XNOR2_X1)                                   0.0523     1.0441 r
  U3158/ZN (XNOR2_X1)                                   0.0600     1.1041 r
  U3184/ZN (AND3_X1)                                    0.0526     1.1567 r
  U6845/ZN (NAND4_X1)                                   0.0453     1.2020 f
  U961/ZN (AND2_X1)                                     0.0471     1.2492 f
  U11706/ZN (NOR4_X1)                                   0.0555     1.3046 r
  U11505/Z (BUF_X1)                                     0.0514     1.3561 r
  U11704/Z (BUF_X2)                                     0.0702     1.4263 r
  U12836/ZN (NAND2_X1)                                  0.0500     1.4762 f
  U12840/ZN (NAND4_X1)                                  0.0321     1.5084 r
  DP_i_fetch_i_pc_i_Y_reg_21_/D (DFF_X2)                0.0109     1.5193 r
  data arrival time                                                1.5193

  clock CLK (rise edge)                                 1.1000     1.1000
  clock network delay (ideal)                           0.0500     1.1500
  clock uncertainty                                    -0.0500     1.1000
  DP_i_fetch_i_pc_i_Y_reg_21_/CK (DFF_X2)               0.0000     1.1000 r
  library setup time                                   -0.0279     1.0721
  data required time                                               1.0721
  --------------------------------------------------------------------------
  data required time                                               1.0721
  data arrival time                                               -1.5193
  --------------------------------------------------------------------------
  slack (VIOLATED)                                                -0.4471


  Startpoint: DP_i_fetch_i_IR_out_reg_28_
              (rising edge-triggered flip-flop clocked by CLK)
  Endpoint: DP_i_fetch_i_pc_i_Y_reg_16_
            (rising edge-triggered flip-flop clocked by CLK)
  Path Group: REG2REG
  Path Type: max

  Des/Clust/Port     Wire Load Model       Library
  ------------------------------------------------
  DLX                5K_hvratio_1_4        NangateOpenCellLibrary

  Point                                                   Incr       Path
  --------------------------------------------------------------------------
  clock CLK (rise edge)                                 0.0000     0.0000
  clock network delay (ideal)                           0.0500     0.0500
  DP_i_fetch_i_IR_out_reg_28_/CK (DFF_X1)               0.0000     0.0500 r
  DP_i_fetch_i_IR_out_reg_28_/Q (DFF_X1)                0.1163     0.1663 r
  U5066/Z (XOR2_X1)                                     0.0785     0.2447 r
  U5067/ZN (NAND2_X1)                                   0.0338     0.2785 f
  U5071/ZN (NAND2_X1)                                   0.0366     0.3151 r
  U5072/ZN (OAI21_X1)                                   0.0329     0.3480 f
  U3339/ZN (AND2_X1)                                    0.0451     0.3931 f
  U3700/ZN (OR2_X1)                                     0.0628     0.4559 f
  U4148/ZN (AND2_X1)                                    0.0429     0.4989 f
  U3830/ZN (OR2_X1)                                     0.0551     0.5540 f
  U6676/ZN (OAI22_X1)                                   0.0453     0.5992 r
  U6682/ZN (XNOR2_X1)                                   0.0692     0.6684 r
  U6683/ZN (XNOR2_X1)                                   0.0408     0.7093 f
  U6684/ZN (AND2_X1)                                    0.0440     0.7533 f
  U6685/ZN (NOR4_X1)                                    0.0739     0.8272 r
  U3783/ZN (AND2_X1)                                    0.0624     0.8896 r
  U1647/ZN (OAI211_X1)                                  0.0410     0.9306 f
  U7068/ZN (OR2_X1)                                     0.0612     0.9918 f
  U3870/ZN (XNOR2_X1)                                   0.0523     1.0441 r
  U3158/ZN (XNOR2_X1)                                   0.0600     1.1041 r
  U3184/ZN (AND3_X1)                                    0.0526     1.1567 r
  U6845/ZN (NAND4_X1)                                   0.0453     1.2020 f
  U961/ZN (AND2_X1)                                     0.0471     1.2492 f
  U11706/ZN (NOR4_X1)                                   0.0555     1.3046 r
  U11505/Z (BUF_X1)                                     0.0514     1.3561 r
  U11705/Z (BUF_X2)                                     0.0702     1.4263 r
  U12861/ZN (NAND2_X1)                                  0.0500     1.4762 f
  U12865/ZN (NAND4_X1)                                  0.0321     1.5084 r
  DP_i_fetch_i_pc_i_Y_reg_16_/D (DFF_X2)                0.0109     1.5193 r
  data arrival time                                                1.5193

  clock CLK (rise edge)                                 1.1000     1.1000
  clock network delay (ideal)                           0.0500     1.1500
  clock uncertainty                                    -0.0500     1.1000
  DP_i_fetch_i_pc_i_Y_reg_16_/CK (DFF_X2)               0.0000     1.1000 r
  library setup time                                   -0.0278     1.0722
  data required time                                               1.0722
  --------------------------------------------------------------------------
  data required time                                               1.0722
  data arrival time                                               -1.5193
  --------------------------------------------------------------------------
  slack (VIOLATED)                                                -0.4471


  Startpoint: DP_i_fetch_i_IR_out_reg_28_
              (rising edge-triggered flip-flop clocked by CLK)
  Endpoint: DP_i_fetch_i_pc_i_Y_reg_14_
            (rising edge-triggered flip-flop clocked by CLK)
  Path Group: REG2REG
  Path Type: max

  Des/Clust/Port     Wire Load Model       Library
  ------------------------------------------------
  DLX                5K_hvratio_1_4        NangateOpenCellLibrary

  Point                                                   Incr       Path
  --------------------------------------------------------------------------
  clock CLK (rise edge)                                 0.0000     0.0000
  clock network delay (ideal)                           0.0500     0.0500
  DP_i_fetch_i_IR_out_reg_28_/CK (DFF_X1)               0.0000     0.0500 r
  DP_i_fetch_i_IR_out_reg_28_/Q (DFF_X1)                0.1163     0.1663 r
  U5066/Z (XOR2_X1)                                     0.0785     0.2447 r
  U5067/ZN (NAND2_X1)                                   0.0338     0.2785 f
  U5071/ZN (NAND2_X1)                                   0.0366     0.3151 r
  U5072/ZN (OAI21_X1)                                   0.0329     0.3480 f
  U3339/ZN (AND2_X1)                                    0.0451     0.3931 f
  U3700/ZN (OR2_X1)                                     0.0628     0.4559 f
  U4148/ZN (AND2_X1)                                    0.0429     0.4989 f
  U3830/ZN (OR2_X1)                                     0.0551     0.5540 f
  U6676/ZN (OAI22_X1)                                   0.0453     0.5992 r
  U6682/ZN (XNOR2_X1)                                   0.0692     0.6684 r
  U6683/ZN (XNOR2_X1)                                   0.0408     0.7093 f
  U6684/ZN (AND2_X1)                                    0.0440     0.7533 f
  U6685/ZN (NOR4_X1)                                    0.0739     0.8272 r
  U3783/ZN (AND2_X1)                                    0.0624     0.8896 r
  U1647/ZN (OAI211_X1)                                  0.0410     0.9306 f
  U7068/ZN (OR2_X1)                                     0.0612     0.9918 f
  U3870/ZN (XNOR2_X1)                                   0.0523     1.0441 r
  U3158/ZN (XNOR2_X1)                                   0.0600     1.1041 r
  U3184/ZN (AND3_X1)                                    0.0526     1.1567 r
  U6845/ZN (NAND4_X1)                                   0.0453     1.2020 f
  U961/ZN (AND2_X1)                                     0.0471     1.2492 f
  U11706/ZN (NOR4_X1)                                   0.0555     1.3046 r
  U11505/Z (BUF_X1)                                     0.0514     1.3561 r
  U11705/Z (BUF_X2)                                     0.0702     1.4263 r
  U12871/ZN (NAND2_X1)                                  0.0500     1.4762 f
  U12875/ZN (NAND4_X1)                                  0.0321     1.5084 r
  DP_i_fetch_i_pc_i_Y_reg_14_/D (DFF_X2)                0.0109     1.5193 r
  data arrival time                                                1.5193

  clock CLK (rise edge)                                 1.1000     1.1000
  clock network delay (ideal)                           0.0500     1.1500
  clock uncertainty                                    -0.0500     1.1000
  DP_i_fetch_i_pc_i_Y_reg_14_/CK (DFF_X2)               0.0000     1.1000 r
  library setup time                                   -0.0278     1.0722
  data required time                                               1.0722
  --------------------------------------------------------------------------
  data required time                                               1.0722
  data arrival time                                               -1.5193
  --------------------------------------------------------------------------
  slack (VIOLATED)                                                -0.4471


  Startpoint: DP_i_fetch_i_IR_out_reg_28_
              (rising edge-triggered flip-flop clocked by CLK)
  Endpoint: DP_i_fetch_i_pc_i_Y_reg_28_
            (rising edge-triggered flip-flop clocked by CLK)
  Path Group: REG2REG
  Path Type: max

  Des/Clust/Port     Wire Load Model       Library
  ------------------------------------------------
  DLX                5K_hvratio_1_4        NangateOpenCellLibrary

  Point                                                   Incr       Path
  --------------------------------------------------------------------------
  clock CLK (rise edge)                                 0.0000     0.0000
  clock network delay (ideal)                           0.0500     0.0500
  DP_i_fetch_i_IR_out_reg_28_/CK (DFF_X1)               0.0000     0.0500 r
  DP_i_fetch_i_IR_out_reg_28_/Q (DFF_X1)                0.1163     0.1663 r
  U5066/Z (XOR2_X1)                                     0.0785     0.2447 r
  U5067/ZN (NAND2_X1)                                   0.0338     0.2785 f
  U5071/ZN (NAND2_X1)                                   0.0366     0.3151 r
  U5072/ZN (OAI21_X1)                                   0.0329     0.3480 f
  U3339/ZN (AND2_X1)                                    0.0451     0.3931 f
  U3700/ZN (OR2_X1)                                     0.0628     0.4559 f
  U4148/ZN (AND2_X1)                                    0.0429     0.4989 f
  U3830/ZN (OR2_X1)                                     0.0551     0.5540 f
  U6676/ZN (OAI22_X1)                                   0.0453     0.5992 r
  U6682/ZN (XNOR2_X1)                                   0.0692     0.6684 r
  U6683/ZN (XNOR2_X1)                                   0.0408     0.7093 f
  U6684/ZN (AND2_X1)                                    0.0440     0.7533 f
  U6685/ZN (NOR4_X1)                                    0.0739     0.8272 r
  U3783/ZN (AND2_X1)                                    0.0624     0.8896 r
  U1647/ZN (OAI211_X1)                                  0.0410     0.9306 f
  U7068/ZN (OR2_X1)                                     0.0612     0.9918 f
  U3870/ZN (XNOR2_X1)                                   0.0523     1.0441 r
  U3158/ZN (XNOR2_X1)                                   0.0600     1.1041 r
  U3184/ZN (AND3_X1)                                    0.0526     1.1567 r
  U6845/ZN (NAND4_X1)                                   0.0453     1.2020 f
  U961/ZN (AND2_X1)                                     0.0471     1.2492 f
  U11706/ZN (NOR4_X1)                                   0.0555     1.3046 r
  U11505/Z (BUF_X1)                                     0.0514     1.3561 r
  U11704/Z (BUF_X2)                                     0.0702     1.4263 r
  U12801/ZN (NAND2_X1)                                  0.0500     1.4762 f
  U12805/ZN (NAND4_X1)                                  0.0321     1.5084 r
  DP_i_fetch_i_pc_i_Y_reg_28_/D (DFF_X2)                0.0109     1.5193 r
  data arrival time                                                1.5193

  clock CLK (rise edge)                                 1.1000     1.1000
  clock network delay (ideal)                           0.0500     1.1500
  clock uncertainty                                    -0.0500     1.1000
  DP_i_fetch_i_pc_i_Y_reg_28_/CK (DFF_X2)               0.0000     1.1000 r
  library setup time                                   -0.0278     1.0722
  data required time                                               1.0722
  --------------------------------------------------------------------------
  data required time                                               1.0722
  data arrival time                                               -1.5193
  --------------------------------------------------------------------------
  slack (VIOLATED)                                                -0.4471


  Startpoint: DP_i_fetch_i_IR_out_reg_28_
              (rising edge-triggered flip-flop clocked by CLK)
  Endpoint: DP_i_fetch_i_pc_i_Y_reg_9_
            (rising edge-triggered flip-flop clocked by CLK)
  Path Group: REG2REG
  Path Type: max

  Des/Clust/Port     Wire Load Model       Library
  ------------------------------------------------
  DLX                5K_hvratio_1_4        NangateOpenCellLibrary

  Point                                                   Incr       Path
  --------------------------------------------------------------------------
  clock CLK (rise edge)                                 0.0000     0.0000
  clock network delay (ideal)                           0.0500     0.0500
  DP_i_fetch_i_IR_out_reg_28_/CK (DFF_X1)               0.0000     0.0500 r
  DP_i_fetch_i_IR_out_reg_28_/Q (DFF_X1)                0.1163     0.1663 r
  U5066/Z (XOR2_X1)                                     0.0785     0.2447 r
  U5067/ZN (NAND2_X1)                                   0.0338     0.2785 f
  U5071/ZN (NAND2_X1)                                   0.0366     0.3151 r
  U5072/ZN (OAI21_X1)                                   0.0329     0.3480 f
  U3339/ZN (AND2_X1)                                    0.0451     0.3931 f
  U3700/ZN (OR2_X1)                                     0.0628     0.4559 f
  U4148/ZN (AND2_X1)                                    0.0429     0.4989 f
  U3830/ZN (OR2_X1)                                     0.0551     0.5540 f
  U6676/ZN (OAI22_X1)                                   0.0453     0.5992 r
  U6682/ZN (XNOR2_X1)                                   0.0692     0.6684 r
  U6683/ZN (XNOR2_X1)                                   0.0408     0.7093 f
  U6684/ZN (AND2_X1)                                    0.0440     0.7533 f
  U6685/ZN (NOR4_X1)                                    0.0739     0.8272 r
  U3783/ZN (AND2_X1)                                    0.0624     0.8896 r
  U1647/ZN (OAI211_X1)                                  0.0410     0.9306 f
  U7068/ZN (OR2_X1)                                     0.0612     0.9918 f
  U3870/ZN (XNOR2_X1)                                   0.0523     1.0441 r
  U3158/ZN (XNOR2_X1)                                   0.0600     1.1041 r
  U3184/ZN (AND3_X1)                                    0.0526     1.1567 r
  U6845/ZN (NAND4_X1)                                   0.0453     1.2020 f
  U961/ZN (AND2_X1)                                     0.0471     1.2492 f
  U11706/ZN (NOR4_X1)                                   0.0555     1.3046 r
  U11505/Z (BUF_X1)                                     0.0514     1.3561 r
  U11705/Z (BUF_X2)                                     0.0702     1.4263 r
  U12896/ZN (NAND2_X1)                                  0.0500     1.4762 f
  U12900/ZN (NAND4_X1)                                  0.0321     1.5084 r
  DP_i_fetch_i_pc_i_Y_reg_9_/D (DFF_X2)                 0.0109     1.5193 r
  data arrival time                                                1.5193

  clock CLK (rise edge)                                 1.1000     1.1000
  clock network delay (ideal)                           0.0500     1.1500
  clock uncertainty                                    -0.0500     1.1000
  DP_i_fetch_i_pc_i_Y_reg_9_/CK (DFF_X2)                0.0000     1.1000 r
  library setup time                                   -0.0278     1.0722
  data required time                                               1.0722
  --------------------------------------------------------------------------
  data required time                                               1.0722
  data arrival time                                               -1.5193
  --------------------------------------------------------------------------
  slack (VIOLATED)                                                -0.4471


  Startpoint: DP_i_fetch_i_IR_out_reg_28_
              (rising edge-triggered flip-flop clocked by CLK)
  Endpoint: DP_i_fetch_i_pc_i_Y_reg_23_
            (rising edge-triggered flip-flop clocked by CLK)
  Path Group: REG2REG
  Path Type: max

  Des/Clust/Port     Wire Load Model       Library
  ------------------------------------------------
  DLX                5K_hvratio_1_4        NangateOpenCellLibrary

  Point                                                   Incr       Path
  --------------------------------------------------------------------------
  clock CLK (rise edge)                                 0.0000     0.0000
  clock network delay (ideal)                           0.0500     0.0500
  DP_i_fetch_i_IR_out_reg_28_/CK (DFF_X1)               0.0000     0.0500 r
  DP_i_fetch_i_IR_out_reg_28_/Q (DFF_X1)                0.1047     0.1547 f
  U5066/Z (XOR2_X1)                                     0.0860     0.2408 f
  U5067/ZN (NAND2_X1)                                   0.0333     0.2741 r
  U5071/ZN (NAND2_X1)                                   0.0335     0.3076 f
  U5072/ZN (OAI21_X1)                                   0.0462     0.3538 r
  U3339/ZN (AND2_X1)                                    0.0537     0.4075 r
  U5080/ZN (INV_X1)                                     0.0358     0.4433 f
  U3562/ZN (OR2_X1)                                     0.0599     0.5032 f
  U3197/ZN (AND2_X1)                                    0.0418     0.5449 f
  U6676/ZN (OAI22_X1)                                   0.0542     0.5991 r
  U6682/ZN (XNOR2_X1)                                   0.0692     0.6683 r
  U6683/ZN (XNOR2_X1)                                   0.0408     0.7091 f
  U6684/ZN (AND2_X1)                                    0.0440     0.7532 f
  U6685/ZN (NOR4_X1)                                    0.0739     0.8271 r
  U3783/ZN (AND2_X1)                                    0.0624     0.8895 r
  U1647/ZN (OAI211_X1)                                  0.0410     0.9305 f
  U7068/ZN (OR2_X1)                                     0.0612     0.9917 f
  U3870/ZN (XNOR2_X1)                                   0.0523     1.0440 r
  U3158/ZN (XNOR2_X1)                                   0.0600     1.1040 r
  U3184/ZN (AND3_X1)                                    0.0526     1.1566 r
  U6845/ZN (NAND4_X1)                                   0.0453     1.2019 f
  U961/ZN (AND2_X1)                                     0.0471     1.2490 f
  U11706/ZN (NOR4_X1)                                   0.0555     1.3045 r
  U11505/Z (BUF_X1)                                     0.0514     1.3559 r
  U11704/Z (BUF_X2)                                     0.0702     1.4262 r
  U12826/ZN (NAND2_X1)                                  0.0500     1.4761 f
  U12830/ZN (NAND4_X1)                                  0.0321     1.5082 r
  DP_i_fetch_i_pc_i_Y_reg_23_/D (DFF_X2)                0.0109     1.5191 r
  data arrival time                                                1.5191

  clock CLK (rise edge)                                 1.1000     1.1000
  clock network delay (ideal)                           0.0500     1.1500
  clock uncertainty                                    -0.0500     1.1000
  DP_i_fetch_i_pc_i_Y_reg_23_/CK (DFF_X2)               0.0000     1.1000 r
  library setup time                                   -0.0279     1.0721
  data required time                                               1.0721
  --------------------------------------------------------------------------
  data required time                                               1.0721
  data arrival time                                               -1.5191
  --------------------------------------------------------------------------
  slack (VIOLATED)                                                -0.4470


  Startpoint: DP_i_fetch_i_IR_out_reg_28_
              (rising edge-triggered flip-flop clocked by CLK)
  Endpoint: DP_i_fetch_i_pc_i_Y_reg_20_
            (rising edge-triggered flip-flop clocked by CLK)
  Path Group: REG2REG
  Path Type: max

  Des/Clust/Port     Wire Load Model       Library
  ------------------------------------------------
  DLX                5K_hvratio_1_4        NangateOpenCellLibrary

  Point                                                   Incr       Path
  --------------------------------------------------------------------------
  clock CLK (rise edge)                                 0.0000     0.0000
  clock network delay (ideal)                           0.0500     0.0500
  DP_i_fetch_i_IR_out_reg_28_/CK (DFF_X1)               0.0000     0.0500 r
  DP_i_fetch_i_IR_out_reg_28_/Q (DFF_X1)                0.1163     0.1663 r
  U5066/Z (XOR2_X1)                                     0.0785     0.2447 r
  U5067/ZN (NAND2_X1)                                   0.0338     0.2785 f
  U5071/ZN (NAND2_X1)                                   0.0366     0.3151 r
  U5072/ZN (OAI21_X1)                                   0.0329     0.3480 f
  U3339/ZN (AND2_X1)                                    0.0451     0.3931 f
  U3700/ZN (OR2_X1)                                     0.0628     0.4559 f
  U4148/ZN (AND2_X1)                                    0.0429     0.4989 f
  U3830/ZN (OR2_X1)                                     0.0551     0.5540 f
  U6676/ZN (OAI22_X1)                                   0.0453     0.5992 r
  U6682/ZN (XNOR2_X1)                                   0.0692     0.6684 r
  U6683/ZN (XNOR2_X1)                                   0.0408     0.7093 f
  U6684/ZN (AND2_X1)                                    0.0440     0.7533 f
  U6685/ZN (NOR4_X1)                                    0.0739     0.8272 r
  U3783/ZN (AND2_X1)                                    0.0624     0.8896 r
  U1647/ZN (OAI211_X1)                                  0.0410     0.9306 f
  U7068/ZN (OR2_X1)                                     0.0612     0.9918 f
  U3870/ZN (XNOR2_X1)                                   0.0523     1.0441 r
  U3158/ZN (XNOR2_X1)                                   0.0600     1.1041 r
  U3184/ZN (AND3_X1)                                    0.0526     1.1567 r
  U6845/ZN (NAND4_X1)                                   0.0453     1.2020 f
  U961/ZN (AND2_X1)                                     0.0471     1.2492 f
  U11706/ZN (NOR4_X1)                                   0.0555     1.3046 r
  U11505/Z (BUF_X1)                                     0.0514     1.3561 r
  U11704/Z (BUF_X2)                                     0.0702     1.4263 r
  U12841/ZN (NAND2_X1)                                  0.0500     1.4762 f
  U12845/ZN (NAND4_X1)                                  0.0321     1.5084 r
  DP_i_fetch_i_pc_i_Y_reg_20_/D (DFF_X2)                0.0109     1.5193 r
  data arrival time                                                1.5193

  clock CLK (rise edge)                                 1.1000     1.1000
  clock network delay (ideal)                           0.0500     1.1500
  clock uncertainty                                    -0.0500     1.1000
  DP_i_fetch_i_pc_i_Y_reg_20_/CK (DFF_X2)               0.0000     1.1000 r
  library setup time                                   -0.0278     1.0722
  data required time                                               1.0722
  --------------------------------------------------------------------------
  data required time                                               1.0722
  data arrival time                                               -1.5193
  --------------------------------------------------------------------------
  slack (VIOLATED)                                                -0.4470


  Startpoint: DP_i_fetch_i_IR_out_reg_28_
              (rising edge-triggered flip-flop clocked by CLK)
  Endpoint: DP_i_fetch_i_pc_i_Y_reg_22_
            (rising edge-triggered flip-flop clocked by CLK)
  Path Group: REG2REG
  Path Type: max

  Des/Clust/Port     Wire Load Model       Library
  ------------------------------------------------
  DLX                5K_hvratio_1_4        NangateOpenCellLibrary

  Point                                                   Incr       Path
  --------------------------------------------------------------------------
  clock CLK (rise edge)                                 0.0000     0.0000
  clock network delay (ideal)                           0.0500     0.0500
  DP_i_fetch_i_IR_out_reg_28_/CK (DFF_X1)               0.0000     0.0500 r
  DP_i_fetch_i_IR_out_reg_28_/Q (DFF_X1)                0.1163     0.1663 r
  U5066/Z (XOR2_X1)                                     0.0785     0.2447 r
  U5067/ZN (NAND2_X1)                                   0.0338     0.2785 f
  U5071/ZN (NAND2_X1)                                   0.0366     0.3151 r
  U5072/ZN (OAI21_X1)                                   0.0329     0.3480 f
  U3339/ZN (AND2_X1)                                    0.0451     0.3931 f
  U3700/ZN (OR2_X1)                                     0.0628     0.4559 f
  U4148/ZN (AND2_X1)                                    0.0429     0.4989 f
  U3830/ZN (OR2_X1)                                     0.0551     0.5540 f
  U6676/ZN (OAI22_X1)                                   0.0453     0.5992 r
  U6682/ZN (XNOR2_X1)                                   0.0692     0.6684 r
  U6683/ZN (XNOR2_X1)                                   0.0408     0.7093 f
  U6684/ZN (AND2_X1)                                    0.0440     0.7533 f
  U6685/ZN (NOR4_X1)                                    0.0739     0.8272 r
  U3783/ZN (AND2_X1)                                    0.0624     0.8896 r
  U1647/ZN (OAI211_X1)                                  0.0410     0.9306 f
  U7068/ZN (OR2_X1)                                     0.0612     0.9918 f
  U3870/ZN (XNOR2_X1)                                   0.0523     1.0441 r
  U3158/ZN (XNOR2_X1)                                   0.0600     1.1041 r
  U3184/ZN (AND3_X1)                                    0.0526     1.1567 r
  U6845/ZN (NAND4_X1)                                   0.0453     1.2020 f
  U961/ZN (AND2_X1)                                     0.0471     1.2492 f
  U11706/ZN (NOR4_X1)                                   0.0555     1.3046 r
  U11505/Z (BUF_X1)                                     0.0514     1.3561 r
  U11704/Z (BUF_X2)                                     0.0702     1.4263 r
  U12831/ZN (NAND2_X1)                                  0.0500     1.4762 f
  U12835/ZN (NAND4_X1)                                  0.0321     1.5084 r
  DP_i_fetch_i_pc_i_Y_reg_22_/D (DFF_X2)                0.0109     1.5193 r
  data arrival time                                                1.5193

  clock CLK (rise edge)                                 1.1000     1.1000
  clock network delay (ideal)                           0.0500     1.1500
  clock uncertainty                                    -0.0500     1.1000
  DP_i_fetch_i_pc_i_Y_reg_22_/CK (DFF_X2)               0.0000     1.1000 r
  library setup time                                   -0.0278     1.0722
  data required time                                               1.0722
  --------------------------------------------------------------------------
  data required time                                               1.0722
  data arrival time                                               -1.5193
  --------------------------------------------------------------------------
  slack (VIOLATED)                                                -0.4470


1
