 
****************************************
Report : timing
        -path full
        -delay max
        -nworst 2
        -group REG2REG
        -max_paths 10
Design : DLX
Version: W-2024.09-SP2
Date   : Sun Sep 27 11:29:15 2026
****************************************

Operating Conditions: typical   Library: NangateOpenCellLibrary
Wire Load Model Mode: top

  Startpoint: CP_i_ex_mem_reg_i_WF1_out_reg
              (rising edge-triggered flip-flop clocked by CLK)
  Endpoint: DP_i_execute_i_boothmul_i_tree_i_register_i_2_Y_temp_reg_30_
            (rising edge-triggered flip-flop clocked by CLK)
  Path Group: REG2REG
  Path Type: max

  Des/Clust/Port     Wire Load Model       Library
  ------------------------------------------------
  DLX                5K_hvratio_1_4        NangateOpenCellLibrary

  Point                                                   Incr       Path
  --------------------------------------------------------------------------
  clock CLK (rise edge)                                 0.0000     0.0000
  clock network delay (ideal)                           0.0500     0.0500
  CP_i_ex_mem_reg_i_WF1_out_reg/CK (DFF_X1)             0.0000     0.0500 r
  CP_i_ex_mem_reg_i_WF1_out_reg/Q (DFF_X1)              0.0987     0.1487 r
  U3818/ZN (AND4_X1)                                    0.0564     0.2052 r
  U2493/ZN (AND3_X1)                                    0.0547     0.2599 r
  U2519/ZN (NAND4_X2)                                   0.0603     0.3202 f
  U932/ZN (AND2_X2)                                     0.0632     0.3834 f
  U2503/Z (BUF_X2)                                      0.0499     0.4333 f
  U3899/ZN (AOI222_X1)                                  0.1107     0.5440 r
  U1573/Z (MUX2_X1)                                     0.0688     0.6129 r
  U4626/ZN (INV_X1)                                     0.0380     0.6509 f
  U1028/ZN (AND2_X2)                                    0.0526     0.7034 f
  U7329/ZN (INV_X1)                                     0.0352     0.7387 r
  U1375/ZN (AND2_X1)                                    0.0414     0.7801 r
  U4701/ZN (NAND2_X1)                                   0.0272     0.8072 f
  U4704/ZN (NAND2_X1)                                   0.0317     0.8389 r
  U4705/ZN (XNOR2_X1)                                   0.0595     0.8984 r
  U4716/ZN (XNOR2_X1)                                   0.0697     0.9680 r
  U5215/ZN (XNOR2_X1)                                   0.0748     1.0428 r
  U1020/ZN (NAND2_X1)                                   0.0357     1.0786 f
  U1022/ZN (NAND3_X1)                                   0.0401     1.1187 r
  U2532/S (FA_X1)                                       0.1213     1.2399 f
  U5261/ZN (XNOR2_X1)                                   0.0728     1.3127 f
  U5262/ZN (XNOR2_X1)                                   0.0649     1.3776 f
  U5264/ZN (OAI21_X1)                                   0.0481     1.4256 r
  U8554/ZN (XNOR2_X1)                                   0.0597     1.4853 r
  U9695/ZN (AND2_X1)                                    0.0421     1.5274 r
  DP_i_execute_i_boothmul_i_tree_i_register_i_2_Y_temp_reg_30_/D (DFF_X1)
                                                        0.0110     1.5384 r
  data arrival time                                                1.5384

  clock CLK (rise edge)                                 1.3000     1.3000
  clock network delay (ideal)                           0.0500     1.3500
  clock uncertainty                                    -0.0500     1.3000
  DP_i_execute_i_boothmul_i_tree_i_register_i_2_Y_temp_reg_30_/CK (DFF_X1)
                                                        0.0000     1.3000 r
  library setup time                                   -0.0265     1.2735
  data required time                                               1.2735
  --------------------------------------------------------------------------
  data required time                                               1.2735
  data arrival time                                               -1.5384
  --------------------------------------------------------------------------
  slack (VIOLATED)                                                -0.2648


  Startpoint: CP_i_ex_mem_reg_i_WF1_out_reg
              (rising edge-triggered flip-flop clocked by CLK)
  Endpoint: DP_i_execute_i_boothmul_i_tree_i_register_i_2_Y_temp_reg_30_
            (rising edge-triggered flip-flop clocked by CLK)
  Path Group: REG2REG
  Path Type: max

  Des/Clust/Port     Wire Load Model       Library
  ------------------------------------------------
  DLX                5K_hvratio_1_4        NangateOpenCellLibrary

  Point                                                   Incr       Path
  --------------------------------------------------------------------------
  clock CLK (rise edge)                                 0.0000     0.0000
  clock network delay (ideal)                           0.0500     0.0500
  CP_i_ex_mem_reg_i_WF1_out_reg/CK (DFF_X1)             0.0000     0.0500 r
  CP_i_ex_mem_reg_i_WF1_out_reg/Q (DFF_X1)              0.0987     0.1487 r
  U3818/ZN (AND4_X1)                                    0.0564     0.2052 r
  U2493/ZN (AND3_X1)                                    0.0547     0.2599 r
  U2519/ZN (NAND4_X2)                                   0.0603     0.3202 f
  U932/ZN (AND2_X2)                                     0.0632     0.3834 f
  U2503/Z (BUF_X2)                                      0.0499     0.4333 f
  U3899/ZN (AOI222_X1)                                  0.1107     0.5440 r
  U1573/Z (MUX2_X1)                                     0.0688     0.6129 r
  U4626/ZN (INV_X1)                                     0.0380     0.6509 f
  U1028/ZN (AND2_X2)                                    0.0526     0.7034 f
  U7329/ZN (INV_X1)                                     0.0352     0.7387 r
  U1375/ZN (AND2_X1)                                    0.0414     0.7801 r
  U4701/ZN (NAND2_X1)                                   0.0272     0.8072 f
  U4704/ZN (NAND2_X1)                                   0.0317     0.8389 r
  U4705/ZN (XNOR2_X1)                                   0.0595     0.8984 r
  U4716/ZN (XNOR2_X1)                                   0.0697     0.9680 r
  U5215/ZN (XNOR2_X1)                                   0.0748     1.0428 r
  U1020/ZN (NAND2_X1)                                   0.0357     1.0786 f
  U1022/ZN (NAND3_X1)                                   0.0401     1.1187 r
  U2532/S (FA_X1)                                       0.1213     1.2399 f
  U5261/ZN (XNOR2_X1)                                   0.0728     1.3127 f
  U5262/ZN (XNOR2_X1)                                   0.0649     1.3776 f
  U5264/ZN (OAI21_X1)                                   0.0481     1.4256 r
  U8554/ZN (XNOR2_X1)                                   0.0597     1.4853 r
  U9695/ZN (AND2_X1)                                    0.0421     1.5274 r
  DP_i_execute_i_boothmul_i_tree_i_register_i_2_Y_temp_reg_30_/D (DFF_X1)
                                                        0.0110     1.5384 r
  data arrival time                                                1.5384

  clock CLK (rise edge)                                 1.3000     1.3000
  clock network delay (ideal)                           0.0500     1.3500
  clock uncertainty                                    -0.0500     1.3000
  DP_i_execute_i_boothmul_i_tree_i_register_i_2_Y_temp_reg_30_/CK (DFF_X1)
                                                        0.0000     1.3000 r
  library setup time                                   -0.0265     1.2735
  data required time                                               1.2735
  --------------------------------------------------------------------------
  data required time                                               1.2735
  data arrival time                                               -1.5384
  --------------------------------------------------------------------------
  slack (VIOLATED)                                                -0.2648


  Startpoint: DP_i_execute_i_boothmul_i_tree_i_register_i_3_Y_temp_reg_4_
              (rising edge-triggered flip-flop clocked by CLK)
  Endpoint: DP_i_execute_i_zero_alu_bit_Y_reg
            (rising edge-triggered flip-flop clocked by CLK)
  Path Group: REG2REG
  Path Type: max

  Des/Clust/Port     Wire Load Model       Library
  ------------------------------------------------
  DLX                5K_hvratio_1_4        NangateOpenCellLibrary

  Point                                                   Incr       Path
  --------------------------------------------------------------------------
  clock CLK (rise edge)                                 0.0000     0.0000
  clock network delay (ideal)                           0.0500     0.0500
  DP_i_execute_i_boothmul_i_tree_i_register_i_3_Y_temp_reg_4_/CK (DFF_X1)
                                                        0.0000     0.0500 r
  DP_i_execute_i_boothmul_i_tree_i_register_i_3_Y_temp_reg_4_/Q (DFF_X1)
                                                        0.1006     0.1506 f
  U4345/ZN (NAND2_X1)                                   0.0399     0.1905 r
  U1736/ZN (OAI21_X1)                                   0.0391     0.2295 f
  U2551/S (FA_X1)                                       0.1436     0.3732 r
  U4347/ZN (AND2_X1)                                    0.0507     0.4238 r
  U1432/ZN (NAND2_X1)                                   0.0322     0.4560 f
  U900/ZN (AND2_X2)                                     0.0471     0.5032 f
  U4367/ZN (XNOR2_X1)                                   0.0631     0.5663 r
  U1382/ZN (AND2_X2)                                    0.0564     0.6227 r
  U1197/ZN (OAI21_X1)                                   0.0373     0.6599 f
  U2549/ZN (OAI211_X1)                                  0.0545     0.7144 r
  U2550/ZN (AND2_X1)                                    0.0469     0.7613 r
  U4397/ZN (OAI21_X1)                                   0.0310     0.7923 f
  U4398/ZN (OR2_X2)                                     0.0573     0.8496 f
  U4418/ZN (OAI21_X1)                                   0.0481     0.8977 r
  U2545/ZN (NAND2_X1)                                   0.0330     0.9307 f
  U2185/ZN (OAI211_X1)                                  0.0483     0.9790 r
  U4471/ZN (AND2_X1)                                    0.0503     1.0293 r
  U4472/ZN (OAI21_X1)                                   0.0352     1.0645 f
  U916/ZN (OR2_X2)                                      0.0592     1.1237 f
  U4483/ZN (XNOR2_X1)                                   0.0578     1.1814 f
  U4487/ZN (NAND2_X1)                                   0.0296     1.2110 r
  U4505/ZN (AND4_X2)                                    0.0590     1.2700 r
  U4555/ZN (OAI211_X1)                                  0.0393     1.3093 f
  U2095/ZN (OR2_X1)                                     0.0581     1.3673 f
  U2313/ZN (NOR3_X1)                                    0.0622     1.4295 r
  U9211/ZN (NAND4_X1)                                   0.0482     1.4777 f
  U10728/ZN (OAI21_X1)                                  0.0479     1.5256 r
  DP_i_execute_i_zero_alu_bit_Y_reg/D (DFF_X2)          0.0109     1.5365 r
  data arrival time                                                1.5365

  clock CLK (rise edge)                                 1.3000     1.3000
  clock network delay (ideal)                           0.0500     1.3500
  clock uncertainty                                    -0.0500     1.3000
  DP_i_execute_i_zero_alu_bit_Y_reg/CK (DFF_X2)         0.0000     1.3000 r
  library setup time                                   -0.0283     1.2717
  data required time                                               1.2717
  --------------------------------------------------------------------------
  data required time                                               1.2717
  data arrival time                                               -1.5365
  --------------------------------------------------------------------------
  slack (VIOLATED)                                                -0.2648


  Startpoint: CP_i_ex_mem_reg_i_WF1_out_reg
              (rising edge-triggered flip-flop clocked by CLK)
  Endpoint: DP_i_execute_i_zero_alu_bit_Y_reg
            (rising edge-triggered flip-flop clocked by CLK)
  Path Group: REG2REG
  Path Type: max

  Des/Clust/Port     Wire Load Model       Library
  ------------------------------------------------
  DLX                5K_hvratio_1_4        NangateOpenCellLibrary

  Point                                                   Incr       Path
  --------------------------------------------------------------------------
  clock CLK (rise edge)                                 0.0000     0.0000
  clock network delay (ideal)                           0.0500     0.0500
  CP_i_ex_mem_reg_i_WF1_out_reg/CK (DFF_X1)             0.0000     0.0500 r
  CP_i_ex_mem_reg_i_WF1_out_reg/Q (DFF_X1)              0.0987     0.1487 r
  U3818/ZN (AND4_X1)                                    0.0564     0.2052 r
  U2493/ZN (AND3_X1)                                    0.0547     0.2599 r
  U2519/ZN (NAND4_X2)                                   0.0603     0.3202 f
  U932/ZN (AND2_X2)                                     0.0632     0.3834 f
  U1640/Z (BUF_X2)                                      0.0515     0.4350 f
  U3885/ZN (AOI222_X1)                                  0.1034     0.5384 r
  U1246/Z (MUX2_X1)                                     0.0574     0.5958 r
  U3996/ZN (XNOR2_X1)                                   0.0647     0.6605 r
  U1389/Z (BUF_X1)                                      0.0448     0.7053 r
  U2166/ZN (NOR2_X1)                                    0.0256     0.7309 f
  U4002/ZN (OAI211_X1)                                  0.0528     0.7837 r
  U4006/ZN (NAND2_X1)                                   0.0330     0.8167 f
  U4031/ZN (NAND2_X1)                                   0.0349     0.8516 r
  U2044/ZN (NAND3_X1)                                   0.0388     0.8904 f
  U4053/ZN (NAND2_X1)                                   0.0306     0.9210 r
  U2373/ZN (AND3_X1)                                    0.0497     0.9707 r
  U4069/ZN (OAI211_X1)                                  0.0370     1.0077 f
  U4072/ZN (OAI21_X1)                                   0.0608     1.0684 r
  U1638/ZN (OR2_X2)                                     0.0531     1.1216 r
  U2508/ZN (AOI21_X1)                                   0.0405     1.1621 f
  U831/ZN (OR2_X2)                                      0.0574     1.2196 f
  U2401/ZN (OAI21_X1)                                   0.0425     1.2620 r
  U5317/ZN (NAND2_X1)                                   0.0381     1.3001 f
  U2243/ZN (NAND4_X1)                                   0.0404     1.3405 r
  U8673/ZN (OR2_X1)                                     0.0375     1.3780 r
  U8695/ZN (OAI211_X1)                                  0.0448     1.4228 f
  U8816/ZN (OR2_X1)                                     0.0636     1.4864 f
  U10728/ZN (OAI21_X1)                                  0.0390     1.5254 r
  DP_i_execute_i_zero_alu_bit_Y_reg/D (DFF_X2)          0.0109     1.5363 r
  data arrival time                                                1.5363

  clock CLK (rise edge)                                 1.3000     1.3000
  clock network delay (ideal)                           0.0500     1.3500
  clock uncertainty                                    -0.0500     1.3000
  DP_i_execute_i_zero_alu_bit_Y_reg/CK (DFF_X2)         0.0000     1.3000 r
  library setup time                                   -0.0283     1.2717
  data required time                                               1.2717
  --------------------------------------------------------------------------
  data required time                                               1.2717
  data arrival time                                               -1.5363
  --------------------------------------------------------------------------
  slack (VIOLATED)                                                -0.2647


  Startpoint: CP_i_ex_mem_reg_i_WF1_out_reg
              (rising edge-triggered flip-flop clocked by CLK)
  Endpoint: DP_i_execute_i_boothmul_i_tree_i_register_i_2_Y_temp_reg_20_
            (rising edge-triggered flip-flop clocked by CLK)
  Path Group: REG2REG
  Path Type: max

  Des/Clust/Port     Wire Load Model       Library
  ------------------------------------------------
  DLX                5K_hvratio_1_4        NangateOpenCellLibrary

  Point                                                   Incr       Path
  --------------------------------------------------------------------------
  clock CLK (rise edge)                                 0.0000     0.0000
  clock network delay (ideal)                           0.0500     0.0500
  CP_i_ex_mem_reg_i_WF1_out_reg/CK (DFF_X1)             0.0000     0.0500 r
  CP_i_ex_mem_reg_i_WF1_out_reg/Q (DFF_X1)              0.0987     0.1487 r
  U3818/ZN (AND4_X1)                                    0.0564     0.2052 r
  U2493/ZN (AND3_X1)                                    0.0547     0.2599 r
  U2519/ZN (NAND4_X2)                                   0.0603     0.3202 f
  U932/ZN (AND2_X2)                                     0.0632     0.3834 f
  U2503/Z (BUF_X2)                                      0.0499     0.4333 f
  U986/ZN (AOI222_X1)                                   0.1123     0.5456 r
  U1309/Z (MUX2_X1)                                     0.0676     0.6132 r
  U2486/ZN (NAND2_X1)                                   0.0362     0.6494 f
  U1181/ZN (INV_X1)                                     0.0365     0.6859 r
  U2490/Z (MUX2_X1)                                     0.0501     0.7360 r
  U1928/ZN (NAND2_X1)                                   0.0348     0.7707 f
  U6544/ZN (INV_X1)                                     0.0485     0.8192 r
  U7046/ZN (NAND2_X1)                                   0.0336     0.8528 f
  U7047/ZN (AND2_X1)                                    0.0505     0.9033 f
  U7051/S (FA_X1)                                       0.1574     1.0607 r
  U7052/ZN (XNOR2_X1)                                   0.0724     1.1331 r
  U8269/ZN (NAND2_X1)                                   0.0337     1.1668 f
  U8270/ZN (AND2_X1)                                    0.0458     1.2126 f
  U8271/ZN (XNOR2_X1)                                   0.0670     1.2797 f
  U8272/ZN (XNOR2_X1)                                   0.0675     1.3472 f
  U8275/ZN (NAND2_X1)                                   0.0371     1.3843 r
  U8278/ZN (AND2_X1)                                    0.0443     1.4286 r
  U8307/ZN (XNOR2_X1)                                   0.0557     1.4843 r
  U9677/ZN (AND2_X1)                                    0.0421     1.5264 r
  DP_i_execute_i_boothmul_i_tree_i_register_i_2_Y_temp_reg_20_/D (DFF_X1)
                                                        0.0110     1.5373 r
  data arrival time                                                1.5373

  clock CLK (rise edge)                                 1.3000     1.3000
  clock network delay (ideal)                           0.0500     1.3500
  clock uncertainty                                    -0.0500     1.3000
  DP_i_execute_i_boothmul_i_tree_i_register_i_2_Y_temp_reg_20_/CK (DFF_X1)
                                                        0.0000     1.3000 r
  library setup time                                   -0.0265     1.2735
  data required time                                               1.2735
  --------------------------------------------------------------------------
  data required time                                               1.2735
  data arrival time                                               -1.5373
  --------------------------------------------------------------------------
  slack (VIOLATED)                                                -0.2638


  Startpoint: CP_i_ex_mem_reg_i_WF1_out_reg
              (rising edge-triggered flip-flop clocked by CLK)
  Endpoint: DP_i_execute_i_boothmul_i_tree_i_register_i_2_Y_temp_reg_20_
            (rising edge-triggered flip-flop clocked by CLK)
  Path Group: REG2REG
  Path Type: max

  Des/Clust/Port     Wire Load Model       Library
  ------------------------------------------------
  DLX                5K_hvratio_1_4        NangateOpenCellLibrary

  Point                                                   Incr       Path
  --------------------------------------------------------------------------
  clock CLK (rise edge)                                 0.0000     0.0000
  clock network delay (ideal)                           0.0500     0.0500
  CP_i_ex_mem_reg_i_WF1_out_reg/CK (DFF_X1)             0.0000     0.0500 r
  CP_i_ex_mem_reg_i_WF1_out_reg/Q (DFF_X1)              0.0987     0.1487 r
  U3818/ZN (AND4_X1)                                    0.0564     0.2052 r
  U2493/ZN (AND3_X1)                                    0.0547     0.2599 r
  U2519/ZN (NAND4_X2)                                   0.0603     0.3202 f
  U932/ZN (AND2_X2)                                     0.0632     0.3834 f
  U2503/Z (BUF_X2)                                      0.0499     0.4333 f
  U986/ZN (AOI222_X1)                                   0.1123     0.5456 r
  U1309/Z (MUX2_X1)                                     0.0676     0.6132 r
  U2486/ZN (NAND2_X1)                                   0.0362     0.6494 f
  U1181/ZN (INV_X1)                                     0.0365     0.6859 r
  U2490/Z (MUX2_X1)                                     0.0501     0.7360 r
  U1928/ZN (NAND2_X1)                                   0.0348     0.7707 f
  U6544/ZN (INV_X1)                                     0.0485     0.8192 r
  U7046/ZN (NAND2_X1)                                   0.0336     0.8528 f
  U7047/ZN (AND2_X1)                                    0.0505     0.9033 f
  U7051/S (FA_X1)                                       0.1574     1.0607 r
  U7052/ZN (XNOR2_X1)                                   0.0724     1.1331 r
  U8269/ZN (NAND2_X1)                                   0.0337     1.1668 f
  U8270/ZN (AND2_X1)                                    0.0458     1.2126 f
  U8271/ZN (XNOR2_X1)                                   0.0670     1.2797 f
  U8272/ZN (XNOR2_X1)                                   0.0675     1.3472 f
  U8275/ZN (NAND2_X1)                                   0.0371     1.3843 r
  U8278/ZN (AND2_X1)                                    0.0443     1.4286 r
  U8307/ZN (XNOR2_X1)                                   0.0557     1.4843 r
  U9677/ZN (AND2_X1)                                    0.0421     1.5264 r
  DP_i_execute_i_boothmul_i_tree_i_register_i_2_Y_temp_reg_20_/D (DFF_X1)
                                                        0.0110     1.5373 r
  data arrival time                                                1.5373

  clock CLK (rise edge)                                 1.3000     1.3000
  clock network delay (ideal)                           0.0500     1.3500
  clock uncertainty                                    -0.0500     1.3000
  DP_i_execute_i_boothmul_i_tree_i_register_i_2_Y_temp_reg_20_/CK (DFF_X1)
                                                        0.0000     1.3000 r
  library setup time                                   -0.0265     1.2735
  data required time                                               1.2735
  --------------------------------------------------------------------------
  data required time                                               1.2735
  data arrival time                                               -1.5373
  --------------------------------------------------------------------------
  slack (VIOLATED)                                                -0.2638


  Startpoint: CP_i_ex_mem_reg_i_WF1_out_reg
              (rising edge-triggered flip-flop clocked by CLK)
  Endpoint: DP_i_execute_i_boothmul_i_tree_i_register_i_2_Y_temp_reg_31_
            (rising edge-triggered flip-flop clocked by CLK)
  Path Group: REG2REG
  Path Type: max

  Des/Clust/Port     Wire Load Model       Library
  ------------------------------------------------
  DLX                5K_hvratio_1_4        NangateOpenCellLibrary

  Point                                                   Incr       Path
  --------------------------------------------------------------------------
  clock CLK (rise edge)                                 0.0000     0.0000
  clock network delay (ideal)                           0.0500     0.0500
  CP_i_ex_mem_reg_i_WF1_out_reg/CK (DFF_X1)             0.0000     0.0500 r
  CP_i_ex_mem_reg_i_WF1_out_reg/Q (DFF_X1)              0.0987     0.1487 r
  U3818/ZN (AND4_X1)                                    0.0564     0.2052 r
  U2493/ZN (AND3_X1)                                    0.0547     0.2599 r
  U2519/ZN (NAND4_X2)                                   0.0603     0.3202 f
  U932/ZN (AND2_X2)                                     0.0632     0.3834 f
  U2503/Z (BUF_X2)                                      0.0499     0.4333 f
  U3899/ZN (AOI222_X1)                                  0.1107     0.5440 r
  U1573/Z (MUX2_X1)                                     0.0688     0.6129 r
  U4626/ZN (INV_X1)                                     0.0380     0.6509 f
  U1028/ZN (AND2_X2)                                    0.0526     0.7034 f
  U2320/ZN (OAI21_X1)                                   0.0484     0.7518 r
  U950/Z (BUF_X2)                                       0.0646     0.8164 r
  U8523/ZN (OR2_X1)                                     0.0561     0.8724 r
  U8524/ZN (NAND2_X1)                                   0.0358     0.9082 f
  U8525/ZN (XNOR2_X1)                                   0.0614     0.9696 f
  U8526/ZN (XNOR2_X1)                                   0.0803     1.0499 r
  U1639/S (FA_X1)                                       0.1318     1.1817 f
  U8542/ZN (XNOR2_X1)                                   0.0607     1.2424 f
  U8552/ZN (XNOR2_X1)                                   0.0653     1.3077 f
  U8710/ZN (XNOR2_X1)                                   0.0638     1.3715 f
  U8712/ZN (OAI21_X1)                                   0.0532     1.4247 r
  U8713/ZN (XNOR2_X1)                                   0.0600     1.4847 r
  U9712/ZN (AND2_X1)                                    0.0420     1.5267 r
  DP_i_execute_i_boothmul_i_tree_i_register_i_2_Y_temp_reg_31_/D (DFF_X2)
                                                        0.0109     1.5376 r
  data arrival time                                                1.5376

  clock CLK (rise edge)                                 1.3000     1.3000
  clock network delay (ideal)                           0.0500     1.3500
  clock uncertainty                                    -0.0500     1.3000
  DP_i_execute_i_boothmul_i_tree_i_register_i_2_Y_temp_reg_31_/CK (DFF_X2)
                                                        0.0000     1.3000 r
  library setup time                                   -0.0262     1.2738
  data required time                                               1.2738
  --------------------------------------------------------------------------
  data required time                                               1.2738
  data arrival time                                               -1.5376
  --------------------------------------------------------------------------
  slack (VIOLATED)                                                -0.2637


  Startpoint: CP_i_ex_mem_reg_i_WF1_out_reg
              (rising edge-triggered flip-flop clocked by CLK)
  Endpoint: DP_i_execute_i_boothmul_i_tree_i_register_i_2_Y_temp_reg_31_
            (rising edge-triggered flip-flop clocked by CLK)
  Path Group: REG2REG
  Path Type: max

  Des/Clust/Port     Wire Load Model       Library
  ------------------------------------------------
  DLX                5K_hvratio_1_4        NangateOpenCellLibrary

  Point                                                   Incr       Path
  --------------------------------------------------------------------------
  clock CLK (rise edge)                                 0.0000     0.0000
  clock network delay (ideal)                           0.0500     0.0500
  CP_i_ex_mem_reg_i_WF1_out_reg/CK (DFF_X1)             0.0000     0.0500 r
  CP_i_ex_mem_reg_i_WF1_out_reg/Q (DFF_X1)              0.0987     0.1487 r
  U3818/ZN (AND4_X1)                                    0.0564     0.2052 r
  U2493/ZN (AND3_X1)                                    0.0547     0.2599 r
  U2519/ZN (NAND4_X2)                                   0.0603     0.3202 f
  U932/ZN (AND2_X2)                                     0.0632     0.3834 f
  U2503/Z (BUF_X2)                                      0.0499     0.4333 f
  U3899/ZN (AOI222_X1)                                  0.1107     0.5440 r
  U1573/Z (MUX2_X1)                                     0.0688     0.6129 r
  U4626/ZN (INV_X1)                                     0.0380     0.6509 f
  U1028/ZN (AND2_X2)                                    0.0526     0.7034 f
  U2320/ZN (OAI21_X1)                                   0.0484     0.7518 r
  U950/Z (BUF_X2)                                       0.0646     0.8164 r
  U8523/ZN (OR2_X1)                                     0.0561     0.8724 r
  U8524/ZN (NAND2_X1)                                   0.0358     0.9082 f
  U8525/ZN (XNOR2_X1)                                   0.0614     0.9696 f
  U8526/ZN (XNOR2_X1)                                   0.0803     1.0499 r
  U1639/S (FA_X1)                                       0.1318     1.1817 f
  U8542/ZN (XNOR2_X1)                                   0.0607     1.2424 f
  U8552/ZN (XNOR2_X1)                                   0.0653     1.3077 f
  U8710/ZN (XNOR2_X1)                                   0.0638     1.3714 f
  U8712/ZN (OAI21_X1)                                   0.0532     1.4247 r
  U8713/ZN (XNOR2_X1)                                   0.0600     1.4847 r
  U9712/ZN (AND2_X1)                                    0.0420     1.5267 r
  DP_i_execute_i_boothmul_i_tree_i_register_i_2_Y_temp_reg_31_/D (DFF_X2)
                                                        0.0109     1.5376 r
  data arrival time                                                1.5376

  clock CLK (rise edge)                                 1.3000     1.3000
  clock network delay (ideal)                           0.0500     1.3500
  clock uncertainty                                    -0.0500     1.3000
  DP_i_execute_i_boothmul_i_tree_i_register_i_2_Y_temp_reg_31_/CK (DFF_X2)
                                                        0.0000     1.3000 r
  library setup time                                   -0.0262     1.2738
  data required time                                               1.2738
  --------------------------------------------------------------------------
  data required time                                               1.2738
  data arrival time                                               -1.5376
  --------------------------------------------------------------------------
  slack (VIOLATED)                                                -0.2637


  Startpoint: CP_i_ex_mem_reg_i_WF1_out_reg
              (rising edge-triggered flip-flop clocked by CLK)
  Endpoint: DP_i_execute_i_boothmul_i_tree_i_register_i_3_Y_temp_reg_28_
            (rising edge-triggered flip-flop clocked by CLK)
  Path Group: REG2REG
  Path Type: max

  Des/Clust/Port     Wire Load Model       Library
  ------------------------------------------------
  DLX                5K_hvratio_1_4        NangateOpenCellLibrary

  Point                                                   Incr       Path
  --------------------------------------------------------------------------
  clock CLK (rise edge)                                 0.0000     0.0000
  clock network delay (ideal)                           0.0500     0.0500
  CP_i_ex_mem_reg_i_WF1_out_reg/CK (DFF_X1)             0.0000     0.0500 r
  CP_i_ex_mem_reg_i_WF1_out_reg/Q (DFF_X1)              0.0987     0.1487 r
  U3818/ZN (AND4_X1)                                    0.0564     0.2052 r
  U2493/ZN (AND3_X1)                                    0.0547     0.2599 r
  U2519/ZN (NAND4_X2)                                   0.0603     0.3202 f
  U932/ZN (AND2_X2)                                     0.0632     0.3834 f
  U882/Z (BUF_X2)                                       0.0624     0.4458 f
  U2056/ZN (NAND2_X1)                                   0.0502     0.4961 r
  U869/ZN (AND3_X1)                                     0.0666     0.5627 r
  U2147/Z (MUX2_X1)                                     0.0591     0.6218 r
  U1145/ZN (NOR2_X1)                                    0.0257     0.6475 f
  U2070/ZN (OR2_X1)                                     0.0664     0.7139 f
  U4293/Z (MUX2_X1)                                     0.0755     0.7894 f
  U1225/Z (CLKBUF_X1)                                   0.0535     0.8429 f
  U4654/ZN (OAI22_X1)                                   0.0630     0.9059 r
  U2469/ZN (XNOR2_X1)                                   0.0696     0.9755 r
  U2468/ZN (XNOR2_X1)                                   0.0697     1.0452 r
  U4659/ZN (XNOR2_X1)                                   0.0475     1.0927 f
  U4661/CO (FA_X1)                                      0.1073     1.2000 f
  U2407/S (FA_X1)                                       0.1572     1.3572 r
  U2406/ZN (XNOR2_X1)                                   0.0662     1.4234 r
  U8188/ZN (XNOR2_X1)                                   0.0598     1.4831 r
  U10619/ZN (AND2_X1)                                   0.0421     1.5252 r
  DP_i_execute_i_boothmul_i_tree_i_register_i_3_Y_temp_reg_28_/D (DFF_X1)
                                                        0.0110     1.5362 r
  data arrival time                                                1.5362

  clock CLK (rise edge)                                 1.3000     1.3000
  clock network delay (ideal)                           0.0500     1.3500
  clock uncertainty                                    -0.0500     1.3000
  DP_i_execute_i_boothmul_i_tree_i_register_i_3_Y_temp_reg_28_/CK (DFF_X1)
                                                        0.0000     1.3000 r
  library setup time                                   -0.0265     1.2735
  data required time                                               1.2735
  --------------------------------------------------------------------------
  data required time                                               1.2735
  data arrival time                                               -1.5362
  --------------------------------------------------------------------------
  slack (VIOLATED)                                                -0.2626


  Startpoint: CP_i_ex_mem_reg_i_WF1_out_reg
              (rising edge-triggered flip-flop clocked by CLK)
  Endpoint: DP_i_execute_i_boothmul_i_tree_i_register_i_3_Y_temp_reg_28_
            (rising edge-triggered flip-flop clocked by CLK)
  Path Group: REG2REG
  Path Type: max

  Des/Clust/Port     Wire Load Model       Library
  ------------------------------------------------
  DLX                5K_hvratio_1_4        NangateOpenCellLibrary

  Point                                                   Incr       Path
  --------------------------------------------------------------------------
  clock CLK (rise edge)                                 0.0000     0.0000
  clock network delay (ideal)                           0.0500     0.0500
  CP_i_ex_mem_reg_i_WF1_out_reg/CK (DFF_X1)             0.0000     0.0500 r
  CP_i_ex_mem_reg_i_WF1_out_reg/Q (DFF_X1)              0.0987     0.1487 r
  U3818/ZN (AND4_X1)                                    0.0564     0.2052 r
  U2493/ZN (AND3_X1)                                    0.0547     0.2599 r
  U2519/ZN (NAND4_X2)                                   0.0603     0.3202 f
  U932/ZN (AND2_X2)                                     0.0632     0.3834 f
  U882/Z (BUF_X2)                                       0.0624     0.4458 f
  U2056/ZN (NAND2_X1)                                   0.0502     0.4961 r
  U869/ZN (AND3_X1)                                     0.0666     0.5627 r
  U2147/Z (MUX2_X1)                                     0.0591     0.6218 r
  U1145/ZN (NOR2_X1)                                    0.0257     0.6475 f
  U2070/ZN (OR2_X1)                                     0.0664     0.7139 f
  U4293/Z (MUX2_X1)                                     0.0755     0.7894 f
  U1225/Z (CLKBUF_X1)                                   0.0535     0.8429 f
  U4654/ZN (OAI22_X1)                                   0.0630     0.9059 r
  U2469/ZN (XNOR2_X1)                                   0.0696     0.9755 r
  U2468/ZN (XNOR2_X1)                                   0.0697     1.0452 r
  U4659/ZN (XNOR2_X1)                                   0.0475     1.0927 f
  U4661/CO (FA_X1)                                      0.1073     1.2000 f
  U2407/S (FA_X1)                                       0.1572     1.3572 r
  U2406/ZN (XNOR2_X1)                                   0.0662     1.4234 r
  U8188/ZN (XNOR2_X1)                                   0.0598     1.4831 r
  U10619/ZN (AND2_X1)                                   0.0421     1.5252 r
  DP_i_execute_i_boothmul_i_tree_i_register_i_3_Y_temp_reg_28_/D (DFF_X1)
                                                        0.0110     1.5362 r
  data arrival time                                                1.5362

  clock CLK (rise edge)                                 1.3000     1.3000
  clock network delay (ideal)                           0.0500     1.3500
  clock uncertainty                                    -0.0500     1.3000
  DP_i_execute_i_boothmul_i_tree_i_register_i_3_Y_temp_reg_28_/CK (DFF_X1)
                                                        0.0000     1.3000 r
  library setup time                                   -0.0265     1.2735
  data required time                                               1.2735
  --------------------------------------------------------------------------
  data required time                                               1.2735
  data arrival time                                               -1.5362
  --------------------------------------------------------------------------
  slack (VIOLATED)                                                -0.2626


1
