 
****************************************
Report : timing
        -path full
        -delay max
        -nworst 2
        -group REG2REG
        -max_paths 10
Design : DLX
Version: W-2024.09-SP2
Date   : Sun Sep 27 11:38:25 2026
****************************************

Operating Conditions: typical   Library: NangateOpenCellLibrary
Wire Load Model Mode: top

  Startpoint: CP_i_ex_mem_reg_i_WF1_out_reg
              (rising edge-triggered flip-flop clocked by CLK)
  Endpoint: DP_i_execute_i_zero_alu_bit_Y_reg
            (rising edge-triggered flip-flop clocked by CLK)
  Path Group: REG2REG
  Path Type: max

  Des/Clust/Port     Wire Load Model       Library
  ------------------------------------------------
  DLX                5K_hvratio_1_4        NangateOpenCellLibrary

  Point                                                   Incr       Path
  --------------------------------------------------------------------------
  clock CLK (rise edge)                                 0.0000     0.0000
  clock network delay (ideal)                           0.0500     0.0500
  CP_i_ex_mem_reg_i_WF1_out_reg/CK (DFF_X1)             0.0000     0.0500 r
  CP_i_ex_mem_reg_i_WF1_out_reg/Q (DFF_X1)              0.1014     0.1514 r
  U1492/ZN (AND4_X1)                                    0.0583     0.2097 r
  U2369/ZN (AND2_X1)                                    0.0466     0.2563 r
  U2822/ZN (NAND4_X1)                                   0.0481     0.3044 f
  U1362/ZN (AND2_X2)                                    0.0613     0.3657 f
  U4327/ZN (AOI222_X1)                                  0.1246     0.4904 r
  U2354/Z (MUX2_X1)                                     0.0702     0.5606 r
  U3217/ZN (XNOR2_X1)                                   0.0632     0.6238 r
  U2770/ZN (XNOR2_X1)                                   0.0632     0.6869 r
  U1665/ZN (XNOR2_X1)                                   0.0628     0.7498 r
  U1661/ZN (AND2_X1)                                    0.0464     0.7961 r
  U4358/ZN (OAI21_X1)                                   0.0285     0.8246 f
  U2328/ZN (OAI211_X1)                                  0.0542     0.8788 r
  U2296/ZN (OR2_X1)                                     0.0483     0.9271 r
  U1264/ZN (NAND3_X1)                                   0.0370     0.9641 f
  U3287/ZN (NAND2_X1)                                   0.0359     1.0000 r
  U3289/ZN (NAND2_X1)                                   0.0363     1.0363 f
  U2442/ZN (OAI21_X1)                                   0.0493     1.0856 r
  U3286/ZN (NAND2_X1)                                   0.0366     1.1222 f
  U3285/ZN (XNOR2_X1)                                   0.0604     1.1826 f
  U2779/ZN (AND2_X1)                                    0.0425     1.2252 f
  U893/ZN (AND3_X2)                                     0.0478     1.2729 f
  U1954/ZN (XNOR2_X1)                                   0.0592     1.3321 f
  U3225/ZN (NAND2_X1)                                   0.0310     1.3632 r
  U1885/ZN (AND4_X1)                                    0.0614     1.4246 r
  U1907/ZN (NAND2_X1)                                   0.0283     1.4528 f
  U9295/ZN (OAI21_X1)                                   0.0384     1.4913 r
  DP_i_execute_i_zero_alu_bit_Y_reg/D (DFF_X2)          0.0109     1.5021 r
  data arrival time                                                1.5021

  clock CLK (rise edge)                                 1.5000     1.5000
  clock network delay (ideal)                           0.0500     1.5500
  clock uncertainty                                    -0.0500     1.5000
  DP_i_execute_i_zero_alu_bit_Y_reg/CK (DFF_X2)         0.0000     1.5000 r
  library setup time                                   -0.0283     1.4717
  data required time                                               1.4717
  --------------------------------------------------------------------------
  data required time                                               1.4717
  data arrival time                                               -1.5021
  --------------------------------------------------------------------------
  slack (VIOLATED)                                                -0.0305


  Startpoint: CP_i_ex_mem_reg_i_WF1_out_reg
              (rising edge-triggered flip-flop clocked by CLK)
  Endpoint: DP_i_execute_i_zero_alu_bit_Y_reg
            (rising edge-triggered flip-flop clocked by CLK)
  Path Group: REG2REG
  Path Type: max

  Des/Clust/Port     Wire Load Model       Library
  ------------------------------------------------
  DLX                5K_hvratio_1_4        NangateOpenCellLibrary

  Point                                                   Incr       Path
  --------------------------------------------------------------------------
  clock CLK (rise edge)                                 0.0000     0.0000
  clock network delay (ideal)                           0.0500     0.0500
  CP_i_ex_mem_reg_i_WF1_out_reg/CK (DFF_X1)             0.0000     0.0500 r
  CP_i_ex_mem_reg_i_WF1_out_reg/Q (DFF_X1)              0.1014     0.1514 r
  U1492/ZN (AND4_X1)                                    0.0583     0.2097 r
  U2369/ZN (AND2_X1)                                    0.0466     0.2563 r
  U2822/ZN (NAND4_X1)                                   0.0481     0.3044 f
  U1362/ZN (AND2_X2)                                    0.0613     0.3657 f
  U4327/ZN (AOI222_X1)                                  0.1246     0.4904 r
  U2354/Z (MUX2_X1)                                     0.0702     0.5606 r
  U3217/ZN (XNOR2_X1)                                   0.0632     0.6238 r
  U2770/ZN (XNOR2_X1)                                   0.0632     0.6869 r
  U1665/ZN (XNOR2_X1)                                   0.0628     0.7497 r
  U1661/ZN (AND2_X1)                                    0.0464     0.7961 r
  U4358/ZN (OAI21_X1)                                   0.0285     0.8246 f
  U2328/ZN (OAI211_X1)                                  0.0542     0.8788 r
  U2296/ZN (OR2_X1)                                     0.0483     0.9271 r
  U1264/ZN (NAND3_X1)                                   0.0370     0.9641 f
  U3287/ZN (NAND2_X1)                                   0.0359     1.0000 r
  U3289/ZN (NAND2_X1)                                   0.0363     1.0363 f
  U2442/ZN (OAI21_X1)                                   0.0493     1.0856 r
  U3286/ZN (NAND2_X1)                                   0.0366     1.1222 f
  U3285/ZN (XNOR2_X1)                                   0.0604     1.1826 f
  U2779/ZN (AND2_X1)                                    0.0425     1.2251 f
  U893/ZN (AND3_X2)                                     0.0478     1.2729 f
  U1954/ZN (XNOR2_X1)                                   0.0592     1.3321 f
  U3225/ZN (NAND2_X1)                                   0.0310     1.3632 r
  U1885/ZN (AND4_X1)                                    0.0614     1.4246 r
  U1907/ZN (NAND2_X1)                                   0.0283     1.4528 f
  U9295/ZN (OAI21_X1)                                   0.0384     1.4913 r
  DP_i_execute_i_zero_alu_bit_Y_reg/D (DFF_X2)          0.0109     1.5021 r
  data arrival time                                                1.5021

  clock CLK (rise edge)                                 1.5000     1.5000
  clock network delay (ideal)                           0.0500     1.5500
  clock uncertainty                                    -0.0500     1.5000
  DP_i_execute_i_zero_alu_bit_Y_reg/CK (DFF_X2)         0.0000     1.5000 r
  library setup time                                   -0.0283     1.4717
  data required time                                               1.4717
  --------------------------------------------------------------------------
  data required time                                               1.4717
  data arrival time                                               -1.5021
  --------------------------------------------------------------------------
  slack (VIOLATED)                                                -0.0304


  Startpoint: DP_i_mem_access_i_rd_out_reg_i_Y_reg_0_
              (rising edge-triggered flip-flop clocked by CLK)
  Endpoint: DP_i_execute_i_boothmul_i_tree_i_register_i_2_Y_temp_reg_23_
            (rising edge-triggered flip-flop clocked by CLK)
  Path Group: REG2REG
  Path Type: max

  Des/Clust/Port     Wire Load Model       Library
  ------------------------------------------------
  DLX                5K_hvratio_1_4        NangateOpenCellLibrary

  Point                                                   Incr       Path
  --------------------------------------------------------------------------
  clock CLK (rise edge)                                 0.0000     0.0000
  clock network delay (ideal)                           0.0500     0.0500
  DP_i_mem_access_i_rd_out_reg_i_Y_reg_0_/CK (DFF_X1)   0.0000     0.0500 r
  DP_i_mem_access_i_rd_out_reg_i_Y_reg_0_/QN (DFF_X1)   0.0806     0.1306 r
  U3041/ZN (XNOR2_X1)                                   0.0597     0.1903 r
  U1806/ZN (AND3_X1)                                    0.0585     0.2488 r
  U1513/ZN (AND4_X2)                                    0.0696     0.3184 r
  U1362/ZN (AND2_X2)                                    0.0697     0.3881 r
  U4089/ZN (AOI222_X1)                                  0.0626     0.4507 f
  U1311/Z (MUX2_X1)                                     0.0796     0.5303 f
  U1042/ZN (OR3_X1)                                     0.0795     0.6099 f
  U1963/ZN (AND2_X1)                                    0.0455     0.6553 f
  U5386/ZN (NOR2_X1)                                    0.0481     0.7035 r
  U1071/ZN (OR2_X1)                                     0.0409     0.7444 r
  U861/Z (CLKBUF_X3)                                    0.0591     0.8035 r
  U7005/ZN (NAND2_X1)                                   0.0477     0.8512 f
  U7007/ZN (NAND2_X1)                                   0.0379     0.8891 r
  U1604/ZN (XNOR2_X1)                                   0.0635     0.9526 r
  U1602/Z (XOR2_X1)                                     0.0883     1.0410 r
  U9036/ZN (XNOR2_X1)                                   0.0710     1.1119 r
  U9037/ZN (NAND2_X1)                                   0.0326     1.1445 f
  U9039/ZN (NAND2_X1)                                   0.0298     1.1743 r
  U9040/ZN (OAI21_X1)                                   0.0384     1.2128 f
  U9155/CO (FA_X1)                                      0.1073     1.3201 f
  U9156/S (FA_X1)                                       0.1326     1.4527 r
  DP_i_U1987/ZN (AND2_X1)                               0.0395     1.4921 r
  DP_i_execute_i_boothmul_i_tree_i_register_i_2_Y_temp_reg_23_/D (DFF_X1)
                                                        0.0110     1.5031 r
  data arrival time                                                1.5031

  clock CLK (rise edge)                                 1.5000     1.5000
  clock network delay (ideal)                           0.0500     1.5500
  clock uncertainty                                    -0.0500     1.5000
  DP_i_execute_i_boothmul_i_tree_i_register_i_2_Y_temp_reg_23_/CK (DFF_X1)
                                                        0.0000     1.5000 r
  library setup time                                   -0.0265     1.4735
  data required time                                               1.4735
  --------------------------------------------------------------------------
  data required time                                               1.4735
  data arrival time                                               -1.5031
  --------------------------------------------------------------------------
  slack (VIOLATED)                                                -0.0296


  Startpoint: DP_i_mem_access_i_rd_out_reg_i_Y_reg_0_
              (rising edge-triggered flip-flop clocked by CLK)
  Endpoint: DP_i_execute_i_boothmul_i_tree_i_register_i_2_Y_temp_reg_23_
            (rising edge-triggered flip-flop clocked by CLK)
  Path Group: REG2REG
  Path Type: max

  Des/Clust/Port     Wire Load Model       Library
  ------------------------------------------------
  DLX                5K_hvratio_1_4        NangateOpenCellLibrary

  Point                                                   Incr       Path
  --------------------------------------------------------------------------
  clock CLK (rise edge)                                 0.0000     0.0000
  clock network delay (ideal)                           0.0500     0.0500
  DP_i_mem_access_i_rd_out_reg_i_Y_reg_0_/CK (DFF_X1)   0.0000     0.0500 r
  DP_i_mem_access_i_rd_out_reg_i_Y_reg_0_/QN (DFF_X1)   0.0806     0.1306 r
  U3041/ZN (XNOR2_X1)                                   0.0597     0.1903 r
  U1806/ZN (AND3_X1)                                    0.0585     0.2488 r
  U1513/ZN (AND4_X2)                                    0.0696     0.3184 r
  U1362/ZN (AND2_X2)                                    0.0697     0.3881 r
  U4089/ZN (AOI222_X1)                                  0.0626     0.4507 f
  U1311/Z (MUX2_X1)                                     0.0796     0.5303 f
  U1042/ZN (OR3_X1)                                     0.0795     0.6099 f
  U1963/ZN (AND2_X1)                                    0.0455     0.6553 f
  U5386/ZN (NOR2_X1)                                    0.0481     0.7035 r
  U1071/ZN (OR2_X1)                                     0.0409     0.7444 r
  U861/Z (CLKBUF_X3)                                    0.0591     0.8035 r
  U7005/ZN (NAND2_X1)                                   0.0477     0.8512 f
  U7007/ZN (NAND2_X1)                                   0.0379     0.8891 r
  U1604/ZN (XNOR2_X1)                                   0.0635     0.9526 r
  U1602/Z (XOR2_X1)                                     0.0883     1.0410 r
  U9036/ZN (XNOR2_X1)                                   0.0710     1.1119 r
  U9037/ZN (NAND2_X1)                                   0.0326     1.1445 f
  U9039/ZN (NAND2_X1)                                   0.0298     1.1743 r
  U9040/ZN (OAI21_X1)                                   0.0384     1.2128 f
  U9155/CO (FA_X1)                                      0.1073     1.3201 f
  U9156/S (FA_X1)                                       0.1326     1.4527 r
  DP_i_U1987/ZN (AND2_X1)                               0.0395     1.4921 r
  DP_i_execute_i_boothmul_i_tree_i_register_i_2_Y_temp_reg_23_/D (DFF_X1)
                                                        0.0110     1.5031 r
  data arrival time                                                1.5031

  clock CLK (rise edge)                                 1.5000     1.5000
  clock network delay (ideal)                           0.0500     1.5500
  clock uncertainty                                    -0.0500     1.5000
  DP_i_execute_i_boothmul_i_tree_i_register_i_2_Y_temp_reg_23_/CK (DFF_X1)
                                                        0.0000     1.5000 r
  library setup time                                   -0.0265     1.4735
  data required time                                               1.4735
  --------------------------------------------------------------------------
  data required time                                               1.4735
  data arrival time                                               -1.5031
  --------------------------------------------------------------------------
  slack (VIOLATED)                                                -0.0296


  Startpoint: DP_i_execute_i_rd_out_reg_i_Y_reg_4_
              (rising edge-triggered flip-flop clocked by CLK)
  Endpoint: DP_i_execute_i_boothmul_i_tree_i_register_i_2_Y_temp_reg_30_
            (rising edge-triggered flip-flop clocked by CLK)
  Path Group: REG2REG
  Path Type: max

  Des/Clust/Port     Wire Load Model       Library
  ------------------------------------------------
  DLX                5K_hvratio_1_4        NangateOpenCellLibrary

  Point                                                   Incr       Path
  --------------------------------------------------------------------------
  clock CLK (rise edge)                                 0.0000     0.0000
  clock network delay (ideal)                           0.0500     0.0500
  DP_i_execute_i_rd_out_reg_i_Y_reg_4_/CK (DFF_X1)      0.0000     0.0500 r
  DP_i_execute_i_rd_out_reg_i_Y_reg_4_/QN (DFF_X1)      0.0879     0.1379 r
  U2357/ZN (XNOR2_X1)                                   0.0685     0.2064 r
  U899/ZN (AND2_X2)                                     0.0548     0.2612 r
  U1411/ZN (AND4_X2)                                    0.0707     0.3319 r
  U1060/Z (BUF_X2)                                      0.0571     0.3890 r
  U1818/Z (BUF_X1)                                      0.0665     0.4555 r
  U3035/ZN (NAND2_X1)                                   0.0417     0.4973 f
  U3214/ZN (NAND4_X1)                                   0.0409     0.5381 r
  U1563/ZN (AND2_X1)                                    0.0530     0.5911 r
  U2550/ZN (INV_X1)                                     0.0280     0.6191 f
  U5396/ZN (AND2_X1)                                    0.0391     0.6583 f
  U961/ZN (OR2_X1)                                      0.0593     0.7176 f
  U2875/ZN (NAND2_X1)                                   0.0314     0.7489 r
  U5397/ZN (OAI21_X1)                                   0.0350     0.7839 f
  U1482/ZN (XNOR2_X1)                                   0.0581     0.8420 f
  U1109/ZN (XNOR2_X1)                                   0.0658     0.9078 r
  U5398/ZN (XNOR2_X1)                                   0.0748     0.9826 r
  U1358/ZN (NAND2_X1)                                   0.0400     1.0226 f
  U1360/ZN (NAND3_X1)                                   0.0382     1.0608 r
  U8430/ZN (XNOR2_X1)                                   0.0603     1.1211 r
  U8431/ZN (XNOR2_X1)                                   0.0661     1.1872 r
  U8432/ZN (XNOR2_X1)                                   0.0693     1.2565 r
  U8433/ZN (XNOR2_X1)                                   0.0683     1.3248 r
  U8436/ZN (NAND2_X1)                                   0.0365     1.3614 f
  U3267/ZN (AND2_X1)                                    0.0418     1.4032 f
  U3268/ZN (XNOR2_X1)                                   0.0535     1.4567 f
  U9706/ZN (AND2_X1)                                    0.0383     1.4950 f
  DP_i_execute_i_boothmul_i_tree_i_register_i_2_Y_temp_reg_30_/D (DFF_X1)
                                                        0.0104     1.5054 f
  data arrival time                                                1.5054

  clock CLK (rise edge)                                 1.5000     1.5000
  clock network delay (ideal)                           0.0500     1.5500
  clock uncertainty                                    -0.0500     1.5000
  DP_i_execute_i_boothmul_i_tree_i_register_i_2_Y_temp_reg_30_/CK (DFF_X1)
                                                        0.0000     1.5000 r
  library setup time                                   -0.0239     1.4761
  data required time                                               1.4761
  --------------------------------------------------------------------------
  data required time                                               1.4761
  data arrival time                                               -1.5054
  --------------------------------------------------------------------------
  slack (VIOLATED)                                                -0.0293


  Startpoint: DP_i_execute_i_rd_out_reg_i_Y_reg_1_
              (rising edge-triggered flip-flop clocked by CLK)
  Endpoint: DP_i_execute_i_boothmul_i_tree_i_register_i_2_Y_temp_reg_30_
            (rising edge-triggered flip-flop clocked by CLK)
  Path Group: REG2REG
  Path Type: max

  Des/Clust/Port     Wire Load Model       Library
  ------------------------------------------------
  DLX                5K_hvratio_1_4        NangateOpenCellLibrary

  Point                                                   Incr       Path
  --------------------------------------------------------------------------
  clock CLK (rise edge)                                 0.0000     0.0000
  clock network delay (ideal)                           0.0500     0.0500
  DP_i_execute_i_rd_out_reg_i_Y_reg_1_/CK (DFF_X1)      0.0000     0.0500 r
  DP_i_execute_i_rd_out_reg_i_Y_reg_1_/Q (DFF_X1)       0.1139     0.1639 r
  U3986/ZN (XNOR2_X1)                                   0.0692     0.2331 r
  U1917/ZN (AND4_X1)                                    0.0737     0.3068 r
  U2801/ZN (NAND2_X1)                                   0.0435     0.3502 f
  U1369/ZN (NAND2_X2)                                   0.0716     0.4218 r
  U4024/ZN (OR2_X1)                                     0.0552     0.4770 r
  U842/ZN (AND3_X1)                                     0.0860     0.5629 r
  U1985/ZN (AND2_X2)                                    0.1134     0.6763 r
  U1166/ZN (INV_X1)                                     0.0842     0.7605 f
  U5490/ZN (OR2_X1)                                     0.0747     0.8352 f
  U1845/ZN (NAND2_X1)                                   0.0328     0.8680 r
  U5491/ZN (XNOR2_X1)                                   0.0365     0.9045 f
  U1333/ZN (OR2_X1)                                     0.0632     0.9677 f
  U1692/ZN (NAND3_X1)                                   0.0313     0.9990 r
  U1976/ZN (AND2_X1)                                    0.0549     1.0539 r
  U8428/ZN (XNOR2_X1)                                   0.0695     1.1234 r
  U8429/ZN (XNOR2_X1)                                   0.0640     1.1874 r
  U8432/ZN (XNOR2_X1)                                   0.0691     1.2565 r
  U8433/ZN (XNOR2_X1)                                   0.0683     1.3247 r
  U8436/ZN (NAND2_X1)                                   0.0365     1.3613 f
  U3267/ZN (AND2_X1)                                    0.0418     1.4031 f
  U3268/ZN (XNOR2_X1)                                   0.0535     1.4566 f
  U9706/ZN (AND2_X1)                                    0.0383     1.4949 f
  DP_i_execute_i_boothmul_i_tree_i_register_i_2_Y_temp_reg_30_/D (DFF_X1)
                                                        0.0104     1.5053 f
  data arrival time                                                1.5053

  clock CLK (rise edge)                                 1.5000     1.5000
  clock network delay (ideal)                           0.0500     1.5500
  clock uncertainty                                    -0.0500     1.5000
  DP_i_execute_i_boothmul_i_tree_i_register_i_2_Y_temp_reg_30_/CK (DFF_X1)
                                                        0.0000     1.5000 r
  library setup time                                   -0.0239     1.4761
  data required time                                               1.4761
  --------------------------------------------------------------------------
  data required time                                               1.4761
  data arrival time                                               -1.5053
  --------------------------------------------------------------------------
  slack (VIOLATED)                                                -0.0292


  Startpoint: DP_i_execute_i_rd_out_reg_i_Y_reg_1_
              (rising edge-triggered flip-flop clocked by CLK)
  Endpoint: DP_i_execute_i_boothmul_i_tree_i_register_i_0_Y_temp_reg_21_
            (rising edge-triggered flip-flop clocked by CLK)
  Path Group: REG2REG
  Path Type: max

  Des/Clust/Port     Wire Load Model       Library
  ------------------------------------------------
  DLX                5K_hvratio_1_4        NangateOpenCellLibrary

  Point                                                   Incr       Path
  --------------------------------------------------------------------------
  clock CLK (rise edge)                                 0.0000     0.0000
  clock network delay (ideal)                           0.0500     0.0500
  DP_i_execute_i_rd_out_reg_i_Y_reg_1_/CK (DFF_X1)      0.0000     0.0500 r
  DP_i_execute_i_rd_out_reg_i_Y_reg_1_/Q (DFF_X1)       0.1139     0.1639 r
  U3986/ZN (XNOR2_X1)                                   0.0692     0.2331 r
  U1917/ZN (AND4_X1)                                    0.0737     0.3068 r
  U1370/ZN (NAND2_X1)                                   0.0405     0.3473 f
  U3997/ZN (NAND2_X1)                                   0.0386     0.3858 r
  U4010/Z (BUF_X2)                                      0.0677     0.4536 r
  U4086/ZN (OR2_X1)                                     0.0580     0.5115 r
  U2226/ZN (OAI211_X1)                                  0.0692     0.5807 f
  U1034/ZN (OR2_X1)                                     0.0982     0.6789 f
  U1450/ZN (INV_X1)                                     0.0652     0.7441 r
  U7050/ZN (NAND2_X1)                                   0.0370     0.7811 f
  U1123/ZN (AND2_X1)                                    0.0458     0.8268 f
  U1241/ZN (XNOR2_X1)                                   0.0592     0.8860 f
  U1240/ZN (XNOR2_X1)                                   0.0643     0.9503 r
  U7051/ZN (XNOR2_X1)                                   0.0696     1.0199 r
  U7053/ZN (NAND2_X1)                                   0.0344     1.0544 f
  U1468/ZN (AND2_X1)                                    0.0423     1.0966 f
  U3302/S (FA_X1)                                       0.1400     1.2366 r
  U7059/ZN (XNOR2_X1)                                   0.0624     1.2990 r
  U7060/ZN (NOR2_X1)                                    0.0260     1.3250 f
  U1838/ZN (OAI21_X1)                                   0.0569     1.3819 r
  U9170/ZN (NOR2_X1)                                    0.0280     1.4099 f
  DP_i_U2395/ZN (AOI211_X1)                             0.0753     1.4851 r
  DP_i_execute_i_boothmul_i_tree_i_register_i_0_Y_temp_reg_21_/D (DFF_X1)
                                                        0.0110     1.4961 r
  data arrival time                                                1.4961

  clock CLK (rise edge)                                 1.5000     1.5000
  clock network delay (ideal)                           0.0500     1.5500
  clock uncertainty                                    -0.0500     1.5000
  DP_i_execute_i_boothmul_i_tree_i_register_i_0_Y_temp_reg_21_/CK (DFF_X1)
                                                        0.0000     1.5000 r
  library setup time                                   -0.0328     1.4672
  data required time                                               1.4672
  --------------------------------------------------------------------------
  data required time                                               1.4672
  data arrival time                                               -1.4961
  --------------------------------------------------------------------------
  slack (VIOLATED)                                                -0.0289


  Startpoint: DP_i_execute_i_rd_out_reg_i_Y_reg_4_
              (rising edge-triggered flip-flop clocked by CLK)
  Endpoint: DP_i_execute_i_boothmul_i_tree_i_register_i_3_Y_temp_reg_25_
            (rising edge-triggered flip-flop clocked by CLK)
  Path Group: REG2REG
  Path Type: max

  Des/Clust/Port     Wire Load Model       Library
  ------------------------------------------------
  DLX                5K_hvratio_1_4        NangateOpenCellLibrary

  Point                                                   Incr       Path
  --------------------------------------------------------------------------
  clock CLK (rise edge)                                 0.0000     0.0000
  clock network delay (ideal)                           0.0500     0.0500
  DP_i_execute_i_rd_out_reg_i_Y_reg_4_/CK (DFF_X1)      0.0000     0.0500 r
  DP_i_execute_i_rd_out_reg_i_Y_reg_4_/QN (DFF_X1)      0.0879     0.1379 r
  U2357/ZN (XNOR2_X1)                                   0.0685     0.2064 r
  U899/ZN (AND2_X2)                                     0.0548     0.2612 r
  U1411/ZN (AND4_X2)                                    0.0707     0.3319 r
  U1710/Z (BUF_X2)                                      0.0547     0.3866 r
  U1057/Z (BUF_X2)                                      0.0658     0.4524 r
  U3033/ZN (NAND2_X1)                                   0.0511     0.5035 f
  U2232/ZN (OAI21_X1)                                   0.0503     0.5539 r
  U1920/ZN (OAI21_X1)                                   0.0447     0.5986 f
  U1079/ZN (OR2_X1)                                     0.0734     0.6720 f
  U5361/ZN (INV_X1)                                     0.0424     0.7144 r
  U1738/Z (MUX2_X1)                                     0.0763     0.7907 r
  U6805/ZN (NAND2_X1)                                   0.0406     0.8313 f
  U1568/ZN (NAND2_X1)                                   0.0319     0.8632 r
  U1561/ZN (XNOR2_X1)                                   0.0595     0.9227 r
  U1056/ZN (XNOR2_X1)                                   0.0697     0.9923 r
  U9018/ZN (XNOR2_X1)                                   0.0721     1.0644 r
  U9021/ZN (OAI22_X1)                                   0.0410     1.1055 f
  U1712/ZN (NOR2_X1)                                    0.0504     1.1558 r
  U1214/ZN (NOR2_X1)                                    0.0335     1.1893 f
  U9082/S (FA_X1)                                       0.1449     1.3342 r
  U2094/ZN (OR2_X1)                                     0.0337     1.3679 r
  U2827/ZN (NAND2_X1)                                   0.0298     1.3977 f
  U2826/ZN (XNOR2_X1)                                   0.0554     1.4532 f
  U3265/ZN (NOR2_X1)                                    0.0367     1.4899 r
  DP_i_execute_i_boothmul_i_tree_i_register_i_3_Y_temp_reg_25_/D (DFF_X1)
                                                        0.0110     1.5009 r
  data arrival time                                                1.5009

  clock CLK (rise edge)                                 1.5000     1.5000
  clock network delay (ideal)                           0.0500     1.5500
  clock uncertainty                                    -0.0500     1.5000
  DP_i_execute_i_boothmul_i_tree_i_register_i_3_Y_temp_reg_25_/CK (DFF_X1)
                                                        0.0000     1.5000 r
  library setup time                                   -0.0280     1.4720
  data required time                                               1.4720
  --------------------------------------------------------------------------
  data required time                                               1.4720
  data arrival time                                               -1.5009
  --------------------------------------------------------------------------
  slack (VIOLATED)                                                -0.0289


  Startpoint: DP_i_execute_i_rd_out_reg_i_Y_reg_4_
              (rising edge-triggered flip-flop clocked by CLK)
  Endpoint: DP_i_execute_i_boothmul_i_tree_i_register_i_3_Y_temp_reg_25_
            (rising edge-triggered flip-flop clocked by CLK)
  Path Group: REG2REG
  Path Type: max

  Des/Clust/Port     Wire Load Model       Library
  ------------------------------------------------
  DLX                5K_hvratio_1_4        NangateOpenCellLibrary

  Point                                                   Incr       Path
  --------------------------------------------------------------------------
  clock CLK (rise edge)                                 0.0000     0.0000
  clock network delay (ideal)                           0.0500     0.0500
  DP_i_execute_i_rd_out_reg_i_Y_reg_4_/CK (DFF_X1)      0.0000     0.0500 r
  DP_i_execute_i_rd_out_reg_i_Y_reg_4_/QN (DFF_X1)      0.0879     0.1379 r
  U2357/ZN (XNOR2_X1)                                   0.0685     0.2064 r
  U899/ZN (AND2_X2)                                     0.0548     0.2612 r
  U1411/ZN (AND4_X2)                                    0.0707     0.3319 r
  U1710/Z (BUF_X2)                                      0.0547     0.3866 r
  U1057/Z (BUF_X2)                                      0.0658     0.4524 r
  U3033/ZN (NAND2_X1)                                   0.0511     0.5035 f
  U2232/ZN (OAI21_X1)                                   0.0503     0.5539 r
  U1920/ZN (OAI21_X1)                                   0.0447     0.5986 f
  U1079/ZN (OR2_X1)                                     0.0734     0.6720 f
  U5361/ZN (INV_X1)                                     0.0424     0.7144 r
  U1738/Z (MUX2_X1)                                     0.0763     0.7907 r
  U6805/ZN (NAND2_X1)                                   0.0406     0.8313 f
  U1568/ZN (NAND2_X1)                                   0.0319     0.8632 r
  U1561/ZN (XNOR2_X1)                                   0.0595     0.9227 r
  U1056/ZN (XNOR2_X1)                                   0.0697     0.9923 r
  U9018/ZN (XNOR2_X1)                                   0.0721     1.0644 r
  U9021/ZN (OAI22_X1)                                   0.0410     1.1055 f
  U1712/ZN (NOR2_X1)                                    0.0504     1.1558 r
  U1214/ZN (NOR2_X1)                                    0.0335     1.1893 f
  U9082/S (FA_X1)                                       0.1449     1.3342 r
  U2094/ZN (OR2_X1)                                     0.0337     1.3679 r
  U2827/ZN (NAND2_X1)                                   0.0298     1.3977 f
  U2826/ZN (XNOR2_X1)                                   0.0554     1.4532 f
  U3265/ZN (NOR2_X1)                                    0.0367     1.4899 r
  DP_i_execute_i_boothmul_i_tree_i_register_i_3_Y_temp_reg_25_/D (DFF_X1)
                                                        0.0110     1.5009 r
  data arrival time                                                1.5009

  clock CLK (rise edge)                                 1.5000     1.5000
  clock network delay (ideal)                           0.0500     1.5500
  clock uncertainty                                    -0.0500     1.5000
  DP_i_execute_i_boothmul_i_tree_i_register_i_3_Y_temp_reg_25_/CK (DFF_X1)
                                                        0.0000     1.5000 r
  library setup time                                   -0.0280     1.4720
  data required time                                               1.4720
  --------------------------------------------------------------------------
  data required time                                               1.4720
  data arrival time                                               -1.5009
  --------------------------------------------------------------------------
  slack (VIOLATED)                                                -0.0289


  Startpoint: CP_i_ex_mem_reg_i_WF1_out_reg
              (rising edge-triggered flip-flop clocked by CLK)
  Endpoint: DP_i_execute_i_boothmul_i_tree_i_register_i_3_Y_temp_reg_23_
            (rising edge-triggered flip-flop clocked by CLK)
  Path Group: REG2REG
  Path Type: max

  Des/Clust/Port     Wire Load Model       Library
  ------------------------------------------------
  DLX                5K_hvratio_1_4        NangateOpenCellLibrary

  Point                                                   Incr       Path
  --------------------------------------------------------------------------
  clock CLK (rise edge)                                 0.0000     0.0000
  clock network delay (ideal)                           0.0500     0.0500
  CP_i_ex_mem_reg_i_WF1_out_reg/CK (DFF_X1)             0.0000     0.0500 r
  CP_i_ex_mem_reg_i_WF1_out_reg/Q (DFF_X1)              0.1014     0.1514 r
  U1492/ZN (AND4_X1)                                    0.0583     0.2097 r
  U2369/ZN (AND2_X1)                                    0.0466     0.2563 r
  U2822/ZN (NAND4_X1)                                   0.0481     0.3044 f
  U1362/ZN (AND2_X2)                                    0.0613     0.3657 f
  U1778/Z (BUF_X1)                                      0.0573     0.4230 f
  U4088/ZN (AOI222_X1)                                  0.1111     0.5341 r
  U1051/Z (MUX2_X1)                                     0.0822     0.6163 r
  U1079/ZN (OR2_X1)                                     0.0590     0.6753 r
  U1826/ZN (AND2_X1)                                    0.0605     0.7357 r
  U1825/ZN (XNOR2_X1)                                   0.0859     0.8217 r
  U1585/ZN (XNOR2_X1)                                   0.0957     0.9173 r
  U1490/Z (BUF_X1)                                      0.0728     0.9901 r
  U2308/ZN (XNOR2_X1)                                   0.0821     1.0722 r
  U2304/ZN (NAND2_X1)                                   0.0353     1.1075 f
  U3237/ZN (NAND2_X1)                                   0.0305     1.1380 r
  U2306/ZN (NAND2_X1)                                   0.0335     1.1716 f
  U9089/S (FA_X1)                                       0.1561     1.3277 r
  U2309/Z (MUX2_X1)                                     0.0857     1.4134 f
  DP_i_U2302/ZN (OAI21_X1)                              0.0497     1.4631 r
  DP_i_U2303/ZN (AOI21_X1)                              0.0298     1.4929 f
  DP_i_execute_i_boothmul_i_tree_i_register_i_3_Y_temp_reg_23_/D (DFF_X1)
                                                        0.0104     1.5033 f
  data arrival time                                                1.5033

  clock CLK (rise edge)                                 1.5000     1.5000
  clock network delay (ideal)                           0.0500     1.5500
  clock uncertainty                                    -0.0500     1.5000
  DP_i_execute_i_boothmul_i_tree_i_register_i_3_Y_temp_reg_23_/CK (DFF_X1)
                                                        0.0000     1.5000 r
  library setup time                                   -0.0252     1.4748
  data required time                                               1.4748
  --------------------------------------------------------------------------
  data required time                                               1.4748
  data arrival time                                               -1.5033
  --------------------------------------------------------------------------
  slack (VIOLATED)                                                -0.0285


1
