 
****************************************
Report : timing
        -path full
        -delay max
        -nworst 2
        -group REG2REG
        -max_paths 10
Design : DLX
Version: W-2024.09-SP2
Date   : Sun Sep 27 11:46:40 2026
****************************************

Operating Conditions: typical   Library: NangateOpenCellLibrary
Wire Load Model Mode: top

  Startpoint: DP_i_decode_i_rs2_addr_i_Y_reg_0_
              (rising edge-triggered flip-flop clocked by CLK)
  Endpoint: DP_i_execute_i_boothmul_i_tree_i_register_i_2_Y_temp_reg_29_
            (rising edge-triggered flip-flop clocked by CLK)
  Path Group: REG2REG
  Path Type: max

  Des/Clust/Port     Wire Load Model       Library
  ------------------------------------------------
  DLX                5K_hvratio_1_4        NangateOpenCellLibrary

  Point                                                   Incr       Path
  --------------------------------------------------------------------------
  clock CLK (rise edge)                                 0.0000     0.0000
  clock network delay (ideal)                           0.0500     0.0500
  DP_i_decode_i_rs2_addr_i_Y_reg_0_/CK (DFF_X1)         0.0000     0.0500 r
  DP_i_decode_i_rs2_addr_i_Y_reg_0_/Q (DFF_X1)          0.1046     0.1546 r
  U792/Z (XOR2_X1)                                      0.0649     0.2195 r
  U2635/ZN (AND2_X1)                                    0.0444     0.2639 r
  U2231/ZN (AND4_X2)                                    0.0672     0.3311 r
  U2263/ZN (AND2_X2)                                    0.0579     0.3890 r
  U1779/Z (BUF_X1)                                      0.0530     0.4420 r
  U2542/ZN (NAND2_X1)                                   0.0363     0.4783 f
  U2458/ZN (NAND2_X1)                                   0.0371     0.5155 r
  U1626/ZN (OAI21_X2)                                   0.0543     0.5697 f
  U1998/ZN (OR2_X1)                                     0.0841     0.6538 f
  U1703/ZN (INV_X1)                                     0.0441     0.6979 r
  U961/ZN (NAND2_X2)                                    0.0495     0.7474 f
  U865/Z (CLKBUF_X1)                                    0.0607     0.8081 f
  U803/ZN (INV_X2)                                      0.0623     0.8704 r
  U6228/ZN (AOI22_X1)                                   0.0589     0.9293 f
  U6229/ZN (XNOR2_X1)                                   0.0729     1.0021 f
  U1820/ZN (NAND2_X1)                                   0.0425     1.0446 r
  U1638/ZN (NAND3_X1)                                   0.0509     1.0955 f
  U6247/ZN (XNOR2_X1)                                   0.0767     1.1722 f
  U2327/Z (XOR2_X1)                                     0.0792     1.2514 f
  U6406/ZN (AOI222_X1)                                  0.1243     1.3757 r
  U7036/CO (FA_X1)                                      0.0998     1.4755 r
  U2278/ZN (AND2_X1)                                    0.0498     1.5253 r
  U8208/ZN (AOI21_X1)                                   0.0310     1.5562 f
  U2101/ZN (XNOR2_X1)                                   0.0591     1.6153 f
  U2100/ZN (NOR2_X1)                                    0.0459     1.6612 r
  DP_i_execute_i_boothmul_i_tree_i_register_i_2_Y_temp_reg_29_/D (DFF_X2)
                                                        0.0109     1.6721 r
  data arrival time                                                1.6721

  clock CLK (rise edge)                                 1.7000     1.7000
  clock network delay (ideal)                           0.0500     1.7500
  clock uncertainty                                    -0.0500     1.7000
  DP_i_execute_i_boothmul_i_tree_i_register_i_2_Y_temp_reg_29_/CK (DFF_X2)
                                                        0.0000     1.7000 r
  library setup time                                   -0.0278     1.6722
  data required time                                               1.6722
  --------------------------------------------------------------------------
  data required time                                               1.6722
  data arrival time                                               -1.6721
  --------------------------------------------------------------------------
  slack (MET)                                                      0.0001


  Startpoint: DP_i_execute_i_boothmul_i_tree_i_register_i_1_Y_temp_reg_5_
              (rising edge-triggered flip-flop clocked by CLK)
  Endpoint: DP_i_execute_i_zero_alu_bit_Y_reg
            (rising edge-triggered flip-flop clocked by CLK)
  Path Group: REG2REG
  Path Type: max

  Des/Clust/Port     Wire Load Model       Library
  ------------------------------------------------
  DLX                5K_hvratio_1_4        NangateOpenCellLibrary

  Point                                                   Incr       Path
  --------------------------------------------------------------------------
  clock CLK (rise edge)                                 0.0000     0.0000
  clock network delay (ideal)                           0.0500     0.0500
  DP_i_execute_i_boothmul_i_tree_i_register_i_1_Y_temp_reg_5_/CK (DFF_X1)
                                                        0.0000     0.0500 r
  DP_i_execute_i_boothmul_i_tree_i_register_i_1_Y_temp_reg_5_/Q (DFF_X1)
                                                        0.0979     0.1479 f
  U3580/Z (XOR2_X1)                                     0.0795     0.2274 f
  U4215/S (FA_X1)                                       0.1407     0.3681 r
  U1677/ZN (XNOR2_X1)                                   0.0724     0.4405 r
  U4221/ZN (OAI22_X1)                                   0.0493     0.4899 f
  U4222/S (FA_X1)                                       0.1461     0.6359 r
  U4223/ZN (NAND2_X1)                                   0.0363     0.6723 f
  U4227/ZN (OAI21_X1)                                   0.0440     0.7162 r
  U4229/ZN (OAI21_X1)                                   0.0366     0.7528 f
  U4231/ZN (AOI221_X1)                                  0.0638     0.8166 r
  U4236/ZN (NAND2_X1)                                   0.0407     0.8573 f
  U4239/ZN (NAND2_X1)                                   0.0329     0.8902 r
  U4240/ZN (NAND2_X1)                                   0.0290     0.9192 f
  U2517/ZN (NAND2_X1)                                   0.0287     0.9480 r
  U2518/ZN (NAND2_X1)                                   0.0276     0.9756 f
  U4286/ZN (OR2_X2)                                     0.0700     1.0455 f
  U2513/ZN (OAI21_X1)                                   0.0647     1.1103 r
  U2515/ZN (INV_X1)                                     0.0295     1.1398 f
  U7707/ZN (NAND2_X1)                                   0.0308     1.1706 r
  U7708/ZN (AND2_X1)                                    0.0500     1.2206 r
  U7710/ZN (NAND2_X1)                                   0.0301     1.2507 f
  U7711/ZN (AOI22_X1)                                   0.0521     1.3027 r
  U1762/ZN (AND4_X1)                                    0.0670     1.3698 r
  U7717/ZN (AND2_X1)                                    0.0412     1.4110 r
  U7728/ZN (NAND4_X1)                                   0.0472     1.4582 f
  U7963/ZN (NOR4_X1)                                    0.0892     1.5474 r
  U9910/ZN (AND3_X1)                                    0.0595     1.6069 r
  U2072/ZN (NAND2_X1)                                   0.0279     1.6347 f
  U2071/ZN (NAND2_X1)                                   0.0280     1.6627 r
  DP_i_execute_i_zero_alu_bit_Y_reg/D (DFF_X2)          0.0109     1.6736 r
  data arrival time                                                1.6736

  clock CLK (rise edge)                                 1.7000     1.7000
  clock network delay (ideal)                           0.0500     1.7500
  clock uncertainty                                    -0.0500     1.7000
  DP_i_execute_i_zero_alu_bit_Y_reg/CK (DFF_X2)         0.0000     1.7000 r
  library setup time                                   -0.0263     1.6737
  data required time                                               1.6737
  --------------------------------------------------------------------------
  data required time                                               1.6737
  data arrival time                                               -1.6736
  --------------------------------------------------------------------------
  slack (MET)                                                      0.0001


  Startpoint: DP_i_decode_i_rs2_addr_i_Y_reg_2_
              (rising edge-triggered flip-flop clocked by CLK)
  Endpoint: DP_i_execute_i_boothmul_i_tree_i_register_i_3_Y_temp_reg_29_
            (rising edge-triggered flip-flop clocked by CLK)
  Path Group: REG2REG
  Path Type: max

  Des/Clust/Port     Wire Load Model       Library
  ------------------------------------------------
  DLX                5K_hvratio_1_4        NangateOpenCellLibrary

  Point                                                   Incr       Path
  --------------------------------------------------------------------------
  clock CLK (rise edge)                                 0.0000     0.0000
  clock network delay (ideal)                           0.0500     0.0500
  DP_i_decode_i_rs2_addr_i_Y_reg_2_/CK (DFF_X1)         0.0000     0.0500 r
  DP_i_decode_i_rs2_addr_i_Y_reg_2_/Q (DFF_X1)          0.1050     0.1550 r
  U2626/ZN (XNOR2_X1)                                   0.0619     0.2170 r
  U2627/ZN (AND2_X1)                                    0.0490     0.2660 r
  U789/ZN (NAND4_X1)                                    0.0528     0.3188 f
  U2447/ZN (INV_X1)                                     0.0683     0.3871 r
  U2836/ZN (NAND2_X1)                                   0.0523     0.4394 f
  U1478/ZN (AND2_X1)                                    0.0437     0.4831 f
  U1621/ZN (NAND3_X1)                                   0.0384     0.5215 r
  U2224/ZN (INV_X1)                                     0.0320     0.5535 f
  U1620/ZN (OR2_X1)                                     0.0659     0.6194 f
  U1904/ZN (NAND2_X1)                                   0.0402     0.6596 r
  U1919/ZN (NAND2_X1)                                   0.0536     0.7132 f
  U1449/ZN (INV_X2)                                     0.1131     0.8264 r
  U6262/ZN (NAND2_X1)                                   0.0553     0.8816 f
  U1240/ZN (AND2_X1)                                    0.0478     0.9295 f
  U6263/ZN (INV_X1)                                     0.0348     0.9643 r
  U6267/Z (XOR2_X1)                                     0.0877     1.0520 r
  U1602/ZN (XNOR2_X1)                                   0.0801     1.1321 r
  U1614/ZN (AND3_X2)                                    0.0690     1.2011 r
  U7019/Z (XOR2_X1)                                     0.0949     1.2960 r
  U7048/ZN (AOI22_X1)                                   0.0462     1.3422 f
  U8205/S (FA_X1)                                       0.1641     1.5063 r
  U2433/S (FA_X1)                                       0.1194     1.6257 f
  U1423/ZN (AND2_X1)                                    0.0396     1.6653 f
  DP_i_execute_i_boothmul_i_tree_i_register_i_3_Y_temp_reg_29_/D (DFF_X1)
                                                        0.0104     1.6757 f
  data arrival time                                                1.6757

  clock CLK (rise edge)                                 1.7000     1.7000
  clock network delay (ideal)                           0.0500     1.7500
  clock uncertainty                                    -0.0500     1.7000
  DP_i_execute_i_boothmul_i_tree_i_register_i_3_Y_temp_reg_29_/CK (DFF_X1)
                                                        0.0000     1.7000 r
  library setup time                                   -0.0239     1.6761
  data required time                                               1.6761
  --------------------------------------------------------------------------
  data required time                                               1.6761
  data arrival time                                               -1.6757
  --------------------------------------------------------------------------
  slack (MET)                                                      0.0004


  Startpoint: DP_i_fetch_i_IR_out_reg_29_
              (rising edge-triggered flip-flop clocked by CLK)
  Endpoint: DP_i_fetch_i_pc_i_Y_reg_6_
            (rising edge-triggered flip-flop clocked by CLK)
  Path Group: REG2REG
  Path Type: max

  Des/Clust/Port     Wire Load Model       Library
  ------------------------------------------------
  DLX                5K_hvratio_1_4        NangateOpenCellLibrary

  Point                                                   Incr       Path
  --------------------------------------------------------------------------
  clock CLK (rise edge)                                 0.0000     0.0000
  clock network delay (ideal)                           0.0500     0.0500
  DP_i_fetch_i_IR_out_reg_29_/CK (DFF_X1)               0.0000     0.0500 r
  DP_i_fetch_i_IR_out_reg_29_/Q (DFF_X1)                0.0950     0.1450 f
  U1058/ZN (OR2_X1)                                     0.0618     0.2068 f
  U1735/ZN (NOR2_X1)                                    0.0499     0.2566 r
  U2063/ZN (AND2_X1)                                    0.0623     0.3190 r
  U2283/ZN (INV_X1)                                     0.0415     0.3605 f
  U1713/ZN (AND2_X1)                                    0.0544     0.4149 f
  U2050/ZN (NAND2_X1)                                   0.0426     0.4575 r
  U2035/ZN (AND2_X1)                                    0.0534     0.5108 r
  U1509/ZN (OR2_X2)                                     0.0455     0.5563 r
  U2902/ZN (XNOR2_X1)                                   0.0717     0.6281 r
  U2267/ZN (OR2_X1)                                     0.0456     0.6737 r
  U2528/ZN (OAI211_X1)                                  0.0446     0.7183 f
  U2331/ZN (NAND2_X1)                                   0.0349     0.7532 r
  U2330/ZN (NAND2_X1)                                   0.0346     0.7879 f
  U2609/ZN (OAI21_X2)                                   0.0641     0.8520 r
  U2302/ZN (AND2_X1)                                    0.0541     0.9061 r
  U2525/ZN (OAI211_X1)                                  0.0387     0.9448 f
  U2598/ZN (OAI21_X1)                                   0.0641     1.0088 r
  U2527/ZN (OAI21_X1)                                   0.0444     1.0533 f
  U1881/Z (BUF_X1)                                      0.0471     1.1004 f
  U2316/ZN (OAI21_X1)                                   0.0409     1.1413 r
  U2602/ZN (AND2_X1)                                    0.0510     1.1923 r
  U2959/ZN (XNOR2_X1)                                   0.0608     1.2531 r
  U2960/ZN (OAI21_X1)                                   0.0373     1.2904 f
  U2314/ZN (NAND4_X1)                                   0.0372     1.3276 r
  U1964/ZN (OAI21_X1)                                   0.0353     1.3628 f
  U1969/ZN (NOR2_X1)                                    0.0651     1.4279 r
  U2541/ZN (NAND2_X2)                                   0.1028     1.5307 f
  U9847/ZN (OR2_X1)                                     0.0937     1.6244 f
  U9848/ZN (NAND4_X1)                                   0.0364     1.6608 r
  DP_i_fetch_i_pc_i_Y_reg_6_/D (DFF_X1)                 0.0110     1.6717 r
  data arrival time                                                1.6717

  clock CLK (rise edge)                                 1.7000     1.7000
  clock network delay (ideal)                           0.0500     1.7500
  clock uncertainty                                    -0.0500     1.7000
  DP_i_fetch_i_pc_i_Y_reg_6_/CK (DFF_X1)                0.0000     1.7000 r
  library setup time                                   -0.0278     1.6722
  data required time                                               1.6722
  --------------------------------------------------------------------------
  data required time                                               1.6722
  data arrival time                                               -1.6717
  --------------------------------------------------------------------------
  slack (MET)                                                      0.0004


  Startpoint: DP_i_fetch_i_IR_out_reg_29_
              (rising edge-triggered flip-flop clocked by CLK)
  Endpoint: DP_i_fetch_i_pc_i_Y_reg_7_
            (rising edge-triggered flip-flop clocked by CLK)
  Path Group: REG2REG
  Path Type: max

  Des/Clust/Port     Wire Load Model       Library
  ------------------------------------------------
  DLX                5K_hvratio_1_4        NangateOpenCellLibrary

  Point                                                   Incr       Path
  --------------------------------------------------------------------------
  clock CLK (rise edge)                                 0.0000     0.0000
  clock network delay (ideal)                           0.0500     0.0500
  DP_i_fetch_i_IR_out_reg_29_/CK (DFF_X1)               0.0000     0.0500 r
  DP_i_fetch_i_IR_out_reg_29_/Q (DFF_X1)                0.0950     0.1450 f
  U1058/ZN (OR2_X1)                                     0.0618     0.2068 f
  U1735/ZN (NOR2_X1)                                    0.0499     0.2566 r
  U2063/ZN (AND2_X1)                                    0.0623     0.3190 r
  U2283/ZN (INV_X1)                                     0.0415     0.3605 f
  U1713/ZN (AND2_X1)                                    0.0544     0.4149 f
  U2050/ZN (NAND2_X1)                                   0.0426     0.4575 r
  U2035/ZN (AND2_X1)                                    0.0534     0.5108 r
  U1509/ZN (OR2_X2)                                     0.0455     0.5563 r
  U2902/ZN (XNOR2_X1)                                   0.0717     0.6281 r
  U2267/ZN (OR2_X1)                                     0.0456     0.6737 r
  U2528/ZN (OAI211_X1)                                  0.0446     0.7183 f
  U2331/ZN (NAND2_X1)                                   0.0349     0.7532 r
  U2330/ZN (NAND2_X1)                                   0.0346     0.7879 f
  U2609/ZN (OAI21_X2)                                   0.0641     0.8520 r
  U2302/ZN (AND2_X1)                                    0.0541     0.9061 r
  U2525/ZN (OAI211_X1)                                  0.0387     0.9448 f
  U2598/ZN (OAI21_X1)                                   0.0641     1.0088 r
  U2527/ZN (OAI21_X1)                                   0.0444     1.0533 f
  U1881/Z (BUF_X1)                                      0.0471     1.1004 f
  U2316/ZN (OAI21_X1)                                   0.0409     1.1413 r
  U2602/ZN (AND2_X1)                                    0.0510     1.1923 r
  U2959/ZN (XNOR2_X1)                                   0.0608     1.2531 r
  U2960/ZN (OAI21_X1)                                   0.0373     1.2904 f
  U2314/ZN (NAND4_X1)                                   0.0372     1.3276 r
  U1964/ZN (OAI21_X1)                                   0.0353     1.3628 f
  U1969/ZN (NOR2_X1)                                    0.0651     1.4279 r
  U2541/ZN (NAND2_X2)                                   0.1028     1.5307 f
  U9408/ZN (OR2_X1)                                     0.0937     1.6244 f
  U9843/ZN (NAND4_X1)                                   0.0364     1.6608 r
  DP_i_fetch_i_pc_i_Y_reg_7_/D (DFF_X1)                 0.0110     1.6717 r
  data arrival time                                                1.6717

  clock CLK (rise edge)                                 1.7000     1.7000
  clock network delay (ideal)                           0.0500     1.7500
  clock uncertainty                                    -0.0500     1.7000
  DP_i_fetch_i_pc_i_Y_reg_7_/CK (DFF_X1)                0.0000     1.7000 r
  library setup time                                   -0.0278     1.6722
  data required time                                               1.6722
  --------------------------------------------------------------------------
  data required time                                               1.6722
  data arrival time                                               -1.6717
  --------------------------------------------------------------------------
  slack (MET)                                                      0.0004


  Startpoint: DP_i_fetch_i_IR_out_reg_29_
              (rising edge-triggered flip-flop clocked by CLK)
  Endpoint: DP_i_fetch_i_pc_i_Y_reg_5_
            (rising edge-triggered flip-flop clocked by CLK)
  Path Group: REG2REG
  Path Type: max

  Des/Clust/Port     Wire Load Model       Library
  ------------------------------------------------
  DLX                5K_hvratio_1_4        NangateOpenCellLibrary

  Point                                                   Incr       Path
  --------------------------------------------------------------------------
  clock CLK (rise edge)                                 0.0000     0.0000
  clock network delay (ideal)                           0.0500     0.0500
  DP_i_fetch_i_IR_out_reg_29_/CK (DFF_X1)               0.0000     0.0500 r
  DP_i_fetch_i_IR_out_reg_29_/Q (DFF_X1)                0.0950     0.1450 f
  U1058/ZN (OR2_X1)                                     0.0618     0.2068 f
  U1735/ZN (NOR2_X1)                                    0.0499     0.2566 r
  U2063/ZN (AND2_X1)                                    0.0623     0.3190 r
  U2283/ZN (INV_X1)                                     0.0415     0.3605 f
  U1713/ZN (AND2_X1)                                    0.0544     0.4149 f
  U2050/ZN (NAND2_X1)                                   0.0426     0.4575 r
  U2035/ZN (AND2_X1)                                    0.0534     0.5108 r
  U1509/ZN (OR2_X2)                                     0.0455     0.5563 r
  U2902/ZN (XNOR2_X1)                                   0.0717     0.6281 r
  U2267/ZN (OR2_X1)                                     0.0456     0.6737 r
  U2528/ZN (OAI211_X1)                                  0.0446     0.7183 f
  U2331/ZN (NAND2_X1)                                   0.0349     0.7532 r
  U2330/ZN (NAND2_X1)                                   0.0346     0.7879 f
  U2609/ZN (OAI21_X2)                                   0.0641     0.8520 r
  U2302/ZN (AND2_X1)                                    0.0541     0.9061 r
  U2525/ZN (OAI211_X1)                                  0.0387     0.9448 f
  U2598/ZN (OAI21_X1)                                   0.0641     1.0088 r
  U2527/ZN (OAI21_X1)                                   0.0444     1.0533 f
  U1881/Z (BUF_X1)                                      0.0471     1.1004 f
  U2316/ZN (OAI21_X1)                                   0.0409     1.1413 r
  U2602/ZN (AND2_X1)                                    0.0510     1.1923 r
  U2959/ZN (XNOR2_X1)                                   0.0608     1.2531 r
  U2960/ZN (OAI21_X1)                                   0.0373     1.2904 f
  U2314/ZN (NAND4_X1)                                   0.0372     1.3276 r
  U1964/ZN (OAI21_X1)                                   0.0353     1.3628 f
  U1969/ZN (NOR2_X1)                                    0.0651     1.4279 r
  U2541/ZN (NAND2_X2)                                   0.1028     1.5307 f
  U9406/ZN (OR2_X1)                                     0.0937     1.6244 f
  U9851/ZN (NAND4_X1)                                   0.0364     1.6608 r
  DP_i_fetch_i_pc_i_Y_reg_5_/D (DFF_X1)                 0.0110     1.6717 r
  data arrival time                                                1.6717

  clock CLK (rise edge)                                 1.7000     1.7000
  clock network delay (ideal)                           0.0500     1.7500
  clock uncertainty                                    -0.0500     1.7000
  DP_i_fetch_i_pc_i_Y_reg_5_/CK (DFF_X1)                0.0000     1.7000 r
  library setup time                                   -0.0278     1.6722
  data required time                                               1.6722
  --------------------------------------------------------------------------
  data required time                                               1.6722
  data arrival time                                               -1.6717
  --------------------------------------------------------------------------
  slack (MET)                                                      0.0004


  Startpoint: DP_i_fetch_i_IR_out_reg_29_
              (rising edge-triggered flip-flop clocked by CLK)
  Endpoint: DP_i_fetch_i_pc_i_Y_reg_3_
            (rising edge-triggered flip-flop clocked by CLK)
  Path Group: REG2REG
  Path Type: max

  Des/Clust/Port     Wire Load Model       Library
  ------------------------------------------------
  DLX                5K_hvratio_1_4        NangateOpenCellLibrary

  Point                                                   Incr       Path
  --------------------------------------------------------------------------
  clock CLK (rise edge)                                 0.0000     0.0000
  clock network delay (ideal)                           0.0500     0.0500
  DP_i_fetch_i_IR_out_reg_29_/CK (DFF_X1)               0.0000     0.0500 r
  DP_i_fetch_i_IR_out_reg_29_/Q (DFF_X1)                0.0950     0.1450 f
  U1058/ZN (OR2_X1)                                     0.0618     0.2068 f
  U1735/ZN (NOR2_X1)                                    0.0499     0.2566 r
  U2063/ZN (AND2_X1)                                    0.0623     0.3190 r
  U2283/ZN (INV_X1)                                     0.0415     0.3605 f
  U1713/ZN (AND2_X1)                                    0.0544     0.4149 f
  U2050/ZN (NAND2_X1)                                   0.0426     0.4575 r
  U2035/ZN (AND2_X1)                                    0.0534     0.5108 r
  U1509/ZN (OR2_X2)                                     0.0455     0.5563 r
  U2902/ZN (XNOR2_X1)                                   0.0717     0.6281 r
  U2267/ZN (OR2_X1)                                     0.0456     0.6737 r
  U2528/ZN (OAI211_X1)                                  0.0446     0.7183 f
  U2331/ZN (NAND2_X1)                                   0.0349     0.7532 r
  U2330/ZN (NAND2_X1)                                   0.0346     0.7879 f
  U2609/ZN (OAI21_X2)                                   0.0641     0.8520 r
  U2302/ZN (AND2_X1)                                    0.0541     0.9061 r
  U2525/ZN (OAI211_X1)                                  0.0387     0.9448 f
  U2598/ZN (OAI21_X1)                                   0.0641     1.0088 r
  U2527/ZN (OAI21_X1)                                   0.0444     1.0533 f
  U1881/Z (BUF_X1)                                      0.0471     1.1004 f
  U2316/ZN (OAI21_X1)                                   0.0409     1.1413 r
  U2602/ZN (AND2_X1)                                    0.0510     1.1923 r
  U2959/ZN (XNOR2_X1)                                   0.0608     1.2531 r
  U2960/ZN (OAI21_X1)                                   0.0373     1.2904 f
  U2314/ZN (NAND4_X1)                                   0.0372     1.3276 r
  U1964/ZN (OAI21_X1)                                   0.0353     1.3628 f
  U1969/ZN (NOR2_X1)                                    0.0651     1.4279 r
  U2541/ZN (NAND2_X2)                                   0.1028     1.5307 f
  U9859/ZN (OR2_X1)                                     0.0937     1.6244 f
  U9860/ZN (NAND4_X1)                                   0.0364     1.6608 r
  DP_i_fetch_i_pc_i_Y_reg_3_/D (DFF_X1)                 0.0110     1.6717 r
  data arrival time                                                1.6717

  clock CLK (rise edge)                                 1.7000     1.7000
  clock network delay (ideal)                           0.0500     1.7500
  clock uncertainty                                    -0.0500     1.7000
  DP_i_fetch_i_pc_i_Y_reg_3_/CK (DFF_X1)                0.0000     1.7000 r
  library setup time                                   -0.0278     1.6722
  data required time                                               1.6722
  --------------------------------------------------------------------------
  data required time                                               1.6722
  data arrival time                                               -1.6717
  --------------------------------------------------------------------------
  slack (MET)                                                      0.0004


  Startpoint: DP_i_fetch_i_IR_out_reg_29_
              (rising edge-triggered flip-flop clocked by CLK)
  Endpoint: DP_i_fetch_i_pc_i_Y_reg_4_
            (rising edge-triggered flip-flop clocked by CLK)
  Path Group: REG2REG
  Path Type: max

  Des/Clust/Port     Wire Load Model       Library
  ------------------------------------------------
  DLX                5K_hvratio_1_4        NangateOpenCellLibrary

  Point                                                   Incr       Path
  --------------------------------------------------------------------------
  clock CLK (rise edge)                                 0.0000     0.0000
  clock network delay (ideal)                           0.0500     0.0500
  DP_i_fetch_i_IR_out_reg_29_/CK (DFF_X1)               0.0000     0.0500 r
  DP_i_fetch_i_IR_out_reg_29_/Q (DFF_X1)                0.0950     0.1450 f
  U1058/ZN (OR2_X1)                                     0.0618     0.2068 f
  U1735/ZN (NOR2_X1)                                    0.0499     0.2566 r
  U2063/ZN (AND2_X1)                                    0.0623     0.3190 r
  U2283/ZN (INV_X1)                                     0.0415     0.3605 f
  U1713/ZN (AND2_X1)                                    0.0544     0.4149 f
  U2050/ZN (NAND2_X1)                                   0.0426     0.4575 r
  U2035/ZN (AND2_X1)                                    0.0534     0.5108 r
  U1509/ZN (OR2_X2)                                     0.0455     0.5563 r
  U2902/ZN (XNOR2_X1)                                   0.0717     0.6281 r
  U2267/ZN (OR2_X1)                                     0.0456     0.6737 r
  U2528/ZN (OAI211_X1)                                  0.0446     0.7183 f
  U2331/ZN (NAND2_X1)                                   0.0349     0.7532 r
  U2330/ZN (NAND2_X1)                                   0.0346     0.7879 f
  U2609/ZN (OAI21_X2)                                   0.0641     0.8520 r
  U2302/ZN (AND2_X1)                                    0.0541     0.9061 r
  U2525/ZN (OAI211_X1)                                  0.0387     0.9448 f
  U2598/ZN (OAI21_X1)                                   0.0641     1.0088 r
  U2527/ZN (OAI21_X1)                                   0.0444     1.0533 f
  U1881/Z (BUF_X1)                                      0.0471     1.1004 f
  U2316/ZN (OAI21_X1)                                   0.0409     1.1413 r
  U2602/ZN (AND2_X1)                                    0.0510     1.1923 r
  U2959/ZN (XNOR2_X1)                                   0.0608     1.2531 r
  U2960/ZN (OAI21_X1)                                   0.0373     1.2904 f
  U2314/ZN (NAND4_X1)                                   0.0372     1.3276 r
  U1964/ZN (OAI21_X1)                                   0.0353     1.3628 f
  U1969/ZN (NOR2_X1)                                    0.0651     1.4279 r
  U2541/ZN (NAND2_X2)                                   0.1028     1.5307 f
  U9854/ZN (OR2_X1)                                     0.0937     1.6244 f
  U9855/ZN (NAND4_X1)                                   0.0364     1.6608 r
  DP_i_fetch_i_pc_i_Y_reg_4_/D (DFF_X1)                 0.0110     1.6717 r
  data arrival time                                                1.6717

  clock CLK (rise edge)                                 1.7000     1.7000
  clock network delay (ideal)                           0.0500     1.7500
  clock uncertainty                                    -0.0500     1.7000
  DP_i_fetch_i_pc_i_Y_reg_4_/CK (DFF_X1)                0.0000     1.7000 r
  library setup time                                   -0.0278     1.6722
  data required time                                               1.6722
  --------------------------------------------------------------------------
  data required time                                               1.6722
  data arrival time                                               -1.6717
  --------------------------------------------------------------------------
  slack (MET)                                                      0.0004


  Startpoint: DP_i_fetch_i_IR_out_reg_29_
              (rising edge-triggered flip-flop clocked by CLK)
  Endpoint: DP_i_fetch_i_pc_i_Y_reg_2_
            (rising edge-triggered flip-flop clocked by CLK)
  Path Group: REG2REG
  Path Type: max

  Des/Clust/Port     Wire Load Model       Library
  ------------------------------------------------
  DLX                5K_hvratio_1_4        NangateOpenCellLibrary

  Point                                                   Incr       Path
  --------------------------------------------------------------------------
  clock CLK (rise edge)                                 0.0000     0.0000
  clock network delay (ideal)                           0.0500     0.0500
  DP_i_fetch_i_IR_out_reg_29_/CK (DFF_X1)               0.0000     0.0500 r
  DP_i_fetch_i_IR_out_reg_29_/Q (DFF_X1)                0.0950     0.1450 f
  U1058/ZN (OR2_X1)                                     0.0618     0.2068 f
  U1735/ZN (NOR2_X1)                                    0.0499     0.2566 r
  U2063/ZN (AND2_X1)                                    0.0623     0.3190 r
  U2283/ZN (INV_X1)                                     0.0415     0.3605 f
  U1713/ZN (AND2_X1)                                    0.0544     0.4149 f
  U2050/ZN (NAND2_X1)                                   0.0426     0.4575 r
  U2035/ZN (AND2_X1)                                    0.0534     0.5108 r
  U1509/ZN (OR2_X2)                                     0.0455     0.5563 r
  U2902/ZN (XNOR2_X1)                                   0.0717     0.6281 r
  U2267/ZN (OR2_X1)                                     0.0456     0.6737 r
  U2528/ZN (OAI211_X1)                                  0.0446     0.7183 f
  U2331/ZN (NAND2_X1)                                   0.0349     0.7532 r
  U2330/ZN (NAND2_X1)                                   0.0346     0.7879 f
  U2609/ZN (OAI21_X2)                                   0.0641     0.8520 r
  U2302/ZN (AND2_X1)                                    0.0541     0.9061 r
  U2525/ZN (OAI211_X1)                                  0.0387     0.9448 f
  U2598/ZN (OAI21_X1)                                   0.0641     1.0088 r
  U2527/ZN (OAI21_X1)                                   0.0444     1.0533 f
  U1881/Z (BUF_X1)                                      0.0471     1.1004 f
  U2316/ZN (OAI21_X1)                                   0.0409     1.1413 r
  U2602/ZN (AND2_X1)                                    0.0510     1.1923 r
  U2959/ZN (XNOR2_X1)                                   0.0608     1.2531 r
  U2960/ZN (OAI21_X1)                                   0.0373     1.2904 f
  U2314/ZN (NAND4_X1)                                   0.0372     1.3276 r
  U1964/ZN (OAI21_X1)                                   0.0353     1.3628 f
  U1969/ZN (NOR2_X1)                                    0.0651     1.4279 r
  U2541/ZN (NAND2_X2)                                   0.1028     1.5307 f
  U9410/ZN (OR2_X1)                                     0.0937     1.6244 f
  U9864/ZN (NAND4_X1)                                   0.0364     1.6608 r
  DP_i_fetch_i_pc_i_Y_reg_2_/D (DFF_X1)                 0.0110     1.6717 r
  data arrival time                                                1.6717

  clock CLK (rise edge)                                 1.7000     1.7000
  clock network delay (ideal)                           0.0500     1.7500
  clock uncertainty                                    -0.0500     1.7000
  DP_i_fetch_i_pc_i_Y_reg_2_/CK (DFF_X1)                0.0000     1.7000 r
  library setup time                                   -0.0278     1.6722
  data required time                                               1.6722
  --------------------------------------------------------------------------
  data required time                                               1.6722
  data arrival time                                               -1.6717
  --------------------------------------------------------------------------
  slack (MET)                                                      0.0004


  Startpoint: DP_i_fetch_i_IR_out_reg_29_
              (rising edge-triggered flip-flop clocked by CLK)
  Endpoint: DP_i_fetch_i_pc_i_Y_reg_8_
            (rising edge-triggered flip-flop clocked by CLK)
  Path Group: REG2REG
  Path Type: max

  Des/Clust/Port     Wire Load Model       Library
  ------------------------------------------------
  DLX                5K_hvratio_1_4        NangateOpenCellLibrary

  Point                                                   Incr       Path
  --------------------------------------------------------------------------
  clock CLK (rise edge)                                 0.0000     0.0000
  clock network delay (ideal)                           0.0500     0.0500
  DP_i_fetch_i_IR_out_reg_29_/CK (DFF_X1)               0.0000     0.0500 r
  DP_i_fetch_i_IR_out_reg_29_/Q (DFF_X1)                0.0950     0.1450 f
  U1058/ZN (OR2_X1)                                     0.0618     0.2068 f
  U1735/ZN (NOR2_X1)                                    0.0499     0.2566 r
  U2063/ZN (AND2_X1)                                    0.0623     0.3190 r
  U2283/ZN (INV_X1)                                     0.0415     0.3605 f
  U1713/ZN (AND2_X1)                                    0.0544     0.4149 f
  U2050/ZN (NAND2_X1)                                   0.0426     0.4575 r
  U2035/ZN (AND2_X1)                                    0.0534     0.5108 r
  U1509/ZN (OR2_X2)                                     0.0455     0.5563 r
  U2902/ZN (XNOR2_X1)                                   0.0717     0.6281 r
  U2267/ZN (OR2_X1)                                     0.0456     0.6737 r
  U2528/ZN (OAI211_X1)                                  0.0446     0.7183 f
  U2331/ZN (NAND2_X1)                                   0.0349     0.7532 r
  U2330/ZN (NAND2_X1)                                   0.0346     0.7879 f
  U2609/ZN (OAI21_X2)                                   0.0641     0.8520 r
  U2302/ZN (AND2_X1)                                    0.0541     0.9061 r
  U2525/ZN (OAI211_X1)                                  0.0387     0.9448 f
  U2598/ZN (OAI21_X1)                                   0.0641     1.0088 r
  U2527/ZN (OAI21_X1)                                   0.0444     1.0533 f
  U1881/Z (BUF_X1)                                      0.0471     1.1004 f
  U2316/ZN (OAI21_X1)                                   0.0409     1.1413 r
  U2602/ZN (AND2_X1)                                    0.0510     1.1923 r
  U2959/ZN (XNOR2_X1)                                   0.0608     1.2531 r
  U2960/ZN (OAI21_X1)                                   0.0373     1.2904 f
  U2314/ZN (NAND4_X1)                                   0.0372     1.3276 r
  U1964/ZN (OAI21_X1)                                   0.0353     1.3628 f
  U1969/ZN (NOR2_X1)                                    0.0651     1.4279 r
  U2541/ZN (NAND2_X2)                                   0.1028     1.5307 f
  U9405/ZN (OR2_X1)                                     0.0937     1.6244 f
  U9840/ZN (NAND4_X1)                                   0.0364     1.6608 r
  DP_i_fetch_i_pc_i_Y_reg_8_/D (DFF_X1)                 0.0110     1.6717 r
  data arrival time                                                1.6717

  clock CLK (rise edge)                                 1.7000     1.7000
  clock network delay (ideal)                           0.0500     1.7500
  clock uncertainty                                    -0.0500     1.7000
  DP_i_fetch_i_pc_i_Y_reg_8_/CK (DFF_X1)                0.0000     1.7000 r
  library setup time                                   -0.0278     1.6722
  data required time                                               1.6722
  --------------------------------------------------------------------------
  data required time                                               1.6722
  data arrival time                                               -1.6717
  --------------------------------------------------------------------------
  slack (MET)                                                      0.0004


1
