 
****************************************
Report : timing
        -path full
        -delay max
        -nworst 2
        -group REG2REG
        -max_paths 10
Design : DLX
Version: W-2024.09-SP2
Date   : Sun Sep 27 11:33:26 2026
****************************************

Operating Conditions: typical   Library: NangateOpenCellLibrary
Wire Load Model Mode: top

  Startpoint: DP_i_fetch_i_IR_out_reg_23_
              (rising edge-triggered flip-flop clocked by CLK)
  Endpoint: CP_i_hazard_unit_i_G_scoreboard_reg_8__1_
            (rising edge-triggered flip-flop clocked by CLK)
  Path Group: REG2REG
  Path Type: max

  Des/Clust/Port     Wire Load Model       Library
  ------------------------------------------------
  DLX                5K_hvratio_1_4        NangateOpenCellLibrary

  Point                                                   Incr       Path
  --------------------------------------------------------------------------
  clock CLK (rise edge)                                 0.0000     0.0000
  clock network delay (ideal)                           0.0500     0.0500
  DP_i_fetch_i_IR_out_reg_23_/CK (DFF_X1)               0.0000     0.0500 r
  DP_i_fetch_i_IR_out_reg_23_/QN (DFF_X1)               0.0782     0.1282 f
  U8069/ZN (INV_X1)                                     0.0343     0.1625 r
  DP_i_decode_i_reg_file_i/addr_rs1[2] (register_file)
                                                        0.0000     0.1625 r
  DP_i_decode_i_reg_file_i/U114/ZN (XNOR2_X1)           0.0634     0.2259 r
  DP_i_decode_i_reg_file_i/U112/ZN (NAND4_X1)           0.0475     0.2733 f
  DP_i_decode_i_reg_file_i/U127/ZN (OR2_X1)             0.0654     0.3388 f
  DP_i_decode_i_reg_file_i/U219/ZN (NAND2_X1)           0.0446     0.3834 r
  DP_i_decode_i_reg_file_i/U220/ZN (INV_X1)             0.0342     0.4176 f
  DP_i_decode_i_reg_file_i/U236/ZN (AND2_X1)            0.0462     0.4638 f
  DP_i_decode_i_reg_file_i/U296/ZN (NAND2_X1)           0.0305     0.4943 r
  DP_i_decode_i_reg_file_i/U298/ZN (AND4_X1)            0.0662     0.5605 r
  DP_i_decode_i_reg_file_i/U311/ZN (NAND4_X1)           0.0384     0.5989 f
  DP_i_decode_i_reg_file_i/U149/ZN (NOR2_X1)            0.0411     0.6400 r
  DP_i_decode_i_reg_file_i/U154/ZN (NAND2_X1)           0.0371     0.6771 f
  DP_i_decode_i_reg_file_i/output1[1] (register_file)   0.0000     0.6771 f
  U1092/ZN (NAND2_X1)                                   0.0339     0.7110 r
  U1612/ZN (NAND2_X1)                                   0.0301     0.7411 f
  U1906/ZN (OAI211_X1)                                  0.0508     0.7919 r
  U2116/ZN (NAND2_X1)                                   0.0406     0.8325 f
  U4013/ZN (AND2_X2)                                    0.0590     0.8915 f
  U4028/ZN (NAND2_X1)                                   0.0475     0.9391 r
  U4031/ZN (NAND4_X1)                                   0.0401     0.9791 f
  U4032/Z (MUX2_X1)                                     0.0683     1.0475 f
  U4033/Z (MUX2_X1)                                     0.0683     1.1158 f
  U4034/ZN (INV_X1)                                     0.0298     1.1455 r
  U11016/ZN (OR2_X1)                                    0.0408     1.1863 r
  U11015/ZN (NAND3_X1)                                  0.0404     1.2267 f
  U872/ZN (NAND2_X1)                                    0.0408     1.2675 r
  U967/ZN (AND2_X2)                                     0.0554     1.3229 r
  U1964/ZN (NAND2_X1)                                   0.0766     1.3994 f
  U10596/ZN (NOR2_X1)                                   0.1109     1.5104 r
  U10597/ZN (AND2_X1)                                   0.0555     1.5659 r
  U10599/ZN (OR2_X1)                                    0.0315     1.5973 r
  CP_i_hazard_unit_i_G_scoreboard_reg_8__1_/D (DFF_X2)
                                                        0.0109     1.6082 r
  data arrival time                                                1.6082

  clock CLK (rise edge)                                 1.4000     1.4000
  clock network delay (ideal)                           0.0500     1.4500
  clock uncertainty                                    -0.0500     1.4000
  CP_i_hazard_unit_i_G_scoreboard_reg_8__1_/CK (DFF_X2)
                                                        0.0000     1.4000 r
  library setup time                                   -0.0260     1.3740
  data required time                                               1.3740
  --------------------------------------------------------------------------
  data required time                                               1.3740
  data arrival time                                               -1.6082
  --------------------------------------------------------------------------
  slack (VIOLATED)                                                -0.2342


  Startpoint: DP_i_fetch_i_IR_out_reg_23_
              (rising edge-triggered flip-flop clocked by CLK)
  Endpoint: CP_i_hazard_unit_i_G_scoreboard_reg_24__1_
            (rising edge-triggered flip-flop clocked by CLK)
  Path Group: REG2REG
  Path Type: max

  Des/Clust/Port     Wire Load Model       Library
  ------------------------------------------------
  DLX                5K_hvratio_1_4        NangateOpenCellLibrary

  Point                                                   Incr       Path
  --------------------------------------------------------------------------
  clock CLK (rise edge)                                 0.0000     0.0000
  clock network delay (ideal)                           0.0500     0.0500
  DP_i_fetch_i_IR_out_reg_23_/CK (DFF_X1)               0.0000     0.0500 r
  DP_i_fetch_i_IR_out_reg_23_/QN (DFF_X1)               0.0782     0.1282 f
  U8069/ZN (INV_X1)                                     0.0343     0.1625 r
  DP_i_decode_i_reg_file_i/addr_rs1[2] (register_file)
                                                        0.0000     0.1625 r
  DP_i_decode_i_reg_file_i/U114/ZN (XNOR2_X1)           0.0634     0.2259 r
  DP_i_decode_i_reg_file_i/U112/ZN (NAND4_X1)           0.0475     0.2733 f
  DP_i_decode_i_reg_file_i/U127/ZN (OR2_X1)             0.0654     0.3388 f
  DP_i_decode_i_reg_file_i/U219/ZN (NAND2_X1)           0.0446     0.3834 r
  DP_i_decode_i_reg_file_i/U220/ZN (INV_X1)             0.0342     0.4176 f
  DP_i_decode_i_reg_file_i/U236/ZN (AND2_X1)            0.0462     0.4638 f
  DP_i_decode_i_reg_file_i/U296/ZN (NAND2_X1)           0.0305     0.4943 r
  DP_i_decode_i_reg_file_i/U298/ZN (AND4_X1)            0.0662     0.5605 r
  DP_i_decode_i_reg_file_i/U311/ZN (NAND4_X1)           0.0384     0.5989 f
  DP_i_decode_i_reg_file_i/U149/ZN (NOR2_X1)            0.0411     0.6400 r
  DP_i_decode_i_reg_file_i/U154/ZN (NAND2_X1)           0.0371     0.6771 f
  DP_i_decode_i_reg_file_i/output1[1] (register_file)   0.0000     0.6771 f
  U1092/ZN (NAND2_X1)                                   0.0339     0.7110 r
  U1612/ZN (NAND2_X1)                                   0.0301     0.7411 f
  U1906/ZN (OAI211_X1)                                  0.0508     0.7919 r
  U2116/ZN (NAND2_X1)                                   0.0406     0.8325 f
  U4013/ZN (AND2_X2)                                    0.0590     0.8915 f
  U4028/ZN (NAND2_X1)                                   0.0475     0.9391 r
  U4031/ZN (NAND4_X1)                                   0.0401     0.9791 f
  U4032/Z (MUX2_X1)                                     0.0683     1.0475 f
  U4033/Z (MUX2_X1)                                     0.0683     1.1158 f
  U4034/ZN (INV_X1)                                     0.0298     1.1455 r
  U11016/ZN (OR2_X1)                                    0.0408     1.1863 r
  U11015/ZN (NAND3_X1)                                  0.0404     1.2267 f
  U872/ZN (NAND2_X1)                                    0.0408     1.2675 r
  U967/ZN (AND2_X2)                                     0.0554     1.3229 r
  U1964/ZN (NAND2_X1)                                   0.0766     1.3994 f
  U10604/ZN (NOR2_X1)                                   0.1109     1.5104 r
  U10605/ZN (AND2_X1)                                   0.0555     1.5659 r
  U10607/ZN (OR2_X1)                                    0.0315     1.5973 r
  CP_i_hazard_unit_i_G_scoreboard_reg_24__1_/D (DFF_X2)
                                                        0.0109     1.6082 r
  data arrival time                                                1.6082

  clock CLK (rise edge)                                 1.4000     1.4000
  clock network delay (ideal)                           0.0500     1.4500
  clock uncertainty                                    -0.0500     1.4000
  CP_i_hazard_unit_i_G_scoreboard_reg_24__1_/CK (DFF_X2)
                                                        0.0000     1.4000 r
  library setup time                                   -0.0260     1.3740
  data required time                                               1.3740
  --------------------------------------------------------------------------
  data required time                                               1.3740
  data arrival time                                               -1.6082
  --------------------------------------------------------------------------
  slack (VIOLATED)                                                -0.2342


  Startpoint: DP_i_fetch_i_IR_out_reg_23_
              (rising edge-triggered flip-flop clocked by CLK)
  Endpoint: CP_i_hazard_unit_i_G_scoreboard_reg_16__1_
            (rising edge-triggered flip-flop clocked by CLK)
  Path Group: REG2REG
  Path Type: max

  Des/Clust/Port     Wire Load Model       Library
  ------------------------------------------------
  DLX                5K_hvratio_1_4        NangateOpenCellLibrary

  Point                                                   Incr       Path
  --------------------------------------------------------------------------
  clock CLK (rise edge)                                 0.0000     0.0000
  clock network delay (ideal)                           0.0500     0.0500
  DP_i_fetch_i_IR_out_reg_23_/CK (DFF_X1)               0.0000     0.0500 r
  DP_i_fetch_i_IR_out_reg_23_/QN (DFF_X1)               0.0782     0.1282 f
  U8069/ZN (INV_X1)                                     0.0343     0.1625 r
  DP_i_decode_i_reg_file_i/addr_rs1[2] (register_file)
                                                        0.0000     0.1625 r
  DP_i_decode_i_reg_file_i/U114/ZN (XNOR2_X1)           0.0634     0.2259 r
  DP_i_decode_i_reg_file_i/U112/ZN (NAND4_X1)           0.0475     0.2733 f
  DP_i_decode_i_reg_file_i/U127/ZN (OR2_X1)             0.0654     0.3388 f
  DP_i_decode_i_reg_file_i/U219/ZN (NAND2_X1)           0.0446     0.3834 r
  DP_i_decode_i_reg_file_i/U220/ZN (INV_X1)             0.0342     0.4176 f
  DP_i_decode_i_reg_file_i/U236/ZN (AND2_X1)            0.0462     0.4638 f
  DP_i_decode_i_reg_file_i/U296/ZN (NAND2_X1)           0.0305     0.4943 r
  DP_i_decode_i_reg_file_i/U298/ZN (AND4_X1)            0.0662     0.5605 r
  DP_i_decode_i_reg_file_i/U311/ZN (NAND4_X1)           0.0384     0.5989 f
  DP_i_decode_i_reg_file_i/U149/ZN (NOR2_X1)            0.0411     0.6400 r
  DP_i_decode_i_reg_file_i/U154/ZN (NAND2_X1)           0.0371     0.6771 f
  DP_i_decode_i_reg_file_i/output1[1] (register_file)   0.0000     0.6771 f
  U1092/ZN (NAND2_X1)                                   0.0339     0.7110 r
  U1612/ZN (NAND2_X1)                                   0.0301     0.7411 f
  U1906/ZN (OAI211_X1)                                  0.0508     0.7919 r
  U2116/ZN (NAND2_X1)                                   0.0406     0.8325 f
  U4013/ZN (AND2_X2)                                    0.0590     0.8915 f
  U4028/ZN (NAND2_X1)                                   0.0475     0.9391 r
  U4031/ZN (NAND4_X1)                                   0.0401     0.9791 f
  U4032/Z (MUX2_X1)                                     0.0683     1.0475 f
  U4033/Z (MUX2_X1)                                     0.0683     1.1158 f
  U4034/ZN (INV_X1)                                     0.0298     1.1455 r
  U11016/ZN (OR2_X1)                                    0.0408     1.1863 r
  U11015/ZN (NAND3_X1)                                  0.0404     1.2267 f
  U872/ZN (NAND2_X1)                                    0.0408     1.2675 r
  U967/ZN (AND2_X2)                                     0.0554     1.3229 r
  U1964/ZN (NAND2_X1)                                   0.0766     1.3994 f
  U10583/ZN (NOR2_X1)                                   0.1109     1.5104 r
  U10590/ZN (AND2_X1)                                   0.0555     1.5659 r
  U10592/ZN (OR2_X1)                                    0.0315     1.5973 r
  CP_i_hazard_unit_i_G_scoreboard_reg_16__1_/D (DFF_X2)
                                                        0.0109     1.6082 r
  data arrival time                                                1.6082

  clock CLK (rise edge)                                 1.4000     1.4000
  clock network delay (ideal)                           0.0500     1.4500
  clock uncertainty                                    -0.0500     1.4000
  CP_i_hazard_unit_i_G_scoreboard_reg_16__1_/CK (DFF_X2)
                                                        0.0000     1.4000 r
  library setup time                                   -0.0260     1.3740
  data required time                                               1.3740
  --------------------------------------------------------------------------
  data required time                                               1.3740
  data arrival time                                               -1.6082
  --------------------------------------------------------------------------
  slack (VIOLATED)                                                -0.2342


  Startpoint: DP_i_fetch_i_IR_out_reg_23_
              (rising edge-triggered flip-flop clocked by CLK)
  Endpoint: CP_i_hazard_unit_i_G_scoreboard_reg_18__1_
            (rising edge-triggered flip-flop clocked by CLK)
  Path Group: REG2REG
  Path Type: max

  Des/Clust/Port     Wire Load Model       Library
  ------------------------------------------------
  DLX                5K_hvratio_1_4        NangateOpenCellLibrary

  Point                                                   Incr       Path
  --------------------------------------------------------------------------
  clock CLK (rise edge)                                 0.0000     0.0000
  clock network delay (ideal)                           0.0500     0.0500
  DP_i_fetch_i_IR_out_reg_23_/CK (DFF_X1)               0.0000     0.0500 r
  DP_i_fetch_i_IR_out_reg_23_/QN (DFF_X1)               0.0782     0.1282 f
  U8069/ZN (INV_X1)                                     0.0343     0.1625 r
  DP_i_decode_i_reg_file_i/addr_rs1[2] (register_file)
                                                        0.0000     0.1625 r
  DP_i_decode_i_reg_file_i/U114/ZN (XNOR2_X1)           0.0634     0.2259 r
  DP_i_decode_i_reg_file_i/U112/ZN (NAND4_X1)           0.0475     0.2733 f
  DP_i_decode_i_reg_file_i/U127/ZN (OR2_X1)             0.0654     0.3388 f
  DP_i_decode_i_reg_file_i/U219/ZN (NAND2_X1)           0.0446     0.3834 r
  DP_i_decode_i_reg_file_i/U220/ZN (INV_X1)             0.0342     0.4176 f
  DP_i_decode_i_reg_file_i/U236/ZN (AND2_X1)            0.0462     0.4638 f
  DP_i_decode_i_reg_file_i/U296/ZN (NAND2_X1)           0.0305     0.4943 r
  DP_i_decode_i_reg_file_i/U298/ZN (AND4_X1)            0.0662     0.5605 r
  DP_i_decode_i_reg_file_i/U311/ZN (NAND4_X1)           0.0384     0.5989 f
  DP_i_decode_i_reg_file_i/U149/ZN (NOR2_X1)            0.0411     0.6400 r
  DP_i_decode_i_reg_file_i/U154/ZN (NAND2_X1)           0.0371     0.6771 f
  DP_i_decode_i_reg_file_i/output1[1] (register_file)   0.0000     0.6771 f
  U1092/ZN (NAND2_X1)                                   0.0339     0.7110 r
  U1612/ZN (NAND2_X1)                                   0.0301     0.7411 f
  U1906/ZN (OAI211_X1)                                  0.0508     0.7919 r
  U2116/ZN (NAND2_X1)                                   0.0406     0.8325 f
  U4013/ZN (AND2_X2)                                    0.0590     0.8915 f
  U4028/ZN (NAND2_X1)                                   0.0475     0.9391 r
  U4031/ZN (NAND4_X1)                                   0.0401     0.9791 f
  U4032/Z (MUX2_X1)                                     0.0683     1.0475 f
  U4033/Z (MUX2_X1)                                     0.0683     1.1158 f
  U4034/ZN (INV_X1)                                     0.0298     1.1455 r
  U11016/ZN (OR2_X1)                                    0.0408     1.1863 r
  U11015/ZN (NAND3_X1)                                  0.0404     1.2267 f
  U872/ZN (NAND2_X1)                                    0.0408     1.2675 r
  U967/ZN (AND2_X2)                                     0.0554     1.3229 r
  U1964/ZN (NAND2_X1)                                   0.0766     1.3994 f
  U10583/ZN (NOR2_X1)                                   0.1109     1.5104 r
  U10584/ZN (AND2_X1)                                   0.0555     1.5659 r
  U10586/ZN (OR2_X1)                                    0.0315     1.5973 r
  CP_i_hazard_unit_i_G_scoreboard_reg_18__1_/D (DFF_X2)
                                                        0.0109     1.6082 r
  data arrival time                                                1.6082

  clock CLK (rise edge)                                 1.4000     1.4000
  clock network delay (ideal)                           0.0500     1.4500
  clock uncertainty                                    -0.0500     1.4000
  CP_i_hazard_unit_i_G_scoreboard_reg_18__1_/CK (DFF_X2)
                                                        0.0000     1.4000 r
  library setup time                                   -0.0260     1.3740
  data required time                                               1.3740
  --------------------------------------------------------------------------
  data required time                                               1.3740
  data arrival time                                               -1.6082
  --------------------------------------------------------------------------
  slack (VIOLATED)                                                -0.2342


  Startpoint: DP_i_fetch_i_IR_out_reg_23_
              (rising edge-triggered flip-flop clocked by CLK)
  Endpoint: CP_i_hazard_unit_i_G_scoreboard_reg_17__1_
            (rising edge-triggered flip-flop clocked by CLK)
  Path Group: REG2REG
  Path Type: max

  Des/Clust/Port     Wire Load Model       Library
  ------------------------------------------------
  DLX                5K_hvratio_1_4        NangateOpenCellLibrary

  Point                                                   Incr       Path
  --------------------------------------------------------------------------
  clock CLK (rise edge)                                 0.0000     0.0000
  clock network delay (ideal)                           0.0500     0.0500
  DP_i_fetch_i_IR_out_reg_23_/CK (DFF_X1)               0.0000     0.0500 r
  DP_i_fetch_i_IR_out_reg_23_/QN (DFF_X1)               0.0782     0.1282 f
  U8069/ZN (INV_X1)                                     0.0343     0.1625 r
  DP_i_decode_i_reg_file_i/addr_rs1[2] (register_file)
                                                        0.0000     0.1625 r
  DP_i_decode_i_reg_file_i/U114/ZN (XNOR2_X1)           0.0634     0.2259 r
  DP_i_decode_i_reg_file_i/U112/ZN (NAND4_X1)           0.0475     0.2733 f
  DP_i_decode_i_reg_file_i/U127/ZN (OR2_X1)             0.0654     0.3388 f
  DP_i_decode_i_reg_file_i/U219/ZN (NAND2_X1)           0.0446     0.3834 r
  DP_i_decode_i_reg_file_i/U220/ZN (INV_X1)             0.0342     0.4176 f
  DP_i_decode_i_reg_file_i/U236/ZN (AND2_X1)            0.0462     0.4638 f
  DP_i_decode_i_reg_file_i/U296/ZN (NAND2_X1)           0.0305     0.4943 r
  DP_i_decode_i_reg_file_i/U298/ZN (AND4_X1)            0.0662     0.5605 r
  DP_i_decode_i_reg_file_i/U311/ZN (NAND4_X1)           0.0384     0.5989 f
  DP_i_decode_i_reg_file_i/U149/ZN (NOR2_X1)            0.0411     0.6400 r
  DP_i_decode_i_reg_file_i/U154/ZN (NAND2_X1)           0.0371     0.6771 f
  DP_i_decode_i_reg_file_i/output1[1] (register_file)   0.0000     0.6771 f
  U1092/ZN (NAND2_X1)                                   0.0339     0.7110 r
  U1612/ZN (NAND2_X1)                                   0.0301     0.7411 f
  U1906/ZN (OAI211_X1)                                  0.0508     0.7919 r
  U2116/ZN (NAND2_X1)                                   0.0406     0.8325 f
  U4013/ZN (AND2_X2)                                    0.0590     0.8915 f
  U4028/ZN (NAND2_X1)                                   0.0475     0.9391 r
  U4031/ZN (NAND4_X1)                                   0.0401     0.9791 f
  U4032/Z (MUX2_X1)                                     0.0683     1.0475 f
  U4033/Z (MUX2_X1)                                     0.0683     1.1158 f
  U4034/ZN (INV_X1)                                     0.0298     1.1455 r
  U11016/ZN (OR2_X1)                                    0.0408     1.1863 r
  U11015/ZN (NAND3_X1)                                  0.0404     1.2267 f
  U872/ZN (NAND2_X1)                                    0.0408     1.2675 r
  U967/ZN (AND2_X2)                                     0.0554     1.3229 r
  U1964/ZN (NAND2_X1)                                   0.0766     1.3994 f
  U10583/ZN (NOR2_X1)                                   0.1109     1.5104 r
  U10660/ZN (AND2_X1)                                   0.0555     1.5659 r
  U10662/ZN (OR2_X1)                                    0.0315     1.5973 r
  CP_i_hazard_unit_i_G_scoreboard_reg_17__1_/D (DFF_X2)
                                                        0.0109     1.6082 r
  data arrival time                                                1.6082

  clock CLK (rise edge)                                 1.4000     1.4000
  clock network delay (ideal)                           0.0500     1.4500
  clock uncertainty                                    -0.0500     1.4000
  CP_i_hazard_unit_i_G_scoreboard_reg_17__1_/CK (DFF_X2)
                                                        0.0000     1.4000 r
  library setup time                                   -0.0260     1.3740
  data required time                                               1.3740
  --------------------------------------------------------------------------
  data required time                                               1.3740
  data arrival time                                               -1.6082
  --------------------------------------------------------------------------
  slack (VIOLATED)                                                -0.2342


  Startpoint: DP_i_fetch_i_IR_out_reg_23_
              (rising edge-triggered flip-flop clocked by CLK)
  Endpoint: CP_i_hazard_unit_i_G_scoreboard_reg_12__1_
            (rising edge-triggered flip-flop clocked by CLK)
  Path Group: REG2REG
  Path Type: max

  Des/Clust/Port     Wire Load Model       Library
  ------------------------------------------------
  DLX                5K_hvratio_1_4        NangateOpenCellLibrary

  Point                                                   Incr       Path
  --------------------------------------------------------------------------
  clock CLK (rise edge)                                 0.0000     0.0000
  clock network delay (ideal)                           0.0500     0.0500
  DP_i_fetch_i_IR_out_reg_23_/CK (DFF_X1)               0.0000     0.0500 r
  DP_i_fetch_i_IR_out_reg_23_/QN (DFF_X1)               0.0782     0.1282 f
  U8069/ZN (INV_X1)                                     0.0343     0.1625 r
  DP_i_decode_i_reg_file_i/addr_rs1[2] (register_file)
                                                        0.0000     0.1625 r
  DP_i_decode_i_reg_file_i/U114/ZN (XNOR2_X1)           0.0634     0.2259 r
  DP_i_decode_i_reg_file_i/U112/ZN (NAND4_X1)           0.0475     0.2733 f
  DP_i_decode_i_reg_file_i/U127/ZN (OR2_X1)             0.0654     0.3388 f
  DP_i_decode_i_reg_file_i/U219/ZN (NAND2_X1)           0.0446     0.3834 r
  DP_i_decode_i_reg_file_i/U220/ZN (INV_X1)             0.0342     0.4176 f
  DP_i_decode_i_reg_file_i/U236/ZN (AND2_X1)            0.0462     0.4638 f
  DP_i_decode_i_reg_file_i/U296/ZN (NAND2_X1)           0.0305     0.4943 r
  DP_i_decode_i_reg_file_i/U298/ZN (AND4_X1)            0.0662     0.5605 r
  DP_i_decode_i_reg_file_i/U311/ZN (NAND4_X1)           0.0384     0.5989 f
  DP_i_decode_i_reg_file_i/U149/ZN (NOR2_X1)            0.0411     0.6400 r
  DP_i_decode_i_reg_file_i/U154/ZN (NAND2_X1)           0.0371     0.6771 f
  DP_i_decode_i_reg_file_i/output1[1] (register_file)   0.0000     0.6771 f
  U1092/ZN (NAND2_X1)                                   0.0339     0.7110 r
  U1612/ZN (NAND2_X1)                                   0.0301     0.7411 f
  U1906/ZN (OAI211_X1)                                  0.0508     0.7919 r
  U2116/ZN (NAND2_X1)                                   0.0406     0.8325 f
  U4013/ZN (AND2_X2)                                    0.0590     0.8915 f
  U4028/ZN (NAND2_X1)                                   0.0475     0.9391 r
  U4031/ZN (NAND4_X1)                                   0.0401     0.9791 f
  U4032/Z (MUX2_X1)                                     0.0683     1.0475 f
  U4033/Z (MUX2_X1)                                     0.0683     1.1158 f
  U4034/ZN (INV_X1)                                     0.0298     1.1455 r
  U11016/ZN (OR2_X1)                                    0.0408     1.1863 r
  U11015/ZN (NAND3_X1)                                  0.0404     1.2267 f
  U872/ZN (NAND2_X1)                                    0.0408     1.2675 r
  U967/ZN (AND2_X2)                                     0.0554     1.3229 r
  U1964/ZN (NAND2_X1)                                   0.0766     1.3994 f
  U10596/ZN (NOR2_X1)                                   0.1109     1.5104 r
  U10630/ZN (AND2_X1)                                   0.0555     1.5659 r
  U10632/ZN (OR2_X1)                                    0.0315     1.5973 r
  CP_i_hazard_unit_i_G_scoreboard_reg_12__1_/D (DFF_X2)
                                                        0.0109     1.6082 r
  data arrival time                                                1.6082

  clock CLK (rise edge)                                 1.4000     1.4000
  clock network delay (ideal)                           0.0500     1.4500
  clock uncertainty                                    -0.0500     1.4000
  CP_i_hazard_unit_i_G_scoreboard_reg_12__1_/CK (DFF_X2)
                                                        0.0000     1.4000 r
  library setup time                                   -0.0260     1.3740
  data required time                                               1.3740
  --------------------------------------------------------------------------
  data required time                                               1.3740
  data arrival time                                               -1.6082
  --------------------------------------------------------------------------
  slack (VIOLATED)                                                -0.2342


  Startpoint: DP_i_fetch_i_IR_out_reg_23_
              (rising edge-triggered flip-flop clocked by CLK)
  Endpoint: CP_i_hazard_unit_i_G_scoreboard_reg_11__1_
            (rising edge-triggered flip-flop clocked by CLK)
  Path Group: REG2REG
  Path Type: max

  Des/Clust/Port     Wire Load Model       Library
  ------------------------------------------------
  DLX                5K_hvratio_1_4        NangateOpenCellLibrary

  Point                                                   Incr       Path
  --------------------------------------------------------------------------
  clock CLK (rise edge)                                 0.0000     0.0000
  clock network delay (ideal)                           0.0500     0.0500
  DP_i_fetch_i_IR_out_reg_23_/CK (DFF_X1)               0.0000     0.0500 r
  DP_i_fetch_i_IR_out_reg_23_/QN (DFF_X1)               0.0782     0.1282 f
  U8069/ZN (INV_X1)                                     0.0343     0.1625 r
  DP_i_decode_i_reg_file_i/addr_rs1[2] (register_file)
                                                        0.0000     0.1625 r
  DP_i_decode_i_reg_file_i/U114/ZN (XNOR2_X1)           0.0634     0.2259 r
  DP_i_decode_i_reg_file_i/U112/ZN (NAND4_X1)           0.0475     0.2733 f
  DP_i_decode_i_reg_file_i/U127/ZN (OR2_X1)             0.0654     0.3388 f
  DP_i_decode_i_reg_file_i/U219/ZN (NAND2_X1)           0.0446     0.3834 r
  DP_i_decode_i_reg_file_i/U220/ZN (INV_X1)             0.0342     0.4176 f
  DP_i_decode_i_reg_file_i/U236/ZN (AND2_X1)            0.0462     0.4638 f
  DP_i_decode_i_reg_file_i/U296/ZN (NAND2_X1)           0.0305     0.4943 r
  DP_i_decode_i_reg_file_i/U298/ZN (AND4_X1)            0.0662     0.5605 r
  DP_i_decode_i_reg_file_i/U311/ZN (NAND4_X1)           0.0384     0.5989 f
  DP_i_decode_i_reg_file_i/U149/ZN (NOR2_X1)            0.0411     0.6400 r
  DP_i_decode_i_reg_file_i/U154/ZN (NAND2_X1)           0.0371     0.6771 f
  DP_i_decode_i_reg_file_i/output1[1] (register_file)   0.0000     0.6771 f
  U1092/ZN (NAND2_X1)                                   0.0339     0.7110 r
  U1612/ZN (NAND2_X1)                                   0.0301     0.7411 f
  U1906/ZN (OAI211_X1)                                  0.0508     0.7919 r
  U2116/ZN (NAND2_X1)                                   0.0406     0.8325 f
  U4013/ZN (AND2_X2)                                    0.0590     0.8915 f
  U4028/ZN (NAND2_X1)                                   0.0475     0.9391 r
  U4031/ZN (NAND4_X1)                                   0.0401     0.9791 f
  U4032/Z (MUX2_X1)                                     0.0683     1.0475 f
  U4033/Z (MUX2_X1)                                     0.0683     1.1158 f
  U4034/ZN (INV_X1)                                     0.0298     1.1455 r
  U11016/ZN (OR2_X1)                                    0.0408     1.1863 r
  U11015/ZN (NAND3_X1)                                  0.0404     1.2267 f
  U872/ZN (NAND2_X1)                                    0.0408     1.2675 r
  U967/ZN (AND2_X2)                                     0.0554     1.3229 r
  U1964/ZN (NAND2_X1)                                   0.0766     1.3994 f
  U10596/ZN (NOR2_X1)                                   0.1109     1.5104 r
  U10690/ZN (AND2_X1)                                   0.0555     1.5659 r
  U10692/ZN (OR2_X1)                                    0.0315     1.5973 r
  CP_i_hazard_unit_i_G_scoreboard_reg_11__1_/D (DFF_X2)
                                                        0.0109     1.6082 r
  data arrival time                                                1.6082

  clock CLK (rise edge)                                 1.4000     1.4000
  clock network delay (ideal)                           0.0500     1.4500
  clock uncertainty                                    -0.0500     1.4000
  CP_i_hazard_unit_i_G_scoreboard_reg_11__1_/CK (DFF_X2)
                                                        0.0000     1.4000 r
  library setup time                                   -0.0260     1.3740
  data required time                                               1.3740
  --------------------------------------------------------------------------
  data required time                                               1.3740
  data arrival time                                               -1.6082
  --------------------------------------------------------------------------
  slack (VIOLATED)                                                -0.2342


  Startpoint: DP_i_fetch_i_IR_out_reg_23_
              (rising edge-triggered flip-flop clocked by CLK)
  Endpoint: CP_i_hazard_unit_i_G_scoreboard_reg_10__1_
            (rising edge-triggered flip-flop clocked by CLK)
  Path Group: REG2REG
  Path Type: max

  Des/Clust/Port     Wire Load Model       Library
  ------------------------------------------------
  DLX                5K_hvratio_1_4        NangateOpenCellLibrary

  Point                                                   Incr       Path
  --------------------------------------------------------------------------
  clock CLK (rise edge)                                 0.0000     0.0000
  clock network delay (ideal)                           0.0500     0.0500
  DP_i_fetch_i_IR_out_reg_23_/CK (DFF_X1)               0.0000     0.0500 r
  DP_i_fetch_i_IR_out_reg_23_/QN (DFF_X1)               0.0782     0.1282 f
  U8069/ZN (INV_X1)                                     0.0343     0.1625 r
  DP_i_decode_i_reg_file_i/addr_rs1[2] (register_file)
                                                        0.0000     0.1625 r
  DP_i_decode_i_reg_file_i/U114/ZN (XNOR2_X1)           0.0634     0.2259 r
  DP_i_decode_i_reg_file_i/U112/ZN (NAND4_X1)           0.0475     0.2733 f
  DP_i_decode_i_reg_file_i/U127/ZN (OR2_X1)             0.0654     0.3388 f
  DP_i_decode_i_reg_file_i/U219/ZN (NAND2_X1)           0.0446     0.3834 r
  DP_i_decode_i_reg_file_i/U220/ZN (INV_X1)             0.0342     0.4176 f
  DP_i_decode_i_reg_file_i/U236/ZN (AND2_X1)            0.0462     0.4638 f
  DP_i_decode_i_reg_file_i/U296/ZN (NAND2_X1)           0.0305     0.4943 r
  DP_i_decode_i_reg_file_i/U298/ZN (AND4_X1)            0.0662     0.5605 r
  DP_i_decode_i_reg_file_i/U311/ZN (NAND4_X1)           0.0384     0.5989 f
  DP_i_decode_i_reg_file_i/U149/ZN (NOR2_X1)            0.0411     0.6400 r
  DP_i_decode_i_reg_file_i/U154/ZN (NAND2_X1)           0.0371     0.6771 f
  DP_i_decode_i_reg_file_i/output1[1] (register_file)   0.0000     0.6771 f
  U1092/ZN (NAND2_X1)                                   0.0339     0.7110 r
  U1612/ZN (NAND2_X1)                                   0.0301     0.7411 f
  U1906/ZN (OAI211_X1)                                  0.0508     0.7919 r
  U2116/ZN (NAND2_X1)                                   0.0406     0.8325 f
  U4013/ZN (AND2_X2)                                    0.0590     0.8915 f
  U4028/ZN (NAND2_X1)                                   0.0475     0.9391 r
  U4031/ZN (NAND4_X1)                                   0.0401     0.9791 f
  U4032/Z (MUX2_X1)                                     0.0683     1.0475 f
  U4033/Z (MUX2_X1)                                     0.0683     1.1158 f
  U4034/ZN (INV_X1)                                     0.0298     1.1455 r
  U11016/ZN (OR2_X1)                                    0.0408     1.1863 r
  U11015/ZN (NAND3_X1)                                  0.0404     1.2267 f
  U872/ZN (NAND2_X1)                                    0.0408     1.2675 r
  U967/ZN (AND2_X2)                                     0.0554     1.3229 r
  U1964/ZN (NAND2_X1)                                   0.0766     1.3994 f
  U10596/ZN (NOR2_X1)                                   0.1109     1.5104 r
  U10611/ZN (AND2_X1)                                   0.0555     1.5659 r
  U10613/ZN (OR2_X1)                                    0.0315     1.5973 r
  CP_i_hazard_unit_i_G_scoreboard_reg_10__1_/D (DFF_X2)
                                                        0.0109     1.6082 r
  data arrival time                                                1.6082

  clock CLK (rise edge)                                 1.4000     1.4000
  clock network delay (ideal)                           0.0500     1.4500
  clock uncertainty                                    -0.0500     1.4000
  CP_i_hazard_unit_i_G_scoreboard_reg_10__1_/CK (DFF_X2)
                                                        0.0000     1.4000 r
  library setup time                                   -0.0260     1.3740
  data required time                                               1.3740
  --------------------------------------------------------------------------
  data required time                                               1.3740
  data arrival time                                               -1.6082
  --------------------------------------------------------------------------
  slack (VIOLATED)                                                -0.2342


  Startpoint: DP_i_fetch_i_IR_out_reg_23_
              (rising edge-triggered flip-flop clocked by CLK)
  Endpoint: CP_i_hazard_unit_i_G_scoreboard_reg_13__1_
            (rising edge-triggered flip-flop clocked by CLK)
  Path Group: REG2REG
  Path Type: max

  Des/Clust/Port     Wire Load Model       Library
  ------------------------------------------------
  DLX                5K_hvratio_1_4        NangateOpenCellLibrary

  Point                                                   Incr       Path
  --------------------------------------------------------------------------
  clock CLK (rise edge)                                 0.0000     0.0000
  clock network delay (ideal)                           0.0500     0.0500
  DP_i_fetch_i_IR_out_reg_23_/CK (DFF_X1)               0.0000     0.0500 r
  DP_i_fetch_i_IR_out_reg_23_/QN (DFF_X1)               0.0782     0.1282 f
  U8069/ZN (INV_X1)                                     0.0343     0.1625 r
  DP_i_decode_i_reg_file_i/addr_rs1[2] (register_file)
                                                        0.0000     0.1625 r
  DP_i_decode_i_reg_file_i/U114/ZN (XNOR2_X1)           0.0634     0.2259 r
  DP_i_decode_i_reg_file_i/U112/ZN (NAND4_X1)           0.0475     0.2733 f
  DP_i_decode_i_reg_file_i/U127/ZN (OR2_X1)             0.0654     0.3388 f
  DP_i_decode_i_reg_file_i/U219/ZN (NAND2_X1)           0.0446     0.3834 r
  DP_i_decode_i_reg_file_i/U220/ZN (INV_X1)             0.0342     0.4176 f
  DP_i_decode_i_reg_file_i/U236/ZN (AND2_X1)            0.0462     0.4638 f
  DP_i_decode_i_reg_file_i/U296/ZN (NAND2_X1)           0.0305     0.4943 r
  DP_i_decode_i_reg_file_i/U298/ZN (AND4_X1)            0.0662     0.5605 r
  DP_i_decode_i_reg_file_i/U311/ZN (NAND4_X1)           0.0384     0.5989 f
  DP_i_decode_i_reg_file_i/U149/ZN (NOR2_X1)            0.0411     0.6400 r
  DP_i_decode_i_reg_file_i/U154/ZN (NAND2_X1)           0.0371     0.6771 f
  DP_i_decode_i_reg_file_i/output1[1] (register_file)   0.0000     0.6771 f
  U1092/ZN (NAND2_X1)                                   0.0339     0.7110 r
  U1612/ZN (NAND2_X1)                                   0.0301     0.7411 f
  U1906/ZN (OAI211_X1)                                  0.0508     0.7919 r
  U2116/ZN (NAND2_X1)                                   0.0406     0.8325 f
  U4013/ZN (AND2_X2)                                    0.0590     0.8915 f
  U4028/ZN (NAND2_X1)                                   0.0475     0.9391 r
  U4031/ZN (NAND4_X1)                                   0.0401     0.9791 f
  U4032/Z (MUX2_X1)                                     0.0683     1.0475 f
  U4033/Z (MUX2_X1)                                     0.0683     1.1158 f
  U4034/ZN (INV_X1)                                     0.0298     1.1455 r
  U11016/ZN (OR2_X1)                                    0.0408     1.1863 r
  U11015/ZN (NAND3_X1)                                  0.0404     1.2267 f
  U872/ZN (NAND2_X1)                                    0.0408     1.2675 r
  U967/ZN (AND2_X2)                                     0.0554     1.3229 r
  U1964/ZN (NAND2_X1)                                   0.0766     1.3994 f
  U10596/ZN (NOR2_X1)                                   0.1109     1.5104 r
  U10714/ZN (AND2_X1)                                   0.0555     1.5659 r
  U10716/ZN (OR2_X1)                                    0.0315     1.5973 r
  CP_i_hazard_unit_i_G_scoreboard_reg_13__1_/D (DFF_X2)
                                                        0.0109     1.6082 r
  data arrival time                                                1.6082

  clock CLK (rise edge)                                 1.4000     1.4000
  clock network delay (ideal)                           0.0500     1.4500
  clock uncertainty                                    -0.0500     1.4000
  CP_i_hazard_unit_i_G_scoreboard_reg_13__1_/CK (DFF_X2)
                                                        0.0000     1.4000 r
  library setup time                                   -0.0260     1.3740
  data required time                                               1.3740
  --------------------------------------------------------------------------
  data required time                                               1.3740
  data arrival time                                               -1.6082
  --------------------------------------------------------------------------
  slack (VIOLATED)                                                -0.2342


  Startpoint: DP_i_fetch_i_IR_out_reg_23_
              (rising edge-triggered flip-flop clocked by CLK)
  Endpoint: CP_i_hazard_unit_i_G_scoreboard_reg_9__1_
            (rising edge-triggered flip-flop clocked by CLK)
  Path Group: REG2REG
  Path Type: max

  Des/Clust/Port     Wire Load Model       Library
  ------------------------------------------------
  DLX                5K_hvratio_1_4        NangateOpenCellLibrary

  Point                                                   Incr       Path
  --------------------------------------------------------------------------
  clock CLK (rise edge)                                 0.0000     0.0000
  clock network delay (ideal)                           0.0500     0.0500
  DP_i_fetch_i_IR_out_reg_23_/CK (DFF_X1)               0.0000     0.0500 r
  DP_i_fetch_i_IR_out_reg_23_/QN (DFF_X1)               0.0782     0.1282 f
  U8069/ZN (INV_X1)                                     0.0343     0.1625 r
  DP_i_decode_i_reg_file_i/addr_rs1[2] (register_file)
                                                        0.0000     0.1625 r
  DP_i_decode_i_reg_file_i/U114/ZN (XNOR2_X1)           0.0634     0.2259 r
  DP_i_decode_i_reg_file_i/U112/ZN (NAND4_X1)           0.0475     0.2733 f
  DP_i_decode_i_reg_file_i/U127/ZN (OR2_X1)             0.0654     0.3388 f
  DP_i_decode_i_reg_file_i/U219/ZN (NAND2_X1)           0.0446     0.3834 r
  DP_i_decode_i_reg_file_i/U220/ZN (INV_X1)             0.0342     0.4176 f
  DP_i_decode_i_reg_file_i/U236/ZN (AND2_X1)            0.0462     0.4638 f
  DP_i_decode_i_reg_file_i/U296/ZN (NAND2_X1)           0.0305     0.4943 r
  DP_i_decode_i_reg_file_i/U298/ZN (AND4_X1)            0.0662     0.5605 r
  DP_i_decode_i_reg_file_i/U311/ZN (NAND4_X1)           0.0384     0.5989 f
  DP_i_decode_i_reg_file_i/U149/ZN (NOR2_X1)            0.0411     0.6400 r
  DP_i_decode_i_reg_file_i/U154/ZN (NAND2_X1)           0.0371     0.6771 f
  DP_i_decode_i_reg_file_i/output1[1] (register_file)   0.0000     0.6771 f
  U1092/ZN (NAND2_X1)                                   0.0339     0.7110 r
  U1612/ZN (NAND2_X1)                                   0.0301     0.7411 f
  U1906/ZN (OAI211_X1)                                  0.0508     0.7919 r
  U2116/ZN (NAND2_X1)                                   0.0406     0.8325 f
  U4013/ZN (AND2_X2)                                    0.0590     0.8915 f
  U4028/ZN (NAND2_X1)                                   0.0475     0.9391 r
  U4031/ZN (NAND4_X1)                                   0.0401     0.9791 f
  U4032/Z (MUX2_X1)                                     0.0683     1.0475 f
  U4033/Z (MUX2_X1)                                     0.0683     1.1158 f
  U4034/ZN (INV_X1)                                     0.0298     1.1455 r
  U11016/ZN (OR2_X1)                                    0.0408     1.1863 r
  U11015/ZN (NAND3_X1)                                  0.0404     1.2267 f
  U872/ZN (NAND2_X1)                                    0.0408     1.2675 r
  U967/ZN (AND2_X2)                                     0.0554     1.3229 r
  U1964/ZN (NAND2_X1)                                   0.0766     1.3994 f
  U10596/ZN (NOR2_X1)                                   0.1109     1.5104 r
  U10666/ZN (AND2_X1)                                   0.0555     1.5659 r
  U10668/ZN (OR2_X1)                                    0.0315     1.5973 r
  CP_i_hazard_unit_i_G_scoreboard_reg_9__1_/D (DFF_X2)
                                                        0.0109     1.6082 r
  data arrival time                                                1.6082

  clock CLK (rise edge)                                 1.4000     1.4000
  clock network delay (ideal)                           0.0500     1.4500
  clock uncertainty                                    -0.0500     1.4000
  CP_i_hazard_unit_i_G_scoreboard_reg_9__1_/CK (DFF_X2)
                                                        0.0000     1.4000 r
  library setup time                                   -0.0260     1.3740
  data required time                                               1.3740
  --------------------------------------------------------------------------
  data required time                                               1.3740
  data arrival time                                               -1.6082
  --------------------------------------------------------------------------
  slack (VIOLATED)                                                -0.2342


1
