 
****************************************
Report : timing
        -path full
        -delay max
        -nworst 2
        -group REG2REG
        -max_paths 10
Design : DLX
Version: W-2024.09-SP2
Date   : Sun Sep 27 11:14:10 2026
****************************************

Operating Conditions: typical   Library: NangateOpenCellLibrary
Wire Load Model Mode: top

  Startpoint: DP_i_mem_access_i_rd_out_reg_i_Y_reg_1_
              (rising edge-triggered flip-flop clocked by CLK)
  Endpoint: DP_i_execute_i_zero_alu_bit_Y_reg
            (rising edge-triggered flip-flop clocked by CLK)
  Path Group: REG2REG
  Path Type: max

  Des/Clust/Port     Wire Load Model       Library
  ------------------------------------------------
  DLX                5K_hvratio_1_4        NangateOpenCellLibrary

  Point                                                   Incr       Path
  --------------------------------------------------------------------------
  clock CLK (rise edge)                                 0.0000     0.0000
  clock network delay (ideal)                           0.0500     0.0500
  DP_i_mem_access_i_rd_out_reg_i_Y_reg_1_/CK (DFF_X1)   0.0000     0.0500 r
  DP_i_mem_access_i_rd_out_reg_i_Y_reg_1_/Q (DFF_X1)    0.1023     0.1523 r
  U4667/ZN (XNOR2_X1)                                   0.0592     0.2115 r
  U6044/ZN (AND3_X1)                                    0.0545     0.2661 r
  U6024/ZN (AND3_X1)                                    0.0596     0.3257 r
  U3942/Z (BUF_X2)                                      0.0504     0.3760 r
  U4800/ZN (NAND2_X1)                                   0.0381     0.4142 f
  U4801/ZN (OAI211_X1)                                  0.0356     0.4498 r
  U1317/ZN (AND3_X2)                                    0.0841     0.5338 r
  U4921/ZN (XNOR2_X1)                                   0.0869     0.6207 r
  U1001/ZN (AND2_X1)                                    0.0466     0.6673 r
  U3618/ZN (NAND2_X1)                                   0.0287     0.6960 f
  U3391/ZN (AND2_X1)                                    0.0397     0.7358 f
  U4953/ZN (XNOR2_X1)                                   0.0590     0.7948 f
  U5741/ZN (AND2_X1)                                    0.0466     0.8414 f
  U5457/ZN (NAND2_X1)                                   0.0399     0.8813 r
  U5458/ZN (NAND2_X1)                                   0.0350     0.9163 f
  U5510/ZN (AND2_X1)                                    0.0419     0.9582 f
  U4074/ZN (NOR2_X1)                                    0.0408     0.9990 r
  U1478/ZN (OR2_X1)                                     0.0405     1.0395 r
  U1391/ZN (AND4_X1)                                    0.0658     1.1053 r
  U1371/ZN (NAND4_X1)                                   0.0435     1.1488 f
  U11689/ZN (INV_X1)                                    0.0311     1.1799 r
  U3656/ZN (NAND4_X1)                                   0.0448     1.2247 f
  U12915/ZN (NOR4_X1)                                   0.0971     1.3218 r
  U11700/ZN (NAND4_X1)                                  0.0488     1.3706 f
  U12916/ZN (NAND2_X1)                                  0.0322     1.4028 r
  U12917/ZN (AND4_X1)                                   0.0649     1.4677 r
  DP_i_execute_i_zero_alu_bit_Y_reg/D (DFF_X2)          0.0109     1.4786 r
  data arrival time                                                1.4786

  clock CLK (rise edge)                                 1.0000     1.0000
  clock network delay (ideal)                           0.0500     1.0500
  clock uncertainty                                    -0.0500     1.0000
  DP_i_execute_i_zero_alu_bit_Y_reg/CK (DFF_X2)         0.0000     1.0000 r
  library setup time                                   -0.0270     0.9730
  data required time                                               0.9730
  --------------------------------------------------------------------------
  data required time                                               0.9730
  data arrival time                                               -1.4786
  --------------------------------------------------------------------------
  slack (VIOLATED)                                                -0.5055


  Startpoint: DP_i_mem_access_i_rd_out_reg_i_Y_reg_1_
              (rising edge-triggered flip-flop clocked by CLK)
  Endpoint: DP_i_execute_i_boothmul_i_tree_i_register_i_2_Y_temp_reg_31_
            (rising edge-triggered flip-flop clocked by CLK)
  Path Group: REG2REG
  Path Type: max

  Des/Clust/Port     Wire Load Model       Library
  ------------------------------------------------
  DLX                5K_hvratio_1_4        NangateOpenCellLibrary

  Point                                                   Incr       Path
  --------------------------------------------------------------------------
  clock CLK (rise edge)                                 0.0000     0.0000
  clock network delay (ideal)                           0.0500     0.0500
  DP_i_mem_access_i_rd_out_reg_i_Y_reg_1_/CK (DFF_X1)   0.0000     0.0500 r
  DP_i_mem_access_i_rd_out_reg_i_Y_reg_1_/Q (DFF_X1)    0.1023     0.1523 r
  U4667/ZN (XNOR2_X1)                                   0.0592     0.2115 r
  U6044/ZN (AND3_X1)                                    0.0545     0.2661 r
  U6024/ZN (AND3_X1)                                    0.0596     0.3257 r
  U3421/ZN (AND2_X1)                                    0.0587     0.3844 r
  U4765/ZN (INV_X1)                                     0.0377     0.4221 f
  U4964/ZN (INV_X1)                                     0.0414     0.4635 r
  U4965/ZN (NAND2_X1)                                   0.0396     0.5031 f
  U3254/ZN (NAND4_X1)                                   0.0386     0.5418 r
  U3253/ZN (AND2_X2)                                    0.0705     0.6123 r
  U13206/ZN (NAND2_X1)                                  0.0640     0.6762 f
  U3467/ZN (XNOR2_X1)                                   0.0770     0.7532 f
  U13269/Z (BUF_X1)                                     0.0561     0.8093 f
  U7126/ZN (INV_X1)                                     0.0414     0.8508 r
  U7131/ZN (OR2_X1)                                     0.0366     0.8873 r
  U7132/ZN (NAND2_X1)                                   0.0329     0.9203 f
  U7136/S (FA_X1)                                       0.1473     1.0676 r
  U3300/ZN (INV_X1)                                     0.0299     1.0976 f
  U7164/CO (FA_X1)                                      0.1101     1.2076 f
  U11538/ZN (OR2_X1)                                    0.0594     1.2671 f
  U3948/ZN (OAI21_X1)                                   0.0362     1.3032 r
  U11539/ZN (XNOR2_X1)                                  0.0630     1.3663 r
  U11544/ZN (XNOR2_X1)                                  0.0598     1.4260 r
  U12891/ZN (AND2_X1)                                   0.0421     1.4681 r
  DP_i_execute_i_boothmul_i_tree_i_register_i_2_Y_temp_reg_31_/D (DFF_X2)
                                                        0.0109     1.4790 r
  data arrival time                                                1.4790

  clock CLK (rise edge)                                 1.0000     1.0000
  clock network delay (ideal)                           0.0500     1.0500
  clock uncertainty                                    -0.0500     1.0000
  DP_i_execute_i_boothmul_i_tree_i_register_i_2_Y_temp_reg_31_/CK (DFF_X2)
                                                        0.0000     1.0000 r
  library setup time                                   -0.0262     0.9738
  data required time                                               0.9738
  --------------------------------------------------------------------------
  data required time                                               0.9738
  data arrival time                                               -1.4790
  --------------------------------------------------------------------------
  slack (VIOLATED)                                                -0.5051


  Startpoint: DP_i_mem_access_i_rd_out_reg_i_Y_reg_1_
              (rising edge-triggered flip-flop clocked by CLK)
  Endpoint: DP_i_execute_i_zero_alu_bit_Y_reg
            (rising edge-triggered flip-flop clocked by CLK)
  Path Group: REG2REG
  Path Type: max

  Des/Clust/Port     Wire Load Model       Library
  ------------------------------------------------
  DLX                5K_hvratio_1_4        NangateOpenCellLibrary

  Point                                                   Incr       Path
  --------------------------------------------------------------------------
  clock CLK (rise edge)                                 0.0000     0.0000
  clock network delay (ideal)                           0.0500     0.0500
  DP_i_mem_access_i_rd_out_reg_i_Y_reg_1_/CK (DFF_X1)   0.0000     0.0500 r
  DP_i_mem_access_i_rd_out_reg_i_Y_reg_1_/Q (DFF_X1)    0.1023     0.1523 r
  U4667/ZN (XNOR2_X1)                                   0.0592     0.2115 r
  U6044/ZN (AND3_X1)                                    0.0545     0.2661 r
  U6024/ZN (AND3_X1)                                    0.0596     0.3257 r
  U3942/Z (BUF_X2)                                      0.0504     0.3760 r
  U4800/ZN (NAND2_X1)                                   0.0381     0.4142 f
  U4801/ZN (OAI211_X1)                                  0.0349     0.4490 r
  U1317/ZN (AND3_X2)                                    0.0841     0.5331 r
  U4921/ZN (XNOR2_X1)                                   0.0869     0.6200 r
  U1001/ZN (AND2_X1)                                    0.0466     0.6666 r
  U3618/ZN (NAND2_X1)                                   0.0287     0.6953 f
  U3391/ZN (AND2_X1)                                    0.0397     0.7350 f
  U4953/ZN (XNOR2_X1)                                   0.0590     0.7941 f
  U5741/ZN (AND2_X1)                                    0.0466     0.8406 f
  U5457/ZN (NAND2_X1)                                   0.0399     0.8805 r
  U5458/ZN (NAND2_X1)                                   0.0350     0.9155 f
  U5510/ZN (AND2_X1)                                    0.0419     0.9574 f
  U4074/ZN (NOR2_X1)                                    0.0408     0.9982 r
  U1478/ZN (OR2_X1)                                     0.0405     1.0388 r
  U1391/ZN (AND4_X1)                                    0.0658     1.1045 r
  U1371/ZN (NAND4_X1)                                   0.0435     1.1480 f
  U11689/ZN (INV_X1)                                    0.0311     1.1791 r
  U3656/ZN (NAND4_X1)                                   0.0448     1.2240 f
  U12915/ZN (NOR4_X1)                                   0.0971     1.3210 r
  U11700/ZN (NAND4_X1)                                  0.0488     1.3699 f
  U12916/ZN (NAND2_X1)                                  0.0322     1.4021 r
  U12917/ZN (AND4_X1)                                   0.0649     1.4669 r
  DP_i_execute_i_zero_alu_bit_Y_reg/D (DFF_X2)          0.0109     1.4778 r
  data arrival time                                                1.4778

  clock CLK (rise edge)                                 1.0000     1.0000
  clock network delay (ideal)                           0.0500     1.0500
  clock uncertainty                                    -0.0500     1.0000
  DP_i_execute_i_zero_alu_bit_Y_reg/CK (DFF_X2)         0.0000     1.0000 r
  library setup time                                   -0.0270     0.9730
  data required time                                               0.9730
  --------------------------------------------------------------------------
  data required time                                               0.9730
  data arrival time                                               -1.4778
  --------------------------------------------------------------------------
  slack (VIOLATED)                                                -0.5048


  Startpoint: DP_i_mem_access_i_rd_out_reg_i_Y_reg_1_
              (rising edge-triggered flip-flop clocked by CLK)
  Endpoint: DP_i_execute_i_boothmul_i_tree_i_register_i_2_Y_temp_reg_31_
            (rising edge-triggered flip-flop clocked by CLK)
  Path Group: REG2REG
  Path Type: max

  Des/Clust/Port     Wire Load Model       Library
  ------------------------------------------------
  DLX                5K_hvratio_1_4        NangateOpenCellLibrary

  Point                                                   Incr       Path
  --------------------------------------------------------------------------
  clock CLK (rise edge)                                 0.0000     0.0000
  clock network delay (ideal)                           0.0500     0.0500
  DP_i_mem_access_i_rd_out_reg_i_Y_reg_1_/CK (DFF_X1)   0.0000     0.0500 r
  DP_i_mem_access_i_rd_out_reg_i_Y_reg_1_/Q (DFF_X1)    0.1023     0.1523 r
  U4667/ZN (XNOR2_X1)                                   0.0592     0.2115 r
  U6044/ZN (AND3_X1)                                    0.0545     0.2661 r
  U6024/ZN (AND3_X1)                                    0.0596     0.3257 r
  U3421/ZN (AND2_X1)                                    0.0587     0.3844 r
  U4765/ZN (INV_X1)                                     0.0377     0.4221 f
  U4964/ZN (INV_X1)                                     0.0414     0.4635 r
  U4965/ZN (NAND2_X1)                                   0.0396     0.5031 f
  U3254/ZN (NAND4_X1)                                   0.0386     0.5418 r
  U3253/ZN (AND2_X2)                                    0.0705     0.6123 r
  U13206/ZN (NAND2_X1)                                  0.0640     0.6762 f
  U3467/ZN (XNOR2_X1)                                   0.0770     0.7532 f
  U13269/Z (BUF_X1)                                     0.0561     0.8093 f
  U7126/ZN (INV_X1)                                     0.0414     0.8508 r
  U7131/ZN (OR2_X1)                                     0.0366     0.8873 r
  U7132/ZN (NAND2_X1)                                   0.0329     0.9203 f
  U7136/S (FA_X1)                                       0.1467     1.0670 r
  U3300/ZN (INV_X1)                                     0.0299     1.0969 f
  U7164/CO (FA_X1)                                      0.1101     1.2070 f
  U11538/ZN (OR2_X1)                                    0.0594     1.2665 f
  U3948/ZN (OAI21_X1)                                   0.0362     1.3026 r
  U11539/ZN (XNOR2_X1)                                  0.0630     1.3657 r
  U11544/ZN (XNOR2_X1)                                  0.0598     1.4254 r
  U12891/ZN (AND2_X1)                                   0.0421     1.4675 r
  DP_i_execute_i_boothmul_i_tree_i_register_i_2_Y_temp_reg_31_/D (DFF_X2)
                                                        0.0109     1.4784 r
  data arrival time                                                1.4784

  clock CLK (rise edge)                                 1.0000     1.0000
  clock network delay (ideal)                           0.0500     1.0500
  clock uncertainty                                    -0.0500     1.0000
  DP_i_execute_i_boothmul_i_tree_i_register_i_2_Y_temp_reg_31_/CK (DFF_X2)
                                                        0.0000     1.0000 r
  library setup time                                   -0.0262     0.9738
  data required time                                               0.9738
  --------------------------------------------------------------------------
  data required time                                               0.9738
  data arrival time                                               -1.4784
  --------------------------------------------------------------------------
  slack (VIOLATED)                                                -0.5045


  Startpoint: DP_i_execute_i_rd_out_reg_i_Y_reg_1_
              (rising edge-triggered flip-flop clocked by CLK)
  Endpoint: DP_i_execute_i_boothmul_i_tree_i_register_i_3_Y_temp_reg_30_
            (rising edge-triggered flip-flop clocked by CLK)
  Path Group: REG2REG
  Path Type: max

  Des/Clust/Port     Wire Load Model       Library
  ------------------------------------------------
  DLX                5K_hvratio_1_4        NangateOpenCellLibrary

  Point                                                   Incr       Path
  --------------------------------------------------------------------------
  clock CLK (rise edge)                                 0.0000     0.0000
  clock network delay (ideal)                           0.0500     0.0500
  DP_i_execute_i_rd_out_reg_i_Y_reg_1_/CK (DFF_X1)      0.0000     0.0500 r
  DP_i_execute_i_rd_out_reg_i_Y_reg_1_/Q (DFF_X1)       0.1081     0.1581 r
  U3755/Z (XOR2_X1)                                     0.0662     0.2243 r
  U3544/ZN (AND2_X1)                                    0.0496     0.2739 r
  U5074/ZN (NAND4_X1)                                   0.0429     0.3168 f
  U3406/Z (BUF_X1)                                      0.0505     0.3673 f
  U5999/Z (BUF_X2)                                      0.0576     0.4249 f
  U4414/ZN (OR2_X1)                                     0.0739     0.4988 f
  U5585/ZN (OAI21_X1)                                   0.0541     0.5528 r
  U5636/ZN (INV_X1)                                     0.0294     0.5822 f
  U3728/ZN (AND2_X1)                                    0.0395     0.6218 f
  U3727/ZN (NAND2_X1)                                   0.0350     0.6567 r
  U926/ZN (AND4_X4)                                     0.1111     0.7678 r
  U7092/ZN (AND2_X1)                                    0.0668     0.8346 r
  U7093/ZN (AOI21_X1)                                   0.0335     0.8681 f
  U2693/S (FA_X1)                                       0.1582     1.0263 r
  U7097/S (FA_X1)                                       0.1361     1.1624 f
  U3682/S (FA_X1)                                       0.1432     1.3055 r
  U7140/ZN (XNOR2_X1)                                   0.0600     1.3656 r
  U7180/ZN (XNOR2_X1)                                   0.0598     1.4253 r
  U12759/ZN (AND2_X1)                                   0.0420     1.4674 r
  DP_i_execute_i_boothmul_i_tree_i_register_i_3_Y_temp_reg_30_/D (DFF_X2)
                                                        0.0109     1.4783 r
  data arrival time                                                1.4783

  clock CLK (rise edge)                                 1.0000     1.0000
  clock network delay (ideal)                           0.0500     1.0500
  clock uncertainty                                    -0.0500     1.0000
  DP_i_execute_i_boothmul_i_tree_i_register_i_3_Y_temp_reg_30_/CK (DFF_X2)
                                                        0.0000     1.0000 r
  library setup time                                   -0.0262     0.9738
  data required time                                               0.9738
  --------------------------------------------------------------------------
  data required time                                               0.9738
  data arrival time                                               -1.4783
  --------------------------------------------------------------------------
  slack (VIOLATED)                                                -0.5044


  Startpoint: DP_i_mem_access_i_rd_out_reg_i_Y_reg_2_
              (rising edge-triggered flip-flop clocked by CLK)
  Endpoint: DP_i_execute_i_boothmul_i_tree_i_register_i_1_Y_temp_reg_30_
            (rising edge-triggered flip-flop clocked by CLK)
  Path Group: REG2REG
  Path Type: max

  Des/Clust/Port     Wire Load Model       Library
  ------------------------------------------------
  DLX                5K_hvratio_1_4        NangateOpenCellLibrary

  Point                                                   Incr       Path
  --------------------------------------------------------------------------
  clock CLK (rise edge)                                 0.0000     0.0000
  clock network delay (ideal)                           0.0500     0.0500
  DP_i_mem_access_i_rd_out_reg_i_Y_reg_2_/CK (DFF_X1)   0.0000     0.0500 r
  DP_i_mem_access_i_rd_out_reg_i_Y_reg_2_/Q (DFF_X1)    0.1085     0.1585 r
  U4650/ZN (XNOR2_X1)                                   0.0629     0.2215 r
  U9951/ZN (AND2_X1)                                    0.0452     0.2667 r
  U6064/ZN (AND3_X1)                                    0.0545     0.3212 r
  U4652/ZN (INV_X1)                                     0.0284     0.3496 f
  U4783/ZN (AND2_X2)                                    0.0510     0.4006 f
  U3709/ZN (NAND2_X1)                                   0.0410     0.4416 r
  U3691/ZN (NAND4_X1)                                   0.0402     0.4818 f
  U3692/ZN (NAND2_X1)                                   0.0431     0.5249 r
  U5929/Z (BUF_X2)                                      0.0686     0.5935 r
  U5592/ZN (NOR2_X1)                                    0.0496     0.6431 f
  U1169/ZN (NAND2_X1)                                   0.0623     0.7055 r
  U4212/ZN (INV_X1)                                     0.0344     0.7398 f
  U7141/ZN (NAND2_X1)                                   0.0274     0.7672 r
  U1939/ZN (AND3_X1)                                    0.0648     0.8320 r
  U1859/ZN (XNOR2_X1)                                   0.0668     0.8988 r
  U3384/ZN (XNOR2_X1)                                   0.0661     0.9649 r
  U7161/ZN (XNOR2_X1)                                   0.0758     1.0408 r
  U1488/ZN (AND2_X1)                                    0.0589     1.0996 r
  U3383/ZN (NOR2_X1)                                    0.0328     1.1324 f
  U7992/ZN (XNOR2_X1)                                   0.0650     1.1975 f
  U13328/ZN (XNOR2_X1)                                  0.0705     1.2679 f
  U8002/ZN (NAND2_X1)                                   0.0417     1.3096 r
  U11380/ZN (AND2_X1)                                   0.0517     1.3613 r
  U883/ZN (NAND2_X1)                                    0.0300     1.3914 f
  U882/ZN (NAND2_X1)                                    0.0271     1.4185 r
  U1238/ZN (AND3_X1)                                    0.0480     1.4665 r
  DP_i_execute_i_boothmul_i_tree_i_register_i_1_Y_temp_reg_30_/D (DFF_X1)
                                                        0.0110     1.4775 r
  data arrival time                                                1.4775

  clock CLK (rise edge)                                 1.0000     1.0000
  clock network delay (ideal)                           0.0500     1.0500
  clock uncertainty                                    -0.0500     1.0000
  DP_i_execute_i_boothmul_i_tree_i_register_i_1_Y_temp_reg_30_/CK (DFF_X1)
                                                        0.0000     1.0000 r
  library setup time                                   -0.0269     0.9731
  data required time                                               0.9731
  --------------------------------------------------------------------------
  data required time                                               0.9731
  data arrival time                                               -1.4775
  --------------------------------------------------------------------------
  slack (VIOLATED)                                                -0.5043


  Startpoint: DP_i_mem_access_i_rd_out_reg_i_Y_reg_1_
              (rising edge-triggered flip-flop clocked by CLK)
  Endpoint: DP_i_execute_i_boothmul_i_tree_i_register_i_1_Y_temp_reg_29_
            (rising edge-triggered flip-flop clocked by CLK)
  Path Group: REG2REG
  Path Type: max

  Des/Clust/Port     Wire Load Model       Library
  ------------------------------------------------
  DLX                5K_hvratio_1_4        NangateOpenCellLibrary

  Point                                                   Incr       Path
  --------------------------------------------------------------------------
  clock CLK (rise edge)                                 0.0000     0.0000
  clock network delay (ideal)                           0.0500     0.0500
  DP_i_mem_access_i_rd_out_reg_i_Y_reg_1_/CK (DFF_X1)   0.0000     0.0500 r
  DP_i_mem_access_i_rd_out_reg_i_Y_reg_1_/Q (DFF_X1)    0.1023     0.1523 r
  U4667/ZN (XNOR2_X1)                                   0.0592     0.2115 r
  U6044/ZN (AND3_X1)                                    0.0545     0.2661 r
  U6024/ZN (AND3_X1)                                    0.0596     0.3257 r
  U3421/ZN (AND2_X1)                                    0.0587     0.3844 r
  U4765/ZN (INV_X1)                                     0.0377     0.4221 f
  U4964/ZN (INV_X1)                                     0.0414     0.4636 r
  U4965/ZN (NAND2_X1)                                   0.0396     0.5031 f
  U3254/ZN (NAND4_X1)                                   0.0386     0.5418 r
  U3253/ZN (AND2_X2)                                    0.0705     0.6123 r
  U13206/ZN (NAND2_X1)                                  0.0640     0.6762 f
  U3467/ZN (XNOR2_X1)                                   0.0770     0.7532 f
  U13271/Z (BUF_X1)                                     0.0550     0.8082 f
  U3556/ZN (OR2_X1)                                     0.0591     0.8673 f
  U846/ZN (AND2_X1)                                     0.0526     0.9200 f
  U9189/S (FA_X1)                                       0.1505     1.0704 r
  U9190/ZN (XNOR2_X1)                                   0.0678     1.1383 r
  U3679/S (FA_X1)                                       0.1322     1.2705 f
  U3730/ZN (XNOR2_X1)                                   0.0671     1.3376 f
  U3565/ZN (AND2_X1)                                    0.0444     1.3820 f
  U1288/ZN (AOI211_X1)                                  0.0786     1.4606 r
  DP_i_execute_i_boothmul_i_tree_i_register_i_1_Y_temp_reg_29_/D (DFF_X2)
                                                        0.0109     1.4715 r
  data arrival time                                                1.4715

  clock CLK (rise edge)                                 1.0000     1.0000
  clock network delay (ideal)                           0.0500     1.0500
  clock uncertainty                                    -0.0500     1.0000
  DP_i_execute_i_boothmul_i_tree_i_register_i_1_Y_temp_reg_29_/CK (DFF_X2)
                                                        0.0000     1.0000 r
  library setup time                                   -0.0325     0.9675
  data required time                                               0.9675
  --------------------------------------------------------------------------
  data required time                                               0.9675
  data arrival time                                               -1.4715
  --------------------------------------------------------------------------
  slack (VIOLATED)                                                -0.5040


  Startpoint: DP_i_execute_i_rd_out_reg_i_Y_reg_1_
              (rising edge-triggered flip-flop clocked by CLK)
  Endpoint: DP_i_execute_i_boothmul_i_tree_i_register_i_3_Y_temp_reg_30_
            (rising edge-triggered flip-flop clocked by CLK)
  Path Group: REG2REG
  Path Type: max

  Des/Clust/Port     Wire Load Model       Library
  ------------------------------------------------
  DLX                5K_hvratio_1_4        NangateOpenCellLibrary

  Point                                                   Incr       Path
  --------------------------------------------------------------------------
  clock CLK (rise edge)                                 0.0000     0.0000
  clock network delay (ideal)                           0.0500     0.0500
  DP_i_execute_i_rd_out_reg_i_Y_reg_1_/CK (DFF_X1)      0.0000     0.0500 r
  DP_i_execute_i_rd_out_reg_i_Y_reg_1_/Q (DFF_X1)       0.1081     0.1581 r
  U3755/Z (XOR2_X1)                                     0.0662     0.2243 r
  U3544/ZN (AND2_X1)                                    0.0496     0.2739 r
  U5074/ZN (NAND4_X1)                                   0.0429     0.3168 f
  U3406/Z (BUF_X1)                                      0.0505     0.3673 f
  U5999/Z (BUF_X2)                                      0.0576     0.4249 f
  U4414/ZN (OR2_X1)                                     0.0739     0.4988 f
  U5585/ZN (OAI21_X1)                                   0.0534     0.5522 r
  U5636/ZN (INV_X1)                                     0.0294     0.5816 f
  U3728/ZN (AND2_X1)                                    0.0395     0.6211 f
  U3727/ZN (NAND2_X1)                                   0.0350     0.6560 r
  U926/ZN (AND4_X4)                                     0.1111     0.7671 r
  U7092/ZN (AND2_X1)                                    0.0668     0.8339 r
  U7093/ZN (AOI21_X1)                                   0.0335     0.8674 f
  U2693/S (FA_X1)                                       0.1582     1.0256 r
  U7097/S (FA_X1)                                       0.1361     1.1617 f
  U3682/S (FA_X1)                                       0.1432     1.3049 r
  U7140/ZN (XNOR2_X1)                                   0.0600     1.3649 r
  U7180/ZN (XNOR2_X1)                                   0.0598     1.4247 r
  U12759/ZN (AND2_X1)                                   0.0420     1.4667 r
  DP_i_execute_i_boothmul_i_tree_i_register_i_3_Y_temp_reg_30_/D (DFF_X2)
                                                        0.0109     1.4776 r
  data arrival time                                                1.4776

  clock CLK (rise edge)                                 1.0000     1.0000
  clock network delay (ideal)                           0.0500     1.0500
  clock uncertainty                                    -0.0500     1.0000
  DP_i_execute_i_boothmul_i_tree_i_register_i_3_Y_temp_reg_30_/CK (DFF_X2)
                                                        0.0000     1.0000 r
  library setup time                                   -0.0262     0.9738
  data required time                                               0.9738
  --------------------------------------------------------------------------
  data required time                                               0.9738
  data arrival time                                               -1.4776
  --------------------------------------------------------------------------
  slack (VIOLATED)                                                -0.5037


  Startpoint: DP_i_mem_access_i_rd_out_reg_i_Y_reg_2_
              (rising edge-triggered flip-flop clocked by CLK)
  Endpoint: DP_i_execute_i_boothmul_i_tree_i_register_i_0_Y_temp_reg_27_
            (rising edge-triggered flip-flop clocked by CLK)
  Path Group: REG2REG
  Path Type: max

  Des/Clust/Port     Wire Load Model       Library
  ------------------------------------------------
  DLX                5K_hvratio_1_4        NangateOpenCellLibrary

  Point                                                   Incr       Path
  --------------------------------------------------------------------------
  clock CLK (rise edge)                                 0.0000     0.0000
  clock network delay (ideal)                           0.0500     0.0500
  DP_i_mem_access_i_rd_out_reg_i_Y_reg_2_/CK (DFF_X1)   0.0000     0.0500 r
  DP_i_mem_access_i_rd_out_reg_i_Y_reg_2_/Q (DFF_X1)    0.1085     0.1585 r
  U4650/ZN (XNOR2_X1)                                   0.0629     0.2215 r
  U9951/ZN (AND2_X1)                                    0.0452     0.2667 r
  U6064/ZN (AND3_X1)                                    0.0545     0.3212 r
  U4652/ZN (INV_X1)                                     0.0284     0.3496 f
  U4783/ZN (AND2_X2)                                    0.0510     0.4006 f
  U848/Z (BUF_X2)                                       0.0555     0.4561 f
  U3429/ZN (AND2_X1)                                    0.0442     0.5003 f
  U3430/ZN (NOR3_X1)                                    0.0698     0.5702 r
  U2713/Z (MUX2_X1)                                     0.0638     0.6339 r
  U3643/ZN (NOR2_X1)                                    0.0361     0.6700 f
  U3707/ZN (OR2_X1)                                     0.0711     0.7411 f
  U4643/ZN (AND2_X2)                                    0.0597     0.8007 f
  U9121/ZN (AOI22_X1)                                   0.0937     0.8944 r
  U9127/S (FA_X1)                                       0.1336     1.0280 f
  U9129/ZN (XNOR2_X1)                                   0.0694     1.0974 f
  U9130/ZN (NAND2_X1)                                   0.0331     1.1305 r
  U1653/ZN (AND2_X1)                                    0.0447     1.1752 r
  U1025/ZN (AND2_X1)                                    0.0498     1.2250 r
  U9132/ZN (NOR2_X1)                                    0.0309     1.2560 f
  U13316/ZN (AOI211_X1)                                 0.1007     1.3566 r
  U12690/ZN (OAI21_X1)                                  0.0413     1.3980 f
  U4565/ZN (INV_X1)                                     0.0292     1.4271 r
  U4630/ZN (AND2_X1)                                    0.0386     1.4657 r
  DP_i_execute_i_boothmul_i_tree_i_register_i_0_Y_temp_reg_27_/D (DFF_X1)
                                                        0.0110     1.4767 r
  data arrival time                                                1.4767

  clock CLK (rise edge)                                 1.0000     1.0000
  clock network delay (ideal)                           0.0500     1.0500
  clock uncertainty                                    -0.0500     1.0000
  DP_i_execute_i_boothmul_i_tree_i_register_i_0_Y_temp_reg_27_/CK (DFF_X1)
                                                        0.0000     1.0000 r
  library setup time                                   -0.0265     0.9735
  data required time                                               0.9735
  --------------------------------------------------------------------------
  data required time                                               0.9735
  data arrival time                                               -1.4767
  --------------------------------------------------------------------------
  slack (VIOLATED)                                                -0.5032


  Startpoint: DP_i_mem_access_i_rd_out_reg_i_Y_reg_2_
              (rising edge-triggered flip-flop clocked by CLK)
  Endpoint: DP_i_execute_i_boothmul_i_tree_i_register_i_0_Y_temp_reg_27_
            (rising edge-triggered flip-flop clocked by CLK)
  Path Group: REG2REG
  Path Type: max

  Des/Clust/Port     Wire Load Model       Library
  ------------------------------------------------
  DLX                5K_hvratio_1_4        NangateOpenCellLibrary

  Point                                                   Incr       Path
  --------------------------------------------------------------------------
  clock CLK (rise edge)                                 0.0000     0.0000
  clock network delay (ideal)                           0.0500     0.0500
  DP_i_mem_access_i_rd_out_reg_i_Y_reg_2_/CK (DFF_X1)   0.0000     0.0500 r
  DP_i_mem_access_i_rd_out_reg_i_Y_reg_2_/Q (DFF_X1)    0.1085     0.1585 r
  U4650/ZN (XNOR2_X1)                                   0.0629     0.2215 r
  U9951/ZN (AND2_X1)                                    0.0452     0.2667 r
  U6064/ZN (AND3_X1)                                    0.0545     0.3212 r
  U4652/ZN (INV_X1)                                     0.0284     0.3496 f
  U4783/ZN (AND2_X2)                                    0.0510     0.4006 f
  U848/Z (BUF_X2)                                       0.0555     0.4561 f
  U3429/ZN (AND2_X1)                                    0.0442     0.5003 f
  U3430/ZN (NOR3_X1)                                    0.0698     0.5702 r
  U2713/Z (MUX2_X1)                                     0.0638     0.6339 r
  U3643/ZN (NOR2_X1)                                    0.0361     0.6700 f
  U3707/ZN (OR2_X1)                                     0.0711     0.7411 f
  U4643/ZN (AND2_X2)                                    0.0597     0.8007 f
  U9121/ZN (AOI22_X1)                                   0.0937     0.8944 r
  U9127/S (FA_X1)                                       0.1336     1.0280 f
  U9129/ZN (XNOR2_X1)                                   0.0694     1.0974 f
  U9130/ZN (NAND2_X1)                                   0.0331     1.1305 r
  U1653/ZN (AND2_X1)                                    0.0447     1.1752 r
  U1025/ZN (AND2_X1)                                    0.0498     1.2250 r
  U9132/ZN (NOR2_X1)                                    0.0309     1.2560 f
  U13316/ZN (AOI211_X1)                                 0.1007     1.3566 r
  U12690/ZN (OAI21_X1)                                  0.0413     1.3980 f
  U4565/ZN (INV_X1)                                     0.0292     1.4271 r
  U4630/ZN (AND2_X1)                                    0.0386     1.4657 r
  DP_i_execute_i_boothmul_i_tree_i_register_i_0_Y_temp_reg_27_/D (DFF_X1)
                                                        0.0110     1.4767 r
  data arrival time                                                1.4767

  clock CLK (rise edge)                                 1.0000     1.0000
  clock network delay (ideal)                           0.0500     1.0500
  clock uncertainty                                    -0.0500     1.0000
  DP_i_execute_i_boothmul_i_tree_i_register_i_0_Y_temp_reg_27_/CK (DFF_X1)
                                                        0.0000     1.0000 r
  library setup time                                   -0.0265     0.9735
  data required time                                               0.9735
  --------------------------------------------------------------------------
  data required time                                               0.9735
  data arrival time                                               -1.4767
  --------------------------------------------------------------------------
  slack (VIOLATED)                                                -0.5032


1
