 
****************************************
Report : qor
Design : DLX
Version: W-2024.09-SP2
Date   : Tue Sep 29 13:08:10 2026
****************************************


  Timing Path Group 'CLK'
  -----------------------------------
  Levels of Logic:              27.00
  Critical Path Length:          1.47
  Critical Path Slack:          -0.19
  Critical Path Clk Period:      1.40
  Total Negative Slack:         -6.03
  No. of Violating Paths:       35.00
  Worst Hold Violation:          0.00
  Total Hold Violation:          0.00
  No. of Hold Violations:        0.00
  -----------------------------------

  Timing Path Group 'INPUTS'
  -----------------------------------
  Levels of Logic:               9.00
  Critical Path Length:          0.86
  Critical Path Slack:           0.33
  Critical Path Clk Period:      1.40
  Total Negative Slack:          0.00
  No. of Violating Paths:        0.00
  Worst Hold Violation:          0.00
  Total Hold Violation:          0.00
  No. of Hold Violations:        0.00
  -----------------------------------

  Timing Path Group 'OUTPUTS'
  -----------------------------------
  Levels of Logic:              25.00
  Critical Path Length:          1.23
  Critical Path Slack:          -0.02
  Critical Path Clk Period:      1.40
  Total Negative Slack:         -0.02
  No. of Violating Paths:        1.00
  Worst Hold Violation:          0.00
  Total Hold Violation:          0.00
  No. of Hold Violations:        0.00
  -----------------------------------

  Timing Path Group 'REG2REG'
  -----------------------------------
  Levels of Logic:              28.00
  Critical Path Length:          1.57
  Critical Path Slack:          -0.25
  Critical Path Clk Period:      1.40
  Total Negative Slack:        -58.99
  No. of Violating Paths:      343.00
  Worst Hold Violation:          0.00
  Total Hold Violation:          0.00
  No. of Hold Violations:        0.00
  -----------------------------------


  Cell Count
  -----------------------------------
  Hierarchical Cell Count:         72
  Hierarchical Port Count:        288
  Leaf Cell Count:              15796
  Buf/Inv Cell Count:            1654
  Buf Cell Count:                 300
  Inv Cell Count:                1354
  CT Buf/Inv Cell Count:            0
  Combinational Cell Count:     12984
  Sequential Cell Count:         2812
  Macro Count:                      0
  -----------------------------------


  Area
  -----------------------------------
  Combinational Area:    13841.575961
  Noncombinational Area: 12776.511556
  Buf/Inv Area:           1055.222003
  Total Buffer Area:           319.20
  Total Inverter Area:         736.02
  Macro/Black Box Area:      0.000000
  Net Area:                  0.000000
  -----------------------------------
  Cell Area:             26618.087517
  Design Area:           26618.087517


  Design Rules
  -----------------------------------
  Total Number of Nets:         16150
  Nets With Violations:             5
  Max Trans Violations:             3
  Max Cap Violations:               5
  -----------------------------------


  Hostname: microsys.openstack.polito

  Compile CPU Statistics
  -----------------------------------------
  Resource Sharing:                    4.09
  Logic Optimization:                 36.05
  Mapping Optimization:              131.82
  -----------------------------------------
  Overall Compile Time:              251.54
  Overall Compile Wall Clock Time:   256.26

  --------------------------------------------------------------------

  Design  WNS: 0.25  TNS: 65.04  Number of Violating Paths: 379


  Design (Hold)  WNS: 0.00  TNS: 0.00  Number of Violating Paths: 0

  --------------------------------------------------------------------


1
