 
****************************************
Report : qor
Design : DLX
Version: W-2024.09-SP2
Date   : Tue Sep 29 13:37:16 2026
****************************************


  Timing Path Group 'CLK'
  -----------------------------------
  Levels of Logic:              49.00
  Critical Path Length:          3.28
  Critical Path Slack:           0.60
  Critical Path Clk Period:      4.00
  Total Negative Slack:          0.00
  No. of Violating Paths:        0.00
  Worst Hold Violation:          0.00
  Total Hold Violation:          0.00
  No. of Hold Violations:        0.00
  -----------------------------------

  Timing Path Group 'INPUTS'
  -----------------------------------
  Levels of Logic:               8.00
  Critical Path Length:          1.48
  Critical Path Slack:           2.03
  Critical Path Clk Period:      4.00
  Total Negative Slack:          0.00
  No. of Violating Paths:        0.00
  Worst Hold Violation:          0.00
  Total Hold Violation:          0.00
  No. of Hold Violations:        0.00
  -----------------------------------

  Timing Path Group 'OUTPUTS'
  -----------------------------------
  Levels of Logic:              27.00
  Critical Path Length:          2.33
  Critical Path Slack:           1.22
  Critical Path Clk Period:      4.00
  Total Negative Slack:          0.00
  No. of Violating Paths:        0.00
  Worst Hold Violation:          0.00
  Total Hold Violation:          0.00
  No. of Hold Violations:        0.00
  -----------------------------------

  Timing Path Group 'REG2REG'
  -----------------------------------
  Levels of Logic:              57.00
  Critical Path Length:          3.88
  Critical Path Slack:           0.05
  Critical Path Clk Period:      4.00
  Total Negative Slack:          0.00
  No. of Violating Paths:        0.00
  Worst Hold Violation:          0.00
  Total Hold Violation:          0.00
  No. of Hold Violations:        0.00
  -----------------------------------


  Cell Count
  -----------------------------------
  Hierarchical Cell Count:         73
  Hierarchical Port Count:        553
  Leaf Cell Count:              11258
  Buf/Inv Cell Count:             960
  Buf Cell Count:                 146
  Inv Cell Count:                 814
  CT Buf/Inv Cell Count:            0
  Combinational Cell Count:      8446
  Sequential Cell Count:         2812
  Macro Count:                      0
  -----------------------------------


  Area
  -----------------------------------
  Combinational Area:    10059.056111
  Noncombinational Area: 12745.655552
  Buf/Inv Area:            562.324001
  Total Buffer Area:           121.03
  Total Inverter Area:         441.29
  Macro/Black Box Area:      0.000000
  Net Area:                  0.000000
  -----------------------------------
  Cell Area:             22804.711663
  Design Area:           22804.711663


  Design Rules
  -----------------------------------
  Total Number of Nets:         11496
  Nets With Violations:            21
  Max Trans Violations:             9
  Max Cap Violations:              21
  -----------------------------------


  Hostname: microsys.openstack.polito

  Compile CPU Statistics
  -----------------------------------------
  Resource Sharing:                    4.12
  Logic Optimization:                 10.22
  Mapping Optimization:               17.06
  -----------------------------------------
  Overall Compile Time:               90.35
  Overall Compile Wall Clock Time:    93.49

  --------------------------------------------------------------------

  Design  WNS: 0.00  TNS: 0.00  Number of Violating Paths: 0


  Design (Hold)  WNS: 0.00  TNS: 0.00  Number of Violating Paths: 0

  --------------------------------------------------------------------


1
