 
****************************************
Report : qor
Design : DLX
Version: W-2024.09-SP2
Date   : Tue Sep 29 13:12:13 2026
****************************************


  Timing Path Group 'CLK'
  -----------------------------------
  Levels of Logic:              28.00
  Critical Path Length:          1.54
  Critical Path Slack:          -0.16
  Critical Path Clk Period:      1.50
  Total Negative Slack:         -3.44
  No. of Violating Paths:       35.00
  Worst Hold Violation:          0.00
  Total Hold Violation:          0.00
  No. of Hold Violations:        0.00
  -----------------------------------

  Timing Path Group 'INPUTS'
  -----------------------------------
  Levels of Logic:              10.00
  Critical Path Length:          0.94
  Critical Path Slack:           0.33
  Critical Path Clk Period:      1.50
  Total Negative Slack:          0.00
  No. of Violating Paths:        0.00
  Worst Hold Violation:          0.00
  Total Hold Violation:          0.00
  No. of Hold Violations:        0.00
  -----------------------------------

  Timing Path Group 'OUTPUTS'
  -----------------------------------
  Levels of Logic:              24.00
  Critical Path Length:          1.29
  Critical Path Slack:           0.01
  Critical Path Clk Period:      1.50
  Total Negative Slack:          0.00
  No. of Violating Paths:        0.00
  Worst Hold Violation:          0.00
  Total Hold Violation:          0.00
  No. of Hold Violations:        0.00
  -----------------------------------

  Timing Path Group 'REG2REG'
  -----------------------------------
  Levels of Logic:              35.00
  Critical Path Length:          1.66
  Critical Path Slack:          -0.24
  Critical Path Clk Period:      1.50
  Total Negative Slack:        -49.67
  No. of Violating Paths:      297.00
  Worst Hold Violation:          0.00
  Total Hold Violation:          0.00
  No. of Hold Violations:        0.00
  -----------------------------------


  Cell Count
  -----------------------------------
  Hierarchical Cell Count:         72
  Hierarchical Port Count:        288
  Leaf Cell Count:              15387
  Buf/Inv Cell Count:            1474
  Buf Cell Count:                 230
  Inv Cell Count:                1244
  CT Buf/Inv Cell Count:            0
  Combinational Cell Count:     12575
  Sequential Cell Count:         2812
  Macro Count:                      0
  -----------------------------------


  Area
  -----------------------------------
  Combinational Area:    13470.239971
  Noncombinational Area: 12766.935555
  Buf/Inv Area:            925.414004
  Total Buffer Area:           251.37
  Total Inverter Area:         674.04
  Macro/Black Box Area:      0.000000
  Net Area:                  0.000000
  -----------------------------------
  Cell Area:             26237.175525
  Design Area:           26237.175525


  Design Rules
  -----------------------------------
  Total Number of Nets:         15719
  Nets With Violations:             6
  Max Trans Violations:             2
  Max Cap Violations:               6
  -----------------------------------


  Hostname: microsys.openstack.polito

  Compile CPU Statistics
  -----------------------------------------
  Resource Sharing:                    4.24
  Logic Optimization:                 33.70
  Mapping Optimization:              107.43
  -----------------------------------------
  Overall Compile Time:              218.15
  Overall Compile Wall Clock Time:   222.50

  --------------------------------------------------------------------

  Design  WNS: 0.24  TNS: 53.11  Number of Violating Paths: 332


  Design (Hold)  WNS: 0.00  TNS: 0.00  Number of Violating Paths: 0

  --------------------------------------------------------------------


1
