 
****************************************
Report : qor
Design : DLX
Version: W-2024.09-SP2
Date   : Tue Sep 29 13:29:27 2026
****************************************


  Timing Path Group 'CLK'
  -----------------------------------
  Levels of Logic:              36.00
  Critical Path Length:          1.85
  Critical Path Slack:           0.04
  Critical Path Clk Period:      2.00
  Total Negative Slack:          0.00
  No. of Violating Paths:        0.00
  Worst Hold Violation:          0.00
  Total Hold Violation:          0.00
  No. of Hold Violations:        0.00
  -----------------------------------

  Timing Path Group 'INPUTS'
  -----------------------------------
  Levels of Logic:               9.00
  Critical Path Length:          0.90
  Critical Path Slack:           0.82
  Critical Path Clk Period:      2.00
  Total Negative Slack:          0.00
  No. of Violating Paths:        0.00
  Worst Hold Violation:          0.00
  Total Hold Violation:          0.00
  No. of Hold Violations:        0.00
  -----------------------------------

  Timing Path Group 'OUTPUTS'
  -----------------------------------
  Levels of Logic:              23.00
  Critical Path Length:          1.55
  Critical Path Slack:           0.20
  Critical Path Clk Period:      2.00
  Total Negative Slack:          0.00
  No. of Violating Paths:        0.00
  Worst Hold Violation:          0.00
  Total Hold Violation:          0.00
  No. of Hold Violations:        0.00
  -----------------------------------

  Timing Path Group 'REG2REG'
  -----------------------------------
  Levels of Logic:              31.00
  Critical Path Length:          1.92
  Critical Path Slack:           0.00
  Critical Path Clk Period:      2.00
  Total Negative Slack:          0.00
  No. of Violating Paths:        0.00
  Worst Hold Violation:          0.00
  Total Hold Violation:          0.00
  No. of Hold Violations:        0.00
  -----------------------------------


  Cell Count
  -----------------------------------
  Hierarchical Cell Count:         74
  Hierarchical Port Count:        557
  Leaf Cell Count:              13100
  Buf/Inv Cell Count:            1225
  Buf Cell Count:                 183
  Inv Cell Count:                1042
  CT Buf/Inv Cell Count:            0
  Combinational Cell Count:     10287
  Sequential Cell Count:         2813
  Macro Count:                      0
  -----------------------------------


  Area
  -----------------------------------
  Combinational Area:    11563.020077
  Noncombinational Area: 12761.881553
  Buf/Inv Area:            723.786002
  Total Buffer Area:           159.60
  Total Inverter Area:         564.19
  Macro/Black Box Area:      0.000000
  Net Area:                  0.000000
  -----------------------------------
  Cell Area:             24324.901630
  Design Area:           24324.901630


  Design Rules
  -----------------------------------
  Total Number of Nets:         13350
  Nets With Violations:             3
  Max Trans Violations:             1
  Max Cap Violations:               3
  -----------------------------------


  Hostname: microsys.openstack.polito

  Compile CPU Statistics
  -----------------------------------------
  Resource Sharing:                    3.98
  Logic Optimization:                 17.24
  Mapping Optimization:               58.67
  -----------------------------------------
  Overall Compile Time:              141.90
  Overall Compile Wall Clock Time:   145.50

  --------------------------------------------------------------------

  Design  WNS: 0.00  TNS: 0.00  Number of Violating Paths: 0


  Design (Hold)  WNS: 0.00  TNS: 0.00  Number of Violating Paths: 0

  --------------------------------------------------------------------


1
