 
****************************************
Report : timing
        -path full
        -delay max
        -nworst 2
        -group REG2REG
        -max_paths 10
Design : DLX
Version: W-2024.09-SP2
Date   : Tue Sep 29 12:46:08 2026
****************************************

Operating Conditions: typical   Library: NangateOpenCellLibrary
Wire Load Model Mode: top

  Startpoint: DP_i_fetch_i_IR_out_reg_29_
              (rising edge-triggered flip-flop clocked by CLK)
  Endpoint: DP_i_fetch_i_pc_i_Y_reg_29_
            (rising edge-triggered flip-flop clocked by CLK)
  Path Group: REG2REG
  Path Type: max

  Des/Clust/Port     Wire Load Model       Library
  ------------------------------------------------
  DLX                5K_hvratio_1_4        NangateOpenCellLibrary

  Point                                                   Incr       Path
  --------------------------------------------------------------------------
  clock CLK (rise edge)                                 0.0000     0.0000
  clock network delay (ideal)                           0.0500     0.0500
  DP_i_fetch_i_IR_out_reg_29_/CK (DFF_X1)               0.0000     0.0500 r
  DP_i_fetch_i_IR_out_reg_29_/Q (DFF_X1)                0.0964     0.1464 f
  U1757/ZN (NOR2_X1)                                    0.0408     0.1873 r
  U1756/ZN (AND2_X1)                                    0.0456     0.2328 r
  U4575/ZN (NAND2_X1)                                   0.0370     0.2699 f
  U4665/ZN (AND2_X1)                                    0.0463     0.3162 f
  U964/ZN (NAND2_X1)                                    0.0311     0.3473 r
  U963/ZN (XNOR2_X1)                                    0.0630     0.4104 r
  U4668/ZN (NAND2_X1)                                   0.0359     0.4462 f
  U4671/ZN (AND2_X1)                                    0.0394     0.4856 f
  U4676/ZN (OAI21_X1)                                   0.0465     0.5321 r
  U3807/ZN (NAND2_X1)                                   0.0336     0.5657 f
  U958/ZN (OR2_X1)                                      0.0577     0.6234 f
  U3763/ZN (AOI21_X1)                                   0.0389     0.6623 r
  U4692/ZN (AND2_X1)                                    0.0483     0.7106 r
  U4695/ZN (OAI211_X1)                                  0.0406     0.7512 f
  U929/ZN (OR2_X1)                                      0.0616     0.8128 f
  U1777/ZN (AND2_X1)                                    0.0394     0.8522 f
  U1792/ZN (OAI21_X1)                                   0.0403     0.8925 r
  U1790/ZN (OAI211_X1)                                  0.0368     0.9293 f
  U4710/ZN (NAND2_X1)                                   0.0389     0.9682 r
  U3679/ZN (NAND3_X1)                                   0.0437     1.0119 f
  U1061/ZN (NAND4_X1)                                   0.0428     1.0547 r
  U3620/Z (MUX2_X1)                                     0.0882     1.1429 f
  U886/ZN (OR2_X2)                                      0.0676     1.2104 f
  U1050/ZN (NAND3_X1)                                   0.0337     1.2441 r
  U3734/ZN (OR2_X1)                                     0.0412     1.2853 r
  U3782/ZN (NAND3_X1)                                   0.0379     1.3232 f
  U1778/ZN (NAND4_X1)                                   0.0374     1.3607 r
  U1793/ZN (OAI211_X1)                                  0.0351     1.3958 f
  U12379/ZN (NOR2_X1)                                   0.0655     1.4613 r
  U11750/ZN (AND2_X4)                                   0.1073     1.5686 r
  U2910/ZN (AND2_X1)                                    0.0707     1.6392 r
  U11720/ZN (AOI21_X1)                                  0.0272     1.6664 f
  U11753/ZN (NAND4_X1)                                  0.0357     1.7021 r
  DP_i_fetch_i_pc_i_Y_reg_29_/D (DFF_X2)                0.0109     1.7130 r
  data arrival time                                                1.7130

  clock CLK (rise edge)                                 1.4500     1.4500
  clock network delay (ideal)                           0.0500     1.5000
  clock uncertainty                                    -0.0500     1.4500
  DP_i_fetch_i_pc_i_Y_reg_29_/CK (DFF_X2)               0.0000     1.4500 r
  library setup time                                   -0.0275     1.4225
  data required time                                               1.4225
  --------------------------------------------------------------------------
  data required time                                               1.4225
  data arrival time                                               -1.7130
  --------------------------------------------------------------------------
  slack (VIOLATED)                                                -0.2905


  Startpoint: DP_i_fetch_i_IR_out_reg_31_
              (rising edge-triggered flip-flop clocked by CLK)
  Endpoint: DP_i_fetch_i_pc_i_Y_reg_29_
            (rising edge-triggered flip-flop clocked by CLK)
  Path Group: REG2REG
  Path Type: max

  Des/Clust/Port     Wire Load Model       Library
  ------------------------------------------------
  DLX                5K_hvratio_1_4        NangateOpenCellLibrary

  Point                                                   Incr       Path
  --------------------------------------------------------------------------
  clock CLK (rise edge)                                 0.0000     0.0000
  clock network delay (ideal)                           0.0500     0.0500
  DP_i_fetch_i_IR_out_reg_31_/CK (DFF_X1)               0.0000     0.0500 r
  DP_i_fetch_i_IR_out_reg_31_/Q (DFF_X1)                0.1051     0.1551 r
  U1757/ZN (NOR2_X1)                                    0.0250     0.1801 f
  U1756/ZN (AND2_X1)                                    0.0383     0.2184 f
  U4575/ZN (NAND2_X1)                                   0.0385     0.2569 r
  U4660/ZN (AND2_X1)                                    0.0494     0.3063 r
  U4661/ZN (XNOR2_X1)                                   0.0588     0.3651 r
  U4662/ZN (AND2_X1)                                    0.0500     0.4151 r
  U4668/ZN (NAND2_X1)                                   0.0310     0.4462 f
  U4671/ZN (AND2_X1)                                    0.0394     0.4856 f
  U4676/ZN (OAI21_X1)                                   0.0465     0.5321 r
  U3807/ZN (NAND2_X1)                                   0.0336     0.5657 f
  U958/ZN (OR2_X1)                                      0.0577     0.6234 f
  U3763/ZN (AOI21_X1)                                   0.0389     0.6623 r
  U4692/ZN (AND2_X1)                                    0.0483     0.7105 r
  U4695/ZN (OAI211_X1)                                  0.0406     0.7512 f
  U929/ZN (OR2_X1)                                      0.0616     0.8128 f
  U1777/ZN (AND2_X1)                                    0.0394     0.8522 f
  U1792/ZN (OAI21_X1)                                   0.0403     0.8925 r
  U1790/ZN (OAI211_X1)                                  0.0368     0.9293 f
  U4710/ZN (NAND2_X1)                                   0.0389     0.9682 r
  U3679/ZN (NAND3_X1)                                   0.0437     1.0119 f
  U1061/ZN (NAND4_X1)                                   0.0428     1.0547 r
  U3620/Z (MUX2_X1)                                     0.0882     1.1428 f
  U886/ZN (OR2_X2)                                      0.0676     1.2104 f
  U1050/ZN (NAND3_X1)                                   0.0337     1.2441 r
  U3734/ZN (OR2_X1)                                     0.0412     1.2853 r
  U3782/ZN (NAND3_X1)                                   0.0379     1.3232 f
  U1778/ZN (NAND4_X1)                                   0.0374     1.3606 r
  U1793/ZN (OAI211_X1)                                  0.0351     1.3957 f
  U12379/ZN (NOR2_X1)                                   0.0655     1.4612 r
  U11750/ZN (AND2_X4)                                   0.1073     1.5685 r
  U2910/ZN (AND2_X1)                                    0.0707     1.6392 r
  U11720/ZN (AOI21_X1)                                  0.0272     1.6664 f
  U11753/ZN (NAND4_X1)                                  0.0357     1.7021 r
  DP_i_fetch_i_pc_i_Y_reg_29_/D (DFF_X2)                0.0109     1.7130 r
  data arrival time                                                1.7130

  clock CLK (rise edge)                                 1.4500     1.4500
  clock network delay (ideal)                           0.0500     1.5000
  clock uncertainty                                    -0.0500     1.4500
  DP_i_fetch_i_pc_i_Y_reg_29_/CK (DFF_X2)               0.0000     1.4500 r
  library setup time                                   -0.0275     1.4225
  data required time                                               1.4225
  --------------------------------------------------------------------------
  data required time                                               1.4225
  data arrival time                                               -1.7130
  --------------------------------------------------------------------------
  slack (VIOLATED)                                                -0.2905


  Startpoint: DP_i_execute_i_rd_out_reg_i_Y_reg_2_
              (rising edge-triggered flip-flop clocked by CLK)
  Endpoint: DP_i_execute_i_boothmul_i_tree_i_register_i_2_Y_temp_reg_30_
            (rising edge-triggered flip-flop clocked by CLK)
  Path Group: REG2REG
  Path Type: max

  Des/Clust/Port     Wire Load Model       Library
  ------------------------------------------------
  DLX                5K_hvratio_1_4        NangateOpenCellLibrary

  Point                                                   Incr       Path
  --------------------------------------------------------------------------
  clock CLK (rise edge)                                 0.0000     0.0000
  clock network delay (ideal)                           0.0500     0.0500
  DP_i_execute_i_rd_out_reg_i_Y_reg_2_/CK (DFF_X1)      0.0000     0.0500 r
  DP_i_execute_i_rd_out_reg_i_Y_reg_2_/QN (DFF_X1)      0.0805     0.1305 f
  U1729/Z (XOR2_X1)                                     0.0774     0.2079 f
  U1727/ZN (NOR2_X1)                                    0.0549     0.2628 r
  U6550/ZN (NAND4_X1)                                   0.0488     0.3116 f
  U3713/ZN (NAND3_X1)                                   0.0384     0.3500 r
  U6558/ZN (INV_X1)                                     0.0374     0.3874 f
  U1095/Z (BUF_X2)                                      0.0553     0.4427 f
  U6684/ZN (NAND2_X1)                                   0.0358     0.4784 r
  U6686/ZN (AND2_X1)                                    0.0426     0.5210 r
  U6687/ZN (NAND2_X1)                                   0.0358     0.5568 f
  U1513/Z (MUX2_X2)                                     0.0823     0.6391 f
  U1853/ZN (AND2_X1)                                    0.0681     0.7072 f
  U810/ZN (INV_X4)                                      0.0987     0.8059 r
  U7576/ZN (NAND2_X1)                                   0.0624     0.8683 f
  U4065/ZN (AND3_X1)                                    0.0546     0.9229 f
  U7623/S (FA_X1)                                       0.1492     1.0722 r
  U7624/ZN (XNOR2_X1)                                   0.0674     1.1395 r
  U7626/ZN (NAND2_X1)                                   0.0309     1.1704 f
  U3863/ZN (AND2_X1)                                    0.0468     1.2172 f
  U10709/S (FA_X1)                                      0.1507     1.3679 r
  U10710/ZN (XNOR2_X1)                                  0.0672     1.4351 r
  U10711/ZN (XNOR2_X1)                                  0.0584     1.4935 f
  U10712/CO (FA_X1)                                     0.1077     1.6012 f
  U10716/ZN (XNOR2_X1)                                  0.0644     1.6656 f
  U12753/ZN (NOR2_X1)                                   0.0357     1.7014 r
  DP_i_execute_i_boothmul_i_tree_i_register_i_2_Y_temp_reg_30_/D (DFF_X2)
                                                        0.0109     1.7122 r
  data arrival time                                                1.7122

  clock CLK (rise edge)                                 1.4500     1.4500
  clock network delay (ideal)                           0.0500     1.5000
  clock uncertainty                                    -0.0500     1.4500
  DP_i_execute_i_boothmul_i_tree_i_register_i_2_Y_temp_reg_30_/CK (DFF_X2)
                                                        0.0000     1.4500 r
  library setup time                                   -0.0277     1.4223
  data required time                                               1.4223
  --------------------------------------------------------------------------
  data required time                                               1.4223
  data arrival time                                               -1.7122
  --------------------------------------------------------------------------
  slack (VIOLATED)                                                -0.2899


  Startpoint: DP_i_fetch_i_IR_out_reg_29_
              (rising edge-triggered flip-flop clocked by CLK)
  Endpoint: DP_i_fetch_i_pc_i_Y_reg_25_
            (rising edge-triggered flip-flop clocked by CLK)
  Path Group: REG2REG
  Path Type: max

  Des/Clust/Port     Wire Load Model       Library
  ------------------------------------------------
  DLX                5K_hvratio_1_4        NangateOpenCellLibrary

  Point                                                   Incr       Path
  --------------------------------------------------------------------------
  clock CLK (rise edge)                                 0.0000     0.0000
  clock network delay (ideal)                           0.0500     0.0500
  DP_i_fetch_i_IR_out_reg_29_/CK (DFF_X1)               0.0000     0.0500 r
  DP_i_fetch_i_IR_out_reg_29_/Q (DFF_X1)                0.0964     0.1464 f
  U1757/ZN (NOR2_X1)                                    0.0408     0.1873 r
  U1756/ZN (AND2_X1)                                    0.0456     0.2328 r
  U4575/ZN (NAND2_X1)                                   0.0370     0.2699 f
  U4665/ZN (AND2_X1)                                    0.0463     0.3162 f
  U964/ZN (NAND2_X1)                                    0.0311     0.3473 r
  U963/ZN (XNOR2_X1)                                    0.0630     0.4104 r
  U4668/ZN (NAND2_X1)                                   0.0359     0.4462 f
  U4671/ZN (AND2_X1)                                    0.0394     0.4856 f
  U4676/ZN (OAI21_X1)                                   0.0465     0.5321 r
  U3807/ZN (NAND2_X1)                                   0.0336     0.5657 f
  U958/ZN (OR2_X1)                                      0.0577     0.6234 f
  U3763/ZN (AOI21_X1)                                   0.0389     0.6623 r
  U4692/ZN (AND2_X1)                                    0.0483     0.7106 r
  U4695/ZN (OAI211_X1)                                  0.0406     0.7512 f
  U929/ZN (OR2_X1)                                      0.0616     0.8128 f
  U1777/ZN (AND2_X1)                                    0.0394     0.8522 f
  U1792/ZN (OAI21_X1)                                   0.0403     0.8925 r
  U1790/ZN (OAI211_X1)                                  0.0368     0.9293 f
  U4710/ZN (NAND2_X1)                                   0.0389     0.9682 r
  U3679/ZN (NAND3_X1)                                   0.0437     1.0119 f
  U1061/ZN (NAND4_X1)                                   0.0428     1.0547 r
  U3620/Z (MUX2_X1)                                     0.0882     1.1429 f
  U886/ZN (OR2_X2)                                      0.0676     1.2104 f
  U1050/ZN (NAND3_X1)                                   0.0337     1.2441 r
  U3734/ZN (OR2_X1)                                     0.0412     1.2853 r
  U3782/ZN (NAND3_X1)                                   0.0379     1.3232 f
  U1778/ZN (NAND4_X1)                                   0.0374     1.3607 r
  U1793/ZN (OAI211_X1)                                  0.0351     1.3958 f
  U12379/ZN (NOR2_X1)                                   0.0655     1.4613 r
  U11750/ZN (AND2_X4)                                   0.1073     1.5686 r
  U12760/ZN (NAND2_X1)                                  0.0562     1.6248 f
  U3007/ZN (AND3_X1)                                    0.0445     1.6693 f
  U3738/ZN (NAND4_X1)                                   0.0321     1.7014 r
  DP_i_fetch_i_pc_i_Y_reg_25_/D (DFF_X2)                0.0109     1.7123 r
  data arrival time                                                1.7123

  clock CLK (rise edge)                                 1.4500     1.4500
  clock network delay (ideal)                           0.0500     1.5000
  clock uncertainty                                    -0.0500     1.4500
  DP_i_fetch_i_pc_i_Y_reg_25_/CK (DFF_X2)               0.0000     1.4500 r
  library setup time                                   -0.0275     1.4225
  data required time                                               1.4225
  --------------------------------------------------------------------------
  data required time                                               1.4225
  data arrival time                                               -1.7123
  --------------------------------------------------------------------------
  slack (VIOLATED)                                                -0.2898


  Startpoint: DP_i_fetch_i_IR_out_reg_31_
              (rising edge-triggered flip-flop clocked by CLK)
  Endpoint: DP_i_fetch_i_pc_i_Y_reg_25_
            (rising edge-triggered flip-flop clocked by CLK)
  Path Group: REG2REG
  Path Type: max

  Des/Clust/Port     Wire Load Model       Library
  ------------------------------------------------
  DLX                5K_hvratio_1_4        NangateOpenCellLibrary

  Point                                                   Incr       Path
  --------------------------------------------------------------------------
  clock CLK (rise edge)                                 0.0000     0.0000
  clock network delay (ideal)                           0.0500     0.0500
  DP_i_fetch_i_IR_out_reg_31_/CK (DFF_X1)               0.0000     0.0500 r
  DP_i_fetch_i_IR_out_reg_31_/Q (DFF_X1)                0.1051     0.1551 r
  U1757/ZN (NOR2_X1)                                    0.0250     0.1801 f
  U1756/ZN (AND2_X1)                                    0.0383     0.2184 f
  U4575/ZN (NAND2_X1)                                   0.0385     0.2569 r
  U4660/ZN (AND2_X1)                                    0.0494     0.3063 r
  U4661/ZN (XNOR2_X1)                                   0.0588     0.3651 r
  U4662/ZN (AND2_X1)                                    0.0500     0.4151 r
  U4668/ZN (NAND2_X1)                                   0.0310     0.4462 f
  U4671/ZN (AND2_X1)                                    0.0394     0.4856 f
  U4676/ZN (OAI21_X1)                                   0.0465     0.5321 r
  U3807/ZN (NAND2_X1)                                   0.0336     0.5657 f
  U958/ZN (OR2_X1)                                      0.0577     0.6234 f
  U3763/ZN (AOI21_X1)                                   0.0389     0.6623 r
  U4692/ZN (AND2_X1)                                    0.0483     0.7105 r
  U4695/ZN (OAI211_X1)                                  0.0406     0.7512 f
  U929/ZN (OR2_X1)                                      0.0616     0.8128 f
  U1777/ZN (AND2_X1)                                    0.0394     0.8522 f
  U1792/ZN (OAI21_X1)                                   0.0403     0.8925 r
  U1790/ZN (OAI211_X1)                                  0.0368     0.9293 f
  U4710/ZN (NAND2_X1)                                   0.0389     0.9682 r
  U3679/ZN (NAND3_X1)                                   0.0437     1.0119 f
  U1061/ZN (NAND4_X1)                                   0.0428     1.0547 r
  U3620/Z (MUX2_X1)                                     0.0882     1.1428 f
  U886/ZN (OR2_X2)                                      0.0676     1.2104 f
  U1050/ZN (NAND3_X1)                                   0.0337     1.2441 r
  U3734/ZN (OR2_X1)                                     0.0412     1.2853 r
  U3782/ZN (NAND3_X1)                                   0.0379     1.3232 f
  U1778/ZN (NAND4_X1)                                   0.0374     1.3606 r
  U1793/ZN (OAI211_X1)                                  0.0351     1.3957 f
  U12379/ZN (NOR2_X1)                                   0.0655     1.4612 r
  U11750/ZN (AND2_X4)                                   0.1073     1.5685 r
  U12760/ZN (NAND2_X1)                                  0.0562     1.6248 f
  U3007/ZN (AND3_X1)                                    0.0445     1.6693 f
  U3738/ZN (NAND4_X1)                                   0.0321     1.7014 r
  DP_i_fetch_i_pc_i_Y_reg_25_/D (DFF_X2)                0.0109     1.7123 r
  data arrival time                                                1.7123

  clock CLK (rise edge)                                 1.4500     1.4500
  clock network delay (ideal)                           0.0500     1.5000
  clock uncertainty                                    -0.0500     1.4500
  DP_i_fetch_i_pc_i_Y_reg_25_/CK (DFF_X2)               0.0000     1.4500 r
  library setup time                                   -0.0275     1.4225
  data required time                                               1.4225
  --------------------------------------------------------------------------
  data required time                                               1.4225
  data arrival time                                               -1.7123
  --------------------------------------------------------------------------
  slack (VIOLATED)                                                -0.2898


  Startpoint: DP_i_execute_i_rd_out_reg_i_Y_reg_2_
              (rising edge-triggered flip-flop clocked by CLK)
  Endpoint: DP_i_execute_i_boothmul_i_tree_i_register_i_2_Y_temp_reg_30_
            (rising edge-triggered flip-flop clocked by CLK)
  Path Group: REG2REG
  Path Type: max

  Des/Clust/Port     Wire Load Model       Library
  ------------------------------------------------
  DLX                5K_hvratio_1_4        NangateOpenCellLibrary

  Point                                                   Incr       Path
  --------------------------------------------------------------------------
  clock CLK (rise edge)                                 0.0000     0.0000
  clock network delay (ideal)                           0.0500     0.0500
  DP_i_execute_i_rd_out_reg_i_Y_reg_2_/CK (DFF_X1)      0.0000     0.0500 r
  DP_i_execute_i_rd_out_reg_i_Y_reg_2_/QN (DFF_X1)      0.0805     0.1305 f
  U1729/Z (XOR2_X1)                                     0.0774     0.2079 f
  U1727/ZN (NOR2_X1)                                    0.0549     0.2628 r
  U6550/ZN (NAND4_X1)                                   0.0488     0.3116 f
  U3713/ZN (NAND3_X1)                                   0.0384     0.3500 r
  U6558/ZN (INV_X1)                                     0.0374     0.3874 f
  U1095/Z (BUF_X2)                                      0.0553     0.4427 f
  U6684/ZN (NAND2_X1)                                   0.0358     0.4784 r
  U6686/ZN (AND2_X1)                                    0.0426     0.5210 r
  U6687/ZN (NAND2_X1)                                   0.0358     0.5568 f
  U1513/Z (MUX2_X2)                                     0.0823     0.6391 f
  U1853/ZN (AND2_X1)                                    0.0681     0.7072 f
  U810/ZN (INV_X4)                                      0.0987     0.8059 r
  U7576/ZN (NAND2_X1)                                   0.0624     0.8683 f
  U4065/ZN (AND3_X1)                                    0.0546     0.9229 f
  U7623/S (FA_X1)                                       0.1492     1.0722 r
  U7624/ZN (XNOR2_X1)                                   0.0674     1.1395 r
  U7626/ZN (NAND2_X1)                                   0.0309     1.1704 f
  U3863/ZN (AND2_X1)                                    0.0468     1.2172 f
  U10709/S (FA_X1)                                      0.1361     1.3534 f
  U10710/ZN (XNOR2_X1)                                  0.0664     1.4197 f
  U10711/ZN (XNOR2_X1)                                  0.0736     1.4934 f
  U10712/CO (FA_X1)                                     0.1077     1.6011 f
  U10716/ZN (XNOR2_X1)                                  0.0644     1.6655 f
  U12753/ZN (NOR2_X1)                                   0.0357     1.7012 r
  DP_i_execute_i_boothmul_i_tree_i_register_i_2_Y_temp_reg_30_/D (DFF_X2)
                                                        0.0109     1.7121 r
  data arrival time                                                1.7121

  clock CLK (rise edge)                                 1.4500     1.4500
  clock network delay (ideal)                           0.0500     1.5000
  clock uncertainty                                    -0.0500     1.4500
  DP_i_execute_i_boothmul_i_tree_i_register_i_2_Y_temp_reg_30_/CK (DFF_X2)
                                                        0.0000     1.4500 r
  library setup time                                   -0.0277     1.4223
  data required time                                               1.4223
  --------------------------------------------------------------------------
  data required time                                               1.4223
  data arrival time                                               -1.7121
  --------------------------------------------------------------------------
  slack (VIOLATED)                                                -0.2898


  Startpoint: DP_i_execute_i_rd_out_reg_i_Y_reg_2_
              (rising edge-triggered flip-flop clocked by CLK)
  Endpoint: DP_i_execute_i_alu_out_reg_i_Y_reg_0_
            (rising edge-triggered flip-flop clocked by CLK)
  Path Group: REG2REG
  Path Type: max

  Des/Clust/Port     Wire Load Model       Library
  ------------------------------------------------
  DLX                5K_hvratio_1_4        NangateOpenCellLibrary

  Point                                                   Incr       Path
  --------------------------------------------------------------------------
  clock CLK (rise edge)                                 0.0000     0.0000
  clock network delay (ideal)                           0.0500     0.0500
  DP_i_execute_i_rd_out_reg_i_Y_reg_2_/CK (DFF_X1)      0.0000     0.0500 r
  DP_i_execute_i_rd_out_reg_i_Y_reg_2_/QN (DFF_X1)      0.0805     0.1305 f
  U1729/Z (XOR2_X1)                                     0.0774     0.2079 f
  U1727/ZN (NOR2_X1)                                    0.0549     0.2628 r
  U973/ZN (NAND4_X1)                                    0.0541     0.3169 f
  U6560/ZN (INV_X1)                                     0.0518     0.3688 r
  U1047/Z (BUF_X2)                                      0.0792     0.4480 r
  U6796/ZN (NAND2_X1)                                   0.0501     0.4981 f
  U6797/ZN (AND2_X1)                                    0.0420     0.5401 f
  U3769/ZN (NAND2_X1)                                   0.0364     0.5764 r
  U3768/Z (MUX2_X2)                                     0.0697     0.6462 r
  U6798/ZN (XNOR2_X1)                                   0.0793     0.7254 r
  U6800/ZN (INV_X1)                                     0.0267     0.7521 f
  U6802/ZN (NAND2_X1)                                   0.0338     0.7859 r
  U961/ZN (OAI21_X1)                                    0.0458     0.8317 f
  U4051/ZN (NOR2_X1)                                    0.0600     0.8917 r
  U6804/ZN (NAND2_X1)                                   0.0326     0.9243 f
  U6805/ZN (NAND2_X1)                                   0.0387     0.9631 r
  U960/ZN (AND2_X1)                                     0.0476     1.0107 r
  U4207/ZN (OR2_X1)                                     0.0419     1.0525 r
  U7717/ZN (OAI21_X1)                                   0.0355     1.0880 f
  U945/ZN (OR2_X2)                                      0.0688     1.1568 f
  U7718/ZN (NOR2_X1)                                    0.0542     1.2111 r
  U7719/ZN (XNOR2_X1)                                   0.0464     1.2575 f
  U7722/ZN (NOR4_X1)                                    0.0856     1.3430 r
  U7730/ZN (AND4_X1)                                    0.0677     1.4107 r
  U1087/ZN (AND4_X1)                                    0.0673     1.4780 r
  U1086/ZN (AND2_X2)                                    0.0497     1.5277 r
  U7744/ZN (XNOR2_X1)                                   0.0656     1.5933 r
  U7747/ZN (NAND2_X1)                                   0.0305     1.6238 f
  U7796/ZN (NAND3_X1)                                   0.0360     1.6598 r
  U3883/ZN (AND2_X1)                                    0.0424     1.7022 r
  DP_i_execute_i_alu_out_reg_i_Y_reg_0_/D (DFF_X1)      0.0110     1.7132 r
  data arrival time                                                1.7132

  clock CLK (rise edge)                                 1.4500     1.4500
  clock network delay (ideal)                           0.0500     1.5000
  clock uncertainty                                    -0.0500     1.4500
  DP_i_execute_i_alu_out_reg_i_Y_reg_0_/CK (DFF_X1)     0.0000     1.4500 r
  library setup time                                   -0.0265     1.4235
  data required time                                               1.4235
  --------------------------------------------------------------------------
  data required time                                               1.4235
  data arrival time                                               -1.7132
  --------------------------------------------------------------------------
  slack (VIOLATED)                                                -0.2896


  Startpoint: DP_i_fetch_i_IR_out_reg_29_
              (rising edge-triggered flip-flop clocked by CLK)
  Endpoint: DP_i_fetch_i_pc_i_Y_reg_28_
            (rising edge-triggered flip-flop clocked by CLK)
  Path Group: REG2REG
  Path Type: max

  Des/Clust/Port     Wire Load Model       Library
  ------------------------------------------------
  DLX                5K_hvratio_1_4        NangateOpenCellLibrary

  Point                                                   Incr       Path
  --------------------------------------------------------------------------
  clock CLK (rise edge)                                 0.0000     0.0000
  clock network delay (ideal)                           0.0500     0.0500
  DP_i_fetch_i_IR_out_reg_29_/CK (DFF_X1)               0.0000     0.0500 r
  DP_i_fetch_i_IR_out_reg_29_/Q (DFF_X1)                0.0964     0.1464 f
  U1757/ZN (NOR2_X1)                                    0.0408     0.1873 r
  U1756/ZN (AND2_X1)                                    0.0456     0.2328 r
  U4575/ZN (NAND2_X1)                                   0.0370     0.2699 f
  U4665/ZN (AND2_X1)                                    0.0463     0.3162 f
  U964/ZN (NAND2_X1)                                    0.0311     0.3473 r
  U963/ZN (XNOR2_X1)                                    0.0630     0.4104 r
  U4668/ZN (NAND2_X1)                                   0.0359     0.4462 f
  U4671/ZN (AND2_X1)                                    0.0394     0.4856 f
  U4676/ZN (OAI21_X1)                                   0.0465     0.5321 r
  U3807/ZN (NAND2_X1)                                   0.0336     0.5657 f
  U958/ZN (OR2_X1)                                      0.0577     0.6234 f
  U3763/ZN (AOI21_X1)                                   0.0389     0.6623 r
  U4692/ZN (AND2_X1)                                    0.0483     0.7106 r
  U4695/ZN (OAI211_X1)                                  0.0406     0.7512 f
  U929/ZN (OR2_X1)                                      0.0616     0.8128 f
  U1777/ZN (AND2_X1)                                    0.0394     0.8522 f
  U1792/ZN (OAI21_X1)                                   0.0403     0.8925 r
  U1790/ZN (OAI211_X1)                                  0.0368     0.9293 f
  U4710/ZN (NAND2_X1)                                   0.0389     0.9682 r
  U3679/ZN (NAND3_X1)                                   0.0437     1.0119 f
  U1061/ZN (NAND4_X1)                                   0.0428     1.0547 r
  U3620/Z (MUX2_X1)                                     0.0882     1.1429 f
  U886/ZN (OR2_X2)                                      0.0676     1.2104 f
  U1050/ZN (NAND3_X1)                                   0.0337     1.2441 r
  U3734/ZN (OR2_X1)                                     0.0412     1.2853 r
  U3782/ZN (NAND3_X1)                                   0.0379     1.3232 f
  U1778/ZN (NAND4_X1)                                   0.0374     1.3607 r
  U1793/ZN (OAI211_X1)                                  0.0351     1.3958 f
  U12379/ZN (NOR2_X1)                                   0.0655     1.4613 r
  U11750/ZN (AND2_X4)                                   0.1073     1.5686 r
  U12756/ZN (NAND2_X1)                                  0.0564     1.6249 f
  U3655/ZN (AND2_X1)                                    0.0455     1.6704 f
  U3654/ZN (NAND3_X1)                                   0.0301     1.7005 r
  DP_i_fetch_i_pc_i_Y_reg_28_/D (DFF_X1)                0.0110     1.7115 r
  data arrival time                                                1.7115

  clock CLK (rise edge)                                 1.4500     1.4500
  clock network delay (ideal)                           0.0500     1.5000
  clock uncertainty                                    -0.0500     1.4500
  DP_i_fetch_i_pc_i_Y_reg_28_/CK (DFF_X1)               0.0000     1.4500 r
  library setup time                                   -0.0272     1.4228
  data required time                                               1.4228
  --------------------------------------------------------------------------
  data required time                                               1.4228
  data arrival time                                               -1.7115
  --------------------------------------------------------------------------
  slack (VIOLATED)                                                -0.2887


  Startpoint: DP_i_fetch_i_IR_out_reg_31_
              (rising edge-triggered flip-flop clocked by CLK)
  Endpoint: DP_i_fetch_i_pc_i_Y_reg_28_
            (rising edge-triggered flip-flop clocked by CLK)
  Path Group: REG2REG
  Path Type: max

  Des/Clust/Port     Wire Load Model       Library
  ------------------------------------------------
  DLX                5K_hvratio_1_4        NangateOpenCellLibrary

  Point                                                   Incr       Path
  --------------------------------------------------------------------------
  clock CLK (rise edge)                                 0.0000     0.0000
  clock network delay (ideal)                           0.0500     0.0500
  DP_i_fetch_i_IR_out_reg_31_/CK (DFF_X1)               0.0000     0.0500 r
  DP_i_fetch_i_IR_out_reg_31_/Q (DFF_X1)                0.1051     0.1551 r
  U1757/ZN (NOR2_X1)                                    0.0250     0.1801 f
  U1756/ZN (AND2_X1)                                    0.0383     0.2184 f
  U4575/ZN (NAND2_X1)                                   0.0385     0.2569 r
  U4660/ZN (AND2_X1)                                    0.0494     0.3063 r
  U4661/ZN (XNOR2_X1)                                   0.0588     0.3651 r
  U4662/ZN (AND2_X1)                                    0.0500     0.4151 r
  U4668/ZN (NAND2_X1)                                   0.0310     0.4462 f
  U4671/ZN (AND2_X1)                                    0.0394     0.4856 f
  U4676/ZN (OAI21_X1)                                   0.0465     0.5321 r
  U3807/ZN (NAND2_X1)                                   0.0336     0.5657 f
  U958/ZN (OR2_X1)                                      0.0577     0.6234 f
  U3763/ZN (AOI21_X1)                                   0.0389     0.6623 r
  U4692/ZN (AND2_X1)                                    0.0483     0.7105 r
  U4695/ZN (OAI211_X1)                                  0.0406     0.7512 f
  U929/ZN (OR2_X1)                                      0.0616     0.8128 f
  U1777/ZN (AND2_X1)                                    0.0394     0.8522 f
  U1792/ZN (OAI21_X1)                                   0.0403     0.8925 r
  U1790/ZN (OAI211_X1)                                  0.0368     0.9293 f
  U4710/ZN (NAND2_X1)                                   0.0389     0.9682 r
  U3679/ZN (NAND3_X1)                                   0.0437     1.0119 f
  U1061/ZN (NAND4_X1)                                   0.0428     1.0547 r
  U3620/Z (MUX2_X1)                                     0.0882     1.1428 f
  U886/ZN (OR2_X2)                                      0.0676     1.2104 f
  U1050/ZN (NAND3_X1)                                   0.0337     1.2441 r
  U3734/ZN (OR2_X1)                                     0.0412     1.2853 r
  U3782/ZN (NAND3_X1)                                   0.0379     1.3232 f
  U1778/ZN (NAND4_X1)                                   0.0374     1.3606 r
  U1793/ZN (OAI211_X1)                                  0.0351     1.3957 f
  U12379/ZN (NOR2_X1)                                   0.0655     1.4612 r
  U11750/ZN (AND2_X4)                                   0.1073     1.5685 r
  U12756/ZN (NAND2_X1)                                  0.0564     1.6249 f
  U3655/ZN (AND2_X1)                                    0.0455     1.6704 f
  U3654/ZN (NAND3_X1)                                   0.0301     1.7005 r
  DP_i_fetch_i_pc_i_Y_reg_28_/D (DFF_X1)                0.0110     1.7115 r
  data arrival time                                                1.7115

  clock CLK (rise edge)                                 1.4500     1.4500
  clock network delay (ideal)                           0.0500     1.5000
  clock uncertainty                                    -0.0500     1.4500
  DP_i_fetch_i_pc_i_Y_reg_28_/CK (DFF_X1)               0.0000     1.4500 r
  library setup time                                   -0.0272     1.4228
  data required time                                               1.4228
  --------------------------------------------------------------------------
  data required time                                               1.4228
  data arrival time                                               -1.7115
  --------------------------------------------------------------------------
  slack (VIOLATED)                                                -0.2887


  Startpoint: DP_i_execute_i_rd_out_reg_i_Y_reg_2_
              (rising edge-triggered flip-flop clocked by CLK)
  Endpoint: DP_i_execute_i_alu_out_reg_i_Y_reg_0_
            (rising edge-triggered flip-flop clocked by CLK)
  Path Group: REG2REG
  Path Type: max

  Des/Clust/Port     Wire Load Model       Library
  ------------------------------------------------
  DLX                5K_hvratio_1_4        NangateOpenCellLibrary

  Point                                                   Incr       Path
  --------------------------------------------------------------------------
  clock CLK (rise edge)                                 0.0000     0.0000
  clock network delay (ideal)                           0.0500     0.0500
  DP_i_execute_i_rd_out_reg_i_Y_reg_2_/CK (DFF_X1)      0.0000     0.0500 r
  DP_i_execute_i_rd_out_reg_i_Y_reg_2_/QN (DFF_X1)      0.0805     0.1305 f
  U1729/Z (XOR2_X1)                                     0.0774     0.2079 f
  U1727/ZN (NOR2_X1)                                    0.0549     0.2628 r
  U973/ZN (NAND4_X1)                                    0.0541     0.3169 f
  U6560/ZN (INV_X1)                                     0.0518     0.3688 r
  U1091/Z (BUF_X2)                                      0.0762     0.4450 r
  U6826/ZN (NAND2_X1)                                   0.0489     0.4939 f
  U6827/ZN (AND2_X1)                                    0.0442     0.5381 f
  U3794/ZN (NAND3_X1)                                   0.0313     0.5694 r
  U1163/ZN (AND2_X2)                                    0.0662     0.6356 r
  U6828/ZN (XNOR2_X1)                                   0.0948     0.7304 r
  U6829/ZN (XNOR2_X1)                                   0.0744     0.8048 r
  U6830/ZN (AND2_X1)                                    0.0502     0.8550 r
  U6838/ZN (OAI211_X1)                                  0.0391     0.8941 f
  U6839/ZN (NOR2_X1)                                    0.0637     0.9578 r
  U960/ZN (AND2_X1)                                     0.0518     1.0095 r
  U4207/ZN (OR2_X1)                                     0.0419     1.0514 r
  U7717/ZN (OAI21_X1)                                   0.0355     1.0869 f
  U945/ZN (OR2_X2)                                      0.0688     1.1557 f
  U7718/ZN (NOR2_X1)                                    0.0542     1.2100 r
  U7719/ZN (XNOR2_X1)                                   0.0464     1.2563 f
  U7722/ZN (NOR4_X1)                                    0.0856     1.3419 r
  U7730/ZN (AND4_X1)                                    0.0677     1.4096 r
  U1087/ZN (AND4_X1)                                    0.0673     1.4768 r
  U1086/ZN (AND2_X2)                                    0.0497     1.5265 r
  U7744/ZN (XNOR2_X1)                                   0.0656     1.5921 r
  U7747/ZN (NAND2_X1)                                   0.0305     1.6227 f
  U7796/ZN (NAND3_X1)                                   0.0360     1.6587 r
  U3883/ZN (AND2_X1)                                    0.0424     1.7011 r
  DP_i_execute_i_alu_out_reg_i_Y_reg_0_/D (DFF_X1)      0.0110     1.7120 r
  data arrival time                                                1.7120

  clock CLK (rise edge)                                 1.4500     1.4500
  clock network delay (ideal)                           0.0500     1.5000
  clock uncertainty                                    -0.0500     1.4500
  DP_i_execute_i_alu_out_reg_i_Y_reg_0_/CK (DFF_X1)     0.0000     1.4500 r
  library setup time                                   -0.0265     1.4235
  data required time                                               1.4235
  --------------------------------------------------------------------------
  data required time                                               1.4235
  data arrival time                                               -1.7120
  --------------------------------------------------------------------------
  slack (VIOLATED)                                                -0.2885


1
