 
****************************************
Report : timing
        -path full
        -delay max
        -nworst 2
        -group REG2REG
        -max_paths 10
Design : DLX
Version: W-2024.09-SP2
Date   : Tue Sep 29 13:31:40 2026
****************************************

Operating Conditions: typical   Library: NangateOpenCellLibrary
Wire Load Model Mode: top

  Startpoint: DP_i/mem_access_i_rd_out_reg_i_Y_reg_2_
              (rising edge-triggered flip-flop clocked by CLK)
  Endpoint: DP_i/execute_i_boothmul_i_tree_i_register_i_3_Y_temp_reg_28_
            (rising edge-triggered flip-flop clocked by CLK)
  Path Group: REG2REG
  Path Type: max

  Des/Clust/Port     Wire Load Model       Library
  ------------------------------------------------
  DLX                5K_hvratio_1_4        NangateOpenCellLibrary

  Point                                                   Incr       Path
  --------------------------------------------------------------------------
  clock CLK (rise edge)                                 0.0000     0.0000
  clock network delay (ideal)                           0.0500     0.0500
  DP_i/mem_access_i_rd_out_reg_i_Y_reg_2_/CK (DFF_X1)   0.0000     0.0500 r
  DP_i/mem_access_i_rd_out_reg_i_Y_reg_2_/QN (DFF_X1)   0.1224     0.1724 f
  DP_i/rd_mem_w_2__BAR (DataPath)                       0.0000     0.1724 f
  U1287/ZN (AOI22_X1)                                   0.0907     0.2630 r
  U1288/ZN (OAI221_X1)                                  0.0505     0.3136 f
  U1293/ZN (NOR4_X1)                                    0.1100     0.4236 r
  DP_i/fw_mem_ex_rs2 (DataPath)                         0.0000     0.4236 r
  DP_i/U1952/ZN (AND2_X2)                               0.0769     0.5005 r
  DP_i/U2909/ZN (NAND2_X1)                              0.0482     0.5487 f
  DP_i/U2910/ZN (NAND3_X1)                              0.0500     0.5987 r
  DP_i/U2914/ZN (AOI22_X1)                              0.0422     0.6409 f
  DP_i/U209/Z (CLKBUF_X1)                               0.0715     0.7124 f
  DP_i/U272/ZN (NOR2_X1)                                0.1272     0.8395 r
  DP_i/U324/ZN (INV_X1)                                 0.0634     0.9029 f
  DP_i/U261/ZN (NOR2_X1)                                0.0773     0.9802 r
  DP_i/U3751/ZN (NOR2_X2)                               0.0717     1.0519 f
  DP_i/U314/ZN (OAI22_X1)                               0.1344     1.1863 r
  DP_i/U3764/ZN (INV_X2)                                0.0813     1.2676 f
  DP_i/U305/ZN (NAND2_X1)                               0.0676     1.3351 r
  DP_i/U128/ZN (NAND2_X4)                               0.0907     1.4259 f
  DP_i/U306/ZN (INV_X1)                                 0.1085     1.5344 r
  DP_i/U4973/ZN (AOI22_X2)                              0.1022     1.6366 f
  DP_i/U4974/ZN (XNOR2_X1)                              0.1273     1.7639 r
  DP_i/U4975/Z (XOR2_X2)                                0.1913     1.9552 r
  DP_i/U326/ZN (INV_X1)                                 0.1019     2.0571 f
  DP_i/U4977/ZN (AOI22_X1)                              0.0840     2.1411 r
  DP_i/U4978/ZN (XNOR2_X1)                              0.0676     2.2087 r
  DP_i/U4990/ZN (XNOR2_X1)                              0.0739     2.2826 r
  DP_i/U7358/Z (XOR2_X1)                                0.0878     2.3704 r
  DP_i/U2296/ZN (OAI21_X1)                              0.0355     2.4059 f
  DP_i/U2297/ZN (AOI21_X1)                              0.0536     2.4595 r
  DP_i/execute_i_boothmul_i_tree_i_register_i_3_Y_temp_reg_28_/D (DFF_X1)
                                                        0.0110     2.4705 r
  data arrival time                                                2.4705

  clock CLK (rise edge)                                 2.5000     2.5000
  clock network delay (ideal)                           0.0500     2.5500
  clock uncertainty                                    -0.0500     2.5000
  DP_i/execute_i_boothmul_i_tree_i_register_i_3_Y_temp_reg_28_/CK (DFF_X1)
                                                        0.0000     2.5000 r
  library setup time                                   -0.0295     2.4705
  data required time                                               2.4705
  --------------------------------------------------------------------------
  data required time                                               2.4705
  data arrival time                                               -2.4705
  --------------------------------------------------------------------------
  slack (MET)                                                      0.0000


  Startpoint: DP_i/mem_access_i_rd_out_reg_i_Y_reg_2_
              (rising edge-triggered flip-flop clocked by CLK)
  Endpoint: DP_i/execute_i_boothmul_i_tree_i_register_i_3_Y_temp_reg_28_
            (rising edge-triggered flip-flop clocked by CLK)
  Path Group: REG2REG
  Path Type: max

  Des/Clust/Port     Wire Load Model       Library
  ------------------------------------------------
  DLX                5K_hvratio_1_4        NangateOpenCellLibrary

  Point                                                   Incr       Path
  --------------------------------------------------------------------------
  clock CLK (rise edge)                                 0.0000     0.0000
  clock network delay (ideal)                           0.0500     0.0500
  DP_i/mem_access_i_rd_out_reg_i_Y_reg_2_/CK (DFF_X1)   0.0000     0.0500 r
  DP_i/mem_access_i_rd_out_reg_i_Y_reg_2_/QN (DFF_X1)   0.1224     0.1724 f
  DP_i/rd_mem_w_2__BAR (DataPath)                       0.0000     0.1724 f
  U1287/ZN (AOI22_X1)                                   0.0907     0.2630 r
  U1288/ZN (OAI221_X1)                                  0.0505     0.3136 f
  U1293/ZN (NOR4_X1)                                    0.1100     0.4236 r
  DP_i/fw_mem_ex_rs2 (DataPath)                         0.0000     0.4236 r
  DP_i/U1952/ZN (AND2_X2)                               0.0769     0.5005 r
  DP_i/U2909/ZN (NAND2_X1)                              0.0482     0.5487 f
  DP_i/U2910/ZN (NAND3_X1)                              0.0500     0.5987 r
  DP_i/U2914/ZN (AOI22_X1)                              0.0420     0.6407 f
  DP_i/U209/Z (CLKBUF_X1)                               0.0715     0.7122 f
  DP_i/U272/ZN (NOR2_X1)                                0.1272     0.8393 r
  DP_i/U324/ZN (INV_X1)                                 0.0634     0.9027 f
  DP_i/U261/ZN (NOR2_X1)                                0.0773     0.9800 r
  DP_i/U3751/ZN (NOR2_X2)                               0.0717     1.0517 f
  DP_i/U314/ZN (OAI22_X1)                               0.1344     1.1861 r
  DP_i/U3764/ZN (INV_X2)                                0.0813     1.2673 f
  DP_i/U305/ZN (NAND2_X1)                               0.0676     1.3349 r
  DP_i/U128/ZN (NAND2_X4)                               0.0907     1.4257 f
  DP_i/U306/ZN (INV_X1)                                 0.1085     1.5342 r
  DP_i/U4973/ZN (AOI22_X2)                              0.1022     1.6364 f
  DP_i/U4974/ZN (XNOR2_X1)                              0.1273     1.7637 r
  DP_i/U4975/Z (XOR2_X2)                                0.1913     1.9550 r
  DP_i/U326/ZN (INV_X1)                                 0.1019     2.0569 f
  DP_i/U4977/ZN (AOI22_X1)                              0.0840     2.1409 r
  DP_i/U4978/ZN (XNOR2_X1)                              0.0676     2.2085 r
  DP_i/U4990/ZN (XNOR2_X1)                              0.0739     2.2824 r
  DP_i/U7358/Z (XOR2_X1)                                0.0878     2.3702 r
  DP_i/U2296/ZN (OAI21_X1)                              0.0355     2.4057 f
  DP_i/U2297/ZN (AOI21_X1)                              0.0536     2.4593 r
  DP_i/execute_i_boothmul_i_tree_i_register_i_3_Y_temp_reg_28_/D (DFF_X1)
                                                        0.0110     2.4703 r
  data arrival time                                                2.4703

  clock CLK (rise edge)                                 2.5000     2.5000
  clock network delay (ideal)                           0.0500     2.5500
  clock uncertainty                                    -0.0500     2.5000
  DP_i/execute_i_boothmul_i_tree_i_register_i_3_Y_temp_reg_28_/CK (DFF_X1)
                                                        0.0000     2.5000 r
  library setup time                                   -0.0295     2.4705
  data required time                                               2.4705
  --------------------------------------------------------------------------
  data required time                                               2.4705
  data arrival time                                               -2.4703
  --------------------------------------------------------------------------
  slack (MET)                                                      0.0002


  Startpoint: CP_i_ex_mem_reg_i_WF1_out_reg
              (rising edge-triggered flip-flop clocked by CLK)
  Endpoint: DP_i/execute_i_boothmul_i_tree_i_register_i_2_Y_temp_reg_30_
            (rising edge-triggered flip-flop clocked by CLK)
  Path Group: REG2REG
  Path Type: max

  Des/Clust/Port     Wire Load Model       Library
  ------------------------------------------------
  DLX                5K_hvratio_1_4        NangateOpenCellLibrary

  Point                                                   Incr       Path
  --------------------------------------------------------------------------
  clock CLK (rise edge)                                 0.0000     0.0000
  clock network delay (ideal)                           0.0500     0.0500
  CP_i_ex_mem_reg_i_WF1_out_reg/CK (DFF_X1)             0.0000     0.0500 r
  CP_i_ex_mem_reg_i_WF1_out_reg/Q (DFF_X1)              0.1031     0.1531 r
  U868/ZN (NAND2_X1)                                    0.0320     0.1851 f
  U869/ZN (NOR2_X1)                                     0.0556     0.2407 r
  U1123/ZN (OAI211_X1)                                  0.0478     0.2884 f
  U1126/ZN (NOR3_X1)                                    0.0916     0.3800 r
  DP_i/fw_ex_ex_rs2 (DataPath)                          0.0000     0.3800 r
  DP_i/U1946/Z (BUF_X1)                                 0.0597     0.4397 r
  DP_i/U1947/ZN (NOR2_X1)                               0.0441     0.4838 f
  DP_i/U1948/Z (BUF_X1)                                 0.0546     0.5384 f
  DP_i/U2533/Z (BUF_X2)                                 0.0635     0.6019 f
  DP_i/U2612/ZN (AOI222_X1)                             0.1588     0.7607 r
  DP_i/U164/ZN (OAI21_X1)                               0.0700     0.8307 f
  DP_i/U3758/ZN (NAND2_X1)                              0.0684     0.8991 r
  DP_i/U3759/ZN (NOR2_X1)                               0.0389     0.9380 f
  DP_i/U3809/ZN (AOI21_X1)                              0.1444     1.0824 r
  DP_i/U32/Z (BUF_X1)                                   0.1587     1.2411 r
  DP_i/U3814/ZN (AOI22_X1)                              0.0752     1.3164 f
  DP_i/U3831/ZN (XNOR2_X1)                              0.0746     1.3909 f
  DP_i/U3832/ZN (XNOR2_X1)                              0.0702     1.4612 f
  DP_i/U3833/ZN (XNOR2_X1)                              0.0911     1.5522 r
  DP_i/U3834/ZN (AOI22_X1)                              0.0422     1.5944 f
  DP_i/U3835/ZN (OAI21_X1)                              0.0429     1.6373 r
  DP_i/U3836/ZN (OAI21_X1)                              0.0394     1.6767 f
  DP_i/U5003/S (FA_X1)                                  0.1456     1.8223 r
  DP_i/U3881/ZN (XNOR2_X1)                              0.0703     1.8925 r
  DP_i/U3882/ZN (XNOR2_X1)                              0.0670     1.9596 r
  DP_i/U3883/ZN (XNOR2_X1)                              0.0670     2.0266 r
  DP_i/U3884/ZN (XNOR2_X1)                              0.0736     2.1001 r
  DP_i/U3885/ZN (XNOR2_X1)                              0.0777     2.1779 r
  DP_i/U292/ZN (OR2_X1)                                 0.0452     2.2230 r
  DP_i/U788/ZN (NAND2_X1)                               0.0310     2.2541 f
  DP_i/U7282/ZN (INV_X1)                                0.0346     2.2886 r
  DP_i/U7283/ZN (NAND2_X1)                              0.0353     2.3240 f
  DP_i/U7518/ZN (OAI21_X1)                              0.0417     2.3656 r
  DP_i/U1911/ZN (OAI21_X1)                              0.0375     2.4031 f
  DP_i/U1912/ZN (AOI21_X1)                              0.0542     2.4574 r
  DP_i/execute_i_boothmul_i_tree_i_register_i_2_Y_temp_reg_30_/D (DFF_X1)
                                                        0.0110     2.4684 r
  data arrival time                                                2.4684

  clock CLK (rise edge)                                 2.5000     2.5000
  clock network delay (ideal)                           0.0500     2.5500
  clock uncertainty                                    -0.0500     2.5000
  DP_i/execute_i_boothmul_i_tree_i_register_i_2_Y_temp_reg_30_/CK (DFF_X1)
                                                        0.0000     2.5000 r
  library setup time                                   -0.0293     2.4707
  data required time                                               2.4707
  --------------------------------------------------------------------------
  data required time                                               2.4707
  data arrival time                                               -2.4684
  --------------------------------------------------------------------------
  slack (MET)                                                      0.0023


  Startpoint: CP_i_ex_mem_reg_i_WF1_out_reg
              (rising edge-triggered flip-flop clocked by CLK)
  Endpoint: DP_i/execute_i_boothmul_i_tree_i_register_i_2_Y_temp_reg_30_
            (rising edge-triggered flip-flop clocked by CLK)
  Path Group: REG2REG
  Path Type: max

  Des/Clust/Port     Wire Load Model       Library
  ------------------------------------------------
  DLX                5K_hvratio_1_4        NangateOpenCellLibrary

  Point                                                   Incr       Path
  --------------------------------------------------------------------------
  clock CLK (rise edge)                                 0.0000     0.0000
  clock network delay (ideal)                           0.0500     0.0500
  CP_i_ex_mem_reg_i_WF1_out_reg/CK (DFF_X1)             0.0000     0.0500 r
  CP_i_ex_mem_reg_i_WF1_out_reg/Q (DFF_X1)              0.1031     0.1531 r
  U868/ZN (NAND2_X1)                                    0.0320     0.1851 f
  U869/ZN (NOR2_X1)                                     0.0556     0.2407 r
  U1123/ZN (OAI211_X1)                                  0.0478     0.2884 f
  U1126/ZN (NOR3_X1)                                    0.0916     0.3800 r
  DP_i/fw_ex_ex_rs2 (DataPath)                          0.0000     0.3800 r
  DP_i/U1946/Z (BUF_X1)                                 0.0597     0.4397 r
  DP_i/U1947/ZN (NOR2_X1)                               0.0441     0.4838 f
  DP_i/U1948/Z (BUF_X1)                                 0.0546     0.5384 f
  DP_i/U2533/Z (BUF_X2)                                 0.0635     0.6019 f
  DP_i/U2612/ZN (AOI222_X1)                             0.1588     0.7607 r
  DP_i/U164/ZN (OAI21_X1)                               0.0700     0.8307 f
  DP_i/U3758/ZN (NAND2_X1)                              0.0684     0.8991 r
  DP_i/U3759/ZN (NOR2_X1)                               0.0389     0.9380 f
  DP_i/U3809/ZN (AOI21_X1)                              0.1444     1.0824 r
  DP_i/U32/Z (BUF_X1)                                   0.1587     1.2411 r
  DP_i/U3814/ZN (AOI22_X1)                              0.0751     1.3162 f
  DP_i/U3831/ZN (XNOR2_X1)                              0.0746     1.3908 f
  DP_i/U3832/ZN (XNOR2_X1)                              0.0702     1.4610 f
  DP_i/U3833/ZN (XNOR2_X1)                              0.0911     1.5521 r
  DP_i/U3834/ZN (AOI22_X1)                              0.0422     1.5942 f
  DP_i/U3835/ZN (OAI21_X1)                              0.0429     1.6371 r
  DP_i/U3836/ZN (OAI21_X1)                              0.0394     1.6765 f
  DP_i/U5003/S (FA_X1)                                  0.1456     1.8221 r
  DP_i/U3881/ZN (XNOR2_X1)                              0.0703     1.8924 r
  DP_i/U3882/ZN (XNOR2_X1)                              0.0670     1.9594 r
  DP_i/U3883/ZN (XNOR2_X1)                              0.0670     2.0264 r
  DP_i/U3884/ZN (XNOR2_X1)                              0.0736     2.1000 r
  DP_i/U3885/ZN (XNOR2_X1)                              0.0777     2.1777 r
  DP_i/U292/ZN (OR2_X1)                                 0.0452     2.2229 r
  DP_i/U788/ZN (NAND2_X1)                               0.0310     2.2539 f
  DP_i/U7282/ZN (INV_X1)                                0.0346     2.2885 r
  DP_i/U7283/ZN (NAND2_X1)                              0.0353     2.3238 f
  DP_i/U7518/ZN (OAI21_X1)                              0.0417     2.3655 r
  DP_i/U1911/ZN (OAI21_X1)                              0.0375     2.4030 f
  DP_i/U1912/ZN (AOI21_X1)                              0.0542     2.4572 r
  DP_i/execute_i_boothmul_i_tree_i_register_i_2_Y_temp_reg_30_/D (DFF_X1)
                                                        0.0110     2.4682 r
  data arrival time                                                2.4682

  clock CLK (rise edge)                                 2.5000     2.5000
  clock network delay (ideal)                           0.0500     2.5500
  clock uncertainty                                    -0.0500     2.5000
  DP_i/execute_i_boothmul_i_tree_i_register_i_2_Y_temp_reg_30_/CK (DFF_X1)
                                                        0.0000     2.5000 r
  library setup time                                   -0.0293     2.4707
  data required time                                               2.4707
  --------------------------------------------------------------------------
  data required time                                               2.4707
  data arrival time                                               -2.4682
  --------------------------------------------------------------------------
  slack (MET)                                                      0.0024


  Startpoint: DP_i/fetch_i_IR_out_reg_27_
              (rising edge-triggered flip-flop clocked by CLK)
  Endpoint: DP_i/fetch_i_pc_i_Y_reg_12_
            (rising edge-triggered flip-flop clocked by CLK)
  Path Group: REG2REG
  Path Type: max

  Des/Clust/Port     Wire Load Model       Library
  ------------------------------------------------
  DLX                5K_hvratio_1_4        NangateOpenCellLibrary

  Point                                                   Incr       Path
  --------------------------------------------------------------------------
  clock CLK (rise edge)                                 0.0000     0.0000
  clock network delay (ideal)                           0.0500     0.0500
  DP_i/fetch_i_IR_out_reg_27_/CK (DFF_X1)               0.0000     0.0500 r
  DP_i/fetch_i_IR_out_reg_27_/Q (DFF_X1)                0.1090     0.1590 f
  DP_i/opcode[1] (DataPath)                             0.0000     0.1590 f
  U857/ZN (OR3_X2)                                      0.1078     0.2669 f
  U833/ZN (OR2_X2)                                      0.0734     0.3403 f
  DP_i/RF2_BAR (DataPath)                               0.0000     0.3403 f
  DP_i/U1622/Z (BUF_X2)                                 0.0615     0.4018 f
  DP_i/U1661/ZN (NAND2_X1)                              0.0541     0.4559 r
  DP_i/U1662/ZN (XNOR2_X1)                              0.0702     0.5261 r
  DP_i/U735/ZN (AND2_X1)                                0.0513     0.5774 r
  DP_i/U564/ZN (AND2_X2)                                0.0538     0.6311 r
  DP_i/U1668/ZN (OAI21_X1)                              0.0393     0.6705 f
  DP_i/U1671/ZN (OAI21_X1)                              0.0521     0.7226 r
  DP_i/U1672/ZN (NAND2_X1)                              0.0368     0.7594 f
  DP_i/U60/ZN (NOR2_X1)                                 0.0672     0.8266 r
  DP_i/U1680/ZN (NAND2_X1)                              0.0363     0.8629 f
  DP_i/U1682/ZN (NAND2_X1)                              0.0340     0.8970 r
  DP_i/U1817/CO (FA_X1)                                 0.0703     0.9673 r
  DP_i/U554/ZN (NAND2_X1)                               0.0307     0.9980 f
  DP_i/U1689/ZN (NAND2_X1)                              0.0315     1.0296 r
  DP_i/U1789/CO (FA_X1)                                 0.0765     1.1060 r
  DP_i/U200/ZN (AND3_X1)                                0.0640     1.1700 r
  DP_i/U555/ZN (XNOR2_X1)                               0.0617     1.2317 r
  DP_i/U1695/ZN (AOI21_X1)                              0.0343     1.2659 f
  DP_i/U546/ZN (XNOR2_X1)                               0.0688     1.3348 f
  DP_i/U547/ZN (NAND2_X1)                               0.0364     1.3712 r
  DP_i/U548/ZN (NAND2_X1)                               0.0332     1.4043 f
  DP_i/U563/ZN (OAI21_X1)                               0.0501     1.4544 r
  DP_i/U172/Z (CLKBUF_X1)                               0.0493     1.5037 r
  DP_i/U178/ZN (OR2_X1)                                 0.0471     1.5509 r
  DP_i/U1762/ZN (OAI22_X1)                              0.0394     1.5903 f
  DP_i/U27/ZN (AOI211_X1)                               0.1636     1.7539 r
  DP_i/U1861/ZN (OAI22_X1)                              0.0577     1.8116 f
  DP_i/U1864/ZN (AOI221_X1)                             0.0855     1.8971 r
  DP_i/U1871/ZN (AND2_X1)                               0.0476     1.9448 r
  DP_i/U1887/ZN (AND4_X1)                               0.0569     2.0016 r
  DP_i/U577/ZN (AND4_X1)                                0.0677     2.0693 r
  DP_i/U1904/ZN (NAND4_X1)                              0.0502     2.1196 f
  DP_i/U501/ZN (AND2_X1)                                0.0605     2.1800 f
  DP_i/U6256/ZN (INV_X1)                                0.0428     2.2229 r
  DP_i/U6258/ZN (AND3_X2)                               0.0636     2.2865 r
  DP_i/U6259/Z (BUF_X2)                                 0.0684     2.3549 r
  DP_i/U3032/ZN (AOI22_X1)                              0.0587     2.4136 f
  DP_i/U3033/ZN (OAI211_X1)                             0.0410     2.4546 r
  DP_i/fetch_i_pc_i_Y_reg_12_/D (DFF_X1)                0.0110     2.4656 r
  data arrival time                                                2.4656

  clock CLK (rise edge)                                 2.5000     2.5000
  clock network delay (ideal)                           0.0500     2.5500
  clock uncertainty                                    -0.0500     2.5000
  DP_i/fetch_i_pc_i_Y_reg_12_/CK (DFF_X1)               0.0000     2.5000 r
  library setup time                                   -0.0314     2.4686
  data required time                                               2.4686
  --------------------------------------------------------------------------
  data required time                                               2.4686
  data arrival time                                               -2.4656
  --------------------------------------------------------------------------
  slack (MET)                                                      0.0030


  Startpoint: DP_i/fetch_i_IR_out_reg_27_
              (rising edge-triggered flip-flop clocked by CLK)
  Endpoint: DP_i/fetch_i_pc_i_Y_reg_11_
            (rising edge-triggered flip-flop clocked by CLK)
  Path Group: REG2REG
  Path Type: max

  Des/Clust/Port     Wire Load Model       Library
  ------------------------------------------------
  DLX                5K_hvratio_1_4        NangateOpenCellLibrary

  Point                                                   Incr       Path
  --------------------------------------------------------------------------
  clock CLK (rise edge)                                 0.0000     0.0000
  clock network delay (ideal)                           0.0500     0.0500
  DP_i/fetch_i_IR_out_reg_27_/CK (DFF_X1)               0.0000     0.0500 r
  DP_i/fetch_i_IR_out_reg_27_/Q (DFF_X1)                0.1090     0.1590 f
  DP_i/opcode[1] (DataPath)                             0.0000     0.1590 f
  U857/ZN (OR3_X2)                                      0.1078     0.2669 f
  U833/ZN (OR2_X2)                                      0.0734     0.3403 f
  DP_i/RF2_BAR (DataPath)                               0.0000     0.3403 f
  DP_i/U1622/Z (BUF_X2)                                 0.0615     0.4018 f
  DP_i/U1661/ZN (NAND2_X1)                              0.0541     0.4559 r
  DP_i/U1662/ZN (XNOR2_X1)                              0.0702     0.5261 r
  DP_i/U735/ZN (AND2_X1)                                0.0513     0.5774 r
  DP_i/U564/ZN (AND2_X2)                                0.0538     0.6311 r
  DP_i/U1668/ZN (OAI21_X1)                              0.0393     0.6705 f
  DP_i/U1671/ZN (OAI21_X1)                              0.0521     0.7226 r
  DP_i/U1672/ZN (NAND2_X1)                              0.0368     0.7594 f
  DP_i/U60/ZN (NOR2_X1)                                 0.0672     0.8266 r
  DP_i/U1680/ZN (NAND2_X1)                              0.0363     0.8629 f
  DP_i/U1682/ZN (NAND2_X1)                              0.0340     0.8970 r
  DP_i/U1817/CO (FA_X1)                                 0.0703     0.9673 r
  DP_i/U554/ZN (NAND2_X1)                               0.0307     0.9980 f
  DP_i/U1689/ZN (NAND2_X1)                              0.0315     1.0296 r
  DP_i/U1789/CO (FA_X1)                                 0.0765     1.1060 r
  DP_i/U200/ZN (AND3_X1)                                0.0640     1.1700 r
  DP_i/U555/ZN (XNOR2_X1)                               0.0617     1.2317 r
  DP_i/U1695/ZN (AOI21_X1)                              0.0343     1.2659 f
  DP_i/U546/ZN (XNOR2_X1)                               0.0688     1.3348 f
  DP_i/U547/ZN (NAND2_X1)                               0.0364     1.3712 r
  DP_i/U548/ZN (NAND2_X1)                               0.0332     1.4043 f
  DP_i/U563/ZN (OAI21_X1)                               0.0501     1.4544 r
  DP_i/U172/Z (CLKBUF_X1)                               0.0493     1.5037 r
  DP_i/U178/ZN (OR2_X1)                                 0.0471     1.5509 r
  DP_i/U1762/ZN (OAI22_X1)                              0.0394     1.5903 f
  DP_i/U27/ZN (AOI211_X1)                               0.1636     1.7539 r
  DP_i/U1861/ZN (OAI22_X1)                              0.0577     1.8116 f
  DP_i/U1864/ZN (AOI221_X1)                             0.0855     1.8971 r
  DP_i/U1871/ZN (AND2_X1)                               0.0476     1.9448 r
  DP_i/U1887/ZN (AND4_X1)                               0.0569     2.0016 r
  DP_i/U577/ZN (AND4_X1)                                0.0677     2.0693 r
  DP_i/U1904/ZN (NAND4_X1)                              0.0502     2.1196 f
  DP_i/U501/ZN (AND2_X1)                                0.0605     2.1800 f
  DP_i/U6256/ZN (INV_X1)                                0.0428     2.2229 r
  DP_i/U6258/ZN (AND3_X2)                               0.0636     2.2865 r
  DP_i/U6259/Z (BUF_X2)                                 0.0684     2.3549 r
  DP_i/U3037/ZN (AOI22_X1)                              0.0587     2.4136 f
  DP_i/U3038/ZN (OAI211_X1)                             0.0410     2.4546 r
  DP_i/fetch_i_pc_i_Y_reg_11_/D (DFF_X1)                0.0110     2.4656 r
  data arrival time                                                2.4656

  clock CLK (rise edge)                                 2.5000     2.5000
  clock network delay (ideal)                           0.0500     2.5500
  clock uncertainty                                    -0.0500     2.5000
  DP_i/fetch_i_pc_i_Y_reg_11_/CK (DFF_X1)               0.0000     2.5000 r
  library setup time                                   -0.0314     2.4686
  data required time                                               2.4686
  --------------------------------------------------------------------------
  data required time                                               2.4686
  data arrival time                                               -2.4656
  --------------------------------------------------------------------------
  slack (MET)                                                      0.0030


  Startpoint: DP_i/fetch_i_IR_out_reg_27_
              (rising edge-triggered flip-flop clocked by CLK)
  Endpoint: DP_i/fetch_i_pc_i_Y_reg_10_
            (rising edge-triggered flip-flop clocked by CLK)
  Path Group: REG2REG
  Path Type: max

  Des/Clust/Port     Wire Load Model       Library
  ------------------------------------------------
  DLX                5K_hvratio_1_4        NangateOpenCellLibrary

  Point                                                   Incr       Path
  --------------------------------------------------------------------------
  clock CLK (rise edge)                                 0.0000     0.0000
  clock network delay (ideal)                           0.0500     0.0500
  DP_i/fetch_i_IR_out_reg_27_/CK (DFF_X1)               0.0000     0.0500 r
  DP_i/fetch_i_IR_out_reg_27_/Q (DFF_X1)                0.1090     0.1590 f
  DP_i/opcode[1] (DataPath)                             0.0000     0.1590 f
  U857/ZN (OR3_X2)                                      0.1078     0.2669 f
  U833/ZN (OR2_X2)                                      0.0734     0.3403 f
  DP_i/RF2_BAR (DataPath)                               0.0000     0.3403 f
  DP_i/U1622/Z (BUF_X2)                                 0.0615     0.4018 f
  DP_i/U1661/ZN (NAND2_X1)                              0.0541     0.4559 r
  DP_i/U1662/ZN (XNOR2_X1)                              0.0702     0.5261 r
  DP_i/U735/ZN (AND2_X1)                                0.0513     0.5774 r
  DP_i/U564/ZN (AND2_X2)                                0.0538     0.6311 r
  DP_i/U1668/ZN (OAI21_X1)                              0.0393     0.6705 f
  DP_i/U1671/ZN (OAI21_X1)                              0.0521     0.7226 r
  DP_i/U1672/ZN (NAND2_X1)                              0.0368     0.7594 f
  DP_i/U60/ZN (NOR2_X1)                                 0.0672     0.8266 r
  DP_i/U1680/ZN (NAND2_X1)                              0.0363     0.8629 f
  DP_i/U1682/ZN (NAND2_X1)                              0.0340     0.8970 r
  DP_i/U1817/CO (FA_X1)                                 0.0703     0.9673 r
  DP_i/U554/ZN (NAND2_X1)                               0.0307     0.9980 f
  DP_i/U1689/ZN (NAND2_X1)                              0.0315     1.0296 r
  DP_i/U1789/CO (FA_X1)                                 0.0765     1.1060 r
  DP_i/U200/ZN (AND3_X1)                                0.0640     1.1700 r
  DP_i/U555/ZN (XNOR2_X1)                               0.0617     1.2317 r
  DP_i/U1695/ZN (AOI21_X1)                              0.0343     1.2659 f
  DP_i/U546/ZN (XNOR2_X1)                               0.0688     1.3348 f
  DP_i/U547/ZN (NAND2_X1)                               0.0364     1.3712 r
  DP_i/U548/ZN (NAND2_X1)                               0.0332     1.4043 f
  DP_i/U563/ZN (OAI21_X1)                               0.0501     1.4544 r
  DP_i/U172/Z (CLKBUF_X1)                               0.0493     1.5037 r
  DP_i/U178/ZN (OR2_X1)                                 0.0471     1.5509 r
  DP_i/U1762/ZN (OAI22_X1)                              0.0394     1.5903 f
  DP_i/U27/ZN (AOI211_X1)                               0.1636     1.7539 r
  DP_i/U1861/ZN (OAI22_X1)                              0.0577     1.8116 f
  DP_i/U1864/ZN (AOI221_X1)                             0.0855     1.8971 r
  DP_i/U1871/ZN (AND2_X1)                               0.0476     1.9448 r
  DP_i/U1887/ZN (AND4_X1)                               0.0569     2.0016 r
  DP_i/U577/ZN (AND4_X1)                                0.0677     2.0693 r
  DP_i/U1904/ZN (NAND4_X1)                              0.0502     2.1196 f
  DP_i/U501/ZN (AND2_X1)                                0.0605     2.1800 f
  DP_i/U6256/ZN (INV_X1)                                0.0428     2.2229 r
  DP_i/U6258/ZN (AND3_X2)                               0.0636     2.2865 r
  DP_i/U6259/Z (BUF_X2)                                 0.0684     2.3549 r
  DP_i/U3042/ZN (AOI22_X1)                              0.0587     2.4136 f
  DP_i/U3043/ZN (OAI211_X1)                             0.0410     2.4546 r
  DP_i/fetch_i_pc_i_Y_reg_10_/D (DFF_X1)                0.0110     2.4656 r
  data arrival time                                                2.4656

  clock CLK (rise edge)                                 2.5000     2.5000
  clock network delay (ideal)                           0.0500     2.5500
  clock uncertainty                                    -0.0500     2.5000
  DP_i/fetch_i_pc_i_Y_reg_10_/CK (DFF_X1)               0.0000     2.5000 r
  library setup time                                   -0.0314     2.4686
  data required time                                               2.4686
  --------------------------------------------------------------------------
  data required time                                               2.4686
  data arrival time                                               -2.4656
  --------------------------------------------------------------------------
  slack (MET)                                                      0.0030


  Startpoint: DP_i/fetch_i_IR_out_reg_27_
              (rising edge-triggered flip-flop clocked by CLK)
  Endpoint: DP_i/fetch_i_pc_i_Y_reg_13_
            (rising edge-triggered flip-flop clocked by CLK)
  Path Group: REG2REG
  Path Type: max

  Des/Clust/Port     Wire Load Model       Library
  ------------------------------------------------
  DLX                5K_hvratio_1_4        NangateOpenCellLibrary

  Point                                                   Incr       Path
  --------------------------------------------------------------------------
  clock CLK (rise edge)                                 0.0000     0.0000
  clock network delay (ideal)                           0.0500     0.0500
  DP_i/fetch_i_IR_out_reg_27_/CK (DFF_X1)               0.0000     0.0500 r
  DP_i/fetch_i_IR_out_reg_27_/Q (DFF_X1)                0.1090     0.1590 f
  DP_i/opcode[1] (DataPath)                             0.0000     0.1590 f
  U857/ZN (OR3_X2)                                      0.1078     0.2669 f
  U833/ZN (OR2_X2)                                      0.0734     0.3403 f
  DP_i/RF2_BAR (DataPath)                               0.0000     0.3403 f
  DP_i/U1622/Z (BUF_X2)                                 0.0615     0.4018 f
  DP_i/U1661/ZN (NAND2_X1)                              0.0541     0.4559 r
  DP_i/U1662/ZN (XNOR2_X1)                              0.0702     0.5261 r
  DP_i/U735/ZN (AND2_X1)                                0.0513     0.5774 r
  DP_i/U564/ZN (AND2_X2)                                0.0538     0.6311 r
  DP_i/U1668/ZN (OAI21_X1)                              0.0393     0.6705 f
  DP_i/U1671/ZN (OAI21_X1)                              0.0521     0.7226 r
  DP_i/U1672/ZN (NAND2_X1)                              0.0368     0.7594 f
  DP_i/U60/ZN (NOR2_X1)                                 0.0672     0.8266 r
  DP_i/U1680/ZN (NAND2_X1)                              0.0363     0.8629 f
  DP_i/U1682/ZN (NAND2_X1)                              0.0340     0.8970 r
  DP_i/U1817/CO (FA_X1)                                 0.0703     0.9673 r
  DP_i/U554/ZN (NAND2_X1)                               0.0307     0.9980 f
  DP_i/U1689/ZN (NAND2_X1)                              0.0315     1.0296 r
  DP_i/U1789/CO (FA_X1)                                 0.0765     1.1060 r
  DP_i/U200/ZN (AND3_X1)                                0.0640     1.1700 r
  DP_i/U555/ZN (XNOR2_X1)                               0.0617     1.2317 r
  DP_i/U1695/ZN (AOI21_X1)                              0.0343     1.2659 f
  DP_i/U546/ZN (XNOR2_X1)                               0.0688     1.3348 f
  DP_i/U547/ZN (NAND2_X1)                               0.0364     1.3712 r
  DP_i/U548/ZN (NAND2_X1)                               0.0332     1.4043 f
  DP_i/U563/ZN (OAI21_X1)                               0.0501     1.4544 r
  DP_i/U172/Z (CLKBUF_X1)                               0.0493     1.5037 r
  DP_i/U178/ZN (OR2_X1)                                 0.0471     1.5509 r
  DP_i/U1762/ZN (OAI22_X1)                              0.0394     1.5903 f
  DP_i/U27/ZN (AOI211_X1)                               0.1636     1.7539 r
  DP_i/U1861/ZN (OAI22_X1)                              0.0577     1.8116 f
  DP_i/U1864/ZN (AOI221_X1)                             0.0855     1.8971 r
  DP_i/U1871/ZN (AND2_X1)                               0.0476     1.9448 r
  DP_i/U1887/ZN (AND4_X1)                               0.0569     2.0016 r
  DP_i/U577/ZN (AND4_X1)                                0.0677     2.0693 r
  DP_i/U1904/ZN (NAND4_X1)                              0.0502     2.1196 f
  DP_i/U501/ZN (AND2_X1)                                0.0605     2.1800 f
  DP_i/U6256/ZN (INV_X1)                                0.0428     2.2229 r
  DP_i/U6258/ZN (AND3_X2)                               0.0636     2.2865 r
  DP_i/U6259/Z (BUF_X2)                                 0.0684     2.3549 r
  DP_i/U3027/ZN (AOI22_X1)                              0.0587     2.4136 f
  DP_i/U3028/ZN (OAI211_X1)                             0.0410     2.4546 r
  DP_i/fetch_i_pc_i_Y_reg_13_/D (DFF_X1)                0.0110     2.4656 r
  data arrival time                                                2.4656

  clock CLK (rise edge)                                 2.5000     2.5000
  clock network delay (ideal)                           0.0500     2.5500
  clock uncertainty                                    -0.0500     2.5000
  DP_i/fetch_i_pc_i_Y_reg_13_/CK (DFF_X1)               0.0000     2.5000 r
  library setup time                                   -0.0314     2.4686
  data required time                                               2.4686
  --------------------------------------------------------------------------
  data required time                                               2.4686
  data arrival time                                               -2.4656
  --------------------------------------------------------------------------
  slack (MET)                                                      0.0030


  Startpoint: DP_i/fetch_i_IR_out_reg_27_
              (rising edge-triggered flip-flop clocked by CLK)
  Endpoint: DP_i/fetch_i_pc_i_Y_reg_14_
            (rising edge-triggered flip-flop clocked by CLK)
  Path Group: REG2REG
  Path Type: max

  Des/Clust/Port     Wire Load Model       Library
  ------------------------------------------------
  DLX                5K_hvratio_1_4        NangateOpenCellLibrary

  Point                                                   Incr       Path
  --------------------------------------------------------------------------
  clock CLK (rise edge)                                 0.0000     0.0000
  clock network delay (ideal)                           0.0500     0.0500
  DP_i/fetch_i_IR_out_reg_27_/CK (DFF_X1)               0.0000     0.0500 r
  DP_i/fetch_i_IR_out_reg_27_/Q (DFF_X1)                0.1090     0.1590 f
  DP_i/opcode[1] (DataPath)                             0.0000     0.1590 f
  U857/ZN (OR3_X2)                                      0.1078     0.2669 f
  U833/ZN (OR2_X2)                                      0.0734     0.3403 f
  DP_i/RF2_BAR (DataPath)                               0.0000     0.3403 f
  DP_i/U1622/Z (BUF_X2)                                 0.0615     0.4018 f
  DP_i/U1661/ZN (NAND2_X1)                              0.0541     0.4559 r
  DP_i/U1662/ZN (XNOR2_X1)                              0.0702     0.5261 r
  DP_i/U735/ZN (AND2_X1)                                0.0513     0.5774 r
  DP_i/U564/ZN (AND2_X2)                                0.0538     0.6311 r
  DP_i/U1668/ZN (OAI21_X1)                              0.0393     0.6705 f
  DP_i/U1671/ZN (OAI21_X1)                              0.0521     0.7226 r
  DP_i/U1672/ZN (NAND2_X1)                              0.0368     0.7594 f
  DP_i/U60/ZN (NOR2_X1)                                 0.0672     0.8266 r
  DP_i/U1680/ZN (NAND2_X1)                              0.0363     0.8629 f
  DP_i/U1682/ZN (NAND2_X1)                              0.0340     0.8970 r
  DP_i/U1817/CO (FA_X1)                                 0.0703     0.9673 r
  DP_i/U554/ZN (NAND2_X1)                               0.0307     0.9980 f
  DP_i/U1689/ZN (NAND2_X1)                              0.0315     1.0296 r
  DP_i/U1789/CO (FA_X1)                                 0.0765     1.1060 r
  DP_i/U200/ZN (AND3_X1)                                0.0640     1.1700 r
  DP_i/U555/ZN (XNOR2_X1)                               0.0617     1.2317 r
  DP_i/U1695/ZN (AOI21_X1)                              0.0343     1.2659 f
  DP_i/U546/ZN (XNOR2_X1)                               0.0688     1.3348 f
  DP_i/U547/ZN (NAND2_X1)                               0.0364     1.3712 r
  DP_i/U548/ZN (NAND2_X1)                               0.0332     1.4043 f
  DP_i/U563/ZN (OAI21_X1)                               0.0501     1.4544 r
  DP_i/U172/Z (CLKBUF_X1)                               0.0493     1.5037 r
  DP_i/U178/ZN (OR2_X1)                                 0.0471     1.5509 r
  DP_i/U1762/ZN (OAI22_X1)                              0.0394     1.5903 f
  DP_i/U27/ZN (AOI211_X1)                               0.1636     1.7539 r
  DP_i/U1861/ZN (OAI22_X1)                              0.0577     1.8116 f
  DP_i/U1864/ZN (AOI221_X1)                             0.0855     1.8971 r
  DP_i/U1871/ZN (AND2_X1)                               0.0476     1.9448 r
  DP_i/U1887/ZN (AND4_X1)                               0.0569     2.0016 r
  DP_i/U577/ZN (AND4_X1)                                0.0677     2.0693 r
  DP_i/U1904/ZN (NAND4_X1)                              0.0502     2.1196 f
  DP_i/U501/ZN (AND2_X1)                                0.0605     2.1800 f
  DP_i/U6256/ZN (INV_X1)                                0.0428     2.2229 r
  DP_i/U6258/ZN (AND3_X2)                               0.0636     2.2865 r
  DP_i/U6259/Z (BUF_X2)                                 0.0684     2.3549 r
  DP_i/U3022/ZN (AOI22_X1)                              0.0587     2.4136 f
  DP_i/U3023/ZN (OAI211_X1)                             0.0410     2.4546 r
  DP_i/fetch_i_pc_i_Y_reg_14_/D (DFF_X1)                0.0110     2.4656 r
  data arrival time                                                2.4656

  clock CLK (rise edge)                                 2.5000     2.5000
  clock network delay (ideal)                           0.0500     2.5500
  clock uncertainty                                    -0.0500     2.5000
  DP_i/fetch_i_pc_i_Y_reg_14_/CK (DFF_X1)               0.0000     2.5000 r
  library setup time                                   -0.0314     2.4686
  data required time                                               2.4686
  --------------------------------------------------------------------------
  data required time                                               2.4686
  data arrival time                                               -2.4656
  --------------------------------------------------------------------------
  slack (MET)                                                      0.0030


  Startpoint: DP_i/fetch_i_IR_out_reg_27_
              (rising edge-triggered flip-flop clocked by CLK)
  Endpoint: DP_i/fetch_i_pc_i_Y_reg_15_
            (rising edge-triggered flip-flop clocked by CLK)
  Path Group: REG2REG
  Path Type: max

  Des/Clust/Port     Wire Load Model       Library
  ------------------------------------------------
  DLX                5K_hvratio_1_4        NangateOpenCellLibrary

  Point                                                   Incr       Path
  --------------------------------------------------------------------------
  clock CLK (rise edge)                                 0.0000     0.0000
  clock network delay (ideal)                           0.0500     0.0500
  DP_i/fetch_i_IR_out_reg_27_/CK (DFF_X1)               0.0000     0.0500 r
  DP_i/fetch_i_IR_out_reg_27_/Q (DFF_X1)                0.1090     0.1590 f
  DP_i/opcode[1] (DataPath)                             0.0000     0.1590 f
  U857/ZN (OR3_X2)                                      0.1078     0.2669 f
  U833/ZN (OR2_X2)                                      0.0734     0.3403 f
  DP_i/RF2_BAR (DataPath)                               0.0000     0.3403 f
  DP_i/U1622/Z (BUF_X2)                                 0.0615     0.4018 f
  DP_i/U1661/ZN (NAND2_X1)                              0.0541     0.4559 r
  DP_i/U1662/ZN (XNOR2_X1)                              0.0702     0.5261 r
  DP_i/U735/ZN (AND2_X1)                                0.0513     0.5774 r
  DP_i/U564/ZN (AND2_X2)                                0.0538     0.6311 r
  DP_i/U1668/ZN (OAI21_X1)                              0.0393     0.6705 f
  DP_i/U1671/ZN (OAI21_X1)                              0.0521     0.7226 r
  DP_i/U1672/ZN (NAND2_X1)                              0.0368     0.7594 f
  DP_i/U60/ZN (NOR2_X1)                                 0.0672     0.8266 r
  DP_i/U1680/ZN (NAND2_X1)                              0.0363     0.8629 f
  DP_i/U1682/ZN (NAND2_X1)                              0.0340     0.8970 r
  DP_i/U1817/CO (FA_X1)                                 0.0703     0.9673 r
  DP_i/U554/ZN (NAND2_X1)                               0.0307     0.9980 f
  DP_i/U1689/ZN (NAND2_X1)                              0.0315     1.0296 r
  DP_i/U1789/CO (FA_X1)                                 0.0765     1.1060 r
  DP_i/U200/ZN (AND3_X1)                                0.0640     1.1700 r
  DP_i/U555/ZN (XNOR2_X1)                               0.0617     1.2317 r
  DP_i/U1695/ZN (AOI21_X1)                              0.0343     1.2659 f
  DP_i/U546/ZN (XNOR2_X1)                               0.0688     1.3348 f
  DP_i/U547/ZN (NAND2_X1)                               0.0364     1.3712 r
  DP_i/U548/ZN (NAND2_X1)                               0.0332     1.4043 f
  DP_i/U563/ZN (OAI21_X1)                               0.0501     1.4544 r
  DP_i/U172/Z (CLKBUF_X1)                               0.0493     1.5037 r
  DP_i/U178/ZN (OR2_X1)                                 0.0471     1.5509 r
  DP_i/U1762/ZN (OAI22_X1)                              0.0394     1.5903 f
  DP_i/U27/ZN (AOI211_X1)                               0.1636     1.7539 r
  DP_i/U1861/ZN (OAI22_X1)                              0.0577     1.8116 f
  DP_i/U1864/ZN (AOI221_X1)                             0.0855     1.8971 r
  DP_i/U1871/ZN (AND2_X1)                               0.0476     1.9448 r
  DP_i/U1887/ZN (AND4_X1)                               0.0569     2.0016 r
  DP_i/U577/ZN (AND4_X1)                                0.0677     2.0693 r
  DP_i/U1904/ZN (NAND4_X1)                              0.0502     2.1196 f
  DP_i/U501/ZN (AND2_X1)                                0.0605     2.1800 f
  DP_i/U6256/ZN (INV_X1)                                0.0428     2.2229 r
  DP_i/U6258/ZN (AND3_X2)                               0.0636     2.2865 r
  DP_i/U6259/Z (BUF_X2)                                 0.0684     2.3549 r
  DP_i/U3017/ZN (AOI22_X1)                              0.0587     2.4136 f
  DP_i/U3018/ZN (OAI211_X1)                             0.0410     2.4546 r
  DP_i/fetch_i_pc_i_Y_reg_15_/D (DFF_X1)                0.0110     2.4656 r
  data arrival time                                                2.4656

  clock CLK (rise edge)                                 2.5000     2.5000
  clock network delay (ideal)                           0.0500     2.5500
  clock uncertainty                                    -0.0500     2.5000
  DP_i/fetch_i_pc_i_Y_reg_15_/CK (DFF_X1)               0.0000     2.5000 r
  library setup time                                   -0.0314     2.4686
  data required time                                               2.4686
  --------------------------------------------------------------------------
  data required time                                               2.4686
  data arrival time                                               -2.4656
  --------------------------------------------------------------------------
  slack (MET)                                                      0.0030


1
