 
****************************************
Report : timing
        -path full
        -delay max
        -nworst 2
        -group REG2REG
        -max_paths 10
Design : DLX
Version: W-2024.09-SP2
Date   : Tue Sep 29 13:29:28 2026
****************************************

Operating Conditions: typical   Library: NangateOpenCellLibrary
Wire Load Model Mode: top

  Startpoint: DP_i/execute_i_rd_out_reg_i_Y_reg_2_
              (rising edge-triggered flip-flop clocked by CLK)
  Endpoint: DP_i/execute_i_zero_alu_bit_Y_reg
            (rising edge-triggered flip-flop clocked by CLK)
  Path Group: REG2REG
  Path Type: max

  Des/Clust/Port     Wire Load Model       Library
  ------------------------------------------------
  DLX                5K_hvratio_1_4        NangateOpenCellLibrary

  Point                                                   Incr       Path
  --------------------------------------------------------------------------
  clock CLK (rise edge)                                 0.0000     0.0000
  clock network delay (ideal)                           0.0500     0.0500
  DP_i/execute_i_rd_out_reg_i_Y_reg_2_/CK (DFF_X1)      0.0000     0.0500 r
  DP_i/execute_i_rd_out_reg_i_Y_reg_2_/Q (DFF_X1)       0.1172     0.1672 r
  DP_i/rd_ex_mem_2_ (DataPath)                          0.0000     0.1672 r
  U947/ZN (XNOR2_X1)                                    0.0668     0.2340 r
  U900/ZN (AND2_X1)                                     0.0452     0.2793 r
  U800/ZN (AND4_X1)                                     0.0708     0.3501 r
  DP_i/fw_ex_ex_rs2 (DataPath)                          0.0000     0.3501 r
  DP_i/U2298/ZN (INV_X1)                                0.0349     0.3849 f
  DP_i/U227/ZN (INV_X1)                                 0.1189     0.5038 r
  DP_i/U2302/ZN (NAND2_X1)                              0.0532     0.5571 f
  DP_i/U545/ZN (AND3_X1)                                0.0529     0.6099 f
  DP_i/U4132/ZN (NAND2_X1)                              0.0365     0.6464 r
  DP_i/U4133/ZN (NAND2_X2)                              0.0649     0.7113 f
  DP_i/U4134/ZN (INV_X1)                                0.0648     0.7761 r
  DP_i/U4135/Z (MUX2_X1)                                0.0858     0.8619 f
  DP_i/U4143/ZN (OAI21_X1)                              0.0501     0.9120 r
  DP_i/U4144/ZN (OAI21_X1)                              0.0396     0.9516 f
  DP_i/U4145/CO (FA_X1)                                 0.0974     1.0489 f
  DP_i/U1330/ZN (AND2_X1)                               0.0468     1.0958 f
  DP_i/U1563/ZN (AOI22_X1)                              0.0552     1.1510 r
  DP_i/U1374/ZN (NAND2_X1)                              0.0386     1.1896 f
  DP_i/U449/ZN (NAND4_X1)                               0.0418     1.2314 r
  DP_i/U1437/ZN (NAND4_X1)                              0.0459     1.2773 f
  DP_i/U1251/ZN (AND2_X1)                               0.0460     1.3234 f
  DP_i/U1436/CO (FA_X1)                                 0.1213     1.4446 f
  DP_i/U1589/ZN (NAND2_X1)                              0.0527     1.4973 r
  DP_i/U1597/ZN (OAI211_X1)                             0.0520     1.5494 f
  DP_i/U1538/ZN (XNOR2_X1)                              0.0769     1.6263 r
  DP_i/U1539/ZN (AND2_X1)                               0.0512     1.6775 r
  DP_i/U1504/ZN (AND4_X2)                               0.0661     1.7436 r
  DP_i/U1564/ZN (NAND2_X1)                              0.0322     1.7758 f
  DP_i/U1502/ZN (NAND4_X1)                              0.0373     1.8131 r
  DP_i/U1577/ZN (AND4_X2)                               0.0718     1.8849 r
  DP_i/U1510/ZN (NAND4_X1)                              0.0447     1.9296 f
  DP_i/U1509/ZN (NAND2_X1)                              0.0313     1.9609 r
  DP_i/execute_i_zero_alu_bit_Y_reg/D (DFF_X1)          0.0110     1.9719 r
  data arrival time                                                1.9719

  clock CLK (rise edge)                                 2.0000     2.0000
  clock network delay (ideal)                           0.0500     2.0500
  clock uncertainty                                    -0.0500     2.0000
  DP_i/execute_i_zero_alu_bit_Y_reg/CK (DFF_X1)         0.0000     2.0000 r
  library setup time                                   -0.0267     1.9733
  data required time                                               1.9733
  --------------------------------------------------------------------------
  data required time                                               1.9733
  data arrival time                                               -1.9719
  --------------------------------------------------------------------------
  slack (MET)                                                      0.0013


  Startpoint: DP_i/execute_i_rd_out_reg_i_Y_reg_2_
              (rising edge-triggered flip-flop clocked by CLK)
  Endpoint: DP_i/execute_i_zero_alu_bit_Y_reg
            (rising edge-triggered flip-flop clocked by CLK)
  Path Group: REG2REG
  Path Type: max

  Des/Clust/Port     Wire Load Model       Library
  ------------------------------------------------
  DLX                5K_hvratio_1_4        NangateOpenCellLibrary

  Point                                                   Incr       Path
  --------------------------------------------------------------------------
  clock CLK (rise edge)                                 0.0000     0.0000
  clock network delay (ideal)                           0.0500     0.0500
  DP_i/execute_i_rd_out_reg_i_Y_reg_2_/CK (DFF_X1)      0.0000     0.0500 r
  DP_i/execute_i_rd_out_reg_i_Y_reg_2_/Q (DFF_X1)       0.1172     0.1672 r
  DP_i/rd_ex_mem_2_ (DataPath)                          0.0000     0.1672 r
  U947/ZN (XNOR2_X1)                                    0.0668     0.2340 r
  U900/ZN (AND2_X1)                                     0.0452     0.2793 r
  U800/ZN (AND4_X1)                                     0.0708     0.3501 r
  DP_i/fw_ex_ex_rs2 (DataPath)                          0.0000     0.3501 r
  DP_i/U2298/ZN (INV_X1)                                0.0349     0.3849 f
  DP_i/U227/ZN (INV_X1)                                 0.1189     0.5038 r
  DP_i/U2302/ZN (NAND2_X1)                              0.0532     0.5571 f
  DP_i/U545/ZN (AND3_X1)                                0.0529     0.6099 f
  DP_i/U4132/ZN (NAND2_X1)                              0.0365     0.6464 r
  DP_i/U4133/ZN (NAND2_X2)                              0.0649     0.7113 f
  DP_i/U4134/ZN (INV_X1)                                0.0648     0.7761 r
  DP_i/U4135/Z (MUX2_X1)                                0.0858     0.8619 f
  DP_i/U4143/ZN (OAI21_X1)                              0.0501     0.9120 r
  DP_i/U4144/ZN (OAI21_X1)                              0.0396     0.9516 f
  DP_i/U4145/CO (FA_X1)                                 0.0974     1.0489 f
  DP_i/U1330/ZN (AND2_X1)                               0.0468     1.0958 f
  DP_i/U1563/ZN (AOI22_X1)                              0.0552     1.1510 r
  DP_i/U1374/ZN (NAND2_X1)                              0.0386     1.1896 f
  DP_i/U449/ZN (NAND4_X1)                               0.0418     1.2314 r
  DP_i/U1437/ZN (NAND4_X1)                              0.0459     1.2773 f
  DP_i/U1251/ZN (AND2_X1)                               0.0460     1.3234 f
  DP_i/U1436/CO (FA_X1)                                 0.1207     1.4440 f
  DP_i/U1589/ZN (NAND2_X1)                              0.0527     1.4968 r
  DP_i/U1597/ZN (OAI211_X1)                             0.0520     1.5488 f
  DP_i/U1538/ZN (XNOR2_X1)                              0.0769     1.6257 r
  DP_i/U1539/ZN (AND2_X1)                               0.0512     1.6769 r
  DP_i/U1504/ZN (AND4_X2)                               0.0661     1.7430 r
  DP_i/U1564/ZN (NAND2_X1)                              0.0322     1.7752 f
  DP_i/U1502/ZN (NAND4_X1)                              0.0373     1.8125 r
  DP_i/U1577/ZN (AND4_X2)                               0.0718     1.8843 r
  DP_i/U1510/ZN (NAND4_X1)                              0.0447     1.9290 f
  DP_i/U1509/ZN (NAND2_X1)                              0.0313     1.9603 r
  DP_i/execute_i_zero_alu_bit_Y_reg/D (DFF_X1)          0.0110     1.9713 r
  data arrival time                                                1.9713

  clock CLK (rise edge)                                 2.0000     2.0000
  clock network delay (ideal)                           0.0500     2.0500
  clock uncertainty                                    -0.0500     2.0000
  DP_i/execute_i_zero_alu_bit_Y_reg/CK (DFF_X1)         0.0000     2.0000 r
  library setup time                                   -0.0267     1.9733
  data required time                                               1.9733
  --------------------------------------------------------------------------
  data required time                                               1.9733
  data arrival time                                               -1.9713
  --------------------------------------------------------------------------
  slack (MET)                                                      0.0019


  Startpoint: DP_i/execute_i_rd_out_reg_i_Y_reg_2_
              (rising edge-triggered flip-flop clocked by CLK)
  Endpoint: DP_i/execute_i_boothmul_i_tree_i_register_i_3_Y_temp_reg_27_
            (rising edge-triggered flip-flop clocked by CLK)
  Path Group: REG2REG
  Path Type: max

  Des/Clust/Port     Wire Load Model       Library
  ------------------------------------------------
  DLX                5K_hvratio_1_4        NangateOpenCellLibrary

  Point                                                   Incr       Path
  --------------------------------------------------------------------------
  clock CLK (rise edge)                                 0.0000     0.0000
  clock network delay (ideal)                           0.0500     0.0500
  DP_i/execute_i_rd_out_reg_i_Y_reg_2_/CK (DFF_X1)      0.0000     0.0500 r
  DP_i/execute_i_rd_out_reg_i_Y_reg_2_/Q (DFF_X1)       0.1172     0.1672 r
  DP_i/rd_ex_mem_2_ (DataPath)                          0.0000     0.1672 r
  U947/ZN (XNOR2_X1)                                    0.0668     0.2340 r
  U900/ZN (AND2_X1)                                     0.0452     0.2793 r
  U800/ZN (AND4_X1)                                     0.0708     0.3501 r
  DP_i/fw_ex_ex_rs2 (DataPath)                          0.0000     0.3501 r
  DP_i/U2298/ZN (INV_X1)                                0.0349     0.3849 f
  DP_i/U227/ZN (INV_X1)                                 0.1189     0.5038 r
  DP_i/U2302/ZN (NAND2_X1)                              0.0532     0.5571 f
  DP_i/U545/ZN (AND3_X1)                                0.0529     0.6099 f
  DP_i/U4132/ZN (NAND2_X1)                              0.0365     0.6464 r
  DP_i/U4133/ZN (NAND2_X2)                              0.0649     0.7113 f
  DP_i/U4134/ZN (INV_X1)                                0.0648     0.7761 r
  DP_i/U4272/Z (BUF_X2)                                 0.0749     0.8510 r
  DP_i/U139/ZN (OR2_X1)                                 0.0747     0.9257 r
  DP_i/U5429/ZN (INV_X2)                                0.0792     1.0050 f
  DP_i/U5421/ZN (NAND2_X1)                              0.0570     1.0620 r
  DP_i/U1766/ZN (AND2_X1)                               0.0443     1.1062 r
  DP_i/U5422/ZN (XNOR2_X1)                              0.0672     1.1734 r
  DP_i/U5423/ZN (XNOR2_X1)                              0.0798     1.2533 r
  DP_i/U5424/ZN (OAI221_X1)                             0.0743     1.3276 f
  DP_i/U1478/S (FA_X1)                                  0.1589     1.4865 r
  DP_i/U1303/ZN (XNOR2_X1)                              0.0757     1.5622 r
  DP_i/U1304/ZN (NOR2_X1)                               0.0327     1.5949 f
  DP_i/U5435/ZN (AOI21_X1)                              0.0666     1.6615 r
  DP_i/U7196/S (FA_X1)                                  0.1293     1.7908 f
  DP_i/U1528/Z (MUX2_X1)                                0.0774     1.8682 r
  DP_i/U2300/ZN (OAI21_X1)                              0.0335     1.9017 f
  DP_i/U2301/ZN (AOI21_X1)                              0.0547     1.9564 r
  DP_i/execute_i_boothmul_i_tree_i_register_i_3_Y_temp_reg_27_/D (DFF_X1)
                                                        0.0110     1.9674 r
  data arrival time                                                1.9674

  clock CLK (rise edge)                                 2.0000     2.0000
  clock network delay (ideal)                           0.0500     2.0500
  clock uncertainty                                    -0.0500     2.0000
  DP_i/execute_i_boothmul_i_tree_i_register_i_3_Y_temp_reg_27_/CK (DFF_X1)
                                                        0.0000     2.0000 r
  library setup time                                   -0.0293     1.9707
  data required time                                               1.9707
  --------------------------------------------------------------------------
  data required time                                               1.9707
  data arrival time                                               -1.9674
  --------------------------------------------------------------------------
  slack (MET)                                                      0.0033


  Startpoint: DP_i/fetch_i_IR_out_reg_29_
              (rising edge-triggered flip-flop clocked by CLK)
  Endpoint: DP_i/fetch_i_IR_out_reg_0_
            (rising edge-triggered flip-flop clocked by CLK)
  Path Group: REG2REG
  Path Type: max

  Des/Clust/Port     Wire Load Model       Library
  ------------------------------------------------
  DLX                5K_hvratio_1_4        NangateOpenCellLibrary

  Point                                                   Incr       Path
  --------------------------------------------------------------------------
  clock CLK (rise edge)                                 0.0000     0.0000
  clock network delay (ideal)                           0.0500     0.0500
  DP_i/fetch_i_IR_out_reg_29_/CK (DFF_X1)               0.0000     0.0500 r
  DP_i/fetch_i_IR_out_reg_29_/QN (DFF_X1)               0.0780     0.1280 r
  DP_i/U7581/ZN (INV_X1)                                0.0250     0.1531 f
  DP_i/opcode[3] (DataPath)                             0.0000     0.1531 f
  U948/ZN (INV_X1)                                      0.0357     0.1888 r
  U950/ZN (NAND3_X1)                                    0.0520     0.2407 f
  U904/ZN (OR2_X2)                                      0.0765     0.3172 f
  DP_i/RF2_BAR (DataPath)                               0.0000     0.3172 f
  DP_i/U1622/ZN (INV_X1)                                0.0532     0.3704 r
  DP_i/U1477/ZN (NOR2_X1)                               0.0371     0.4075 f
  DP_i/U1616/Z (MUX2_X1)                                0.0740     0.4815 f
  DP_i/U1579/ZN (NAND2_X1)                              0.0347     0.5162 r
  DP_i/U1410/ZN (NAND2_X1)                              0.0306     0.5469 f
  DP_i/U1473/ZN (NAND2_X1)                              0.0324     0.5792 r
  DP_i/U1549/ZN (NAND4_X1)                              0.0380     0.6172 f
  DP_i/U1534/ZN (OAI21_X1)                              0.0391     0.6563 r
  DP_i/U2236/ZN (INV_X1)                                0.0272     0.6835 f
  DP_i/U2431/CO (FA_X1)                                 0.0916     0.7751 f
  DP_i/U1618/ZN (NAND2_X1)                              0.0383     0.8134 r
  DP_i/U1513/ZN (OAI211_X1)                             0.0420     0.8554 f
  DP_i/U2242/ZN (NAND2_X1)                              0.0390     0.8945 r
  DP_i/U2243/ZN (NOR2_X1)                               0.0273     0.9218 f
  DP_i/U2246/ZN (XNOR2_X1)                              0.0590     0.9807 f
  DP_i/U2248/ZN (AOI21_X1)                              0.0468     1.0275 r
  DP_i/U1617/ZN (XNOR2_X1)                              0.0658     1.0934 r
  DP_i/U1595/ZN (NAND2_X1)                              0.0429     1.1362 f
  DP_i/U1493/ZN (NAND2_X1)                              0.0509     1.1871 r
  DP_i/U1417/ZN (NAND2_X1)                              0.0462     1.2333 f
  DP_i/U1475/ZN (NAND4_X1)                              0.0393     1.2727 r
  DP_i/U9/ZN (AND4_X1)                                  0.0705     1.3432 r
  DP_i/U1550/ZN (XNOR2_X1)                              0.0598     1.4029 r
  DP_i/U1317/ZN (AND4_X1)                               0.0664     1.4694 r
  DP_i/U1302/ZN (NAND4_X1)                              0.0387     1.5081 f
  DP_i/U1300/ZN (NOR3_X1)                               0.0633     1.5713 r
  DP_i/U1505/ZN (NAND4_X1)                              0.0563     1.6277 f
  DP_i/U1571/ZN (AND2_X2)                               0.0580     1.6857 f
  DP_i/U8787/ZN (OR3_X2)                                0.1063     1.7920 f
  DP_i/U8786/ZN (INV_X4)                                0.1009     1.8929 r
  DP_i/U4534/ZN (AND2_X1)                               0.0655     1.9584 r
  DP_i/fetch_i_IR_out_reg_0_/D (DFF_X1)                 0.0110     1.9694 r
  data arrival time                                                1.9694

  clock CLK (rise edge)                                 2.0000     2.0000
  clock network delay (ideal)                           0.0500     2.0500
  clock uncertainty                                    -0.0500     2.0000
  DP_i/fetch_i_IR_out_reg_0_/CK (DFF_X1)                0.0000     2.0000 r
  library setup time                                   -0.0266     1.9734
  data required time                                               1.9734
  --------------------------------------------------------------------------
  data required time                                               1.9734
  data arrival time                                               -1.9694
  --------------------------------------------------------------------------
  slack (MET)                                                      0.0040


  Startpoint: DP_i/fetch_i_IR_out_reg_29_
              (rising edge-triggered flip-flop clocked by CLK)
  Endpoint: DP_i/fetch_i_IR_out_reg_1_
            (rising edge-triggered flip-flop clocked by CLK)
  Path Group: REG2REG
  Path Type: max

  Des/Clust/Port     Wire Load Model       Library
  ------------------------------------------------
  DLX                5K_hvratio_1_4        NangateOpenCellLibrary

  Point                                                   Incr       Path
  --------------------------------------------------------------------------
  clock CLK (rise edge)                                 0.0000     0.0000
  clock network delay (ideal)                           0.0500     0.0500
  DP_i/fetch_i_IR_out_reg_29_/CK (DFF_X1)               0.0000     0.0500 r
  DP_i/fetch_i_IR_out_reg_29_/QN (DFF_X1)               0.0780     0.1280 r
  DP_i/U7581/ZN (INV_X1)                                0.0250     0.1531 f
  DP_i/opcode[3] (DataPath)                             0.0000     0.1531 f
  U948/ZN (INV_X1)                                      0.0357     0.1888 r
  U950/ZN (NAND3_X1)                                    0.0520     0.2407 f
  U904/ZN (OR2_X2)                                      0.0765     0.3172 f
  DP_i/RF2_BAR (DataPath)                               0.0000     0.3172 f
  DP_i/U1622/ZN (INV_X1)                                0.0532     0.3704 r
  DP_i/U1477/ZN (NOR2_X1)                               0.0371     0.4075 f
  DP_i/U1616/Z (MUX2_X1)                                0.0740     0.4815 f
  DP_i/U1579/ZN (NAND2_X1)                              0.0347     0.5162 r
  DP_i/U1410/ZN (NAND2_X1)                              0.0306     0.5469 f
  DP_i/U1473/ZN (NAND2_X1)                              0.0324     0.5792 r
  DP_i/U1549/ZN (NAND4_X1)                              0.0380     0.6172 f
  DP_i/U1534/ZN (OAI21_X1)                              0.0391     0.6563 r
  DP_i/U2236/ZN (INV_X1)                                0.0272     0.6835 f
  DP_i/U2431/CO (FA_X1)                                 0.0916     0.7751 f
  DP_i/U1618/ZN (NAND2_X1)                              0.0383     0.8134 r
  DP_i/U1513/ZN (OAI211_X1)                             0.0420     0.8554 f
  DP_i/U2242/ZN (NAND2_X1)                              0.0390     0.8945 r
  DP_i/U2243/ZN (NOR2_X1)                               0.0273     0.9218 f
  DP_i/U2246/ZN (XNOR2_X1)                              0.0590     0.9807 f
  DP_i/U2248/ZN (AOI21_X1)                              0.0468     1.0275 r
  DP_i/U1617/ZN (XNOR2_X1)                              0.0658     1.0934 r
  DP_i/U1595/ZN (NAND2_X1)                              0.0429     1.1362 f
  DP_i/U1493/ZN (NAND2_X1)                              0.0509     1.1871 r
  DP_i/U1417/ZN (NAND2_X1)                              0.0462     1.2333 f
  DP_i/U1475/ZN (NAND4_X1)                              0.0393     1.2727 r
  DP_i/U9/ZN (AND4_X1)                                  0.0705     1.3432 r
  DP_i/U1550/ZN (XNOR2_X1)                              0.0598     1.4029 r
  DP_i/U1317/ZN (AND4_X1)                               0.0664     1.4694 r
  DP_i/U1302/ZN (NAND4_X1)                              0.0387     1.5081 f
  DP_i/U1300/ZN (NOR3_X1)                               0.0633     1.5713 r
  DP_i/U1505/ZN (NAND4_X1)                              0.0563     1.6277 f
  DP_i/U1571/ZN (AND2_X2)                               0.0580     1.6857 f
  DP_i/U8787/ZN (OR3_X2)                                0.1063     1.7920 f
  DP_i/U8786/ZN (INV_X4)                                0.1009     1.8929 r
  DP_i/U4533/ZN (AND2_X1)                               0.0655     1.9584 r
  DP_i/fetch_i_IR_out_reg_1_/D (DFF_X1)                 0.0110     1.9694 r
  data arrival time                                                1.9694

  clock CLK (rise edge)                                 2.0000     2.0000
  clock network delay (ideal)                           0.0500     2.0500
  clock uncertainty                                    -0.0500     2.0000
  DP_i/fetch_i_IR_out_reg_1_/CK (DFF_X1)                0.0000     2.0000 r
  library setup time                                   -0.0266     1.9734
  data required time                                               1.9734
  --------------------------------------------------------------------------
  data required time                                               1.9734
  data arrival time                                               -1.9694
  --------------------------------------------------------------------------
  slack (MET)                                                      0.0040


  Startpoint: DP_i/fetch_i_IR_out_reg_29_
              (rising edge-triggered flip-flop clocked by CLK)
  Endpoint: DP_i/fetch_i_IR_out_reg_2_
            (rising edge-triggered flip-flop clocked by CLK)
  Path Group: REG2REG
  Path Type: max

  Des/Clust/Port     Wire Load Model       Library
  ------------------------------------------------
  DLX                5K_hvratio_1_4        NangateOpenCellLibrary

  Point                                                   Incr       Path
  --------------------------------------------------------------------------
  clock CLK (rise edge)                                 0.0000     0.0000
  clock network delay (ideal)                           0.0500     0.0500
  DP_i/fetch_i_IR_out_reg_29_/CK (DFF_X1)               0.0000     0.0500 r
  DP_i/fetch_i_IR_out_reg_29_/QN (DFF_X1)               0.0780     0.1280 r
  DP_i/U7581/ZN (INV_X1)                                0.0250     0.1531 f
  DP_i/opcode[3] (DataPath)                             0.0000     0.1531 f
  U948/ZN (INV_X1)                                      0.0357     0.1888 r
  U950/ZN (NAND3_X1)                                    0.0520     0.2407 f
  U904/ZN (OR2_X2)                                      0.0765     0.3172 f
  DP_i/RF2_BAR (DataPath)                               0.0000     0.3172 f
  DP_i/U1622/ZN (INV_X1)                                0.0532     0.3704 r
  DP_i/U1477/ZN (NOR2_X1)                               0.0371     0.4075 f
  DP_i/U1616/Z (MUX2_X1)                                0.0740     0.4815 f
  DP_i/U1579/ZN (NAND2_X1)                              0.0347     0.5162 r
  DP_i/U1410/ZN (NAND2_X1)                              0.0306     0.5469 f
  DP_i/U1473/ZN (NAND2_X1)                              0.0324     0.5792 r
  DP_i/U1549/ZN (NAND4_X1)                              0.0380     0.6172 f
  DP_i/U1534/ZN (OAI21_X1)                              0.0391     0.6563 r
  DP_i/U2236/ZN (INV_X1)                                0.0272     0.6835 f
  DP_i/U2431/CO (FA_X1)                                 0.0916     0.7751 f
  DP_i/U1618/ZN (NAND2_X1)                              0.0383     0.8134 r
  DP_i/U1513/ZN (OAI211_X1)                             0.0420     0.8554 f
  DP_i/U2242/ZN (NAND2_X1)                              0.0390     0.8945 r
  DP_i/U2243/ZN (NOR2_X1)                               0.0273     0.9218 f
  DP_i/U2246/ZN (XNOR2_X1)                              0.0590     0.9807 f
  DP_i/U2248/ZN (AOI21_X1)                              0.0468     1.0275 r
  DP_i/U1617/ZN (XNOR2_X1)                              0.0658     1.0934 r
  DP_i/U1595/ZN (NAND2_X1)                              0.0429     1.1362 f
  DP_i/U1493/ZN (NAND2_X1)                              0.0509     1.1871 r
  DP_i/U1417/ZN (NAND2_X1)                              0.0462     1.2333 f
  DP_i/U1475/ZN (NAND4_X1)                              0.0393     1.2727 r
  DP_i/U9/ZN (AND4_X1)                                  0.0705     1.3432 r
  DP_i/U1550/ZN (XNOR2_X1)                              0.0598     1.4029 r
  DP_i/U1317/ZN (AND4_X1)                               0.0664     1.4694 r
  DP_i/U1302/ZN (NAND4_X1)                              0.0387     1.5081 f
  DP_i/U1300/ZN (NOR3_X1)                               0.0633     1.5713 r
  DP_i/U1505/ZN (NAND4_X1)                              0.0563     1.6277 f
  DP_i/U1571/ZN (AND2_X2)                               0.0580     1.6857 f
  DP_i/U8787/ZN (OR3_X2)                                0.1063     1.7920 f
  DP_i/U8786/ZN (INV_X4)                                0.1009     1.8929 r
  DP_i/U4532/ZN (AND2_X1)                               0.0655     1.9584 r
  DP_i/fetch_i_IR_out_reg_2_/D (DFF_X1)                 0.0110     1.9694 r
  data arrival time                                                1.9694

  clock CLK (rise edge)                                 2.0000     2.0000
  clock network delay (ideal)                           0.0500     2.0500
  clock uncertainty                                    -0.0500     2.0000
  DP_i/fetch_i_IR_out_reg_2_/CK (DFF_X1)                0.0000     2.0000 r
  library setup time                                   -0.0266     1.9734
  data required time                                               1.9734
  --------------------------------------------------------------------------
  data required time                                               1.9734
  data arrival time                                               -1.9694
  --------------------------------------------------------------------------
  slack (MET)                                                      0.0040


  Startpoint: DP_i/fetch_i_IR_out_reg_29_
              (rising edge-triggered flip-flop clocked by CLK)
  Endpoint: DP_i/fetch_i_IR_out_reg_3_
            (rising edge-triggered flip-flop clocked by CLK)
  Path Group: REG2REG
  Path Type: max

  Des/Clust/Port     Wire Load Model       Library
  ------------------------------------------------
  DLX                5K_hvratio_1_4        NangateOpenCellLibrary

  Point                                                   Incr       Path
  --------------------------------------------------------------------------
  clock CLK (rise edge)                                 0.0000     0.0000
  clock network delay (ideal)                           0.0500     0.0500
  DP_i/fetch_i_IR_out_reg_29_/CK (DFF_X1)               0.0000     0.0500 r
  DP_i/fetch_i_IR_out_reg_29_/QN (DFF_X1)               0.0780     0.1280 r
  DP_i/U7581/ZN (INV_X1)                                0.0250     0.1531 f
  DP_i/opcode[3] (DataPath)                             0.0000     0.1531 f
  U948/ZN (INV_X1)                                      0.0357     0.1888 r
  U950/ZN (NAND3_X1)                                    0.0520     0.2407 f
  U904/ZN (OR2_X2)                                      0.0765     0.3172 f
  DP_i/RF2_BAR (DataPath)                               0.0000     0.3172 f
  DP_i/U1622/ZN (INV_X1)                                0.0532     0.3704 r
  DP_i/U1477/ZN (NOR2_X1)                               0.0371     0.4075 f
  DP_i/U1616/Z (MUX2_X1)                                0.0740     0.4815 f
  DP_i/U1579/ZN (NAND2_X1)                              0.0347     0.5162 r
  DP_i/U1410/ZN (NAND2_X1)                              0.0306     0.5469 f
  DP_i/U1473/ZN (NAND2_X1)                              0.0324     0.5792 r
  DP_i/U1549/ZN (NAND4_X1)                              0.0380     0.6172 f
  DP_i/U1534/ZN (OAI21_X1)                              0.0391     0.6563 r
  DP_i/U2236/ZN (INV_X1)                                0.0272     0.6835 f
  DP_i/U2431/CO (FA_X1)                                 0.0916     0.7751 f
  DP_i/U1618/ZN (NAND2_X1)                              0.0383     0.8134 r
  DP_i/U1513/ZN (OAI211_X1)                             0.0420     0.8554 f
  DP_i/U2242/ZN (NAND2_X1)                              0.0390     0.8945 r
  DP_i/U2243/ZN (NOR2_X1)                               0.0273     0.9218 f
  DP_i/U2246/ZN (XNOR2_X1)                              0.0590     0.9807 f
  DP_i/U2248/ZN (AOI21_X1)                              0.0468     1.0275 r
  DP_i/U1617/ZN (XNOR2_X1)                              0.0658     1.0934 r
  DP_i/U1595/ZN (NAND2_X1)                              0.0429     1.1362 f
  DP_i/U1493/ZN (NAND2_X1)                              0.0509     1.1871 r
  DP_i/U1417/ZN (NAND2_X1)                              0.0462     1.2333 f
  DP_i/U1475/ZN (NAND4_X1)                              0.0393     1.2727 r
  DP_i/U9/ZN (AND4_X1)                                  0.0705     1.3432 r
  DP_i/U1550/ZN (XNOR2_X1)                              0.0598     1.4029 r
  DP_i/U1317/ZN (AND4_X1)                               0.0664     1.4694 r
  DP_i/U1302/ZN (NAND4_X1)                              0.0387     1.5081 f
  DP_i/U1300/ZN (NOR3_X1)                               0.0633     1.5713 r
  DP_i/U1505/ZN (NAND4_X1)                              0.0563     1.6277 f
  DP_i/U1571/ZN (AND2_X2)                               0.0580     1.6857 f
  DP_i/U8787/ZN (OR3_X2)                                0.1063     1.7920 f
  DP_i/U8786/ZN (INV_X4)                                0.1009     1.8929 r
  DP_i/U4531/ZN (AND2_X1)                               0.0655     1.9584 r
  DP_i/fetch_i_IR_out_reg_3_/D (DFF_X1)                 0.0110     1.9694 r
  data arrival time                                                1.9694

  clock CLK (rise edge)                                 2.0000     2.0000
  clock network delay (ideal)                           0.0500     2.0500
  clock uncertainty                                    -0.0500     2.0000
  DP_i/fetch_i_IR_out_reg_3_/CK (DFF_X1)                0.0000     2.0000 r
  library setup time                                   -0.0266     1.9734
  data required time                                               1.9734
  --------------------------------------------------------------------------
  data required time                                               1.9734
  data arrival time                                               -1.9694
  --------------------------------------------------------------------------
  slack (MET)                                                      0.0040


  Startpoint: DP_i/fetch_i_IR_out_reg_29_
              (rising edge-triggered flip-flop clocked by CLK)
  Endpoint: DP_i/fetch_i_IR_out_reg_4_
            (rising edge-triggered flip-flop clocked by CLK)
  Path Group: REG2REG
  Path Type: max

  Des/Clust/Port     Wire Load Model       Library
  ------------------------------------------------
  DLX                5K_hvratio_1_4        NangateOpenCellLibrary

  Point                                                   Incr       Path
  --------------------------------------------------------------------------
  clock CLK (rise edge)                                 0.0000     0.0000
  clock network delay (ideal)                           0.0500     0.0500
  DP_i/fetch_i_IR_out_reg_29_/CK (DFF_X1)               0.0000     0.0500 r
  DP_i/fetch_i_IR_out_reg_29_/QN (DFF_X1)               0.0780     0.1280 r
  DP_i/U7581/ZN (INV_X1)                                0.0250     0.1531 f
  DP_i/opcode[3] (DataPath)                             0.0000     0.1531 f
  U948/ZN (INV_X1)                                      0.0357     0.1888 r
  U950/ZN (NAND3_X1)                                    0.0520     0.2407 f
  U904/ZN (OR2_X2)                                      0.0765     0.3172 f
  DP_i/RF2_BAR (DataPath)                               0.0000     0.3172 f
  DP_i/U1622/ZN (INV_X1)                                0.0532     0.3704 r
  DP_i/U1477/ZN (NOR2_X1)                               0.0371     0.4075 f
  DP_i/U1616/Z (MUX2_X1)                                0.0740     0.4815 f
  DP_i/U1579/ZN (NAND2_X1)                              0.0347     0.5162 r
  DP_i/U1410/ZN (NAND2_X1)                              0.0306     0.5469 f
  DP_i/U1473/ZN (NAND2_X1)                              0.0324     0.5792 r
  DP_i/U1549/ZN (NAND4_X1)                              0.0380     0.6172 f
  DP_i/U1534/ZN (OAI21_X1)                              0.0391     0.6563 r
  DP_i/U2236/ZN (INV_X1)                                0.0272     0.6835 f
  DP_i/U2431/CO (FA_X1)                                 0.0916     0.7751 f
  DP_i/U1618/ZN (NAND2_X1)                              0.0383     0.8134 r
  DP_i/U1513/ZN (OAI211_X1)                             0.0420     0.8554 f
  DP_i/U2242/ZN (NAND2_X1)                              0.0390     0.8945 r
  DP_i/U2243/ZN (NOR2_X1)                               0.0273     0.9218 f
  DP_i/U2246/ZN (XNOR2_X1)                              0.0590     0.9807 f
  DP_i/U2248/ZN (AOI21_X1)                              0.0468     1.0275 r
  DP_i/U1617/ZN (XNOR2_X1)                              0.0658     1.0934 r
  DP_i/U1595/ZN (NAND2_X1)                              0.0429     1.1362 f
  DP_i/U1493/ZN (NAND2_X1)                              0.0509     1.1871 r
  DP_i/U1417/ZN (NAND2_X1)                              0.0462     1.2333 f
  DP_i/U1475/ZN (NAND4_X1)                              0.0393     1.2727 r
  DP_i/U9/ZN (AND4_X1)                                  0.0705     1.3432 r
  DP_i/U1550/ZN (XNOR2_X1)                              0.0598     1.4029 r
  DP_i/U1317/ZN (AND4_X1)                               0.0664     1.4694 r
  DP_i/U1302/ZN (NAND4_X1)                              0.0387     1.5081 f
  DP_i/U1300/ZN (NOR3_X1)                               0.0633     1.5713 r
  DP_i/U1505/ZN (NAND4_X1)                              0.0563     1.6277 f
  DP_i/U1571/ZN (AND2_X2)                               0.0580     1.6857 f
  DP_i/U8787/ZN (OR3_X2)                                0.1063     1.7920 f
  DP_i/U8786/ZN (INV_X4)                                0.1009     1.8929 r
  DP_i/U4530/ZN (AND2_X1)                               0.0655     1.9584 r
  DP_i/fetch_i_IR_out_reg_4_/D (DFF_X1)                 0.0110     1.9694 r
  data arrival time                                                1.9694

  clock CLK (rise edge)                                 2.0000     2.0000
  clock network delay (ideal)                           0.0500     2.0500
  clock uncertainty                                    -0.0500     2.0000
  DP_i/fetch_i_IR_out_reg_4_/CK (DFF_X1)                0.0000     2.0000 r
  library setup time                                   -0.0266     1.9734
  data required time                                               1.9734
  --------------------------------------------------------------------------
  data required time                                               1.9734
  data arrival time                                               -1.9694
  --------------------------------------------------------------------------
  slack (MET)                                                      0.0040


  Startpoint: DP_i/fetch_i_IR_out_reg_29_
              (rising edge-triggered flip-flop clocked by CLK)
  Endpoint: DP_i/fetch_i_IR_out_reg_5_
            (rising edge-triggered flip-flop clocked by CLK)
  Path Group: REG2REG
  Path Type: max

  Des/Clust/Port     Wire Load Model       Library
  ------------------------------------------------
  DLX                5K_hvratio_1_4        NangateOpenCellLibrary

  Point                                                   Incr       Path
  --------------------------------------------------------------------------
  clock CLK (rise edge)                                 0.0000     0.0000
  clock network delay (ideal)                           0.0500     0.0500
  DP_i/fetch_i_IR_out_reg_29_/CK (DFF_X1)               0.0000     0.0500 r
  DP_i/fetch_i_IR_out_reg_29_/QN (DFF_X1)               0.0780     0.1280 r
  DP_i/U7581/ZN (INV_X1)                                0.0250     0.1531 f
  DP_i/opcode[3] (DataPath)                             0.0000     0.1531 f
  U948/ZN (INV_X1)                                      0.0357     0.1888 r
  U950/ZN (NAND3_X1)                                    0.0520     0.2407 f
  U904/ZN (OR2_X2)                                      0.0765     0.3172 f
  DP_i/RF2_BAR (DataPath)                               0.0000     0.3172 f
  DP_i/U1622/ZN (INV_X1)                                0.0532     0.3704 r
  DP_i/U1477/ZN (NOR2_X1)                               0.0371     0.4075 f
  DP_i/U1616/Z (MUX2_X1)                                0.0740     0.4815 f
  DP_i/U1579/ZN (NAND2_X1)                              0.0347     0.5162 r
  DP_i/U1410/ZN (NAND2_X1)                              0.0306     0.5469 f
  DP_i/U1473/ZN (NAND2_X1)                              0.0324     0.5792 r
  DP_i/U1549/ZN (NAND4_X1)                              0.0380     0.6172 f
  DP_i/U1534/ZN (OAI21_X1)                              0.0391     0.6563 r
  DP_i/U2236/ZN (INV_X1)                                0.0272     0.6835 f
  DP_i/U2431/CO (FA_X1)                                 0.0916     0.7751 f
  DP_i/U1618/ZN (NAND2_X1)                              0.0383     0.8134 r
  DP_i/U1513/ZN (OAI211_X1)                             0.0420     0.8554 f
  DP_i/U2242/ZN (NAND2_X1)                              0.0390     0.8945 r
  DP_i/U2243/ZN (NOR2_X1)                               0.0273     0.9218 f
  DP_i/U2246/ZN (XNOR2_X1)                              0.0590     0.9807 f
  DP_i/U2248/ZN (AOI21_X1)                              0.0468     1.0275 r
  DP_i/U1617/ZN (XNOR2_X1)                              0.0658     1.0934 r
  DP_i/U1595/ZN (NAND2_X1)                              0.0429     1.1362 f
  DP_i/U1493/ZN (NAND2_X1)                              0.0509     1.1871 r
  DP_i/U1417/ZN (NAND2_X1)                              0.0462     1.2333 f
  DP_i/U1475/ZN (NAND4_X1)                              0.0393     1.2727 r
  DP_i/U9/ZN (AND4_X1)                                  0.0705     1.3432 r
  DP_i/U1550/ZN (XNOR2_X1)                              0.0598     1.4029 r
  DP_i/U1317/ZN (AND4_X1)                               0.0664     1.4694 r
  DP_i/U1302/ZN (NAND4_X1)                              0.0387     1.5081 f
  DP_i/U1300/ZN (NOR3_X1)                               0.0633     1.5713 r
  DP_i/U1505/ZN (NAND4_X1)                              0.0563     1.6277 f
  DP_i/U1571/ZN (AND2_X2)                               0.0580     1.6857 f
  DP_i/U8787/ZN (OR3_X2)                                0.1063     1.7920 f
  DP_i/U8786/ZN (INV_X4)                                0.1009     1.8929 r
  DP_i/U4529/ZN (AND2_X1)                               0.0655     1.9584 r
  DP_i/fetch_i_IR_out_reg_5_/D (DFF_X1)                 0.0110     1.9694 r
  data arrival time                                                1.9694

  clock CLK (rise edge)                                 2.0000     2.0000
  clock network delay (ideal)                           0.0500     2.0500
  clock uncertainty                                    -0.0500     2.0000
  DP_i/fetch_i_IR_out_reg_5_/CK (DFF_X1)                0.0000     2.0000 r
  library setup time                                   -0.0266     1.9734
  data required time                                               1.9734
  --------------------------------------------------------------------------
  data required time                                               1.9734
  data arrival time                                               -1.9694
  --------------------------------------------------------------------------
  slack (MET)                                                      0.0040


  Startpoint: DP_i/fetch_i_IR_out_reg_29_
              (rising edge-triggered flip-flop clocked by CLK)
  Endpoint: DP_i/fetch_i_IR_out_reg_6_
            (rising edge-triggered flip-flop clocked by CLK)
  Path Group: REG2REG
  Path Type: max

  Des/Clust/Port     Wire Load Model       Library
  ------------------------------------------------
  DLX                5K_hvratio_1_4        NangateOpenCellLibrary

  Point                                                   Incr       Path
  --------------------------------------------------------------------------
  clock CLK (rise edge)                                 0.0000     0.0000
  clock network delay (ideal)                           0.0500     0.0500
  DP_i/fetch_i_IR_out_reg_29_/CK (DFF_X1)               0.0000     0.0500 r
  DP_i/fetch_i_IR_out_reg_29_/QN (DFF_X1)               0.0780     0.1280 r
  DP_i/U7581/ZN (INV_X1)                                0.0250     0.1531 f
  DP_i/opcode[3] (DataPath)                             0.0000     0.1531 f
  U948/ZN (INV_X1)                                      0.0357     0.1888 r
  U950/ZN (NAND3_X1)                                    0.0520     0.2407 f
  U904/ZN (OR2_X2)                                      0.0765     0.3172 f
  DP_i/RF2_BAR (DataPath)                               0.0000     0.3172 f
  DP_i/U1622/ZN (INV_X1)                                0.0532     0.3704 r
  DP_i/U1477/ZN (NOR2_X1)                               0.0371     0.4075 f
  DP_i/U1616/Z (MUX2_X1)                                0.0740     0.4815 f
  DP_i/U1579/ZN (NAND2_X1)                              0.0347     0.5162 r
  DP_i/U1410/ZN (NAND2_X1)                              0.0306     0.5469 f
  DP_i/U1473/ZN (NAND2_X1)                              0.0324     0.5792 r
  DP_i/U1549/ZN (NAND4_X1)                              0.0380     0.6172 f
  DP_i/U1534/ZN (OAI21_X1)                              0.0391     0.6563 r
  DP_i/U2236/ZN (INV_X1)                                0.0272     0.6835 f
  DP_i/U2431/CO (FA_X1)                                 0.0916     0.7751 f
  DP_i/U1618/ZN (NAND2_X1)                              0.0383     0.8134 r
  DP_i/U1513/ZN (OAI211_X1)                             0.0420     0.8554 f
  DP_i/U2242/ZN (NAND2_X1)                              0.0390     0.8945 r
  DP_i/U2243/ZN (NOR2_X1)                               0.0273     0.9218 f
  DP_i/U2246/ZN (XNOR2_X1)                              0.0590     0.9807 f
  DP_i/U2248/ZN (AOI21_X1)                              0.0468     1.0275 r
  DP_i/U1617/ZN (XNOR2_X1)                              0.0658     1.0934 r
  DP_i/U1595/ZN (NAND2_X1)                              0.0429     1.1362 f
  DP_i/U1493/ZN (NAND2_X1)                              0.0509     1.1871 r
  DP_i/U1417/ZN (NAND2_X1)                              0.0462     1.2333 f
  DP_i/U1475/ZN (NAND4_X1)                              0.0393     1.2727 r
  DP_i/U9/ZN (AND4_X1)                                  0.0705     1.3432 r
  DP_i/U1550/ZN (XNOR2_X1)                              0.0598     1.4029 r
  DP_i/U1317/ZN (AND4_X1)                               0.0664     1.4694 r
  DP_i/U1302/ZN (NAND4_X1)                              0.0387     1.5081 f
  DP_i/U1300/ZN (NOR3_X1)                               0.0633     1.5713 r
  DP_i/U1505/ZN (NAND4_X1)                              0.0563     1.6277 f
  DP_i/U1571/ZN (AND2_X2)                               0.0580     1.6857 f
  DP_i/U8787/ZN (OR3_X2)                                0.1063     1.7920 f
  DP_i/U8786/ZN (INV_X4)                                0.1009     1.8929 r
  DP_i/U4528/ZN (AND2_X1)                               0.0655     1.9584 r
  DP_i/fetch_i_IR_out_reg_6_/D (DFF_X1)                 0.0110     1.9694 r
  data arrival time                                                1.9694

  clock CLK (rise edge)                                 2.0000     2.0000
  clock network delay (ideal)                           0.0500     2.0500
  clock uncertainty                                    -0.0500     2.0000
  DP_i/fetch_i_IR_out_reg_6_/CK (DFF_X1)                0.0000     2.0000 r
  library setup time                                   -0.0266     1.9734
  data required time                                               1.9734
  --------------------------------------------------------------------------
  data required time                                               1.9734
  data arrival time                                               -1.9694
  --------------------------------------------------------------------------
  slack (MET)                                                      0.0040


1
