 
****************************************
Report : timing
        -path full
        -delay max
        -nworst 2
        -group REG2REG
        -max_paths 10
Design : DLX
Version: W-2024.09-SP2
Date   : Tue Sep 29 13:20:54 2026
****************************************

Operating Conditions: typical   Library: NangateOpenCellLibrary
Wire Load Model Mode: top

  Startpoint: DP_i_fetch_i_IR_out_reg_29_
              (rising edge-triggered flip-flop clocked by CLK)
  Endpoint: DP_i_fetch_i_pc_i_Y_reg_9_
            (rising edge-triggered flip-flop clocked by CLK)
  Path Group: REG2REG
  Path Type: max

  Des/Clust/Port     Wire Load Model       Library
  ------------------------------------------------
  DLX                5K_hvratio_1_4        NangateOpenCellLibrary

  Point                                                   Incr       Path
  --------------------------------------------------------------------------
  clock CLK (rise edge)                                 0.0000     0.0000
  clock network delay (ideal)                           0.0500     0.0500
  DP_i_fetch_i_IR_out_reg_29_/CK (DFF_X1)               0.0000     0.0500 r
  DP_i_fetch_i_IR_out_reg_29_/QN (DFF_X1)               0.0817     0.1317 r
  U3904/ZN (NAND2_X1)                                   0.0340     0.1657 f
  U1280/ZN (NOR2_X1)                                    0.0497     0.2154 r
  U3905/ZN (NAND2_X1)                                   0.0435     0.2590 f
  U2698/ZN (AND2_X1)                                    0.0439     0.3029 f
  U2670/Z (MUX2_X1)                                     0.0695     0.3725 f
  U2696/ZN (NAND2_X1)                                   0.0350     0.4075 r
  U2706/ZN (NAND2_X1)                                   0.0300     0.4374 f
  U2868/ZN (NAND3_X1)                                   0.0350     0.4724 r
  U2760/ZN (NAND2_X1)                                   0.0292     0.5016 f
  U2420/ZN (AND3_X1)                                    0.0395     0.5412 f
  U2790/ZN (NAND2_X1)                                   0.0312     0.5724 r
  U2735/ZN (NAND2_X1)                                   0.0303     0.6027 f
  U2526/ZN (NAND3_X1)                                   0.0301     0.6328 r
  U2736/ZN (NAND2_X1)                                   0.0293     0.6621 f
  U2869/ZN (AND3_X1)                                    0.0416     0.7037 f
  U5040/ZN (OR2_X1)                                     0.0536     0.7573 f
  U5043/ZN (AOI21_X1)                                   0.0439     0.8012 r
  U5044/ZN (XNOR2_X1)                                   0.0708     0.8720 r
  U2741/ZN (NAND3_X1)                                   0.0427     0.9147 f
  U2740/ZN (NAND2_X1)                                   0.0360     0.9507 r
  U5062/ZN (OAI21_X1)                                   0.0346     0.9852 f
  U2400/ZN (NAND2_X1)                                   0.0406     1.0258 r
  U1199/ZN (XNOR2_X1)                                   0.0659     1.0918 r
  U1884/Z (MUX2_X1)                                     0.0908     1.1825 f
  U1882/ZN (AND3_X1)                                    0.0469     1.2295 f
  U1254/ZN (OAI21_X1)                                   0.0556     1.2851 r
  U1892/ZN (XNOR2_X1)                                   0.0697     1.3548 r
  U1177/ZN (NAND4_X1)                                   0.0495     1.4043 f
  U1863/ZN (NAND2_X1)                                   0.0441     1.4484 r
  U10391/ZN (AND2_X4)                                   0.1049     1.5533 r
  U11344/ZN (NAND2_X1)                                  0.0564     1.6097 f
  U11345/ZN (AND2_X1)                                   0.0427     1.6523 f
  U11348/ZN (NAND4_X1)                                  0.0298     1.6822 r
  DP_i_fetch_i_pc_i_Y_reg_9_/D (DFF_X2)                 0.0109     1.6931 r
  data arrival time                                                1.6931

  clock CLK (rise edge)                                 1.7000     1.7000
  clock network delay (ideal)                           0.0500     1.7500
  clock uncertainty                                    -0.0500     1.7000
  DP_i_fetch_i_pc_i_Y_reg_9_/CK (DFF_X2)                0.0000     1.7000 r
  library setup time                                   -0.0277     1.6723
  data required time                                               1.6723
  --------------------------------------------------------------------------
  data required time                                               1.6723
  data arrival time                                               -1.6931
  --------------------------------------------------------------------------
  slack (VIOLATED)                                                -0.0208


  Startpoint: DP_i_fetch_i_IR_out_reg_29_
              (rising edge-triggered flip-flop clocked by CLK)
  Endpoint: DP_i_fetch_i_pc_i_Y_reg_5_
            (rising edge-triggered flip-flop clocked by CLK)
  Path Group: REG2REG
  Path Type: max

  Des/Clust/Port     Wire Load Model       Library
  ------------------------------------------------
  DLX                5K_hvratio_1_4        NangateOpenCellLibrary

  Point                                                   Incr       Path
  --------------------------------------------------------------------------
  clock CLK (rise edge)                                 0.0000     0.0000
  clock network delay (ideal)                           0.0500     0.0500
  DP_i_fetch_i_IR_out_reg_29_/CK (DFF_X1)               0.0000     0.0500 r
  DP_i_fetch_i_IR_out_reg_29_/QN (DFF_X1)               0.0817     0.1317 r
  U3904/ZN (NAND2_X1)                                   0.0340     0.1657 f
  U1280/ZN (NOR2_X1)                                    0.0497     0.2154 r
  U3905/ZN (NAND2_X1)                                   0.0435     0.2590 f
  U2698/ZN (AND2_X1)                                    0.0439     0.3029 f
  U2670/Z (MUX2_X1)                                     0.0695     0.3725 f
  U2696/ZN (NAND2_X1)                                   0.0350     0.4075 r
  U2706/ZN (NAND2_X1)                                   0.0300     0.4374 f
  U2868/ZN (NAND3_X1)                                   0.0350     0.4724 r
  U2760/ZN (NAND2_X1)                                   0.0292     0.5016 f
  U2420/ZN (AND3_X1)                                    0.0395     0.5412 f
  U2790/ZN (NAND2_X1)                                   0.0312     0.5724 r
  U2735/ZN (NAND2_X1)                                   0.0303     0.6027 f
  U2526/ZN (NAND3_X1)                                   0.0301     0.6328 r
  U2736/ZN (NAND2_X1)                                   0.0293     0.6621 f
  U2869/ZN (AND3_X1)                                    0.0416     0.7037 f
  U5040/ZN (OR2_X1)                                     0.0536     0.7573 f
  U5043/ZN (AOI21_X1)                                   0.0439     0.8012 r
  U5044/ZN (XNOR2_X1)                                   0.0708     0.8720 r
  U2741/ZN (NAND3_X1)                                   0.0427     0.9147 f
  U2740/ZN (NAND2_X1)                                   0.0360     0.9507 r
  U5062/ZN (OAI21_X1)                                   0.0346     0.9852 f
  U2400/ZN (NAND2_X1)                                   0.0406     1.0258 r
  U1199/ZN (XNOR2_X1)                                   0.0659     1.0918 r
  U1884/Z (MUX2_X1)                                     0.0908     1.1825 f
  U1882/ZN (AND3_X1)                                    0.0469     1.2295 f
  U1254/ZN (OAI21_X1)                                   0.0556     1.2851 r
  U1892/ZN (XNOR2_X1)                                   0.0697     1.3548 r
  U1177/ZN (NAND4_X1)                                   0.0495     1.4043 f
  U1863/ZN (NAND2_X1)                                   0.0441     1.4484 r
  U10391/ZN (AND2_X4)                                   0.1049     1.5533 r
  U11330/ZN (NAND2_X1)                                  0.0564     1.6097 f
  U11331/ZN (AND2_X1)                                   0.0427     1.6523 f
  U11334/ZN (NAND4_X1)                                  0.0298     1.6822 r
  DP_i_fetch_i_pc_i_Y_reg_5_/D (DFF_X2)                 0.0109     1.6931 r
  data arrival time                                                1.6931

  clock CLK (rise edge)                                 1.7000     1.7000
  clock network delay (ideal)                           0.0500     1.7500
  clock uncertainty                                    -0.0500     1.7000
  DP_i_fetch_i_pc_i_Y_reg_5_/CK (DFF_X2)                0.0000     1.7000 r
  library setup time                                   -0.0277     1.6723
  data required time                                               1.6723
  --------------------------------------------------------------------------
  data required time                                               1.6723
  data arrival time                                               -1.6931
  --------------------------------------------------------------------------
  slack (VIOLATED)                                                -0.0208


  Startpoint: DP_i_fetch_i_IR_out_reg_29_
              (rising edge-triggered flip-flop clocked by CLK)
  Endpoint: DP_i_fetch_i_pc_i_Y_reg_8_
            (rising edge-triggered flip-flop clocked by CLK)
  Path Group: REG2REG
  Path Type: max

  Des/Clust/Port     Wire Load Model       Library
  ------------------------------------------------
  DLX                5K_hvratio_1_4        NangateOpenCellLibrary

  Point                                                   Incr       Path
  --------------------------------------------------------------------------
  clock CLK (rise edge)                                 0.0000     0.0000
  clock network delay (ideal)                           0.0500     0.0500
  DP_i_fetch_i_IR_out_reg_29_/CK (DFF_X1)               0.0000     0.0500 r
  DP_i_fetch_i_IR_out_reg_29_/QN (DFF_X1)               0.0817     0.1317 r
  U3904/ZN (NAND2_X1)                                   0.0340     0.1657 f
  U1280/ZN (NOR2_X1)                                    0.0497     0.2154 r
  U3905/ZN (NAND2_X1)                                   0.0435     0.2590 f
  U2698/ZN (AND2_X1)                                    0.0439     0.3029 f
  U2670/Z (MUX2_X1)                                     0.0695     0.3725 f
  U2696/ZN (NAND2_X1)                                   0.0350     0.4075 r
  U2706/ZN (NAND2_X1)                                   0.0300     0.4374 f
  U2868/ZN (NAND3_X1)                                   0.0350     0.4724 r
  U2760/ZN (NAND2_X1)                                   0.0292     0.5016 f
  U2420/ZN (AND3_X1)                                    0.0395     0.5412 f
  U2790/ZN (NAND2_X1)                                   0.0312     0.5724 r
  U2735/ZN (NAND2_X1)                                   0.0303     0.6027 f
  U2526/ZN (NAND3_X1)                                   0.0301     0.6328 r
  U2736/ZN (NAND2_X1)                                   0.0293     0.6621 f
  U2869/ZN (AND3_X1)                                    0.0416     0.7037 f
  U5040/ZN (OR2_X1)                                     0.0536     0.7573 f
  U5043/ZN (AOI21_X1)                                   0.0439     0.8012 r
  U5044/ZN (XNOR2_X1)                                   0.0708     0.8720 r
  U2741/ZN (NAND3_X1)                                   0.0427     0.9147 f
  U2740/ZN (NAND2_X1)                                   0.0360     0.9507 r
  U5062/ZN (OAI21_X1)                                   0.0346     0.9852 f
  U2400/ZN (NAND2_X1)                                   0.0406     1.0258 r
  U1199/ZN (XNOR2_X1)                                   0.0659     1.0918 r
  U1884/Z (MUX2_X1)                                     0.0908     1.1825 f
  U1882/ZN (AND3_X1)                                    0.0469     1.2295 f
  U1254/ZN (OAI21_X1)                                   0.0556     1.2851 r
  U1892/ZN (XNOR2_X1)                                   0.0697     1.3548 r
  U1177/ZN (NAND4_X1)                                   0.0495     1.4043 f
  U1863/ZN (NAND2_X1)                                   0.0441     1.4484 r
  U10391/ZN (AND2_X4)                                   0.1049     1.5533 r
  U11352/ZN (NAND2_X1)                                  0.0564     1.6097 f
  U11353/ZN (AND2_X1)                                   0.0427     1.6523 f
  U11356/ZN (NAND4_X1)                                  0.0298     1.6822 r
  DP_i_fetch_i_pc_i_Y_reg_8_/D (DFF_X2)                 0.0109     1.6931 r
  data arrival time                                                1.6931

  clock CLK (rise edge)                                 1.7000     1.7000
  clock network delay (ideal)                           0.0500     1.7500
  clock uncertainty                                    -0.0500     1.7000
  DP_i_fetch_i_pc_i_Y_reg_8_/CK (DFF_X2)                0.0000     1.7000 r
  library setup time                                   -0.0277     1.6723
  data required time                                               1.6723
  --------------------------------------------------------------------------
  data required time                                               1.6723
  data arrival time                                               -1.6931
  --------------------------------------------------------------------------
  slack (VIOLATED)                                                -0.0208


  Startpoint: DP_i_fetch_i_IR_out_reg_29_
              (rising edge-triggered flip-flop clocked by CLK)
  Endpoint: DP_i_fetch_i_pc_i_Y_reg_3_
            (rising edge-triggered flip-flop clocked by CLK)
  Path Group: REG2REG
  Path Type: max

  Des/Clust/Port     Wire Load Model       Library
  ------------------------------------------------
  DLX                5K_hvratio_1_4        NangateOpenCellLibrary

  Point                                                   Incr       Path
  --------------------------------------------------------------------------
  clock CLK (rise edge)                                 0.0000     0.0000
  clock network delay (ideal)                           0.0500     0.0500
  DP_i_fetch_i_IR_out_reg_29_/CK (DFF_X1)               0.0000     0.0500 r
  DP_i_fetch_i_IR_out_reg_29_/QN (DFF_X1)               0.0817     0.1317 r
  U3904/ZN (NAND2_X1)                                   0.0340     0.1657 f
  U1280/ZN (NOR2_X1)                                    0.0497     0.2154 r
  U3905/ZN (NAND2_X1)                                   0.0435     0.2590 f
  U2698/ZN (AND2_X1)                                    0.0439     0.3029 f
  U2670/Z (MUX2_X1)                                     0.0695     0.3725 f
  U2696/ZN (NAND2_X1)                                   0.0350     0.4075 r
  U2706/ZN (NAND2_X1)                                   0.0300     0.4374 f
  U2868/ZN (NAND3_X1)                                   0.0350     0.4724 r
  U2760/ZN (NAND2_X1)                                   0.0292     0.5016 f
  U2420/ZN (AND3_X1)                                    0.0395     0.5412 f
  U2790/ZN (NAND2_X1)                                   0.0312     0.5724 r
  U2735/ZN (NAND2_X1)                                   0.0303     0.6027 f
  U2526/ZN (NAND3_X1)                                   0.0301     0.6328 r
  U2736/ZN (NAND2_X1)                                   0.0293     0.6621 f
  U2869/ZN (AND3_X1)                                    0.0416     0.7037 f
  U5040/ZN (OR2_X1)                                     0.0536     0.7573 f
  U5043/ZN (AOI21_X1)                                   0.0439     0.8012 r
  U5044/ZN (XNOR2_X1)                                   0.0708     0.8720 r
  U2741/ZN (NAND3_X1)                                   0.0427     0.9147 f
  U2740/ZN (NAND2_X1)                                   0.0360     0.9507 r
  U5062/ZN (OAI21_X1)                                   0.0346     0.9852 f
  U2400/ZN (NAND2_X1)                                   0.0406     1.0258 r
  U1199/ZN (XNOR2_X1)                                   0.0659     1.0918 r
  U1884/Z (MUX2_X1)                                     0.0908     1.1825 f
  U1882/ZN (AND3_X1)                                    0.0469     1.2295 f
  U1254/ZN (OAI21_X1)                                   0.0556     1.2851 r
  U1892/ZN (XNOR2_X1)                                   0.0697     1.3548 r
  U1177/ZN (NAND4_X1)                                   0.0495     1.4043 f
  U1863/ZN (NAND2_X1)                                   0.0441     1.4484 r
  U10391/ZN (AND2_X4)                                   0.1049     1.5533 r
  U11268/ZN (NAND2_X1)                                  0.0564     1.6097 f
  U11269/ZN (AND2_X1)                                   0.0427     1.6523 f
  U11272/ZN (NAND4_X1)                                  0.0298     1.6822 r
  DP_i_fetch_i_pc_i_Y_reg_3_/D (DFF_X2)                 0.0109     1.6931 r
  data arrival time                                                1.6931

  clock CLK (rise edge)                                 1.7000     1.7000
  clock network delay (ideal)                           0.0500     1.7500
  clock uncertainty                                    -0.0500     1.7000
  DP_i_fetch_i_pc_i_Y_reg_3_/CK (DFF_X2)                0.0000     1.7000 r
  library setup time                                   -0.0277     1.6723
  data required time                                               1.6723
  --------------------------------------------------------------------------
  data required time                                               1.6723
  data arrival time                                               -1.6931
  --------------------------------------------------------------------------
  slack (VIOLATED)                                                -0.0208


  Startpoint: DP_i_fetch_i_IR_out_reg_29_
              (rising edge-triggered flip-flop clocked by CLK)
  Endpoint: DP_i_fetch_i_pc_i_Y_reg_4_
            (rising edge-triggered flip-flop clocked by CLK)
  Path Group: REG2REG
  Path Type: max

  Des/Clust/Port     Wire Load Model       Library
  ------------------------------------------------
  DLX                5K_hvratio_1_4        NangateOpenCellLibrary

  Point                                                   Incr       Path
  --------------------------------------------------------------------------
  clock CLK (rise edge)                                 0.0000     0.0000
  clock network delay (ideal)                           0.0500     0.0500
  DP_i_fetch_i_IR_out_reg_29_/CK (DFF_X1)               0.0000     0.0500 r
  DP_i_fetch_i_IR_out_reg_29_/QN (DFF_X1)               0.0817     0.1317 r
  U3904/ZN (NAND2_X1)                                   0.0340     0.1657 f
  U1280/ZN (NOR2_X1)                                    0.0497     0.2154 r
  U3905/ZN (NAND2_X1)                                   0.0435     0.2590 f
  U2698/ZN (AND2_X1)                                    0.0439     0.3029 f
  U2670/Z (MUX2_X1)                                     0.0695     0.3725 f
  U2696/ZN (NAND2_X1)                                   0.0350     0.4075 r
  U2706/ZN (NAND2_X1)                                   0.0300     0.4374 f
  U2868/ZN (NAND3_X1)                                   0.0350     0.4724 r
  U2760/ZN (NAND2_X1)                                   0.0292     0.5016 f
  U2420/ZN (AND3_X1)                                    0.0395     0.5412 f
  U2790/ZN (NAND2_X1)                                   0.0312     0.5724 r
  U2735/ZN (NAND2_X1)                                   0.0303     0.6027 f
  U2526/ZN (NAND3_X1)                                   0.0301     0.6328 r
  U2736/ZN (NAND2_X1)                                   0.0293     0.6621 f
  U2869/ZN (AND3_X1)                                    0.0416     0.7037 f
  U5040/ZN (OR2_X1)                                     0.0536     0.7573 f
  U5043/ZN (AOI21_X1)                                   0.0439     0.8012 r
  U5044/ZN (XNOR2_X1)                                   0.0708     0.8720 r
  U2741/ZN (NAND3_X1)                                   0.0427     0.9147 f
  U2740/ZN (NAND2_X1)                                   0.0360     0.9507 r
  U5062/ZN (OAI21_X1)                                   0.0346     0.9852 f
  U2400/ZN (NAND2_X1)                                   0.0406     1.0258 r
  U1199/ZN (XNOR2_X1)                                   0.0659     1.0918 r
  U1884/Z (MUX2_X1)                                     0.0908     1.1825 f
  U1882/ZN (AND3_X1)                                    0.0469     1.2295 f
  U1254/ZN (OAI21_X1)                                   0.0556     1.2851 r
  U1892/ZN (XNOR2_X1)                                   0.0697     1.3548 r
  U1177/ZN (NAND4_X1)                                   0.0495     1.4043 f
  U1863/ZN (NAND2_X1)                                   0.0441     1.4484 r
  U10391/ZN (AND2_X4)                                   0.1049     1.5533 r
  U11380/ZN (NAND2_X1)                                  0.0564     1.6097 f
  U11381/ZN (AND2_X1)                                   0.0427     1.6523 f
  U11384/ZN (NAND4_X1)                                  0.0298     1.6822 r
  DP_i_fetch_i_pc_i_Y_reg_4_/D (DFF_X2)                 0.0109     1.6931 r
  data arrival time                                                1.6931

  clock CLK (rise edge)                                 1.7000     1.7000
  clock network delay (ideal)                           0.0500     1.7500
  clock uncertainty                                    -0.0500     1.7000
  DP_i_fetch_i_pc_i_Y_reg_4_/CK (DFF_X2)                0.0000     1.7000 r
  library setup time                                   -0.0277     1.6723
  data required time                                               1.6723
  --------------------------------------------------------------------------
  data required time                                               1.6723
  data arrival time                                               -1.6931
  --------------------------------------------------------------------------
  slack (VIOLATED)                                                -0.0208


  Startpoint: DP_i_fetch_i_IR_out_reg_29_
              (rising edge-triggered flip-flop clocked by CLK)
  Endpoint: DP_i_fetch_i_pc_i_Y_reg_6_
            (rising edge-triggered flip-flop clocked by CLK)
  Path Group: REG2REG
  Path Type: max

  Des/Clust/Port     Wire Load Model       Library
  ------------------------------------------------
  DLX                5K_hvratio_1_4        NangateOpenCellLibrary

  Point                                                   Incr       Path
  --------------------------------------------------------------------------
  clock CLK (rise edge)                                 0.0000     0.0000
  clock network delay (ideal)                           0.0500     0.0500
  DP_i_fetch_i_IR_out_reg_29_/CK (DFF_X1)               0.0000     0.0500 r
  DP_i_fetch_i_IR_out_reg_29_/QN (DFF_X1)               0.0817     0.1317 r
  U3904/ZN (NAND2_X1)                                   0.0340     0.1657 f
  U1280/ZN (NOR2_X1)                                    0.0497     0.2154 r
  U3905/ZN (NAND2_X1)                                   0.0435     0.2590 f
  U2698/ZN (AND2_X1)                                    0.0439     0.3029 f
  U2670/Z (MUX2_X1)                                     0.0695     0.3725 f
  U2696/ZN (NAND2_X1)                                   0.0350     0.4075 r
  U2706/ZN (NAND2_X1)                                   0.0300     0.4374 f
  U2868/ZN (NAND3_X1)                                   0.0350     0.4724 r
  U2760/ZN (NAND2_X1)                                   0.0292     0.5016 f
  U2420/ZN (AND3_X1)                                    0.0395     0.5412 f
  U2790/ZN (NAND2_X1)                                   0.0312     0.5724 r
  U2735/ZN (NAND2_X1)                                   0.0303     0.6027 f
  U2526/ZN (NAND3_X1)                                   0.0301     0.6328 r
  U2736/ZN (NAND2_X1)                                   0.0293     0.6621 f
  U2869/ZN (AND3_X1)                                    0.0416     0.7037 f
  U5040/ZN (OR2_X1)                                     0.0536     0.7573 f
  U5043/ZN (AOI21_X1)                                   0.0439     0.8012 r
  U5044/ZN (XNOR2_X1)                                   0.0708     0.8720 r
  U2741/ZN (NAND3_X1)                                   0.0427     0.9147 f
  U2740/ZN (NAND2_X1)                                   0.0360     0.9507 r
  U5062/ZN (OAI21_X1)                                   0.0346     0.9852 f
  U2400/ZN (NAND2_X1)                                   0.0406     1.0258 r
  U1199/ZN (XNOR2_X1)                                   0.0659     1.0918 r
  U1884/Z (MUX2_X1)                                     0.0908     1.1825 f
  U1882/ZN (AND3_X1)                                    0.0469     1.2295 f
  U1254/ZN (OAI21_X1)                                   0.0556     1.2851 r
  U1892/ZN (XNOR2_X1)                                   0.0697     1.3548 r
  U1177/ZN (NAND4_X1)                                   0.0495     1.4043 f
  U1863/ZN (NAND2_X1)                                   0.0441     1.4484 r
  U10391/ZN (AND2_X4)                                   0.1049     1.5533 r
  U11387/ZN (NAND2_X1)                                  0.0564     1.6097 f
  U11388/ZN (AND2_X1)                                   0.0427     1.6523 f
  U11391/ZN (NAND4_X1)                                  0.0298     1.6822 r
  DP_i_fetch_i_pc_i_Y_reg_6_/D (DFF_X2)                 0.0109     1.6931 r
  data arrival time                                                1.6931

  clock CLK (rise edge)                                 1.7000     1.7000
  clock network delay (ideal)                           0.0500     1.7500
  clock uncertainty                                    -0.0500     1.7000
  DP_i_fetch_i_pc_i_Y_reg_6_/CK (DFF_X2)                0.0000     1.7000 r
  library setup time                                   -0.0277     1.6723
  data required time                                               1.6723
  --------------------------------------------------------------------------
  data required time                                               1.6723
  data arrival time                                               -1.6931
  --------------------------------------------------------------------------
  slack (VIOLATED)                                                -0.0208


  Startpoint: DP_i_fetch_i_IR_out_reg_29_
              (rising edge-triggered flip-flop clocked by CLK)
  Endpoint: DP_i_fetch_i_pc_i_Y_reg_7_
            (rising edge-triggered flip-flop clocked by CLK)
  Path Group: REG2REG
  Path Type: max

  Des/Clust/Port     Wire Load Model       Library
  ------------------------------------------------
  DLX                5K_hvratio_1_4        NangateOpenCellLibrary

  Point                                                   Incr       Path
  --------------------------------------------------------------------------
  clock CLK (rise edge)                                 0.0000     0.0000
  clock network delay (ideal)                           0.0500     0.0500
  DP_i_fetch_i_IR_out_reg_29_/CK (DFF_X1)               0.0000     0.0500 r
  DP_i_fetch_i_IR_out_reg_29_/QN (DFF_X1)               0.0817     0.1317 r
  U3904/ZN (NAND2_X1)                                   0.0340     0.1657 f
  U1280/ZN (NOR2_X1)                                    0.0497     0.2154 r
  U3905/ZN (NAND2_X1)                                   0.0435     0.2590 f
  U2698/ZN (AND2_X1)                                    0.0439     0.3029 f
  U2670/Z (MUX2_X1)                                     0.0695     0.3725 f
  U2696/ZN (NAND2_X1)                                   0.0350     0.4075 r
  U2706/ZN (NAND2_X1)                                   0.0300     0.4374 f
  U2868/ZN (NAND3_X1)                                   0.0350     0.4724 r
  U2760/ZN (NAND2_X1)                                   0.0292     0.5016 f
  U2420/ZN (AND3_X1)                                    0.0395     0.5412 f
  U2790/ZN (NAND2_X1)                                   0.0312     0.5724 r
  U2735/ZN (NAND2_X1)                                   0.0303     0.6027 f
  U2526/ZN (NAND3_X1)                                   0.0301     0.6328 r
  U2736/ZN (NAND2_X1)                                   0.0293     0.6621 f
  U2869/ZN (AND3_X1)                                    0.0416     0.7037 f
  U5040/ZN (OR2_X1)                                     0.0536     0.7573 f
  U5043/ZN (AOI21_X1)                                   0.0439     0.8012 r
  U5044/ZN (XNOR2_X1)                                   0.0708     0.8720 r
  U2741/ZN (NAND3_X1)                                   0.0427     0.9147 f
  U2740/ZN (NAND2_X1)                                   0.0360     0.9507 r
  U5062/ZN (OAI21_X1)                                   0.0346     0.9852 f
  U2400/ZN (NAND2_X1)                                   0.0406     1.0258 r
  U1199/ZN (XNOR2_X1)                                   0.0659     1.0918 r
  U1884/Z (MUX2_X1)                                     0.0908     1.1825 f
  U1882/ZN (AND3_X1)                                    0.0469     1.2295 f
  U1254/ZN (OAI21_X1)                                   0.0556     1.2851 r
  U1892/ZN (XNOR2_X1)                                   0.0697     1.3548 r
  U1177/ZN (NAND4_X1)                                   0.0495     1.4043 f
  U1863/ZN (NAND2_X1)                                   0.0441     1.4484 r
  U10391/ZN (AND2_X4)                                   0.1049     1.5533 r
  U11306/ZN (NAND2_X1)                                  0.0564     1.6097 f
  U11307/ZN (AND2_X1)                                   0.0427     1.6523 f
  U11310/ZN (NAND4_X1)                                  0.0298     1.6822 r
  DP_i_fetch_i_pc_i_Y_reg_7_/D (DFF_X2)                 0.0109     1.6931 r
  data arrival time                                                1.6931

  clock CLK (rise edge)                                 1.7000     1.7000
  clock network delay (ideal)                           0.0500     1.7500
  clock uncertainty                                    -0.0500     1.7000
  DP_i_fetch_i_pc_i_Y_reg_7_/CK (DFF_X2)                0.0000     1.7000 r
  library setup time                                   -0.0277     1.6723
  data required time                                               1.6723
  --------------------------------------------------------------------------
  data required time                                               1.6723
  data arrival time                                               -1.6931
  --------------------------------------------------------------------------
  slack (VIOLATED)                                                -0.0208


  Startpoint: DP_i_fetch_i_IR_out_reg_29_
              (rising edge-triggered flip-flop clocked by CLK)
  Endpoint: DP_i_fetch_i_pc_i_Y_reg_11_
            (rising edge-triggered flip-flop clocked by CLK)
  Path Group: REG2REG
  Path Type: max

  Des/Clust/Port     Wire Load Model       Library
  ------------------------------------------------
  DLX                5K_hvratio_1_4        NangateOpenCellLibrary

  Point                                                   Incr       Path
  --------------------------------------------------------------------------
  clock CLK (rise edge)                                 0.0000     0.0000
  clock network delay (ideal)                           0.0500     0.0500
  DP_i_fetch_i_IR_out_reg_29_/CK (DFF_X1)               0.0000     0.0500 r
  DP_i_fetch_i_IR_out_reg_29_/QN (DFF_X1)               0.0817     0.1317 r
  U3904/ZN (NAND2_X1)                                   0.0340     0.1657 f
  U1280/ZN (NOR2_X1)                                    0.0497     0.2154 r
  U3905/ZN (NAND2_X1)                                   0.0435     0.2590 f
  U2698/ZN (AND2_X1)                                    0.0439     0.3029 f
  U2670/Z (MUX2_X1)                                     0.0695     0.3725 f
  U2696/ZN (NAND2_X1)                                   0.0350     0.4075 r
  U2706/ZN (NAND2_X1)                                   0.0300     0.4374 f
  U2868/ZN (NAND3_X1)                                   0.0350     0.4724 r
  U2760/ZN (NAND2_X1)                                   0.0292     0.5016 f
  U2420/ZN (AND3_X1)                                    0.0395     0.5412 f
  U2790/ZN (NAND2_X1)                                   0.0312     0.5724 r
  U2735/ZN (NAND2_X1)                                   0.0303     0.6027 f
  U2526/ZN (NAND3_X1)                                   0.0301     0.6328 r
  U2736/ZN (NAND2_X1)                                   0.0293     0.6621 f
  U2869/ZN (AND3_X1)                                    0.0416     0.7037 f
  U5040/ZN (OR2_X1)                                     0.0536     0.7573 f
  U5043/ZN (AOI21_X1)                                   0.0439     0.8012 r
  U5044/ZN (XNOR2_X1)                                   0.0708     0.8720 r
  U2741/ZN (NAND3_X1)                                   0.0427     0.9147 f
  U2740/ZN (NAND2_X1)                                   0.0360     0.9507 r
  U5062/ZN (OAI21_X1)                                   0.0346     0.9852 f
  U2400/ZN (NAND2_X1)                                   0.0406     1.0258 r
  U1199/ZN (XNOR2_X1)                                   0.0659     1.0918 r
  U1884/Z (MUX2_X1)                                     0.0908     1.1825 f
  U1882/ZN (AND3_X1)                                    0.0469     1.2295 f
  U1254/ZN (OAI21_X1)                                   0.0556     1.2851 r
  U1892/ZN (XNOR2_X1)                                   0.0697     1.3548 r
  U1177/ZN (NAND4_X1)                                   0.0495     1.4043 f
  U1863/ZN (NAND2_X1)                                   0.0441     1.4484 r
  U10391/ZN (AND2_X4)                                   0.1049     1.5533 r
  U11409/ZN (NAND2_X1)                                  0.0564     1.6097 f
  U11410/ZN (AND2_X1)                                   0.0427     1.6523 f
  U11413/ZN (NAND4_X1)                                  0.0298     1.6822 r
  DP_i_fetch_i_pc_i_Y_reg_11_/D (DFF_X2)                0.0109     1.6931 r
  data arrival time                                                1.6931

  clock CLK (rise edge)                                 1.7000     1.7000
  clock network delay (ideal)                           0.0500     1.7500
  clock uncertainty                                    -0.0500     1.7000
  DP_i_fetch_i_pc_i_Y_reg_11_/CK (DFF_X2)               0.0000     1.7000 r
  library setup time                                   -0.0277     1.6723
  data required time                                               1.6723
  --------------------------------------------------------------------------
  data required time                                               1.6723
  data arrival time                                               -1.6931
  --------------------------------------------------------------------------
  slack (VIOLATED)                                                -0.0208


  Startpoint: DP_i_fetch_i_IR_out_reg_29_
              (rising edge-triggered flip-flop clocked by CLK)
  Endpoint: DP_i_fetch_i_pc_i_Y_reg_10_
            (rising edge-triggered flip-flop clocked by CLK)
  Path Group: REG2REG
  Path Type: max

  Des/Clust/Port     Wire Load Model       Library
  ------------------------------------------------
  DLX                5K_hvratio_1_4        NangateOpenCellLibrary

  Point                                                   Incr       Path
  --------------------------------------------------------------------------
  clock CLK (rise edge)                                 0.0000     0.0000
  clock network delay (ideal)                           0.0500     0.0500
  DP_i_fetch_i_IR_out_reg_29_/CK (DFF_X1)               0.0000     0.0500 r
  DP_i_fetch_i_IR_out_reg_29_/QN (DFF_X1)               0.0817     0.1317 r
  U3904/ZN (NAND2_X1)                                   0.0340     0.1657 f
  U1280/ZN (NOR2_X1)                                    0.0497     0.2154 r
  U3905/ZN (NAND2_X1)                                   0.0435     0.2590 f
  U2698/ZN (AND2_X1)                                    0.0439     0.3029 f
  U2670/Z (MUX2_X1)                                     0.0695     0.3725 f
  U2696/ZN (NAND2_X1)                                   0.0350     0.4075 r
  U2706/ZN (NAND2_X1)                                   0.0300     0.4374 f
  U2868/ZN (NAND3_X1)                                   0.0350     0.4724 r
  U2760/ZN (NAND2_X1)                                   0.0292     0.5016 f
  U2420/ZN (AND3_X1)                                    0.0395     0.5412 f
  U2790/ZN (NAND2_X1)                                   0.0312     0.5724 r
  U2735/ZN (NAND2_X1)                                   0.0303     0.6027 f
  U2526/ZN (NAND3_X1)                                   0.0301     0.6328 r
  U2736/ZN (NAND2_X1)                                   0.0293     0.6621 f
  U2869/ZN (AND3_X1)                                    0.0416     0.7037 f
  U5040/ZN (OR2_X1)                                     0.0536     0.7573 f
  U5043/ZN (AOI21_X1)                                   0.0439     0.8012 r
  U5044/ZN (XNOR2_X1)                                   0.0708     0.8720 r
  U2741/ZN (NAND3_X1)                                   0.0427     0.9147 f
  U2740/ZN (NAND2_X1)                                   0.0360     0.9507 r
  U5062/ZN (OAI21_X1)                                   0.0346     0.9852 f
  U2400/ZN (NAND2_X1)                                   0.0406     1.0258 r
  U1199/ZN (XNOR2_X1)                                   0.0659     1.0918 r
  U1884/Z (MUX2_X1)                                     0.0908     1.1825 f
  U1882/ZN (AND3_X1)                                    0.0469     1.2295 f
  U1254/ZN (OAI21_X1)                                   0.0556     1.2851 r
  U1892/ZN (XNOR2_X1)                                   0.0697     1.3548 r
  U1177/ZN (NAND4_X1)                                   0.0495     1.4043 f
  U1863/ZN (NAND2_X1)                                   0.0441     1.4484 r
  U10391/ZN (AND2_X4)                                   0.1049     1.5533 r
  U11394/ZN (NAND2_X1)                                  0.0564     1.6097 f
  U11395/ZN (AND2_X1)                                   0.0427     1.6523 f
  U11398/ZN (NAND4_X1)                                  0.0298     1.6822 r
  DP_i_fetch_i_pc_i_Y_reg_10_/D (DFF_X2)                0.0109     1.6931 r
  data arrival time                                                1.6931

  clock CLK (rise edge)                                 1.7000     1.7000
  clock network delay (ideal)                           0.0500     1.7500
  clock uncertainty                                    -0.0500     1.7000
  DP_i_fetch_i_pc_i_Y_reg_10_/CK (DFF_X2)               0.0000     1.7000 r
  library setup time                                   -0.0277     1.6723
  data required time                                               1.6723
  --------------------------------------------------------------------------
  data required time                                               1.6723
  data arrival time                                               -1.6931
  --------------------------------------------------------------------------
  slack (VIOLATED)                                                -0.0208


  Startpoint: DP_i_fetch_i_IR_out_reg_29_
              (rising edge-triggered flip-flop clocked by CLK)
  Endpoint: DP_i_fetch_i_pc_i_Y_reg_11_
            (rising edge-triggered flip-flop clocked by CLK)
  Path Group: REG2REG
  Path Type: max

  Des/Clust/Port     Wire Load Model       Library
  ------------------------------------------------
  DLX                5K_hvratio_1_4        NangateOpenCellLibrary

  Point                                                   Incr       Path
  --------------------------------------------------------------------------
  clock CLK (rise edge)                                 0.0000     0.0000
  clock network delay (ideal)                           0.0500     0.0500
  DP_i_fetch_i_IR_out_reg_29_/CK (DFF_X1)               0.0000     0.0500 r
  DP_i_fetch_i_IR_out_reg_29_/QN (DFF_X1)               0.0817     0.1317 r
  U3904/ZN (NAND2_X1)                                   0.0340     0.1657 f
  U1280/ZN (NOR2_X1)                                    0.0497     0.2154 r
  U3905/ZN (NAND2_X1)                                   0.0435     0.2590 f
  U2698/ZN (AND2_X1)                                    0.0439     0.3029 f
  U2670/Z (MUX2_X1)                                     0.0695     0.3725 f
  U2696/ZN (NAND2_X1)                                   0.0350     0.4075 r
  U2706/ZN (NAND2_X1)                                   0.0300     0.4374 f
  U2868/ZN (NAND3_X1)                                   0.0350     0.4724 r
  U2760/ZN (NAND2_X1)                                   0.0292     0.5016 f
  U2420/ZN (AND3_X1)                                    0.0395     0.5412 f
  U2790/ZN (NAND2_X1)                                   0.0312     0.5724 r
  U2735/ZN (NAND2_X1)                                   0.0303     0.6027 f
  U2526/ZN (NAND3_X1)                                   0.0301     0.6328 r
  U2736/ZN (NAND2_X1)                                   0.0293     0.6621 f
  U2869/ZN (AND3_X1)                                    0.0416     0.7037 f
  U5040/ZN (OR2_X1)                                     0.0536     0.7573 f
  U5043/ZN (AOI21_X1)                                   0.0439     0.8012 r
  U5044/ZN (XNOR2_X1)                                   0.0708     0.8720 r
  U2741/ZN (NAND3_X1)                                   0.0427     0.9147 f
  U2740/ZN (NAND2_X1)                                   0.0360     0.9507 r
  U5062/ZN (OAI21_X1)                                   0.0346     0.9852 f
  U2400/ZN (NAND2_X1)                                   0.0406     1.0258 r
  U1199/ZN (XNOR2_X1)                                   0.0659     1.0918 r
  U1884/Z (MUX2_X1)                                     0.0908     1.1825 f
  U1882/ZN (AND3_X1)                                    0.0469     1.2295 f
  U1254/ZN (OAI21_X1)                                   0.0556     1.2851 r
  U1892/ZN (XNOR2_X1)                                   0.0697     1.3548 r
  U1177/ZN (NAND4_X1)                                   0.0495     1.4043 f
  U1863/ZN (NAND2_X1)                                   0.0441     1.4484 r
  U10391/ZN (AND2_X4)                                   0.1049     1.5533 r
  U11409/ZN (NAND2_X1)                                  0.0564     1.6097 f
  U11410/ZN (AND2_X1)                                   0.0427     1.6523 f
  U11413/ZN (NAND4_X1)                                  0.0298     1.6822 r
  DP_i_fetch_i_pc_i_Y_reg_11_/D (DFF_X2)                0.0109     1.6931 r
  data arrival time                                                1.6931

  clock CLK (rise edge)                                 1.7000     1.7000
  clock network delay (ideal)                           0.0500     1.7500
  clock uncertainty                                    -0.0500     1.7000
  DP_i_fetch_i_pc_i_Y_reg_11_/CK (DFF_X2)               0.0000     1.7000 r
  library setup time                                   -0.0277     1.6723
  data required time                                               1.6723
  --------------------------------------------------------------------------
  data required time                                               1.6723
  data arrival time                                               -1.6931
  --------------------------------------------------------------------------
  slack (VIOLATED)                                                -0.0208


1
