 
****************************************
Report : timing
        -path full
        -delay max
        -nworst 2
        -group REG2REG
        -max_paths 10
Design : DLX
Version: W-2024.09-SP2
Date   : Tue Sep 29 12:32:41 2026
****************************************

Operating Conditions: typical   Library: NangateOpenCellLibrary
Wire Load Model Mode: top

  Startpoint: DP_i_fetch_i_IR_out_reg_28_
              (rising edge-triggered flip-flop clocked by CLK)
  Endpoint: DP_i_fetch_i_pc_i_Y_reg_9_
            (rising edge-triggered flip-flop clocked by CLK)
  Path Group: REG2REG
  Path Type: max

  Des/Clust/Port     Wire Load Model       Library
  ------------------------------------------------
  DLX                5K_hvratio_1_4        NangateOpenCellLibrary

  Point                                                   Incr       Path
  --------------------------------------------------------------------------
  clock CLK (rise edge)                                 0.0000     0.0000
  clock network delay (ideal)                           0.0500     0.0500
  DP_i_fetch_i_IR_out_reg_28_/CK (DFF_X1)               0.0000     0.0500 r
  DP_i_fetch_i_IR_out_reg_28_/Q (DFF_X1)                0.1020     0.1520 f
  U3191/Z (XOR2_X1)                                     0.0833     0.2352 f
  U3192/ZN (NAND2_X1)                                   0.0320     0.2672 r
  U3194/ZN (AND2_X1)                                    0.0472     0.3144 r
  U3394/ZN (AOI21_X1)                                   0.0334     0.3478 f
  U883/ZN (OR3_X1)                                      0.0751     0.4228 f
  U1963/ZN (NAND2_X1)                                   0.0469     0.4698 r
  U942/Z (BUF_X2)                                       0.0519     0.5217 r
  U3401/ZN (NAND2_X1)                                   0.0332     0.5549 f
  U1271/ZN (AND2_X2)                                    0.0453     0.6002 f
  U2087/Z (MUX2_X1)                                     0.0765     0.6767 r
  U3630/ZN (NAND2_X1)                                   0.0315     0.7082 f
  U1823/ZN (XNOR2_X1)                                   0.0552     0.7634 f
  U3636/ZN (AND2_X1)                                    0.0386     0.8021 f
  U3637/ZN (NAND2_X1)                                   0.0257     0.8278 r
  U3639/ZN (AND3_X1)                                    0.0500     0.8778 r
  U2115/ZN (OAI211_X1)                                  0.0550     0.9327 f
  U4565/ZN (NAND2_X1)                                   0.0406     0.9734 r
  U2104/ZN (AND2_X1)                                    0.0439     1.0173 r
  U4567/Z (MUX2_X1)                                     0.0785     1.0958 f
  U4570/ZN (NAND2_X1)                                   0.0332     1.1290 r
  U4792/ZN (XNOR2_X1)                                   0.0593     1.1883 r
  U1707/ZN (AND4_X1)                                    0.0693     1.2576 r
  U1729/ZN (NAND4_X1)                                   0.0464     1.3039 f
  U863/ZN (NAND4_X1)                                    0.0399     1.3438 r
  U11192/ZN (AND2_X2)                                   0.0531     1.3969 r
  U11173/ZN (NAND2_X4)                                  0.0883     1.4852 f
  U12971/ZN (OR2_X1)                                    0.0890     1.5742 f
  U11208/ZN (NAND4_X1)                                  0.0362     1.6104 r
  DP_i_fetch_i_pc_i_Y_reg_9_/D (DFF_X2)                 0.0109     1.6213 r
  data arrival time                                                1.6213

  clock CLK (rise edge)                                 1.1500     1.1500
  clock network delay (ideal)                           0.0500     1.2000
  clock uncertainty                                    -0.0500     1.1500
  DP_i_fetch_i_pc_i_Y_reg_9_/CK (DFF_X2)                0.0000     1.1500 r
  library setup time                                   -0.0275     1.1225
  data required time                                               1.1225
  --------------------------------------------------------------------------
  data required time                                               1.1225
  data arrival time                                               -1.6213
  --------------------------------------------------------------------------
  slack (VIOLATED)                                                -0.4988


  Startpoint: DP_i_fetch_i_IR_out_reg_28_
              (rising edge-triggered flip-flop clocked by CLK)
  Endpoint: DP_i_fetch_i_pc_i_Y_reg_7_
            (rising edge-triggered flip-flop clocked by CLK)
  Path Group: REG2REG
  Path Type: max

  Des/Clust/Port     Wire Load Model       Library
  ------------------------------------------------
  DLX                5K_hvratio_1_4        NangateOpenCellLibrary

  Point                                                   Incr       Path
  --------------------------------------------------------------------------
  clock CLK (rise edge)                                 0.0000     0.0000
  clock network delay (ideal)                           0.0500     0.0500
  DP_i_fetch_i_IR_out_reg_28_/CK (DFF_X1)               0.0000     0.0500 r
  DP_i_fetch_i_IR_out_reg_28_/Q (DFF_X1)                0.1020     0.1520 f
  U3191/Z (XOR2_X1)                                     0.0833     0.2352 f
  U3192/ZN (NAND2_X1)                                   0.0320     0.2672 r
  U3194/ZN (AND2_X1)                                    0.0472     0.3144 r
  U3394/ZN (AOI21_X1)                                   0.0334     0.3478 f
  U883/ZN (OR3_X1)                                      0.0751     0.4228 f
  U1963/ZN (NAND2_X1)                                   0.0469     0.4698 r
  U942/Z (BUF_X2)                                       0.0519     0.5217 r
  U3401/ZN (NAND2_X1)                                   0.0332     0.5549 f
  U1271/ZN (AND2_X2)                                    0.0453     0.6002 f
  U2087/Z (MUX2_X1)                                     0.0765     0.6767 r
  U3630/ZN (NAND2_X1)                                   0.0315     0.7082 f
  U1823/ZN (XNOR2_X1)                                   0.0552     0.7634 f
  U3636/ZN (AND2_X1)                                    0.0386     0.8021 f
  U3637/ZN (NAND2_X1)                                   0.0257     0.8278 r
  U3639/ZN (AND3_X1)                                    0.0500     0.8778 r
  U2115/ZN (OAI211_X1)                                  0.0550     0.9327 f
  U4565/ZN (NAND2_X1)                                   0.0406     0.9734 r
  U2104/ZN (AND2_X1)                                    0.0439     1.0173 r
  U4567/Z (MUX2_X1)                                     0.0785     1.0958 f
  U4570/ZN (NAND2_X1)                                   0.0332     1.1290 r
  U4792/ZN (XNOR2_X1)                                   0.0593     1.1883 r
  U1707/ZN (AND4_X1)                                    0.0693     1.2576 r
  U1729/ZN (NAND4_X1)                                   0.0464     1.3039 f
  U863/ZN (NAND4_X1)                                    0.0399     1.3438 r
  U11192/ZN (AND2_X2)                                   0.0531     1.3969 r
  U11173/ZN (NAND2_X4)                                  0.0883     1.4852 f
  U12981/ZN (OR2_X1)                                    0.0890     1.5742 f
  U11215/ZN (NAND4_X1)                                  0.0362     1.6104 r
  DP_i_fetch_i_pc_i_Y_reg_7_/D (DFF_X2)                 0.0109     1.6213 r
  data arrival time                                                1.6213

  clock CLK (rise edge)                                 1.1500     1.1500
  clock network delay (ideal)                           0.0500     1.2000
  clock uncertainty                                    -0.0500     1.1500
  DP_i_fetch_i_pc_i_Y_reg_7_/CK (DFF_X2)                0.0000     1.1500 r
  library setup time                                   -0.0275     1.1225
  data required time                                               1.1225
  --------------------------------------------------------------------------
  data required time                                               1.1225
  data arrival time                                               -1.6213
  --------------------------------------------------------------------------
  slack (VIOLATED)                                                -0.4988


  Startpoint: DP_i_fetch_i_IR_out_reg_28_
              (rising edge-triggered flip-flop clocked by CLK)
  Endpoint: DP_i_fetch_i_pc_i_Y_reg_5_
            (rising edge-triggered flip-flop clocked by CLK)
  Path Group: REG2REG
  Path Type: max

  Des/Clust/Port     Wire Load Model       Library
  ------------------------------------------------
  DLX                5K_hvratio_1_4        NangateOpenCellLibrary

  Point                                                   Incr       Path
  --------------------------------------------------------------------------
  clock CLK (rise edge)                                 0.0000     0.0000
  clock network delay (ideal)                           0.0500     0.0500
  DP_i_fetch_i_IR_out_reg_28_/CK (DFF_X1)               0.0000     0.0500 r
  DP_i_fetch_i_IR_out_reg_28_/Q (DFF_X1)                0.1020     0.1520 f
  U3191/Z (XOR2_X1)                                     0.0833     0.2352 f
  U3192/ZN (NAND2_X1)                                   0.0320     0.2672 r
  U3194/ZN (AND2_X1)                                    0.0472     0.3144 r
  U3394/ZN (AOI21_X1)                                   0.0334     0.3478 f
  U883/ZN (OR3_X1)                                      0.0751     0.4228 f
  U1963/ZN (NAND2_X1)                                   0.0469     0.4698 r
  U942/Z (BUF_X2)                                       0.0519     0.5217 r
  U3401/ZN (NAND2_X1)                                   0.0332     0.5549 f
  U1271/ZN (AND2_X2)                                    0.0453     0.6002 f
  U2087/Z (MUX2_X1)                                     0.0765     0.6767 r
  U3630/ZN (NAND2_X1)                                   0.0315     0.7082 f
  U1823/ZN (XNOR2_X1)                                   0.0552     0.7634 f
  U3636/ZN (AND2_X1)                                    0.0386     0.8021 f
  U3637/ZN (NAND2_X1)                                   0.0257     0.8278 r
  U3639/ZN (AND3_X1)                                    0.0500     0.8778 r
  U2115/ZN (OAI211_X1)                                  0.0550     0.9327 f
  U4565/ZN (NAND2_X1)                                   0.0406     0.9734 r
  U2104/ZN (AND2_X1)                                    0.0439     1.0173 r
  U4567/Z (MUX2_X1)                                     0.0785     1.0958 f
  U4570/ZN (NAND2_X1)                                   0.0332     1.1290 r
  U4792/ZN (XNOR2_X1)                                   0.0593     1.1883 r
  U1707/ZN (AND4_X1)                                    0.0693     1.2576 r
  U1729/ZN (NAND4_X1)                                   0.0464     1.3039 f
  U863/ZN (NAND4_X1)                                    0.0399     1.3438 r
  U11192/ZN (AND2_X2)                                   0.0531     1.3969 r
  U11173/ZN (NAND2_X4)                                  0.0883     1.4852 f
  U12991/ZN (OR2_X1)                                    0.0890     1.5742 f
  U11217/ZN (NAND4_X1)                                  0.0362     1.6104 r
  DP_i_fetch_i_pc_i_Y_reg_5_/D (DFF_X2)                 0.0109     1.6213 r
  data arrival time                                                1.6213

  clock CLK (rise edge)                                 1.1500     1.1500
  clock network delay (ideal)                           0.0500     1.2000
  clock uncertainty                                    -0.0500     1.1500
  DP_i_fetch_i_pc_i_Y_reg_5_/CK (DFF_X2)                0.0000     1.1500 r
  library setup time                                   -0.0275     1.1225
  data required time                                               1.1225
  --------------------------------------------------------------------------
  data required time                                               1.1225
  data arrival time                                               -1.6213
  --------------------------------------------------------------------------
  slack (VIOLATED)                                                -0.4988


  Startpoint: DP_i_fetch_i_IR_out_reg_28_
              (rising edge-triggered flip-flop clocked by CLK)
  Endpoint: DP_i_fetch_i_pc_i_Y_reg_3_
            (rising edge-triggered flip-flop clocked by CLK)
  Path Group: REG2REG
  Path Type: max

  Des/Clust/Port     Wire Load Model       Library
  ------------------------------------------------
  DLX                5K_hvratio_1_4        NangateOpenCellLibrary

  Point                                                   Incr       Path
  --------------------------------------------------------------------------
  clock CLK (rise edge)                                 0.0000     0.0000
  clock network delay (ideal)                           0.0500     0.0500
  DP_i_fetch_i_IR_out_reg_28_/CK (DFF_X1)               0.0000     0.0500 r
  DP_i_fetch_i_IR_out_reg_28_/Q (DFF_X1)                0.1020     0.1520 f
  U3191/Z (XOR2_X1)                                     0.0833     0.2352 f
  U3192/ZN (NAND2_X1)                                   0.0320     0.2672 r
  U3194/ZN (AND2_X1)                                    0.0472     0.3144 r
  U3394/ZN (AOI21_X1)                                   0.0334     0.3478 f
  U883/ZN (OR3_X1)                                      0.0751     0.4228 f
  U1963/ZN (NAND2_X1)                                   0.0469     0.4698 r
  U942/Z (BUF_X2)                                       0.0519     0.5217 r
  U3401/ZN (NAND2_X1)                                   0.0332     0.5549 f
  U1271/ZN (AND2_X2)                                    0.0453     0.6002 f
  U2087/Z (MUX2_X1)                                     0.0765     0.6767 r
  U3630/ZN (NAND2_X1)                                   0.0315     0.7082 f
  U1823/ZN (XNOR2_X1)                                   0.0552     0.7634 f
  U3636/ZN (AND2_X1)                                    0.0386     0.8021 f
  U3637/ZN (NAND2_X1)                                   0.0257     0.8278 r
  U3639/ZN (AND3_X1)                                    0.0500     0.8778 r
  U2115/ZN (OAI211_X1)                                  0.0550     0.9327 f
  U4565/ZN (NAND2_X1)                                   0.0406     0.9734 r
  U2104/ZN (AND2_X1)                                    0.0439     1.0173 r
  U4567/Z (MUX2_X1)                                     0.0785     1.0958 f
  U4570/ZN (NAND2_X1)                                   0.0332     1.1290 r
  U4792/ZN (XNOR2_X1)                                   0.0593     1.1883 r
  U1707/ZN (AND4_X1)                                    0.0693     1.2576 r
  U1729/ZN (NAND4_X1)                                   0.0464     1.3039 f
  U863/ZN (NAND4_X1)                                    0.0399     1.3438 r
  U11192/ZN (AND2_X2)                                   0.0531     1.3969 r
  U11173/ZN (NAND2_X4)                                  0.0883     1.4852 f
  U13001/ZN (OR2_X1)                                    0.0890     1.5742 f
  U11219/ZN (NAND4_X1)                                  0.0362     1.6104 r
  DP_i_fetch_i_pc_i_Y_reg_3_/D (DFF_X2)                 0.0109     1.6213 r
  data arrival time                                                1.6213

  clock CLK (rise edge)                                 1.1500     1.1500
  clock network delay (ideal)                           0.0500     1.2000
  clock uncertainty                                    -0.0500     1.1500
  DP_i_fetch_i_pc_i_Y_reg_3_/CK (DFF_X2)                0.0000     1.1500 r
  library setup time                                   -0.0275     1.1225
  data required time                                               1.1225
  --------------------------------------------------------------------------
  data required time                                               1.1225
  data arrival time                                               -1.6213
  --------------------------------------------------------------------------
  slack (VIOLATED)                                                -0.4988


  Startpoint: DP_i_fetch_i_IR_out_reg_28_
              (rising edge-triggered flip-flop clocked by CLK)
  Endpoint: DP_i_fetch_i_pc_i_Y_reg_1_
            (rising edge-triggered flip-flop clocked by CLK)
  Path Group: REG2REG
  Path Type: max

  Des/Clust/Port     Wire Load Model       Library
  ------------------------------------------------
  DLX                5K_hvratio_1_4        NangateOpenCellLibrary

  Point                                                   Incr       Path
  --------------------------------------------------------------------------
  clock CLK (rise edge)                                 0.0000     0.0000
  clock network delay (ideal)                           0.0500     0.0500
  DP_i_fetch_i_IR_out_reg_28_/CK (DFF_X1)               0.0000     0.0500 r
  DP_i_fetch_i_IR_out_reg_28_/Q (DFF_X1)                0.1020     0.1520 f
  U3191/Z (XOR2_X1)                                     0.0833     0.2352 f
  U3192/ZN (NAND2_X1)                                   0.0320     0.2672 r
  U3194/ZN (AND2_X1)                                    0.0472     0.3144 r
  U3394/ZN (AOI21_X1)                                   0.0334     0.3478 f
  U883/ZN (OR3_X1)                                      0.0751     0.4228 f
  U1963/ZN (NAND2_X1)                                   0.0469     0.4698 r
  U942/Z (BUF_X2)                                       0.0519     0.5217 r
  U3401/ZN (NAND2_X1)                                   0.0332     0.5549 f
  U1271/ZN (AND2_X2)                                    0.0453     0.6002 f
  U2087/Z (MUX2_X1)                                     0.0765     0.6767 r
  U3630/ZN (NAND2_X1)                                   0.0315     0.7082 f
  U1823/ZN (XNOR2_X1)                                   0.0552     0.7634 f
  U3636/ZN (AND2_X1)                                    0.0386     0.8021 f
  U3637/ZN (NAND2_X1)                                   0.0257     0.8278 r
  U3639/ZN (AND3_X1)                                    0.0500     0.8778 r
  U2115/ZN (OAI211_X1)                                  0.0550     0.9327 f
  U4565/ZN (NAND2_X1)                                   0.0406     0.9734 r
  U2104/ZN (AND2_X1)                                    0.0439     1.0173 r
  U4567/Z (MUX2_X1)                                     0.0785     1.0958 f
  U4570/ZN (NAND2_X1)                                   0.0332     1.1290 r
  U4792/ZN (XNOR2_X1)                                   0.0593     1.1883 r
  U1707/ZN (AND4_X1)                                    0.0693     1.2576 r
  U1729/ZN (NAND4_X1)                                   0.0464     1.3039 f
  U863/ZN (NAND4_X1)                                    0.0399     1.3438 r
  U11192/ZN (AND2_X2)                                   0.0531     1.3969 r
  U11173/ZN (NAND2_X4)                                  0.0883     1.4852 f
  U13012/ZN (OR2_X1)                                    0.0890     1.5742 f
  U11221/ZN (NAND4_X1)                                  0.0362     1.6104 r
  DP_i_fetch_i_pc_i_Y_reg_1_/D (DFF_X2)                 0.0109     1.6213 r
  data arrival time                                                1.6213

  clock CLK (rise edge)                                 1.1500     1.1500
  clock network delay (ideal)                           0.0500     1.2000
  clock uncertainty                                    -0.0500     1.1500
  DP_i_fetch_i_pc_i_Y_reg_1_/CK (DFF_X2)                0.0000     1.1500 r
  library setup time                                   -0.0275     1.1225
  data required time                                               1.1225
  --------------------------------------------------------------------------
  data required time                                               1.1225
  data arrival time                                               -1.6213
  --------------------------------------------------------------------------
  slack (VIOLATED)                                                -0.4988


  Startpoint: DP_i_fetch_i_IR_out_reg_28_
              (rising edge-triggered flip-flop clocked by CLK)
  Endpoint: DP_i_fetch_i_pc_i_Y_reg_6_
            (rising edge-triggered flip-flop clocked by CLK)
  Path Group: REG2REG
  Path Type: max

  Des/Clust/Port     Wire Load Model       Library
  ------------------------------------------------
  DLX                5K_hvratio_1_4        NangateOpenCellLibrary

  Point                                                   Incr       Path
  --------------------------------------------------------------------------
  clock CLK (rise edge)                                 0.0000     0.0000
  clock network delay (ideal)                           0.0500     0.0500
  DP_i_fetch_i_IR_out_reg_28_/CK (DFF_X1)               0.0000     0.0500 r
  DP_i_fetch_i_IR_out_reg_28_/Q (DFF_X1)                0.1020     0.1520 f
  U3191/Z (XOR2_X1)                                     0.0833     0.2352 f
  U3192/ZN (NAND2_X1)                                   0.0320     0.2672 r
  U3194/ZN (AND2_X1)                                    0.0472     0.3144 r
  U3394/ZN (AOI21_X1)                                   0.0334     0.3478 f
  U883/ZN (OR3_X1)                                      0.0751     0.4228 f
  U1963/ZN (NAND2_X1)                                   0.0469     0.4698 r
  U942/Z (BUF_X2)                                       0.0519     0.5217 r
  U3401/ZN (NAND2_X1)                                   0.0332     0.5549 f
  U1271/ZN (AND2_X2)                                    0.0453     0.6002 f
  U2087/Z (MUX2_X1)                                     0.0765     0.6767 r
  U3630/ZN (NAND2_X1)                                   0.0315     0.7082 f
  U1823/ZN (XNOR2_X1)                                   0.0552     0.7634 f
  U3636/ZN (AND2_X1)                                    0.0386     0.8021 f
  U3637/ZN (NAND2_X1)                                   0.0257     0.8278 r
  U3639/ZN (AND3_X1)                                    0.0500     0.8778 r
  U2115/ZN (OAI211_X1)                                  0.0550     0.9327 f
  U4565/ZN (NAND2_X1)                                   0.0406     0.9734 r
  U2104/ZN (AND2_X1)                                    0.0439     1.0173 r
  U4567/Z (MUX2_X1)                                     0.0785     1.0958 f
  U4570/ZN (NAND2_X1)                                   0.0332     1.1290 r
  U4792/ZN (XNOR2_X1)                                   0.0593     1.1883 r
  U1707/ZN (AND4_X1)                                    0.0693     1.2576 r
  U1729/ZN (NAND4_X1)                                   0.0464     1.3039 f
  U863/ZN (NAND4_X1)                                    0.0399     1.3438 r
  U11192/ZN (AND2_X2)                                   0.0531     1.3969 r
  U11173/ZN (NAND2_X4)                                  0.0883     1.4852 f
  U12986/ZN (OR2_X1)                                    0.0890     1.5742 f
  U11216/ZN (NAND4_X1)                                  0.0362     1.6104 r
  DP_i_fetch_i_pc_i_Y_reg_6_/D (DFF_X2)                 0.0109     1.6213 r
  data arrival time                                                1.6213

  clock CLK (rise edge)                                 1.1500     1.1500
  clock network delay (ideal)                           0.0500     1.2000
  clock uncertainty                                    -0.0500     1.1500
  DP_i_fetch_i_pc_i_Y_reg_6_/CK (DFF_X2)                0.0000     1.1500 r
  library setup time                                   -0.0275     1.1225
  data required time                                               1.1225
  --------------------------------------------------------------------------
  data required time                                               1.1225
  data arrival time                                               -1.6213
  --------------------------------------------------------------------------
  slack (VIOLATED)                                                -0.4988


  Startpoint: DP_i_fetch_i_IR_out_reg_28_
              (rising edge-triggered flip-flop clocked by CLK)
  Endpoint: DP_i_fetch_i_pc_i_Y_reg_10_
            (rising edge-triggered flip-flop clocked by CLK)
  Path Group: REG2REG
  Path Type: max

  Des/Clust/Port     Wire Load Model       Library
  ------------------------------------------------
  DLX                5K_hvratio_1_4        NangateOpenCellLibrary

  Point                                                   Incr       Path
  --------------------------------------------------------------------------
  clock CLK (rise edge)                                 0.0000     0.0000
  clock network delay (ideal)                           0.0500     0.0500
  DP_i_fetch_i_IR_out_reg_28_/CK (DFF_X1)               0.0000     0.0500 r
  DP_i_fetch_i_IR_out_reg_28_/Q (DFF_X1)                0.1020     0.1520 f
  U3191/Z (XOR2_X1)                                     0.0833     0.2352 f
  U3192/ZN (NAND2_X1)                                   0.0320     0.2672 r
  U3194/ZN (AND2_X1)                                    0.0472     0.3144 r
  U3394/ZN (AOI21_X1)                                   0.0334     0.3478 f
  U883/ZN (OR3_X1)                                      0.0751     0.4228 f
  U1963/ZN (NAND2_X1)                                   0.0469     0.4698 r
  U942/Z (BUF_X2)                                       0.0519     0.5217 r
  U3401/ZN (NAND2_X1)                                   0.0332     0.5549 f
  U1271/ZN (AND2_X2)                                    0.0453     0.6002 f
  U2087/Z (MUX2_X1)                                     0.0765     0.6767 r
  U3630/ZN (NAND2_X1)                                   0.0315     0.7082 f
  U1823/ZN (XNOR2_X1)                                   0.0552     0.7634 f
  U3636/ZN (AND2_X1)                                    0.0386     0.8021 f
  U3637/ZN (NAND2_X1)                                   0.0257     0.8278 r
  U3639/ZN (AND3_X1)                                    0.0500     0.8778 r
  U2115/ZN (OAI211_X1)                                  0.0550     0.9327 f
  U4565/ZN (NAND2_X1)                                   0.0406     0.9734 r
  U2104/ZN (AND2_X1)                                    0.0439     1.0173 r
  U4567/Z (MUX2_X1)                                     0.0785     1.0958 f
  U4570/ZN (NAND2_X1)                                   0.0332     1.1290 r
  U4792/ZN (XNOR2_X1)                                   0.0593     1.1883 r
  U1707/ZN (AND4_X1)                                    0.0693     1.2576 r
  U1729/ZN (NAND4_X1)                                   0.0464     1.3039 f
  U863/ZN (NAND4_X1)                                    0.0399     1.3438 r
  U11192/ZN (AND2_X2)                                   0.0531     1.3969 r
  U11173/ZN (NAND2_X4)                                  0.0883     1.4852 f
  U12966/ZN (OR2_X1)                                    0.0890     1.5742 f
  U11207/ZN (NAND4_X1)                                  0.0362     1.6104 r
  DP_i_fetch_i_pc_i_Y_reg_10_/D (DFF_X2)                0.0109     1.6213 r
  data arrival time                                                1.6213

  clock CLK (rise edge)                                 1.1500     1.1500
  clock network delay (ideal)                           0.0500     1.2000
  clock uncertainty                                    -0.0500     1.1500
  DP_i_fetch_i_pc_i_Y_reg_10_/CK (DFF_X2)               0.0000     1.1500 r
  library setup time                                   -0.0275     1.1225
  data required time                                               1.1225
  --------------------------------------------------------------------------
  data required time                                               1.1225
  data arrival time                                               -1.6213
  --------------------------------------------------------------------------
  slack (VIOLATED)                                                -0.4988


  Startpoint: DP_i_fetch_i_IR_out_reg_28_
              (rising edge-triggered flip-flop clocked by CLK)
  Endpoint: DP_i_fetch_i_pc_i_Y_reg_8_
            (rising edge-triggered flip-flop clocked by CLK)
  Path Group: REG2REG
  Path Type: max

  Des/Clust/Port     Wire Load Model       Library
  ------------------------------------------------
  DLX                5K_hvratio_1_4        NangateOpenCellLibrary

  Point                                                   Incr       Path
  --------------------------------------------------------------------------
  clock CLK (rise edge)                                 0.0000     0.0000
  clock network delay (ideal)                           0.0500     0.0500
  DP_i_fetch_i_IR_out_reg_28_/CK (DFF_X1)               0.0000     0.0500 r
  DP_i_fetch_i_IR_out_reg_28_/Q (DFF_X1)                0.1020     0.1520 f
  U3191/Z (XOR2_X1)                                     0.0833     0.2352 f
  U3192/ZN (NAND2_X1)                                   0.0320     0.2672 r
  U3194/ZN (AND2_X1)                                    0.0472     0.3144 r
  U3394/ZN (AOI21_X1)                                   0.0334     0.3478 f
  U883/ZN (OR3_X1)                                      0.0751     0.4228 f
  U1963/ZN (NAND2_X1)                                   0.0469     0.4698 r
  U942/Z (BUF_X2)                                       0.0519     0.5217 r
  U3401/ZN (NAND2_X1)                                   0.0332     0.5549 f
  U1271/ZN (AND2_X2)                                    0.0453     0.6002 f
  U2087/Z (MUX2_X1)                                     0.0765     0.6767 r
  U3630/ZN (NAND2_X1)                                   0.0315     0.7082 f
  U1823/ZN (XNOR2_X1)                                   0.0552     0.7634 f
  U3636/ZN (AND2_X1)                                    0.0386     0.8021 f
  U3637/ZN (NAND2_X1)                                   0.0257     0.8278 r
  U3639/ZN (AND3_X1)                                    0.0500     0.8778 r
  U2115/ZN (OAI211_X1)                                  0.0550     0.9327 f
  U4565/ZN (NAND2_X1)                                   0.0406     0.9734 r
  U2104/ZN (AND2_X1)                                    0.0439     1.0173 r
  U4567/Z (MUX2_X1)                                     0.0785     1.0958 f
  U4570/ZN (NAND2_X1)                                   0.0332     1.1290 r
  U4792/ZN (XNOR2_X1)                                   0.0593     1.1883 r
  U1707/ZN (AND4_X1)                                    0.0693     1.2576 r
  U1729/ZN (NAND4_X1)                                   0.0464     1.3039 f
  U863/ZN (NAND4_X1)                                    0.0399     1.3438 r
  U11192/ZN (AND2_X2)                                   0.0531     1.3969 r
  U11173/ZN (NAND2_X4)                                  0.0883     1.4852 f
  U12976/ZN (OR2_X1)                                    0.0890     1.5742 f
  U11214/ZN (NAND4_X1)                                  0.0362     1.6104 r
  DP_i_fetch_i_pc_i_Y_reg_8_/D (DFF_X2)                 0.0109     1.6213 r
  data arrival time                                                1.6213

  clock CLK (rise edge)                                 1.1500     1.1500
  clock network delay (ideal)                           0.0500     1.2000
  clock uncertainty                                    -0.0500     1.1500
  DP_i_fetch_i_pc_i_Y_reg_8_/CK (DFF_X2)                0.0000     1.1500 r
  library setup time                                   -0.0275     1.1225
  data required time                                               1.1225
  --------------------------------------------------------------------------
  data required time                                               1.1225
  data arrival time                                               -1.6213
  --------------------------------------------------------------------------
  slack (VIOLATED)                                                -0.4988


  Startpoint: DP_i_fetch_i_IR_out_reg_28_
              (rising edge-triggered flip-flop clocked by CLK)
  Endpoint: DP_i_fetch_i_pc_i_Y_reg_4_
            (rising edge-triggered flip-flop clocked by CLK)
  Path Group: REG2REG
  Path Type: max

  Des/Clust/Port     Wire Load Model       Library
  ------------------------------------------------
  DLX                5K_hvratio_1_4        NangateOpenCellLibrary

  Point                                                   Incr       Path
  --------------------------------------------------------------------------
  clock CLK (rise edge)                                 0.0000     0.0000
  clock network delay (ideal)                           0.0500     0.0500
  DP_i_fetch_i_IR_out_reg_28_/CK (DFF_X1)               0.0000     0.0500 r
  DP_i_fetch_i_IR_out_reg_28_/Q (DFF_X1)                0.1020     0.1520 f
  U3191/Z (XOR2_X1)                                     0.0833     0.2352 f
  U3192/ZN (NAND2_X1)                                   0.0320     0.2672 r
  U3194/ZN (AND2_X1)                                    0.0472     0.3144 r
  U3394/ZN (AOI21_X1)                                   0.0334     0.3478 f
  U883/ZN (OR3_X1)                                      0.0751     0.4228 f
  U1963/ZN (NAND2_X1)                                   0.0469     0.4698 r
  U942/Z (BUF_X2)                                       0.0519     0.5217 r
  U3401/ZN (NAND2_X1)                                   0.0332     0.5549 f
  U1271/ZN (AND2_X2)                                    0.0453     0.6002 f
  U2087/Z (MUX2_X1)                                     0.0765     0.6767 r
  U3630/ZN (NAND2_X1)                                   0.0315     0.7082 f
  U1823/ZN (XNOR2_X1)                                   0.0552     0.7634 f
  U3636/ZN (AND2_X1)                                    0.0386     0.8021 f
  U3637/ZN (NAND2_X1)                                   0.0257     0.8278 r
  U3639/ZN (AND3_X1)                                    0.0500     0.8778 r
  U2115/ZN (OAI211_X1)                                  0.0550     0.9327 f
  U4565/ZN (NAND2_X1)                                   0.0406     0.9734 r
  U2104/ZN (AND2_X1)                                    0.0439     1.0173 r
  U4567/Z (MUX2_X1)                                     0.0785     1.0958 f
  U4570/ZN (NAND2_X1)                                   0.0332     1.1290 r
  U4792/ZN (XNOR2_X1)                                   0.0593     1.1883 r
  U1707/ZN (AND4_X1)                                    0.0693     1.2576 r
  U1729/ZN (NAND4_X1)                                   0.0464     1.3039 f
  U863/ZN (NAND4_X1)                                    0.0399     1.3438 r
  U11192/ZN (AND2_X2)                                   0.0531     1.3969 r
  U11173/ZN (NAND2_X4)                                  0.0883     1.4852 f
  U12996/ZN (OR2_X1)                                    0.0890     1.5742 f
  U11218/ZN (NAND4_X1)                                  0.0362     1.6104 r
  DP_i_fetch_i_pc_i_Y_reg_4_/D (DFF_X2)                 0.0109     1.6213 r
  data arrival time                                                1.6213

  clock CLK (rise edge)                                 1.1500     1.1500
  clock network delay (ideal)                           0.0500     1.2000
  clock uncertainty                                    -0.0500     1.1500
  DP_i_fetch_i_pc_i_Y_reg_4_/CK (DFF_X2)                0.0000     1.1500 r
  library setup time                                   -0.0275     1.1225
  data required time                                               1.1225
  --------------------------------------------------------------------------
  data required time                                               1.1225
  data arrival time                                               -1.6213
  --------------------------------------------------------------------------
  slack (VIOLATED)                                                -0.4988


  Startpoint: DP_i_fetch_i_IR_out_reg_28_
              (rising edge-triggered flip-flop clocked by CLK)
  Endpoint: DP_i_fetch_i_pc_i_Y_reg_2_
            (rising edge-triggered flip-flop clocked by CLK)
  Path Group: REG2REG
  Path Type: max

  Des/Clust/Port     Wire Load Model       Library
  ------------------------------------------------
  DLX                5K_hvratio_1_4        NangateOpenCellLibrary

  Point                                                   Incr       Path
  --------------------------------------------------------------------------
  clock CLK (rise edge)                                 0.0000     0.0000
  clock network delay (ideal)                           0.0500     0.0500
  DP_i_fetch_i_IR_out_reg_28_/CK (DFF_X1)               0.0000     0.0500 r
  DP_i_fetch_i_IR_out_reg_28_/Q (DFF_X1)                0.1020     0.1520 f
  U3191/Z (XOR2_X1)                                     0.0833     0.2352 f
  U3192/ZN (NAND2_X1)                                   0.0320     0.2672 r
  U3194/ZN (AND2_X1)                                    0.0472     0.3144 r
  U3394/ZN (AOI21_X1)                                   0.0334     0.3478 f
  U883/ZN (OR3_X1)                                      0.0751     0.4228 f
  U1963/ZN (NAND2_X1)                                   0.0469     0.4698 r
  U942/Z (BUF_X2)                                       0.0519     0.5217 r
  U3401/ZN (NAND2_X1)                                   0.0332     0.5549 f
  U1271/ZN (AND2_X2)                                    0.0453     0.6002 f
  U2087/Z (MUX2_X1)                                     0.0765     0.6767 r
  U3630/ZN (NAND2_X1)                                   0.0315     0.7082 f
  U1823/ZN (XNOR2_X1)                                   0.0552     0.7634 f
  U3636/ZN (AND2_X1)                                    0.0386     0.8021 f
  U3637/ZN (NAND2_X1)                                   0.0257     0.8278 r
  U3639/ZN (AND3_X1)                                    0.0500     0.8778 r
  U2115/ZN (OAI211_X1)                                  0.0550     0.9327 f
  U4565/ZN (NAND2_X1)                                   0.0406     0.9734 r
  U2104/ZN (AND2_X1)                                    0.0439     1.0173 r
  U4567/Z (MUX2_X1)                                     0.0785     1.0958 f
  U4570/ZN (NAND2_X1)                                   0.0332     1.1290 r
  U4792/ZN (XNOR2_X1)                                   0.0593     1.1883 r
  U1707/ZN (AND4_X1)                                    0.0693     1.2576 r
  U1729/ZN (NAND4_X1)                                   0.0464     1.3039 f
  U863/ZN (NAND4_X1)                                    0.0399     1.3438 r
  U11192/ZN (AND2_X2)                                   0.0531     1.3969 r
  U11173/ZN (NAND2_X4)                                  0.0883     1.4852 f
  U13006/ZN (OR2_X1)                                    0.0890     1.5742 f
  U11220/ZN (NAND4_X1)                                  0.0362     1.6104 r
  DP_i_fetch_i_pc_i_Y_reg_2_/D (DFF_X2)                 0.0109     1.6213 r
  data arrival time                                                1.6213

  clock CLK (rise edge)                                 1.1500     1.1500
  clock network delay (ideal)                           0.0500     1.2000
  clock uncertainty                                    -0.0500     1.1500
  DP_i_fetch_i_pc_i_Y_reg_2_/CK (DFF_X2)                0.0000     1.1500 r
  library setup time                                   -0.0275     1.1225
  data required time                                               1.1225
  --------------------------------------------------------------------------
  data required time                                               1.1225
  data arrival time                                               -1.6213
  --------------------------------------------------------------------------
  slack (VIOLATED)                                                -0.4988


1
