 
****************************************
Report : qor
Design : DLX
Version: W-2024.09-SP2
Date   : Sun Sep 27 03:07:00 2026
****************************************


  Timing Path Group 'REG2REG'
  -----------------------------------
  Levels of Logic:              30.00
  Critical Path Length:          1.48
  Critical Path Slack:          -0.26
  Critical Path Clk Period:      1.30
  Total Negative Slack:        -59.26
  No. of Violating Paths:      456.00
  Worst Hold Violation:          0.00
  Total Hold Violation:          0.00
  No. of Hold Violations:        0.00
  -----------------------------------

  Timing Path Group 'CLK'
  -----------------------------------
  Levels of Logic:              24.00
  Critical Path Length:          1.30
  Critical Path Slack:          -0.12
  Critical Path Clk Period:      1.30
  Total Negative Slack:         -3.42
  No. of Violating Paths:       35.00
  Worst Hold Violation:          0.00
  Total Hold Violation:          0.00
  No. of Hold Violations:        0.00
  -----------------------------------

  Timing Path Group 'INPUTS'
  -----------------------------------
  Levels of Logic:               8.00
  Critical Path Length:          1.01
  Critical Path Slack:           0.08
  Critical Path Clk Period:      1.30
  Total Negative Slack:          0.00
  No. of Violating Paths:        0.00
  Worst Hold Violation:          0.00
  Total Hold Violation:          0.00
  No. of Hold Violations:        0.00
  -----------------------------------

  Timing Path Group 'OUTPUTS'
  -----------------------------------
  Levels of Logic:              21.00
  Critical Path Length:          1.13
  Critical Path Slack:          -0.01
  Critical Path Clk Period:      1.30
  Total Negative Slack:         -0.01
  No. of Violating Paths:        1.00
  Worst Hold Violation:          0.00
  Total Hold Violation:          0.00
  No. of Hold Violations:        0.00
  -----------------------------------


  Cell Count
  -----------------------------------
  Hierarchical Cell Count:         72
  Hierarchical Port Count:        288
  Leaf Cell Count:              16439
  Buf/Inv Cell Count:            1642
  Buf Cell Count:                 276
  Inv Cell Count:                1366
  CT Buf/Inv Cell Count:            0
  Combinational Cell Count:     13627
  Sequential Cell Count:         2812
  Macro Count:                      0
  -----------------------------------


  Area
  -----------------------------------
  Combinational Area:    14498.595944
  Noncombinational Area: 12787.151557
  Buf/Inv Area:           1066.394006
  Total Buffer Area:           330.64
  Total Inverter Area:         735.76
  Macro/Black Box Area:      0.000000
  Net Area:                  0.000000
  -----------------------------------
  Cell Area:             27285.747501
  Design Area:           27285.747501


  Design Rules
  -----------------------------------
  Total Number of Nets:         16844
  Nets With Violations:             2
  Max Trans Violations:             2
  Max Cap Violations:               2
  -----------------------------------


  Hostname: microsys.openstack.polito

  Compile CPU Statistics
  -----------------------------------------
  Resource Sharing:                    0.01
  Logic Optimization:                  0.69
  Mapping Optimization:               24.21
  -----------------------------------------
  Overall Compile Time:               46.76
  Overall Compile Wall Clock Time:    47.39

  --------------------------------------------------------------------

  Design  WNS: 0.26  TNS: 62.69  Number of Violating Paths: 492


  Design (Hold)  WNS: 0.00  TNS: 0.00  Number of Violating Paths: 0

  --------------------------------------------------------------------


1
