 
****************************************
Report : qor
Design : DLX
Version: W-2024.09-SP2
Date   : Sun Sep 27 03:16:23 2026
****************************************


  Timing Path Group 'REG2REG'
  -----------------------------------
  Levels of Logic:              29.00
  Critical Path Length:          1.54
  Critical Path Slack:          -0.12
  Critical Path Clk Period:      1.50
  Total Negative Slack:        -19.57
  No. of Violating Paths:      223.00
  Worst Hold Violation:          0.00
  Total Hold Violation:          0.00
  No. of Hold Violations:        0.00
  -----------------------------------

  Timing Path Group 'CLK'
  -----------------------------------
  Levels of Logic:              27.00
  Critical Path Length:          1.37
  Critical Path Slack:           0.00
  Critical Path Clk Period:      1.50
  Total Negative Slack:          0.00
  No. of Violating Paths:        0.00
  Worst Hold Violation:          0.00
  Total Hold Violation:          0.00
  No. of Hold Violations:        0.00
  -----------------------------------

  Timing Path Group 'INPUTS'
  -----------------------------------
  Levels of Logic:              14.00
  Critical Path Length:          0.98
  Critical Path Slack:           0.30
  Critical Path Clk Period:      1.50
  Total Negative Slack:          0.00
  No. of Violating Paths:        0.00
  Worst Hold Violation:          0.00
  Total Hold Violation:          0.00
  No. of Hold Violations:        0.00
  -----------------------------------

  Timing Path Group 'OUTPUTS'
  -----------------------------------
  Levels of Logic:              21.00
  Critical Path Length:          1.20
  Critical Path Slack:           0.10
  Critical Path Clk Period:      1.50
  Total Negative Slack:          0.00
  No. of Violating Paths:        0.00
  Worst Hold Violation:          0.00
  Total Hold Violation:          0.00
  No. of Hold Violations:        0.00
  -----------------------------------


  Cell Count
  -----------------------------------
  Hierarchical Cell Count:         72
  Hierarchical Port Count:        288
  Leaf Cell Count:              15918
  Buf/Inv Cell Count:            1530
  Buf Cell Count:                 296
  Inv Cell Count:                1234
  CT Buf/Inv Cell Count:            0
  Combinational Cell Count:     13106
  Sequential Cell Count:         2812
  Macro Count:                      0
  -----------------------------------


  Area
  -----------------------------------
  Combinational Area:    14068.473966
  Noncombinational Area: 12781.831556
  Buf/Inv Area:            976.752003
  Total Buffer Area:           306.96
  Total Inverter Area:         669.79
  Macro/Black Box Area:      0.000000
  Net Area:                  0.000000
  -----------------------------------
  Cell Area:             26850.305523
  Design Area:           26850.305523


  Design Rules
  -----------------------------------
  Total Number of Nets:         16192
  Nets With Violations:             6
  Max Trans Violations:             2
  Max Cap Violations:               6
  -----------------------------------


  Hostname: microsys.openstack.polito

  Compile CPU Statistics
  -----------------------------------------
  Resource Sharing:                    0.01
  Logic Optimization:                  0.60
  Mapping Optimization:               20.58
  -----------------------------------------
  Overall Compile Time:               37.11
  Overall Compile Wall Clock Time:    37.71

  --------------------------------------------------------------------

  Design  WNS: 0.12  TNS: 19.57  Number of Violating Paths: 223


  Design (Hold)  WNS: 0.00  TNS: 0.00  Number of Violating Paths: 0

  --------------------------------------------------------------------


1
