 
****************************************
Report : qor
Design : DLX
Version: W-2024.09-SP2
Date   : Tue Sep 29 11:59:41 2026
****************************************


  Timing Path Group 'REG2REG'
  -----------------------------------
  Levels of Logic:              21.00
  Critical Path Length:          1.49
  Critical Path Slack:          -0.52
  Critical Path Clk Period:      1.05
  Total Negative Slack:       -227.14
  No. of Violating Paths:      889.00
  Worst Hold Violation:          0.00
  Total Hold Violation:          0.00
  No. of Hold Violations:        0.00
  -----------------------------------

  Timing Path Group 'CLK'
  -----------------------------------
  Levels of Logic:              25.00
  Critical Path Length:          1.32
  Critical Path Slack:          -0.38
  Critical Path Clk Period:      1.05
  Total Negative Slack:        -11.70
  No. of Violating Paths:       35.00
  Worst Hold Violation:          0.00
  Total Hold Violation:          0.00
  No. of Hold Violations:        0.00
  -----------------------------------

  Timing Path Group 'INPUTS'
  -----------------------------------
  Levels of Logic:              13.00
  Critical Path Length:          0.82
  Critical Path Slack:           0.05
  Critical Path Clk Period:      1.05
  Total Negative Slack:          0.00
  No. of Violating Paths:        0.00
  Worst Hold Violation:          0.00
  Total Hold Violation:          0.00
  No. of Hold Violations:        0.00
  -----------------------------------

  Timing Path Group 'OUTPUTS'
  -----------------------------------
  Levels of Logic:              16.00
  Critical Path Length:          0.90
  Critical Path Slack:          -0.01
  Critical Path Clk Period:      1.05
  Total Negative Slack:         -0.01
  No. of Violating Paths:        1.00
  Worst Hold Violation:          0.00
  Total Hold Violation:          0.00
  No. of Hold Violations:        0.00
  -----------------------------------


  Cell Count
  -----------------------------------
  Hierarchical Cell Count:         72
  Hierarchical Port Count:        288
  Leaf Cell Count:              15916
  Buf/Inv Cell Count:            1628
  Buf Cell Count:                 299
  Inv Cell Count:                1329
  CT Buf/Inv Cell Count:            0
  Combinational Cell Count:     13104
  Sequential Cell Count:         2812
  Macro Count:                      0
  -----------------------------------


  Area
  -----------------------------------
  Combinational Area:    14392.993966
  Noncombinational Area: 12875.995568
  Buf/Inv Area:           1064.532004
  Total Buffer Area:           345.27
  Total Inverter Area:         719.26
  Macro/Black Box Area:      0.000000
  Net Area:                  0.000000
  -----------------------------------
  Cell Area:             27268.989533
  Design Area:           27268.989533


  Design Rules
  -----------------------------------
  Total Number of Nets:         16324
  Nets With Violations:             0
  Max Trans Violations:             0
  Max Cap Violations:               0
  -----------------------------------


  Hostname: microsys.openstack.polito

  Compile CPU Statistics
  -----------------------------------------
  Resource Sharing:                    0.01
  Logic Optimization:                  0.75
  Mapping Optimization:               46.46
  -----------------------------------------
  Overall Compile Time:               65.58
  Overall Compile Wall Clock Time:    66.38

  --------------------------------------------------------------------

  Design  WNS: 0.52  TNS: 238.85  Number of Violating Paths: 925


  Design (Hold)  WNS: 0.00  TNS: 0.00  Number of Violating Paths: 0

  --------------------------------------------------------------------


1
