 
****************************************
Report : qor
Design : DLX
Version: W-2024.09-SP2
Date   : Sun Sep 27 03:25:12 2026
****************************************


  Timing Path Group 'REG2REG'
  -----------------------------------
  Levels of Logic:              28.00
  Critical Path Length:          1.62
  Critical Path Slack:           0.00
  Critical Path Clk Period:      1.70
  Total Negative Slack:          0.00
  No. of Violating Paths:        0.00
  Worst Hold Violation:          0.00
  Total Hold Violation:          0.00
  No. of Hold Violations:        0.00
  -----------------------------------

  Timing Path Group 'CLK'
  -----------------------------------
  Levels of Logic:              27.00
  Critical Path Length:          1.49
  Critical Path Slack:           0.09
  Critical Path Clk Period:      1.70
  Total Negative Slack:          0.00
  No. of Violating Paths:        0.00
  Worst Hold Violation:          0.00
  Total Hold Violation:          0.00
  No. of Hold Violations:        0.00
  -----------------------------------

  Timing Path Group 'INPUTS'
  -----------------------------------
  Levels of Logic:              10.00
  Critical Path Length:          0.99
  Critical Path Slack:           0.46
  Critical Path Clk Period:      1.70
  Total Negative Slack:          0.00
  No. of Violating Paths:        0.00
  Worst Hold Violation:          0.00
  Total Hold Violation:          0.00
  No. of Hold Violations:        0.00
  -----------------------------------

  Timing Path Group 'OUTPUTS'
  -----------------------------------
  Levels of Logic:              22.00
  Critical Path Length:          1.36
  Critical Path Slack:           0.12
  Critical Path Clk Period:      1.70
  Total Negative Slack:          0.00
  No. of Violating Paths:        0.00
  Worst Hold Violation:          0.00
  Total Hold Violation:          0.00
  No. of Hold Violations:        0.00
  -----------------------------------


  Cell Count
  -----------------------------------
  Hierarchical Cell Count:         72
  Hierarchical Port Count:        288
  Leaf Cell Count:              14713
  Buf/Inv Cell Count:            1483
  Buf Cell Count:                 224
  Inv Cell Count:                1259
  CT Buf/Inv Cell Count:            0
  Combinational Cell Count:     11901
  Sequential Cell Count:         2812
  Macro Count:                      0
  -----------------------------------


  Area
  -----------------------------------
  Combinational Area:    12861.632022
  Noncombinational Area: 12761.615554
  Buf/Inv Area:            880.726002
  Total Buffer Area:           195.78
  Total Inverter Area:         684.95
  Macro/Black Box Area:      0.000000
  Net Area:                  0.000000
  -----------------------------------
  Cell Area:             25623.247576
  Design Area:           25623.247576


  Design Rules
  -----------------------------------
  Total Number of Nets:         14983
  Nets With Violations:             7
  Max Trans Violations:             2
  Max Cap Violations:               7
  -----------------------------------


  Hostname: microsys.openstack.polito

  Compile CPU Statistics
  -----------------------------------------
  Resource Sharing:                    0.01
  Logic Optimization:                  0.58
  Mapping Optimization:               11.82
  -----------------------------------------
  Overall Compile Time:               22.55
  Overall Compile Wall Clock Time:    22.96

  --------------------------------------------------------------------

  Design  WNS: 0.00  TNS: 0.00  Number of Violating Paths: 0


  Design (Hold)  WNS: 0.00  TNS: 0.00  Number of Violating Paths: 0

  --------------------------------------------------------------------


1
