 
****************************************
Report : qor
Design : DLX
Version: W-2024.09-SP2
Date   : Tue Sep 29 12:14:44 2026
****************************************


  Timing Path Group 'REG2REG'
  -----------------------------------
  Levels of Logic:              26.00
  Critical Path Length:          1.53
  Critical Path Slack:          -0.26
  Critical Path Clk Period:      1.35
  Total Negative Slack:        -57.86
  No. of Violating Paths:      346.00
  Worst Hold Violation:          0.00
  Total Hold Violation:          0.00
  No. of Hold Violations:        0.00
  -----------------------------------

  Timing Path Group 'CLK'
  -----------------------------------
  Levels of Logic:              28.00
  Critical Path Length:          1.38
  Critical Path Slack:          -0.15
  Critical Path Clk Period:      1.35
  Total Negative Slack:         -4.62
  No. of Violating Paths:       35.00
  Worst Hold Violation:          0.00
  Total Hold Violation:          0.00
  No. of Hold Violations:        0.00
  -----------------------------------

  Timing Path Group 'INPUTS'
  -----------------------------------
  Levels of Logic:              13.00
  Critical Path Length:          0.83
  Critical Path Slack:           0.31
  Critical Path Clk Period:      1.35
  Total Negative Slack:          0.00
  No. of Violating Paths:        0.00
  Worst Hold Violation:          0.00
  Total Hold Violation:          0.00
  No. of Hold Violations:        0.00
  -----------------------------------

  Timing Path Group 'OUTPUTS'
  -----------------------------------
  Levels of Logic:              25.00
  Critical Path Length:          1.19
  Critical Path Slack:          -0.02
  Critical Path Clk Period:      1.35
  Total Negative Slack:         -0.02
  No. of Violating Paths:        1.00
  Worst Hold Violation:          0.00
  Total Hold Violation:          0.00
  No. of Hold Violations:        0.00
  -----------------------------------


  Cell Count
  -----------------------------------
  Hierarchical Cell Count:         72
  Hierarchical Port Count:        288
  Leaf Cell Count:              15861
  Buf/Inv Cell Count:            1526
  Buf Cell Count:                 237
  Inv Cell Count:                1289
  CT Buf/Inv Cell Count:            0
  Combinational Cell Count:     13049
  Sequential Cell Count:         2812
  Macro Count:                      0
  -----------------------------------


  Area
  -----------------------------------
  Combinational Area:    14159.711972
  Noncombinational Area: 12805.239559
  Buf/Inv Area:            956.536005
  Total Buffer Area:           261.74
  Total Inverter Area:         694.79
  Macro/Black Box Area:      0.000000
  Net Area:                  0.000000
  -----------------------------------
  Cell Area:             26964.951531
  Design Area:           26964.951531


  Design Rules
  -----------------------------------
  Total Number of Nets:         16182
  Nets With Violations:             6
  Max Trans Violations:             0
  Max Cap Violations:               6
  -----------------------------------


  Hostname: microsys.openstack.polito

  Compile CPU Statistics
  -----------------------------------------
  Resource Sharing:                    0.01
  Logic Optimization:                  0.61
  Mapping Optimization:               39.06
  -----------------------------------------
  Overall Compile Time:               55.41
  Overall Compile Wall Clock Time:    56.10

  --------------------------------------------------------------------

  Design  WNS: 0.26  TNS: 62.51  Number of Violating Paths: 382


  Design (Hold)  WNS: 0.00  TNS: 0.00  Number of Violating Paths: 0

  --------------------------------------------------------------------


1
