 
****************************************
Report : qor
Design : DLX
Version: W-2024.09-SP2
Date   : Sun Sep 27 03:38:47 2026
****************************************


  Timing Path Group 'REG2REG'
  -----------------------------------
  Levels of Logic:              52.00
  Critical Path Length:          2.91
  Critical Path Slack:           0.00
  Critical Path Clk Period:      3.00
  Total Negative Slack:          0.00
  No. of Violating Paths:        0.00
  Worst Hold Violation:          0.00
  Total Hold Violation:          0.00
  No. of Hold Violations:        0.00
  -----------------------------------

  Timing Path Group 'CLK'
  -----------------------------------
  Levels of Logic:              37.00
  Critical Path Length:          2.84
  Critical Path Slack:           0.04
  Critical Path Clk Period:      3.00
  Total Negative Slack:          0.00
  No. of Violating Paths:        0.00
  Worst Hold Violation:          0.00
  Total Hold Violation:          0.00
  No. of Hold Violations:        0.00
  -----------------------------------

  Timing Path Group 'INPUTS'
  -----------------------------------
  Levels of Logic:               8.00
  Critical Path Length:          0.92
  Critical Path Slack:           1.70
  Critical Path Clk Period:      3.00
  Total Negative Slack:          0.00
  No. of Violating Paths:        0.00
  Worst Hold Violation:          0.00
  Total Hold Violation:          0.00
  No. of Hold Violations:        0.00
  -----------------------------------

  Timing Path Group 'OUTPUTS'
  -----------------------------------
  Levels of Logic:              29.00
  Critical Path Length:          2.36
  Critical Path Slack:           0.29
  Critical Path Clk Period:      3.00
  Total Negative Slack:          0.00
  No. of Violating Paths:        0.00
  Worst Hold Violation:          0.00
  Total Hold Violation:          0.00
  No. of Hold Violations:        0.00
  -----------------------------------


  Cell Count
  -----------------------------------
  Hierarchical Cell Count:         73
  Hierarchical Port Count:        553
  Leaf Cell Count:              11400
  Buf/Inv Cell Count:             994
  Buf Cell Count:                 165
  Inv Cell Count:                 829
  CT Buf/Inv Cell Count:            0
  Combinational Cell Count:      8588
  Sequential Cell Count:         2812
  Macro Count:                      0
  -----------------------------------


  Area
  -----------------------------------
  Combinational Area:    10304.840111
  Noncombinational Area: 12746.187552
  Buf/Inv Area:            592.382001
  Total Buffer Area:           138.85
  Total Inverter Area:         453.53
  Macro/Black Box Area:      0.000000
  Net Area:                  0.000000
  -----------------------------------
  Cell Area:             23051.027663
  Design Area:           23051.027663


  Design Rules
  -----------------------------------
  Total Number of Nets:         11637
  Nets With Violations:             8
  Max Trans Violations:             2
  Max Cap Violations:               8
  -----------------------------------


  Hostname: microsys.openstack.polito

  Compile CPU Statistics
  -----------------------------------------
  Resource Sharing:                    0.01
  Logic Optimization:                  0.48
  Mapping Optimization:                5.81
  -----------------------------------------
  Overall Compile Time:               15.44
  Overall Compile Wall Clock Time:    15.86

  --------------------------------------------------------------------

  Design  WNS: 0.00  TNS: 0.00  Number of Violating Paths: 0


  Design (Hold)  WNS: 0.00  TNS: 0.00  Number of Violating Paths: 0

  --------------------------------------------------------------------


1
