 
****************************************
Report : timing
        -path full
        -delay max
        -nworst 2
        -group REG2REG
        -max_paths 10
Design : DLX
Version: W-2024.09-SP2
Date   : Tue Sep 29 12:24:17 2026
****************************************

Operating Conditions: typical   Library: NangateOpenCellLibrary
Wire Load Model Mode: top

  Startpoint: DP_i_fetch_i_IR_out_reg_21_
              (rising edge-triggered flip-flop clocked by CLK)
  Endpoint: CP_i_hazard_unit_i_G_scoreboard_reg_10__0_
            (rising edge-triggered flip-flop clocked by CLK)
  Path Group: REG2REG
  Path Type: max

  Des/Clust/Port     Wire Load Model       Library
  ------------------------------------------------
  DLX                5K_hvratio_1_4        NangateOpenCellLibrary

  Point                                                   Incr       Path
  --------------------------------------------------------------------------
  clock CLK (rise edge)                                 0.0000     0.0000
  clock network delay (ideal)                           0.0500     0.0500
  DP_i_fetch_i_IR_out_reg_21_/CK (DFF_X1)               0.0000     0.0500 r
  DP_i_fetch_i_IR_out_reg_21_/Q (DFF_X1)                0.1040     0.1540 r
  U2872/Z (XOR2_X1)                                     0.0660     0.2200 r
  U4310/ZN (AND2_X1)                                    0.0497     0.2697 r
  U1589/ZN (AND4_X2)                                    0.0682     0.3379 r
  U2749/ZN (NOR2_X2)                                    0.0495     0.3874 f
  U4328/ZN (AND2_X1)                                    0.0628     0.4503 f
  U2868/ZN (NAND2_X1)                                   0.0333     0.4836 r
  U2067/ZN (AND4_X1)                                    0.0597     0.5433 r
  U5176/ZN (AND4_X2)                                    0.0667     0.6099 r
  U5130/ZN (AND4_X1)                                    0.0661     0.6760 r
  U3345/ZN (OAI211_X1)                                  0.0344     0.7104 f
  U1548/ZN (OAI21_X1)                                   0.0506     0.7610 r
  U850/ZN (AND2_X2)                                     0.0552     0.8162 r
  U3542/ZN (AND2_X2)                                    0.0651     0.8812 r
  U3514/ZN (NAND2_X1)                                   0.0479     0.9291 f
  U7521/ZN (NAND4_X1)                                   0.0325     0.9615 r
  U7522/ZN (OAI21_X1)                                   0.0350     0.9965 f
  U7528/ZN (OAI221_X1)                                  0.0714     1.0679 r
  U6161/ZN (OAI21_X1)                                   0.0427     1.1107 f
  U1030/ZN (OAI211_X1)                                  0.0522     1.1628 r
  U3525/ZN (NAND2_X1)                                   0.0423     1.2051 f
  U5944/ZN (OR2_X1)                                     0.0673     1.2725 f
  U2657/ZN (NAND2_X1)                                   0.0314     1.3039 r
  U2656/ZN (INV_X1)                                     0.0337     1.3375 f
  U3344/ZN (NAND2_X4)                                   0.1099     1.4475 r
  U478/ZN (OAI22_X1)                                    0.0693     1.5167 f
  U52/Z (MUX2_X1)                                       0.0683     1.5851 f
  CP_i_hazard_unit_i_G_scoreboard_reg_10__0_/D (DFF_X1)
                                                        0.0104     1.5955 f
  data arrival time                                                1.5955

  clock CLK (rise edge)                                 1.5500     1.5500
  clock network delay (ideal)                           0.0500     1.6000
  clock uncertainty                                    -0.0500     1.5500
  CP_i_hazard_unit_i_G_scoreboard_reg_10__0_/CK (DFF_X1)
                                                        0.0000     1.5500 r
  library setup time                                   -0.0255     1.5245
  data required time                                               1.5245
  --------------------------------------------------------------------------
  data required time                                               1.5245
  data arrival time                                               -1.5955
  --------------------------------------------------------------------------
  slack (VIOLATED)                                                -0.0710


  Startpoint: DP_i_fetch_i_IR_out_reg_21_
              (rising edge-triggered flip-flop clocked by CLK)
  Endpoint: CP_i_hazard_unit_i_G_scoreboard_reg_9__0_
            (rising edge-triggered flip-flop clocked by CLK)
  Path Group: REG2REG
  Path Type: max

  Des/Clust/Port     Wire Load Model       Library
  ------------------------------------------------
  DLX                5K_hvratio_1_4        NangateOpenCellLibrary

  Point                                                   Incr       Path
  --------------------------------------------------------------------------
  clock CLK (rise edge)                                 0.0000     0.0000
  clock network delay (ideal)                           0.0500     0.0500
  DP_i_fetch_i_IR_out_reg_21_/CK (DFF_X1)               0.0000     0.0500 r
  DP_i_fetch_i_IR_out_reg_21_/Q (DFF_X1)                0.1040     0.1540 r
  U2872/Z (XOR2_X1)                                     0.0660     0.2200 r
  U4310/ZN (AND2_X1)                                    0.0497     0.2697 r
  U1589/ZN (AND4_X2)                                    0.0682     0.3379 r
  U2749/ZN (NOR2_X2)                                    0.0495     0.3874 f
  U4328/ZN (AND2_X1)                                    0.0628     0.4503 f
  U2868/ZN (NAND2_X1)                                   0.0333     0.4836 r
  U2067/ZN (AND4_X1)                                    0.0597     0.5433 r
  U5176/ZN (AND4_X2)                                    0.0667     0.6099 r
  U5130/ZN (AND4_X1)                                    0.0661     0.6760 r
  U3345/ZN (OAI211_X1)                                  0.0344     0.7104 f
  U1548/ZN (OAI21_X1)                                   0.0506     0.7610 r
  U850/ZN (AND2_X2)                                     0.0552     0.8162 r
  U3542/ZN (AND2_X2)                                    0.0651     0.8812 r
  U3514/ZN (NAND2_X1)                                   0.0479     0.9291 f
  U7521/ZN (NAND4_X1)                                   0.0325     0.9615 r
  U7522/ZN (OAI21_X1)                                   0.0350     0.9965 f
  U7528/ZN (OAI221_X1)                                  0.0714     1.0679 r
  U6161/ZN (OAI21_X1)                                   0.0427     1.1107 f
  U1030/ZN (OAI211_X1)                                  0.0522     1.1628 r
  U3525/ZN (NAND2_X1)                                   0.0423     1.2051 f
  U5944/ZN (OR2_X1)                                     0.0673     1.2725 f
  U2657/ZN (NAND2_X1)                                   0.0314     1.3039 r
  U2656/ZN (INV_X1)                                     0.0337     1.3375 f
  U3344/ZN (NAND2_X4)                                   0.1099     1.4475 r
  U472/ZN (OAI22_X1)                                    0.0693     1.5167 f
  U54/Z (MUX2_X1)                                       0.0683     1.5851 f
  CP_i_hazard_unit_i_G_scoreboard_reg_9__0_/D (DFF_X1)
                                                        0.0104     1.5955 f
  data arrival time                                                1.5955

  clock CLK (rise edge)                                 1.5500     1.5500
  clock network delay (ideal)                           0.0500     1.6000
  clock uncertainty                                    -0.0500     1.5500
  CP_i_hazard_unit_i_G_scoreboard_reg_9__0_/CK (DFF_X1)
                                                        0.0000     1.5500 r
  library setup time                                   -0.0255     1.5245
  data required time                                               1.5245
  --------------------------------------------------------------------------
  data required time                                               1.5245
  data arrival time                                               -1.5955
  --------------------------------------------------------------------------
  slack (VIOLATED)                                                -0.0710


  Startpoint: DP_i_fetch_i_IR_out_reg_21_
              (rising edge-triggered flip-flop clocked by CLK)
  Endpoint: CP_i_hazard_unit_i_G_scoreboard_reg_8__0_
            (rising edge-triggered flip-flop clocked by CLK)
  Path Group: REG2REG
  Path Type: max

  Des/Clust/Port     Wire Load Model       Library
  ------------------------------------------------
  DLX                5K_hvratio_1_4        NangateOpenCellLibrary

  Point                                                   Incr       Path
  --------------------------------------------------------------------------
  clock CLK (rise edge)                                 0.0000     0.0000
  clock network delay (ideal)                           0.0500     0.0500
  DP_i_fetch_i_IR_out_reg_21_/CK (DFF_X1)               0.0000     0.0500 r
  DP_i_fetch_i_IR_out_reg_21_/Q (DFF_X1)                0.1040     0.1540 r
  U2872/Z (XOR2_X1)                                     0.0660     0.2200 r
  U4310/ZN (AND2_X1)                                    0.0497     0.2697 r
  U1589/ZN (AND4_X2)                                    0.0682     0.3379 r
  U2749/ZN (NOR2_X2)                                    0.0495     0.3874 f
  U4328/ZN (AND2_X1)                                    0.0628     0.4503 f
  U2868/ZN (NAND2_X1)                                   0.0333     0.4836 r
  U2067/ZN (AND4_X1)                                    0.0597     0.5433 r
  U5176/ZN (AND4_X2)                                    0.0667     0.6099 r
  U5130/ZN (AND4_X1)                                    0.0661     0.6760 r
  U3345/ZN (OAI211_X1)                                  0.0344     0.7104 f
  U1548/ZN (OAI21_X1)                                   0.0506     0.7610 r
  U850/ZN (AND2_X2)                                     0.0552     0.8162 r
  U3542/ZN (AND2_X2)                                    0.0651     0.8812 r
  U3514/ZN (NAND2_X1)                                   0.0479     0.9291 f
  U7521/ZN (NAND4_X1)                                   0.0325     0.9615 r
  U7522/ZN (OAI21_X1)                                   0.0350     0.9965 f
  U7528/ZN (OAI221_X1)                                  0.0714     1.0679 r
  U6161/ZN (OAI21_X1)                                   0.0427     1.1107 f
  U1030/ZN (OAI211_X1)                                  0.0522     1.1628 r
  U3525/ZN (NAND2_X1)                                   0.0423     1.2051 f
  U5944/ZN (OR2_X1)                                     0.0673     1.2725 f
  U2657/ZN (NAND2_X1)                                   0.0314     1.3039 r
  U2656/ZN (INV_X1)                                     0.0337     1.3375 f
  U3344/ZN (NAND2_X4)                                   0.1099     1.4475 r
  U466/ZN (OAI22_X1)                                    0.0693     1.5167 f
  U56/Z (MUX2_X1)                                       0.0683     1.5851 f
  CP_i_hazard_unit_i_G_scoreboard_reg_8__0_/D (DFF_X1)
                                                        0.0104     1.5955 f
  data arrival time                                                1.5955

  clock CLK (rise edge)                                 1.5500     1.5500
  clock network delay (ideal)                           0.0500     1.6000
  clock uncertainty                                    -0.0500     1.5500
  CP_i_hazard_unit_i_G_scoreboard_reg_8__0_/CK (DFF_X1)
                                                        0.0000     1.5500 r
  library setup time                                   -0.0255     1.5245
  data required time                                               1.5245
  --------------------------------------------------------------------------
  data required time                                               1.5245
  data arrival time                                               -1.5955
  --------------------------------------------------------------------------
  slack (VIOLATED)                                                -0.0710


  Startpoint: DP_i_fetch_i_IR_out_reg_21_
              (rising edge-triggered flip-flop clocked by CLK)
  Endpoint: CP_i_hazard_unit_i_G_scoreboard_reg_7__0_
            (rising edge-triggered flip-flop clocked by CLK)
  Path Group: REG2REG
  Path Type: max

  Des/Clust/Port     Wire Load Model       Library
  ------------------------------------------------
  DLX                5K_hvratio_1_4        NangateOpenCellLibrary

  Point                                                   Incr       Path
  --------------------------------------------------------------------------
  clock CLK (rise edge)                                 0.0000     0.0000
  clock network delay (ideal)                           0.0500     0.0500
  DP_i_fetch_i_IR_out_reg_21_/CK (DFF_X1)               0.0000     0.0500 r
  DP_i_fetch_i_IR_out_reg_21_/Q (DFF_X1)                0.1040     0.1540 r
  U2872/Z (XOR2_X1)                                     0.0660     0.2200 r
  U4310/ZN (AND2_X1)                                    0.0497     0.2697 r
  U1589/ZN (AND4_X2)                                    0.0682     0.3379 r
  U2749/ZN (NOR2_X2)                                    0.0495     0.3874 f
  U4328/ZN (AND2_X1)                                    0.0628     0.4503 f
  U2868/ZN (NAND2_X1)                                   0.0333     0.4836 r
  U2067/ZN (AND4_X1)                                    0.0597     0.5433 r
  U5176/ZN (AND4_X2)                                    0.0667     0.6099 r
  U5130/ZN (AND4_X1)                                    0.0661     0.6760 r
  U3345/ZN (OAI211_X1)                                  0.0344     0.7104 f
  U1548/ZN (OAI21_X1)                                   0.0506     0.7610 r
  U850/ZN (AND2_X2)                                     0.0552     0.8162 r
  U3542/ZN (AND2_X2)                                    0.0651     0.8812 r
  U3514/ZN (NAND2_X1)                                   0.0479     0.9291 f
  U7521/ZN (NAND4_X1)                                   0.0325     0.9615 r
  U7522/ZN (OAI21_X1)                                   0.0350     0.9965 f
  U7528/ZN (OAI221_X1)                                  0.0714     1.0679 r
  U6161/ZN (OAI21_X1)                                   0.0427     1.1107 f
  U1030/ZN (OAI211_X1)                                  0.0522     1.1628 r
  U3525/ZN (NAND2_X1)                                   0.0423     1.2051 f
  U5944/ZN (OR2_X1)                                     0.0673     1.2725 f
  U2657/ZN (NAND2_X1)                                   0.0314     1.3039 r
  U2656/ZN (INV_X1)                                     0.0337     1.3375 f
  U3344/ZN (NAND2_X4)                                   0.1099     1.4475 r
  U458/ZN (OAI22_X1)                                    0.0693     1.5167 f
  U58/Z (MUX2_X1)                                       0.0683     1.5851 f
  CP_i_hazard_unit_i_G_scoreboard_reg_7__0_/D (DFF_X1)
                                                        0.0104     1.5955 f
  data arrival time                                                1.5955

  clock CLK (rise edge)                                 1.5500     1.5500
  clock network delay (ideal)                           0.0500     1.6000
  clock uncertainty                                    -0.0500     1.5500
  CP_i_hazard_unit_i_G_scoreboard_reg_7__0_/CK (DFF_X1)
                                                        0.0000     1.5500 r
  library setup time                                   -0.0255     1.5245
  data required time                                               1.5245
  --------------------------------------------------------------------------
  data required time                                               1.5245
  data arrival time                                               -1.5955
  --------------------------------------------------------------------------
  slack (VIOLATED)                                                -0.0710


  Startpoint: DP_i_fetch_i_IR_out_reg_21_
              (rising edge-triggered flip-flop clocked by CLK)
  Endpoint: CP_i_hazard_unit_i_G_scoreboard_reg_6__0_
            (rising edge-triggered flip-flop clocked by CLK)
  Path Group: REG2REG
  Path Type: max

  Des/Clust/Port     Wire Load Model       Library
  ------------------------------------------------
  DLX                5K_hvratio_1_4        NangateOpenCellLibrary

  Point                                                   Incr       Path
  --------------------------------------------------------------------------
  clock CLK (rise edge)                                 0.0000     0.0000
  clock network delay (ideal)                           0.0500     0.0500
  DP_i_fetch_i_IR_out_reg_21_/CK (DFF_X1)               0.0000     0.0500 r
  DP_i_fetch_i_IR_out_reg_21_/Q (DFF_X1)                0.1040     0.1540 r
  U2872/Z (XOR2_X1)                                     0.0660     0.2200 r
  U4310/ZN (AND2_X1)                                    0.0497     0.2697 r
  U1589/ZN (AND4_X2)                                    0.0682     0.3379 r
  U2749/ZN (NOR2_X2)                                    0.0495     0.3874 f
  U4328/ZN (AND2_X1)                                    0.0628     0.4503 f
  U2868/ZN (NAND2_X1)                                   0.0333     0.4836 r
  U2067/ZN (AND4_X1)                                    0.0597     0.5433 r
  U5176/ZN (AND4_X2)                                    0.0667     0.6099 r
  U5130/ZN (AND4_X1)                                    0.0661     0.6760 r
  U3345/ZN (OAI211_X1)                                  0.0344     0.7104 f
  U1548/ZN (OAI21_X1)                                   0.0506     0.7610 r
  U850/ZN (AND2_X2)                                     0.0552     0.8162 r
  U3542/ZN (AND2_X2)                                    0.0651     0.8812 r
  U3514/ZN (NAND2_X1)                                   0.0479     0.9291 f
  U7521/ZN (NAND4_X1)                                   0.0325     0.9615 r
  U7522/ZN (OAI21_X1)                                   0.0350     0.9965 f
  U7528/ZN (OAI221_X1)                                  0.0714     1.0679 r
  U6161/ZN (OAI21_X1)                                   0.0427     1.1107 f
  U1030/ZN (OAI211_X1)                                  0.0522     1.1628 r
  U3525/ZN (NAND2_X1)                                   0.0423     1.2051 f
  U5944/ZN (OR2_X1)                                     0.0673     1.2725 f
  U2657/ZN (NAND2_X1)                                   0.0314     1.3039 r
  U2656/ZN (INV_X1)                                     0.0337     1.3375 f
  U3344/ZN (NAND2_X4)                                   0.1099     1.4475 r
  U451/ZN (OAI22_X1)                                    0.0693     1.5167 f
  U60/Z (MUX2_X1)                                       0.0683     1.5851 f
  CP_i_hazard_unit_i_G_scoreboard_reg_6__0_/D (DFF_X1)
                                                        0.0104     1.5955 f
  data arrival time                                                1.5955

  clock CLK (rise edge)                                 1.5500     1.5500
  clock network delay (ideal)                           0.0500     1.6000
  clock uncertainty                                    -0.0500     1.5500
  CP_i_hazard_unit_i_G_scoreboard_reg_6__0_/CK (DFF_X1)
                                                        0.0000     1.5500 r
  library setup time                                   -0.0255     1.5245
  data required time                                               1.5245
  --------------------------------------------------------------------------
  data required time                                               1.5245
  data arrival time                                               -1.5955
  --------------------------------------------------------------------------
  slack (VIOLATED)                                                -0.0710


  Startpoint: DP_i_fetch_i_IR_out_reg_21_
              (rising edge-triggered flip-flop clocked by CLK)
  Endpoint: CP_i_hazard_unit_i_G_scoreboard_reg_5__0_
            (rising edge-triggered flip-flop clocked by CLK)
  Path Group: REG2REG
  Path Type: max

  Des/Clust/Port     Wire Load Model       Library
  ------------------------------------------------
  DLX                5K_hvratio_1_4        NangateOpenCellLibrary

  Point                                                   Incr       Path
  --------------------------------------------------------------------------
  clock CLK (rise edge)                                 0.0000     0.0000
  clock network delay (ideal)                           0.0500     0.0500
  DP_i_fetch_i_IR_out_reg_21_/CK (DFF_X1)               0.0000     0.0500 r
  DP_i_fetch_i_IR_out_reg_21_/Q (DFF_X1)                0.1040     0.1540 r
  U2872/Z (XOR2_X1)                                     0.0660     0.2200 r
  U4310/ZN (AND2_X1)                                    0.0497     0.2697 r
  U1589/ZN (AND4_X2)                                    0.0682     0.3379 r
  U2749/ZN (NOR2_X2)                                    0.0495     0.3874 f
  U4328/ZN (AND2_X1)                                    0.0628     0.4503 f
  U2868/ZN (NAND2_X1)                                   0.0333     0.4836 r
  U2067/ZN (AND4_X1)                                    0.0597     0.5433 r
  U5176/ZN (AND4_X2)                                    0.0667     0.6099 r
  U5130/ZN (AND4_X1)                                    0.0661     0.6760 r
  U3345/ZN (OAI211_X1)                                  0.0344     0.7104 f
  U1548/ZN (OAI21_X1)                                   0.0506     0.7610 r
  U850/ZN (AND2_X2)                                     0.0552     0.8162 r
  U3542/ZN (AND2_X2)                                    0.0651     0.8812 r
  U3514/ZN (NAND2_X1)                                   0.0479     0.9291 f
  U7521/ZN (NAND4_X1)                                   0.0325     0.9615 r
  U7522/ZN (OAI21_X1)                                   0.0350     0.9965 f
  U7528/ZN (OAI221_X1)                                  0.0714     1.0679 r
  U6161/ZN (OAI21_X1)                                   0.0427     1.1107 f
  U1030/ZN (OAI211_X1)                                  0.0522     1.1628 r
  U3525/ZN (NAND2_X1)                                   0.0423     1.2051 f
  U5944/ZN (OR2_X1)                                     0.0673     1.2725 f
  U2657/ZN (NAND2_X1)                                   0.0314     1.3039 r
  U2656/ZN (INV_X1)                                     0.0337     1.3375 f
  U3344/ZN (NAND2_X4)                                   0.1099     1.4475 r
  U443/ZN (OAI22_X1)                                    0.0693     1.5167 f
  U62/Z (MUX2_X1)                                       0.0683     1.5851 f
  CP_i_hazard_unit_i_G_scoreboard_reg_5__0_/D (DFF_X1)
                                                        0.0104     1.5955 f
  data arrival time                                                1.5955

  clock CLK (rise edge)                                 1.5500     1.5500
  clock network delay (ideal)                           0.0500     1.6000
  clock uncertainty                                    -0.0500     1.5500
  CP_i_hazard_unit_i_G_scoreboard_reg_5__0_/CK (DFF_X1)
                                                        0.0000     1.5500 r
  library setup time                                   -0.0255     1.5245
  data required time                                               1.5245
  --------------------------------------------------------------------------
  data required time                                               1.5245
  data arrival time                                               -1.5955
  --------------------------------------------------------------------------
  slack (VIOLATED)                                                -0.0710


  Startpoint: DP_i_fetch_i_IR_out_reg_21_
              (rising edge-triggered flip-flop clocked by CLK)
  Endpoint: CP_i_hazard_unit_i_G_scoreboard_reg_4__0_
            (rising edge-triggered flip-flop clocked by CLK)
  Path Group: REG2REG
  Path Type: max

  Des/Clust/Port     Wire Load Model       Library
  ------------------------------------------------
  DLX                5K_hvratio_1_4        NangateOpenCellLibrary

  Point                                                   Incr       Path
  --------------------------------------------------------------------------
  clock CLK (rise edge)                                 0.0000     0.0000
  clock network delay (ideal)                           0.0500     0.0500
  DP_i_fetch_i_IR_out_reg_21_/CK (DFF_X1)               0.0000     0.0500 r
  DP_i_fetch_i_IR_out_reg_21_/Q (DFF_X1)                0.1040     0.1540 r
  U2872/Z (XOR2_X1)                                     0.0660     0.2200 r
  U4310/ZN (AND2_X1)                                    0.0497     0.2697 r
  U1589/ZN (AND4_X2)                                    0.0682     0.3379 r
  U2749/ZN (NOR2_X2)                                    0.0495     0.3874 f
  U4328/ZN (AND2_X1)                                    0.0628     0.4503 f
  U2868/ZN (NAND2_X1)                                   0.0333     0.4836 r
  U2067/ZN (AND4_X1)                                    0.0597     0.5433 r
  U5176/ZN (AND4_X2)                                    0.0667     0.6099 r
  U5130/ZN (AND4_X1)                                    0.0661     0.6760 r
  U3345/ZN (OAI211_X1)                                  0.0344     0.7104 f
  U1548/ZN (OAI21_X1)                                   0.0506     0.7610 r
  U850/ZN (AND2_X2)                                     0.0552     0.8162 r
  U3542/ZN (AND2_X2)                                    0.0651     0.8812 r
  U3514/ZN (NAND2_X1)                                   0.0479     0.9291 f
  U7521/ZN (NAND4_X1)                                   0.0325     0.9615 r
  U7522/ZN (OAI21_X1)                                   0.0350     0.9965 f
  U7528/ZN (OAI221_X1)                                  0.0714     1.0679 r
  U6161/ZN (OAI21_X1)                                   0.0427     1.1107 f
  U1030/ZN (OAI211_X1)                                  0.0522     1.1628 r
  U3525/ZN (NAND2_X1)                                   0.0423     1.2051 f
  U5944/ZN (OR2_X1)                                     0.0673     1.2725 f
  U2657/ZN (NAND2_X1)                                   0.0314     1.3039 r
  U2656/ZN (INV_X1)                                     0.0337     1.3375 f
  U3344/ZN (NAND2_X4)                                   0.1099     1.4475 r
  U436/ZN (OAI22_X1)                                    0.0693     1.5167 f
  U64/Z (MUX2_X1)                                       0.0683     1.5851 f
  CP_i_hazard_unit_i_G_scoreboard_reg_4__0_/D (DFF_X1)
                                                        0.0104     1.5955 f
  data arrival time                                                1.5955

  clock CLK (rise edge)                                 1.5500     1.5500
  clock network delay (ideal)                           0.0500     1.6000
  clock uncertainty                                    -0.0500     1.5500
  CP_i_hazard_unit_i_G_scoreboard_reg_4__0_/CK (DFF_X1)
                                                        0.0000     1.5500 r
  library setup time                                   -0.0255     1.5245
  data required time                                               1.5245
  --------------------------------------------------------------------------
  data required time                                               1.5245
  data arrival time                                               -1.5955
  --------------------------------------------------------------------------
  slack (VIOLATED)                                                -0.0710


  Startpoint: DP_i_fetch_i_IR_out_reg_21_
              (rising edge-triggered flip-flop clocked by CLK)
  Endpoint: CP_i_hazard_unit_i_G_scoreboard_reg_3__0_
            (rising edge-triggered flip-flop clocked by CLK)
  Path Group: REG2REG
  Path Type: max

  Des/Clust/Port     Wire Load Model       Library
  ------------------------------------------------
  DLX                5K_hvratio_1_4        NangateOpenCellLibrary

  Point                                                   Incr       Path
  --------------------------------------------------------------------------
  clock CLK (rise edge)                                 0.0000     0.0000
  clock network delay (ideal)                           0.0500     0.0500
  DP_i_fetch_i_IR_out_reg_21_/CK (DFF_X1)               0.0000     0.0500 r
  DP_i_fetch_i_IR_out_reg_21_/Q (DFF_X1)                0.1040     0.1540 r
  U2872/Z (XOR2_X1)                                     0.0660     0.2200 r
  U4310/ZN (AND2_X1)                                    0.0497     0.2697 r
  U1589/ZN (AND4_X2)                                    0.0682     0.3379 r
  U2749/ZN (NOR2_X2)                                    0.0495     0.3874 f
  U4328/ZN (AND2_X1)                                    0.0628     0.4503 f
  U2868/ZN (NAND2_X1)                                   0.0333     0.4836 r
  U2067/ZN (AND4_X1)                                    0.0597     0.5433 r
  U5176/ZN (AND4_X2)                                    0.0667     0.6099 r
  U5130/ZN (AND4_X1)                                    0.0661     0.6760 r
  U3345/ZN (OAI211_X1)                                  0.0344     0.7104 f
  U1548/ZN (OAI21_X1)                                   0.0506     0.7610 r
  U850/ZN (AND2_X2)                                     0.0552     0.8162 r
  U3542/ZN (AND2_X2)                                    0.0651     0.8812 r
  U3514/ZN (NAND2_X1)                                   0.0479     0.9291 f
  U7521/ZN (NAND4_X1)                                   0.0325     0.9615 r
  U7522/ZN (OAI21_X1)                                   0.0350     0.9965 f
  U7528/ZN (OAI221_X1)                                  0.0714     1.0679 r
  U6161/ZN (OAI21_X1)                                   0.0427     1.1107 f
  U1030/ZN (OAI211_X1)                                  0.0522     1.1628 r
  U3525/ZN (NAND2_X1)                                   0.0423     1.2051 f
  U5944/ZN (OR2_X1)                                     0.0673     1.2725 f
  U2657/ZN (NAND2_X1)                                   0.0314     1.3039 r
  U2656/ZN (INV_X1)                                     0.0337     1.3375 f
  U3344/ZN (NAND2_X4)                                   0.1099     1.4475 r
  U428/ZN (OAI22_X1)                                    0.0693     1.5167 f
  U66/Z (MUX2_X1)                                       0.0683     1.5851 f
  CP_i_hazard_unit_i_G_scoreboard_reg_3__0_/D (DFF_X1)
                                                        0.0104     1.5955 f
  data arrival time                                                1.5955

  clock CLK (rise edge)                                 1.5500     1.5500
  clock network delay (ideal)                           0.0500     1.6000
  clock uncertainty                                    -0.0500     1.5500
  CP_i_hazard_unit_i_G_scoreboard_reg_3__0_/CK (DFF_X1)
                                                        0.0000     1.5500 r
  library setup time                                   -0.0255     1.5245
  data required time                                               1.5245
  --------------------------------------------------------------------------
  data required time                                               1.5245
  data arrival time                                               -1.5955
  --------------------------------------------------------------------------
  slack (VIOLATED)                                                -0.0710


  Startpoint: DP_i_fetch_i_IR_out_reg_21_
              (rising edge-triggered flip-flop clocked by CLK)
  Endpoint: CP_i_hazard_unit_i_G_scoreboard_reg_1__0_
            (rising edge-triggered flip-flop clocked by CLK)
  Path Group: REG2REG
  Path Type: max

  Des/Clust/Port     Wire Load Model       Library
  ------------------------------------------------
  DLX                5K_hvratio_1_4        NangateOpenCellLibrary

  Point                                                   Incr       Path
  --------------------------------------------------------------------------
  clock CLK (rise edge)                                 0.0000     0.0000
  clock network delay (ideal)                           0.0500     0.0500
  DP_i_fetch_i_IR_out_reg_21_/CK (DFF_X1)               0.0000     0.0500 r
  DP_i_fetch_i_IR_out_reg_21_/Q (DFF_X1)                0.1040     0.1540 r
  U2872/Z (XOR2_X1)                                     0.0660     0.2200 r
  U4310/ZN (AND2_X1)                                    0.0497     0.2697 r
  U1589/ZN (AND4_X2)                                    0.0682     0.3379 r
  U2749/ZN (NOR2_X2)                                    0.0495     0.3874 f
  U4328/ZN (AND2_X1)                                    0.0628     0.4503 f
  U2868/ZN (NAND2_X1)                                   0.0333     0.4836 r
  U2067/ZN (AND4_X1)                                    0.0597     0.5433 r
  U5176/ZN (AND4_X2)                                    0.0667     0.6099 r
  U5130/ZN (AND4_X1)                                    0.0661     0.6760 r
  U3345/ZN (OAI211_X1)                                  0.0344     0.7104 f
  U1548/ZN (OAI21_X1)                                   0.0506     0.7610 r
  U850/ZN (AND2_X2)                                     0.0552     0.8162 r
  U3542/ZN (AND2_X2)                                    0.0651     0.8812 r
  U3514/ZN (NAND2_X1)                                   0.0479     0.9291 f
  U7521/ZN (NAND4_X1)                                   0.0325     0.9615 r
  U7522/ZN (OAI21_X1)                                   0.0350     0.9965 f
  U7528/ZN (OAI221_X1)                                  0.0714     1.0679 r
  U6161/ZN (OAI21_X1)                                   0.0427     1.1107 f
  U1030/ZN (OAI211_X1)                                  0.0522     1.1628 r
  U3525/ZN (NAND2_X1)                                   0.0423     1.2051 f
  U5944/ZN (OR2_X1)                                     0.0673     1.2725 f
  U2657/ZN (NAND2_X1)                                   0.0314     1.3039 r
  U2656/ZN (INV_X1)                                     0.0337     1.3375 f
  U3344/ZN (NAND2_X4)                                   0.1099     1.4475 r
  U413/ZN (OAI22_X1)                                    0.0693     1.5167 f
  U70/Z (MUX2_X1)                                       0.0683     1.5851 f
  CP_i_hazard_unit_i_G_scoreboard_reg_1__0_/D (DFF_X1)
                                                        0.0104     1.5955 f
  data arrival time                                                1.5955

  clock CLK (rise edge)                                 1.5500     1.5500
  clock network delay (ideal)                           0.0500     1.6000
  clock uncertainty                                    -0.0500     1.5500
  CP_i_hazard_unit_i_G_scoreboard_reg_1__0_/CK (DFF_X1)
                                                        0.0000     1.5500 r
  library setup time                                   -0.0255     1.5245
  data required time                                               1.5245
  --------------------------------------------------------------------------
  data required time                                               1.5245
  data arrival time                                               -1.5955
  --------------------------------------------------------------------------
  slack (VIOLATED)                                                -0.0710


  Startpoint: DP_i_fetch_i_IR_out_reg_21_
              (rising edge-triggered flip-flop clocked by CLK)
  Endpoint: CP_i_hazard_unit_i_G_scoreboard_reg_2__0_
            (rising edge-triggered flip-flop clocked by CLK)
  Path Group: REG2REG
  Path Type: max

  Des/Clust/Port     Wire Load Model       Library
  ------------------------------------------------
  DLX                5K_hvratio_1_4        NangateOpenCellLibrary

  Point                                                   Incr       Path
  --------------------------------------------------------------------------
  clock CLK (rise edge)                                 0.0000     0.0000
  clock network delay (ideal)                           0.0500     0.0500
  DP_i_fetch_i_IR_out_reg_21_/CK (DFF_X1)               0.0000     0.0500 r
  DP_i_fetch_i_IR_out_reg_21_/Q (DFF_X1)                0.1040     0.1540 r
  U2872/Z (XOR2_X1)                                     0.0660     0.2200 r
  U4310/ZN (AND2_X1)                                    0.0497     0.2697 r
  U1589/ZN (AND4_X2)                                    0.0682     0.3379 r
  U2749/ZN (NOR2_X2)                                    0.0495     0.3874 f
  U4328/ZN (AND2_X1)                                    0.0628     0.4503 f
  U2868/ZN (NAND2_X1)                                   0.0333     0.4836 r
  U2067/ZN (AND4_X1)                                    0.0597     0.5433 r
  U5176/ZN (AND4_X2)                                    0.0667     0.6099 r
  U5130/ZN (AND4_X1)                                    0.0661     0.6760 r
  U3345/ZN (OAI211_X1)                                  0.0344     0.7104 f
  U1548/ZN (OAI21_X1)                                   0.0506     0.7610 r
  U850/ZN (AND2_X2)                                     0.0552     0.8162 r
  U3542/ZN (AND2_X2)                                    0.0651     0.8812 r
  U3514/ZN (NAND2_X1)                                   0.0479     0.9291 f
  U7521/ZN (NAND4_X1)                                   0.0325     0.9615 r
  U7522/ZN (OAI21_X1)                                   0.0350     0.9965 f
  U7528/ZN (OAI221_X1)                                  0.0714     1.0679 r
  U6161/ZN (OAI21_X1)                                   0.0427     1.1107 f
  U1030/ZN (OAI211_X1)                                  0.0522     1.1628 r
  U3525/ZN (NAND2_X1)                                   0.0423     1.2051 f
  U5944/ZN (OR2_X1)                                     0.0673     1.2725 f
  U2657/ZN (NAND2_X1)                                   0.0314     1.3039 r
  U2656/ZN (INV_X1)                                     0.0337     1.3375 f
  U3344/ZN (NAND2_X4)                                   0.1099     1.4475 r
  U421/ZN (OAI22_X1)                                    0.0693     1.5167 f
  U68/Z (MUX2_X1)                                       0.0683     1.5851 f
  CP_i_hazard_unit_i_G_scoreboard_reg_2__0_/D (DFF_X1)
                                                        0.0104     1.5955 f
  data arrival time                                                1.5955

  clock CLK (rise edge)                                 1.5500     1.5500
  clock network delay (ideal)                           0.0500     1.6000
  clock uncertainty                                    -0.0500     1.5500
  CP_i_hazard_unit_i_G_scoreboard_reg_2__0_/CK (DFF_X1)
                                                        0.0000     1.5500 r
  library setup time                                   -0.0255     1.5245
  data required time                                               1.5245
  --------------------------------------------------------------------------
  data required time                                               1.5245
  data arrival time                                               -1.5955
  --------------------------------------------------------------------------
  slack (VIOLATED)                                                -0.0710


1
