 
****************************************
Report : timing
        -path full
        -delay max
        -nworst 2
        -group REG2REG
        -max_paths 10
Design : DLX
Version: W-2024.09-SP2
Date   : Sun Sep 27 03:21:29 2026
****************************************

Operating Conditions: typical   Library: NangateOpenCellLibrary
Wire Load Model Mode: top

  Startpoint: DP_i_decode_i_rs2_addr_i_Y_reg_3_
              (rising edge-triggered flip-flop clocked by CLK)
  Endpoint: DP_i_execute_i_boothmul_i_tree_i_register_i_2_Y_temp_reg_29_
            (rising edge-triggered flip-flop clocked by CLK)
  Path Group: REG2REG
  Path Type: max

  Des/Clust/Port     Wire Load Model       Library
  ------------------------------------------------
  DLX                5K_hvratio_1_4        NangateOpenCellLibrary

  Point                                                   Incr       Path
  --------------------------------------------------------------------------
  clock CLK (rise edge)                                 0.0000     0.0000
  clock network delay (ideal)                           0.0500     0.0500
  DP_i_decode_i_rs2_addr_i_Y_reg_3_/CK (DFF_X1)         0.0000     0.0500 r
  DP_i_decode_i_rs2_addr_i_Y_reg_3_/Q (DFF_X1)          0.0974     0.1474 f
  U2501/ZN (XNOR2_X1)                                   0.0610     0.2084 f
  U2500/ZN (NOR2_X1)                                    0.0369     0.2453 r
  U2486/ZN (AND3_X1)                                    0.0515     0.2969 r
  U2487/ZN (NAND2_X1)                                   0.0293     0.3262 f
  U1116/ZN (AND2_X1)                                    0.0458     0.3720 f
  U1113/Z (BUF_X1)                                      0.0540     0.4260 f
  U3268/ZN (AND2_X1)                                    0.0469     0.4729 f
  U3276/ZN (NOR3_X1)                                    0.0698     0.5428 r
  U1002/Z (MUX2_X1)                                     0.0541     0.5969 r
  U3630/ZN (INV_X1)                                     0.0260     0.6229 f
  U1448/ZN (OR2_X1)                                     0.0580     0.6809 f
  U3677/ZN (INV_X1)                                     0.0337     0.7146 r
  U3062/Z (MUX2_X2)                                     0.0739     0.7885 r
  U814/Z (BUF_X2)                                       0.0868     0.8753 r
  U6905/ZN (NAND2_X1)                                   0.0476     0.9229 f
  U6906/ZN (AND2_X1)                                    0.0469     0.9698 f
  U6911/ZN (XNOR2_X1)                                   0.0596     1.0294 f
  U6912/ZN (XNOR2_X1)                                   0.0684     1.0978 f
  U6956/ZN (XNOR2_X1)                                   0.0780     1.1758 f
  U6959/ZN (AOI222_X1)                                  0.1160     1.2918 r
  U9560/CO (FA_X1)                                      0.0920     1.3838 r
  U7004/ZN (AND2_X1)                                    0.0495     1.4333 r
  U7005/ZN (AOI21_X1)                                   0.0310     1.4643 f
  U7006/ZN (XNOR2_X1)                                   0.0594     1.5236 f
  U10976/ZN (NOR2_X1)                                   0.0374     1.5610 r
  DP_i_execute_i_boothmul_i_tree_i_register_i_2_Y_temp_reg_29_/D (DFF_X1)
                                                        0.0110     1.5720 r
  data arrival time                                                1.5720

  clock CLK (rise edge)                                 1.6000     1.6000
  clock network delay (ideal)                           0.0500     1.6500
  clock uncertainty                                    -0.0500     1.6000
  DP_i_execute_i_boothmul_i_tree_i_register_i_2_Y_temp_reg_29_/CK (DFF_X1)
                                                        0.0000     1.6000 r
  library setup time                                   -0.0280     1.5720
  data required time                                               1.5720
  --------------------------------------------------------------------------
  data required time                                               1.5720
  data arrival time                                               -1.5720
  --------------------------------------------------------------------------
  slack (MET)                                                      0.0000


  Startpoint: DP_i_decode_i_rs2_addr_i_Y_reg_3_
              (rising edge-triggered flip-flop clocked by CLK)
  Endpoint: DP_i_execute_i_boothmul_i_tree_i_register_i_2_Y_temp_reg_29_
            (rising edge-triggered flip-flop clocked by CLK)
  Path Group: REG2REG
  Path Type: max

  Des/Clust/Port     Wire Load Model       Library
  ------------------------------------------------
  DLX                5K_hvratio_1_4        NangateOpenCellLibrary

  Point                                                   Incr       Path
  --------------------------------------------------------------------------
  clock CLK (rise edge)                                 0.0000     0.0000
  clock network delay (ideal)                           0.0500     0.0500
  DP_i_decode_i_rs2_addr_i_Y_reg_3_/CK (DFF_X1)         0.0000     0.0500 r
  DP_i_decode_i_rs2_addr_i_Y_reg_3_/Q (DFF_X1)          0.0974     0.1474 f
  U2501/ZN (XNOR2_X1)                                   0.0610     0.2084 f
  U2500/ZN (NOR2_X1)                                    0.0369     0.2453 r
  U2486/ZN (AND3_X1)                                    0.0515     0.2969 r
  U2487/ZN (NAND2_X1)                                   0.0293     0.3262 f
  U1116/ZN (AND2_X1)                                    0.0458     0.3720 f
  U1113/Z (BUF_X1)                                      0.0540     0.4260 f
  U3268/ZN (AND2_X1)                                    0.0469     0.4729 f
  U3276/ZN (NOR3_X1)                                    0.0698     0.5428 r
  U1002/Z (MUX2_X1)                                     0.0541     0.5969 r
  U3630/ZN (INV_X1)                                     0.0260     0.6229 f
  U1448/ZN (OR2_X1)                                     0.0580     0.6809 f
  U3677/ZN (INV_X1)                                     0.0337     0.7146 r
  U3062/Z (MUX2_X2)                                     0.0739     0.7885 r
  U814/Z (BUF_X2)                                       0.0868     0.8753 r
  U6905/ZN (NAND2_X1)                                   0.0476     0.9229 f
  U6906/ZN (AND2_X1)                                    0.0469     0.9698 f
  U6911/ZN (XNOR2_X1)                                   0.0596     1.0294 f
  U6912/ZN (XNOR2_X1)                                   0.0684     1.0978 f
  U6956/ZN (XNOR2_X1)                                   0.0780     1.1758 f
  U6959/ZN (AOI222_X1)                                  0.1160     1.2918 r
  U9560/CO (FA_X1)                                      0.0920     1.3838 r
  U7004/ZN (AND2_X1)                                    0.0495     1.4333 r
  U7005/ZN (AOI21_X1)                                   0.0310     1.4643 f
  U7006/ZN (XNOR2_X1)                                   0.0594     1.5236 f
  U10976/ZN (NOR2_X1)                                   0.0374     1.5610 r
  DP_i_execute_i_boothmul_i_tree_i_register_i_2_Y_temp_reg_29_/D (DFF_X1)
                                                        0.0110     1.5720 r
  data arrival time                                                1.5720

  clock CLK (rise edge)                                 1.6000     1.6000
  clock network delay (ideal)                           0.0500     1.6500
  clock uncertainty                                    -0.0500     1.6000
  DP_i_execute_i_boothmul_i_tree_i_register_i_2_Y_temp_reg_29_/CK (DFF_X1)
                                                        0.0000     1.6000 r
  library setup time                                   -0.0280     1.5720
  data required time                                               1.5720
  --------------------------------------------------------------------------
  data required time                                               1.5720
  data arrival time                                               -1.5720
  --------------------------------------------------------------------------
  slack (MET)                                                      0.0000


  Startpoint: DP_i_decode_i_rs2_addr_i_Y_reg_4_
              (rising edge-triggered flip-flop clocked by CLK)
  Endpoint: DP_i_execute_i_zero_alu_bit_Y_reg
            (rising edge-triggered flip-flop clocked by CLK)
  Path Group: REG2REG
  Path Type: max

  Des/Clust/Port     Wire Load Model       Library
  ------------------------------------------------
  DLX                5K_hvratio_1_4        NangateOpenCellLibrary

  Point                                                   Incr       Path
  --------------------------------------------------------------------------
  clock CLK (rise edge)                                 0.0000     0.0000
  clock network delay (ideal)                           0.0500     0.0500
  DP_i_decode_i_rs2_addr_i_Y_reg_4_/CK (DFF_X1)         0.0000     0.0500 r
  DP_i_decode_i_rs2_addr_i_Y_reg_4_/Q (DFF_X1)          0.1019     0.1519 r
  U1832/Z (XOR2_X1)                                     0.0690     0.2209 r
  U3194/ZN (AND2_X1)                                    0.0449     0.2658 r
  U3175/ZN (AND4_X1)                                    0.0596     0.3254 r
  U881/ZN (AND2_X2)                                     0.0611     0.3865 r
  U3024/ZN (NAND2_X1)                                   0.0466     0.4331 f
  U2188/ZN (AND3_X1)                                    0.0493     0.4823 f
  U3893/ZN (XNOR2_X1)                                   0.0573     0.5396 f
  U3077/ZN (OAI21_X1)                                   0.0474     0.5870 r
  U3896/ZN (XNOR2_X1)                                   0.0687     0.6557 r
  U2329/ZN (NAND2_X1)                                   0.0390     0.6947 f
  U3899/ZN (NAND2_X1)                                   0.0355     0.7302 r
  U3900/CO (FA_X1)                                      0.0682     0.7985 r
  U2662/ZN (AND3_X1)                                    0.0558     0.8543 r
  U2692/ZN (NAND2_X1)                                   0.0327     0.8870 f
  U2905/ZN (NAND4_X1)                                   0.0359     0.9230 r
  U4112/ZN (NAND2_X1)                                   0.0336     0.9566 f
  U1479/ZN (AND3_X1)                                    0.0481     1.0047 f
  U1891/ZN (NOR2_X1)                                    0.0653     1.0700 r
  U1889/ZN (XNOR2_X1)                                   0.0712     1.1412 r
  U1801/ZN (NAND2_X1)                                   0.0331     1.1743 f
  U1800/ZN (NAND2_X1)                                   0.0333     1.2076 r
  U1539/ZN (AND4_X1)                                    0.0635     1.2712 r
  U1526/ZN (AND4_X1)                                    0.0673     1.3385 r
  U1522/ZN (AND4_X1)                                    0.0756     1.4140 r
  U2906/ZN (XNOR2_X1)                                   0.0620     1.4760 r
  U2866/ZN (OAI211_X1)                                  0.0410     1.5170 f
  U3069/ZN (OAI21_X1)                                   0.0438     1.5608 r
  DP_i_execute_i_zero_alu_bit_Y_reg/D (DFF_X2)          0.0109     1.5716 r
  data arrival time                                                1.5716

  clock CLK (rise edge)                                 1.6000     1.6000
  clock network delay (ideal)                           0.0500     1.6500
  clock uncertainty                                    -0.0500     1.6000
  DP_i_execute_i_zero_alu_bit_Y_reg/CK (DFF_X2)         0.0000     1.6000 r
  library setup time                                   -0.0283     1.5717
  data required time                                               1.5717
  --------------------------------------------------------------------------
  data required time                                               1.5717
  data arrival time                                               -1.5716
  --------------------------------------------------------------------------
  slack (MET)                                                      0.0000


  Startpoint: DP_i_execute_i_rd_out_reg_i_Y_reg_3_
              (rising edge-triggered flip-flop clocked by CLK)
  Endpoint: DP_i_execute_i_zero_alu_bit_Y_reg
            (rising edge-triggered flip-flop clocked by CLK)
  Path Group: REG2REG
  Path Type: max

  Des/Clust/Port     Wire Load Model       Library
  ------------------------------------------------
  DLX                5K_hvratio_1_4        NangateOpenCellLibrary

  Point                                                   Incr       Path
  --------------------------------------------------------------------------
  clock CLK (rise edge)                                 0.0000     0.0000
  clock network delay (ideal)                           0.0500     0.0500
  DP_i_execute_i_rd_out_reg_i_Y_reg_3_/CK (DFF_X1)      0.0000     0.0500 r
  DP_i_execute_i_rd_out_reg_i_Y_reg_3_/QN (DFF_X1)      0.0870     0.1370 r
  U2977/ZN (XNOR2_X1)                                   0.0601     0.1971 r
  U1762/ZN (AND2_X1)                                    0.0499     0.2470 r
  U2277/ZN (NAND4_X1)                                   0.0626     0.3097 f
  U865/ZN (NAND4_X1)                                    0.0609     0.3706 r
  U875/Z (BUF_X2)                                       0.0649     0.4355 r
  U3769/ZN (OR2_X1)                                     0.0544     0.4898 r
  U3373/ZN (AND3_X2)                                    0.0838     0.5736 r
  U3901/ZN (INV_X1)                                     0.0542     0.6278 f
  U3902/ZN (NAND2_X1)                                   0.0377     0.6654 r
  U3903/ZN (AND2_X1)                                    0.0472     0.7126 r
  U909/ZN (AND2_X1)                                     0.0535     0.7661 r
  U3906/ZN (NAND2_X1)                                   0.0340     0.8002 f
  U2662/ZN (AND3_X1)                                    0.0463     0.8465 f
  U2692/ZN (NAND2_X1)                                   0.0328     0.8793 r
  U2905/ZN (NAND4_X1)                                   0.0447     0.9240 f
  U4112/ZN (NAND2_X1)                                   0.0373     0.9614 r
  U2637/ZN (AND3_X1)                                    0.0538     1.0152 r
  U4412/ZN (OAI211_X1)                                  0.0358     1.0509 f
  U2476/ZN (AND2_X1)                                    0.0453     1.0963 f
  U1553/ZN (OR2_X1)                                     0.0565     1.1528 f
  U3020/ZN (NAND2_X1)                                   0.0310     1.1838 r
  U2874/ZN (NAND2_X1)                                   0.0334     1.2172 f
  U1120/ZN (AND2_X1)                                    0.0427     1.2599 f
  U5076/ZN (XNOR2_X1)                                   0.0549     1.3148 f
  U5931/ZN (NAND2_X1)                                   0.0363     1.3511 r
  U2973/ZN (NAND2_X1)                                   0.0304     1.3815 f
  U2873/ZN (NAND4_X1)                                   0.0318     1.4133 r
  U980/ZN (NAND2_X1)                                    0.0293     1.4426 f
  U979/ZN (NAND2_X1)                                    0.0289     1.4714 r
  U2866/ZN (OAI211_X1)                                  0.0455     1.5170 f
  U3069/ZN (OAI21_X1)                                   0.0438     1.5607 r
  DP_i_execute_i_zero_alu_bit_Y_reg/D (DFF_X2)          0.0109     1.5716 r
  data arrival time                                                1.5716

  clock CLK (rise edge)                                 1.6000     1.6000
  clock network delay (ideal)                           0.0500     1.6500
  clock uncertainty                                    -0.0500     1.6000
  DP_i_execute_i_zero_alu_bit_Y_reg/CK (DFF_X2)         0.0000     1.6000 r
  library setup time                                   -0.0283     1.5717
  data required time                                               1.5717
  --------------------------------------------------------------------------
  data required time                                               1.5717
  data arrival time                                               -1.5716
  --------------------------------------------------------------------------
  slack (MET)                                                      0.0001


  Startpoint: DP_i_decode_i_rs2_addr_i_Y_reg_4_
              (rising edge-triggered flip-flop clocked by CLK)
  Endpoint: DP_i_execute_i_boothmul_i_tree_i_register_i_2_Y_temp_reg_31_
            (rising edge-triggered flip-flop clocked by CLK)
  Path Group: REG2REG
  Path Type: max

  Des/Clust/Port     Wire Load Model       Library
  ------------------------------------------------
  DLX                5K_hvratio_1_4        NangateOpenCellLibrary

  Point                                                   Incr       Path
  --------------------------------------------------------------------------
  clock CLK (rise edge)                                 0.0000     0.0000
  clock network delay (ideal)                           0.0500     0.0500
  DP_i_decode_i_rs2_addr_i_Y_reg_4_/CK (DFF_X1)         0.0000     0.0500 r
  DP_i_decode_i_rs2_addr_i_Y_reg_4_/Q (DFF_X1)          0.1019     0.1519 r
  U1832/Z (XOR2_X1)                                     0.0690     0.2209 r
  U3194/ZN (AND2_X1)                                    0.0449     0.2658 r
  U3175/ZN (AND4_X1)                                    0.0596     0.3254 r
  U881/ZN (AND2_X2)                                     0.0611     0.3865 r
  U1247/Z (BUF_X2)                                      0.0645     0.4510 r
  U3263/ZN (AND2_X1)                                    0.0506     0.5017 r
  U3276/ZN (NOR3_X1)                                    0.0271     0.5288 f
  U1002/Z (MUX2_X1)                                     0.0682     0.5970 f
  U3630/ZN (INV_X1)                                     0.0320     0.6290 r
  U1448/ZN (OR2_X1)                                     0.0400     0.6690 r
  U3677/ZN (INV_X1)                                     0.0272     0.6962 f
  U1249/Z (MUX2_X1)                                     0.0726     0.7688 f
  U2613/ZN (NAND2_X1)                                   0.0300     0.7988 r
  U2612/ZN (AND2_X1)                                    0.0425     0.8413 r
  U2884/ZN (XNOR2_X1)                                   0.0590     0.9004 r
  U3129/ZN (XNOR2_X1)                                   0.0697     0.9700 r
  U2990/Z (XOR2_X1)                                     0.0955     1.0655 r
  U3837/ZN (OAI22_X1)                                   0.0435     1.1090 f
  U2823/ZN (INV_X1)                                     0.0305     1.1394 r
  U2822/ZN (NAND2_X1)                                   0.0256     1.1650 f
  U2101/ZN (AND2_X1)                                    0.0474     1.2124 f
  U3846/ZN (NOR2_X1)                                    0.0472     1.2596 r
  U1155/ZN (OAI21_X1)                                   0.0440     1.3036 f
  U3869/ZN (OAI21_X1)                                   0.0443     1.3478 r
  U3870/ZN (AND2_X1)                                    0.0463     1.3941 r
  U2814/ZN (XNOR2_X1)                                   0.0636     1.4577 r
  U2813/ZN (XNOR2_X1)                                   0.0627     1.5204 r
  U11322/ZN (AND2_X1)                                   0.0421     1.5625 r
  DP_i_execute_i_boothmul_i_tree_i_register_i_2_Y_temp_reg_31_/D (DFF_X1)
                                                        0.0110     1.5735 r
  data arrival time                                                1.5735

  clock CLK (rise edge)                                 1.6000     1.6000
  clock network delay (ideal)                           0.0500     1.6500
  clock uncertainty                                    -0.0500     1.6000
  DP_i_execute_i_boothmul_i_tree_i_register_i_2_Y_temp_reg_31_/CK (DFF_X1)
                                                        0.0000     1.6000 r
  library setup time                                   -0.0265     1.5735
  data required time                                               1.5735
  --------------------------------------------------------------------------
  data required time                                               1.5735
  data arrival time                                               -1.5735
  --------------------------------------------------------------------------
  slack (MET)                                                      0.0001


  Startpoint: DP_i_decode_i_rs2_addr_i_Y_reg_4_
              (rising edge-triggered flip-flop clocked by CLK)
  Endpoint: DP_i_execute_i_boothmul_i_tree_i_register_i_2_Y_temp_reg_31_
            (rising edge-triggered flip-flop clocked by CLK)
  Path Group: REG2REG
  Path Type: max

  Des/Clust/Port     Wire Load Model       Library
  ------------------------------------------------
  DLX                5K_hvratio_1_4        NangateOpenCellLibrary

  Point                                                   Incr       Path
  --------------------------------------------------------------------------
  clock CLK (rise edge)                                 0.0000     0.0000
  clock network delay (ideal)                           0.0500     0.0500
  DP_i_decode_i_rs2_addr_i_Y_reg_4_/CK (DFF_X1)         0.0000     0.0500 r
  DP_i_decode_i_rs2_addr_i_Y_reg_4_/Q (DFF_X1)          0.1019     0.1519 r
  U1832/Z (XOR2_X1)                                     0.0690     0.2209 r
  U3194/ZN (AND2_X1)                                    0.0449     0.2658 r
  U3175/ZN (AND4_X1)                                    0.0596     0.3254 r
  U881/ZN (AND2_X2)                                     0.0611     0.3865 r
  U1247/Z (BUF_X2)                                      0.0645     0.4510 r
  U3263/ZN (AND2_X1)                                    0.0506     0.5017 r
  U3276/ZN (NOR3_X1)                                    0.0271     0.5288 f
  U1002/Z (MUX2_X1)                                     0.0682     0.5970 f
  U3630/ZN (INV_X1)                                     0.0320     0.6290 r
  U1448/ZN (OR2_X1)                                     0.0400     0.6690 r
  U3677/ZN (INV_X1)                                     0.0272     0.6962 f
  U1249/Z (MUX2_X1)                                     0.0726     0.7688 f
  U2613/ZN (NAND2_X1)                                   0.0300     0.7988 r
  U2612/ZN (AND2_X1)                                    0.0425     0.8413 r
  U2884/ZN (XNOR2_X1)                                   0.0590     0.9004 r
  U3129/ZN (XNOR2_X1)                                   0.0697     0.9700 r
  U2990/Z (XOR2_X1)                                     0.0955     1.0655 r
  U3837/ZN (OAI22_X1)                                   0.0435     1.1090 f
  U2823/ZN (INV_X1)                                     0.0305     1.1394 r
  U2822/ZN (NAND2_X1)                                   0.0256     1.1650 f
  U2101/ZN (AND2_X1)                                    0.0474     1.2124 f
  U3846/ZN (NOR2_X1)                                    0.0472     1.2596 r
  U1155/ZN (OAI21_X1)                                   0.0440     1.3036 f
  U3869/ZN (OAI21_X1)                                   0.0443     1.3478 r
  U3870/ZN (AND2_X1)                                    0.0463     1.3941 r
  U2814/ZN (XNOR2_X1)                                   0.0636     1.4577 r
  U2813/ZN (XNOR2_X1)                                   0.0627     1.5204 r
  U11322/ZN (AND2_X1)                                   0.0421     1.5625 r
  DP_i_execute_i_boothmul_i_tree_i_register_i_2_Y_temp_reg_31_/D (DFF_X1)
                                                        0.0110     1.5735 r
  data arrival time                                                1.5735

  clock CLK (rise edge)                                 1.6000     1.6000
  clock network delay (ideal)                           0.0500     1.6500
  clock uncertainty                                    -0.0500     1.6000
  DP_i_execute_i_boothmul_i_tree_i_register_i_2_Y_temp_reg_31_/CK (DFF_X1)
                                                        0.0000     1.6000 r
  library setup time                                   -0.0265     1.5735
  data required time                                               1.5735
  --------------------------------------------------------------------------
  data required time                                               1.5735
  data arrival time                                               -1.5735
  --------------------------------------------------------------------------
  slack (MET)                                                      0.0001


  Startpoint: DP_i_decode_i_rs2_addr_i_Y_reg_4_
              (rising edge-triggered flip-flop clocked by CLK)
  Endpoint: DP_i_execute_i_boothmul_i_tree_i_register_i_3_Y_temp_reg_23_
            (rising edge-triggered flip-flop clocked by CLK)
  Path Group: REG2REG
  Path Type: max

  Des/Clust/Port     Wire Load Model       Library
  ------------------------------------------------
  DLX                5K_hvratio_1_4        NangateOpenCellLibrary

  Point                                                   Incr       Path
  --------------------------------------------------------------------------
  clock CLK (rise edge)                                 0.0000     0.0000
  clock network delay (ideal)                           0.0500     0.0500
  DP_i_decode_i_rs2_addr_i_Y_reg_4_/CK (DFF_X1)         0.0000     0.0500 r
  DP_i_decode_i_rs2_addr_i_Y_reg_4_/QN (DFF_X1)         0.0865     0.1365 r
  U3034/ZN (XNOR2_X1)                                   0.0649     0.2014 r
  U2555/ZN (AND2_X2)                                    0.0518     0.2532 r
  U1460/ZN (AND4_X2)                                    0.0803     0.3334 r
  U3291/Z (CLKBUF_X3)                                   0.0974     0.4309 r
  U2865/ZN (NAND2_X1)                                   0.0556     0.4864 f
  U1688/ZN (AND2_X1)                                    0.0429     0.5294 f
  U1676/ZN (NAND2_X1)                                   0.0379     0.5673 r
  U1661/ZN (OAI211_X1)                                  0.0586     0.6259 f
  U1883/Z (XOR2_X1)                                     0.0990     0.7249 f
  U2889/ZN (INV_X1)                                     0.1060     0.8310 r
  U9099/ZN (OR2_X1)                                     0.0632     0.8942 r
  U9100/ZN (NAND2_X1)                                   0.0368     0.9310 f
  U9101/ZN (XNOR2_X1)                                   0.0647     0.9957 f
  U9102/ZN (XNOR2_X1)                                   0.0729     1.0686 r
  U9103/ZN (XNOR2_X1)                                   0.0802     1.1488 r
  U919/ZN (NAND2_X1)                                    0.0367     1.1855 f
  U918/ZN (NAND2_X1)                                    0.0338     1.2193 r
  U1300/ZN (NAND2_X1)                                   0.0303     1.2496 f
  U10707/S (FA_X1)                                      0.1176     1.3672 f
  U3633/ZN (OR2_X1)                                     0.0636     1.4309 f
  U2728/ZN (AND2_X1)                                    0.0390     1.4698 f
  U2599/ZN (XNOR2_X1)                                   0.0547     1.5245 f
  U2598/ZN (NOR2_X1)                                    0.0365     1.5609 r
  DP_i_execute_i_boothmul_i_tree_i_register_i_3_Y_temp_reg_23_/D (DFF_X1)
                                                        0.0110     1.5719 r
  data arrival time                                                1.5719

  clock CLK (rise edge)                                 1.6000     1.6000
  clock network delay (ideal)                           0.0500     1.6500
  clock uncertainty                                    -0.0500     1.6000
  DP_i_execute_i_boothmul_i_tree_i_register_i_3_Y_temp_reg_23_/CK (DFF_X1)
                                                        0.0000     1.6000 r
  library setup time                                   -0.0280     1.5720
  data required time                                               1.5720
  --------------------------------------------------------------------------
  data required time                                               1.5720
  data arrival time                                               -1.5719
  --------------------------------------------------------------------------
  slack (MET)                                                      0.0001


  Startpoint: DP_i_decode_i_rs2_addr_i_Y_reg_4_
              (rising edge-triggered flip-flop clocked by CLK)
  Endpoint: DP_i_execute_i_boothmul_i_tree_i_register_i_3_Y_temp_reg_29_
            (rising edge-triggered flip-flop clocked by CLK)
  Path Group: REG2REG
  Path Type: max

  Des/Clust/Port     Wire Load Model       Library
  ------------------------------------------------
  DLX                5K_hvratio_1_4        NangateOpenCellLibrary

  Point                                                   Incr       Path
  --------------------------------------------------------------------------
  clock CLK (rise edge)                                 0.0000     0.0000
  clock network delay (ideal)                           0.0500     0.0500
  DP_i_decode_i_rs2_addr_i_Y_reg_4_/CK (DFF_X1)         0.0000     0.0500 r
  DP_i_decode_i_rs2_addr_i_Y_reg_4_/Q (DFF_X1)          0.1019     0.1519 r
  U1832/Z (XOR2_X1)                                     0.0690     0.2209 r
  U3194/ZN (AND2_X1)                                    0.0449     0.2658 r
  U3175/ZN (AND4_X1)                                    0.0596     0.3254 r
  U881/ZN (AND2_X2)                                     0.0611     0.3865 r
  U1247/Z (BUF_X2)                                      0.0645     0.4510 r
  U3263/ZN (AND2_X1)                                    0.0506     0.5017 r
  U3276/ZN (NOR3_X1)                                    0.0271     0.5288 f
  U1002/Z (MUX2_X1)                                     0.0682     0.5970 f
  U3630/ZN (INV_X1)                                     0.0320     0.6290 r
  U1448/ZN (OR2_X1)                                     0.0400     0.6690 r
  U3677/ZN (INV_X1)                                     0.0272     0.6962 f
  U1249/Z (MUX2_X1)                                     0.0726     0.7688 f
  U2613/ZN (NAND2_X1)                                   0.0300     0.7988 r
  U2612/ZN (AND2_X1)                                    0.0425     0.8413 r
  U2884/ZN (XNOR2_X1)                                   0.0590     0.9004 r
  U3129/ZN (XNOR2_X1)                                   0.0697     0.9700 r
  U6986/ZN (XNOR2_X1)                                   0.0682     1.0382 r
  U6987/ZN (XNOR2_X1)                                   0.0697     1.1079 r
  U6989/ZN (XNOR2_X1)                                   0.0475     1.1554 f
  U3012/CO (FA_X1)                                      0.0969     1.2523 f
  U10539/S (FA_X1)                                      0.1428     1.3950 r
  U2847/ZN (XNOR2_X1)                                   0.0659     1.4609 r
  U2860/ZN (XNOR2_X1)                                   0.0598     1.5207 r
  U2677/ZN (AND2_X1)                                    0.0420     1.5628 r
  DP_i_execute_i_boothmul_i_tree_i_register_i_3_Y_temp_reg_29_/D (DFF_X2)
                                                        0.0109     1.5737 r
  data arrival time                                                1.5737

  clock CLK (rise edge)                                 1.6000     1.6000
  clock network delay (ideal)                           0.0500     1.6500
  clock uncertainty                                    -0.0500     1.6000
  DP_i_execute_i_boothmul_i_tree_i_register_i_3_Y_temp_reg_29_/CK (DFF_X2)
                                                        0.0000     1.6000 r
  library setup time                                   -0.0262     1.5738
  data required time                                               1.5738
  --------------------------------------------------------------------------
  data required time                                               1.5738
  data arrival time                                               -1.5737
  --------------------------------------------------------------------------
  slack (MET)                                                      0.0002


  Startpoint: DP_i_decode_i_rs2_addr_i_Y_reg_4_
              (rising edge-triggered flip-flop clocked by CLK)
  Endpoint: DP_i_execute_i_boothmul_i_tree_i_register_i_3_Y_temp_reg_29_
            (rising edge-triggered flip-flop clocked by CLK)
  Path Group: REG2REG
  Path Type: max

  Des/Clust/Port     Wire Load Model       Library
  ------------------------------------------------
  DLX                5K_hvratio_1_4        NangateOpenCellLibrary

  Point                                                   Incr       Path
  --------------------------------------------------------------------------
  clock CLK (rise edge)                                 0.0000     0.0000
  clock network delay (ideal)                           0.0500     0.0500
  DP_i_decode_i_rs2_addr_i_Y_reg_4_/CK (DFF_X1)         0.0000     0.0500 r
  DP_i_decode_i_rs2_addr_i_Y_reg_4_/Q (DFF_X1)          0.1019     0.1519 r
  U1832/Z (XOR2_X1)                                     0.0690     0.2209 r
  U3194/ZN (AND2_X1)                                    0.0449     0.2658 r
  U3175/ZN (AND4_X1)                                    0.0596     0.3254 r
  U881/ZN (AND2_X2)                                     0.0611     0.3865 r
  U1247/Z (BUF_X2)                                      0.0645     0.4510 r
  U3263/ZN (AND2_X1)                                    0.0506     0.5017 r
  U3276/ZN (NOR3_X1)                                    0.0271     0.5288 f
  U1002/Z (MUX2_X1)                                     0.0682     0.5970 f
  U3630/ZN (INV_X1)                                     0.0320     0.6290 r
  U1448/ZN (OR2_X1)                                     0.0400     0.6690 r
  U3677/ZN (INV_X1)                                     0.0272     0.6962 f
  U1249/Z (MUX2_X1)                                     0.0726     0.7688 f
  U2613/ZN (NAND2_X1)                                   0.0300     0.7988 r
  U2612/ZN (AND2_X1)                                    0.0425     0.8413 r
  U2884/ZN (XNOR2_X1)                                   0.0590     0.9004 r
  U3129/ZN (XNOR2_X1)                                   0.0697     0.9700 r
  U6986/ZN (XNOR2_X1)                                   0.0682     1.0382 r
  U6987/ZN (XNOR2_X1)                                   0.0697     1.1079 r
  U6989/ZN (XNOR2_X1)                                   0.0475     1.1554 f
  U3012/CO (FA_X1)                                      0.0969     1.2523 f
  U10539/S (FA_X1)                                      0.1428     1.3950 r
  U2847/ZN (XNOR2_X1)                                   0.0659     1.4609 r
  U2860/ZN (XNOR2_X1)                                   0.0598     1.5207 r
  U2677/ZN (AND2_X1)                                    0.0420     1.5628 r
  DP_i_execute_i_boothmul_i_tree_i_register_i_3_Y_temp_reg_29_/D (DFF_X2)
                                                        0.0109     1.5737 r
  data arrival time                                                1.5737

  clock CLK (rise edge)                                 1.6000     1.6000
  clock network delay (ideal)                           0.0500     1.6500
  clock uncertainty                                    -0.0500     1.6000
  DP_i_execute_i_boothmul_i_tree_i_register_i_3_Y_temp_reg_29_/CK (DFF_X2)
                                                        0.0000     1.6000 r
  library setup time                                   -0.0262     1.5738
  data required time                                               1.5738
  --------------------------------------------------------------------------
  data required time                                               1.5738
  data arrival time                                               -1.5737
  --------------------------------------------------------------------------
  slack (MET)                                                      0.0002


  Startpoint: DP_i_decode_i_rs2_addr_i_Y_reg_4_
              (rising edge-triggered flip-flop clocked by CLK)
  Endpoint: DP_i_execute_i_boothmul_i_tree_i_register_i_2_Y_temp_reg_30_
            (rising edge-triggered flip-flop clocked by CLK)
  Path Group: REG2REG
  Path Type: max

  Des/Clust/Port     Wire Load Model       Library
  ------------------------------------------------
  DLX                5K_hvratio_1_4        NangateOpenCellLibrary

  Point                                                   Incr       Path
  --------------------------------------------------------------------------
  clock CLK (rise edge)                                 0.0000     0.0000
  clock network delay (ideal)                           0.0500     0.0500
  DP_i_decode_i_rs2_addr_i_Y_reg_4_/CK (DFF_X1)         0.0000     0.0500 r
  DP_i_decode_i_rs2_addr_i_Y_reg_4_/Q (DFF_X1)          0.1019     0.1519 r
  U1832/Z (XOR2_X1)                                     0.0690     0.2209 r
  U3194/ZN (AND2_X1)                                    0.0449     0.2658 r
  U3175/ZN (AND4_X1)                                    0.0596     0.3254 r
  U881/ZN (AND2_X2)                                     0.0611     0.3865 r
  U3177/Z (CLKBUF_X3)                                   0.0711     0.4576 r
  U2644/ZN (NAND2_X1)                                   0.0546     0.5122 f
  U1169/ZN (NAND4_X1)                                   0.0456     0.5578 r
  U2878/ZN (NAND2_X1)                                   0.0301     0.5879 f
  U2842/ZN (NAND2_X1)                                   0.0355     0.6233 r
  U2291/ZN (AND3_X2)                                    0.0657     0.6890 r
  U1637/ZN (INV_X1)                                     0.0483     0.7374 f
  U3847/ZN (OAI22_X1)                                   0.0987     0.8361 r
  U3852/S (FA_X1)                                       0.1360     0.9720 f
  U3853/ZN (XNOR2_X1)                                   0.0900     1.0620 r
  U3855/CO (FA_X1)                                      0.0924     1.1544 r
  U3136/ZN (XNOR2_X1)                                   0.0634     1.2178 r
  U1603/Z (XOR2_X1)                                     0.0841     1.3019 r
  U9593/ZN (INV_X1)                                     0.0305     1.3324 f
  U1994/ZN (OR2_X1)                                     0.0626     1.3950 f
  U2006/ZN (AND2_X1)                                    0.0431     1.4381 f
  U2781/ZN (NAND2_X1)                                   0.0350     1.4732 r
  U2782/ZN (OAI211_X1)                                  0.0424     1.5155 f
  U2439/ZN (AND4_X1)                                    0.0494     1.5650 f
  DP_i_execute_i_boothmul_i_tree_i_register_i_2_Y_temp_reg_30_/D (DFF_X1)
                                                        0.0104     1.5754 f
  data arrival time                                                1.5754

  clock CLK (rise edge)                                 1.6000     1.6000
  clock network delay (ideal)                           0.0500     1.6500
  clock uncertainty                                    -0.0500     1.6000
  DP_i_execute_i_boothmul_i_tree_i_register_i_2_Y_temp_reg_30_/CK (DFF_X1)
                                                        0.0000     1.6000 r
  library setup time                                   -0.0243     1.5757
  data required time                                               1.5757
  --------------------------------------------------------------------------
  data required time                                               1.5757
  data arrival time                                               -1.5754
  --------------------------------------------------------------------------
  slack (MET)                                                      0.0003


1
