 
****************************************
Report : timing
        -path full
        -delay max
        -nworst 2
        -group REG2REG
        -max_paths 10
Design : DLX
Version: W-2024.09-SP2
Date   : Tue Sep 29 12:04:48 2026
****************************************

Operating Conditions: typical   Library: NangateOpenCellLibrary
Wire Load Model Mode: top

  Startpoint: DP_i_execute_i_rd_out_reg_i_Y_reg_4_
              (rising edge-triggered flip-flop clocked by CLK)
  Endpoint: DP_i_execute_i_zero_alu_bit_Y_reg
            (rising edge-triggered flip-flop clocked by CLK)
  Path Group: REG2REG
  Path Type: max

  Des/Clust/Port     Wire Load Model       Library
  ------------------------------------------------
  DLX                5K_hvratio_1_4        NangateOpenCellLibrary

  Point                                                   Incr       Path
  --------------------------------------------------------------------------
  clock CLK (rise edge)                                 0.0000     0.0000
  clock network delay (ideal)                           0.0500     0.0500
  DP_i_execute_i_rd_out_reg_i_Y_reg_4_/CK (DFF_X1)      0.0000     0.0500 r
  DP_i_execute_i_rd_out_reg_i_Y_reg_4_/Q (DFF_X1)       0.1023     0.1523 r
  U2803/ZN (XNOR2_X1)                                   0.0662     0.2186 r
  U938/ZN (AND2_X1)                                     0.0494     0.2679 r
  U1133/ZN (NAND4_X1)                                   0.0378     0.3057 f
  U2811/ZN (NAND4_X1)                                   0.0397     0.3454 r
  U2813/ZN (NAND2_X1)                                   0.0409     0.3863 f
  U1120/ZN (INV_X1)                                     0.0658     0.4521 r
  U3160/ZN (AOI222_X1)                                  0.0654     0.5175 f
  U916/Z (MUX2_X1)                                      0.0906     0.6081 f
  U3163/S (FA_X1)                                       0.1521     0.7602 r
  U3165/Z (MUX2_X1)                                     0.0482     0.8084 r
  U3170/ZN (NAND2_X1)                                   0.0277     0.8361 f
  U1074/ZN (OR3_X2)                                     0.0890     0.9251 f
  U3186/ZN (NAND4_X1)                                   0.0351     0.9602 r
  U3202/ZN (OAI21_X1)                                   0.0322     0.9924 f
  U5638/Z (BUF_X1)                                      0.0431     1.0355 f
  U2732/ZN (OAI21_X1)                                   0.0406     1.0761 r
  U2733/ZN (AND2_X1)                                    0.0468     1.1230 r
  U5752/ZN (AOI21_X1)                                   0.0322     1.1551 f
  U5754/ZN (OR2_X1)                                     0.0540     1.2092 f
  U5993/ZN (AND2_X1)                                    0.0390     1.2482 f
  U1946/ZN (AND4_X1)                                    0.0480     1.2962 f
  U5995/ZN (XNOR2_X1)                                   0.0555     1.3517 f
  U2543/ZN (NAND2_X1)                                   0.0339     1.3856 r
  U13583/ZN (NAND4_X1)                                  0.0374     1.4230 f
  U11671/ZN (OR2_X1)                                    0.0555     1.4785 f
  U11688/ZN (OAI21_X1)                                  0.0390     1.5175 r
  DP_i_execute_i_zero_alu_bit_Y_reg/D (DFF_X2)          0.0109     1.5284 r
  data arrival time                                                1.5284

  clock CLK (rise edge)                                 1.1500     1.1500
  clock network delay (ideal)                           0.0500     1.2000
  clock uncertainty                                    -0.0500     1.1500
  DP_i_execute_i_zero_alu_bit_Y_reg/CK (DFF_X2)         0.0000     1.1500 r
  library setup time                                   -0.0283     1.1217
  data required time                                               1.1217
  --------------------------------------------------------------------------
  data required time                                               1.1217
  data arrival time                                               -1.5284
  --------------------------------------------------------------------------
  slack (VIOLATED)                                                -0.4067


  Startpoint: DP_i_execute_i_rd_out_reg_i_Y_reg_4_
              (rising edge-triggered flip-flop clocked by CLK)
  Endpoint: DP_i_execute_i_zero_alu_bit_Y_reg
            (rising edge-triggered flip-flop clocked by CLK)
  Path Group: REG2REG
  Path Type: max

  Des/Clust/Port     Wire Load Model       Library
  ------------------------------------------------
  DLX                5K_hvratio_1_4        NangateOpenCellLibrary

  Point                                                   Incr       Path
  --------------------------------------------------------------------------
  clock CLK (rise edge)                                 0.0000     0.0000
  clock network delay (ideal)                           0.0500     0.0500
  DP_i_execute_i_rd_out_reg_i_Y_reg_4_/CK (DFF_X1)      0.0000     0.0500 r
  DP_i_execute_i_rd_out_reg_i_Y_reg_4_/Q (DFF_X1)       0.1023     0.1523 r
  U2803/ZN (XNOR2_X1)                                   0.0662     0.2186 r
  U938/ZN (AND2_X1)                                     0.0494     0.2679 r
  U1133/ZN (NAND4_X1)                                   0.0378     0.3057 f
  U2811/ZN (NAND4_X1)                                   0.0397     0.3454 r
  U2813/ZN (NAND2_X1)                                   0.0409     0.3863 f
  U1120/ZN (INV_X1)                                     0.0658     0.4521 r
  U3160/ZN (AOI222_X1)                                  0.0654     0.5175 f
  U916/Z (MUX2_X1)                                      0.0906     0.6081 f
  U3163/S (FA_X1)                                       0.1521     0.7602 r
  U3165/Z (MUX2_X1)                                     0.0482     0.8084 r
  U3170/ZN (NAND2_X1)                                   0.0277     0.8361 f
  U1074/ZN (OR3_X2)                                     0.0890     0.9251 f
  U3186/ZN (NAND4_X1)                                   0.0351     0.9602 r
  U3202/ZN (OAI21_X1)                                   0.0322     0.9924 f
  U5638/Z (BUF_X1)                                      0.0431     1.0355 f
  U2732/ZN (OAI21_X1)                                   0.0406     1.0761 r
  U2733/ZN (AND2_X1)                                    0.0468     1.1230 r
  U5752/ZN (AOI21_X1)                                   0.0322     1.1551 f
  U5754/ZN (OR2_X1)                                     0.0540     1.2092 f
  U5993/ZN (AND2_X1)                                    0.0390     1.2482 f
  U1946/ZN (AND4_X1)                                    0.0480     1.2962 f
  U5995/ZN (XNOR2_X1)                                   0.0555     1.3517 f
  U2543/ZN (NAND2_X1)                                   0.0339     1.3856 r
  U13583/ZN (NAND4_X1)                                  0.0374     1.4230 f
  U11671/ZN (OR2_X1)                                    0.0555     1.4785 f
  U11688/ZN (OAI21_X1)                                  0.0390     1.5175 r
  DP_i_execute_i_zero_alu_bit_Y_reg/D (DFF_X2)          0.0109     1.5284 r
  data arrival time                                                1.5284

  clock CLK (rise edge)                                 1.1500     1.1500
  clock network delay (ideal)                           0.0500     1.2000
  clock uncertainty                                    -0.0500     1.1500
  DP_i_execute_i_zero_alu_bit_Y_reg/CK (DFF_X2)         0.0000     1.1500 r
  library setup time                                   -0.0283     1.1217
  data required time                                               1.1217
  --------------------------------------------------------------------------
  data required time                                               1.1217
  data arrival time                                               -1.5284
  --------------------------------------------------------------------------
  slack (VIOLATED)                                                -0.4067


  Startpoint: DP_i_execute_i_rd_out_reg_i_Y_reg_4_
              (rising edge-triggered flip-flop clocked by CLK)
  Endpoint: DP_i_execute_i_boothmul_i_tree_i_register_i_2_Y_temp_reg_31_
            (rising edge-triggered flip-flop clocked by CLK)
  Path Group: REG2REG
  Path Type: max

  Des/Clust/Port     Wire Load Model       Library
  ------------------------------------------------
  DLX                5K_hvratio_1_4        NangateOpenCellLibrary

  Point                                                   Incr       Path
  --------------------------------------------------------------------------
  clock CLK (rise edge)                                 0.0000     0.0000
  clock network delay (ideal)                           0.0500     0.0500
  DP_i_execute_i_rd_out_reg_i_Y_reg_4_/CK (DFF_X1)      0.0000     0.0500 r
  DP_i_execute_i_rd_out_reg_i_Y_reg_4_/Q (DFF_X1)       0.1023     0.1523 r
  U2803/ZN (XNOR2_X1)                                   0.0662     0.2186 r
  U2804/ZN (AND2_X1)                                    0.0494     0.2679 r
  U2808/ZN (NAND4_X1)                                   0.0378     0.3057 f
  U2005/ZN (NAND4_X1)                                   0.0476     0.3533 r
  U1141/ZN (INV_X1)                                     0.0397     0.3931 f
  U2902/ZN (NAND2_X1)                                   0.0370     0.4301 r
  U2435/ZN (NAND3_X1)                                   0.0366     0.4666 f
  U1529/ZN (AND2_X1)                                    0.0426     0.5092 f
  U1525/Z (MUX2_X1)                                     0.0770     0.5862 f
  U3554/ZN (INV_X1)                                     0.0508     0.6369 r
  U961/ZN (NAND2_X1)                                    0.0451     0.6820 f
  U6353/ZN (INV_X1)                                     0.1103     0.7923 r
  U6501/ZN (AOI22_X1)                                   0.0727     0.8650 f
  U2266/ZN (XNOR2_X1)                                   0.0664     0.9315 f
  U2265/ZN (XNOR2_X1)                                   0.0735     1.0049 f
  U6504/ZN (XNOR2_X1)                                   0.0708     1.0758 f
  U6568/ZN (OAI21_X1)                                   0.0474     1.1232 r
  U1628/ZN (AND2_X1)                                    0.0578     1.1810 r
  U11377/ZN (INV_X1)                                    0.0321     1.2131 f
  U2511/ZN (AOI22_X1)                                   0.0632     1.2763 r
  U11420/CO (FA_X1)                                     0.0762     1.3525 r
  U11428/ZN (XNOR2_X1)                                  0.0608     1.4133 r
  U11429/ZN (XNOR2_X1)                                  0.0627     1.4760 r
  U12711/ZN (AND2_X1)                                   0.0421     1.5181 r
  DP_i_execute_i_boothmul_i_tree_i_register_i_2_Y_temp_reg_31_/D (DFF_X1)
                                                        0.0110     1.5290 r
  data arrival time                                                1.5290

  clock CLK (rise edge)                                 1.1500     1.1500
  clock network delay (ideal)                           0.0500     1.2000
  clock uncertainty                                    -0.0500     1.1500
  DP_i_execute_i_boothmul_i_tree_i_register_i_2_Y_temp_reg_31_/CK (DFF_X1)
                                                        0.0000     1.1500 r
  library setup time                                   -0.0265     1.1235
  data required time                                               1.1235
  --------------------------------------------------------------------------
  data required time                                               1.1235
  data arrival time                                               -1.5290
  --------------------------------------------------------------------------
  slack (VIOLATED)                                                -0.4055


  Startpoint: DP_i_execute_i_rd_out_reg_i_Y_reg_4_
              (rising edge-triggered flip-flop clocked by CLK)
  Endpoint: DP_i_execute_i_boothmul_i_tree_i_register_i_2_Y_temp_reg_31_
            (rising edge-triggered flip-flop clocked by CLK)
  Path Group: REG2REG
  Path Type: max

  Des/Clust/Port     Wire Load Model       Library
  ------------------------------------------------
  DLX                5K_hvratio_1_4        NangateOpenCellLibrary

  Point                                                   Incr       Path
  --------------------------------------------------------------------------
  clock CLK (rise edge)                                 0.0000     0.0000
  clock network delay (ideal)                           0.0500     0.0500
  DP_i_execute_i_rd_out_reg_i_Y_reg_4_/CK (DFF_X1)      0.0000     0.0500 r
  DP_i_execute_i_rd_out_reg_i_Y_reg_4_/Q (DFF_X1)       0.1023     0.1523 r
  U2803/ZN (XNOR2_X1)                                   0.0662     0.2186 r
  U2804/ZN (AND2_X1)                                    0.0494     0.2679 r
  U2808/ZN (NAND4_X1)                                   0.0378     0.3057 f
  U2005/ZN (NAND4_X1)                                   0.0476     0.3533 r
  U1141/ZN (INV_X1)                                     0.0397     0.3931 f
  U2902/ZN (NAND2_X1)                                   0.0370     0.4301 r
  U2435/ZN (NAND3_X1)                                   0.0366     0.4666 f
  U1529/ZN (AND2_X1)                                    0.0426     0.5092 f
  U1525/Z (MUX2_X1)                                     0.0770     0.5862 f
  U3554/ZN (INV_X1)                                     0.0508     0.6369 r
  U961/ZN (NAND2_X1)                                    0.0451     0.6820 f
  U6353/ZN (INV_X1)                                     0.1103     0.7923 r
  U6501/ZN (AOI22_X1)                                   0.0727     0.8650 f
  U2266/ZN (XNOR2_X1)                                   0.0664     0.9315 f
  U2265/ZN (XNOR2_X1)                                   0.0735     1.0049 f
  U6504/ZN (XNOR2_X1)                                   0.0708     1.0758 f
  U6568/ZN (OAI21_X1)                                   0.0474     1.1232 r
  U1628/ZN (AND2_X1)                                    0.0578     1.1810 r
  U11377/ZN (INV_X1)                                    0.0321     1.2131 f
  U2511/ZN (AOI22_X1)                                   0.0632     1.2763 r
  U11420/CO (FA_X1)                                     0.0762     1.3525 r
  U11428/ZN (XNOR2_X1)                                  0.0608     1.4133 r
  U11429/ZN (XNOR2_X1)                                  0.0627     1.4760 r
  U12711/ZN (AND2_X1)                                   0.0421     1.5181 r
  DP_i_execute_i_boothmul_i_tree_i_register_i_2_Y_temp_reg_31_/D (DFF_X1)
                                                        0.0110     1.5290 r
  data arrival time                                                1.5290

  clock CLK (rise edge)                                 1.1500     1.1500
  clock network delay (ideal)                           0.0500     1.2000
  clock uncertainty                                    -0.0500     1.1500
  DP_i_execute_i_boothmul_i_tree_i_register_i_2_Y_temp_reg_31_/CK (DFF_X1)
                                                        0.0000     1.1500 r
  library setup time                                   -0.0265     1.1235
  data required time                                               1.1235
  --------------------------------------------------------------------------
  data required time                                               1.1235
  data arrival time                                               -1.5290
  --------------------------------------------------------------------------
  slack (VIOLATED)                                                -0.4055


  Startpoint: DP_i_execute_i_rd_out_reg_i_Y_reg_1_
              (rising edge-triggered flip-flop clocked by CLK)
  Endpoint: DP_i_execute_i_boothmul_i_tree_i_register_i_3_Y_temp_reg_29_
            (rising edge-triggered flip-flop clocked by CLK)
  Path Group: REG2REG
  Path Type: max

  Des/Clust/Port     Wire Load Model       Library
  ------------------------------------------------
  DLX                5K_hvratio_1_4        NangateOpenCellLibrary

  Point                                                   Incr       Path
  --------------------------------------------------------------------------
  clock CLK (rise edge)                                 0.0000     0.0000
  clock network delay (ideal)                           0.0500     0.0500
  DP_i_execute_i_rd_out_reg_i_Y_reg_1_/CK (DFF_X1)      0.0000     0.0500 r
  DP_i_execute_i_rd_out_reg_i_Y_reg_1_/Q (DFF_X1)       0.1019     0.1519 r
  U2528/Z (XOR2_X1)                                     0.0621     0.2140 r
  U2790/ZN (AND2_X1)                                    0.0442     0.2583 r
  U2791/ZN (NAND4_X1)                                   0.0499     0.3082 f
  U2795/ZN (NAND4_X1)                                   0.0565     0.3647 r
  U2799/ZN (INV_X1)                                     0.0360     0.4007 f
  U1217/Z (BUF_X1)                                      0.0489     0.4495 f
  U2541/Z (BUF_X2)                                      0.0602     0.5098 f
  U2837/ZN (NAND2_X1)                                   0.0489     0.5587 r
  U2403/ZN (NAND2_X1)                                   0.0308     0.5895 f
  U1458/ZN (OR2_X1)                                     0.0864     0.6759 f
  U3945/ZN (OR2_X1)                                     0.0858     0.7616 f
  U6509/ZN (OR2_X1)                                     0.0645     0.8261 f
  U6511/ZN (NAND2_X1)                                   0.0336     0.8597 r
  U6512/ZN (XNOR2_X1)                                   0.0631     0.9228 r
  U6513/ZN (XNOR2_X1)                                   0.0661     0.9889 r
  U6514/ZN (XNOR2_X1)                                   0.0734     1.0622 r
  U6562/ZN (AOI21_X1)                                   0.0351     1.0973 f
  U1619/ZN (OR2_X1)                                     0.0589     1.1562 f
  U2657/ZN (XNOR2_X1)                                   0.0523     1.2085 r
  U6570/ZN (XNOR2_X1)                                   0.0666     1.2751 r
  U6604/ZN (XNOR2_X1)                                   0.0732     1.3483 r
  U6605/ZN (XNOR2_X1)                                   0.0682     1.4165 r
  U6607/ZN (XNOR2_X1)                                   0.0598     1.4763 r
  U13534/ZN (AND2_X1)                                   0.0421     1.5184 r
  DP_i_execute_i_boothmul_i_tree_i_register_i_3_Y_temp_reg_29_/D (DFF_X2)
                                                        0.0109     1.5293 r
  data arrival time                                                1.5293

  clock CLK (rise edge)                                 1.1500     1.1500
  clock network delay (ideal)                           0.0500     1.2000
  clock uncertainty                                    -0.0500     1.1500
  DP_i_execute_i_boothmul_i_tree_i_register_i_3_Y_temp_reg_29_/CK (DFF_X2)
                                                        0.0000     1.1500 r
  library setup time                                   -0.0262     1.1238
  data required time                                               1.1238
  --------------------------------------------------------------------------
  data required time                                               1.1238
  data arrival time                                               -1.5293
  --------------------------------------------------------------------------
  slack (VIOLATED)                                                -0.4054


  Startpoint: DP_i_execute_i_rd_out_reg_i_Y_reg_4_
              (rising edge-triggered flip-flop clocked by CLK)
  Endpoint: DP_i_execute_i_alu_out_reg_i_Y_reg_0_
            (rising edge-triggered flip-flop clocked by CLK)
  Path Group: REG2REG
  Path Type: max

  Des/Clust/Port     Wire Load Model       Library
  ------------------------------------------------
  DLX                5K_hvratio_1_4        NangateOpenCellLibrary

  Point                                                   Incr       Path
  --------------------------------------------------------------------------
  clock CLK (rise edge)                                 0.0000     0.0000
  clock network delay (ideal)                           0.0500     0.0500
  DP_i_execute_i_rd_out_reg_i_Y_reg_4_/CK (DFF_X1)      0.0000     0.0500 r
  DP_i_execute_i_rd_out_reg_i_Y_reg_4_/Q (DFF_X1)       0.1023     0.1523 r
  U2803/ZN (XNOR2_X1)                                   0.0662     0.2186 r
  U938/ZN (AND2_X1)                                     0.0494     0.2679 r
  U1133/ZN (NAND4_X1)                                   0.0378     0.3057 f
  U2811/ZN (NAND4_X1)                                   0.0397     0.3454 r
  U1848/Z (BUF_X1)                                      0.0456     0.3911 r
  U1347/ZN (INV_X1)                                     0.0466     0.4377 f
  U3160/ZN (AOI222_X1)                                  0.1261     0.5637 r
  U916/Z (MUX2_X1)                                      0.0792     0.6430 r
  U3163/S (FA_X1)                                       0.1277     0.7706 f
  U3165/Z (MUX2_X1)                                     0.0719     0.8425 f
  U3170/ZN (NAND2_X1)                                   0.0298     0.8723 r
  U1074/ZN (OR3_X2)                                     0.0407     0.9130 r
  U3186/ZN (NAND4_X1)                                   0.0382     0.9512 f
  U3202/ZN (OAI21_X1)                                   0.0481     0.9993 r
  U2716/ZN (OR2_X1)                                     0.0482     1.0475 r
  U5356/ZN (NAND2_X1)                                   0.0404     1.0879 f
  U2316/ZN (AND2_X1)                                    0.0457     1.1336 f
  U1064/ZN (OAI211_X1)                                  0.0593     1.1929 r
  U6450/ZN (NAND2_X1)                                   0.0331     1.2260 f
  U6451/ZN (AND2_X1)                                    0.0405     1.2665 f
  U6452/Z (MUX2_X1)                                     0.0679     1.3344 f
  U6454/ZN (AOI211_X1)                                  0.0739     1.4083 r
  U6455/ZN (OR2_X1)                                     0.0461     1.4544 r
  U11538/ZN (INV_X1)                                    0.0246     1.4790 f
  U2776/ZN (AOI21_X1)                                   0.0363     1.5153 r
  DP_i_execute_i_alu_out_reg_i_Y_reg_0_/D (DFF_X2)      0.0109     1.5262 r
  data arrival time                                                1.5262

  clock CLK (rise edge)                                 1.1500     1.1500
  clock network delay (ideal)                           0.0500     1.2000
  clock uncertainty                                    -0.0500     1.1500
  DP_i_execute_i_alu_out_reg_i_Y_reg_0_/CK (DFF_X2)     0.0000     1.1500 r
  library setup time                                   -0.0290     1.1210
  data required time                                               1.1210
  --------------------------------------------------------------------------
  data required time                                               1.1210
  data arrival time                                               -1.5262
  --------------------------------------------------------------------------
  slack (VIOLATED)                                                -0.4052


  Startpoint: DP_i_execute_i_rd_out_reg_i_Y_reg_4_
              (rising edge-triggered flip-flop clocked by CLK)
  Endpoint: DP_i_execute_i_alu_out_reg_i_Y_reg_0_
            (rising edge-triggered flip-flop clocked by CLK)
  Path Group: REG2REG
  Path Type: max

  Des/Clust/Port     Wire Load Model       Library
  ------------------------------------------------
  DLX                5K_hvratio_1_4        NangateOpenCellLibrary

  Point                                                   Incr       Path
  --------------------------------------------------------------------------
  clock CLK (rise edge)                                 0.0000     0.0000
  clock network delay (ideal)                           0.0500     0.0500
  DP_i_execute_i_rd_out_reg_i_Y_reg_4_/CK (DFF_X1)      0.0000     0.0500 r
  DP_i_execute_i_rd_out_reg_i_Y_reg_4_/Q (DFF_X1)       0.1023     0.1523 r
  U2803/ZN (XNOR2_X1)                                   0.0662     0.2186 r
  U938/ZN (AND2_X1)                                     0.0494     0.2679 r
  U1133/ZN (NAND4_X1)                                   0.0378     0.3057 f
  U2811/ZN (NAND4_X1)                                   0.0397     0.3454 r
  U1848/Z (BUF_X1)                                      0.0456     0.3911 r
  U1347/ZN (INV_X1)                                     0.0466     0.4377 f
  U3160/ZN (AOI222_X1)                                  0.1261     0.5637 r
  U916/Z (MUX2_X1)                                      0.0792     0.6430 r
  U3163/S (FA_X1)                                       0.1277     0.7706 f
  U3165/Z (MUX2_X1)                                     0.0719     0.8425 f
  U3170/ZN (NAND2_X1)                                   0.0298     0.8723 r
  U1074/ZN (OR3_X2)                                     0.0407     0.9130 r
  U3186/ZN (NAND4_X1)                                   0.0382     0.9512 f
  U3202/ZN (OAI21_X1)                                   0.0481     0.9993 r
  U2716/ZN (OR2_X1)                                     0.0482     1.0475 r
  U5356/ZN (NAND2_X1)                                   0.0404     1.0879 f
  U2316/ZN (AND2_X1)                                    0.0457     1.1336 f
  U1064/ZN (OAI211_X1)                                  0.0593     1.1929 r
  U6450/ZN (NAND2_X1)                                   0.0331     1.2260 f
  U6451/ZN (AND2_X1)                                    0.0405     1.2665 f
  U6452/Z (MUX2_X1)                                     0.0679     1.3344 f
  U6454/ZN (AOI211_X1)                                  0.0739     1.4083 r
  U6455/ZN (OR2_X1)                                     0.0461     1.4544 r
  U11538/ZN (INV_X1)                                    0.0246     1.4790 f
  U2776/ZN (AOI21_X1)                                   0.0363     1.5153 r
  DP_i_execute_i_alu_out_reg_i_Y_reg_0_/D (DFF_X2)      0.0109     1.5262 r
  data arrival time                                                1.5262

  clock CLK (rise edge)                                 1.1500     1.1500
  clock network delay (ideal)                           0.0500     1.2000
  clock uncertainty                                    -0.0500     1.1500
  DP_i_execute_i_alu_out_reg_i_Y_reg_0_/CK (DFF_X2)     0.0000     1.1500 r
  library setup time                                   -0.0290     1.1210
  data required time                                               1.1210
  --------------------------------------------------------------------------
  data required time                                               1.1210
  data arrival time                                               -1.5262
  --------------------------------------------------------------------------
  slack (VIOLATED)                                                -0.4052


  Startpoint: DP_i_execute_i_rd_out_reg_i_Y_reg_1_
              (rising edge-triggered flip-flop clocked by CLK)
  Endpoint: DP_i_execute_i_boothmul_i_tree_i_register_i_3_Y_temp_reg_29_
            (rising edge-triggered flip-flop clocked by CLK)
  Path Group: REG2REG
  Path Type: max

  Des/Clust/Port     Wire Load Model       Library
  ------------------------------------------------
  DLX                5K_hvratio_1_4        NangateOpenCellLibrary

  Point                                                   Incr       Path
  --------------------------------------------------------------------------
  clock CLK (rise edge)                                 0.0000     0.0000
  clock network delay (ideal)                           0.0500     0.0500
  DP_i_execute_i_rd_out_reg_i_Y_reg_1_/CK (DFF_X1)      0.0000     0.0500 r
  DP_i_execute_i_rd_out_reg_i_Y_reg_1_/Q (DFF_X1)       0.1019     0.1519 r
  U2528/Z (XOR2_X1)                                     0.0621     0.2140 r
  U2790/ZN (AND2_X1)                                    0.0442     0.2583 r
  U2791/ZN (NAND4_X1)                                   0.0499     0.3082 f
  U2795/ZN (NAND4_X1)                                   0.0565     0.3647 r
  U2799/ZN (INV_X1)                                     0.0360     0.4007 f
  U1217/Z (BUF_X1)                                      0.0489     0.4495 f
  U2541/Z (BUF_X2)                                      0.0602     0.5098 f
  U2837/ZN (NAND2_X1)                                   0.0489     0.5587 r
  U2403/ZN (NAND2_X1)                                   0.0308     0.5895 f
  U1458/ZN (OR2_X1)                                     0.0864     0.6759 f
  U3945/ZN (OR2_X1)                                     0.0858     0.7616 f
  U6509/ZN (OR2_X1)                                     0.0645     0.8261 f
  U6511/ZN (NAND2_X1)                                   0.0336     0.8597 r
  U6512/ZN (XNOR2_X1)                                   0.0631     0.9228 r
  U6513/ZN (XNOR2_X1)                                   0.0661     0.9889 r
  U6514/ZN (XNOR2_X1)                                   0.0734     1.0622 r
  U6562/ZN (AOI21_X1)                                   0.0351     1.0973 f
  U1619/ZN (OR2_X1)                                     0.0589     1.1562 f
  U2657/ZN (XNOR2_X1)                                   0.0600     1.2162 f
  U6570/ZN (XNOR2_X1)                                   0.0584     1.2747 r
  U6604/ZN (XNOR2_X1)                                   0.0732     1.3478 r
  U6605/ZN (XNOR2_X1)                                   0.0682     1.4160 r
  U6607/ZN (XNOR2_X1)                                   0.0598     1.4758 r
  U13534/ZN (AND2_X1)                                   0.0421     1.5179 r
  DP_i_execute_i_boothmul_i_tree_i_register_i_3_Y_temp_reg_29_/D (DFF_X2)
                                                        0.0109     1.5288 r
  data arrival time                                                1.5288

  clock CLK (rise edge)                                 1.1500     1.1500
  clock network delay (ideal)                           0.0500     1.2000
  clock uncertainty                                    -0.0500     1.1500
  DP_i_execute_i_boothmul_i_tree_i_register_i_3_Y_temp_reg_29_/CK (DFF_X2)
                                                        0.0000     1.1500 r
  library setup time                                   -0.0262     1.1238
  data required time                                               1.1238
  --------------------------------------------------------------------------
  data required time                                               1.1238
  data arrival time                                               -1.5288
  --------------------------------------------------------------------------
  slack (VIOLATED)                                                -0.4050


  Startpoint: DP_i_execute_i_rd_out_reg_i_Y_reg_4_
              (rising edge-triggered flip-flop clocked by CLK)
  Endpoint: DP_i_execute_i_boothmul_i_tree_i_register_i_3_Y_temp_reg_25_
            (rising edge-triggered flip-flop clocked by CLK)
  Path Group: REG2REG
  Path Type: max

  Des/Clust/Port     Wire Load Model       Library
  ------------------------------------------------
  DLX                5K_hvratio_1_4        NangateOpenCellLibrary

  Point                                                   Incr       Path
  --------------------------------------------------------------------------
  clock CLK (rise edge)                                 0.0000     0.0000
  clock network delay (ideal)                           0.0500     0.0500
  DP_i_execute_i_rd_out_reg_i_Y_reg_4_/CK (DFF_X1)      0.0000     0.0500 r
  DP_i_execute_i_rd_out_reg_i_Y_reg_4_/Q (DFF_X1)       0.1023     0.1523 r
  U2803/ZN (XNOR2_X1)                                   0.0662     0.2186 r
  U938/ZN (AND2_X1)                                     0.0494     0.2679 r
  U1133/ZN (NAND4_X1)                                   0.0378     0.3057 f
  U2811/ZN (NAND4_X1)                                   0.0397     0.3454 r
  U2813/ZN (NAND2_X1)                                   0.0409     0.3863 f
  U1120/ZN (INV_X1)                                     0.0658     0.4521 r
  U3156/ZN (AOI222_X1)                                  0.0617     0.5138 f
  U1813/Z (MUX2_X1)                                     0.0834     0.5972 f
  U1063/ZN (OR2_X1)                                     0.0649     0.6621 f
  U1166/ZN (OR2_X1)                                     0.0673     0.7295 f
  U3911/ZN (NAND2_X1)                                   0.0473     0.7767 r
  U1258/ZN (AND2_X1)                                    0.0561     0.8328 r
  U1461/Z (BUF_X2)                                      0.0576     0.8905 r
  U1180/ZN (AND2_X1)                                    0.0542     0.9446 r
  U1179/ZN (NOR2_X1)                                    0.0289     0.9735 f
  U9437/ZN (XNOR2_X1)                                   0.0745     1.0481 r
  U9438/ZN (XNOR2_X1)                                   0.0784     1.1265 r
  U10454/ZN (NAND2_X1)                                  0.0315     1.1579 f
  U10455/ZN (AND2_X1)                                   0.0486     1.2066 f
  U10730/S (FA_X1)                                      0.1357     1.3423 f
  U11053/S (FA_X1)                                      0.1356     1.4779 r
  U13104/ZN (AND2_X1)                                   0.0395     1.5173 r
  DP_i_execute_i_boothmul_i_tree_i_register_i_3_Y_temp_reg_25_/D (DFF_X1)
                                                        0.0110     1.5283 r
  data arrival time                                                1.5283

  clock CLK (rise edge)                                 1.1500     1.1500
  clock network delay (ideal)                           0.0500     1.2000
  clock uncertainty                                    -0.0500     1.1500
  DP_i_execute_i_boothmul_i_tree_i_register_i_3_Y_temp_reg_25_/CK (DFF_X1)
                                                        0.0000     1.1500 r
  library setup time                                   -0.0265     1.1235
  data required time                                               1.1235
  --------------------------------------------------------------------------
  data required time                                               1.1235
  data arrival time                                               -1.5283
  --------------------------------------------------------------------------
  slack (VIOLATED)                                                -0.4048


  Startpoint: DP_i_execute_i_rd_out_reg_i_Y_reg_4_
              (rising edge-triggered flip-flop clocked by CLK)
  Endpoint: DP_i_execute_i_boothmul_i_tree_i_register_i_3_Y_temp_reg_25_
            (rising edge-triggered flip-flop clocked by CLK)
  Path Group: REG2REG
  Path Type: max

  Des/Clust/Port     Wire Load Model       Library
  ------------------------------------------------
  DLX                5K_hvratio_1_4        NangateOpenCellLibrary

  Point                                                   Incr       Path
  --------------------------------------------------------------------------
  clock CLK (rise edge)                                 0.0000     0.0000
  clock network delay (ideal)                           0.0500     0.0500
  DP_i_execute_i_rd_out_reg_i_Y_reg_4_/CK (DFF_X1)      0.0000     0.0500 r
  DP_i_execute_i_rd_out_reg_i_Y_reg_4_/Q (DFF_X1)       0.1023     0.1523 r
  U2803/ZN (XNOR2_X1)                                   0.0662     0.2186 r
  U938/ZN (AND2_X1)                                     0.0494     0.2679 r
  U1133/ZN (NAND4_X1)                                   0.0378     0.3057 f
  U2811/ZN (NAND4_X1)                                   0.0397     0.3454 r
  U2813/ZN (NAND2_X1)                                   0.0409     0.3863 f
  U1120/ZN (INV_X1)                                     0.0658     0.4521 r
  U3156/ZN (AOI222_X1)                                  0.0617     0.5138 f
  U1813/Z (MUX2_X1)                                     0.0834     0.5972 f
  U1063/ZN (OR2_X1)                                     0.0649     0.6621 f
  U1166/ZN (OR2_X1)                                     0.0673     0.7295 f
  U3911/ZN (NAND2_X1)                                   0.0473     0.7767 r
  U1258/ZN (AND2_X1)                                    0.0561     0.8328 r
  U1461/Z (BUF_X2)                                      0.0576     0.8905 r
  U1180/ZN (AND2_X1)                                    0.0542     0.9446 r
  U1179/ZN (NOR2_X1)                                    0.0289     0.9735 f
  U9437/ZN (XNOR2_X1)                                   0.0745     1.0481 r
  U9438/ZN (XNOR2_X1)                                   0.0784     1.1265 r
  U10454/ZN (NAND2_X1)                                  0.0315     1.1579 f
  U10455/ZN (AND2_X1)                                   0.0486     1.2066 f
  U10730/S (FA_X1)                                      0.1357     1.3423 f
  U11053/S (FA_X1)                                      0.1356     1.4779 r
  U13104/ZN (AND2_X1)                                   0.0395     1.5173 r
  DP_i_execute_i_boothmul_i_tree_i_register_i_3_Y_temp_reg_25_/D (DFF_X1)
                                                        0.0110     1.5283 r
  data arrival time                                                1.5283

  clock CLK (rise edge)                                 1.1500     1.1500
  clock network delay (ideal)                           0.0500     1.2000
  clock uncertainty                                    -0.0500     1.1500
  DP_i_execute_i_boothmul_i_tree_i_register_i_3_Y_temp_reg_25_/CK (DFF_X1)
                                                        0.0000     1.1500 r
  library setup time                                   -0.0265     1.1235
  data required time                                               1.1235
  --------------------------------------------------------------------------
  data required time                                               1.1235
  data arrival time                                               -1.5283
  --------------------------------------------------------------------------
  slack (VIOLATED)                                                -0.4048


1
