 
****************************************
Report : timing
        -path full
        -delay max
        -nworst 2
        -group REG2REG
        -max_paths 10
Design : DLX
Version: W-2024.09-SP2
Date   : Sun Sep 27 02:56:56 2026
****************************************

Operating Conditions: typical   Library: NangateOpenCellLibrary
Wire Load Model Mode: top

  Startpoint: DP_i_fetch_i_IR_out_reg_28_
              (rising edge-triggered flip-flop clocked by CLK)
  Endpoint: DP_i_fetch_i_pc_i_Y_reg_10_
            (rising edge-triggered flip-flop clocked by CLK)
  Path Group: REG2REG
  Path Type: max

  Des/Clust/Port     Wire Load Model       Library
  ------------------------------------------------
  DLX                5K_hvratio_1_4        NangateOpenCellLibrary

  Point                                                   Incr       Path
  --------------------------------------------------------------------------
  clock CLK (rise edge)                                 0.0000     0.0000
  clock network delay (ideal)                           0.0500     0.0500
  DP_i_fetch_i_IR_out_reg_28_/CK (DFF_X1)               0.0000     0.0500 r
  DP_i_fetch_i_IR_out_reg_28_/QN (DFF_X1)               0.0899     0.1399 f
  U4471/ZN (INV_X1)                                     0.0475     0.1874 r
  U3321/ZN (AND2_X1)                                    0.0519     0.2393 r
  U1747/ZN (NAND2_X1)                                   0.0368     0.2761 f
  U3038/ZN (AND2_X1)                                    0.0467     0.3228 f
  U2500/ZN (AND4_X1)                                    0.0480     0.3708 f
  U1670/ZN (OR2_X1)                                     0.0585     0.4293 f
  U3238/ZN (NAND2_X1)                                   0.0332     0.4625 r
  U1231/ZN (AND2_X1)                                    0.0492     0.5117 r
  U5210/ZN (XNOR2_X1)                                   0.0602     0.5719 r
  U5213/ZN (NAND2_X1)                                   0.0330     0.6049 f
  U5217/ZN (NOR2_X1)                                    0.0360     0.6409 r
  U5219/ZN (AND2_X1)                                    0.0479     0.6888 r
  U2431/ZN (OAI211_X1)                                  0.0441     0.7329 f
  U3136/ZN (NAND2_X1)                                   0.0351     0.7679 r
  U3101/ZN (NAND2_X1)                                   0.0344     0.8023 f
  U5262/ZN (NAND2_X1)                                   0.0345     0.8368 r
  U2901/ZN (AND2_X1)                                    0.0485     0.8852 r
  U2038/ZN (NAND2_X1)                                   0.0314     0.9166 f
  U2962/ZN (XNOR2_X1)                                   0.0626     0.9792 f
  U5356/ZN (XNOR2_X1)                                   0.0713     1.0506 f
  U5357/ZN (AND2_X1)                                    0.0454     1.0960 f
  U5368/ZN (NAND4_X1)                                   0.0336     1.1296 r
  U994/ZN (AND3_X1)                                     0.0671     1.1967 r
  U13225/ZN (AND2_X4)                                   0.1051     1.3018 r
  U14041/ZN (NAND2_X1)                                  0.0563     1.3581 f
  U3266/ZN (AND2_X1)                                    0.0422     1.4002 f
  U12086/ZN (NAND4_X1)                                  0.0337     1.4339 r
  DP_i_fetch_i_pc_i_Y_reg_10_/D (DFF_X2)                0.0109     1.4448 r
  data arrival time                                                1.4448

  clock CLK (rise edge)                                 1.1000     1.1000
  clock network delay (ideal)                           0.0500     1.1500
  clock uncertainty                                    -0.0500     1.1000
  DP_i_fetch_i_pc_i_Y_reg_10_/CK (DFF_X2)               0.0000     1.1000 r
  library setup time                                   -0.0275     1.0725
  data required time                                               1.0725
  --------------------------------------------------------------------------
  data required time                                               1.0725
  data arrival time                                               -1.4448
  --------------------------------------------------------------------------
  slack (VIOLATED)                                                -0.3723


  Startpoint: DP_i_fetch_i_IR_out_reg_28_
              (rising edge-triggered flip-flop clocked by CLK)
  Endpoint: DP_i_fetch_i_pc_i_Y_reg_8_
            (rising edge-triggered flip-flop clocked by CLK)
  Path Group: REG2REG
  Path Type: max

  Des/Clust/Port     Wire Load Model       Library
  ------------------------------------------------
  DLX                5K_hvratio_1_4        NangateOpenCellLibrary

  Point                                                   Incr       Path
  --------------------------------------------------------------------------
  clock CLK (rise edge)                                 0.0000     0.0000
  clock network delay (ideal)                           0.0500     0.0500
  DP_i_fetch_i_IR_out_reg_28_/CK (DFF_X1)               0.0000     0.0500 r
  DP_i_fetch_i_IR_out_reg_28_/QN (DFF_X1)               0.0899     0.1399 f
  U4471/ZN (INV_X1)                                     0.0475     0.1874 r
  U3321/ZN (AND2_X1)                                    0.0519     0.2393 r
  U1747/ZN (NAND2_X1)                                   0.0368     0.2761 f
  U3038/ZN (AND2_X1)                                    0.0467     0.3228 f
  U2500/ZN (AND4_X1)                                    0.0480     0.3708 f
  U1670/ZN (OR2_X1)                                     0.0585     0.4293 f
  U3238/ZN (NAND2_X1)                                   0.0332     0.4625 r
  U1231/ZN (AND2_X1)                                    0.0492     0.5117 r
  U5210/ZN (XNOR2_X1)                                   0.0602     0.5719 r
  U5213/ZN (NAND2_X1)                                   0.0330     0.6049 f
  U5217/ZN (NOR2_X1)                                    0.0360     0.6409 r
  U5219/ZN (AND2_X1)                                    0.0479     0.6888 r
  U2431/ZN (OAI211_X1)                                  0.0441     0.7329 f
  U3136/ZN (NAND2_X1)                                   0.0351     0.7679 r
  U3101/ZN (NAND2_X1)                                   0.0344     0.8023 f
  U5262/ZN (NAND2_X1)                                   0.0345     0.8368 r
  U2901/ZN (AND2_X1)                                    0.0485     0.8852 r
  U2038/ZN (NAND2_X1)                                   0.0314     0.9166 f
  U2962/ZN (XNOR2_X1)                                   0.0626     0.9792 f
  U5356/ZN (XNOR2_X1)                                   0.0713     1.0506 f
  U2032/ZN (AND2_X1)                                    0.0418     1.0924 f
  U2721/ZN (NAND4_X1)                                   0.0380     1.1304 r
  U2974/ZN (NAND3_X1)                                   0.0405     1.1709 f
  U1390/ZN (OR3_X4)                                     0.1053     1.2762 f
  U14057/ZN (OR2_X1)                                    0.0844     1.3607 f
  U946/ZN (AND2_X2)                                     0.0401     1.4007 f
  U945/ZN (NAND4_X1)                                    0.0331     1.4338 r
  DP_i_fetch_i_pc_i_Y_reg_8_/D (DFF_X2)                 0.0109     1.4447 r
  data arrival time                                                1.4447

  clock CLK (rise edge)                                 1.1000     1.1000
  clock network delay (ideal)                           0.0500     1.1500
  clock uncertainty                                    -0.0500     1.1000
  DP_i_fetch_i_pc_i_Y_reg_8_/CK (DFF_X2)                0.0000     1.1000 r
  library setup time                                   -0.0275     1.0725
  data required time                                               1.0725
  --------------------------------------------------------------------------
  data required time                                               1.0725
  data arrival time                                               -1.4447
  --------------------------------------------------------------------------
  slack (VIOLATED)                                                -0.3722


  Startpoint: DP_i_fetch_i_IR_out_reg_28_
              (rising edge-triggered flip-flop clocked by CLK)
  Endpoint: DP_i_fetch_i_pc_i_Y_reg_15_
            (rising edge-triggered flip-flop clocked by CLK)
  Path Group: REG2REG
  Path Type: max

  Des/Clust/Port     Wire Load Model       Library
  ------------------------------------------------
  DLX                5K_hvratio_1_4        NangateOpenCellLibrary

  Point                                                   Incr       Path
  --------------------------------------------------------------------------
  clock CLK (rise edge)                                 0.0000     0.0000
  clock network delay (ideal)                           0.0500     0.0500
  DP_i_fetch_i_IR_out_reg_28_/CK (DFF_X1)               0.0000     0.0500 r
  DP_i_fetch_i_IR_out_reg_28_/QN (DFF_X1)               0.0899     0.1399 f
  U4471/ZN (INV_X1)                                     0.0475     0.1874 r
  U3321/ZN (AND2_X1)                                    0.0519     0.2393 r
  U1747/ZN (NAND2_X1)                                   0.0368     0.2761 f
  U3038/ZN (AND2_X1)                                    0.0467     0.3228 f
  U2500/ZN (AND4_X1)                                    0.0480     0.3708 f
  U1670/ZN (OR2_X1)                                     0.0585     0.4293 f
  U3238/ZN (NAND2_X1)                                   0.0332     0.4625 r
  U1231/ZN (AND2_X1)                                    0.0492     0.5117 r
  U5210/ZN (XNOR2_X1)                                   0.0602     0.5719 r
  U5213/ZN (NAND2_X1)                                   0.0330     0.6049 f
  U5217/ZN (NOR2_X1)                                    0.0360     0.6409 r
  U5219/ZN (AND2_X1)                                    0.0479     0.6888 r
  U2431/ZN (OAI211_X1)                                  0.0441     0.7329 f
  U3136/ZN (NAND2_X1)                                   0.0351     0.7679 r
  U3101/ZN (NAND2_X1)                                   0.0344     0.8023 f
  U5262/ZN (NAND2_X1)                                   0.0345     0.8368 r
  U2901/ZN (AND2_X1)                                    0.0485     0.8852 r
  U2038/ZN (NAND2_X1)                                   0.0314     0.9166 f
  U2962/ZN (XNOR2_X1)                                   0.0626     0.9792 f
  U5356/ZN (XNOR2_X1)                                   0.0713     1.0506 f
  U2032/ZN (AND2_X1)                                    0.0418     1.0924 f
  U2721/ZN (NAND4_X1)                                   0.0380     1.1304 r
  U2974/ZN (NAND3_X1)                                   0.0405     1.1709 f
  U1390/ZN (OR3_X4)                                     0.1053     1.2762 f
  U14015/ZN (OR2_X1)                                    0.0844     1.3607 f
  U944/ZN (AND2_X2)                                     0.0401     1.4007 f
  U943/ZN (NAND4_X1)                                    0.0331     1.4338 r
  DP_i_fetch_i_pc_i_Y_reg_15_/D (DFF_X2)                0.0109     1.4447 r
  data arrival time                                                1.4447

  clock CLK (rise edge)                                 1.1000     1.1000
  clock network delay (ideal)                           0.0500     1.1500
  clock uncertainty                                    -0.0500     1.1000
  DP_i_fetch_i_pc_i_Y_reg_15_/CK (DFF_X2)               0.0000     1.1000 r
  library setup time                                   -0.0275     1.0725
  data required time                                               1.0725
  --------------------------------------------------------------------------
  data required time                                               1.0725
  data arrival time                                               -1.4447
  --------------------------------------------------------------------------
  slack (VIOLATED)                                                -0.3722


  Startpoint: DP_i_fetch_i_IR_out_reg_28_
              (rising edge-triggered flip-flop clocked by CLK)
  Endpoint: DP_i_fetch_i_pc_i_Y_reg_10_
            (rising edge-triggered flip-flop clocked by CLK)
  Path Group: REG2REG
  Path Type: max

  Des/Clust/Port     Wire Load Model       Library
  ------------------------------------------------
  DLX                5K_hvratio_1_4        NangateOpenCellLibrary

  Point                                                   Incr       Path
  --------------------------------------------------------------------------
  clock CLK (rise edge)                                 0.0000     0.0000
  clock network delay (ideal)                           0.0500     0.0500
  DP_i_fetch_i_IR_out_reg_28_/CK (DFF_X1)               0.0000     0.0500 r
  DP_i_fetch_i_IR_out_reg_28_/QN (DFF_X1)               0.0899     0.1399 f
  U3300/Z (XOR2_X1)                                     0.0833     0.2232 f
  U2925/ZN (NAND2_X1)                                   0.0332     0.2564 r
  U2914/ZN (NAND2_X1)                                   0.0324     0.2889 f
  U2613/ZN (NAND2_X1)                                   0.0335     0.3224 r
  U2500/ZN (AND4_X1)                                    0.0645     0.3869 r
  U1670/ZN (OR2_X1)                                     0.0414     0.4282 r
  U3046/ZN (OAI21_X1)                                   0.0297     0.4579 f
  U5155/ZN (AND2_X1)                                    0.0448     0.5028 f
  U5218/S (FA_X1)                                       0.1358     0.6386 r
  U5219/ZN (AND2_X1)                                    0.0500     0.6885 r
  U2431/ZN (OAI211_X1)                                  0.0441     0.7326 f
  U3136/ZN (NAND2_X1)                                   0.0351     0.7677 r
  U3101/ZN (NAND2_X1)                                   0.0344     0.8020 f
  U5262/ZN (NAND2_X1)                                   0.0345     0.8365 r
  U2901/ZN (AND2_X1)                                    0.0485     0.8850 r
  U2038/ZN (NAND2_X1)                                   0.0314     0.9163 f
  U2962/ZN (XNOR2_X1)                                   0.0626     0.9789 f
  U5356/ZN (XNOR2_X1)                                   0.0713     1.0503 f
  U5357/ZN (AND2_X1)                                    0.0454     1.0957 f
  U5368/ZN (NAND4_X1)                                   0.0336     1.1293 r
  U994/ZN (AND3_X1)                                     0.0671     1.1964 r
  U13225/ZN (AND2_X4)                                   0.1051     1.3015 r
  U14041/ZN (NAND2_X1)                                  0.0563     1.3578 f
  U3266/ZN (AND2_X1)                                    0.0422     1.4000 f
  U12086/ZN (NAND4_X1)                                  0.0337     1.4336 r
  DP_i_fetch_i_pc_i_Y_reg_10_/D (DFF_X2)                0.0109     1.4445 r
  data arrival time                                                1.4445

  clock CLK (rise edge)                                 1.1000     1.1000
  clock network delay (ideal)                           0.0500     1.1500
  clock uncertainty                                    -0.0500     1.1000
  DP_i_fetch_i_pc_i_Y_reg_10_/CK (DFF_X2)               0.0000     1.1000 r
  library setup time                                   -0.0275     1.0725
  data required time                                               1.0725
  --------------------------------------------------------------------------
  data required time                                               1.0725
  data arrival time                                               -1.4445
  --------------------------------------------------------------------------
  slack (VIOLATED)                                                -0.3720


  Startpoint: DP_i_fetch_i_IR_out_reg_28_
              (rising edge-triggered flip-flop clocked by CLK)
  Endpoint: DP_i_fetch_i_pc_i_Y_reg_8_
            (rising edge-triggered flip-flop clocked by CLK)
  Path Group: REG2REG
  Path Type: max

  Des/Clust/Port     Wire Load Model       Library
  ------------------------------------------------
  DLX                5K_hvratio_1_4        NangateOpenCellLibrary

  Point                                                   Incr       Path
  --------------------------------------------------------------------------
  clock CLK (rise edge)                                 0.0000     0.0000
  clock network delay (ideal)                           0.0500     0.0500
  DP_i_fetch_i_IR_out_reg_28_/CK (DFF_X1)               0.0000     0.0500 r
  DP_i_fetch_i_IR_out_reg_28_/QN (DFF_X1)               0.0899     0.1399 f
  U3300/Z (XOR2_X1)                                     0.0833     0.2232 f
  U2925/ZN (NAND2_X1)                                   0.0332     0.2564 r
  U2914/ZN (NAND2_X1)                                   0.0324     0.2889 f
  U2613/ZN (NAND2_X1)                                   0.0335     0.3224 r
  U2500/ZN (AND4_X1)                                    0.0645     0.3869 r
  U1670/ZN (OR2_X1)                                     0.0414     0.4282 r
  U3046/ZN (OAI21_X1)                                   0.0297     0.4579 f
  U5155/ZN (AND2_X1)                                    0.0448     0.5028 f
  U5218/S (FA_X1)                                       0.1358     0.6386 r
  U5219/ZN (AND2_X1)                                    0.0500     0.6885 r
  U2431/ZN (OAI211_X1)                                  0.0441     0.7326 f
  U3136/ZN (NAND2_X1)                                   0.0351     0.7677 r
  U3101/ZN (NAND2_X1)                                   0.0344     0.8020 f
  U5262/ZN (NAND2_X1)                                   0.0345     0.8365 r
  U2901/ZN (AND2_X1)                                    0.0485     0.8850 r
  U2038/ZN (NAND2_X1)                                   0.0314     0.9163 f
  U2962/ZN (XNOR2_X1)                                   0.0626     0.9789 f
  U5356/ZN (XNOR2_X1)                                   0.0713     1.0503 f
  U2032/ZN (AND2_X1)                                    0.0418     1.0921 f
  U2721/ZN (NAND4_X1)                                   0.0380     1.1301 r
  U2974/ZN (NAND3_X1)                                   0.0405     1.1707 f
  U1390/ZN (OR3_X4)                                     0.1053     1.2759 f
  U14057/ZN (OR2_X1)                                    0.0844     1.3604 f
  U946/ZN (AND2_X2)                                     0.0401     1.4004 f
  U945/ZN (NAND4_X1)                                    0.0331     1.4335 r
  DP_i_fetch_i_pc_i_Y_reg_8_/D (DFF_X2)                 0.0109     1.4444 r
  data arrival time                                                1.4444

  clock CLK (rise edge)                                 1.1000     1.1000
  clock network delay (ideal)                           0.0500     1.1500
  clock uncertainty                                    -0.0500     1.1000
  DP_i_fetch_i_pc_i_Y_reg_8_/CK (DFF_X2)                0.0000     1.1000 r
  library setup time                                   -0.0275     1.0725
  data required time                                               1.0725
  --------------------------------------------------------------------------
  data required time                                               1.0725
  data arrival time                                               -1.4444
  --------------------------------------------------------------------------
  slack (VIOLATED)                                                -0.3719


  Startpoint: DP_i_fetch_i_IR_out_reg_28_
              (rising edge-triggered flip-flop clocked by CLK)
  Endpoint: DP_i_fetch_i_pc_i_Y_reg_15_
            (rising edge-triggered flip-flop clocked by CLK)
  Path Group: REG2REG
  Path Type: max

  Des/Clust/Port     Wire Load Model       Library
  ------------------------------------------------
  DLX                5K_hvratio_1_4        NangateOpenCellLibrary

  Point                                                   Incr       Path
  --------------------------------------------------------------------------
  clock CLK (rise edge)                                 0.0000     0.0000
  clock network delay (ideal)                           0.0500     0.0500
  DP_i_fetch_i_IR_out_reg_28_/CK (DFF_X1)               0.0000     0.0500 r
  DP_i_fetch_i_IR_out_reg_28_/QN (DFF_X1)               0.0899     0.1399 f
  U3300/Z (XOR2_X1)                                     0.0833     0.2232 f
  U2925/ZN (NAND2_X1)                                   0.0332     0.2564 r
  U2914/ZN (NAND2_X1)                                   0.0324     0.2889 f
  U2613/ZN (NAND2_X1)                                   0.0335     0.3224 r
  U2500/ZN (AND4_X1)                                    0.0645     0.3869 r
  U1670/ZN (OR2_X1)                                     0.0414     0.4282 r
  U3046/ZN (OAI21_X1)                                   0.0297     0.4579 f
  U5155/ZN (AND2_X1)                                    0.0448     0.5028 f
  U5218/S (FA_X1)                                       0.1358     0.6386 r
  U5219/ZN (AND2_X1)                                    0.0500     0.6885 r
  U2431/ZN (OAI211_X1)                                  0.0441     0.7326 f
  U3136/ZN (NAND2_X1)                                   0.0351     0.7677 r
  U3101/ZN (NAND2_X1)                                   0.0344     0.8020 f
  U5262/ZN (NAND2_X1)                                   0.0345     0.8365 r
  U2901/ZN (AND2_X1)                                    0.0485     0.8850 r
  U2038/ZN (NAND2_X1)                                   0.0314     0.9163 f
  U2962/ZN (XNOR2_X1)                                   0.0626     0.9789 f
  U5356/ZN (XNOR2_X1)                                   0.0713     1.0503 f
  U2032/ZN (AND2_X1)                                    0.0418     1.0921 f
  U2721/ZN (NAND4_X1)                                   0.0380     1.1301 r
  U2974/ZN (NAND3_X1)                                   0.0405     1.1707 f
  U1390/ZN (OR3_X4)                                     0.1053     1.2759 f
  U14015/ZN (OR2_X1)                                    0.0844     1.3604 f
  U944/ZN (AND2_X2)                                     0.0401     1.4004 f
  U943/ZN (NAND4_X1)                                    0.0331     1.4335 r
  DP_i_fetch_i_pc_i_Y_reg_15_/D (DFF_X2)                0.0109     1.4444 r
  data arrival time                                                1.4444

  clock CLK (rise edge)                                 1.1000     1.1000
  clock network delay (ideal)                           0.0500     1.1500
  clock uncertainty                                    -0.0500     1.1000
  DP_i_fetch_i_pc_i_Y_reg_15_/CK (DFF_X2)               0.0000     1.1000 r
  library setup time                                   -0.0275     1.0725
  data required time                                               1.0725
  --------------------------------------------------------------------------
  data required time                                               1.0725
  data arrival time                                               -1.4444
  --------------------------------------------------------------------------
  slack (VIOLATED)                                                -0.3719


  Startpoint: DP_i_fetch_i_IR_out_reg_28_
              (rising edge-triggered flip-flop clocked by CLK)
  Endpoint: DP_i_fetch_i_pc_i_Y_reg_25_
            (rising edge-triggered flip-flop clocked by CLK)
  Path Group: REG2REG
  Path Type: max

  Des/Clust/Port     Wire Load Model       Library
  ------------------------------------------------
  DLX                5K_hvratio_1_4        NangateOpenCellLibrary

  Point                                                   Incr       Path
  --------------------------------------------------------------------------
  clock CLK (rise edge)                                 0.0000     0.0000
  clock network delay (ideal)                           0.0500     0.0500
  DP_i_fetch_i_IR_out_reg_28_/CK (DFF_X1)               0.0000     0.0500 r
  DP_i_fetch_i_IR_out_reg_28_/QN (DFF_X1)               0.0899     0.1399 f
  U4471/ZN (INV_X1)                                     0.0475     0.1874 r
  U3321/ZN (AND2_X1)                                    0.0519     0.2393 r
  U1747/ZN (NAND2_X1)                                   0.0368     0.2761 f
  U3038/ZN (AND2_X1)                                    0.0467     0.3228 f
  U2500/ZN (AND4_X1)                                    0.0480     0.3708 f
  U1670/ZN (OR2_X1)                                     0.0585     0.4293 f
  U3238/ZN (NAND2_X1)                                   0.0332     0.4625 r
  U1231/ZN (AND2_X1)                                    0.0492     0.5117 r
  U5210/ZN (XNOR2_X1)                                   0.0602     0.5719 r
  U5213/ZN (NAND2_X1)                                   0.0330     0.6049 f
  U5217/ZN (NOR2_X1)                                    0.0360     0.6409 r
  U5219/ZN (AND2_X1)                                    0.0479     0.6888 r
  U2431/ZN (OAI211_X1)                                  0.0441     0.7329 f
  U3136/ZN (NAND2_X1)                                   0.0351     0.7679 r
  U3101/ZN (NAND2_X1)                                   0.0344     0.8023 f
  U5262/ZN (NAND2_X1)                                   0.0345     0.8368 r
  U2901/ZN (AND2_X1)                                    0.0485     0.8852 r
  U2038/ZN (NAND2_X1)                                   0.0314     0.9166 f
  U2962/ZN (XNOR2_X1)                                   0.0626     0.9792 f
  U5356/ZN (XNOR2_X1)                                   0.0713     1.0506 f
  U5357/ZN (AND2_X1)                                    0.0454     1.0960 f
  U5368/ZN (NAND4_X1)                                   0.0336     1.1296 r
  U994/ZN (AND3_X1)                                     0.0671     1.1967 r
  U13225/ZN (AND2_X4)                                   0.1051     1.3018 r
  U13935/ZN (NAND2_X1)                                  0.0564     1.3581 f
  U13937/ZN (AND2_X1)                                   0.0454     1.4036 f
  U13941/ZN (NAND4_X1)                                  0.0294     1.4330 r
  DP_i_fetch_i_pc_i_Y_reg_25_/D (DFF_X2)                0.0109     1.4439 r
  data arrival time                                                1.4439

  clock CLK (rise edge)                                 1.1000     1.1000
  clock network delay (ideal)                           0.0500     1.1500
  clock uncertainty                                    -0.0500     1.1000
  DP_i_fetch_i_pc_i_Y_reg_25_/CK (DFF_X2)               0.0000     1.1000 r
  library setup time                                   -0.0275     1.0725
  data required time                                               1.0725
  --------------------------------------------------------------------------
  data required time                                               1.0725
  data arrival time                                               -1.4439
  --------------------------------------------------------------------------
  slack (VIOLATED)                                                -0.3714


  Startpoint: DP_i_decode_i_rs2_addr_i_Y_reg_2_
              (rising edge-triggered flip-flop clocked by CLK)
  Endpoint: DP_i_execute_i_boothmul_i_tree_i_register_i_2_Y_temp_reg_31_
            (rising edge-triggered flip-flop clocked by CLK)
  Path Group: REG2REG
  Path Type: max

  Des/Clust/Port     Wire Load Model       Library
  ------------------------------------------------
  DLX                5K_hvratio_1_4        NangateOpenCellLibrary

  Point                                                   Incr       Path
  --------------------------------------------------------------------------
  clock CLK (rise edge)                                 0.0000     0.0000
  clock network delay (ideal)                           0.0500     0.0500
  DP_i_decode_i_rs2_addr_i_Y_reg_2_/CK (DFF_X1)         0.0000     0.0500 r
  DP_i_decode_i_rs2_addr_i_Y_reg_2_/QN (DFF_X1)         0.0782     0.1282 f
  U2549/ZN (INV_X1)                                     0.0313     0.1595 r
  U3328/ZN (XNOR2_X1)                                   0.0657     0.2252 r
  U981/ZN (AND4_X2)                                     0.0733     0.2984 r
  U1510/ZN (AND3_X1)                                    0.0683     0.3667 r
  U1258/Z (BUF_X1)                                      0.0593     0.4260 r
  U5580/ZN (NAND2_X1)                                   0.0356     0.4616 f
  U3241/ZN (AND2_X1)                                    0.0408     0.5024 f
  U3255/ZN (NAND2_X1)                                   0.0312     0.5336 r
  U5743/Z (MUX2_X1)                                     0.0615     0.5951 r
  U2184/ZN (INV_X1)                                     0.0263     0.6214 f
  U2371/ZN (AND2_X1)                                    0.0400     0.6614 f
  U1335/ZN (OR2_X1)                                     0.0595     0.7209 f
  U7380/ZN (NAND2_X1)                                   0.0369     0.7578 r
  U2537/ZN (OR2_X1)                                     0.0374     0.7952 r
  U2538/ZN (NAND2_X1)                                   0.0313     0.8265 f
  U7383/S (FA_X1)                                       0.1483     0.9748 r
  U7384/S (FA_X1)                                       0.1241     1.0989 f
  U2961/ZN (XNOR2_X1)                                   0.0661     1.1650 f
  U11116/ZN (XNOR2_X1)                                  0.0609     1.2259 f
  U11117/ZN (XNOR2_X1)                                  0.0609     1.2868 f
  U11120/ZN (OAI21_X1)                                  0.0453     1.3322 r
  U11121/ZN (XNOR2_X1)                                  0.0597     1.3919 r
  U13723/ZN (AND2_X1)                                   0.0421     1.4339 r
  DP_i_execute_i_boothmul_i_tree_i_register_i_2_Y_temp_reg_31_/D (DFF_X1)
                                                        0.0110     1.4449 r
  data arrival time                                                1.4449

  clock CLK (rise edge)                                 1.1000     1.1000
  clock network delay (ideal)                           0.0500     1.1500
  clock uncertainty                                    -0.0500     1.1000
  DP_i_execute_i_boothmul_i_tree_i_register_i_2_Y_temp_reg_31_/CK (DFF_X1)
                                                        0.0000     1.1000 r
  library setup time                                   -0.0265     1.0735
  data required time                                               1.0735
  --------------------------------------------------------------------------
  data required time                                               1.0735
  data arrival time                                               -1.4449
  --------------------------------------------------------------------------
  slack (VIOLATED)                                                -0.3714


  Startpoint: DP_i_decode_i_rs2_addr_i_Y_reg_2_
              (rising edge-triggered flip-flop clocked by CLK)
  Endpoint: DP_i_execute_i_boothmul_i_tree_i_register_i_2_Y_temp_reg_31_
            (rising edge-triggered flip-flop clocked by CLK)
  Path Group: REG2REG
  Path Type: max

  Des/Clust/Port     Wire Load Model       Library
  ------------------------------------------------
  DLX                5K_hvratio_1_4        NangateOpenCellLibrary

  Point                                                   Incr       Path
  --------------------------------------------------------------------------
  clock CLK (rise edge)                                 0.0000     0.0000
  clock network delay (ideal)                           0.0500     0.0500
  DP_i_decode_i_rs2_addr_i_Y_reg_2_/CK (DFF_X1)         0.0000     0.0500 r
  DP_i_decode_i_rs2_addr_i_Y_reg_2_/QN (DFF_X1)         0.0782     0.1282 f
  U2549/ZN (INV_X1)                                     0.0313     0.1595 r
  U3328/ZN (XNOR2_X1)                                   0.0657     0.2252 r
  U981/ZN (AND4_X2)                                     0.0733     0.2984 r
  U1510/ZN (AND3_X1)                                    0.0683     0.3667 r
  U1258/Z (BUF_X1)                                      0.0593     0.4260 r
  U5580/ZN (NAND2_X1)                                   0.0356     0.4616 f
  U3241/ZN (AND2_X1)                                    0.0408     0.5024 f
  U3255/ZN (NAND2_X1)                                   0.0312     0.5336 r
  U5743/Z (MUX2_X1)                                     0.0615     0.5951 r
  U2184/ZN (INV_X1)                                     0.0263     0.6214 f
  U2371/ZN (AND2_X1)                                    0.0400     0.6614 f
  U1335/ZN (OR2_X1)                                     0.0595     0.7209 f
  U7380/ZN (NAND2_X1)                                   0.0369     0.7578 r
  U2537/ZN (OR2_X1)                                     0.0374     0.7952 r
  U2538/ZN (NAND2_X1)                                   0.0313     0.8265 f
  U7383/S (FA_X1)                                       0.1483     0.9748 r
  U7384/S (FA_X1)                                       0.1241     1.0989 f
  U2961/ZN (XNOR2_X1)                                   0.0661     1.1650 f
  U11116/ZN (XNOR2_X1)                                  0.0609     1.2259 f
  U11117/ZN (XNOR2_X1)                                  0.0609     1.2868 f
  U11120/ZN (OAI21_X1)                                  0.0453     1.3322 r
  U11121/ZN (XNOR2_X1)                                  0.0597     1.3919 r
  U13723/ZN (AND2_X1)                                   0.0421     1.4339 r
  DP_i_execute_i_boothmul_i_tree_i_register_i_2_Y_temp_reg_31_/D (DFF_X1)
                                                        0.0110     1.4449 r
  data arrival time                                                1.4449

  clock CLK (rise edge)                                 1.1000     1.1000
  clock network delay (ideal)                           0.0500     1.1500
  clock uncertainty                                    -0.0500     1.1000
  DP_i_execute_i_boothmul_i_tree_i_register_i_2_Y_temp_reg_31_/CK (DFF_X1)
                                                        0.0000     1.1000 r
  library setup time                                   -0.0265     1.0735
  data required time                                               1.0735
  --------------------------------------------------------------------------
  data required time                                               1.0735
  data arrival time                                               -1.4449
  --------------------------------------------------------------------------
  slack (VIOLATED)                                                -0.3714


  Startpoint: DP_i_fetch_i_IR_out_reg_28_
              (rising edge-triggered flip-flop clocked by CLK)
  Endpoint: DP_i_fetch_i_pc_i_Y_reg_24_
            (rising edge-triggered flip-flop clocked by CLK)
  Path Group: REG2REG
  Path Type: max

  Des/Clust/Port     Wire Load Model       Library
  ------------------------------------------------
  DLX                5K_hvratio_1_4        NangateOpenCellLibrary

  Point                                                   Incr       Path
  --------------------------------------------------------------------------
  clock CLK (rise edge)                                 0.0000     0.0000
  clock network delay (ideal)                           0.0500     0.0500
  DP_i_fetch_i_IR_out_reg_28_/CK (DFF_X1)               0.0000     0.0500 r
  DP_i_fetch_i_IR_out_reg_28_/QN (DFF_X1)               0.0899     0.1399 f
  U4471/ZN (INV_X1)                                     0.0475     0.1874 r
  U3321/ZN (AND2_X1)                                    0.0519     0.2393 r
  U1747/ZN (NAND2_X1)                                   0.0368     0.2761 f
  U3038/ZN (AND2_X1)                                    0.0467     0.3228 f
  U2500/ZN (AND4_X1)                                    0.0480     0.3708 f
  U1670/ZN (OR2_X1)                                     0.0585     0.4293 f
  U3238/ZN (NAND2_X1)                                   0.0332     0.4625 r
  U1231/ZN (AND2_X1)                                    0.0492     0.5117 r
  U5210/ZN (XNOR2_X1)                                   0.0602     0.5719 r
  U5213/ZN (NAND2_X1)                                   0.0330     0.6049 f
  U5217/ZN (NOR2_X1)                                    0.0360     0.6409 r
  U5219/ZN (AND2_X1)                                    0.0479     0.6888 r
  U2431/ZN (OAI211_X1)                                  0.0441     0.7329 f
  U3136/ZN (NAND2_X1)                                   0.0351     0.7679 r
  U3101/ZN (NAND2_X1)                                   0.0344     0.8023 f
  U5262/ZN (NAND2_X1)                                   0.0345     0.8368 r
  U2901/ZN (AND2_X1)                                    0.0485     0.8852 r
  U2038/ZN (NAND2_X1)                                   0.0314     0.9166 f
  U2962/ZN (XNOR2_X1)                                   0.0626     0.9792 f
  U5356/ZN (XNOR2_X1)                                   0.0713     1.0506 f
  U5357/ZN (AND2_X1)                                    0.0454     1.0960 f
  U5368/ZN (NAND4_X1)                                   0.0336     1.1296 r
  U994/ZN (AND3_X1)                                     0.0671     1.1967 r
  U13225/ZN (AND2_X4)                                   0.1051     1.3018 r
  U13943/ZN (NAND2_X1)                                  0.0564     1.3581 f
  U13945/ZN (AND2_X1)                                   0.0453     1.4035 f
  U13949/ZN (NAND4_X1)                                  0.0294     1.4329 r
  DP_i_fetch_i_pc_i_Y_reg_24_/D (DFF_X2)                0.0109     1.4437 r
  data arrival time                                                1.4437

  clock CLK (rise edge)                                 1.1000     1.1000
  clock network delay (ideal)                           0.0500     1.1500
  clock uncertainty                                    -0.0500     1.1000
  DP_i_fetch_i_pc_i_Y_reg_24_/CK (DFF_X2)               0.0000     1.1000 r
  library setup time                                   -0.0275     1.0725
  data required time                                               1.0725
  --------------------------------------------------------------------------
  data required time                                               1.0725
  data arrival time                                               -1.4437
  --------------------------------------------------------------------------
  slack (VIOLATED)                                                -0.3713


1
