 
****************************************
Report : timing
        -path full
        -delay max
        -nworst 2
        -group REG2REG
        -max_paths 10
Design : DLX
Version: W-2024.09-SP2
Date   : Sun Sep 27 03:40:48 2026
****************************************

Operating Conditions: typical   Library: NangateOpenCellLibrary
Wire Load Model Mode: top

  Startpoint: DP_i/fetch_i_IR_out_reg_30_
              (rising edge-triggered flip-flop clocked by CLK)
  Endpoint: DP_i/fetch_i_IR_out_reg_3_
            (rising edge-triggered flip-flop clocked by CLK)
  Path Group: REG2REG
  Path Type: max

  Des/Clust/Port     Wire Load Model       Library
  ------------------------------------------------
  DLX                5K_hvratio_1_4        NangateOpenCellLibrary

  Point                                                   Incr       Path
  --------------------------------------------------------------------------
  clock CLK (rise edge)                                 0.0000     0.0000
  clock network delay (ideal)                           0.0500     0.0500
  DP_i/fetch_i_IR_out_reg_30_/CK (DFF_X1)               0.0000     0.0500 r
  DP_i/fetch_i_IR_out_reg_30_/Q (DFF_X1)                0.1189     0.1689 f
  DP_i/opcode[4] (DataPath)                             0.0000     0.1689 f
  U804/ZN (INV_X1)                                      0.0786     0.2474 r
  U805/ZN (NAND3_X1)                                    0.0608     0.3082 f
  U806/ZN (NOR2_X1)                                     0.0700     0.3782 r
  DP_i/RF2 (DataPath)                                   0.0000     0.3782 r
  DP_i/U840/Z (CLKBUF_X3)                               0.0764     0.4546 r
  DP_i/U866/ZN (OAI21_X1)                               0.0567     0.5113 f
  DP_i/U867/ZN (OAI21_X1)                               0.0460     0.5573 r
  DP_i/U874/ZN (NOR2_X1)                                0.0305     0.5877 f
  DP_i/U875/ZN (NOR2_X1)                                0.0607     0.6484 r
  DP_i/U877/S (FA_X1)                                   0.1273     0.7757 f
  DP_i/U876/ZN (AND2_X1)                                0.0442     0.8199 f
  DP_i/U250/ZN (OR2_X1)                                 0.0619     0.8818 f
  DP_i/U880/ZN (NAND2_X1)                               0.0346     0.9164 r
  DP_i/U882/ZN (NAND3_X1)                               0.0410     0.9574 f
  DP_i/U883/ZN (INV_X1)                                 0.0393     0.9966 r
  DP_i/U249/ZN (NOR2_X2)                                0.0441     1.0408 f
  DP_i/U885/ZN (NAND2_X1)                               0.0453     1.0860 r
  DP_i/U888/ZN (NAND3_X1)                               0.0504     1.1364 f
  DP_i/U889/ZN (NOR2_X1)                                0.0715     1.2079 r
  DP_i/U247/ZN (NOR2_X2)                                0.0493     1.2572 f
  DP_i/U1388/ZN (NOR2_X1)                               0.0407     1.2979 r
  DP_i/U1391/ZN (OR2_X1)                                0.0440     1.3419 r
  DP_i/U253/ZN (AOI22_X2)                               0.0472     1.3891 f
  DP_i/U2036/CO (FA_X1)                                 0.1015     1.4905 f
  DP_i/U2037/ZN (INV_X1)                                0.0421     1.5327 r
  DP_i/U248/ZN (NOR2_X2)                                0.0413     1.5740 f
  DP_i/U2119/ZN (NAND2_X1)                              0.0461     1.6201 r
  DP_i/U2120/ZN (NOR2_X1)                               0.0355     1.6555 f
  DP_i/U2349/ZN (XNOR2_X1)                              0.0667     1.7223 f
  DP_i/U2570/ZN (AOI22_X1)                              0.0931     1.8153 r
  DP_i/U2579/ZN (NOR2_X1)                               0.0359     1.8512 f
  DP_i/U3363/ZN (AOI21_X1)                              0.0683     1.9195 r
  DP_i/U244/ZN (AND3_X1)                                0.0732     1.9927 r
  DP_i/U3394/ZN (NAND2_X1)                              0.0402     2.0329 f
  DP_i/U3645/Z (XOR2_X1)                                0.0679     2.1008 r
  DP_i/U3646/ZN (INV_X1)                                0.0343     2.1351 f
  DP_i/U4886/ZN (AOI21_X1)                              0.0492     2.1843 r
  DP_i/U5022/CO (FA_X1)                                 0.0970     2.2812 r
  DP_i/U5024/ZN (NAND2_X1)                              0.0445     2.3258 f
  DP_i/U5095/ZN (NOR2_X1)                               0.0614     2.3871 r
  DP_i/U5109/ZN (NAND2_X1)                              0.0357     2.4229 f
  DP_i/U5110/ZN (XNOR2_X1)                              0.0653     2.4881 f
  DP_i/U5136/ZN (AND2_X1)                               0.0437     2.5318 f
  DP_i/U5138/ZN (OAI221_X1)                             0.0509     2.5827 r
  DP_i/U5240/ZN (INV_X1)                                0.0357     2.6184 f
  DP_i/U5268/ZN (AND2_X1)                               0.0515     2.6700 f
  DP_i/U5622/ZN (AOI21_X1)                              0.0668     2.7367 r
  DP_i/U5625/ZN (OAI22_X1)                              0.0436     2.7803 f
  DP_i/U5626/ZN (AOI221_X1)                             0.0893     2.8697 r
  DP_i/U5627/ZN (NAND4_X1)                              0.0499     2.9196 f
  DP_i/U5632/ZN (NOR4_X1)                               0.0946     3.0142 r
  DP_i/U5672/ZN (OAI21_X1)                              0.0356     3.0498 f
  DP_i/U5693/ZN (AND4_X2)                               0.0587     3.1085 f
  DP_i/U256/ZN (NOR3_X1)                                0.0847     3.1932 r
  DP_i/U4537/ZN (INV_X1)                                0.0273     3.2205 f
  DP_i/U7544/ZN (OR2_X2)                                0.0670     3.2875 f
  DP_i/U269/ZN (INV_X2)                                 0.1024     3.3900 r
  DP_i/U4568/ZN (AND2_X1)                               0.0714     3.4614 r
  DP_i/fetch_i_IR_out_reg_3_/D (DFF_X1)                 0.0110     3.4724 r
  data arrival time                                                3.4724

  clock CLK (rise edge)                                 3.5000     3.5000
  clock network delay (ideal)                           0.0500     3.5500
  clock uncertainty                                    -0.0500     3.5000
  DP_i/fetch_i_IR_out_reg_3_/CK (DFF_X1)                0.0000     3.5000 r
  library setup time                                   -0.0268     3.4732
  data required time                                               3.4732
  --------------------------------------------------------------------------
  data required time                                               3.4732
  data arrival time                                               -3.4724
  --------------------------------------------------------------------------
  slack (MET)                                                      0.0008


  Startpoint: DP_i/fetch_i_IR_out_reg_30_
              (rising edge-triggered flip-flop clocked by CLK)
  Endpoint: DP_i/fetch_i_IR_out_reg_5_
            (rising edge-triggered flip-flop clocked by CLK)
  Path Group: REG2REG
  Path Type: max

  Des/Clust/Port     Wire Load Model       Library
  ------------------------------------------------
  DLX                5K_hvratio_1_4        NangateOpenCellLibrary

  Point                                                   Incr       Path
  --------------------------------------------------------------------------
  clock CLK (rise edge)                                 0.0000     0.0000
  clock network delay (ideal)                           0.0500     0.0500
  DP_i/fetch_i_IR_out_reg_30_/CK (DFF_X1)               0.0000     0.0500 r
  DP_i/fetch_i_IR_out_reg_30_/Q (DFF_X1)                0.1189     0.1689 f
  DP_i/opcode[4] (DataPath)                             0.0000     0.1689 f
  U804/ZN (INV_X1)                                      0.0786     0.2474 r
  U805/ZN (NAND3_X1)                                    0.0608     0.3082 f
  U806/ZN (NOR2_X1)                                     0.0700     0.3782 r
  DP_i/RF2 (DataPath)                                   0.0000     0.3782 r
  DP_i/U840/Z (CLKBUF_X3)                               0.0764     0.4546 r
  DP_i/U866/ZN (OAI21_X1)                               0.0567     0.5113 f
  DP_i/U867/ZN (OAI21_X1)                               0.0460     0.5573 r
  DP_i/U874/ZN (NOR2_X1)                                0.0305     0.5877 f
  DP_i/U875/ZN (NOR2_X1)                                0.0607     0.6484 r
  DP_i/U877/S (FA_X1)                                   0.1273     0.7757 f
  DP_i/U876/ZN (AND2_X1)                                0.0442     0.8199 f
  DP_i/U250/ZN (OR2_X1)                                 0.0619     0.8818 f
  DP_i/U880/ZN (NAND2_X1)                               0.0346     0.9164 r
  DP_i/U882/ZN (NAND3_X1)                               0.0410     0.9574 f
  DP_i/U883/ZN (INV_X1)                                 0.0393     0.9966 r
  DP_i/U249/ZN (NOR2_X2)                                0.0441     1.0408 f
  DP_i/U885/ZN (NAND2_X1)                               0.0453     1.0860 r
  DP_i/U888/ZN (NAND3_X1)                               0.0504     1.1364 f
  DP_i/U889/ZN (NOR2_X1)                                0.0715     1.2079 r
  DP_i/U247/ZN (NOR2_X2)                                0.0493     1.2572 f
  DP_i/U1388/ZN (NOR2_X1)                               0.0407     1.2979 r
  DP_i/U1391/ZN (OR2_X1)                                0.0440     1.3419 r
  DP_i/U253/ZN (AOI22_X2)                               0.0472     1.3891 f
  DP_i/U2036/CO (FA_X1)                                 0.1015     1.4905 f
  DP_i/U2037/ZN (INV_X1)                                0.0421     1.5327 r
  DP_i/U248/ZN (NOR2_X2)                                0.0413     1.5740 f
  DP_i/U2119/ZN (NAND2_X1)                              0.0461     1.6201 r
  DP_i/U2120/ZN (NOR2_X1)                               0.0355     1.6555 f
  DP_i/U2349/ZN (XNOR2_X1)                              0.0667     1.7223 f
  DP_i/U2570/ZN (AOI22_X1)                              0.0931     1.8153 r
  DP_i/U2579/ZN (NOR2_X1)                               0.0359     1.8512 f
  DP_i/U3363/ZN (AOI21_X1)                              0.0683     1.9195 r
  DP_i/U244/ZN (AND3_X1)                                0.0732     1.9927 r
  DP_i/U3394/ZN (NAND2_X1)                              0.0402     2.0329 f
  DP_i/U3645/Z (XOR2_X1)                                0.0679     2.1008 r
  DP_i/U3646/ZN (INV_X1)                                0.0343     2.1351 f
  DP_i/U4886/ZN (AOI21_X1)                              0.0492     2.1843 r
  DP_i/U5022/CO (FA_X1)                                 0.0970     2.2812 r
  DP_i/U5024/ZN (NAND2_X1)                              0.0445     2.3258 f
  DP_i/U5095/ZN (NOR2_X1)                               0.0614     2.3871 r
  DP_i/U5109/ZN (NAND2_X1)                              0.0357     2.4229 f
  DP_i/U5110/ZN (XNOR2_X1)                              0.0653     2.4881 f
  DP_i/U5136/ZN (AND2_X1)                               0.0437     2.5318 f
  DP_i/U5138/ZN (OAI221_X1)                             0.0509     2.5827 r
  DP_i/U5240/ZN (INV_X1)                                0.0357     2.6184 f
  DP_i/U5268/ZN (AND2_X1)                               0.0515     2.6700 f
  DP_i/U5622/ZN (AOI21_X1)                              0.0668     2.7367 r
  DP_i/U5625/ZN (OAI22_X1)                              0.0436     2.7803 f
  DP_i/U5626/ZN (AOI221_X1)                             0.0893     2.8697 r
  DP_i/U5627/ZN (NAND4_X1)                              0.0499     2.9196 f
  DP_i/U5632/ZN (NOR4_X1)                               0.0946     3.0142 r
  DP_i/U5672/ZN (OAI21_X1)                              0.0356     3.0498 f
  DP_i/U5693/ZN (AND4_X2)                               0.0587     3.1085 f
  DP_i/U256/ZN (NOR3_X1)                                0.0847     3.1932 r
  DP_i/U4537/ZN (INV_X1)                                0.0273     3.2205 f
  DP_i/U7544/ZN (OR2_X2)                                0.0670     3.2875 f
  DP_i/U269/ZN (INV_X2)                                 0.1024     3.3900 r
  DP_i/U4566/ZN (AND2_X1)                               0.0714     3.4614 r
  DP_i/fetch_i_IR_out_reg_5_/D (DFF_X1)                 0.0110     3.4724 r
  data arrival time                                                3.4724

  clock CLK (rise edge)                                 3.5000     3.5000
  clock network delay (ideal)                           0.0500     3.5500
  clock uncertainty                                    -0.0500     3.5000
  DP_i/fetch_i_IR_out_reg_5_/CK (DFF_X1)                0.0000     3.5000 r
  library setup time                                   -0.0268     3.4732
  data required time                                               3.4732
  --------------------------------------------------------------------------
  data required time                                               3.4732
  data arrival time                                               -3.4724
  --------------------------------------------------------------------------
  slack (MET)                                                      0.0008


  Startpoint: DP_i/fetch_i_IR_out_reg_30_
              (rising edge-triggered flip-flop clocked by CLK)
  Endpoint: DP_i/fetch_i_IR_out_reg_7_
            (rising edge-triggered flip-flop clocked by CLK)
  Path Group: REG2REG
  Path Type: max

  Des/Clust/Port     Wire Load Model       Library
  ------------------------------------------------
  DLX                5K_hvratio_1_4        NangateOpenCellLibrary

  Point                                                   Incr       Path
  --------------------------------------------------------------------------
  clock CLK (rise edge)                                 0.0000     0.0000
  clock network delay (ideal)                           0.0500     0.0500
  DP_i/fetch_i_IR_out_reg_30_/CK (DFF_X1)               0.0000     0.0500 r
  DP_i/fetch_i_IR_out_reg_30_/Q (DFF_X1)                0.1189     0.1689 f
  DP_i/opcode[4] (DataPath)                             0.0000     0.1689 f
  U804/ZN (INV_X1)                                      0.0786     0.2474 r
  U805/ZN (NAND3_X1)                                    0.0608     0.3082 f
  U806/ZN (NOR2_X1)                                     0.0700     0.3782 r
  DP_i/RF2 (DataPath)                                   0.0000     0.3782 r
  DP_i/U840/Z (CLKBUF_X3)                               0.0764     0.4546 r
  DP_i/U866/ZN (OAI21_X1)                               0.0567     0.5113 f
  DP_i/U867/ZN (OAI21_X1)                               0.0460     0.5573 r
  DP_i/U874/ZN (NOR2_X1)                                0.0305     0.5877 f
  DP_i/U875/ZN (NOR2_X1)                                0.0607     0.6484 r
  DP_i/U877/S (FA_X1)                                   0.1273     0.7757 f
  DP_i/U876/ZN (AND2_X1)                                0.0442     0.8199 f
  DP_i/U250/ZN (OR2_X1)                                 0.0619     0.8818 f
  DP_i/U880/ZN (NAND2_X1)                               0.0346     0.9164 r
  DP_i/U882/ZN (NAND3_X1)                               0.0410     0.9574 f
  DP_i/U883/ZN (INV_X1)                                 0.0393     0.9966 r
  DP_i/U249/ZN (NOR2_X2)                                0.0441     1.0408 f
  DP_i/U885/ZN (NAND2_X1)                               0.0453     1.0860 r
  DP_i/U888/ZN (NAND3_X1)                               0.0504     1.1364 f
  DP_i/U889/ZN (NOR2_X1)                                0.0715     1.2079 r
  DP_i/U247/ZN (NOR2_X2)                                0.0493     1.2572 f
  DP_i/U1388/ZN (NOR2_X1)                               0.0407     1.2979 r
  DP_i/U1391/ZN (OR2_X1)                                0.0440     1.3419 r
  DP_i/U253/ZN (AOI22_X2)                               0.0472     1.3891 f
  DP_i/U2036/CO (FA_X1)                                 0.1015     1.4905 f
  DP_i/U2037/ZN (INV_X1)                                0.0421     1.5327 r
  DP_i/U248/ZN (NOR2_X2)                                0.0413     1.5740 f
  DP_i/U2119/ZN (NAND2_X1)                              0.0461     1.6201 r
  DP_i/U2120/ZN (NOR2_X1)                               0.0355     1.6555 f
  DP_i/U2349/ZN (XNOR2_X1)                              0.0667     1.7223 f
  DP_i/U2570/ZN (AOI22_X1)                              0.0931     1.8153 r
  DP_i/U2579/ZN (NOR2_X1)                               0.0359     1.8512 f
  DP_i/U3363/ZN (AOI21_X1)                              0.0683     1.9195 r
  DP_i/U244/ZN (AND3_X1)                                0.0732     1.9927 r
  DP_i/U3394/ZN (NAND2_X1)                              0.0402     2.0329 f
  DP_i/U3645/Z (XOR2_X1)                                0.0679     2.1008 r
  DP_i/U3646/ZN (INV_X1)                                0.0343     2.1351 f
  DP_i/U4886/ZN (AOI21_X1)                              0.0492     2.1843 r
  DP_i/U5022/CO (FA_X1)                                 0.0970     2.2812 r
  DP_i/U5024/ZN (NAND2_X1)                              0.0445     2.3258 f
  DP_i/U5095/ZN (NOR2_X1)                               0.0614     2.3871 r
  DP_i/U5109/ZN (NAND2_X1)                              0.0357     2.4229 f
  DP_i/U5110/ZN (XNOR2_X1)                              0.0653     2.4881 f
  DP_i/U5136/ZN (AND2_X1)                               0.0437     2.5318 f
  DP_i/U5138/ZN (OAI221_X1)                             0.0509     2.5827 r
  DP_i/U5240/ZN (INV_X1)                                0.0357     2.6184 f
  DP_i/U5268/ZN (AND2_X1)                               0.0515     2.6700 f
  DP_i/U5622/ZN (AOI21_X1)                              0.0668     2.7367 r
  DP_i/U5625/ZN (OAI22_X1)                              0.0436     2.7803 f
  DP_i/U5626/ZN (AOI221_X1)                             0.0893     2.8697 r
  DP_i/U5627/ZN (NAND4_X1)                              0.0499     2.9196 f
  DP_i/U5632/ZN (NOR4_X1)                               0.0946     3.0142 r
  DP_i/U5672/ZN (OAI21_X1)                              0.0356     3.0498 f
  DP_i/U5693/ZN (AND4_X2)                               0.0587     3.1085 f
  DP_i/U256/ZN (NOR3_X1)                                0.0847     3.1932 r
  DP_i/U4537/ZN (INV_X1)                                0.0273     3.2205 f
  DP_i/U7544/ZN (OR2_X2)                                0.0670     3.2875 f
  DP_i/U269/ZN (INV_X2)                                 0.1024     3.3900 r
  DP_i/U4564/ZN (AND2_X1)                               0.0714     3.4614 r
  DP_i/fetch_i_IR_out_reg_7_/D (DFF_X1)                 0.0110     3.4724 r
  data arrival time                                                3.4724

  clock CLK (rise edge)                                 3.5000     3.5000
  clock network delay (ideal)                           0.0500     3.5500
  clock uncertainty                                    -0.0500     3.5000
  DP_i/fetch_i_IR_out_reg_7_/CK (DFF_X1)                0.0000     3.5000 r
  library setup time                                   -0.0268     3.4732
  data required time                                               3.4732
  --------------------------------------------------------------------------
  data required time                                               3.4732
  data arrival time                                               -3.4724
  --------------------------------------------------------------------------
  slack (MET)                                                      0.0008


  Startpoint: DP_i/fetch_i_IR_out_reg_30_
              (rising edge-triggered flip-flop clocked by CLK)
  Endpoint: DP_i/fetch_i_IR_out_reg_9_
            (rising edge-triggered flip-flop clocked by CLK)
  Path Group: REG2REG
  Path Type: max

  Des/Clust/Port     Wire Load Model       Library
  ------------------------------------------------
  DLX                5K_hvratio_1_4        NangateOpenCellLibrary

  Point                                                   Incr       Path
  --------------------------------------------------------------------------
  clock CLK (rise edge)                                 0.0000     0.0000
  clock network delay (ideal)                           0.0500     0.0500
  DP_i/fetch_i_IR_out_reg_30_/CK (DFF_X1)               0.0000     0.0500 r
  DP_i/fetch_i_IR_out_reg_30_/Q (DFF_X1)                0.1189     0.1689 f
  DP_i/opcode[4] (DataPath)                             0.0000     0.1689 f
  U804/ZN (INV_X1)                                      0.0786     0.2474 r
  U805/ZN (NAND3_X1)                                    0.0608     0.3082 f
  U806/ZN (NOR2_X1)                                     0.0700     0.3782 r
  DP_i/RF2 (DataPath)                                   0.0000     0.3782 r
  DP_i/U840/Z (CLKBUF_X3)                               0.0764     0.4546 r
  DP_i/U866/ZN (OAI21_X1)                               0.0567     0.5113 f
  DP_i/U867/ZN (OAI21_X1)                               0.0460     0.5573 r
  DP_i/U874/ZN (NOR2_X1)                                0.0305     0.5877 f
  DP_i/U875/ZN (NOR2_X1)                                0.0607     0.6484 r
  DP_i/U877/S (FA_X1)                                   0.1273     0.7757 f
  DP_i/U876/ZN (AND2_X1)                                0.0442     0.8199 f
  DP_i/U250/ZN (OR2_X1)                                 0.0619     0.8818 f
  DP_i/U880/ZN (NAND2_X1)                               0.0346     0.9164 r
  DP_i/U882/ZN (NAND3_X1)                               0.0410     0.9574 f
  DP_i/U883/ZN (INV_X1)                                 0.0393     0.9966 r
  DP_i/U249/ZN (NOR2_X2)                                0.0441     1.0408 f
  DP_i/U885/ZN (NAND2_X1)                               0.0453     1.0860 r
  DP_i/U888/ZN (NAND3_X1)                               0.0504     1.1364 f
  DP_i/U889/ZN (NOR2_X1)                                0.0715     1.2079 r
  DP_i/U247/ZN (NOR2_X2)                                0.0493     1.2572 f
  DP_i/U1388/ZN (NOR2_X1)                               0.0407     1.2979 r
  DP_i/U1391/ZN (OR2_X1)                                0.0440     1.3419 r
  DP_i/U253/ZN (AOI22_X2)                               0.0472     1.3891 f
  DP_i/U2036/CO (FA_X1)                                 0.1015     1.4905 f
  DP_i/U2037/ZN (INV_X1)                                0.0421     1.5327 r
  DP_i/U248/ZN (NOR2_X2)                                0.0413     1.5740 f
  DP_i/U2119/ZN (NAND2_X1)                              0.0461     1.6201 r
  DP_i/U2120/ZN (NOR2_X1)                               0.0355     1.6555 f
  DP_i/U2349/ZN (XNOR2_X1)                              0.0667     1.7223 f
  DP_i/U2570/ZN (AOI22_X1)                              0.0931     1.8153 r
  DP_i/U2579/ZN (NOR2_X1)                               0.0359     1.8512 f
  DP_i/U3363/ZN (AOI21_X1)                              0.0683     1.9195 r
  DP_i/U244/ZN (AND3_X1)                                0.0732     1.9927 r
  DP_i/U3394/ZN (NAND2_X1)                              0.0402     2.0329 f
  DP_i/U3645/Z (XOR2_X1)                                0.0679     2.1008 r
  DP_i/U3646/ZN (INV_X1)                                0.0343     2.1351 f
  DP_i/U4886/ZN (AOI21_X1)                              0.0492     2.1843 r
  DP_i/U5022/CO (FA_X1)                                 0.0970     2.2812 r
  DP_i/U5024/ZN (NAND2_X1)                              0.0445     2.3258 f
  DP_i/U5095/ZN (NOR2_X1)                               0.0614     2.3871 r
  DP_i/U5109/ZN (NAND2_X1)                              0.0357     2.4229 f
  DP_i/U5110/ZN (XNOR2_X1)                              0.0653     2.4881 f
  DP_i/U5136/ZN (AND2_X1)                               0.0437     2.5318 f
  DP_i/U5138/ZN (OAI221_X1)                             0.0509     2.5827 r
  DP_i/U5240/ZN (INV_X1)                                0.0357     2.6184 f
  DP_i/U5268/ZN (AND2_X1)                               0.0515     2.6700 f
  DP_i/U5622/ZN (AOI21_X1)                              0.0668     2.7367 r
  DP_i/U5625/ZN (OAI22_X1)                              0.0436     2.7803 f
  DP_i/U5626/ZN (AOI221_X1)                             0.0893     2.8697 r
  DP_i/U5627/ZN (NAND4_X1)                              0.0499     2.9196 f
  DP_i/U5632/ZN (NOR4_X1)                               0.0946     3.0142 r
  DP_i/U5672/ZN (OAI21_X1)                              0.0356     3.0498 f
  DP_i/U5693/ZN (AND4_X2)                               0.0587     3.1085 f
  DP_i/U256/ZN (NOR3_X1)                                0.0847     3.1932 r
  DP_i/U4537/ZN (INV_X1)                                0.0273     3.2205 f
  DP_i/U7544/ZN (OR2_X2)                                0.0670     3.2875 f
  DP_i/U269/ZN (INV_X2)                                 0.1024     3.3900 r
  DP_i/U4562/ZN (AND2_X1)                               0.0714     3.4614 r
  DP_i/fetch_i_IR_out_reg_9_/D (DFF_X1)                 0.0110     3.4724 r
  data arrival time                                                3.4724

  clock CLK (rise edge)                                 3.5000     3.5000
  clock network delay (ideal)                           0.0500     3.5500
  clock uncertainty                                    -0.0500     3.5000
  DP_i/fetch_i_IR_out_reg_9_/CK (DFF_X1)                0.0000     3.5000 r
  library setup time                                   -0.0268     3.4732
  data required time                                               3.4732
  --------------------------------------------------------------------------
  data required time                                               3.4732
  data arrival time                                               -3.4724
  --------------------------------------------------------------------------
  slack (MET)                                                      0.0008


  Startpoint: DP_i/fetch_i_IR_out_reg_30_
              (rising edge-triggered flip-flop clocked by CLK)
  Endpoint: DP_i/fetch_i_IR_out_reg_4_
            (rising edge-triggered flip-flop clocked by CLK)
  Path Group: REG2REG
  Path Type: max

  Des/Clust/Port     Wire Load Model       Library
  ------------------------------------------------
  DLX                5K_hvratio_1_4        NangateOpenCellLibrary

  Point                                                   Incr       Path
  --------------------------------------------------------------------------
  clock CLK (rise edge)                                 0.0000     0.0000
  clock network delay (ideal)                           0.0500     0.0500
  DP_i/fetch_i_IR_out_reg_30_/CK (DFF_X1)               0.0000     0.0500 r
  DP_i/fetch_i_IR_out_reg_30_/Q (DFF_X1)                0.1189     0.1689 f
  DP_i/opcode[4] (DataPath)                             0.0000     0.1689 f
  U804/ZN (INV_X1)                                      0.0786     0.2474 r
  U805/ZN (NAND3_X1)                                    0.0608     0.3082 f
  U806/ZN (NOR2_X1)                                     0.0700     0.3782 r
  DP_i/RF2 (DataPath)                                   0.0000     0.3782 r
  DP_i/U840/Z (CLKBUF_X3)                               0.0764     0.4546 r
  DP_i/U866/ZN (OAI21_X1)                               0.0567     0.5113 f
  DP_i/U867/ZN (OAI21_X1)                               0.0460     0.5573 r
  DP_i/U874/ZN (NOR2_X1)                                0.0305     0.5877 f
  DP_i/U875/ZN (NOR2_X1)                                0.0607     0.6484 r
  DP_i/U877/S (FA_X1)                                   0.1273     0.7757 f
  DP_i/U876/ZN (AND2_X1)                                0.0442     0.8199 f
  DP_i/U250/ZN (OR2_X1)                                 0.0619     0.8818 f
  DP_i/U880/ZN (NAND2_X1)                               0.0346     0.9164 r
  DP_i/U882/ZN (NAND3_X1)                               0.0410     0.9574 f
  DP_i/U883/ZN (INV_X1)                                 0.0393     0.9966 r
  DP_i/U249/ZN (NOR2_X2)                                0.0441     1.0408 f
  DP_i/U885/ZN (NAND2_X1)                               0.0453     1.0860 r
  DP_i/U888/ZN (NAND3_X1)                               0.0504     1.1364 f
  DP_i/U889/ZN (NOR2_X1)                                0.0715     1.2079 r
  DP_i/U247/ZN (NOR2_X2)                                0.0493     1.2572 f
  DP_i/U1388/ZN (NOR2_X1)                               0.0407     1.2979 r
  DP_i/U1391/ZN (OR2_X1)                                0.0440     1.3419 r
  DP_i/U253/ZN (AOI22_X2)                               0.0472     1.3891 f
  DP_i/U2036/CO (FA_X1)                                 0.1015     1.4905 f
  DP_i/U2037/ZN (INV_X1)                                0.0421     1.5327 r
  DP_i/U248/ZN (NOR2_X2)                                0.0413     1.5740 f
  DP_i/U2119/ZN (NAND2_X1)                              0.0461     1.6201 r
  DP_i/U2120/ZN (NOR2_X1)                               0.0355     1.6555 f
  DP_i/U2349/ZN (XNOR2_X1)                              0.0667     1.7223 f
  DP_i/U2570/ZN (AOI22_X1)                              0.0931     1.8153 r
  DP_i/U2579/ZN (NOR2_X1)                               0.0359     1.8512 f
  DP_i/U3363/ZN (AOI21_X1)                              0.0683     1.9195 r
  DP_i/U244/ZN (AND3_X1)                                0.0732     1.9927 r
  DP_i/U3394/ZN (NAND2_X1)                              0.0402     2.0329 f
  DP_i/U3645/Z (XOR2_X1)                                0.0679     2.1008 r
  DP_i/U3646/ZN (INV_X1)                                0.0343     2.1351 f
  DP_i/U4886/ZN (AOI21_X1)                              0.0492     2.1843 r
  DP_i/U5022/CO (FA_X1)                                 0.0970     2.2812 r
  DP_i/U5024/ZN (NAND2_X1)                              0.0445     2.3258 f
  DP_i/U5095/ZN (NOR2_X1)                               0.0614     2.3871 r
  DP_i/U5109/ZN (NAND2_X1)                              0.0357     2.4229 f
  DP_i/U5110/ZN (XNOR2_X1)                              0.0653     2.4881 f
  DP_i/U5136/ZN (AND2_X1)                               0.0437     2.5318 f
  DP_i/U5138/ZN (OAI221_X1)                             0.0509     2.5827 r
  DP_i/U5240/ZN (INV_X1)                                0.0357     2.6184 f
  DP_i/U5268/ZN (AND2_X1)                               0.0515     2.6700 f
  DP_i/U5622/ZN (AOI21_X1)                              0.0668     2.7367 r
  DP_i/U5625/ZN (OAI22_X1)                              0.0436     2.7803 f
  DP_i/U5626/ZN (AOI221_X1)                             0.0893     2.8697 r
  DP_i/U5627/ZN (NAND4_X1)                              0.0499     2.9196 f
  DP_i/U5632/ZN (NOR4_X1)                               0.0946     3.0142 r
  DP_i/U5672/ZN (OAI21_X1)                              0.0356     3.0498 f
  DP_i/U5693/ZN (AND4_X2)                               0.0587     3.1085 f
  DP_i/U256/ZN (NOR3_X1)                                0.0847     3.1932 r
  DP_i/U4537/ZN (INV_X1)                                0.0273     3.2205 f
  DP_i/U7544/ZN (OR2_X2)                                0.0670     3.2875 f
  DP_i/U269/ZN (INV_X2)                                 0.1024     3.3900 r
  DP_i/U4567/ZN (AND2_X1)                               0.0714     3.4614 r
  DP_i/fetch_i_IR_out_reg_4_/D (DFF_X1)                 0.0110     3.4724 r
  data arrival time                                                3.4724

  clock CLK (rise edge)                                 3.5000     3.5000
  clock network delay (ideal)                           0.0500     3.5500
  clock uncertainty                                    -0.0500     3.5000
  DP_i/fetch_i_IR_out_reg_4_/CK (DFF_X1)                0.0000     3.5000 r
  library setup time                                   -0.0268     3.4732
  data required time                                               3.4732
  --------------------------------------------------------------------------
  data required time                                               3.4732
  data arrival time                                               -3.4724
  --------------------------------------------------------------------------
  slack (MET)                                                      0.0008


  Startpoint: DP_i/fetch_i_IR_out_reg_30_
              (rising edge-triggered flip-flop clocked by CLK)
  Endpoint: DP_i/fetch_i_IR_out_reg_2_
            (rising edge-triggered flip-flop clocked by CLK)
  Path Group: REG2REG
  Path Type: max

  Des/Clust/Port     Wire Load Model       Library
  ------------------------------------------------
  DLX                5K_hvratio_1_4        NangateOpenCellLibrary

  Point                                                   Incr       Path
  --------------------------------------------------------------------------
  clock CLK (rise edge)                                 0.0000     0.0000
  clock network delay (ideal)                           0.0500     0.0500
  DP_i/fetch_i_IR_out_reg_30_/CK (DFF_X1)               0.0000     0.0500 r
  DP_i/fetch_i_IR_out_reg_30_/Q (DFF_X1)                0.1189     0.1689 f
  DP_i/opcode[4] (DataPath)                             0.0000     0.1689 f
  U804/ZN (INV_X1)                                      0.0786     0.2474 r
  U805/ZN (NAND3_X1)                                    0.0608     0.3082 f
  U806/ZN (NOR2_X1)                                     0.0700     0.3782 r
  DP_i/RF2 (DataPath)                                   0.0000     0.3782 r
  DP_i/U840/Z (CLKBUF_X3)                               0.0764     0.4546 r
  DP_i/U866/ZN (OAI21_X1)                               0.0567     0.5113 f
  DP_i/U867/ZN (OAI21_X1)                               0.0460     0.5573 r
  DP_i/U874/ZN (NOR2_X1)                                0.0305     0.5877 f
  DP_i/U875/ZN (NOR2_X1)                                0.0607     0.6484 r
  DP_i/U877/S (FA_X1)                                   0.1273     0.7757 f
  DP_i/U876/ZN (AND2_X1)                                0.0442     0.8199 f
  DP_i/U250/ZN (OR2_X1)                                 0.0619     0.8818 f
  DP_i/U880/ZN (NAND2_X1)                               0.0346     0.9164 r
  DP_i/U882/ZN (NAND3_X1)                               0.0410     0.9574 f
  DP_i/U883/ZN (INV_X1)                                 0.0393     0.9966 r
  DP_i/U249/ZN (NOR2_X2)                                0.0441     1.0408 f
  DP_i/U885/ZN (NAND2_X1)                               0.0453     1.0860 r
  DP_i/U888/ZN (NAND3_X1)                               0.0504     1.1364 f
  DP_i/U889/ZN (NOR2_X1)                                0.0715     1.2079 r
  DP_i/U247/ZN (NOR2_X2)                                0.0493     1.2572 f
  DP_i/U1388/ZN (NOR2_X1)                               0.0407     1.2979 r
  DP_i/U1391/ZN (OR2_X1)                                0.0440     1.3419 r
  DP_i/U253/ZN (AOI22_X2)                               0.0472     1.3891 f
  DP_i/U2036/CO (FA_X1)                                 0.1015     1.4905 f
  DP_i/U2037/ZN (INV_X1)                                0.0421     1.5327 r
  DP_i/U248/ZN (NOR2_X2)                                0.0413     1.5740 f
  DP_i/U2119/ZN (NAND2_X1)                              0.0461     1.6201 r
  DP_i/U2120/ZN (NOR2_X1)                               0.0355     1.6555 f
  DP_i/U2349/ZN (XNOR2_X1)                              0.0667     1.7223 f
  DP_i/U2570/ZN (AOI22_X1)                              0.0931     1.8153 r
  DP_i/U2579/ZN (NOR2_X1)                               0.0359     1.8512 f
  DP_i/U3363/ZN (AOI21_X1)                              0.0683     1.9195 r
  DP_i/U244/ZN (AND3_X1)                                0.0732     1.9927 r
  DP_i/U3394/ZN (NAND2_X1)                              0.0402     2.0329 f
  DP_i/U3645/Z (XOR2_X1)                                0.0679     2.1008 r
  DP_i/U3646/ZN (INV_X1)                                0.0343     2.1351 f
  DP_i/U4886/ZN (AOI21_X1)                              0.0492     2.1843 r
  DP_i/U5022/CO (FA_X1)                                 0.0970     2.2812 r
  DP_i/U5024/ZN (NAND2_X1)                              0.0445     2.3258 f
  DP_i/U5095/ZN (NOR2_X1)                               0.0614     2.3871 r
  DP_i/U5109/ZN (NAND2_X1)                              0.0357     2.4229 f
  DP_i/U5110/ZN (XNOR2_X1)                              0.0653     2.4881 f
  DP_i/U5136/ZN (AND2_X1)                               0.0437     2.5318 f
  DP_i/U5138/ZN (OAI221_X1)                             0.0509     2.5827 r
  DP_i/U5240/ZN (INV_X1)                                0.0357     2.6184 f
  DP_i/U5268/ZN (AND2_X1)                               0.0515     2.6700 f
  DP_i/U5622/ZN (AOI21_X1)                              0.0668     2.7367 r
  DP_i/U5625/ZN (OAI22_X1)                              0.0436     2.7803 f
  DP_i/U5626/ZN (AOI221_X1)                             0.0893     2.8697 r
  DP_i/U5627/ZN (NAND4_X1)                              0.0499     2.9196 f
  DP_i/U5632/ZN (NOR4_X1)                               0.0946     3.0142 r
  DP_i/U5672/ZN (OAI21_X1)                              0.0356     3.0498 f
  DP_i/U5693/ZN (AND4_X2)                               0.0587     3.1085 f
  DP_i/U256/ZN (NOR3_X1)                                0.0847     3.1932 r
  DP_i/U4537/ZN (INV_X1)                                0.0273     3.2205 f
  DP_i/U7544/ZN (OR2_X2)                                0.0670     3.2875 f
  DP_i/U269/ZN (INV_X2)                                 0.1024     3.3900 r
  DP_i/U4569/ZN (AND2_X1)                               0.0714     3.4614 r
  DP_i/fetch_i_IR_out_reg_2_/D (DFF_X1)                 0.0110     3.4724 r
  data arrival time                                                3.4724

  clock CLK (rise edge)                                 3.5000     3.5000
  clock network delay (ideal)                           0.0500     3.5500
  clock uncertainty                                    -0.0500     3.5000
  DP_i/fetch_i_IR_out_reg_2_/CK (DFF_X1)                0.0000     3.5000 r
  library setup time                                   -0.0268     3.4732
  data required time                                               3.4732
  --------------------------------------------------------------------------
  data required time                                               3.4732
  data arrival time                                               -3.4724
  --------------------------------------------------------------------------
  slack (MET)                                                      0.0008


  Startpoint: DP_i/fetch_i_IR_out_reg_30_
              (rising edge-triggered flip-flop clocked by CLK)
  Endpoint: DP_i/fetch_i_IR_out_reg_8_
            (rising edge-triggered flip-flop clocked by CLK)
  Path Group: REG2REG
  Path Type: max

  Des/Clust/Port     Wire Load Model       Library
  ------------------------------------------------
  DLX                5K_hvratio_1_4        NangateOpenCellLibrary

  Point                                                   Incr       Path
  --------------------------------------------------------------------------
  clock CLK (rise edge)                                 0.0000     0.0000
  clock network delay (ideal)                           0.0500     0.0500
  DP_i/fetch_i_IR_out_reg_30_/CK (DFF_X1)               0.0000     0.0500 r
  DP_i/fetch_i_IR_out_reg_30_/Q (DFF_X1)                0.1189     0.1689 f
  DP_i/opcode[4] (DataPath)                             0.0000     0.1689 f
  U804/ZN (INV_X1)                                      0.0786     0.2474 r
  U805/ZN (NAND3_X1)                                    0.0608     0.3082 f
  U806/ZN (NOR2_X1)                                     0.0700     0.3782 r
  DP_i/RF2 (DataPath)                                   0.0000     0.3782 r
  DP_i/U840/Z (CLKBUF_X3)                               0.0764     0.4546 r
  DP_i/U866/ZN (OAI21_X1)                               0.0567     0.5113 f
  DP_i/U867/ZN (OAI21_X1)                               0.0460     0.5573 r
  DP_i/U874/ZN (NOR2_X1)                                0.0305     0.5877 f
  DP_i/U875/ZN (NOR2_X1)                                0.0607     0.6484 r
  DP_i/U877/S (FA_X1)                                   0.1273     0.7757 f
  DP_i/U876/ZN (AND2_X1)                                0.0442     0.8199 f
  DP_i/U250/ZN (OR2_X1)                                 0.0619     0.8818 f
  DP_i/U880/ZN (NAND2_X1)                               0.0346     0.9164 r
  DP_i/U882/ZN (NAND3_X1)                               0.0410     0.9574 f
  DP_i/U883/ZN (INV_X1)                                 0.0393     0.9966 r
  DP_i/U249/ZN (NOR2_X2)                                0.0441     1.0408 f
  DP_i/U885/ZN (NAND2_X1)                               0.0453     1.0860 r
  DP_i/U888/ZN (NAND3_X1)                               0.0504     1.1364 f
  DP_i/U889/ZN (NOR2_X1)                                0.0715     1.2079 r
  DP_i/U247/ZN (NOR2_X2)                                0.0493     1.2572 f
  DP_i/U1388/ZN (NOR2_X1)                               0.0407     1.2979 r
  DP_i/U1391/ZN (OR2_X1)                                0.0440     1.3419 r
  DP_i/U253/ZN (AOI22_X2)                               0.0472     1.3891 f
  DP_i/U2036/CO (FA_X1)                                 0.1015     1.4905 f
  DP_i/U2037/ZN (INV_X1)                                0.0421     1.5327 r
  DP_i/U248/ZN (NOR2_X2)                                0.0413     1.5740 f
  DP_i/U2119/ZN (NAND2_X1)                              0.0461     1.6201 r
  DP_i/U2120/ZN (NOR2_X1)                               0.0355     1.6555 f
  DP_i/U2349/ZN (XNOR2_X1)                              0.0667     1.7223 f
  DP_i/U2570/ZN (AOI22_X1)                              0.0931     1.8153 r
  DP_i/U2579/ZN (NOR2_X1)                               0.0359     1.8512 f
  DP_i/U3363/ZN (AOI21_X1)                              0.0683     1.9195 r
  DP_i/U244/ZN (AND3_X1)                                0.0732     1.9927 r
  DP_i/U3394/ZN (NAND2_X1)                              0.0402     2.0329 f
  DP_i/U3645/Z (XOR2_X1)                                0.0679     2.1008 r
  DP_i/U3646/ZN (INV_X1)                                0.0343     2.1351 f
  DP_i/U4886/ZN (AOI21_X1)                              0.0492     2.1843 r
  DP_i/U5022/CO (FA_X1)                                 0.0970     2.2812 r
  DP_i/U5024/ZN (NAND2_X1)                              0.0445     2.3258 f
  DP_i/U5095/ZN (NOR2_X1)                               0.0614     2.3871 r
  DP_i/U5109/ZN (NAND2_X1)                              0.0357     2.4229 f
  DP_i/U5110/ZN (XNOR2_X1)                              0.0653     2.4881 f
  DP_i/U5136/ZN (AND2_X1)                               0.0437     2.5318 f
  DP_i/U5138/ZN (OAI221_X1)                             0.0509     2.5827 r
  DP_i/U5240/ZN (INV_X1)                                0.0357     2.6184 f
  DP_i/U5268/ZN (AND2_X1)                               0.0515     2.6700 f
  DP_i/U5622/ZN (AOI21_X1)                              0.0668     2.7367 r
  DP_i/U5625/ZN (OAI22_X1)                              0.0436     2.7803 f
  DP_i/U5626/ZN (AOI221_X1)                             0.0893     2.8697 r
  DP_i/U5627/ZN (NAND4_X1)                              0.0499     2.9196 f
  DP_i/U5632/ZN (NOR4_X1)                               0.0946     3.0142 r
  DP_i/U5672/ZN (OAI21_X1)                              0.0356     3.0498 f
  DP_i/U5693/ZN (AND4_X2)                               0.0587     3.1085 f
  DP_i/U256/ZN (NOR3_X1)                                0.0847     3.1932 r
  DP_i/U4537/ZN (INV_X1)                                0.0273     3.2205 f
  DP_i/U7544/ZN (OR2_X2)                                0.0670     3.2875 f
  DP_i/U269/ZN (INV_X2)                                 0.1024     3.3900 r
  DP_i/U4563/ZN (AND2_X1)                               0.0714     3.4614 r
  DP_i/fetch_i_IR_out_reg_8_/D (DFF_X1)                 0.0110     3.4724 r
  data arrival time                                                3.4724

  clock CLK (rise edge)                                 3.5000     3.5000
  clock network delay (ideal)                           0.0500     3.5500
  clock uncertainty                                    -0.0500     3.5000
  DP_i/fetch_i_IR_out_reg_8_/CK (DFF_X1)                0.0000     3.5000 r
  library setup time                                   -0.0268     3.4732
  data required time                                               3.4732
  --------------------------------------------------------------------------
  data required time                                               3.4732
  data arrival time                                               -3.4724
  --------------------------------------------------------------------------
  slack (MET)                                                      0.0008


  Startpoint: DP_i/fetch_i_IR_out_reg_30_
              (rising edge-triggered flip-flop clocked by CLK)
  Endpoint: DP_i/fetch_i_IR_out_reg_6_
            (rising edge-triggered flip-flop clocked by CLK)
  Path Group: REG2REG
  Path Type: max

  Des/Clust/Port     Wire Load Model       Library
  ------------------------------------------------
  DLX                5K_hvratio_1_4        NangateOpenCellLibrary

  Point                                                   Incr       Path
  --------------------------------------------------------------------------
  clock CLK (rise edge)                                 0.0000     0.0000
  clock network delay (ideal)                           0.0500     0.0500
  DP_i/fetch_i_IR_out_reg_30_/CK (DFF_X1)               0.0000     0.0500 r
  DP_i/fetch_i_IR_out_reg_30_/Q (DFF_X1)                0.1189     0.1689 f
  DP_i/opcode[4] (DataPath)                             0.0000     0.1689 f
  U804/ZN (INV_X1)                                      0.0786     0.2474 r
  U805/ZN (NAND3_X1)                                    0.0608     0.3082 f
  U806/ZN (NOR2_X1)                                     0.0700     0.3782 r
  DP_i/RF2 (DataPath)                                   0.0000     0.3782 r
  DP_i/U840/Z (CLKBUF_X3)                               0.0764     0.4546 r
  DP_i/U866/ZN (OAI21_X1)                               0.0567     0.5113 f
  DP_i/U867/ZN (OAI21_X1)                               0.0460     0.5573 r
  DP_i/U874/ZN (NOR2_X1)                                0.0305     0.5877 f
  DP_i/U875/ZN (NOR2_X1)                                0.0607     0.6484 r
  DP_i/U877/S (FA_X1)                                   0.1273     0.7757 f
  DP_i/U876/ZN (AND2_X1)                                0.0442     0.8199 f
  DP_i/U250/ZN (OR2_X1)                                 0.0619     0.8818 f
  DP_i/U880/ZN (NAND2_X1)                               0.0346     0.9164 r
  DP_i/U882/ZN (NAND3_X1)                               0.0410     0.9574 f
  DP_i/U883/ZN (INV_X1)                                 0.0393     0.9966 r
  DP_i/U249/ZN (NOR2_X2)                                0.0441     1.0408 f
  DP_i/U885/ZN (NAND2_X1)                               0.0453     1.0860 r
  DP_i/U888/ZN (NAND3_X1)                               0.0504     1.1364 f
  DP_i/U889/ZN (NOR2_X1)                                0.0715     1.2079 r
  DP_i/U247/ZN (NOR2_X2)                                0.0493     1.2572 f
  DP_i/U1388/ZN (NOR2_X1)                               0.0407     1.2979 r
  DP_i/U1391/ZN (OR2_X1)                                0.0440     1.3419 r
  DP_i/U253/ZN (AOI22_X2)                               0.0472     1.3891 f
  DP_i/U2036/CO (FA_X1)                                 0.1015     1.4905 f
  DP_i/U2037/ZN (INV_X1)                                0.0421     1.5327 r
  DP_i/U248/ZN (NOR2_X2)                                0.0413     1.5740 f
  DP_i/U2119/ZN (NAND2_X1)                              0.0461     1.6201 r
  DP_i/U2120/ZN (NOR2_X1)                               0.0355     1.6555 f
  DP_i/U2349/ZN (XNOR2_X1)                              0.0667     1.7223 f
  DP_i/U2570/ZN (AOI22_X1)                              0.0931     1.8153 r
  DP_i/U2579/ZN (NOR2_X1)                               0.0359     1.8512 f
  DP_i/U3363/ZN (AOI21_X1)                              0.0683     1.9195 r
  DP_i/U244/ZN (AND3_X1)                                0.0732     1.9927 r
  DP_i/U3394/ZN (NAND2_X1)                              0.0402     2.0329 f
  DP_i/U3645/Z (XOR2_X1)                                0.0679     2.1008 r
  DP_i/U3646/ZN (INV_X1)                                0.0343     2.1351 f
  DP_i/U4886/ZN (AOI21_X1)                              0.0492     2.1843 r
  DP_i/U5022/CO (FA_X1)                                 0.0970     2.2812 r
  DP_i/U5024/ZN (NAND2_X1)                              0.0445     2.3258 f
  DP_i/U5095/ZN (NOR2_X1)                               0.0614     2.3871 r
  DP_i/U5109/ZN (NAND2_X1)                              0.0357     2.4229 f
  DP_i/U5110/ZN (XNOR2_X1)                              0.0653     2.4881 f
  DP_i/U5136/ZN (AND2_X1)                               0.0437     2.5318 f
  DP_i/U5138/ZN (OAI221_X1)                             0.0509     2.5827 r
  DP_i/U5240/ZN (INV_X1)                                0.0357     2.6184 f
  DP_i/U5268/ZN (AND2_X1)                               0.0515     2.6700 f
  DP_i/U5622/ZN (AOI21_X1)                              0.0668     2.7367 r
  DP_i/U5625/ZN (OAI22_X1)                              0.0436     2.7803 f
  DP_i/U5626/ZN (AOI221_X1)                             0.0893     2.8697 r
  DP_i/U5627/ZN (NAND4_X1)                              0.0499     2.9196 f
  DP_i/U5632/ZN (NOR4_X1)                               0.0946     3.0142 r
  DP_i/U5672/ZN (OAI21_X1)                              0.0356     3.0498 f
  DP_i/U5693/ZN (AND4_X2)                               0.0587     3.1085 f
  DP_i/U256/ZN (NOR3_X1)                                0.0847     3.1932 r
  DP_i/U4537/ZN (INV_X1)                                0.0273     3.2205 f
  DP_i/U7544/ZN (OR2_X2)                                0.0670     3.2875 f
  DP_i/U269/ZN (INV_X2)                                 0.1024     3.3900 r
  DP_i/U4565/ZN (AND2_X1)                               0.0714     3.4614 r
  DP_i/fetch_i_IR_out_reg_6_/D (DFF_X1)                 0.0110     3.4724 r
  data arrival time                                                3.4724

  clock CLK (rise edge)                                 3.5000     3.5000
  clock network delay (ideal)                           0.0500     3.5500
  clock uncertainty                                    -0.0500     3.5000
  DP_i/fetch_i_IR_out_reg_6_/CK (DFF_X1)                0.0000     3.5000 r
  library setup time                                   -0.0268     3.4732
  data required time                                               3.4732
  --------------------------------------------------------------------------
  data required time                                               3.4732
  data arrival time                                               -3.4724
  --------------------------------------------------------------------------
  slack (MET)                                                      0.0008


  Startpoint: DP_i/fetch_i_IR_out_reg_30_
              (rising edge-triggered flip-flop clocked by CLK)
  Endpoint: DP_i/fetch_i_IR_out_reg_0_
            (rising edge-triggered flip-flop clocked by CLK)
  Path Group: REG2REG
  Path Type: max

  Des/Clust/Port     Wire Load Model       Library
  ------------------------------------------------
  DLX                5K_hvratio_1_4        NangateOpenCellLibrary

  Point                                                   Incr       Path
  --------------------------------------------------------------------------
  clock CLK (rise edge)                                 0.0000     0.0000
  clock network delay (ideal)                           0.0500     0.0500
  DP_i/fetch_i_IR_out_reg_30_/CK (DFF_X1)               0.0000     0.0500 r
  DP_i/fetch_i_IR_out_reg_30_/Q (DFF_X1)                0.1189     0.1689 f
  DP_i/opcode[4] (DataPath)                             0.0000     0.1689 f
  U804/ZN (INV_X1)                                      0.0786     0.2474 r
  U805/ZN (NAND3_X1)                                    0.0608     0.3082 f
  U806/ZN (NOR2_X1)                                     0.0700     0.3782 r
  DP_i/RF2 (DataPath)                                   0.0000     0.3782 r
  DP_i/U840/Z (CLKBUF_X3)                               0.0764     0.4546 r
  DP_i/U866/ZN (OAI21_X1)                               0.0567     0.5113 f
  DP_i/U867/ZN (OAI21_X1)                               0.0460     0.5573 r
  DP_i/U874/ZN (NOR2_X1)                                0.0305     0.5877 f
  DP_i/U875/ZN (NOR2_X1)                                0.0607     0.6484 r
  DP_i/U877/S (FA_X1)                                   0.1273     0.7757 f
  DP_i/U876/ZN (AND2_X1)                                0.0442     0.8199 f
  DP_i/U250/ZN (OR2_X1)                                 0.0619     0.8818 f
  DP_i/U880/ZN (NAND2_X1)                               0.0346     0.9164 r
  DP_i/U882/ZN (NAND3_X1)                               0.0410     0.9574 f
  DP_i/U883/ZN (INV_X1)                                 0.0393     0.9966 r
  DP_i/U249/ZN (NOR2_X2)                                0.0441     1.0408 f
  DP_i/U885/ZN (NAND2_X1)                               0.0453     1.0860 r
  DP_i/U888/ZN (NAND3_X1)                               0.0504     1.1364 f
  DP_i/U889/ZN (NOR2_X1)                                0.0715     1.2079 r
  DP_i/U247/ZN (NOR2_X2)                                0.0493     1.2572 f
  DP_i/U1388/ZN (NOR2_X1)                               0.0407     1.2979 r
  DP_i/U1391/ZN (OR2_X1)                                0.0440     1.3419 r
  DP_i/U253/ZN (AOI22_X2)                               0.0472     1.3891 f
  DP_i/U2036/CO (FA_X1)                                 0.1015     1.4905 f
  DP_i/U2037/ZN (INV_X1)                                0.0421     1.5327 r
  DP_i/U248/ZN (NOR2_X2)                                0.0413     1.5740 f
  DP_i/U2119/ZN (NAND2_X1)                              0.0461     1.6201 r
  DP_i/U2120/ZN (NOR2_X1)                               0.0355     1.6555 f
  DP_i/U2349/ZN (XNOR2_X1)                              0.0667     1.7223 f
  DP_i/U2570/ZN (AOI22_X1)                              0.0931     1.8153 r
  DP_i/U2579/ZN (NOR2_X1)                               0.0359     1.8512 f
  DP_i/U3363/ZN (AOI21_X1)                              0.0683     1.9195 r
  DP_i/U244/ZN (AND3_X1)                                0.0732     1.9927 r
  DP_i/U3394/ZN (NAND2_X1)                              0.0402     2.0329 f
  DP_i/U3645/Z (XOR2_X1)                                0.0679     2.1008 r
  DP_i/U3646/ZN (INV_X1)                                0.0343     2.1351 f
  DP_i/U4886/ZN (AOI21_X1)                              0.0492     2.1843 r
  DP_i/U5022/CO (FA_X1)                                 0.0970     2.2812 r
  DP_i/U5024/ZN (NAND2_X1)                              0.0445     2.3258 f
  DP_i/U5095/ZN (NOR2_X1)                               0.0614     2.3871 r
  DP_i/U5109/ZN (NAND2_X1)                              0.0357     2.4229 f
  DP_i/U5110/ZN (XNOR2_X1)                              0.0653     2.4881 f
  DP_i/U5136/ZN (AND2_X1)                               0.0437     2.5318 f
  DP_i/U5138/ZN (OAI221_X1)                             0.0509     2.5827 r
  DP_i/U5240/ZN (INV_X1)                                0.0357     2.6184 f
  DP_i/U5268/ZN (AND2_X1)                               0.0515     2.6700 f
  DP_i/U5622/ZN (AOI21_X1)                              0.0668     2.7367 r
  DP_i/U5625/ZN (OAI22_X1)                              0.0436     2.7803 f
  DP_i/U5626/ZN (AOI221_X1)                             0.0893     2.8697 r
  DP_i/U5627/ZN (NAND4_X1)                              0.0499     2.9196 f
  DP_i/U5632/ZN (NOR4_X1)                               0.0946     3.0142 r
  DP_i/U5672/ZN (OAI21_X1)                              0.0356     3.0498 f
  DP_i/U5693/ZN (AND4_X2)                               0.0587     3.1085 f
  DP_i/U256/ZN (NOR3_X1)                                0.0847     3.1932 r
  DP_i/U4537/ZN (INV_X1)                                0.0273     3.2205 f
  DP_i/U7544/ZN (OR2_X2)                                0.0670     3.2875 f
  DP_i/U269/ZN (INV_X2)                                 0.1024     3.3900 r
  DP_i/U4571/ZN (AND2_X1)                               0.0714     3.4614 r
  DP_i/fetch_i_IR_out_reg_0_/D (DFF_X1)                 0.0110     3.4724 r
  data arrival time                                                3.4724

  clock CLK (rise edge)                                 3.5000     3.5000
  clock network delay (ideal)                           0.0500     3.5500
  clock uncertainty                                    -0.0500     3.5000
  DP_i/fetch_i_IR_out_reg_0_/CK (DFF_X1)                0.0000     3.5000 r
  library setup time                                   -0.0268     3.4732
  data required time                                               3.4732
  --------------------------------------------------------------------------
  data required time                                               3.4732
  data arrival time                                               -3.4724
  --------------------------------------------------------------------------
  slack (MET)                                                      0.0008


  Startpoint: DP_i/fetch_i_IR_out_reg_30_
              (rising edge-triggered flip-flop clocked by CLK)
  Endpoint: DP_i/fetch_i_IR_out_reg_1_
            (rising edge-triggered flip-flop clocked by CLK)
  Path Group: REG2REG
  Path Type: max

  Des/Clust/Port     Wire Load Model       Library
  ------------------------------------------------
  DLX                5K_hvratio_1_4        NangateOpenCellLibrary

  Point                                                   Incr       Path
  --------------------------------------------------------------------------
  clock CLK (rise edge)                                 0.0000     0.0000
  clock network delay (ideal)                           0.0500     0.0500
  DP_i/fetch_i_IR_out_reg_30_/CK (DFF_X1)               0.0000     0.0500 r
  DP_i/fetch_i_IR_out_reg_30_/Q (DFF_X1)                0.1189     0.1689 f
  DP_i/opcode[4] (DataPath)                             0.0000     0.1689 f
  U804/ZN (INV_X1)                                      0.0786     0.2474 r
  U805/ZN (NAND3_X1)                                    0.0608     0.3082 f
  U806/ZN (NOR2_X1)                                     0.0700     0.3782 r
  DP_i/RF2 (DataPath)                                   0.0000     0.3782 r
  DP_i/U840/Z (CLKBUF_X3)                               0.0764     0.4546 r
  DP_i/U866/ZN (OAI21_X1)                               0.0567     0.5113 f
  DP_i/U867/ZN (OAI21_X1)                               0.0460     0.5573 r
  DP_i/U874/ZN (NOR2_X1)                                0.0305     0.5877 f
  DP_i/U875/ZN (NOR2_X1)                                0.0607     0.6484 r
  DP_i/U877/S (FA_X1)                                   0.1273     0.7757 f
  DP_i/U876/ZN (AND2_X1)                                0.0442     0.8199 f
  DP_i/U250/ZN (OR2_X1)                                 0.0619     0.8818 f
  DP_i/U880/ZN (NAND2_X1)                               0.0346     0.9164 r
  DP_i/U882/ZN (NAND3_X1)                               0.0410     0.9574 f
  DP_i/U883/ZN (INV_X1)                                 0.0393     0.9966 r
  DP_i/U249/ZN (NOR2_X2)                                0.0441     1.0408 f
  DP_i/U885/ZN (NAND2_X1)                               0.0453     1.0860 r
  DP_i/U888/ZN (NAND3_X1)                               0.0504     1.1364 f
  DP_i/U889/ZN (NOR2_X1)                                0.0715     1.2079 r
  DP_i/U247/ZN (NOR2_X2)                                0.0493     1.2572 f
  DP_i/U1388/ZN (NOR2_X1)                               0.0407     1.2979 r
  DP_i/U1391/ZN (OR2_X1)                                0.0440     1.3419 r
  DP_i/U253/ZN (AOI22_X2)                               0.0472     1.3891 f
  DP_i/U2036/CO (FA_X1)                                 0.1015     1.4905 f
  DP_i/U2037/ZN (INV_X1)                                0.0421     1.5327 r
  DP_i/U248/ZN (NOR2_X2)                                0.0413     1.5740 f
  DP_i/U2119/ZN (NAND2_X1)                              0.0461     1.6201 r
  DP_i/U2120/ZN (NOR2_X1)                               0.0355     1.6555 f
  DP_i/U2349/ZN (XNOR2_X1)                              0.0667     1.7223 f
  DP_i/U2570/ZN (AOI22_X1)                              0.0931     1.8153 r
  DP_i/U2579/ZN (NOR2_X1)                               0.0359     1.8512 f
  DP_i/U3363/ZN (AOI21_X1)                              0.0683     1.9195 r
  DP_i/U244/ZN (AND3_X1)                                0.0732     1.9927 r
  DP_i/U3394/ZN (NAND2_X1)                              0.0402     2.0329 f
  DP_i/U3645/Z (XOR2_X1)                                0.0679     2.1008 r
  DP_i/U3646/ZN (INV_X1)                                0.0343     2.1351 f
  DP_i/U4886/ZN (AOI21_X1)                              0.0492     2.1843 r
  DP_i/U5022/CO (FA_X1)                                 0.0970     2.2812 r
  DP_i/U5024/ZN (NAND2_X1)                              0.0445     2.3258 f
  DP_i/U5095/ZN (NOR2_X1)                               0.0614     2.3871 r
  DP_i/U5109/ZN (NAND2_X1)                              0.0357     2.4229 f
  DP_i/U5110/ZN (XNOR2_X1)                              0.0653     2.4881 f
  DP_i/U5136/ZN (AND2_X1)                               0.0437     2.5318 f
  DP_i/U5138/ZN (OAI221_X1)                             0.0509     2.5827 r
  DP_i/U5240/ZN (INV_X1)                                0.0357     2.6184 f
  DP_i/U5268/ZN (AND2_X1)                               0.0515     2.6700 f
  DP_i/U5622/ZN (AOI21_X1)                              0.0668     2.7367 r
  DP_i/U5625/ZN (OAI22_X1)                              0.0436     2.7803 f
  DP_i/U5626/ZN (AOI221_X1)                             0.0893     2.8697 r
  DP_i/U5627/ZN (NAND4_X1)                              0.0499     2.9196 f
  DP_i/U5632/ZN (NOR4_X1)                               0.0946     3.0142 r
  DP_i/U5672/ZN (OAI21_X1)                              0.0356     3.0498 f
  DP_i/U5693/ZN (AND4_X2)                               0.0587     3.1085 f
  DP_i/U256/ZN (NOR3_X1)                                0.0847     3.1932 r
  DP_i/U4537/ZN (INV_X1)                                0.0273     3.2205 f
  DP_i/U7544/ZN (OR2_X2)                                0.0670     3.2875 f
  DP_i/U269/ZN (INV_X2)                                 0.1024     3.3900 r
  DP_i/U4570/ZN (AND2_X1)                               0.0714     3.4614 r
  DP_i/fetch_i_IR_out_reg_1_/D (DFF_X1)                 0.0110     3.4724 r
  data arrival time                                                3.4724

  clock CLK (rise edge)                                 3.5000     3.5000
  clock network delay (ideal)                           0.0500     3.5500
  clock uncertainty                                    -0.0500     3.5000
  DP_i/fetch_i_IR_out_reg_1_/CK (DFF_X1)                0.0000     3.5000 r
  library setup time                                   -0.0268     3.4732
  data required time                                               3.4732
  --------------------------------------------------------------------------
  data required time                                               3.4732
  data arrival time                                               -3.4724
  --------------------------------------------------------------------------
  slack (MET)                                                      0.0008


1
