 
****************************************
Report : qor
Design : DLX
Version: W-2024.09-SP2
Date   : Sun Sep 27 03:04:06 2026
****************************************


  Timing Path Group 'REG2REG'
  -----------------------------------
  Levels of Logic:              21.00
  Critical Path Length:          1.40
  Critical Path Slack:          -0.47
  Critical Path Clk Period:      1.00
  Total Negative Slack:       -134.06
  No. of Violating Paths:      429.00
  Worst Hold Violation:          0.00
  Total Hold Violation:          0.00
  No. of Hold Violations:        0.00
  -----------------------------------

  Timing Path Group 'CLK'
  -----------------------------------
  Levels of Logic:              21.00
  Critical Path Length:          1.11
  Critical Path Slack:          -0.23
  Critical Path Clk Period:      1.00
  Total Negative Slack:         -4.91
  No. of Violating Paths:       37.00
  Worst Hold Violation:          0.00
  Total Hold Violation:          0.00
  No. of Hold Violations:        0.00
  -----------------------------------

  Timing Path Group 'INPUTS'
  -----------------------------------
  Levels of Logic:               8.00
  Critical Path Length:          0.75
  Critical Path Slack:           0.07
  Critical Path Clk Period:      1.00
  Total Negative Slack:          0.00
  No. of Violating Paths:        0.00
  Worst Hold Violation:          0.00
  Total Hold Violation:          0.00
  No. of Hold Violations:        0.00
  -----------------------------------

  Timing Path Group 'OUTPUTS'
  -----------------------------------
  Levels of Logic:              16.00
  Critical Path Length:          0.85
  Critical Path Slack:           0.00
  Critical Path Clk Period:      1.00
  Total Negative Slack:          0.00
  No. of Violating Paths:        0.00
  Worst Hold Violation:          0.00
  Total Hold Violation:          0.00
  No. of Hold Violations:        0.00
  -----------------------------------


  Cell Count
  -----------------------------------
  Hierarchical Cell Count:         75
  Hierarchical Port Count:        414
  Leaf Cell Count:              15324
  Buf/Inv Cell Count:            1738
  Buf Cell Count:                 473
  Inv Cell Count:                1265
  CT Buf/Inv Cell Count:            0
  Combinational Cell Count:     12415
  Sequential Cell Count:         2909
  Macro Count:                      0
  -----------------------------------


  Area
  -----------------------------------
  Combinational Area:    13971.916031
  Noncombinational Area: 13189.077537
  Buf/Inv Area:           1192.212003
  Total Buffer Area:           503.54
  Total Inverter Area:         688.67
  Macro/Black Box Area:      0.000000
  Net Area:                  0.000000
  -----------------------------------
  Cell Area:             27160.993568
  Design Area:           27160.993568


  Design Rules
  -----------------------------------
  Total Number of Nets:         15694
  Nets With Violations:             1
  Max Trans Violations:             0
  Max Cap Violations:               1
  -----------------------------------


  Hostname: microsys.openstack.polito

  Compile CPU Statistics
  -----------------------------------------
  Resource Sharing:                    0.01
  Logic Optimization:                  0.65
  Mapping Optimization:               26.92
  -----------------------------------------
  Overall Compile Time:               48.20
  Overall Compile Wall Clock Time:    48.89

  --------------------------------------------------------------------

  Design  WNS: 0.47  TNS: 138.97  Number of Violating Paths: 466


  Design (Hold)  WNS: 0.00  TNS: 0.00  Number of Violating Paths: 0

  --------------------------------------------------------------------


1
