 
****************************************
Report : qor
Design : DLX
Version: W-2024.09-SP2
Date   : Sun Sep 27 03:35:39 2026
****************************************


  Timing Path Group 'REG2REG'
  -----------------------------------
  Levels of Logic:              27.00
  Critical Path Length:          1.72
  Critical Path Slack:           0.00
  Critical Path Clk Period:      1.80
  Total Negative Slack:          0.00
  No. of Violating Paths:        0.00
  Worst Hold Violation:          0.00
  Total Hold Violation:          0.00
  No. of Hold Violations:        0.00
  -----------------------------------

  Timing Path Group 'CLK'
  -----------------------------------
  Levels of Logic:              25.00
  Critical Path Length:          1.54
  Critical Path Slack:           0.15
  Critical Path Clk Period:      1.80
  Total Negative Slack:          0.00
  No. of Violating Paths:        0.00
  Worst Hold Violation:          0.00
  Total Hold Violation:          0.00
  No. of Hold Violations:        0.00
  -----------------------------------

  Timing Path Group 'INPUTS'
  -----------------------------------
  Levels of Logic:               7.00
  Critical Path Length:          0.90
  Critical Path Slack:           0.64
  Critical Path Clk Period:      1.80
  Total Negative Slack:          0.00
  No. of Violating Paths:        0.00
  Worst Hold Violation:          0.00
  Total Hold Violation:          0.00
  No. of Hold Violations:        0.00
  -----------------------------------

  Timing Path Group 'OUTPUTS'
  -----------------------------------
  Levels of Logic:              19.00
  Critical Path Length:          1.36
  Critical Path Slack:           0.21
  Critical Path Clk Period:      1.80
  Total Negative Slack:          0.00
  No. of Violating Paths:        0.00
  Worst Hold Violation:          0.00
  Total Hold Violation:          0.00
  No. of Hold Violations:        0.00
  -----------------------------------


  Cell Count
  -----------------------------------
  Hierarchical Cell Count:         76
  Hierarchical Port Count:        542
  Leaf Cell Count:              13982
  Buf/Inv Cell Count:            1375
  Buf Cell Count:                 204
  Inv Cell Count:                1171
  CT Buf/Inv Cell Count:            0
  Combinational Cell Count:     11073
  Sequential Cell Count:         2909
  Macro Count:                      0
  -----------------------------------


  Area
  -----------------------------------
  Combinational Area:    12229.882054
  Noncombinational Area: 13184.289536
  Buf/Inv Area:            810.768003
  Total Buffer Area:           179.28
  Total Inverter Area:         631.48
  Macro/Black Box Area:      0.000000
  Net Area:                  0.000000
  -----------------------------------
  Cell Area:             25414.171590
  Design Area:           25414.171590


  Design Rules
  -----------------------------------
  Total Number of Nets:         14248
  Nets With Violations:             7
  Max Trans Violations:             2
  Max Cap Violations:               7
  -----------------------------------


  Hostname: microsys.openstack.polito

  Compile CPU Statistics
  -----------------------------------------
  Resource Sharing:                    0.01
  Logic Optimization:                  0.64
  Mapping Optimization:                5.98
  -----------------------------------------
  Overall Compile Time:               16.58
  Overall Compile Wall Clock Time:    17.19

  --------------------------------------------------------------------

  Design  WNS: 0.00  TNS: 0.00  Number of Violating Paths: 0


  Design (Hold)  WNS: 0.00  TNS: 0.00  Number of Violating Paths: 0

  --------------------------------------------------------------------


1
