 
****************************************
Report : qor
Design : DLX
Version: W-2024.09-SP2
Date   : Sun Sep 27 03:09:24 2026
****************************************


  Timing Path Group 'REG2REG'
  -----------------------------------
  Levels of Logic:              25.00
  Critical Path Length:          1.41
  Critical Path Slack:          -0.39
  Critical Path Clk Period:      1.10
  Total Negative Slack:       -102.66
  No. of Violating Paths:      400.00
  Worst Hold Violation:          0.00
  Total Hold Violation:          0.00
  No. of Hold Violations:        0.00
  -----------------------------------

  Timing Path Group 'CLK'
  -----------------------------------
  Levels of Logic:              22.00
  Critical Path Length:          1.15
  Critical Path Slack:          -0.17
  Critical Path Clk Period:      1.10
  Total Negative Slack:         -1.93
  No. of Violating Paths:       37.00
  Worst Hold Violation:          0.00
  Total Hold Violation:          0.00
  No. of Hold Violations:        0.00
  -----------------------------------

  Timing Path Group 'INPUTS'
  -----------------------------------
  Levels of Logic:              11.00
  Critical Path Length:          0.75
  Critical Path Slack:           0.17
  Critical Path Clk Period:      1.10
  Total Negative Slack:          0.00
  No. of Violating Paths:        0.00
  Worst Hold Violation:          0.00
  Total Hold Violation:          0.00
  No. of Hold Violations:        0.00
  -----------------------------------

  Timing Path Group 'OUTPUTS'
  -----------------------------------
  Levels of Logic:              17.00
  Critical Path Length:          0.93
  Critical Path Slack:           0.01
  Critical Path Clk Period:      1.10
  Total Negative Slack:          0.00
  No. of Violating Paths:        0.00
  Worst Hold Violation:          0.00
  Total Hold Violation:          0.00
  No. of Hold Violations:        0.00
  -----------------------------------


  Cell Count
  -----------------------------------
  Hierarchical Cell Count:         75
  Hierarchical Port Count:        414
  Leaf Cell Count:              15842
  Buf/Inv Cell Count:            1789
  Buf Cell Count:                 376
  Inv Cell Count:                1413
  CT Buf/Inv Cell Count:            0
  Combinational Cell Count:     12933
  Sequential Cell Count:         2909
  Macro Count:                      0
  -----------------------------------


  Area
  -----------------------------------
  Combinational Area:    14154.392000
  Noncombinational Area: 13205.569539
  Buf/Inv Area:           1150.982002
  Total Buffer Area:           375.33
  Total Inverter Area:         775.66
  Macro/Black Box Area:      0.000000
  Net Area:                  0.000000
  -----------------------------------
  Cell Area:             27359.961539
  Design Area:           27359.961539


  Design Rules
  -----------------------------------
  Total Number of Nets:         16682
  Nets With Violations:             2
  Max Trans Violations:             1
  Max Cap Violations:               2
  -----------------------------------


  Hostname: microsys.openstack.polito

  Compile CPU Statistics
  -----------------------------------------
  Resource Sharing:                    0.01
  Logic Optimization:                  0.65
  Mapping Optimization:               52.18
  -----------------------------------------
  Overall Compile Time:               68.31
  Overall Compile Wall Clock Time:    69.11

  --------------------------------------------------------------------

  Design  WNS: 0.39  TNS: 104.58  Number of Violating Paths: 437


  Design (Hold)  WNS: 0.00  TNS: 0.00  Number of Violating Paths: 0

  --------------------------------------------------------------------


1
