 
****************************************
Report : qor
Design : DLX
Version: W-2024.09-SP2
Date   : Sun Sep 27 03:29:32 2026
****************************************


  Timing Path Group 'REG2REG'
  -----------------------------------
  Levels of Logic:              29.00
  Critical Path Length:          1.55
  Critical Path Slack:          -0.03
  Critical Path Clk Period:      1.60
  Total Negative Slack:         -2.93
  No. of Violating Paths:      176.00
  Worst Hold Violation:          0.00
  Total Hold Violation:          0.00
  No. of Hold Violations:        0.00
  -----------------------------------

  Timing Path Group 'CLK'
  -----------------------------------
  Levels of Logic:              23.00
  Critical Path Length:          1.41
  Critical Path Slack:           0.08
  Critical Path Clk Period:      1.60
  Total Negative Slack:          0.00
  No. of Violating Paths:        0.00
  Worst Hold Violation:          0.00
  Total Hold Violation:          0.00
  No. of Hold Violations:        0.00
  -----------------------------------

  Timing Path Group 'INPUTS'
  -----------------------------------
  Levels of Logic:               9.00
  Critical Path Length:          0.91
  Critical Path Slack:           0.45
  Critical Path Clk Period:      1.60
  Total Negative Slack:          0.00
  No. of Violating Paths:        0.00
  Worst Hold Violation:          0.00
  Total Hold Violation:          0.00
  No. of Hold Violations:        0.00
  -----------------------------------

  Timing Path Group 'OUTPUTS'
  -----------------------------------
  Levels of Logic:              18.00
  Critical Path Length:          1.27
  Critical Path Slack:           0.12
  Critical Path Clk Period:      1.60
  Total Negative Slack:          0.00
  No. of Violating Paths:        0.00
  Worst Hold Violation:          0.00
  Total Hold Violation:          0.00
  No. of Hold Violations:        0.00
  -----------------------------------


  Cell Count
  -----------------------------------
  Hierarchical Cell Count:         76
  Hierarchical Port Count:        542
  Leaf Cell Count:              14641
  Buf/Inv Cell Count:            1459
  Buf Cell Count:                 302
  Inv Cell Count:                1157
  CT Buf/Inv Cell Count:            0
  Combinational Cell Count:     11732
  Sequential Cell Count:         2909
  Macro Count:                      0
  -----------------------------------


  Area
  -----------------------------------
  Combinational Area:    12927.600024
  Noncombinational Area: 13186.417537
  Buf/Inv Area:            890.568001
  Total Buffer Area:           264.67
  Total Inverter Area:         625.90
  Macro/Black Box Area:      0.000000
  Net Area:                  0.000000
  -----------------------------------
  Cell Area:             26114.017560
  Design Area:           26114.017560


  Design Rules
  -----------------------------------
  Total Number of Nets:         14915
  Nets With Violations:             6
  Max Trans Violations:             3
  Max Cap Violations:               6
  -----------------------------------


  Hostname: microsys.openstack.polito

  Compile CPU Statistics
  -----------------------------------------
  Resource Sharing:                    0.01
  Logic Optimization:                  0.62
  Mapping Optimization:               17.37
  -----------------------------------------
  Overall Compile Time:               32.67
  Overall Compile Wall Clock Time:    33.18

  --------------------------------------------------------------------

  Design  WNS: 0.03  TNS: 2.93  Number of Violating Paths: 176


  Design (Hold)  WNS: 0.00  TNS: 0.00  Number of Violating Paths: 0

  --------------------------------------------------------------------


1
