 
****************************************
Report : timing
        -path full
        -delay max
        -nworst 2
        -group REG2REG
        -max_paths 10
Design : DLX
Version: W-2024.09-SP2
Date   : Sun Sep 27 03:32:59 2026
****************************************

Operating Conditions: typical   Library: NangateOpenCellLibrary
Wire Load Model Mode: top

  Startpoint: DP_i_mem_access_i_rd_out_reg_i_Y_reg_0_
              (rising edge-triggered flip-flop clocked by CLK)
  Endpoint: DP_i_fetch_i_IR_out_reg_2_
            (rising edge-triggered flip-flop clocked by CLK)
  Path Group: REG2REG
  Path Type: max

  Des/Clust/Port     Wire Load Model       Library
  ------------------------------------------------
  DLX                5K_hvratio_1_4        NangateOpenCellLibrary

  Point                                                   Incr       Path
  --------------------------------------------------------------------------
  clock CLK (rise edge)                                 0.0000     0.0000
  clock network delay (ideal)                           0.0500     0.0500
  DP_i_mem_access_i_rd_out_reg_i_Y_reg_0_/CK (DFF_X1)   0.0000     0.0500 r
  DP_i_mem_access_i_rd_out_reg_i_Y_reg_0_/QN (DFF_X1)   0.0782     0.1282 f
  U6153/ZN (INV_X1)                                     0.0535     0.1816 r
  DP_i_decode_i_reg_file_i/addr_w[0] (register_file)    0.0000     0.1816 r
  DP_i_decode_i_reg_file_i/U69/ZN (INV_X2)              0.0611     0.2428 f
  DP_i_decode_i_reg_file_i/U88/ZN (OAI22_X1)            0.0666     0.3094 r
  DP_i_decode_i_reg_file_i/U55/ZN (NOR3_X1)             0.0302     0.3396 f
  DP_i_decode_i_reg_file_i/U56/ZN (NAND4_X1)            0.0469     0.3865 r
  DP_i_decode_i_reg_file_i/U80/ZN (NAND2_X1)            0.0794     0.4659 f
  DP_i_decode_i_reg_file_i/U111/ZN (NOR2_X1)            0.1856     0.6515 r
  DP_i_decode_i_reg_file_i/U65/Z (BUF_X2)               0.1332     0.7847 r
  DP_i_decode_i_reg_file_i/U1531/ZN (AOI22_X1)          0.0620     0.8467 f
  DP_i_decode_i_reg_file_i/U1533/ZN (NAND4_X1)          0.0412     0.8879 r
  DP_i_decode_i_reg_file_i/U1544/ZN (OR4_X1)            0.0399     0.9278 r
  DP_i_decode_i_reg_file_i/output1[23] (register_file)
                                                        0.0000     0.9278 r
  U4462/ZN (INV_X1)                                     0.0246     0.9524 f
  U4571/ZN (OR2_X1)                                     0.0530     1.0053 f
  U4572/ZN (OAI21_X1)                                   0.0409     1.0462 r
  U4573/ZN (XNOR2_X1)                                   0.0663     1.1125 r
  U4583/ZN (AND4_X1)                                    0.0665     1.1790 r
  U4615/ZN (AND4_X1)                                    0.0672     1.2462 r
  U4668/ZN (AOI21_X1)                                   0.0298     1.2760 f
  U1270/ZN (OR2_X2)                                     0.0666     1.3426 f
  U1653/ZN (OAI21_X2)                                   0.0627     1.4053 r
  U6359/ZN (INV_X1)                                     0.0382     1.4435 f
  U7087/ZN (OR3_X4)                                     0.1081     1.5516 f
  U7915/ZN (OR2_X1)                                     0.0849     1.6366 f
  U7668/ZN (INV_X1)                                     0.0262     1.6628 r
  DP_i_fetch_i_IR_out_reg_2_/D (DFF_X1)                 0.0110     1.6737 r
  data arrival time                                                1.6737

  clock CLK (rise edge)                                 1.7000     1.7000
  clock network delay (ideal)                           0.0500     1.7500
  clock uncertainty                                    -0.0500     1.7000
  DP_i_fetch_i_IR_out_reg_2_/CK (DFF_X1)                0.0000     1.7000 r
  library setup time                                   -0.0262     1.6738
  data required time                                               1.6738
  --------------------------------------------------------------------------
  data required time                                               1.6738
  data arrival time                                               -1.6737
  --------------------------------------------------------------------------
  slack (MET)                                                      0.0001


  Startpoint: DP_i_mem_access_i_rd_out_reg_i_Y_reg_0_
              (rising edge-triggered flip-flop clocked by CLK)
  Endpoint: DP_i_fetch_i_IR_out_reg_8_
            (rising edge-triggered flip-flop clocked by CLK)
  Path Group: REG2REG
  Path Type: max

  Des/Clust/Port     Wire Load Model       Library
  ------------------------------------------------
  DLX                5K_hvratio_1_4        NangateOpenCellLibrary

  Point                                                   Incr       Path
  --------------------------------------------------------------------------
  clock CLK (rise edge)                                 0.0000     0.0000
  clock network delay (ideal)                           0.0500     0.0500
  DP_i_mem_access_i_rd_out_reg_i_Y_reg_0_/CK (DFF_X1)   0.0000     0.0500 r
  DP_i_mem_access_i_rd_out_reg_i_Y_reg_0_/QN (DFF_X1)   0.0782     0.1282 f
  U6153/ZN (INV_X1)                                     0.0535     0.1816 r
  DP_i_decode_i_reg_file_i/addr_w[0] (register_file)    0.0000     0.1816 r
  DP_i_decode_i_reg_file_i/U69/ZN (INV_X2)              0.0611     0.2428 f
  DP_i_decode_i_reg_file_i/U88/ZN (OAI22_X1)            0.0666     0.3094 r
  DP_i_decode_i_reg_file_i/U55/ZN (NOR3_X1)             0.0302     0.3396 f
  DP_i_decode_i_reg_file_i/U56/ZN (NAND4_X1)            0.0469     0.3865 r
  DP_i_decode_i_reg_file_i/U80/ZN (NAND2_X1)            0.0794     0.4659 f
  DP_i_decode_i_reg_file_i/U111/ZN (NOR2_X1)            0.1856     0.6515 r
  DP_i_decode_i_reg_file_i/U65/Z (BUF_X2)               0.1332     0.7847 r
  DP_i_decode_i_reg_file_i/U1531/ZN (AOI22_X1)          0.0620     0.8467 f
  DP_i_decode_i_reg_file_i/U1533/ZN (NAND4_X1)          0.0412     0.8879 r
  DP_i_decode_i_reg_file_i/U1544/ZN (OR4_X1)            0.0399     0.9278 r
  DP_i_decode_i_reg_file_i/output1[23] (register_file)
                                                        0.0000     0.9278 r
  U4462/ZN (INV_X1)                                     0.0246     0.9524 f
  U4571/ZN (OR2_X1)                                     0.0530     1.0053 f
  U4572/ZN (OAI21_X1)                                   0.0409     1.0462 r
  U4573/ZN (XNOR2_X1)                                   0.0663     1.1125 r
  U4583/ZN (AND4_X1)                                    0.0665     1.1790 r
  U4615/ZN (AND4_X1)                                    0.0672     1.2462 r
  U4668/ZN (AOI21_X1)                                   0.0298     1.2760 f
  U1270/ZN (OR2_X2)                                     0.0666     1.3426 f
  U1653/ZN (OAI21_X2)                                   0.0627     1.4053 r
  U6359/ZN (INV_X1)                                     0.0382     1.4435 f
  U7087/ZN (OR3_X4)                                     0.1081     1.5516 f
  U8028/ZN (OR2_X1)                                     0.0849     1.6366 f
  U7682/ZN (INV_X1)                                     0.0262     1.6628 r
  DP_i_fetch_i_IR_out_reg_8_/D (DFF_X1)                 0.0110     1.6737 r
  data arrival time                                                1.6737

  clock CLK (rise edge)                                 1.7000     1.7000
  clock network delay (ideal)                           0.0500     1.7500
  clock uncertainty                                    -0.0500     1.7000
  DP_i_fetch_i_IR_out_reg_8_/CK (DFF_X1)                0.0000     1.7000 r
  library setup time                                   -0.0262     1.6738
  data required time                                               1.6738
  --------------------------------------------------------------------------
  data required time                                               1.6738
  data arrival time                                               -1.6737
  --------------------------------------------------------------------------
  slack (MET)                                                      0.0001


  Startpoint: DP_i_mem_access_i_rd_out_reg_i_Y_reg_0_
              (rising edge-triggered flip-flop clocked by CLK)
  Endpoint: DP_i_fetch_i_IR_out_reg_4_
            (rising edge-triggered flip-flop clocked by CLK)
  Path Group: REG2REG
  Path Type: max

  Des/Clust/Port     Wire Load Model       Library
  ------------------------------------------------
  DLX                5K_hvratio_1_4        NangateOpenCellLibrary

  Point                                                   Incr       Path
  --------------------------------------------------------------------------
  clock CLK (rise edge)                                 0.0000     0.0000
  clock network delay (ideal)                           0.0500     0.0500
  DP_i_mem_access_i_rd_out_reg_i_Y_reg_0_/CK (DFF_X1)   0.0000     0.0500 r
  DP_i_mem_access_i_rd_out_reg_i_Y_reg_0_/QN (DFF_X1)   0.0782     0.1282 f
  U6153/ZN (INV_X1)                                     0.0535     0.1816 r
  DP_i_decode_i_reg_file_i/addr_w[0] (register_file)    0.0000     0.1816 r
  DP_i_decode_i_reg_file_i/U69/ZN (INV_X2)              0.0611     0.2428 f
  DP_i_decode_i_reg_file_i/U88/ZN (OAI22_X1)            0.0666     0.3094 r
  DP_i_decode_i_reg_file_i/U55/ZN (NOR3_X1)             0.0302     0.3396 f
  DP_i_decode_i_reg_file_i/U56/ZN (NAND4_X1)            0.0469     0.3865 r
  DP_i_decode_i_reg_file_i/U80/ZN (NAND2_X1)            0.0794     0.4659 f
  DP_i_decode_i_reg_file_i/U111/ZN (NOR2_X1)            0.1856     0.6515 r
  DP_i_decode_i_reg_file_i/U65/Z (BUF_X2)               0.1332     0.7847 r
  DP_i_decode_i_reg_file_i/U1531/ZN (AOI22_X1)          0.0620     0.8467 f
  DP_i_decode_i_reg_file_i/U1533/ZN (NAND4_X1)          0.0412     0.8879 r
  DP_i_decode_i_reg_file_i/U1544/ZN (OR4_X1)            0.0399     0.9278 r
  DP_i_decode_i_reg_file_i/output1[23] (register_file)
                                                        0.0000     0.9278 r
  U4462/ZN (INV_X1)                                     0.0246     0.9524 f
  U4571/ZN (OR2_X1)                                     0.0530     1.0053 f
  U4572/ZN (OAI21_X1)                                   0.0409     1.0462 r
  U4573/ZN (XNOR2_X1)                                   0.0663     1.1125 r
  U4583/ZN (AND4_X1)                                    0.0665     1.1790 r
  U4615/ZN (AND4_X1)                                    0.0672     1.2462 r
  U4668/ZN (AOI21_X1)                                   0.0298     1.2760 f
  U1270/ZN (OR2_X2)                                     0.0666     1.3426 f
  U1653/ZN (OAI21_X2)                                   0.0627     1.4053 r
  U6359/ZN (INV_X1)                                     0.0382     1.4435 f
  U7087/ZN (OR3_X4)                                     0.1081     1.5516 f
  U7890/ZN (OR2_X1)                                     0.0849     1.6366 f
  U7690/ZN (INV_X1)                                     0.0262     1.6628 r
  DP_i_fetch_i_IR_out_reg_4_/D (DFF_X1)                 0.0110     1.6737 r
  data arrival time                                                1.6737

  clock CLK (rise edge)                                 1.7000     1.7000
  clock network delay (ideal)                           0.0500     1.7500
  clock uncertainty                                    -0.0500     1.7000
  DP_i_fetch_i_IR_out_reg_4_/CK (DFF_X1)                0.0000     1.7000 r
  library setup time                                   -0.0262     1.6738
  data required time                                               1.6738
  --------------------------------------------------------------------------
  data required time                                               1.6738
  data arrival time                                               -1.6737
  --------------------------------------------------------------------------
  slack (MET)                                                      0.0001


  Startpoint: DP_i_mem_access_i_rd_out_reg_i_Y_reg_0_
              (rising edge-triggered flip-flop clocked by CLK)
  Endpoint: DP_i_fetch_i_IR_out_reg_5_
            (rising edge-triggered flip-flop clocked by CLK)
  Path Group: REG2REG
  Path Type: max

  Des/Clust/Port     Wire Load Model       Library
  ------------------------------------------------
  DLX                5K_hvratio_1_4        NangateOpenCellLibrary

  Point                                                   Incr       Path
  --------------------------------------------------------------------------
  clock CLK (rise edge)                                 0.0000     0.0000
  clock network delay (ideal)                           0.0500     0.0500
  DP_i_mem_access_i_rd_out_reg_i_Y_reg_0_/CK (DFF_X1)   0.0000     0.0500 r
  DP_i_mem_access_i_rd_out_reg_i_Y_reg_0_/QN (DFF_X1)   0.0782     0.1282 f
  U6153/ZN (INV_X1)                                     0.0535     0.1816 r
  DP_i_decode_i_reg_file_i/addr_w[0] (register_file)    0.0000     0.1816 r
  DP_i_decode_i_reg_file_i/U69/ZN (INV_X2)              0.0611     0.2428 f
  DP_i_decode_i_reg_file_i/U88/ZN (OAI22_X1)            0.0666     0.3094 r
  DP_i_decode_i_reg_file_i/U55/ZN (NOR3_X1)             0.0302     0.3396 f
  DP_i_decode_i_reg_file_i/U56/ZN (NAND4_X1)            0.0469     0.3865 r
  DP_i_decode_i_reg_file_i/U80/ZN (NAND2_X1)            0.0794     0.4659 f
  DP_i_decode_i_reg_file_i/U111/ZN (NOR2_X1)            0.1856     0.6515 r
  DP_i_decode_i_reg_file_i/U65/Z (BUF_X2)               0.1332     0.7847 r
  DP_i_decode_i_reg_file_i/U1531/ZN (AOI22_X1)          0.0620     0.8467 f
  DP_i_decode_i_reg_file_i/U1533/ZN (NAND4_X1)          0.0412     0.8879 r
  DP_i_decode_i_reg_file_i/U1544/ZN (OR4_X1)            0.0399     0.9278 r
  DP_i_decode_i_reg_file_i/output1[23] (register_file)
                                                        0.0000     0.9278 r
  U4462/ZN (INV_X1)                                     0.0246     0.9524 f
  U4571/ZN (OR2_X1)                                     0.0530     1.0053 f
  U4572/ZN (OAI21_X1)                                   0.0409     1.0462 r
  U4573/ZN (XNOR2_X1)                                   0.0663     1.1125 r
  U4583/ZN (AND4_X1)                                    0.0665     1.1790 r
  U4615/ZN (AND4_X1)                                    0.0672     1.2462 r
  U4668/ZN (AOI21_X1)                                   0.0298     1.2760 f
  U1270/ZN (OR2_X2)                                     0.0666     1.3426 f
  U1653/ZN (OAI21_X2)                                   0.0627     1.4053 r
  U6359/ZN (INV_X1)                                     0.0382     1.4435 f
  U7087/ZN (OR3_X4)                                     0.1081     1.5516 f
  U7887/ZN (OR2_X1)                                     0.0849     1.6366 f
  U7673/ZN (INV_X1)                                     0.0262     1.6628 r
  DP_i_fetch_i_IR_out_reg_5_/D (DFF_X1)                 0.0110     1.6737 r
  data arrival time                                                1.6737

  clock CLK (rise edge)                                 1.7000     1.7000
  clock network delay (ideal)                           0.0500     1.7500
  clock uncertainty                                    -0.0500     1.7000
  DP_i_fetch_i_IR_out_reg_5_/CK (DFF_X1)                0.0000     1.7000 r
  library setup time                                   -0.0262     1.6738
  data required time                                               1.6738
  --------------------------------------------------------------------------
  data required time                                               1.6738
  data arrival time                                               -1.6737
  --------------------------------------------------------------------------
  slack (MET)                                                      0.0001


  Startpoint: DP_i_mem_access_i_rd_out_reg_i_Y_reg_0_
              (rising edge-triggered flip-flop clocked by CLK)
  Endpoint: DP_i_fetch_i_IR_out_reg_9_
            (rising edge-triggered flip-flop clocked by CLK)
  Path Group: REG2REG
  Path Type: max

  Des/Clust/Port     Wire Load Model       Library
  ------------------------------------------------
  DLX                5K_hvratio_1_4        NangateOpenCellLibrary

  Point                                                   Incr       Path
  --------------------------------------------------------------------------
  clock CLK (rise edge)                                 0.0000     0.0000
  clock network delay (ideal)                           0.0500     0.0500
  DP_i_mem_access_i_rd_out_reg_i_Y_reg_0_/CK (DFF_X1)   0.0000     0.0500 r
  DP_i_mem_access_i_rd_out_reg_i_Y_reg_0_/QN (DFF_X1)   0.0782     0.1282 f
  U6153/ZN (INV_X1)                                     0.0535     0.1816 r
  DP_i_decode_i_reg_file_i/addr_w[0] (register_file)    0.0000     0.1816 r
  DP_i_decode_i_reg_file_i/U69/ZN (INV_X2)              0.0611     0.2428 f
  DP_i_decode_i_reg_file_i/U88/ZN (OAI22_X1)            0.0666     0.3094 r
  DP_i_decode_i_reg_file_i/U55/ZN (NOR3_X1)             0.0302     0.3396 f
  DP_i_decode_i_reg_file_i/U56/ZN (NAND4_X1)            0.0469     0.3865 r
  DP_i_decode_i_reg_file_i/U80/ZN (NAND2_X1)            0.0794     0.4659 f
  DP_i_decode_i_reg_file_i/U111/ZN (NOR2_X1)            0.1856     0.6515 r
  DP_i_decode_i_reg_file_i/U65/Z (BUF_X2)               0.1332     0.7847 r
  DP_i_decode_i_reg_file_i/U1531/ZN (AOI22_X1)          0.0620     0.8467 f
  DP_i_decode_i_reg_file_i/U1533/ZN (NAND4_X1)          0.0412     0.8879 r
  DP_i_decode_i_reg_file_i/U1544/ZN (OR4_X1)            0.0399     0.9278 r
  DP_i_decode_i_reg_file_i/output1[23] (register_file)
                                                        0.0000     0.9278 r
  U4462/ZN (INV_X1)                                     0.0246     0.9524 f
  U4571/ZN (OR2_X1)                                     0.0530     1.0053 f
  U4572/ZN (OAI21_X1)                                   0.0409     1.0462 r
  U4573/ZN (XNOR2_X1)                                   0.0663     1.1125 r
  U4583/ZN (AND4_X1)                                    0.0665     1.1790 r
  U4615/ZN (AND4_X1)                                    0.0672     1.2462 r
  U4668/ZN (AOI21_X1)                                   0.0298     1.2760 f
  U1270/ZN (OR2_X2)                                     0.0666     1.3426 f
  U1653/ZN (OAI21_X2)                                   0.0627     1.4053 r
  U6359/ZN (INV_X1)                                     0.0382     1.4435 f
  U7087/ZN (OR3_X4)                                     0.1081     1.5516 f
  U8027/ZN (OR2_X1)                                     0.0849     1.6366 f
  U7679/ZN (INV_X1)                                     0.0262     1.6628 r
  DP_i_fetch_i_IR_out_reg_9_/D (DFF_X1)                 0.0110     1.6737 r
  data arrival time                                                1.6737

  clock CLK (rise edge)                                 1.7000     1.7000
  clock network delay (ideal)                           0.0500     1.7500
  clock uncertainty                                    -0.0500     1.7000
  DP_i_fetch_i_IR_out_reg_9_/CK (DFF_X1)                0.0000     1.7000 r
  library setup time                                   -0.0262     1.6738
  data required time                                               1.6738
  --------------------------------------------------------------------------
  data required time                                               1.6738
  data arrival time                                               -1.6737
  --------------------------------------------------------------------------
  slack (MET)                                                      0.0001


  Startpoint: DP_i_mem_access_i_rd_out_reg_i_Y_reg_0_
              (rising edge-triggered flip-flop clocked by CLK)
  Endpoint: DP_i_fetch_i_IR_out_reg_3_
            (rising edge-triggered flip-flop clocked by CLK)
  Path Group: REG2REG
  Path Type: max

  Des/Clust/Port     Wire Load Model       Library
  ------------------------------------------------
  DLX                5K_hvratio_1_4        NangateOpenCellLibrary

  Point                                                   Incr       Path
  --------------------------------------------------------------------------
  clock CLK (rise edge)                                 0.0000     0.0000
  clock network delay (ideal)                           0.0500     0.0500
  DP_i_mem_access_i_rd_out_reg_i_Y_reg_0_/CK (DFF_X1)   0.0000     0.0500 r
  DP_i_mem_access_i_rd_out_reg_i_Y_reg_0_/QN (DFF_X1)   0.0782     0.1282 f
  U6153/ZN (INV_X1)                                     0.0535     0.1816 r
  DP_i_decode_i_reg_file_i/addr_w[0] (register_file)    0.0000     0.1816 r
  DP_i_decode_i_reg_file_i/U69/ZN (INV_X2)              0.0611     0.2428 f
  DP_i_decode_i_reg_file_i/U88/ZN (OAI22_X1)            0.0666     0.3094 r
  DP_i_decode_i_reg_file_i/U55/ZN (NOR3_X1)             0.0302     0.3396 f
  DP_i_decode_i_reg_file_i/U56/ZN (NAND4_X1)            0.0469     0.3865 r
  DP_i_decode_i_reg_file_i/U80/ZN (NAND2_X1)            0.0794     0.4659 f
  DP_i_decode_i_reg_file_i/U111/ZN (NOR2_X1)            0.1856     0.6515 r
  DP_i_decode_i_reg_file_i/U65/Z (BUF_X2)               0.1332     0.7847 r
  DP_i_decode_i_reg_file_i/U1531/ZN (AOI22_X1)          0.0620     0.8467 f
  DP_i_decode_i_reg_file_i/U1533/ZN (NAND4_X1)          0.0412     0.8879 r
  DP_i_decode_i_reg_file_i/U1544/ZN (OR4_X1)            0.0399     0.9278 r
  DP_i_decode_i_reg_file_i/output1[23] (register_file)
                                                        0.0000     0.9278 r
  U4462/ZN (INV_X1)                                     0.0246     0.9524 f
  U4571/ZN (OR2_X1)                                     0.0530     1.0053 f
  U4572/ZN (OAI21_X1)                                   0.0409     1.0462 r
  U4573/ZN (XNOR2_X1)                                   0.0663     1.1125 r
  U4583/ZN (AND4_X1)                                    0.0665     1.1790 r
  U4615/ZN (AND4_X1)                                    0.0672     1.2462 r
  U4668/ZN (AOI21_X1)                                   0.0298     1.2760 f
  U1270/ZN (OR2_X2)                                     0.0666     1.3426 f
  U1653/ZN (OAI21_X2)                                   0.0627     1.4053 r
  U6359/ZN (INV_X1)                                     0.0382     1.4435 f
  U7087/ZN (OR3_X4)                                     0.1081     1.5516 f
  U7964/ZN (OR2_X1)                                     0.0849     1.6366 f
  U7674/ZN (INV_X1)                                     0.0262     1.6628 r
  DP_i_fetch_i_IR_out_reg_3_/D (DFF_X1)                 0.0110     1.6737 r
  data arrival time                                                1.6737

  clock CLK (rise edge)                                 1.7000     1.7000
  clock network delay (ideal)                           0.0500     1.7500
  clock uncertainty                                    -0.0500     1.7000
  DP_i_fetch_i_IR_out_reg_3_/CK (DFF_X1)                0.0000     1.7000 r
  library setup time                                   -0.0262     1.6738
  data required time                                               1.6738
  --------------------------------------------------------------------------
  data required time                                               1.6738
  data arrival time                                               -1.6737
  --------------------------------------------------------------------------
  slack (MET)                                                      0.0001


  Startpoint: DP_i_mem_access_i_rd_out_reg_i_Y_reg_0_
              (rising edge-triggered flip-flop clocked by CLK)
  Endpoint: DP_i_fetch_i_IR_out_reg_6_
            (rising edge-triggered flip-flop clocked by CLK)
  Path Group: REG2REG
  Path Type: max

  Des/Clust/Port     Wire Load Model       Library
  ------------------------------------------------
  DLX                5K_hvratio_1_4        NangateOpenCellLibrary

  Point                                                   Incr       Path
  --------------------------------------------------------------------------
  clock CLK (rise edge)                                 0.0000     0.0000
  clock network delay (ideal)                           0.0500     0.0500
  DP_i_mem_access_i_rd_out_reg_i_Y_reg_0_/CK (DFF_X1)   0.0000     0.0500 r
  DP_i_mem_access_i_rd_out_reg_i_Y_reg_0_/QN (DFF_X1)   0.0782     0.1282 f
  U6153/ZN (INV_X1)                                     0.0535     0.1816 r
  DP_i_decode_i_reg_file_i/addr_w[0] (register_file)    0.0000     0.1816 r
  DP_i_decode_i_reg_file_i/U69/ZN (INV_X2)              0.0611     0.2428 f
  DP_i_decode_i_reg_file_i/U88/ZN (OAI22_X1)            0.0666     0.3094 r
  DP_i_decode_i_reg_file_i/U55/ZN (NOR3_X1)             0.0302     0.3396 f
  DP_i_decode_i_reg_file_i/U56/ZN (NAND4_X1)            0.0469     0.3865 r
  DP_i_decode_i_reg_file_i/U80/ZN (NAND2_X1)            0.0794     0.4659 f
  DP_i_decode_i_reg_file_i/U111/ZN (NOR2_X1)            0.1856     0.6515 r
  DP_i_decode_i_reg_file_i/U65/Z (BUF_X2)               0.1332     0.7847 r
  DP_i_decode_i_reg_file_i/U1531/ZN (AOI22_X1)          0.0620     0.8467 f
  DP_i_decode_i_reg_file_i/U1533/ZN (NAND4_X1)          0.0412     0.8879 r
  DP_i_decode_i_reg_file_i/U1544/ZN (OR4_X1)            0.0399     0.9278 r
  DP_i_decode_i_reg_file_i/output1[23] (register_file)
                                                        0.0000     0.9278 r
  U4462/ZN (INV_X1)                                     0.0246     0.9524 f
  U4571/ZN (OR2_X1)                                     0.0530     1.0053 f
  U4572/ZN (OAI21_X1)                                   0.0409     1.0462 r
  U4573/ZN (XNOR2_X1)                                   0.0663     1.1125 r
  U4583/ZN (AND4_X1)                                    0.0665     1.1790 r
  U4615/ZN (AND4_X1)                                    0.0672     1.2462 r
  U4668/ZN (AOI21_X1)                                   0.0298     1.2760 f
  U1270/ZN (OR2_X2)                                     0.0666     1.3426 f
  U1653/ZN (OAI21_X2)                                   0.0627     1.4053 r
  U6359/ZN (INV_X1)                                     0.0382     1.4435 f
  U7087/ZN (OR3_X4)                                     0.1081     1.5516 f
  U8031/ZN (OR2_X1)                                     0.0849     1.6366 f
  U7691/ZN (INV_X1)                                     0.0262     1.6628 r
  DP_i_fetch_i_IR_out_reg_6_/D (DFF_X1)                 0.0110     1.6737 r
  data arrival time                                                1.6737

  clock CLK (rise edge)                                 1.7000     1.7000
  clock network delay (ideal)                           0.0500     1.7500
  clock uncertainty                                    -0.0500     1.7000
  DP_i_fetch_i_IR_out_reg_6_/CK (DFF_X1)                0.0000     1.7000 r
  library setup time                                   -0.0262     1.6738
  data required time                                               1.6738
  --------------------------------------------------------------------------
  data required time                                               1.6738
  data arrival time                                               -1.6737
  --------------------------------------------------------------------------
  slack (MET)                                                      0.0001


  Startpoint: DP_i_mem_access_i_rd_out_reg_i_Y_reg_0_
              (rising edge-triggered flip-flop clocked by CLK)
  Endpoint: DP_i_fetch_i_IR_out_reg_7_
            (rising edge-triggered flip-flop clocked by CLK)
  Path Group: REG2REG
  Path Type: max

  Des/Clust/Port     Wire Load Model       Library
  ------------------------------------------------
  DLX                5K_hvratio_1_4        NangateOpenCellLibrary

  Point                                                   Incr       Path
  --------------------------------------------------------------------------
  clock CLK (rise edge)                                 0.0000     0.0000
  clock network delay (ideal)                           0.0500     0.0500
  DP_i_mem_access_i_rd_out_reg_i_Y_reg_0_/CK (DFF_X1)   0.0000     0.0500 r
  DP_i_mem_access_i_rd_out_reg_i_Y_reg_0_/QN (DFF_X1)   0.0782     0.1282 f
  U6153/ZN (INV_X1)                                     0.0535     0.1816 r
  DP_i_decode_i_reg_file_i/addr_w[0] (register_file)    0.0000     0.1816 r
  DP_i_decode_i_reg_file_i/U69/ZN (INV_X2)              0.0611     0.2428 f
  DP_i_decode_i_reg_file_i/U88/ZN (OAI22_X1)            0.0666     0.3094 r
  DP_i_decode_i_reg_file_i/U55/ZN (NOR3_X1)             0.0302     0.3396 f
  DP_i_decode_i_reg_file_i/U56/ZN (NAND4_X1)            0.0469     0.3865 r
  DP_i_decode_i_reg_file_i/U80/ZN (NAND2_X1)            0.0794     0.4659 f
  DP_i_decode_i_reg_file_i/U111/ZN (NOR2_X1)            0.1856     0.6515 r
  DP_i_decode_i_reg_file_i/U65/Z (BUF_X2)               0.1332     0.7847 r
  DP_i_decode_i_reg_file_i/U1531/ZN (AOI22_X1)          0.0620     0.8467 f
  DP_i_decode_i_reg_file_i/U1533/ZN (NAND4_X1)          0.0412     0.8879 r
  DP_i_decode_i_reg_file_i/U1544/ZN (OR4_X1)            0.0399     0.9278 r
  DP_i_decode_i_reg_file_i/output1[23] (register_file)
                                                        0.0000     0.9278 r
  U4462/ZN (INV_X1)                                     0.0246     0.9524 f
  U4571/ZN (OR2_X1)                                     0.0530     1.0053 f
  U4572/ZN (OAI21_X1)                                   0.0409     1.0462 r
  U4573/ZN (XNOR2_X1)                                   0.0663     1.1125 r
  U4583/ZN (AND4_X1)                                    0.0665     1.1790 r
  U4615/ZN (AND4_X1)                                    0.0672     1.2462 r
  U4668/ZN (AOI21_X1)                                   0.0298     1.2760 f
  U1270/ZN (OR2_X2)                                     0.0666     1.3426 f
  U1653/ZN (OAI21_X2)                                   0.0627     1.4053 r
  U6359/ZN (INV_X1)                                     0.0382     1.4435 f
  U7087/ZN (OR3_X4)                                     0.1081     1.5516 f
  U7995/ZN (OR2_X1)                                     0.0849     1.6366 f
  U7683/ZN (INV_X1)                                     0.0262     1.6628 r
  DP_i_fetch_i_IR_out_reg_7_/D (DFF_X1)                 0.0110     1.6737 r
  data arrival time                                                1.6737

  clock CLK (rise edge)                                 1.7000     1.7000
  clock network delay (ideal)                           0.0500     1.7500
  clock uncertainty                                    -0.0500     1.7000
  DP_i_fetch_i_IR_out_reg_7_/CK (DFF_X1)                0.0000     1.7000 r
  library setup time                                   -0.0262     1.6738
  data required time                                               1.6738
  --------------------------------------------------------------------------
  data required time                                               1.6738
  data arrival time                                               -1.6737
  --------------------------------------------------------------------------
  slack (MET)                                                      0.0001


  Startpoint: DP_i_mem_access_i_rd_out_reg_i_Y_reg_0_
              (rising edge-triggered flip-flop clocked by CLK)
  Endpoint: DP_i_fetch_i_IR_out_reg_1_
            (rising edge-triggered flip-flop clocked by CLK)
  Path Group: REG2REG
  Path Type: max

  Des/Clust/Port     Wire Load Model       Library
  ------------------------------------------------
  DLX                5K_hvratio_1_4        NangateOpenCellLibrary

  Point                                                   Incr       Path
  --------------------------------------------------------------------------
  clock CLK (rise edge)                                 0.0000     0.0000
  clock network delay (ideal)                           0.0500     0.0500
  DP_i_mem_access_i_rd_out_reg_i_Y_reg_0_/CK (DFF_X1)   0.0000     0.0500 r
  DP_i_mem_access_i_rd_out_reg_i_Y_reg_0_/QN (DFF_X1)   0.0782     0.1282 f
  U6153/ZN (INV_X1)                                     0.0535     0.1816 r
  DP_i_decode_i_reg_file_i/addr_w[0] (register_file)    0.0000     0.1816 r
  DP_i_decode_i_reg_file_i/U69/ZN (INV_X2)              0.0611     0.2428 f
  DP_i_decode_i_reg_file_i/U88/ZN (OAI22_X1)            0.0666     0.3094 r
  DP_i_decode_i_reg_file_i/U55/ZN (NOR3_X1)             0.0302     0.3396 f
  DP_i_decode_i_reg_file_i/U56/ZN (NAND4_X1)            0.0469     0.3865 r
  DP_i_decode_i_reg_file_i/U80/ZN (NAND2_X1)            0.0794     0.4659 f
  DP_i_decode_i_reg_file_i/U111/ZN (NOR2_X1)            0.1856     0.6515 r
  DP_i_decode_i_reg_file_i/U65/Z (BUF_X2)               0.1332     0.7847 r
  DP_i_decode_i_reg_file_i/U1531/ZN (AOI22_X1)          0.0620     0.8467 f
  DP_i_decode_i_reg_file_i/U1533/ZN (NAND4_X1)          0.0412     0.8879 r
  DP_i_decode_i_reg_file_i/U1544/ZN (OR4_X1)            0.0399     0.9278 r
  DP_i_decode_i_reg_file_i/output1[23] (register_file)
                                                        0.0000     0.9278 r
  U4462/ZN (INV_X1)                                     0.0246     0.9524 f
  U4571/ZN (OR2_X1)                                     0.0530     1.0053 f
  U4572/ZN (OAI21_X1)                                   0.0409     1.0462 r
  U4573/ZN (XNOR2_X1)                                   0.0663     1.1125 r
  U4583/ZN (AND4_X1)                                    0.0665     1.1790 r
  U4615/ZN (AND4_X1)                                    0.0672     1.2462 r
  U4668/ZN (AOI21_X1)                                   0.0298     1.2760 f
  U1270/ZN (OR2_X2)                                     0.0666     1.3426 f
  U1653/ZN (OAI21_X2)                                   0.0627     1.4053 r
  U6359/ZN (INV_X1)                                     0.0382     1.4435 f
  U7087/ZN (OR3_X4)                                     0.1081     1.5516 f
  U7889/ZN (OR2_X1)                                     0.0849     1.6366 f
  U7680/ZN (INV_X1)                                     0.0262     1.6628 r
  DP_i_fetch_i_IR_out_reg_1_/D (DFF_X1)                 0.0110     1.6737 r
  data arrival time                                                1.6737

  clock CLK (rise edge)                                 1.7000     1.7000
  clock network delay (ideal)                           0.0500     1.7500
  clock uncertainty                                    -0.0500     1.7000
  DP_i_fetch_i_IR_out_reg_1_/CK (DFF_X1)                0.0000     1.7000 r
  library setup time                                   -0.0262     1.6738
  data required time                                               1.6738
  --------------------------------------------------------------------------
  data required time                                               1.6738
  data arrival time                                               -1.6737
  --------------------------------------------------------------------------
  slack (MET)                                                      0.0001


  Startpoint: DP_i_mem_access_i_rd_out_reg_i_Y_reg_0_
              (rising edge-triggered flip-flop clocked by CLK)
  Endpoint: DP_i_fetch_i_IR_out_reg_0_
            (rising edge-triggered flip-flop clocked by CLK)
  Path Group: REG2REG
  Path Type: max

  Des/Clust/Port     Wire Load Model       Library
  ------------------------------------------------
  DLX                5K_hvratio_1_4        NangateOpenCellLibrary

  Point                                                   Incr       Path
  --------------------------------------------------------------------------
  clock CLK (rise edge)                                 0.0000     0.0000
  clock network delay (ideal)                           0.0500     0.0500
  DP_i_mem_access_i_rd_out_reg_i_Y_reg_0_/CK (DFF_X1)   0.0000     0.0500 r
  DP_i_mem_access_i_rd_out_reg_i_Y_reg_0_/QN (DFF_X1)   0.0782     0.1282 f
  U6153/ZN (INV_X1)                                     0.0535     0.1816 r
  DP_i_decode_i_reg_file_i/addr_w[0] (register_file)    0.0000     0.1816 r
  DP_i_decode_i_reg_file_i/U69/ZN (INV_X2)              0.0611     0.2428 f
  DP_i_decode_i_reg_file_i/U88/ZN (OAI22_X1)            0.0666     0.3094 r
  DP_i_decode_i_reg_file_i/U55/ZN (NOR3_X1)             0.0302     0.3396 f
  DP_i_decode_i_reg_file_i/U56/ZN (NAND4_X1)            0.0469     0.3865 r
  DP_i_decode_i_reg_file_i/U80/ZN (NAND2_X1)            0.0794     0.4659 f
  DP_i_decode_i_reg_file_i/U111/ZN (NOR2_X1)            0.1856     0.6515 r
  DP_i_decode_i_reg_file_i/U65/Z (BUF_X2)               0.1332     0.7847 r
  DP_i_decode_i_reg_file_i/U1531/ZN (AOI22_X1)          0.0620     0.8467 f
  DP_i_decode_i_reg_file_i/U1533/ZN (NAND4_X1)          0.0412     0.8879 r
  DP_i_decode_i_reg_file_i/U1544/ZN (OR4_X1)            0.0399     0.9278 r
  DP_i_decode_i_reg_file_i/output1[23] (register_file)
                                                        0.0000     0.9278 r
  U4462/ZN (INV_X1)                                     0.0246     0.9524 f
  U4571/ZN (OR2_X1)                                     0.0530     1.0053 f
  U4572/ZN (OAI21_X1)                                   0.0409     1.0462 r
  U4573/ZN (XNOR2_X1)                                   0.0663     1.1125 r
  U4583/ZN (AND4_X1)                                    0.0665     1.1790 r
  U4615/ZN (AND4_X1)                                    0.0672     1.2462 r
  U4668/ZN (AOI21_X1)                                   0.0298     1.2760 f
  U1270/ZN (OR2_X2)                                     0.0666     1.3426 f
  U1653/ZN (OAI21_X2)                                   0.0627     1.4053 r
  U6359/ZN (INV_X1)                                     0.0382     1.4435 f
  U7087/ZN (OR3_X4)                                     0.1081     1.5516 f
  U7927/ZN (OR2_X1)                                     0.0849     1.6366 f
  U7693/ZN (INV_X1)                                     0.0262     1.6628 r
  DP_i_fetch_i_IR_out_reg_0_/D (DFF_X1)                 0.0110     1.6737 r
  data arrival time                                                1.6737

  clock CLK (rise edge)                                 1.7000     1.7000
  clock network delay (ideal)                           0.0500     1.7500
  clock uncertainty                                    -0.0500     1.7000
  DP_i_fetch_i_IR_out_reg_0_/CK (DFF_X1)                0.0000     1.7000 r
  library setup time                                   -0.0262     1.6738
  data required time                                               1.6738
  --------------------------------------------------------------------------
  data required time                                               1.6738
  data arrival time                                               -1.6737
  --------------------------------------------------------------------------
  slack (MET)                                                      0.0001


1
