 
****************************************
Report : timing
        -path full
        -delay max
        -nworst 2
        -group REG2REG
        -max_paths 10
Design : DLX
Version: W-2024.09-SP2
Date   : Sun Sep 27 03:43:11 2026
****************************************

Operating Conditions: typical   Library: NangateOpenCellLibrary
Wire Load Model Mode: top

  Startpoint: CP_i_mem_w_reg_i_WF1_out_reg
              (rising edge-triggered flip-flop clocked by CLK)
  Endpoint: DP_i/execute_i_boothmul_i_tree_i_register_i_2_Y_temp_reg_29_
            (rising edge-triggered flip-flop clocked by CLK)
  Path Group: REG2REG
  Path Type: max

  Des/Clust/Port     Wire Load Model       Library
  ------------------------------------------------
  DLX                5K_hvratio_1_4        NangateOpenCellLibrary

  Point                                                   Incr       Path
  --------------------------------------------------------------------------
  clock CLK (rise edge)                                 0.0000     0.0000
  clock network delay (ideal)                           0.0500     0.0500
  CP_i_mem_w_reg_i_WF1_out_reg/CK (DFF_X1)              0.0000     0.0500 r
  CP_i_mem_w_reg_i_WF1_out_reg/Q (DFF_X1)               0.1297     0.1797 r
  U1123/ZN (NAND2_X1)                                   0.0521     0.2317 f
  U1124/ZN (AOI211_X1)                                  0.0832     0.3149 r
  U1125/ZN (OAI21_X1)                                   0.0407     0.3556 f
  U775/ZN (NOR4_X1)                                     0.1114     0.4670 r
  DP_i/fw_mem_ex_rs2 (DataPath)                         0.0000     0.4670 r
  DP_i/U398/ZN (NOR2_X1)                                0.0557     0.5227 f
  DP_i/U399/Z (BUF_X2)                                  0.0958     0.6185 f
  DP_i/U567/ZN (AOI222_X1)                              0.1449     0.7634 r
  DP_i/U568/ZN (INV_X1)                                 0.0263     0.7897 f
  DP_i/U569/ZN (AOI22_X1)                               0.0632     0.8528 r
  DP_i/U43/Z (CLKBUF_X1)                                0.0953     0.9482 r
  DP_i/U810/ZN (NOR2_X1)                                0.0537     1.0019 f
  DP_i/U812/ZN (NOR2_X2)                                0.1580     1.1599 r
  DP_i/U35/ZN (INV_X1)                                  0.1374     1.2973 f
  DP_i/U2099/ZN (AOI22_X1)                              0.2033     1.5006 r
  DP_i/U2368/ZN (INV_X1)                                0.0613     1.5619 f
  DP_i/U2543/Z (XOR2_X1)                                0.0881     1.6500 r
  DP_i/U2544/ZN (OAI221_X1)                             0.0743     1.7243 f
  DP_i/U2545/Z (XOR2_X1)                                0.0930     1.8173 f
  DP_i/U2546/ZN (XNOR2_X1)                              0.0637     1.8810 f
  DP_i/U2549/ZN (XNOR2_X1)                              0.0671     1.9481 f
  DP_i/U2550/ZN (XNOR2_X1)                              0.0912     2.0393 r
  DP_i/U2551/ZN (AOI222_X1)                             0.0628     2.1021 f
  DP_i/U4849/CO (FA_X1)                                 0.1097     2.2118 f
  DP_i/U2652/ZN (INV_X1)                                0.0401     2.2519 r
  DP_i/U4675/ZN (NOR2_X1)                               0.0325     2.2844 f
  DP_i/U4848/ZN (AOI21_X1)                              0.0715     2.3559 r
  DP_i/U1930/ZN (OAI21_X1)                              0.0385     2.3944 f
  DP_i/U1931/ZN (AOI21_X1)                              0.0543     2.4487 r
  DP_i/execute_i_boothmul_i_tree_i_register_i_2_Y_temp_reg_29_/D (DFF_X1)
                                                        0.0110     2.4596 r
  data arrival time                                                2.4596

  clock CLK (rise edge)                                 2.5000     2.5000
  clock network delay (ideal)                           0.0500     2.5500
  clock uncertainty                                    -0.0500     2.5000
  DP_i/execute_i_boothmul_i_tree_i_register_i_2_Y_temp_reg_29_/CK (DFF_X1)
                                                        0.0000     2.5000 r
  library setup time                                   -0.0294     2.4706
  data required time                                               2.4706
  --------------------------------------------------------------------------
  data required time                                               2.4706
  data arrival time                                               -2.4596
  --------------------------------------------------------------------------
  slack (MET)                                                      0.0110


  Startpoint: CP_i_mem_w_reg_i_WF1_out_reg
              (rising edge-triggered flip-flop clocked by CLK)
  Endpoint: DP_i/execute_i_boothmul_i_tree_i_register_i_3_Y_temp_reg_31_
            (rising edge-triggered flip-flop clocked by CLK)
  Path Group: REG2REG
  Path Type: max

  Des/Clust/Port     Wire Load Model       Library
  ------------------------------------------------
  DLX                5K_hvratio_1_4        NangateOpenCellLibrary

  Point                                                   Incr       Path
  --------------------------------------------------------------------------
  clock CLK (rise edge)                                 0.0000     0.0000
  clock network delay (ideal)                           0.0500     0.0500
  CP_i_mem_w_reg_i_WF1_out_reg/CK (DFF_X1)              0.0000     0.0500 r
  CP_i_mem_w_reg_i_WF1_out_reg/Q (DFF_X1)               0.1297     0.1797 r
  U1123/ZN (NAND2_X1)                                   0.0521     0.2317 f
  U1124/ZN (AOI211_X1)                                  0.0832     0.3149 r
  U1125/ZN (OAI21_X1)                                   0.0407     0.3556 f
  U775/ZN (NOR4_X1)                                     0.1114     0.4670 r
  DP_i/fw_mem_ex_rs2 (DataPath)                         0.0000     0.4670 r
  DP_i/U398/ZN (NOR2_X1)                                0.0557     0.5227 f
  DP_i/U399/Z (BUF_X2)                                  0.0958     0.6185 f
  DP_i/U567/ZN (AOI222_X1)                              0.1449     0.7634 r
  DP_i/U568/ZN (INV_X1)                                 0.0263     0.7897 f
  DP_i/U569/ZN (AOI22_X1)                               0.0632     0.8528 r
  DP_i/U43/Z (CLKBUF_X1)                                0.0953     0.9482 r
  DP_i/U810/ZN (NOR2_X1)                                0.0537     1.0019 f
  DP_i/U812/ZN (NOR2_X2)                                0.1580     1.1599 r
  DP_i/U35/ZN (INV_X1)                                  0.1374     1.2973 f
  DP_i/U877/ZN (AOI22_X1)                               0.2057     1.5029 r
  DP_i/U878/ZN (INV_X1)                                 0.0959     1.5988 f
  DP_i/U891/ZN (XNOR2_X1)                               0.1057     1.7045 f
  DP_i/U893/ZN (AOI22_X1)                               0.0631     1.7677 r
  DP_i/U894/ZN (OAI21_X1)                               0.0384     1.8061 f
  DP_i/U895/ZN (OAI21_X1)                               0.0513     1.8574 r
  DP_i/U4793/CO (FA_X1)                                 0.0866     1.9439 r
  DP_i/U941/Z (XOR2_X1)                                 0.0710     2.0149 r
  DP_i/U945/ZN (XNOR2_X1)                               0.0647     2.0796 r
  DP_i/U354/Z (XOR2_X1)                                 0.0729     2.1525 r
  DP_i/U374/ZN (XNOR2_X1)                               0.0639     2.2164 r
  DP_i/U350/Z (XOR2_X1)                                 0.0733     2.2897 r
  DP_i/U384/ZN (XNOR2_X1)                               0.0675     2.3572 r
  DP_i/U2287/ZN (OAI21_X1)                              0.0376     2.3948 f
  DP_i/U2288/ZN (AOI21_X1)                              0.0538     2.4486 r
  DP_i/execute_i_boothmul_i_tree_i_register_i_3_Y_temp_reg_31_/D (DFF_X1)
                                                        0.0110     2.4596 r
  data arrival time                                                2.4596

  clock CLK (rise edge)                                 2.5000     2.5000
  clock network delay (ideal)                           0.0500     2.5500
  clock uncertainty                                    -0.0500     2.5000
  DP_i/execute_i_boothmul_i_tree_i_register_i_3_Y_temp_reg_31_/CK (DFF_X1)
                                                        0.0000     2.5000 r
  library setup time                                   -0.0293     2.4707
  data required time                                               2.4707
  --------------------------------------------------------------------------
  data required time                                               2.4707
  data arrival time                                               -2.4596
  --------------------------------------------------------------------------
  slack (MET)                                                      0.0111


  Startpoint: CP_i_mem_w_reg_i_WF1_out_reg
              (rising edge-triggered flip-flop clocked by CLK)
  Endpoint: DP_i/execute_i_boothmul_i_tree_i_register_i_3_Y_temp_reg_31_
            (rising edge-triggered flip-flop clocked by CLK)
  Path Group: REG2REG
  Path Type: max

  Des/Clust/Port     Wire Load Model       Library
  ------------------------------------------------
  DLX                5K_hvratio_1_4        NangateOpenCellLibrary

  Point                                                   Incr       Path
  --------------------------------------------------------------------------
  clock CLK (rise edge)                                 0.0000     0.0000
  clock network delay (ideal)                           0.0500     0.0500
  CP_i_mem_w_reg_i_WF1_out_reg/CK (DFF_X1)              0.0000     0.0500 r
  CP_i_mem_w_reg_i_WF1_out_reg/Q (DFF_X1)               0.1297     0.1797 r
  U1123/ZN (NAND2_X1)                                   0.0521     0.2317 f
  U1124/ZN (AOI211_X1)                                  0.0832     0.3149 r
  U1125/ZN (OAI21_X1)                                   0.0407     0.3556 f
  U775/ZN (NOR4_X1)                                     0.1114     0.4670 r
  DP_i/fw_mem_ex_rs2 (DataPath)                         0.0000     0.4670 r
  DP_i/U398/ZN (NOR2_X1)                                0.0557     0.5227 f
  DP_i/U399/Z (BUF_X2)                                  0.0958     0.6185 f
  DP_i/U567/ZN (AOI222_X1)                              0.1449     0.7634 r
  DP_i/U568/ZN (INV_X1)                                 0.0263     0.7897 f
  DP_i/U569/ZN (AOI22_X1)                               0.0632     0.8528 r
  DP_i/U43/Z (CLKBUF_X1)                                0.0953     0.9482 r
  DP_i/U810/ZN (NOR2_X1)                                0.0537     1.0019 f
  DP_i/U812/ZN (NOR2_X2)                                0.1580     1.1599 r
  DP_i/U35/ZN (INV_X1)                                  0.1374     1.2973 f
  DP_i/U877/ZN (AOI22_X1)                               0.2057     1.5029 r
  DP_i/U878/ZN (INV_X1)                                 0.0959     1.5988 f
  DP_i/U891/ZN (XNOR2_X1)                               0.1057     1.7045 f
  DP_i/U893/ZN (AOI22_X1)                               0.0631     1.7677 r
  DP_i/U894/ZN (OAI21_X1)                               0.0384     1.8061 f
  DP_i/U895/ZN (OAI21_X1)                               0.0505     1.8566 r
  DP_i/U4793/CO (FA_X1)                                 0.0866     1.9431 r
  DP_i/U941/Z (XOR2_X1)                                 0.0710     2.0141 r
  DP_i/U945/ZN (XNOR2_X1)                               0.0647     2.0788 r
  DP_i/U354/Z (XOR2_X1)                                 0.0729     2.1517 r
  DP_i/U374/ZN (XNOR2_X1)                               0.0639     2.2156 r
  DP_i/U350/Z (XOR2_X1)                                 0.0733     2.2889 r
  DP_i/U384/ZN (XNOR2_X1)                               0.0675     2.3564 r
  DP_i/U2287/ZN (OAI21_X1)                              0.0376     2.3940 f
  DP_i/U2288/ZN (AOI21_X1)                              0.0538     2.4478 r
  DP_i/execute_i_boothmul_i_tree_i_register_i_3_Y_temp_reg_31_/D (DFF_X1)
                                                        0.0110     2.4588 r
  data arrival time                                                2.4588

  clock CLK (rise edge)                                 2.5000     2.5000
  clock network delay (ideal)                           0.0500     2.5500
  clock uncertainty                                    -0.0500     2.5000
  DP_i/execute_i_boothmul_i_tree_i_register_i_3_Y_temp_reg_31_/CK (DFF_X1)
                                                        0.0000     2.5000 r
  library setup time                                   -0.0293     2.4707
  data required time                                               2.4707
  --------------------------------------------------------------------------
  data required time                                               2.4707
  data arrival time                                               -2.4588
  --------------------------------------------------------------------------
  slack (MET)                                                      0.0119


  Startpoint: CP_i_mem_w_reg_i_WF1_out_reg
              (rising edge-triggered flip-flop clocked by CLK)
  Endpoint: DP_i/execute_i_boothmul_i_tree_i_register_i_2_Y_temp_reg_29_
            (rising edge-triggered flip-flop clocked by CLK)
  Path Group: REG2REG
  Path Type: max

  Des/Clust/Port     Wire Load Model       Library
  ------------------------------------------------
  DLX                5K_hvratio_1_4        NangateOpenCellLibrary

  Point                                                   Incr       Path
  --------------------------------------------------------------------------
  clock CLK (rise edge)                                 0.0000     0.0000
  clock network delay (ideal)                           0.0500     0.0500
  CP_i_mem_w_reg_i_WF1_out_reg/CK (DFF_X1)              0.0000     0.0500 r
  CP_i_mem_w_reg_i_WF1_out_reg/Q (DFF_X1)               0.1297     0.1797 r
  U1123/ZN (NAND2_X1)                                   0.0521     0.2317 f
  U1124/ZN (AOI211_X1)                                  0.0832     0.3149 r
  U1125/ZN (OAI21_X1)                                   0.0407     0.3556 f
  U775/ZN (NOR4_X1)                                     0.1114     0.4670 r
  DP_i/fw_mem_ex_rs2 (DataPath)                         0.0000     0.4670 r
  DP_i/U398/ZN (NOR2_X1)                                0.0557     0.5227 f
  DP_i/U399/Z (BUF_X2)                                  0.0958     0.6185 f
  DP_i/U567/ZN (AOI222_X1)                              0.1449     0.7634 r
  DP_i/U568/ZN (INV_X1)                                 0.0263     0.7897 f
  DP_i/U569/ZN (AOI22_X1)                               0.0632     0.8528 r
  DP_i/U43/Z (CLKBUF_X1)                                0.0953     0.9482 r
  DP_i/U810/ZN (NOR2_X1)                                0.0537     1.0019 f
  DP_i/U812/ZN (NOR2_X2)                                0.1580     1.1599 r
  DP_i/U35/ZN (INV_X1)                                  0.1374     1.2973 f
  DP_i/U2099/ZN (AOI22_X1)                              0.2033     1.5006 r
  DP_i/U2368/ZN (INV_X1)                                0.0613     1.5619 f
  DP_i/U2543/Z (XOR2_X1)                                0.0881     1.6500 r
  DP_i/U2544/ZN (OAI221_X1)                             0.0743     1.7243 f
  DP_i/U2545/Z (XOR2_X1)                                0.0930     1.8173 f
  DP_i/U2546/ZN (XNOR2_X1)                              0.0637     1.8810 f
  DP_i/U2549/ZN (XNOR2_X1)                              0.0671     1.9481 f
  DP_i/U2550/ZN (XNOR2_X1)                              0.0777     2.0258 f
  DP_i/U2551/ZN (AOI222_X1)                             0.1295     2.1553 r
  DP_i/U4849/CO (FA_X1)                                 0.0956     2.2509 r
  DP_i/U2652/ZN (INV_X1)                                0.0294     2.2803 f
  DP_i/U4675/ZN (NOR2_X1)                               0.0512     2.3315 r
  DP_i/U4848/ZN (AOI21_X1)                              0.0368     2.3683 f
  DP_i/U1930/ZN (OAI21_X1)                              0.0524     2.4208 r
  DP_i/U1931/ZN (AOI21_X1)                              0.0300     2.4507 f
  DP_i/execute_i_boothmul_i_tree_i_register_i_2_Y_temp_reg_29_/D (DFF_X1)
                                                        0.0104     2.4612 f
  data arrival time                                                2.4612

  clock CLK (rise edge)                                 2.5000     2.5000
  clock network delay (ideal)                           0.0500     2.5500
  clock uncertainty                                    -0.0500     2.5000
  DP_i/execute_i_boothmul_i_tree_i_register_i_2_Y_temp_reg_29_/CK (DFF_X1)
                                                        0.0000     2.5000 r
  library setup time                                   -0.0269     2.4731
  data required time                                               2.4731
  --------------------------------------------------------------------------
  data required time                                               2.4731
  data arrival time                                               -2.4612
  --------------------------------------------------------------------------
  slack (MET)                                                      0.0120


  Startpoint: DP_i/execute_i_rd_out_reg_i_Y_reg_2_
              (rising edge-triggered flip-flop clocked by CLK)
  Endpoint: DP_i/execute_i_boothmul_i_tree_i_register_i_2_Y_temp_reg_20_
            (rising edge-triggered flip-flop clocked by CLK)
  Path Group: REG2REG
  Path Type: max

  Des/Clust/Port     Wire Load Model       Library
  ------------------------------------------------
  DLX                5K_hvratio_1_4        NangateOpenCellLibrary

  Point                                                   Incr       Path
  --------------------------------------------------------------------------
  clock CLK (rise edge)                                 0.0000     0.0000
  clock network delay (ideal)                           0.0500     0.0500
  DP_i/execute_i_rd_out_reg_i_Y_reg_2_/CK (DFF_X1)      0.0000     0.0500 r
  DP_i/execute_i_rd_out_reg_i_Y_reg_2_/Q (DFF_X1)       0.1216     0.1716 r
  DP_i/rd_ex_mem[2] (DataPath)                          0.0000     0.1716 r
  U826/ZN (INV_X1)                                      0.0433     0.2149 f
  U1110/Z (MUX2_X1)                                     0.0713     0.2862 f
  U1111/ZN (NAND2_X1)                                   0.0318     0.3180 r
  U1115/ZN (NOR3_X1)                                    0.0308     0.3489 f
  DP_i/fw_ex_ex_rs2 (DataPath)                          0.0000     0.3489 f
  DP_i/U395/ZN (INV_X1)                                 0.0337     0.3826 r
  DP_i/U396/Z (BUF_X1)                                  0.0752     0.4578 r
  DP_i/U414/ZN (INV_X1)                                 0.0660     0.5239 f
  DP_i/U367/ZN (NAND2_X1)                               0.0405     0.5644 r
  DP_i/U156/ZN (AND2_X1)                                0.0421     0.6065 r
  DP_i/U540/ZN (NAND2_X1)                               0.0314     0.6378 f
  DP_i/U85/ZN (AOI22_X1)                                0.0699     0.7077 r
  DP_i/U541/ZN (INV_X1)                                 0.0323     0.7400 f
  DP_i/U18/Z (CLKBUF_X1)                                0.0737     0.8137 f
  DP_i/U185/ZN (AND2_X1)                                0.0591     0.8728 f
  DP_i/U23/ZN (NAND2_X1)                                0.1626     1.0354 r
  DP_i/U26/ZN (INV_X1)                                  0.1444     1.1798 f
  DP_i/U827/ZN (AOI221_X1)                              0.2035     1.3833 r
  DP_i/U304/Z (MUX2_X1)                                 0.1250     1.5083 f
  DP_i/U303/ZN (INV_X2)                                 0.1334     1.6418 r
  DP_i/U4043/Z (XOR2_X1)                                0.1350     1.7768 r
  DP_i/U4717/ZN (INV_X1)                                0.0303     1.8071 f
  DP_i/U4718/ZN (AOI22_X1)                              0.0520     1.8591 r
  DP_i/U4719/ZN (OAI21_X1)                              0.0382     1.8973 f
  DP_i/U4720/ZN (INV_X1)                                0.0344     1.9317 r
  DP_i/U4721/ZN (AOI21_X1)                              0.0342     1.9658 f
  DP_i/U4722/Z (XOR2_X1)                                0.0859     2.0517 f
  DP_i/U4723/ZN (XNOR2_X1)                              0.0732     2.1249 f
  DP_i/U4828/ZN (XNOR2_X1)                              0.0735     2.1985 f
  DP_i/U4829/ZN (AOI222_X1)                             0.1511     2.3496 r
  DP_i/U2045/ZN (OAI21_X1)                              0.0399     2.3895 f
  DP_i/U2046/ZN (AOI21_X1)                              0.0575     2.4470 r
  DP_i/execute_i_boothmul_i_tree_i_register_i_2_Y_temp_reg_20_/D (DFF_X1)
                                                        0.0110     2.4580 r
  data arrival time                                                2.4580

  clock CLK (rise edge)                                 2.5000     2.5000
  clock network delay (ideal)                           0.0500     2.5500
  clock uncertainty                                    -0.0500     2.5000
  DP_i/execute_i_boothmul_i_tree_i_register_i_2_Y_temp_reg_20_/CK (DFF_X1)
                                                        0.0000     2.5000 r
  library setup time                                   -0.0296     2.4704
  data required time                                               2.4704
  --------------------------------------------------------------------------
  data required time                                               2.4704
  data arrival time                                               -2.4580
  --------------------------------------------------------------------------
  slack (MET)                                                      0.0124


  Startpoint: DP_i/execute_i_rd_out_reg_i_Y_reg_2_
              (rising edge-triggered flip-flop clocked by CLK)
  Endpoint: DP_i/execute_i_boothmul_i_tree_i_register_i_2_Y_temp_reg_20_
            (rising edge-triggered flip-flop clocked by CLK)
  Path Group: REG2REG
  Path Type: max

  Des/Clust/Port     Wire Load Model       Library
  ------------------------------------------------
  DLX                5K_hvratio_1_4        NangateOpenCellLibrary

  Point                                                   Incr       Path
  --------------------------------------------------------------------------
  clock CLK (rise edge)                                 0.0000     0.0000
  clock network delay (ideal)                           0.0500     0.0500
  DP_i/execute_i_rd_out_reg_i_Y_reg_2_/CK (DFF_X1)      0.0000     0.0500 r
  DP_i/execute_i_rd_out_reg_i_Y_reg_2_/Q (DFF_X1)       0.1216     0.1716 r
  DP_i/rd_ex_mem[2] (DataPath)                          0.0000     0.1716 r
  U826/ZN (INV_X1)                                      0.0433     0.2149 f
  U1110/Z (MUX2_X1)                                     0.0713     0.2862 f
  U1111/ZN (NAND2_X1)                                   0.0318     0.3180 r
  U1115/ZN (NOR3_X1)                                    0.0308     0.3489 f
  DP_i/fw_ex_ex_rs2 (DataPath)                          0.0000     0.3489 f
  DP_i/U395/ZN (INV_X1)                                 0.0337     0.3826 r
  DP_i/U396/Z (BUF_X1)                                  0.0752     0.4578 r
  DP_i/U414/ZN (INV_X1)                                 0.0660     0.5239 f
  DP_i/U367/ZN (NAND2_X1)                               0.0405     0.5644 r
  DP_i/U156/ZN (AND2_X1)                                0.0421     0.6065 r
  DP_i/U540/ZN (NAND2_X1)                               0.0314     0.6378 f
  DP_i/U85/ZN (AOI22_X1)                                0.0699     0.7077 r
  DP_i/U541/ZN (INV_X1)                                 0.0323     0.7400 f
  DP_i/U18/Z (CLKBUF_X1)                                0.0737     0.8137 f
  DP_i/U185/ZN (AND2_X1)                                0.0591     0.8728 f
  DP_i/U23/ZN (NAND2_X1)                                0.1626     1.0354 r
  DP_i/U26/ZN (INV_X1)                                  0.1444     1.1798 f
  DP_i/U827/ZN (AOI221_X1)                              0.2035     1.3833 r
  DP_i/U304/Z (MUX2_X1)                                 0.1250     1.5083 f
  DP_i/U303/ZN (INV_X2)                                 0.1334     1.6418 r
  DP_i/U4043/Z (XOR2_X1)                                0.1350     1.7768 r
  DP_i/U4717/ZN (INV_X1)                                0.0303     1.8071 f
  DP_i/U4718/ZN (AOI22_X1)                              0.0520     1.8591 r
  DP_i/U4719/ZN (OAI21_X1)                              0.0382     1.8973 f
  DP_i/U4720/ZN (INV_X1)                                0.0344     1.9317 r
  DP_i/U4721/ZN (AOI21_X1)                              0.0342     1.9658 f
  DP_i/U4722/Z (XOR2_X1)                                0.0859     2.0517 f
  DP_i/U4723/ZN (XNOR2_X1)                              0.0732     2.1249 f
  DP_i/U4828/ZN (XNOR2_X1)                              0.0735     2.1985 f
  DP_i/U4829/ZN (AOI222_X1)                             0.1511     2.3496 r
  DP_i/U2045/ZN (OAI21_X1)                              0.0399     2.3895 f
  DP_i/U2046/ZN (AOI21_X1)                              0.0575     2.4470 r
  DP_i/execute_i_boothmul_i_tree_i_register_i_2_Y_temp_reg_20_/D (DFF_X1)
                                                        0.0110     2.4580 r
  data arrival time                                                2.4580

  clock CLK (rise edge)                                 2.5000     2.5000
  clock network delay (ideal)                           0.0500     2.5500
  clock uncertainty                                    -0.0500     2.5000
  DP_i/execute_i_boothmul_i_tree_i_register_i_2_Y_temp_reg_20_/CK (DFF_X1)
                                                        0.0000     2.5000 r
  library setup time                                   -0.0296     2.4704
  data required time                                               2.4704
  --------------------------------------------------------------------------
  data required time                                               2.4704
  data arrival time                                               -2.4580
  --------------------------------------------------------------------------
  slack (MET)                                                      0.0124


  Startpoint: DP_i/fetch_i_IR_out_reg_28_
              (rising edge-triggered flip-flop clocked by CLK)
  Endpoint: DP_i/fetch_i_pc_i_Y_reg_21_
            (rising edge-triggered flip-flop clocked by CLK)
  Path Group: REG2REG
  Path Type: max

  Des/Clust/Port     Wire Load Model       Library
  ------------------------------------------------
  DLX                5K_hvratio_1_4        NangateOpenCellLibrary

  Point                                                   Incr       Path
  --------------------------------------------------------------------------
  clock CLK (rise edge)                                 0.0000     0.0000
  clock network delay (ideal)                           0.0500     0.0500
  DP_i/fetch_i_IR_out_reg_28_/CK (DFF_X1)               0.0000     0.0500 r
  DP_i/fetch_i_IR_out_reg_28_/Q (DFF_X1)                0.1205     0.1705 f
  DP_i/opcode[2] (DataPath)                             0.0000     0.1705 f
  U806/ZN (OR3_X1)                                      0.1213     0.2918 f
  U831/ZN (NOR2_X2)                                     0.0779     0.3697 r
  DP_i/RF2 (DataPath)                                   0.0000     0.3697 r
  DP_i/U807/Z (BUF_X2)                                  0.0743     0.4440 r
  DP_i/U1238/ZN (OAI21_X1)                              0.0599     0.5039 f
  DP_i/U1239/ZN (OAI21_X1)                              0.0549     0.5589 r
  DP_i/U1240/ZN (OR2_X1)                                0.0570     0.6159 r
  DP_i/U1244/ZN (NAND2_X1)                              0.0429     0.6588 f
  DP_i/U1245/ZN (NOR2_X1)                               0.0714     0.7302 r
  DP_i/U1246/ZN (NAND2_X1)                              0.0427     0.7728 f
  DP_i/U1248/ZN (NAND2_X1)                              0.0357     0.8085 r
  DP_i/U1327/CO (FA_X1)                                 0.0829     0.8914 r
  DP_i/U337/ZN (NAND2_X1)                               0.0464     0.9377 f
  DP_i/U1254/ZN (NAND2_X1)                              0.0405     0.9782 r
  DP_i/U1255/ZN (INV_X1)                                0.0254     1.0036 f
  DP_i/U1257/ZN (OAI21_X1)                              0.0462     1.0498 r
  DP_i/U335/ZN (NAND2_X1)                               0.0326     1.0824 f
  DP_i/U187/ZN (NAND2_X1)                               0.0326     1.1149 r
  DP_i/U1324/CO (FA_X1)                                 0.0803     1.1953 r
  DP_i/U1265/ZN (NAND2_X1)                              0.0367     1.2320 f
  DP_i/U249/ZN (NOR2_X1)                                0.0603     1.2923 r
  DP_i/U1278/ZN (XNOR2_X1)                              0.0846     1.3769 r
  DP_i/U444/ZN (NAND2_X1)                               0.0409     1.4178 f
  DP_i/U439/ZN (NAND2_X1)                               0.0327     1.4505 r
  DP_i/U229/ZN (NAND2_X1)                               0.0392     1.4897 f
  DP_i/U1286/ZN (OAI21_X1)                              0.0557     1.5454 r
  DP_i/U170/Z (CLKBUF_X1)                               0.0576     1.6030 r
  DP_i/U1287/ZN (NAND4_X1)                              0.0501     1.6531 f
  DP_i/U1291/ZN (AOI21_X1)                              0.0829     1.7360 r
  DP_i/U238/ZN (NOR2_X1)                                0.0466     1.7826 f
  DP_i/U345/ZN (AND2_X1)                                0.0540     1.8366 f
  DP_i/U1365/ZN (AOI22_X1)                              0.0588     1.8954 r
  DP_i/U1366/ZN (XNOR2_X1)                              0.0759     1.9714 r
  DP_i/U1370/ZN (OAI21_X1)                              0.0415     2.0128 f
  DP_i/U319/ZN (INV_X1)                                 0.0281     2.0410 r
  DP_i/U163/ZN (AND4_X1)                                0.0738     2.1148 r
  DP_i/U321/ZN (AOI21_X2)                               0.0555     2.1703 f
  DP_i/U25/ZN (NOR3_X1)                                 0.0693     2.2396 r
  DP_i/U343/Z (BUF_X2)                                  0.0960     2.3356 r
  DP_i/U3049/ZN (AOI22_X1)                              0.0682     2.4039 f
  DP_i/U3050/ZN (OAI211_X1)                             0.0426     2.4464 r
  DP_i/fetch_i_pc_i_Y_reg_21_/D (DFF_X1)                0.0110     2.4574 r
  data arrival time                                                2.4574

  clock CLK (rise edge)                                 2.5000     2.5000
  clock network delay (ideal)                           0.0500     2.5500
  clock uncertainty                                    -0.0500     2.5000
  DP_i/fetch_i_pc_i_Y_reg_21_/CK (DFF_X1)               0.0000     2.5000 r
  library setup time                                   -0.0300     2.4700
  data required time                                               2.4700
  --------------------------------------------------------------------------
  data required time                                               2.4700
  data arrival time                                               -2.4574
  --------------------------------------------------------------------------
  slack (MET)                                                      0.0126


  Startpoint: DP_i/fetch_i_IR_out_reg_28_
              (rising edge-triggered flip-flop clocked by CLK)
  Endpoint: DP_i/fetch_i_pc_i_Y_reg_21_
            (rising edge-triggered flip-flop clocked by CLK)
  Path Group: REG2REG
  Path Type: max

  Des/Clust/Port     Wire Load Model       Library
  ------------------------------------------------
  DLX                5K_hvratio_1_4        NangateOpenCellLibrary

  Point                                                   Incr       Path
  --------------------------------------------------------------------------
  clock CLK (rise edge)                                 0.0000     0.0000
  clock network delay (ideal)                           0.0500     0.0500
  DP_i/fetch_i_IR_out_reg_28_/CK (DFF_X1)               0.0000     0.0500 r
  DP_i/fetch_i_IR_out_reg_28_/Q (DFF_X1)                0.1474     0.1974 r
  DP_i/opcode[2] (DataPath)                             0.0000     0.1974 r
  U806/ZN (OR3_X1)                                      0.0812     0.2786 r
  U831/ZN (NOR2_X2)                                     0.0531     0.3317 f
  DP_i/RF2 (DataPath)                                   0.0000     0.3317 f
  DP_i/U190/ZN (OR3_X1)                                 0.1029     0.4346 f
  DP_i/U1238/ZN (OAI21_X1)                              0.0492     0.4838 r
  DP_i/U1239/ZN (OAI21_X1)                              0.0557     0.5395 f
  DP_i/U1240/ZN (OR2_X1)                                0.0745     0.6140 f
  DP_i/U1244/ZN (NAND2_X1)                              0.0458     0.6598 r
  DP_i/U1245/ZN (NOR2_X1)                               0.0373     0.6970 f
  DP_i/U1246/ZN (NAND2_X1)                              0.0413     0.7383 r
  DP_i/U1248/ZN (NAND2_X1)                              0.0332     0.7715 f
  DP_i/U1327/CO (FA_X1)                                 0.1029     0.8744 f
  DP_i/U337/ZN (NAND2_X1)                               0.0524     0.9268 r
  DP_i/U344/ZN (INV_X1)                                 0.0278     0.9547 f
  DP_i/U1256/ZN (OAI22_X1)                              0.0521     1.0068 r
  DP_i/U1257/ZN (OAI21_X1)                              0.0456     1.0523 f
  DP_i/U335/ZN (NAND2_X1)                               0.0330     1.0853 r
  DP_i/U187/ZN (NAND2_X1)                               0.0300     1.1154 f
  DP_i/U1324/CO (FA_X1)                                 0.1006     1.2159 f
  DP_i/U1265/ZN (NAND2_X1)                              0.0402     1.2562 r
  DP_i/U249/ZN (NOR2_X1)                                0.0313     1.2875 f
  DP_i/U1278/ZN (XNOR2_X1)                              0.0891     1.3766 r
  DP_i/U444/ZN (NAND2_X1)                               0.0409     1.4175 f
  DP_i/U439/ZN (NAND2_X1)                               0.0327     1.4502 r
  DP_i/U229/ZN (NAND2_X1)                               0.0392     1.4894 f
  DP_i/U1286/ZN (OAI21_X1)                              0.0557     1.5451 r
  DP_i/U170/Z (CLKBUF_X1)                               0.0576     1.6027 r
  DP_i/U1287/ZN (NAND4_X1)                              0.0501     1.6528 f
  DP_i/U1291/ZN (AOI21_X1)                              0.0829     1.7357 r
  DP_i/U238/ZN (NOR2_X1)                                0.0466     1.7823 f
  DP_i/U345/ZN (AND2_X1)                                0.0540     1.8363 f
  DP_i/U1365/ZN (AOI22_X1)                              0.0588     1.8951 r
  DP_i/U1366/ZN (XNOR2_X1)                              0.0759     1.9710 r
  DP_i/U1370/ZN (OAI21_X1)                              0.0415     2.0125 f
  DP_i/U319/ZN (INV_X1)                                 0.0281     2.0407 r
  DP_i/U163/ZN (AND4_X1)                                0.0738     2.1145 r
  DP_i/U321/ZN (AOI21_X2)                               0.0555     2.1700 f
  DP_i/U25/ZN (NOR3_X1)                                 0.0693     2.2393 r
  DP_i/U343/Z (BUF_X2)                                  0.0960     2.3353 r
  DP_i/U3049/ZN (AOI22_X1)                              0.0682     2.4035 f
  DP_i/U3050/ZN (OAI211_X1)                             0.0426     2.4461 r
  DP_i/fetch_i_pc_i_Y_reg_21_/D (DFF_X1)                0.0110     2.4571 r
  data arrival time                                                2.4571

  clock CLK (rise edge)                                 2.5000     2.5000
  clock network delay (ideal)                           0.0500     2.5500
  clock uncertainty                                    -0.0500     2.5000
  DP_i/fetch_i_pc_i_Y_reg_21_/CK (DFF_X1)               0.0000     2.5000 r
  library setup time                                   -0.0300     2.4700
  data required time                                               2.4700
  --------------------------------------------------------------------------
  data required time                                               2.4700
  data arrival time                                               -2.4571
  --------------------------------------------------------------------------
  slack (MET)                                                      0.0129


  Startpoint: DP_i/fetch_i_IR_out_reg_28_
              (rising edge-triggered flip-flop clocked by CLK)
  Endpoint: DP_i/fetch_i_pc_i_Y_reg_10_
            (rising edge-triggered flip-flop clocked by CLK)
  Path Group: REG2REG
  Path Type: max

  Des/Clust/Port     Wire Load Model       Library
  ------------------------------------------------
  DLX                5K_hvratio_1_4        NangateOpenCellLibrary

  Point                                                   Incr       Path
  --------------------------------------------------------------------------
  clock CLK (rise edge)                                 0.0000     0.0000
  clock network delay (ideal)                           0.0500     0.0500
  DP_i/fetch_i_IR_out_reg_28_/CK (DFF_X1)               0.0000     0.0500 r
  DP_i/fetch_i_IR_out_reg_28_/Q (DFF_X1)                0.1205     0.1705 f
  DP_i/opcode[2] (DataPath)                             0.0000     0.1705 f
  U806/ZN (OR3_X1)                                      0.1213     0.2918 f
  U831/ZN (NOR2_X2)                                     0.0779     0.3697 r
  DP_i/RF2 (DataPath)                                   0.0000     0.3697 r
  DP_i/U807/Z (BUF_X2)                                  0.0743     0.4440 r
  DP_i/U1238/ZN (OAI21_X1)                              0.0599     0.5039 f
  DP_i/U1239/ZN (OAI21_X1)                              0.0549     0.5589 r
  DP_i/U1240/ZN (OR2_X1)                                0.0570     0.6159 r
  DP_i/U1244/ZN (NAND2_X1)                              0.0429     0.6588 f
  DP_i/U1245/ZN (NOR2_X1)                               0.0714     0.7302 r
  DP_i/U1246/ZN (NAND2_X1)                              0.0427     0.7728 f
  DP_i/U1248/ZN (NAND2_X1)                              0.0357     0.8085 r
  DP_i/U1327/CO (FA_X1)                                 0.0829     0.8914 r
  DP_i/U337/ZN (NAND2_X1)                               0.0464     0.9377 f
  DP_i/U1254/ZN (NAND2_X1)                              0.0405     0.9782 r
  DP_i/U1255/ZN (INV_X1)                                0.0254     1.0036 f
  DP_i/U1257/ZN (OAI21_X1)                              0.0462     1.0498 r
  DP_i/U335/ZN (NAND2_X1)                               0.0326     1.0824 f
  DP_i/U187/ZN (NAND2_X1)                               0.0326     1.1149 r
  DP_i/U1324/CO (FA_X1)                                 0.0803     1.1953 r
  DP_i/U1265/ZN (NAND2_X1)                              0.0367     1.2320 f
  DP_i/U249/ZN (NOR2_X1)                                0.0603     1.2923 r
  DP_i/U1278/ZN (XNOR2_X1)                              0.0846     1.3769 r
  DP_i/U444/ZN (NAND2_X1)                               0.0409     1.4178 f
  DP_i/U439/ZN (NAND2_X1)                               0.0327     1.4505 r
  DP_i/U229/ZN (NAND2_X1)                               0.0392     1.4897 f
  DP_i/U1286/ZN (OAI21_X1)                              0.0557     1.5454 r
  DP_i/U170/Z (CLKBUF_X1)                               0.0576     1.6030 r
  DP_i/U1287/ZN (NAND4_X1)                              0.0501     1.6531 f
  DP_i/U1291/ZN (AOI21_X1)                              0.0829     1.7360 r
  DP_i/U238/ZN (NOR2_X1)                                0.0466     1.7826 f
  DP_i/U345/ZN (AND2_X1)                                0.0540     1.8366 f
  DP_i/U1365/ZN (AOI22_X1)                              0.0588     1.8954 r
  DP_i/U1366/ZN (XNOR2_X1)                              0.0759     1.9714 r
  DP_i/U1370/ZN (OAI21_X1)                              0.0415     2.0128 f
  DP_i/U319/ZN (INV_X1)                                 0.0281     2.0410 r
  DP_i/U163/ZN (AND4_X1)                                0.0738     2.1148 r
  DP_i/U321/ZN (AOI21_X2)                               0.0555     2.1703 f
  DP_i/U25/ZN (NOR3_X1)                                 0.0693     2.2396 r
  DP_i/U343/Z (BUF_X2)                                  0.0960     2.3356 r
  DP_i/U3104/ZN (AOI22_X1)                              0.0682     2.4039 f
  DP_i/U3105/ZN (OAI211_X1)                             0.0426     2.4464 r
  DP_i/fetch_i_pc_i_Y_reg_10_/D (DFF_X1)                0.0110     2.4574 r
  data arrival time                                                2.4574

  clock CLK (rise edge)                                 2.5000     2.5000
  clock network delay (ideal)                           0.0500     2.5500
  clock uncertainty                                    -0.0500     2.5000
  DP_i/fetch_i_pc_i_Y_reg_10_/CK (DFF_X1)               0.0000     2.5000 r
  library setup time                                   -0.0297     2.4703
  data required time                                               2.4703
  --------------------------------------------------------------------------
  data required time                                               2.4703
  data arrival time                                               -2.4574
  --------------------------------------------------------------------------
  slack (MET)                                                      0.0129


  Startpoint: DP_i/fetch_i_IR_out_reg_28_
              (rising edge-triggered flip-flop clocked by CLK)
  Endpoint: DP_i/fetch_i_pc_i_Y_reg_11_
            (rising edge-triggered flip-flop clocked by CLK)
  Path Group: REG2REG
  Path Type: max

  Des/Clust/Port     Wire Load Model       Library
  ------------------------------------------------
  DLX                5K_hvratio_1_4        NangateOpenCellLibrary

  Point                                                   Incr       Path
  --------------------------------------------------------------------------
  clock CLK (rise edge)                                 0.0000     0.0000
  clock network delay (ideal)                           0.0500     0.0500
  DP_i/fetch_i_IR_out_reg_28_/CK (DFF_X1)               0.0000     0.0500 r
  DP_i/fetch_i_IR_out_reg_28_/Q (DFF_X1)                0.1205     0.1705 f
  DP_i/opcode[2] (DataPath)                             0.0000     0.1705 f
  U806/ZN (OR3_X1)                                      0.1213     0.2918 f
  U831/ZN (NOR2_X2)                                     0.0779     0.3697 r
  DP_i/RF2 (DataPath)                                   0.0000     0.3697 r
  DP_i/U807/Z (BUF_X2)                                  0.0743     0.4440 r
  DP_i/U1238/ZN (OAI21_X1)                              0.0599     0.5039 f
  DP_i/U1239/ZN (OAI21_X1)                              0.0549     0.5589 r
  DP_i/U1240/ZN (OR2_X1)                                0.0570     0.6159 r
  DP_i/U1244/ZN (NAND2_X1)                              0.0429     0.6588 f
  DP_i/U1245/ZN (NOR2_X1)                               0.0714     0.7302 r
  DP_i/U1246/ZN (NAND2_X1)                              0.0427     0.7728 f
  DP_i/U1248/ZN (NAND2_X1)                              0.0357     0.8085 r
  DP_i/U1327/CO (FA_X1)                                 0.0829     0.8914 r
  DP_i/U337/ZN (NAND2_X1)                               0.0464     0.9377 f
  DP_i/U1254/ZN (NAND2_X1)                              0.0405     0.9782 r
  DP_i/U1255/ZN (INV_X1)                                0.0254     1.0036 f
  DP_i/U1257/ZN (OAI21_X1)                              0.0462     1.0498 r
  DP_i/U335/ZN (NAND2_X1)                               0.0326     1.0824 f
  DP_i/U187/ZN (NAND2_X1)                               0.0326     1.1149 r
  DP_i/U1324/CO (FA_X1)                                 0.0803     1.1953 r
  DP_i/U1265/ZN (NAND2_X1)                              0.0367     1.2320 f
  DP_i/U249/ZN (NOR2_X1)                                0.0603     1.2923 r
  DP_i/U1278/ZN (XNOR2_X1)                              0.0846     1.3769 r
  DP_i/U444/ZN (NAND2_X1)                               0.0409     1.4178 f
  DP_i/U439/ZN (NAND2_X1)                               0.0327     1.4505 r
  DP_i/U229/ZN (NAND2_X1)                               0.0392     1.4897 f
  DP_i/U1286/ZN (OAI21_X1)                              0.0557     1.5454 r
  DP_i/U170/Z (CLKBUF_X1)                               0.0576     1.6030 r
  DP_i/U1287/ZN (NAND4_X1)                              0.0501     1.6531 f
  DP_i/U1291/ZN (AOI21_X1)                              0.0829     1.7360 r
  DP_i/U238/ZN (NOR2_X1)                                0.0466     1.7826 f
  DP_i/U345/ZN (AND2_X1)                                0.0540     1.8366 f
  DP_i/U1365/ZN (AOI22_X1)                              0.0588     1.8954 r
  DP_i/U1366/ZN (XNOR2_X1)                              0.0759     1.9714 r
  DP_i/U1370/ZN (OAI21_X1)                              0.0415     2.0128 f
  DP_i/U319/ZN (INV_X1)                                 0.0281     2.0410 r
  DP_i/U163/ZN (AND4_X1)                                0.0738     2.1148 r
  DP_i/U321/ZN (AOI21_X2)                               0.0555     2.1703 f
  DP_i/U25/ZN (NOR3_X1)                                 0.0693     2.2396 r
  DP_i/U343/Z (BUF_X2)                                  0.0960     2.3356 r
  DP_i/U3099/ZN (AOI22_X1)                              0.0682     2.4039 f
  DP_i/U3100/ZN (OAI211_X1)                             0.0426     2.4464 r
  DP_i/fetch_i_pc_i_Y_reg_11_/D (DFF_X1)                0.0110     2.4574 r
  data arrival time                                                2.4574

  clock CLK (rise edge)                                 2.5000     2.5000
  clock network delay (ideal)                           0.0500     2.5500
  clock uncertainty                                    -0.0500     2.5000
  DP_i/fetch_i_pc_i_Y_reg_11_/CK (DFF_X1)               0.0000     2.5000 r
  library setup time                                   -0.0297     2.4703
  data required time                                               2.4703
  --------------------------------------------------------------------------
  data required time                                               2.4703
  data arrival time                                               -2.4574
  --------------------------------------------------------------------------
  slack (MET)                                                      0.0129


1
