 
****************************************
Report : timing
        -path full
        -delay max
        -nworst 2
        -group REG2REG
        -max_paths 10
Design : DLX
Version: W-2024.09-SP2
Date   : Sun Sep 27 03:21:31 2026
****************************************

Operating Conditions: typical   Library: NangateOpenCellLibrary
Wire Load Model Mode: top

  Startpoint: DP_i_decode_i_rs2_addr_i_Y_reg_3_
              (rising edge-triggered flip-flop clocked by CLK)
  Endpoint: DP_i_execute_i_zero_alu_bit_Y_reg
            (rising edge-triggered flip-flop clocked by CLK)
  Path Group: REG2REG
  Path Type: max

  Des/Clust/Port     Wire Load Model       Library
  ------------------------------------------------
  DLX                5K_hvratio_1_4        NangateOpenCellLibrary

  Point                                                   Incr       Path
  --------------------------------------------------------------------------
  clock CLK (rise edge)                                 0.0000     0.0000
  clock network delay (ideal)                           0.0500     0.0500
  DP_i_decode_i_rs2_addr_i_Y_reg_3_/CK (DFF_X1)         0.0000     0.0500 r
  DP_i_decode_i_rs2_addr_i_Y_reg_3_/QN (DFF_X1)         0.0860     0.1360 f
  U2748/ZN (XNOR2_X1)                                   0.0624     0.1984 f
  U3801/ZN (AND2_X1)                                    0.0426     0.2410 f
  U3802/ZN (NAND4_X1)                                   0.0305     0.2715 r
  U3805/ZN (NAND4_X1)                                   0.0567     0.3282 f
  U2979/ZN (AND2_X2)                                    0.0590     0.3872 f
  U3861/Z (BUF_X2)                                      0.0617     0.4489 f
  U4311/ZN (AOI222_X1)                                  0.1309     0.5798 r
  U1176/Z (MUX2_X2)                                     0.0695     0.6493 r
  U4312/ZN (XNOR2_X1)                                   0.0724     0.7217 r
  U4313/ZN (NAND2_X1)                                   0.0397     0.7614 f
  U4314/ZN (NAND2_X1)                                   0.0400     0.8014 r
  U10440/ZN (AND4_X2)                                   0.0764     0.8778 r
  U4327/ZN (NAND2_X1)                                   0.0320     0.9098 f
  U2927/ZN (OAI211_X1)                                  0.0528     0.9626 r
  U2698/ZN (OR2_X1)                                     0.0406     1.0032 r
  U2802/ZN (AND2_X1)                                    0.0452     1.0484 r
  U10451/ZN (OR2_X1)                                    0.0418     1.0902 r
  U3029/ZN (NAND3_X1)                                   0.0346     1.1249 f
  U2547/ZN (NAND2_X1)                                   0.0353     1.1602 r
  U2944/ZN (NAND2_X1)                                   0.0361     1.1963 f
  U6197/Z (MUX2_X1)                                     0.0725     1.2688 r
  U2489/ZN (AND2_X1)                                    0.0405     1.3093 r
  U2469/ZN (AND3_X1)                                    0.0523     1.3616 r
  U7752/ZN (NAND2_X1)                                   0.0292     1.3908 f
  U7520/ZN (XNOR2_X1)                                   0.0595     1.4503 f
  U5511/ZN (OAI211_X1)                                  0.0463     1.4966 r
  U3106/ZN (NAND4_X1)                                   0.0418     1.5384 f
  U3105/ZN (NAND2_X1)                                   0.0316     1.5700 r
  DP_i_execute_i_zero_alu_bit_Y_reg/D (DFF_X2)          0.0109     1.5809 r
  data arrival time                                                1.5809

  clock CLK (rise edge)                                 1.4000     1.4000
  clock network delay (ideal)                           0.0500     1.4500
  clock uncertainty                                    -0.0500     1.4000
  DP_i_execute_i_zero_alu_bit_Y_reg/CK (DFF_X2)         0.0000     1.4000 r
  library setup time                                   -0.0265     1.3735
  data required time                                               1.3735
  --------------------------------------------------------------------------
  data required time                                               1.3735
  data arrival time                                               -1.5809
  --------------------------------------------------------------------------
  slack (VIOLATED)                                                -0.2074


  Startpoint: DP_i_decode_i_rs2_addr_i_Y_reg_0_
              (rising edge-triggered flip-flop clocked by CLK)
  Endpoint: DP_i_execute_i_zero_alu_bit_Y_reg
            (rising edge-triggered flip-flop clocked by CLK)
  Path Group: REG2REG
  Path Type: max

  Des/Clust/Port     Wire Load Model       Library
  ------------------------------------------------
  DLX                5K_hvratio_1_4        NangateOpenCellLibrary

  Point                                                   Incr       Path
  --------------------------------------------------------------------------
  clock CLK (rise edge)                                 0.0000     0.0000
  clock network delay (ideal)                           0.0500     0.0500
  DP_i_decode_i_rs2_addr_i_Y_reg_0_/CK (DFF_X1)         0.0000     0.0500 r
  DP_i_decode_i_rs2_addr_i_Y_reg_0_/Q (DFF_X1)          0.1019     0.1519 r
  U2541/Z (XOR2_X1)                                     0.0618     0.2137 r
  U3798/ZN (AND4_X1)                                    0.0631     0.2768 r
  U3805/ZN (NAND4_X1)                                   0.0513     0.3281 f
  U2979/ZN (AND2_X2)                                    0.0590     0.3871 f
  U3861/Z (BUF_X2)                                      0.0617     0.4488 f
  U4311/ZN (AOI222_X1)                                  0.1309     0.5797 r
  U1176/Z (MUX2_X2)                                     0.0695     0.6493 r
  U4312/ZN (XNOR2_X1)                                   0.0724     0.7216 r
  U4313/ZN (NAND2_X1)                                   0.0397     0.7613 f
  U4314/ZN (NAND2_X1)                                   0.0400     0.8013 r
  U10440/ZN (AND4_X2)                                   0.0764     0.8777 r
  U4327/ZN (NAND2_X1)                                   0.0320     0.9097 f
  U2927/ZN (OAI211_X1)                                  0.0528     0.9625 r
  U2698/ZN (OR2_X1)                                     0.0406     1.0031 r
  U2802/ZN (AND2_X1)                                    0.0452     1.0483 r
  U10451/ZN (OR2_X1)                                    0.0418     1.0902 r
  U3029/ZN (NAND3_X1)                                   0.0346     1.1248 f
  U2547/ZN (NAND2_X1)                                   0.0353     1.1601 r
  U2944/ZN (NAND2_X1)                                   0.0361     1.1963 f
  U6197/Z (MUX2_X1)                                     0.0725     1.2687 r
  U2489/ZN (AND2_X1)                                    0.0405     1.3092 r
  U2469/ZN (AND3_X1)                                    0.0523     1.3616 r
  U7752/ZN (NAND2_X1)                                   0.0292     1.3907 f
  U7520/ZN (XNOR2_X1)                                   0.0595     1.4503 f
  U5511/ZN (OAI211_X1)                                  0.0463     1.4965 r
  U3106/ZN (NAND4_X1)                                   0.0418     1.5383 f
  U3105/ZN (NAND2_X1)                                   0.0316     1.5699 r
  DP_i_execute_i_zero_alu_bit_Y_reg/D (DFF_X2)          0.0109     1.5808 r
  data arrival time                                                1.5808

  clock CLK (rise edge)                                 1.4000     1.4000
  clock network delay (ideal)                           0.0500     1.4500
  clock uncertainty                                    -0.0500     1.4000
  DP_i_execute_i_zero_alu_bit_Y_reg/CK (DFF_X2)         0.0000     1.4000 r
  library setup time                                   -0.0265     1.3735
  data required time                                               1.3735
  --------------------------------------------------------------------------
  data required time                                               1.3735
  data arrival time                                               -1.5808
  --------------------------------------------------------------------------
  slack (VIOLATED)                                                -0.2073


  Startpoint: DP_i_decode_i_rs2_addr_i_Y_reg_2_
              (rising edge-triggered flip-flop clocked by CLK)
  Endpoint: DP_i_execute_i_boothmul_i_tree_i_register_i_2_Y_temp_reg_31_
            (rising edge-triggered flip-flop clocked by CLK)
  Path Group: REG2REG
  Path Type: max

  Des/Clust/Port     Wire Load Model       Library
  ------------------------------------------------
  DLX                5K_hvratio_1_4        NangateOpenCellLibrary

  Point                                                   Incr       Path
  --------------------------------------------------------------------------
  clock CLK (rise edge)                                 0.0000     0.0000
  clock network delay (ideal)                           0.0500     0.0500
  DP_i_decode_i_rs2_addr_i_Y_reg_2_/CK (DFF_X1)         0.0000     0.0500 r
  DP_i_decode_i_rs2_addr_i_Y_reg_2_/QN (DFF_X1)         0.0870     0.1370 r
  U2540/ZN (XNOR2_X1)                                   0.0634     0.2004 r
  U3800/ZN (AND2_X1)                                    0.0464     0.2468 r
  U3802/ZN (NAND4_X1)                                   0.0424     0.2891 f
  U3805/ZN (NAND4_X1)                                   0.0470     0.3361 r
  U3806/ZN (INV_X1)                                     0.0424     0.3785 f
  U2637/Z (BUF_X2)                                      0.0595     0.4380 f
  U3911/ZN (NAND2_X1)                                   0.0451     0.4832 r
  U3913/ZN (AND2_X1)                                    0.0513     0.5345 r
  U2975/ZN (NAND2_X1)                                   0.0359     0.5704 f
  U3058/ZN (NAND2_X1)                                   0.0308     0.6012 r
  U2923/ZN (NAND2_X1)                                   0.0374     0.6386 f
  U1901/ZN (OR2_X1)                                     0.0634     0.7020 f
  U2514/ZN (OAI21_X1)                                   0.0548     0.7568 r
  U5142/Z (BUF_X1)                                      0.0435     0.8003 r
  U2419/ZN (NAND2_X1)                                   0.0296     0.8299 f
  U1570/ZN (NAND2_X1)                                   0.0360     0.8659 r
  U4914/ZN (XNOR2_X1)                                   0.0663     0.9322 r
  U4915/ZN (XNOR2_X1)                                   0.0661     0.9983 r
  U4985/ZN (XNOR2_X1)                                   0.0731     1.0714 r
  U5018/CO (FA_X1)                                      0.0873     1.1587 r
  U5023/S (FA_X1)                                       0.1221     1.2808 f
  U5048/ZN (XNOR2_X1)                                   0.0690     1.3497 f
  U5049/ZN (XNOR2_X1)                                   0.0662     1.4159 f
  U5051/ZN (OAI21_X1)                                   0.0511     1.4670 r
  U5052/ZN (XNOR2_X1)                                   0.0598     1.5269 r
  U3264/ZN (AND2_X1)                                    0.0421     1.5689 r
  DP_i_execute_i_boothmul_i_tree_i_register_i_2_Y_temp_reg_31_/D (DFF_X1)
                                                        0.0110     1.5799 r
  data arrival time                                                1.5799

  clock CLK (rise edge)                                 1.4000     1.4000
  clock network delay (ideal)                           0.0500     1.4500
  clock uncertainty                                    -0.0500     1.4000
  DP_i_execute_i_boothmul_i_tree_i_register_i_2_Y_temp_reg_31_/CK (DFF_X1)
                                                        0.0000     1.4000 r
  library setup time                                   -0.0265     1.3735
  data required time                                               1.3735
  --------------------------------------------------------------------------
  data required time                                               1.3735
  data arrival time                                               -1.5799
  --------------------------------------------------------------------------
  slack (VIOLATED)                                                -0.2064


  Startpoint: CP_i_ex_mem_reg_i_WF1_out_reg
              (rising edge-triggered flip-flop clocked by CLK)
  Endpoint: DP_i_execute_i_boothmul_i_tree_i_register_i_2_Y_temp_reg_31_
            (rising edge-triggered flip-flop clocked by CLK)
  Path Group: REG2REG
  Path Type: max

  Des/Clust/Port     Wire Load Model       Library
  ------------------------------------------------
  DLX                5K_hvratio_1_4        NangateOpenCellLibrary

  Point                                                   Incr       Path
  --------------------------------------------------------------------------
  clock CLK (rise edge)                                 0.0000     0.0000
  clock network delay (ideal)                           0.0500     0.0500
  CP_i_ex_mem_reg_i_WF1_out_reg/CK (DFF_X1)             0.0000     0.0500 r
  CP_i_ex_mem_reg_i_WF1_out_reg/Q (DFF_X1)              0.1045     0.1545 r
  U3799/ZN (AND2_X1)                                    0.0479     0.2024 r
  U3800/ZN (AND2_X1)                                    0.0436     0.2460 r
  U3802/ZN (NAND4_X1)                                   0.0424     0.2884 f
  U3805/ZN (NAND4_X1)                                   0.0470     0.3354 r
  U3806/ZN (INV_X1)                                     0.0424     0.3778 f
  U2637/Z (BUF_X2)                                      0.0595     0.4373 f
  U3911/ZN (NAND2_X1)                                   0.0451     0.4824 r
  U3913/ZN (AND2_X1)                                    0.0513     0.5337 r
  U2975/ZN (NAND2_X1)                                   0.0359     0.5696 f
  U3058/ZN (NAND2_X1)                                   0.0308     0.6005 r
  U2923/ZN (NAND2_X1)                                   0.0374     0.6378 f
  U1901/ZN (OR2_X1)                                     0.0634     0.7012 f
  U2514/ZN (OAI21_X1)                                   0.0548     0.7561 r
  U5142/Z (BUF_X1)                                      0.0435     0.7996 r
  U2419/ZN (NAND2_X1)                                   0.0296     0.8292 f
  U1570/ZN (NAND2_X1)                                   0.0360     0.8652 r
  U4914/ZN (XNOR2_X1)                                   0.0663     0.9315 r
  U4915/ZN (XNOR2_X1)                                   0.0661     0.9976 r
  U4985/ZN (XNOR2_X1)                                   0.0731     1.0707 r
  U5018/CO (FA_X1)                                      0.0873     1.1579 r
  U5023/S (FA_X1)                                       0.1221     1.2800 f
  U5048/ZN (XNOR2_X1)                                   0.0690     1.3490 f
  U5049/ZN (XNOR2_X1)                                   0.0662     1.4152 f
  U5051/ZN (OAI21_X1)                                   0.0511     1.4663 r
  U5052/ZN (XNOR2_X1)                                   0.0598     1.5261 r
  U3264/ZN (AND2_X1)                                    0.0421     1.5682 r
  DP_i_execute_i_boothmul_i_tree_i_register_i_2_Y_temp_reg_31_/D (DFF_X1)
                                                        0.0110     1.5792 r
  data arrival time                                                1.5792

  clock CLK (rise edge)                                 1.4000     1.4000
  clock network delay (ideal)                           0.0500     1.4500
  clock uncertainty                                    -0.0500     1.4000
  DP_i_execute_i_boothmul_i_tree_i_register_i_2_Y_temp_reg_31_/CK (DFF_X1)
                                                        0.0000     1.4000 r
  library setup time                                   -0.0265     1.3735
  data required time                                               1.3735
  --------------------------------------------------------------------------
  data required time                                               1.3735
  data arrival time                                               -1.5792
  --------------------------------------------------------------------------
  slack (VIOLATED)                                                -0.2056


  Startpoint: DP_i_decode_i_rs2_addr_i_Y_reg_3_
              (rising edge-triggered flip-flop clocked by CLK)
  Endpoint: DP_i_execute_i_alu_out_reg_i_Y_reg_0_
            (rising edge-triggered flip-flop clocked by CLK)
  Path Group: REG2REG
  Path Type: max

  Des/Clust/Port     Wire Load Model       Library
  ------------------------------------------------
  DLX                5K_hvratio_1_4        NangateOpenCellLibrary

  Point                                                   Incr       Path
  --------------------------------------------------------------------------
  clock CLK (rise edge)                                 0.0000     0.0000
  clock network delay (ideal)                           0.0500     0.0500
  DP_i_decode_i_rs2_addr_i_Y_reg_3_/CK (DFF_X1)         0.0000     0.0500 r
  DP_i_decode_i_rs2_addr_i_Y_reg_3_/QN (DFF_X1)         0.0860     0.1360 f
  U2748/ZN (XNOR2_X1)                                   0.0624     0.1984 f
  U3801/ZN (AND2_X1)                                    0.0426     0.2410 f
  U3802/ZN (NAND4_X1)                                   0.0305     0.2715 r
  U3805/ZN (NAND4_X1)                                   0.0567     0.3282 f
  U2979/ZN (AND2_X2)                                    0.0590     0.3872 f
  U3906/Z (BUF_X2)                                      0.0538     0.4410 f
  U3914/ZN (AOI222_X1)                                  0.1132     0.5541 r
  U807/Z (MUX2_X1)                                      0.0727     0.6269 r
  U4322/ZN (XNOR2_X1)                                   0.0762     0.7031 r
  U4357/ZN (XNOR2_X1)                                   0.0781     0.7812 r
  U3046/ZN (XNOR2_X1)                                   0.0708     0.8520 r
  U2711/ZN (AND2_X1)                                    0.0462     0.8982 r
  U2904/ZN (OAI211_X1)                                  0.0392     0.9374 f
  U4375/ZN (OAI21_X1)                                   0.0566     0.9941 r
  U4386/ZN (NAND2_X1)                                   0.0421     1.0361 f
  U10451/ZN (OR2_X1)                                    0.0632     1.0993 f
  U3029/ZN (NAND3_X1)                                   0.0331     1.1325 r
  U2547/ZN (NAND2_X1)                                   0.0329     1.1654 f
  U2944/ZN (NAND2_X1)                                   0.0377     1.2031 r
  U6197/Z (MUX2_X1)                                     0.0820     1.2851 f
  U2489/ZN (AND2_X1)                                    0.0389     1.3240 f
  U2469/ZN (AND3_X1)                                    0.0410     1.3650 f
  U7752/ZN (NAND2_X1)                                   0.0295     1.3945 r
  U7520/ZN (XNOR2_X1)                                   0.0628     1.4573 r
  U8888/ZN (OAI211_X1)                                  0.0406     1.4979 f
  U8545/ZN (NAND2_X1)                                   0.0299     1.5278 r
  U10182/ZN (AND2_X1)                                   0.0388     1.5666 r
  DP_i_execute_i_alu_out_reg_i_Y_reg_0_/D (DFF_X1)      0.0110     1.5776 r
  data arrival time                                                1.5776

  clock CLK (rise edge)                                 1.4000     1.4000
  clock network delay (ideal)                           0.0500     1.4500
  clock uncertainty                                    -0.0500     1.4000
  DP_i_execute_i_alu_out_reg_i_Y_reg_0_/CK (DFF_X1)     0.0000     1.4000 r
  library setup time                                   -0.0265     1.3735
  data required time                                               1.3735
  --------------------------------------------------------------------------
  data required time                                               1.3735
  data arrival time                                               -1.5776
  --------------------------------------------------------------------------
  slack (VIOLATED)                                                -0.2041


  Startpoint: DP_i_decode_i_rs2_addr_i_Y_reg_3_
              (rising edge-triggered flip-flop clocked by CLK)
  Endpoint: DP_i_execute_i_alu_out_reg_i_Y_reg_0_
            (rising edge-triggered flip-flop clocked by CLK)
  Path Group: REG2REG
  Path Type: max

  Des/Clust/Port     Wire Load Model       Library
  ------------------------------------------------
  DLX                5K_hvratio_1_4        NangateOpenCellLibrary

  Point                                                   Incr       Path
  --------------------------------------------------------------------------
  clock CLK (rise edge)                                 0.0000     0.0000
  clock network delay (ideal)                           0.0500     0.0500
  DP_i_decode_i_rs2_addr_i_Y_reg_3_/CK (DFF_X1)         0.0000     0.0500 r
  DP_i_decode_i_rs2_addr_i_Y_reg_3_/QN (DFF_X1)         0.0860     0.1360 f
  U2748/ZN (XNOR2_X1)                                   0.0624     0.1984 f
  U3801/ZN (AND2_X1)                                    0.0426     0.2410 f
  U3802/ZN (NAND4_X1)                                   0.0305     0.2715 r
  U3805/ZN (NAND4_X1)                                   0.0567     0.3282 f
  U2979/ZN (AND2_X2)                                    0.0590     0.3872 f
  U3906/Z (BUF_X2)                                      0.0538     0.4410 f
  U3914/ZN (AOI222_X1)                                  0.1132     0.5541 r
  U807/Z (MUX2_X1)                                      0.0727     0.6269 r
  U4322/ZN (XNOR2_X1)                                   0.0762     0.7031 r
  U4357/ZN (XNOR2_X1)                                   0.0781     0.7812 r
  U3046/ZN (XNOR2_X1)                                   0.0708     0.8520 r
  U2711/ZN (AND2_X1)                                    0.0462     0.8982 r
  U2904/ZN (OAI211_X1)                                  0.0392     0.9374 f
  U4375/ZN (OAI21_X1)                                   0.0566     0.9941 r
  U4386/ZN (NAND2_X1)                                   0.0421     1.0361 f
  U10451/ZN (OR2_X1)                                    0.0632     1.0993 f
  U3029/ZN (NAND3_X1)                                   0.0331     1.1325 r
  U2547/ZN (NAND2_X1)                                   0.0329     1.1654 f
  U2944/ZN (NAND2_X1)                                   0.0377     1.2031 r
  U6197/Z (MUX2_X1)                                     0.0820     1.2851 f
  U2489/ZN (AND2_X1)                                    0.0389     1.3240 f
  U2469/ZN (AND3_X1)                                    0.0410     1.3650 f
  U7752/ZN (NAND2_X1)                                   0.0295     1.3945 r
  U7520/ZN (XNOR2_X1)                                   0.0628     1.4573 r
  U8888/ZN (OAI211_X1)                                  0.0406     1.4979 f
  U8545/ZN (NAND2_X1)                                   0.0299     1.5278 r
  U10182/ZN (AND2_X1)                                   0.0388     1.5666 r
  DP_i_execute_i_alu_out_reg_i_Y_reg_0_/D (DFF_X1)      0.0110     1.5776 r
  data arrival time                                                1.5776

  clock CLK (rise edge)                                 1.4000     1.4000
  clock network delay (ideal)                           0.0500     1.4500
  clock uncertainty                                    -0.0500     1.4000
  DP_i_execute_i_alu_out_reg_i_Y_reg_0_/CK (DFF_X1)     0.0000     1.4000 r
  library setup time                                   -0.0265     1.3735
  data required time                                               1.3735
  --------------------------------------------------------------------------
  data required time                                               1.3735
  data arrival time                                               -1.5776
  --------------------------------------------------------------------------
  slack (VIOLATED)                                                -0.2041


  Startpoint: DP_i_decode_i_rs2_addr_i_Y_reg_2_
              (rising edge-triggered flip-flop clocked by CLK)
  Endpoint: DP_i_execute_i_boothmul_i_tree_i_register_i_3_Y_temp_reg_30_
            (rising edge-triggered flip-flop clocked by CLK)
  Path Group: REG2REG
  Path Type: max

  Des/Clust/Port     Wire Load Model       Library
  ------------------------------------------------
  DLX                5K_hvratio_1_4        NangateOpenCellLibrary

  Point                                                   Incr       Path
  --------------------------------------------------------------------------
  clock CLK (rise edge)                                 0.0000     0.0000
  clock network delay (ideal)                           0.0500     0.0500
  DP_i_decode_i_rs2_addr_i_Y_reg_2_/CK (DFF_X1)         0.0000     0.0500 r
  DP_i_decode_i_rs2_addr_i_Y_reg_2_/QN (DFF_X1)         0.0870     0.1370 r
  U2540/ZN (XNOR2_X1)                                   0.0634     0.2004 r
  U3800/ZN (AND2_X1)                                    0.0464     0.2468 r
  U3802/ZN (NAND4_X1)                                   0.0424     0.2891 f
  U3805/ZN (NAND4_X1)                                   0.0470     0.3361 r
  U3806/ZN (INV_X1)                                     0.0424     0.3785 f
  U2637/Z (BUF_X2)                                      0.0595     0.4380 f
  U7422/Z (CLKBUF_X1)                                   0.0564     0.4944 f
  U975/ZN (AOI222_X1)                                   0.1227     0.6171 r
  U898/Z (MUX2_X1)                                      0.0754     0.6925 r
  U4740/ZN (NOR2_X1)                                    0.0329     0.7254 f
  U4848/ZN (AND2_X1)                                    0.0390     0.7644 f
  U4849/Z (MUX2_X2)                                     0.0944     0.8588 f
  U5045/ZN (AOI22_X1)                                   0.0952     0.9540 r
  U5046/S (FA_X1)                                       0.1399     1.0939 f
  U5047/S (FA_X1)                                       0.1410     1.2349 r
  U2990/ZN (XNOR2_X1)                                   0.0635     1.2984 r
  U5048/ZN (XNOR2_X1)                                   0.0666     1.3650 r
  U5474/Z (BUF_X1)                                      0.0406     1.4056 r
  U5475/ZN (XNOR2_X1)                                   0.0587     1.4643 r
  U5478/ZN (XNOR2_X1)                                   0.0598     1.5240 r
  U3243/ZN (AND2_X1)                                    0.0422     1.5662 r
  DP_i_execute_i_boothmul_i_tree_i_register_i_3_Y_temp_reg_30_/D (DFF_X1)
                                                        0.0110     1.5772 r
  data arrival time                                                1.5772

  clock CLK (rise edge)                                 1.4000     1.4000
  clock network delay (ideal)                           0.0500     1.4500
  clock uncertainty                                    -0.0500     1.4000
  DP_i_execute_i_boothmul_i_tree_i_register_i_3_Y_temp_reg_30_/CK (DFF_X1)
                                                        0.0000     1.4000 r
  library setup time                                   -0.0265     1.3735
  data required time                                               1.3735
  --------------------------------------------------------------------------
  data required time                                               1.3735
  data arrival time                                               -1.5772
  --------------------------------------------------------------------------
  slack (VIOLATED)                                                -0.2037


  Startpoint: DP_i_decode_i_rs2_addr_i_Y_reg_2_
              (rising edge-triggered flip-flop clocked by CLK)
  Endpoint: DP_i_execute_i_boothmul_i_tree_i_register_i_3_Y_temp_reg_30_
            (rising edge-triggered flip-flop clocked by CLK)
  Path Group: REG2REG
  Path Type: max

  Des/Clust/Port     Wire Load Model       Library
  ------------------------------------------------
  DLX                5K_hvratio_1_4        NangateOpenCellLibrary

  Point                                                   Incr       Path
  --------------------------------------------------------------------------
  clock CLK (rise edge)                                 0.0000     0.0000
  clock network delay (ideal)                           0.0500     0.0500
  DP_i_decode_i_rs2_addr_i_Y_reg_2_/CK (DFF_X1)         0.0000     0.0500 r
  DP_i_decode_i_rs2_addr_i_Y_reg_2_/QN (DFF_X1)         0.0870     0.1370 r
  U2540/ZN (XNOR2_X1)                                   0.0634     0.2004 r
  U3800/ZN (AND2_X1)                                    0.0464     0.2468 r
  U3802/ZN (NAND4_X1)                                   0.0424     0.2891 f
  U3805/ZN (NAND4_X1)                                   0.0470     0.3361 r
  U3806/ZN (INV_X1)                                     0.0424     0.3785 f
  U2637/Z (BUF_X2)                                      0.0595     0.4380 f
  U7422/Z (CLKBUF_X1)                                   0.0564     0.4944 f
  U975/ZN (AOI222_X1)                                   0.1227     0.6171 r
  U898/Z (MUX2_X1)                                      0.0754     0.6925 r
  U4740/ZN (NOR2_X1)                                    0.0329     0.7254 f
  U4848/ZN (AND2_X1)                                    0.0390     0.7644 f
  U4849/Z (MUX2_X2)                                     0.0944     0.8588 f
  U5045/ZN (AOI22_X1)                                   0.0952     0.9540 r
  U5046/S (FA_X1)                                       0.1399     1.0939 f
  U5047/S (FA_X1)                                       0.1410     1.2349 r
  U2990/ZN (XNOR2_X1)                                   0.0635     1.2984 r
  U5048/ZN (XNOR2_X1)                                   0.0666     1.3650 r
  U5474/Z (BUF_X1)                                      0.0406     1.4056 r
  U5475/ZN (XNOR2_X1)                                   0.0587     1.4643 r
  U5478/ZN (XNOR2_X1)                                   0.0598     1.5240 r
  U3243/ZN (AND2_X1)                                    0.0422     1.5662 r
  DP_i_execute_i_boothmul_i_tree_i_register_i_3_Y_temp_reg_30_/D (DFF_X1)
                                                        0.0110     1.5772 r
  data arrival time                                                1.5772

  clock CLK (rise edge)                                 1.4000     1.4000
  clock network delay (ideal)                           0.0500     1.4500
  clock uncertainty                                    -0.0500     1.4000
  DP_i_execute_i_boothmul_i_tree_i_register_i_3_Y_temp_reg_30_/CK (DFF_X1)
                                                        0.0000     1.4000 r
  library setup time                                   -0.0265     1.3735
  data required time                                               1.3735
  --------------------------------------------------------------------------
  data required time                                               1.3735
  data arrival time                                               -1.5772
  --------------------------------------------------------------------------
  slack (VIOLATED)                                                -0.2037


  Startpoint: DP_i_execute_i_rd_out_reg_i_Y_reg_3_
              (rising edge-triggered flip-flop clocked by CLK)
  Endpoint: DP_i_execute_i_boothmul_i_tree_i_register_i_0_Y_temp_reg_22_
            (rising edge-triggered flip-flop clocked by CLK)
  Path Group: REG2REG
  Path Type: max

  Des/Clust/Port     Wire Load Model       Library
  ------------------------------------------------
  DLX                5K_hvratio_1_4        NangateOpenCellLibrary

  Point                                                   Incr       Path
  --------------------------------------------------------------------------
  clock CLK (rise edge)                                 0.0000     0.0000
  clock network delay (ideal)                           0.0500     0.0500
  DP_i_execute_i_rd_out_reg_i_Y_reg_3_/CK (DFF_X1)      0.0000     0.0500 r
  DP_i_execute_i_rd_out_reg_i_Y_reg_3_/Q (DFF_X1)       0.1087     0.1587 f
  U1427/ZN (XNOR2_X1)                                   0.0717     0.2304 f
  U1420/ZN (AND3_X1)                                    0.0419     0.2724 f
  U2890/ZN (NAND2_X1)                                   0.0421     0.3144 r
  U2557/ZN (NAND3_X1)                                   0.0453     0.3598 f
  U917/ZN (AND2_X2)                                     0.0518     0.4116 f
  U3316/ZN (INV_X1)                                     0.0466     0.4582 r
  U1365/ZN (INV_X1)                                     0.0431     0.5012 f
  U3827/ZN (NAND2_X1)                                   0.0450     0.5462 r
  U1094/ZN (AND3_X2)                                    0.0677     0.6139 r
  U4898/ZN (AND2_X1)                                    0.1036     0.7176 r
  U871/ZN (INV_X1)                                      0.0788     0.7963 f
  U2976/ZN (OR2_X1)                                     0.0845     0.8808 f
  U2950/ZN (NAND2_X1)                                   0.0331     0.9139 r
  U6153/ZN (XNOR2_X1)                                   0.0660     0.9799 r
  U6154/ZN (XNOR2_X1)                                   0.0754     1.0553 r
  U6155/ZN (OR2_X1)                                     0.0534     1.1086 r
  U6158/ZN (XNOR2_X1)                                   0.0659     1.1745 r
  U2806/ZN (XNOR2_X1)                                   0.0631     1.2376 r
  U6169/ZN (XNOR2_X1)                                   0.0697     1.3073 r
  U6170/ZN (XNOR2_X1)                                   0.0702     1.3775 r
  U6224/ZN (OAI21_X1)                                   0.0357     1.4132 f
  U8894/ZN (OR2_X1)                                     0.0557     1.4689 f
  DP_i_U2417/ZN (AOI221_X1)                             0.0898     1.5587 r
  DP_i_execute_i_boothmul_i_tree_i_register_i_0_Y_temp_reg_22_/D (DFF_X1)
                                                        0.0110     1.5697 r
  data arrival time                                                1.5697

  clock CLK (rise edge)                                 1.4000     1.4000
  clock network delay (ideal)                           0.0500     1.4500
  clock uncertainty                                    -0.0500     1.4000
  DP_i_execute_i_boothmul_i_tree_i_register_i_0_Y_temp_reg_22_/CK (DFF_X1)
                                                        0.0000     1.4000 r
  library setup time                                   -0.0338     1.3662
  data required time                                               1.3662
  --------------------------------------------------------------------------
  data required time                                               1.3662
  data arrival time                                               -1.5697
  --------------------------------------------------------------------------
  slack (VIOLATED)                                                -0.2035


  Startpoint: DP_i_execute_i_rd_out_reg_i_Y_reg_3_
              (rising edge-triggered flip-flop clocked by CLK)
  Endpoint: DP_i_execute_i_boothmul_i_tree_i_register_i_1_Y_temp_reg_29_
            (rising edge-triggered flip-flop clocked by CLK)
  Path Group: REG2REG
  Path Type: max

  Des/Clust/Port     Wire Load Model       Library
  ------------------------------------------------
  DLX                5K_hvratio_1_4        NangateOpenCellLibrary

  Point                                                   Incr       Path
  --------------------------------------------------------------------------
  clock CLK (rise edge)                                 0.0000     0.0000
  clock network delay (ideal)                           0.0500     0.0500
  DP_i_execute_i_rd_out_reg_i_Y_reg_3_/CK (DFF_X1)      0.0000     0.0500 r
  DP_i_execute_i_rd_out_reg_i_Y_reg_3_/Q (DFF_X1)       0.1234     0.1734 r
  U1427/ZN (XNOR2_X1)                                   0.0759     0.2493 r
  U1420/ZN (AND3_X1)                                    0.0526     0.3019 r
  U2890/ZN (NAND2_X1)                                   0.0397     0.3416 f
  U2557/ZN (NAND3_X1)                                   0.0423     0.3839 r
  U917/ZN (AND2_X2)                                     0.0575     0.4414 r
  U3316/ZN (INV_X1)                                     0.0391     0.4805 f
  U2680/ZN (INV_X2)                                     0.0687     0.5492 r
  U3870/ZN (NAND2_X1)                                   0.0499     0.5991 f
  U920/ZN (NAND2_X1)                                    0.0867     0.6858 r
  U4850/ZN (OR2_X1)                                     0.1136     0.7995 r
  U1852/ZN (INV_X1)                                     0.0689     0.8684 f
  U6916/ZN (AOI22_X1)                                   0.0804     0.9488 r
  U6917/ZN (XNOR2_X1)                                   0.0674     1.0162 r
  U6918/ZN (XNOR2_X1)                                   0.0707     1.0869 r
  U6919/ZN (XNOR2_X1)                                   0.0646     1.1515 f
  U2482/ZN (OR2_X1)                                     0.0723     1.2238 f
  U839/ZN (AOI22_X2)                                    0.0646     1.2884 r
  U6921/ZN (XNOR2_X1)                                   0.0808     1.3691 r
  U2804/ZN (XNOR2_X1)                                   0.0772     1.4463 r
  U3187/ZN (INV_X1)                                     0.0269     1.4732 f
  U7993/ZN (NAND2_X1)                                   0.0291     1.5023 r
  U7996/ZN (NAND2_X1)                                   0.0259     1.5282 f
  U3180/ZN (AND2_X1)                                    0.0381     1.5663 f
  DP_i_execute_i_boothmul_i_tree_i_register_i_1_Y_temp_reg_29_/D (DFF_X1)
                                                        0.0104     1.5767 f
  data arrival time                                                1.5767

  clock CLK (rise edge)                                 1.4000     1.4000
  clock network delay (ideal)                           0.0500     1.4500
  clock uncertainty                                    -0.0500     1.4000
  DP_i_execute_i_boothmul_i_tree_i_register_i_1_Y_temp_reg_29_/CK (DFF_X1)
                                                        0.0000     1.4000 r
  library setup time                                   -0.0239     1.3761
  data required time                                               1.3761
  --------------------------------------------------------------------------
  data required time                                               1.3761
  data arrival time                                               -1.5767
  --------------------------------------------------------------------------
  slack (VIOLATED)                                                -0.2006


1
