 
****************************************
Report : timing
        -path full
        -delay max
        -nworst 2
        -group REG2REG
        -max_paths 10
Design : DLX
Version: W-2024.09-SP2
Date   : Sun Sep 27 03:40:52 2026
****************************************

Operating Conditions: typical   Library: NangateOpenCellLibrary
Wire Load Model Mode: top

  Startpoint: DP_i_fetch_i_IR_out_reg_31_
              (rising edge-triggered flip-flop clocked by CLK)
  Endpoint: DP_i_fetch_i_pc_i_Y_reg_13_
            (rising edge-triggered flip-flop clocked by CLK)
  Path Group: REG2REG
  Path Type: max

  Des/Clust/Port     Wire Load Model       Library
  ------------------------------------------------
  DLX                5K_hvratio_1_4        NangateOpenCellLibrary

  Point                                                   Incr       Path
  --------------------------------------------------------------------------
  clock CLK (rise edge)                                 0.0000     0.0000
  clock network delay (ideal)                           0.0500     0.0500
  DP_i_fetch_i_IR_out_reg_31_/CK (DFF_X2)               0.0000     0.0500 r
  DP_i_fetch_i_IR_out_reg_31_/Q (DFF_X2)                0.1484     0.1984 r
  U778/ZN (NOR2_X1)                                     0.0521     0.2505 f
  U2079/ZN (NAND2_X1)                                   0.0503     0.3008 r
  U2227/ZN (NAND2_X1)                                   0.0416     0.3425 f
  U886/ZN (OR2_X1)                                      0.0617     0.4042 f
  U2055/ZN (OR2_X1)                                     0.0551     0.4592 f
  U871/ZN (AND2_X1)                                     0.0468     0.5060 f
  U2230/ZN (NAND2_X1)                                   0.0332     0.5392 r
  U2231/ZN (NAND2_X1)                                   0.0308     0.5700 f
  U1087/ZN (OR2_X1)                                     0.0674     0.6374 f
  U784/ZN (NOR2_X1)                                     0.0596     0.6971 r
  U1872/ZN (NAND2_X1)                                   0.0400     0.7370 f
  U2032/ZN (NAND2_X1)                                   0.0370     0.7740 r
  U1096/ZN (NAND2_X1)                                   0.0368     0.8108 f
  U1359/ZN (NAND2_X1)                                   0.0333     0.8441 r
  U1357/ZN (NAND2_X1)                                   0.0379     0.8820 f
  U948/ZN (NAND4_X1)                                    0.0473     0.9293 r
  U1675/ZN (NAND4_X1)                                   0.0612     0.9905 f
  U1746/ZN (OR2_X1)                                     0.0770     1.0676 f
  U1970/ZN (NAND2_X1)                                   0.0367     1.1042 r
  U1871/ZN (NAND3_X1)                                   0.0536     1.1578 f
  U2011/ZN (OAI21_X1)                                   0.0589     1.2167 r
  U2286/ZN (INV_X1)                                     0.0266     1.2433 f
  U2287/ZN (XNOR2_X1)                                   0.0647     1.3080 r
  U2288/ZN (XNOR2_X1)                                   0.0678     1.3758 r
  U2346/ZN (NAND4_X1)                                   0.0472     1.4230 f
  U2348/ZN (NOR4_X1)                                    0.0858     1.5088 r
  U2356/ZN (AND4_X1)                                    0.0784     1.5872 r
  U2372/ZN (NAND4_X2)                                   0.0575     1.6447 f
  U1966/ZN (OAI21_X2)                                   0.0706     1.7153 r
  U1853/ZN (AND2_X2)                                    0.0616     1.7769 r
  U795/ZN (INV_X1)                                      0.0610     1.8379 f
  U7751/ZN (NOR2_X1)                                    0.0686     1.9066 r
  U6794/ZN (INV_X1)                                     0.0247     1.9313 f
  U6840/ZN (NAND4_X1)                                   0.0294     1.9607 r
  DP_i_fetch_i_pc_i_Y_reg_13_/D (DFF_X1)                0.0110     1.9717 r
  data arrival time                                                1.9717

  clock CLK (rise edge)                                 2.0000     2.0000
  clock network delay (ideal)                           0.0500     2.0500
  clock uncertainty                                    -0.0500     2.0000
  DP_i_fetch_i_pc_i_Y_reg_13_/CK (DFF_X1)               0.0000     2.0000 r
  library setup time                                   -0.0278     1.9722
  data required time                                               1.9722
  --------------------------------------------------------------------------
  data required time                                               1.9722
  data arrival time                                               -1.9717
  --------------------------------------------------------------------------
  slack (MET)                                                      0.0005


  Startpoint: DP_i_fetch_i_IR_out_reg_31_
              (rising edge-triggered flip-flop clocked by CLK)
  Endpoint: DP_i_fetch_i_pc_i_Y_reg_12_
            (rising edge-triggered flip-flop clocked by CLK)
  Path Group: REG2REG
  Path Type: max

  Des/Clust/Port     Wire Load Model       Library
  ------------------------------------------------
  DLX                5K_hvratio_1_4        NangateOpenCellLibrary

  Point                                                   Incr       Path
  --------------------------------------------------------------------------
  clock CLK (rise edge)                                 0.0000     0.0000
  clock network delay (ideal)                           0.0500     0.0500
  DP_i_fetch_i_IR_out_reg_31_/CK (DFF_X2)               0.0000     0.0500 r
  DP_i_fetch_i_IR_out_reg_31_/Q (DFF_X2)                0.1484     0.1984 r
  U778/ZN (NOR2_X1)                                     0.0521     0.2505 f
  U2079/ZN (NAND2_X1)                                   0.0503     0.3008 r
  U2227/ZN (NAND2_X1)                                   0.0416     0.3425 f
  U886/ZN (OR2_X1)                                      0.0617     0.4042 f
  U2055/ZN (OR2_X1)                                     0.0551     0.4592 f
  U871/ZN (AND2_X1)                                     0.0468     0.5060 f
  U2230/ZN (NAND2_X1)                                   0.0332     0.5392 r
  U2231/ZN (NAND2_X1)                                   0.0308     0.5700 f
  U1087/ZN (OR2_X1)                                     0.0674     0.6374 f
  U784/ZN (NOR2_X1)                                     0.0596     0.6971 r
  U1872/ZN (NAND2_X1)                                   0.0400     0.7370 f
  U2032/ZN (NAND2_X1)                                   0.0370     0.7740 r
  U1096/ZN (NAND2_X1)                                   0.0368     0.8108 f
  U1359/ZN (NAND2_X1)                                   0.0333     0.8441 r
  U1357/ZN (NAND2_X1)                                   0.0379     0.8820 f
  U948/ZN (NAND4_X1)                                    0.0473     0.9293 r
  U1675/ZN (NAND4_X1)                                   0.0612     0.9905 f
  U1746/ZN (OR2_X1)                                     0.0770     1.0676 f
  U1970/ZN (NAND2_X1)                                   0.0367     1.1042 r
  U1871/ZN (NAND3_X1)                                   0.0536     1.1578 f
  U2011/ZN (OAI21_X1)                                   0.0589     1.2167 r
  U2286/ZN (INV_X1)                                     0.0266     1.2433 f
  U2287/ZN (XNOR2_X1)                                   0.0647     1.3080 r
  U2288/ZN (XNOR2_X1)                                   0.0678     1.3758 r
  U2346/ZN (NAND4_X1)                                   0.0472     1.4230 f
  U2348/ZN (NOR4_X1)                                    0.0858     1.5088 r
  U2356/ZN (AND4_X1)                                    0.0784     1.5872 r
  U2372/ZN (NAND4_X2)                                   0.0575     1.6447 f
  U1966/ZN (OAI21_X2)                                   0.0706     1.7153 r
  U1853/ZN (AND2_X2)                                    0.0616     1.7769 r
  U795/ZN (INV_X1)                                      0.0610     1.8379 f
  U7745/ZN (NOR2_X1)                                    0.0686     1.9066 r
  U6790/ZN (INV_X1)                                     0.0247     1.9313 f
  U6839/ZN (NAND4_X1)                                   0.0294     1.9607 r
  DP_i_fetch_i_pc_i_Y_reg_12_/D (DFF_X1)                0.0110     1.9717 r
  data arrival time                                                1.9717

  clock CLK (rise edge)                                 2.0000     2.0000
  clock network delay (ideal)                           0.0500     2.0500
  clock uncertainty                                    -0.0500     2.0000
  DP_i_fetch_i_pc_i_Y_reg_12_/CK (DFF_X1)               0.0000     2.0000 r
  library setup time                                   -0.0278     1.9722
  data required time                                               1.9722
  --------------------------------------------------------------------------
  data required time                                               1.9722
  data arrival time                                               -1.9717
  --------------------------------------------------------------------------
  slack (MET)                                                      0.0005


  Startpoint: DP_i_fetch_i_IR_out_reg_31_
              (rising edge-triggered flip-flop clocked by CLK)
  Endpoint: DP_i_fetch_i_pc_i_Y_reg_5_
            (rising edge-triggered flip-flop clocked by CLK)
  Path Group: REG2REG
  Path Type: max

  Des/Clust/Port     Wire Load Model       Library
  ------------------------------------------------
  DLX                5K_hvratio_1_4        NangateOpenCellLibrary

  Point                                                   Incr       Path
  --------------------------------------------------------------------------
  clock CLK (rise edge)                                 0.0000     0.0000
  clock network delay (ideal)                           0.0500     0.0500
  DP_i_fetch_i_IR_out_reg_31_/CK (DFF_X2)               0.0000     0.0500 r
  DP_i_fetch_i_IR_out_reg_31_/Q (DFF_X2)                0.1484     0.1984 r
  U778/ZN (NOR2_X1)                                     0.0521     0.2505 f
  U2079/ZN (NAND2_X1)                                   0.0503     0.3008 r
  U2227/ZN (NAND2_X1)                                   0.0416     0.3425 f
  U886/ZN (OR2_X1)                                      0.0617     0.4042 f
  U2055/ZN (OR2_X1)                                     0.0551     0.4592 f
  U871/ZN (AND2_X1)                                     0.0468     0.5060 f
  U2230/ZN (NAND2_X1)                                   0.0332     0.5392 r
  U2231/ZN (NAND2_X1)                                   0.0308     0.5700 f
  U1087/ZN (OR2_X1)                                     0.0674     0.6374 f
  U784/ZN (NOR2_X1)                                     0.0596     0.6971 r
  U1872/ZN (NAND2_X1)                                   0.0400     0.7370 f
  U2032/ZN (NAND2_X1)                                   0.0370     0.7740 r
  U1096/ZN (NAND2_X1)                                   0.0368     0.8108 f
  U1359/ZN (NAND2_X1)                                   0.0333     0.8441 r
  U1357/ZN (NAND2_X1)                                   0.0379     0.8820 f
  U948/ZN (NAND4_X1)                                    0.0473     0.9293 r
  U1675/ZN (NAND4_X1)                                   0.0612     0.9905 f
  U1746/ZN (OR2_X1)                                     0.0770     1.0676 f
  U1970/ZN (NAND2_X1)                                   0.0367     1.1042 r
  U1871/ZN (NAND3_X1)                                   0.0536     1.1578 f
  U2011/ZN (OAI21_X1)                                   0.0589     1.2167 r
  U2286/ZN (INV_X1)                                     0.0266     1.2433 f
  U2287/ZN (XNOR2_X1)                                   0.0647     1.3080 r
  U2288/ZN (XNOR2_X1)                                   0.0678     1.3758 r
  U2346/ZN (NAND4_X1)                                   0.0472     1.4230 f
  U2348/ZN (NOR4_X1)                                    0.0858     1.5088 r
  U2356/ZN (AND4_X1)                                    0.0784     1.5872 r
  U2372/ZN (NAND4_X2)                                   0.0575     1.6447 f
  U1966/ZN (OAI21_X2)                                   0.0706     1.7153 r
  U1853/ZN (AND2_X2)                                    0.0616     1.7769 r
  U795/ZN (INV_X1)                                      0.0610     1.8379 f
  U7721/ZN (NOR2_X1)                                    0.0686     1.9066 r
  U6774/ZN (INV_X1)                                     0.0247     1.9313 f
  U6835/ZN (NAND4_X1)                                   0.0294     1.9607 r
  DP_i_fetch_i_pc_i_Y_reg_5_/D (DFF_X1)                 0.0110     1.9717 r
  data arrival time                                                1.9717

  clock CLK (rise edge)                                 2.0000     2.0000
  clock network delay (ideal)                           0.0500     2.0500
  clock uncertainty                                    -0.0500     2.0000
  DP_i_fetch_i_pc_i_Y_reg_5_/CK (DFF_X1)                0.0000     2.0000 r
  library setup time                                   -0.0278     1.9722
  data required time                                               1.9722
  --------------------------------------------------------------------------
  data required time                                               1.9722
  data arrival time                                               -1.9717
  --------------------------------------------------------------------------
  slack (MET)                                                      0.0005


  Startpoint: DP_i_fetch_i_IR_out_reg_31_
              (rising edge-triggered flip-flop clocked by CLK)
  Endpoint: DP_i_fetch_i_pc_i_Y_reg_1_
            (rising edge-triggered flip-flop clocked by CLK)
  Path Group: REG2REG
  Path Type: max

  Des/Clust/Port     Wire Load Model       Library
  ------------------------------------------------
  DLX                5K_hvratio_1_4        NangateOpenCellLibrary

  Point                                                   Incr       Path
  --------------------------------------------------------------------------
  clock CLK (rise edge)                                 0.0000     0.0000
  clock network delay (ideal)                           0.0500     0.0500
  DP_i_fetch_i_IR_out_reg_31_/CK (DFF_X2)               0.0000     0.0500 r
  DP_i_fetch_i_IR_out_reg_31_/Q (DFF_X2)                0.1484     0.1984 r
  U778/ZN (NOR2_X1)                                     0.0521     0.2505 f
  U2079/ZN (NAND2_X1)                                   0.0503     0.3008 r
  U2227/ZN (NAND2_X1)                                   0.0416     0.3425 f
  U886/ZN (OR2_X1)                                      0.0617     0.4042 f
  U2055/ZN (OR2_X1)                                     0.0551     0.4592 f
  U871/ZN (AND2_X1)                                     0.0468     0.5060 f
  U2230/ZN (NAND2_X1)                                   0.0332     0.5392 r
  U2231/ZN (NAND2_X1)                                   0.0308     0.5700 f
  U1087/ZN (OR2_X1)                                     0.0674     0.6374 f
  U784/ZN (NOR2_X1)                                     0.0596     0.6971 r
  U1872/ZN (NAND2_X1)                                   0.0400     0.7370 f
  U2032/ZN (NAND2_X1)                                   0.0370     0.7740 r
  U1096/ZN (NAND2_X1)                                   0.0368     0.8108 f
  U1359/ZN (NAND2_X1)                                   0.0333     0.8441 r
  U1357/ZN (NAND2_X1)                                   0.0379     0.8820 f
  U948/ZN (NAND4_X1)                                    0.0473     0.9293 r
  U1675/ZN (NAND4_X1)                                   0.0612     0.9905 f
  U1746/ZN (OR2_X1)                                     0.0770     1.0676 f
  U1970/ZN (NAND2_X1)                                   0.0367     1.1042 r
  U1871/ZN (NAND3_X1)                                   0.0536     1.1578 f
  U2011/ZN (OAI21_X1)                                   0.0589     1.2167 r
  U2286/ZN (INV_X1)                                     0.0266     1.2433 f
  U2287/ZN (XNOR2_X1)                                   0.0647     1.3080 r
  U2288/ZN (XNOR2_X1)                                   0.0678     1.3758 r
  U2346/ZN (NAND4_X1)                                   0.0472     1.4230 f
  U2348/ZN (NOR4_X1)                                    0.0858     1.5088 r
  U2356/ZN (AND4_X1)                                    0.0784     1.5872 r
  U2372/ZN (NAND4_X2)                                   0.0575     1.6447 f
  U1966/ZN (OAI21_X2)                                   0.0706     1.7153 r
  U1853/ZN (AND2_X2)                                    0.0616     1.7769 r
  U795/ZN (INV_X1)                                      0.0610     1.8379 f
  U7686/ZN (NOR2_X1)                                    0.0686     1.9066 r
  U6766/ZN (INV_X1)                                     0.0247     1.9313 f
  U6833/ZN (NAND4_X1)                                   0.0294     1.9607 r
  DP_i_fetch_i_pc_i_Y_reg_1_/D (DFF_X1)                 0.0110     1.9717 r
  data arrival time                                                1.9717

  clock CLK (rise edge)                                 2.0000     2.0000
  clock network delay (ideal)                           0.0500     2.0500
  clock uncertainty                                    -0.0500     2.0000
  DP_i_fetch_i_pc_i_Y_reg_1_/CK (DFF_X1)                0.0000     2.0000 r
  library setup time                                   -0.0278     1.9722
  data required time                                               1.9722
  --------------------------------------------------------------------------
  data required time                                               1.9722
  data arrival time                                               -1.9717
  --------------------------------------------------------------------------
  slack (MET)                                                      0.0005


  Startpoint: DP_i_fetch_i_IR_out_reg_31_
              (rising edge-triggered flip-flop clocked by CLK)
  Endpoint: DP_i_fetch_i_pc_i_Y_reg_4_
            (rising edge-triggered flip-flop clocked by CLK)
  Path Group: REG2REG
  Path Type: max

  Des/Clust/Port     Wire Load Model       Library
  ------------------------------------------------
  DLX                5K_hvratio_1_4        NangateOpenCellLibrary

  Point                                                   Incr       Path
  --------------------------------------------------------------------------
  clock CLK (rise edge)                                 0.0000     0.0000
  clock network delay (ideal)                           0.0500     0.0500
  DP_i_fetch_i_IR_out_reg_31_/CK (DFF_X2)               0.0000     0.0500 r
  DP_i_fetch_i_IR_out_reg_31_/Q (DFF_X2)                0.1484     0.1984 r
  U778/ZN (NOR2_X1)                                     0.0521     0.2505 f
  U2079/ZN (NAND2_X1)                                   0.0503     0.3008 r
  U2227/ZN (NAND2_X1)                                   0.0416     0.3425 f
  U886/ZN (OR2_X1)                                      0.0617     0.4042 f
  U2055/ZN (OR2_X1)                                     0.0551     0.4592 f
  U871/ZN (AND2_X1)                                     0.0468     0.5060 f
  U2230/ZN (NAND2_X1)                                   0.0332     0.5392 r
  U2231/ZN (NAND2_X1)                                   0.0308     0.5700 f
  U1087/ZN (OR2_X1)                                     0.0674     0.6374 f
  U784/ZN (NOR2_X1)                                     0.0596     0.6971 r
  U1872/ZN (NAND2_X1)                                   0.0400     0.7370 f
  U2032/ZN (NAND2_X1)                                   0.0370     0.7740 r
  U1096/ZN (NAND2_X1)                                   0.0368     0.8108 f
  U1359/ZN (NAND2_X1)                                   0.0333     0.8441 r
  U1357/ZN (NAND2_X1)                                   0.0379     0.8820 f
  U948/ZN (NAND4_X1)                                    0.0473     0.9293 r
  U1675/ZN (NAND4_X1)                                   0.0612     0.9905 f
  U1746/ZN (OR2_X1)                                     0.0770     1.0676 f
  U1970/ZN (NAND2_X1)                                   0.0367     1.1042 r
  U1871/ZN (NAND3_X1)                                   0.0536     1.1578 f
  U2011/ZN (OAI21_X1)                                   0.0589     1.2167 r
  U2286/ZN (INV_X1)                                     0.0266     1.2433 f
  U2287/ZN (XNOR2_X1)                                   0.0647     1.3080 r
  U2288/ZN (XNOR2_X1)                                   0.0678     1.3758 r
  U2346/ZN (NAND4_X1)                                   0.0472     1.4230 f
  U2348/ZN (NOR4_X1)                                    0.0858     1.5088 r
  U2356/ZN (AND4_X1)                                    0.0784     1.5872 r
  U2372/ZN (NAND4_X2)                                   0.0575     1.6447 f
  U1966/ZN (OAI21_X2)                                   0.0706     1.7153 r
  U1853/ZN (AND2_X2)                                    0.0616     1.7769 r
  U795/ZN (INV_X1)                                      0.0610     1.8379 f
  U7715/ZN (NOR2_X1)                                    0.0686     1.9066 r
  U6770/ZN (INV_X1)                                     0.0247     1.9313 f
  U6834/ZN (NAND4_X1)                                   0.0294     1.9607 r
  DP_i_fetch_i_pc_i_Y_reg_4_/D (DFF_X1)                 0.0110     1.9717 r
  data arrival time                                                1.9717

  clock CLK (rise edge)                                 2.0000     2.0000
  clock network delay (ideal)                           0.0500     2.0500
  clock uncertainty                                    -0.0500     2.0000
  DP_i_fetch_i_pc_i_Y_reg_4_/CK (DFF_X1)                0.0000     2.0000 r
  library setup time                                   -0.0278     1.9722
  data required time                                               1.9722
  --------------------------------------------------------------------------
  data required time                                               1.9722
  data arrival time                                               -1.9717
  --------------------------------------------------------------------------
  slack (MET)                                                      0.0005


  Startpoint: DP_i_fetch_i_IR_out_reg_31_
              (rising edge-triggered flip-flop clocked by CLK)
  Endpoint: DP_i_fetch_i_pc_i_Y_reg_3_
            (rising edge-triggered flip-flop clocked by CLK)
  Path Group: REG2REG
  Path Type: max

  Des/Clust/Port     Wire Load Model       Library
  ------------------------------------------------
  DLX                5K_hvratio_1_4        NangateOpenCellLibrary

  Point                                                   Incr       Path
  --------------------------------------------------------------------------
  clock CLK (rise edge)                                 0.0000     0.0000
  clock network delay (ideal)                           0.0500     0.0500
  DP_i_fetch_i_IR_out_reg_31_/CK (DFF_X2)               0.0000     0.0500 r
  DP_i_fetch_i_IR_out_reg_31_/Q (DFF_X2)                0.1484     0.1984 r
  U778/ZN (NOR2_X1)                                     0.0521     0.2505 f
  U2079/ZN (NAND2_X1)                                   0.0503     0.3008 r
  U2227/ZN (NAND2_X1)                                   0.0416     0.3425 f
  U886/ZN (OR2_X1)                                      0.0617     0.4042 f
  U2055/ZN (OR2_X1)                                     0.0551     0.4592 f
  U871/ZN (AND2_X1)                                     0.0468     0.5060 f
  U2230/ZN (NAND2_X1)                                   0.0332     0.5392 r
  U2231/ZN (NAND2_X1)                                   0.0308     0.5700 f
  U1087/ZN (OR2_X1)                                     0.0674     0.6374 f
  U784/ZN (NOR2_X1)                                     0.0596     0.6971 r
  U1872/ZN (NAND2_X1)                                   0.0400     0.7370 f
  U2032/ZN (NAND2_X1)                                   0.0370     0.7740 r
  U1096/ZN (NAND2_X1)                                   0.0368     0.8108 f
  U1359/ZN (NAND2_X1)                                   0.0333     0.8441 r
  U1357/ZN (NAND2_X1)                                   0.0379     0.8820 f
  U948/ZN (NAND4_X1)                                    0.0473     0.9293 r
  U1675/ZN (NAND4_X1)                                   0.0612     0.9905 f
  U1746/ZN (OR2_X1)                                     0.0770     1.0676 f
  U1970/ZN (NAND2_X1)                                   0.0367     1.1042 r
  U1871/ZN (NAND3_X1)                                   0.0536     1.1578 f
  U2011/ZN (OAI21_X1)                                   0.0589     1.2167 r
  U2286/ZN (INV_X1)                                     0.0266     1.2433 f
  U2287/ZN (XNOR2_X1)                                   0.0647     1.3080 r
  U2288/ZN (XNOR2_X1)                                   0.0678     1.3758 r
  U2346/ZN (NAND4_X1)                                   0.0472     1.4230 f
  U2348/ZN (NOR4_X1)                                    0.0858     1.5088 r
  U2356/ZN (AND4_X1)                                    0.0784     1.5872 r
  U2372/ZN (NAND4_X2)                                   0.0575     1.6447 f
  U1966/ZN (OAI21_X2)                                   0.0706     1.7153 r
  U1853/ZN (AND2_X2)                                    0.0616     1.7769 r
  U795/ZN (INV_X1)                                      0.0610     1.8379 f
  U7691/ZN (NOR2_X1)                                    0.0686     1.9066 r
  U6762/ZN (INV_X1)                                     0.0247     1.9313 f
  U6832/ZN (NAND4_X1)                                   0.0294     1.9607 r
  DP_i_fetch_i_pc_i_Y_reg_3_/D (DFF_X1)                 0.0110     1.9717 r
  data arrival time                                                1.9717

  clock CLK (rise edge)                                 2.0000     2.0000
  clock network delay (ideal)                           0.0500     2.0500
  clock uncertainty                                    -0.0500     2.0000
  DP_i_fetch_i_pc_i_Y_reg_3_/CK (DFF_X1)                0.0000     2.0000 r
  library setup time                                   -0.0278     1.9722
  data required time                                               1.9722
  --------------------------------------------------------------------------
  data required time                                               1.9722
  data arrival time                                               -1.9717
  --------------------------------------------------------------------------
  slack (MET)                                                      0.0005


  Startpoint: DP_i_fetch_i_IR_out_reg_31_
              (rising edge-triggered flip-flop clocked by CLK)
  Endpoint: DP_i_fetch_i_pc_i_Y_reg_6_
            (rising edge-triggered flip-flop clocked by CLK)
  Path Group: REG2REG
  Path Type: max

  Des/Clust/Port     Wire Load Model       Library
  ------------------------------------------------
  DLX                5K_hvratio_1_4        NangateOpenCellLibrary

  Point                                                   Incr       Path
  --------------------------------------------------------------------------
  clock CLK (rise edge)                                 0.0000     0.0000
  clock network delay (ideal)                           0.0500     0.0500
  DP_i_fetch_i_IR_out_reg_31_/CK (DFF_X2)               0.0000     0.0500 r
  DP_i_fetch_i_IR_out_reg_31_/Q (DFF_X2)                0.1484     0.1984 r
  U778/ZN (NOR2_X1)                                     0.0521     0.2505 f
  U2079/ZN (NAND2_X1)                                   0.0503     0.3008 r
  U2227/ZN (NAND2_X1)                                   0.0416     0.3425 f
  U886/ZN (OR2_X1)                                      0.0617     0.4042 f
  U2055/ZN (OR2_X1)                                     0.0551     0.4592 f
  U871/ZN (AND2_X1)                                     0.0468     0.5060 f
  U2230/ZN (NAND2_X1)                                   0.0332     0.5392 r
  U2231/ZN (NAND2_X1)                                   0.0308     0.5700 f
  U1087/ZN (OR2_X1)                                     0.0674     0.6374 f
  U784/ZN (NOR2_X1)                                     0.0596     0.6971 r
  U1872/ZN (NAND2_X1)                                   0.0400     0.7370 f
  U2032/ZN (NAND2_X1)                                   0.0370     0.7740 r
  U1096/ZN (NAND2_X1)                                   0.0368     0.8108 f
  U1359/ZN (NAND2_X1)                                   0.0333     0.8441 r
  U1357/ZN (NAND2_X1)                                   0.0379     0.8820 f
  U948/ZN (NAND4_X1)                                    0.0473     0.9293 r
  U1675/ZN (NAND4_X1)                                   0.0612     0.9905 f
  U1746/ZN (OR2_X1)                                     0.0770     1.0676 f
  U1970/ZN (NAND2_X1)                                   0.0367     1.1042 r
  U1871/ZN (NAND3_X1)                                   0.0536     1.1578 f
  U2011/ZN (OAI21_X1)                                   0.0589     1.2167 r
  U2286/ZN (INV_X1)                                     0.0266     1.2433 f
  U2287/ZN (XNOR2_X1)                                   0.0647     1.3080 r
  U2288/ZN (XNOR2_X1)                                   0.0678     1.3758 r
  U2346/ZN (NAND4_X1)                                   0.0472     1.4230 f
  U2348/ZN (NOR4_X1)                                    0.0858     1.5088 r
  U2356/ZN (AND4_X1)                                    0.0784     1.5872 r
  U2372/ZN (NAND4_X2)                                   0.0575     1.6447 f
  U1966/ZN (OAI21_X2)                                   0.0706     1.7153 r
  U1853/ZN (AND2_X2)                                    0.0616     1.7769 r
  U795/ZN (INV_X1)                                      0.0610     1.8379 f
  U7727/ZN (NOR2_X1)                                    0.0686     1.9066 r
  U6778/ZN (INV_X1)                                     0.0247     1.9313 f
  U6836/ZN (NAND4_X1)                                   0.0294     1.9607 r
  DP_i_fetch_i_pc_i_Y_reg_6_/D (DFF_X1)                 0.0110     1.9717 r
  data arrival time                                                1.9717

  clock CLK (rise edge)                                 2.0000     2.0000
  clock network delay (ideal)                           0.0500     2.0500
  clock uncertainty                                    -0.0500     2.0000
  DP_i_fetch_i_pc_i_Y_reg_6_/CK (DFF_X1)                0.0000     2.0000 r
  library setup time                                   -0.0278     1.9722
  data required time                                               1.9722
  --------------------------------------------------------------------------
  data required time                                               1.9722
  data arrival time                                               -1.9717
  --------------------------------------------------------------------------
  slack (MET)                                                      0.0005


  Startpoint: DP_i_fetch_i_IR_out_reg_31_
              (rising edge-triggered flip-flop clocked by CLK)
  Endpoint: DP_i_fetch_i_pc_i_Y_reg_7_
            (rising edge-triggered flip-flop clocked by CLK)
  Path Group: REG2REG
  Path Type: max

  Des/Clust/Port     Wire Load Model       Library
  ------------------------------------------------
  DLX                5K_hvratio_1_4        NangateOpenCellLibrary

  Point                                                   Incr       Path
  --------------------------------------------------------------------------
  clock CLK (rise edge)                                 0.0000     0.0000
  clock network delay (ideal)                           0.0500     0.0500
  DP_i_fetch_i_IR_out_reg_31_/CK (DFF_X2)               0.0000     0.0500 r
  DP_i_fetch_i_IR_out_reg_31_/Q (DFF_X2)                0.1484     0.1984 r
  U778/ZN (NOR2_X1)                                     0.0521     0.2505 f
  U2079/ZN (NAND2_X1)                                   0.0503     0.3008 r
  U2227/ZN (NAND2_X1)                                   0.0416     0.3425 f
  U886/ZN (OR2_X1)                                      0.0617     0.4042 f
  U2055/ZN (OR2_X1)                                     0.0551     0.4592 f
  U871/ZN (AND2_X1)                                     0.0468     0.5060 f
  U2230/ZN (NAND2_X1)                                   0.0332     0.5392 r
  U2231/ZN (NAND2_X1)                                   0.0308     0.5700 f
  U1087/ZN (OR2_X1)                                     0.0674     0.6374 f
  U784/ZN (NOR2_X1)                                     0.0596     0.6971 r
  U1872/ZN (NAND2_X1)                                   0.0400     0.7370 f
  U2032/ZN (NAND2_X1)                                   0.0370     0.7740 r
  U1096/ZN (NAND2_X1)                                   0.0368     0.8108 f
  U1359/ZN (NAND2_X1)                                   0.0333     0.8441 r
  U1357/ZN (NAND2_X1)                                   0.0379     0.8820 f
  U948/ZN (NAND4_X1)                                    0.0473     0.9293 r
  U1675/ZN (NAND4_X1)                                   0.0612     0.9905 f
  U1746/ZN (OR2_X1)                                     0.0770     1.0676 f
  U1970/ZN (NAND2_X1)                                   0.0367     1.1042 r
  U1871/ZN (NAND3_X1)                                   0.0536     1.1578 f
  U2011/ZN (OAI21_X1)                                   0.0589     1.2167 r
  U2286/ZN (INV_X1)                                     0.0266     1.2433 f
  U2287/ZN (XNOR2_X1)                                   0.0647     1.3080 r
  U2288/ZN (XNOR2_X1)                                   0.0678     1.3758 r
  U2346/ZN (NAND4_X1)                                   0.0472     1.4230 f
  U2348/ZN (NOR4_X1)                                    0.0858     1.5088 r
  U2356/ZN (AND4_X1)                                    0.0784     1.5872 r
  U2372/ZN (NAND4_X2)                                   0.0575     1.6447 f
  U1966/ZN (OAI21_X2)                                   0.0706     1.7153 r
  U1853/ZN (AND2_X2)                                    0.0616     1.7769 r
  U795/ZN (INV_X1)                                      0.0610     1.8379 f
  U7733/ZN (NOR2_X1)                                    0.0686     1.9066 r
  U6782/ZN (INV_X1)                                     0.0247     1.9313 f
  U6837/ZN (NAND4_X1)                                   0.0294     1.9607 r
  DP_i_fetch_i_pc_i_Y_reg_7_/D (DFF_X1)                 0.0110     1.9717 r
  data arrival time                                                1.9717

  clock CLK (rise edge)                                 2.0000     2.0000
  clock network delay (ideal)                           0.0500     2.0500
  clock uncertainty                                    -0.0500     2.0000
  DP_i_fetch_i_pc_i_Y_reg_7_/CK (DFF_X1)                0.0000     2.0000 r
  library setup time                                   -0.0278     1.9722
  data required time                                               1.9722
  --------------------------------------------------------------------------
  data required time                                               1.9722
  data arrival time                                               -1.9717
  --------------------------------------------------------------------------
  slack (MET)                                                      0.0005


  Startpoint: DP_i_fetch_i_IR_out_reg_31_
              (rising edge-triggered flip-flop clocked by CLK)
  Endpoint: DP_i_fetch_i_pc_i_Y_reg_8_
            (rising edge-triggered flip-flop clocked by CLK)
  Path Group: REG2REG
  Path Type: max

  Des/Clust/Port     Wire Load Model       Library
  ------------------------------------------------
  DLX                5K_hvratio_1_4        NangateOpenCellLibrary

  Point                                                   Incr       Path
  --------------------------------------------------------------------------
  clock CLK (rise edge)                                 0.0000     0.0000
  clock network delay (ideal)                           0.0500     0.0500
  DP_i_fetch_i_IR_out_reg_31_/CK (DFF_X2)               0.0000     0.0500 r
  DP_i_fetch_i_IR_out_reg_31_/Q (DFF_X2)                0.1484     0.1984 r
  U778/ZN (NOR2_X1)                                     0.0521     0.2505 f
  U2079/ZN (NAND2_X1)                                   0.0503     0.3008 r
  U2227/ZN (NAND2_X1)                                   0.0416     0.3425 f
  U886/ZN (OR2_X1)                                      0.0617     0.4042 f
  U2055/ZN (OR2_X1)                                     0.0551     0.4592 f
  U871/ZN (AND2_X1)                                     0.0468     0.5060 f
  U2230/ZN (NAND2_X1)                                   0.0332     0.5392 r
  U2231/ZN (NAND2_X1)                                   0.0308     0.5700 f
  U1087/ZN (OR2_X1)                                     0.0674     0.6374 f
  U784/ZN (NOR2_X1)                                     0.0596     0.6971 r
  U1872/ZN (NAND2_X1)                                   0.0400     0.7370 f
  U2032/ZN (NAND2_X1)                                   0.0370     0.7740 r
  U1096/ZN (NAND2_X1)                                   0.0368     0.8108 f
  U1359/ZN (NAND2_X1)                                   0.0333     0.8441 r
  U1357/ZN (NAND2_X1)                                   0.0379     0.8820 f
  U948/ZN (NAND4_X1)                                    0.0473     0.9293 r
  U1675/ZN (NAND4_X1)                                   0.0612     0.9905 f
  U1746/ZN (OR2_X1)                                     0.0770     1.0676 f
  U1970/ZN (NAND2_X1)                                   0.0367     1.1042 r
  U1871/ZN (NAND3_X1)                                   0.0536     1.1578 f
  U2011/ZN (OAI21_X1)                                   0.0589     1.2167 r
  U2286/ZN (INV_X1)                                     0.0266     1.2433 f
  U2287/ZN (XNOR2_X1)                                   0.0647     1.3080 r
  U2288/ZN (XNOR2_X1)                                   0.0678     1.3758 r
  U2346/ZN (NAND4_X1)                                   0.0472     1.4230 f
  U2348/ZN (NOR4_X1)                                    0.0858     1.5088 r
  U2356/ZN (AND4_X1)                                    0.0784     1.5872 r
  U2372/ZN (NAND4_X2)                                   0.0575     1.6447 f
  U1966/ZN (OAI21_X2)                                   0.0706     1.7153 r
  U1853/ZN (AND2_X2)                                    0.0616     1.7769 r
  U795/ZN (INV_X1)                                      0.0610     1.8379 f
  U7739/ZN (NOR2_X1)                                    0.0686     1.9066 r
  U6786/ZN (INV_X1)                                     0.0247     1.9313 f
  U6838/ZN (NAND4_X1)                                   0.0294     1.9607 r
  DP_i_fetch_i_pc_i_Y_reg_8_/D (DFF_X1)                 0.0110     1.9717 r
  data arrival time                                                1.9717

  clock CLK (rise edge)                                 2.0000     2.0000
  clock network delay (ideal)                           0.0500     2.0500
  clock uncertainty                                    -0.0500     2.0000
  DP_i_fetch_i_pc_i_Y_reg_8_/CK (DFF_X1)                0.0000     2.0000 r
  library setup time                                   -0.0278     1.9722
  data required time                                               1.9722
  --------------------------------------------------------------------------
  data required time                                               1.9722
  data arrival time                                               -1.9717
  --------------------------------------------------------------------------
  slack (MET)                                                      0.0005


  Startpoint: DP_i_fetch_i_IR_out_reg_31_
              (rising edge-triggered flip-flop clocked by CLK)
  Endpoint: DP_i_fetch_i_pc_i_Y_reg_14_
            (rising edge-triggered flip-flop clocked by CLK)
  Path Group: REG2REG
  Path Type: max

  Des/Clust/Port     Wire Load Model       Library
  ------------------------------------------------
  DLX                5K_hvratio_1_4        NangateOpenCellLibrary

  Point                                                   Incr       Path
  --------------------------------------------------------------------------
  clock CLK (rise edge)                                 0.0000     0.0000
  clock network delay (ideal)                           0.0500     0.0500
  DP_i_fetch_i_IR_out_reg_31_/CK (DFF_X2)               0.0000     0.0500 r
  DP_i_fetch_i_IR_out_reg_31_/Q (DFF_X2)                0.1484     0.1984 r
  U778/ZN (NOR2_X1)                                     0.0521     0.2505 f
  U2079/ZN (NAND2_X1)                                   0.0503     0.3008 r
  U2227/ZN (NAND2_X1)                                   0.0416     0.3425 f
  U886/ZN (OR2_X1)                                      0.0617     0.4042 f
  U2055/ZN (OR2_X1)                                     0.0551     0.4592 f
  U871/ZN (AND2_X1)                                     0.0468     0.5060 f
  U2230/ZN (NAND2_X1)                                   0.0332     0.5392 r
  U2231/ZN (NAND2_X1)                                   0.0308     0.5700 f
  U1087/ZN (OR2_X1)                                     0.0674     0.6374 f
  U784/ZN (NOR2_X1)                                     0.0596     0.6971 r
  U1872/ZN (NAND2_X1)                                   0.0400     0.7370 f
  U2032/ZN (NAND2_X1)                                   0.0370     0.7740 r
  U1096/ZN (NAND2_X1)                                   0.0368     0.8108 f
  U1359/ZN (NAND2_X1)                                   0.0333     0.8441 r
  U1357/ZN (NAND2_X1)                                   0.0379     0.8820 f
  U948/ZN (NAND4_X1)                                    0.0473     0.9293 r
  U1675/ZN (NAND4_X1)                                   0.0612     0.9905 f
  U1746/ZN (OR2_X1)                                     0.0770     1.0676 f
  U1970/ZN (NAND2_X1)                                   0.0367     1.1042 r
  U1871/ZN (NAND3_X1)                                   0.0536     1.1578 f
  U2011/ZN (OAI21_X1)                                   0.0589     1.2167 r
  U2286/ZN (INV_X1)                                     0.0266     1.2433 f
  U2287/ZN (XNOR2_X1)                                   0.0647     1.3080 r
  U2288/ZN (XNOR2_X1)                                   0.0678     1.3758 r
  U2346/ZN (NAND4_X1)                                   0.0472     1.4230 f
  U2348/ZN (NOR4_X1)                                    0.0858     1.5088 r
  U2356/ZN (AND4_X1)                                    0.0784     1.5872 r
  U2372/ZN (NAND4_X2)                                   0.0575     1.6447 f
  U1966/ZN (OAI21_X2)                                   0.0706     1.7153 r
  U1853/ZN (AND2_X2)                                    0.0616     1.7769 r
  U795/ZN (INV_X1)                                      0.0610     1.8379 f
  U7757/ZN (NOR2_X1)                                    0.0686     1.9066 r
  U6798/ZN (INV_X1)                                     0.0247     1.9313 f
  U6841/ZN (NAND4_X1)                                   0.0294     1.9607 r
  DP_i_fetch_i_pc_i_Y_reg_14_/D (DFF_X1)                0.0110     1.9717 r
  data arrival time                                                1.9717

  clock CLK (rise edge)                                 2.0000     2.0000
  clock network delay (ideal)                           0.0500     2.0500
  clock uncertainty                                    -0.0500     2.0000
  DP_i_fetch_i_pc_i_Y_reg_14_/CK (DFF_X1)               0.0000     2.0000 r
  library setup time                                   -0.0278     1.9722
  data required time                                               1.9722
  --------------------------------------------------------------------------
  data required time                                               1.9722
  data arrival time                                               -1.9717
  --------------------------------------------------------------------------
  slack (MET)                                                      0.0005


1
