Information: Propagating switching activity (medium effort zero delay simulation). (PWR-6)
 
****************************************
Report : power
        -analysis_effort medium
Design : DLX
Version: W-2024.09-SP2
Date   : Thu Oct  8 18:02:57 2026
****************************************


Library(s) Used:

    NangateOpenCellLibrary (File: /home/repository/do/libnandgate/NangateOpenCellLibrary_typical_ecsm.db)


Operating Conditions: typical   Library: NangateOpenCellLibrary
Wire Load Model Mode: top

Design        Wire Load Model            Library
------------------------------------------------
DLX                    5K_hvratio_1_1    NangateOpenCellLibrary


Global Operating Voltage = 1.1  
Power-specific unit information :
    Voltage Units = 1V
    Capacitance Units = 1.000000ff
    Time Units = 1ns
    Dynamic Power Units = 1uW    (derived from V,C,T units)
    Leakage Power Units = 1nW


Attributes
----------
i - Including register clock pin internal power


  Cell Internal Power  =   6.3216 mW   (64%)
  Net Switching Power  =   3.5415 mW   (36%)
                         ---------
Total Dynamic Power    =   9.8631 mW  (100%)

Cell Leakage Power     = 510.6141 uW


                 Internal         Switching           Leakage            Total
Power Group      Power            Power               Power              Power   (   %    )  Attrs
--------------------------------------------------------------------------------------------------
io_pad             0.0000            0.0000            0.0000            0.0000  (   0.00%)
memory             0.0000            0.0000            0.0000            0.0000  (   0.00%)
black_box          0.0000            0.0000            0.0000            0.0000  (   0.00%)
clock_network  2.8362e+03          770.4616        4.3716e+03        3.6110e+03  (  34.82%)  i
register       1.4205e+03          272.2801        2.1307e+05        1.9059e+03  (  18.38%)
sequential         0.0000            0.0000            0.0000            0.0000  (   0.00%)
combinational  2.0649e+03        2.4943e+03        2.9317e+05        4.8523e+03  (  46.80%)
--------------------------------------------------------------------------------------------------
Total          6.3216e+03 uW     3.5370e+03 uW     5.1061e+05 nW     1.0369e+04 uW
1

