Information: Propagating switching activity (medium effort zero delay simulation). (PWR-6)
 
****************************************
Report : power
        -analysis_effort medium
Design : DLX
Version: W-2024.09-SP2
Date   : Thu Oct  8 18:03:26 2026
****************************************


Library(s) Used:

    NangateOpenCellLibrary (File: /home/repository/do/libnandgate/NangateOpenCellLibrary_typical_ecsm.db)


Operating Conditions: typical   Library: NangateOpenCellLibrary
Wire Load Model Mode: top

Design        Wire Load Model            Library
------------------------------------------------
DLX                    5K_hvratio_1_1    NangateOpenCellLibrary


Global Operating Voltage = 1.1  
Power-specific unit information :
    Voltage Units = 1V
    Capacitance Units = 1.000000ff
    Time Units = 1ns
    Dynamic Power Units = 1uW    (derived from V,C,T units)
    Leakage Power Units = 1nW


Attributes
----------
i - Including register clock pin internal power


  Cell Internal Power  =   2.8445 mW   (63%)
  Net Switching Power  =   1.6374 mW   (37%)
                         ---------
Total Dynamic Power    =   4.4819 mW  (100%)

Cell Leakage Power     = 454.6715 uW


                 Internal         Switching           Leakage            Total
Power Group      Power            Power               Power              Power   (   %    )  Attrs
--------------------------------------------------------------------------------------------------
io_pad             0.0000            0.0000            0.0000            0.0000  (   0.00%)
memory             0.0000            0.0000            0.0000            0.0000  (   0.00%)
black_box          0.0000            0.0000            0.0000            0.0000  (   0.00%)
clock_network  1.5643e+03          420.8246        4.3705e+03        1.9895e+03  (  40.31%)  i
register         609.6782          188.8875        2.1261e+05        1.0112e+03  (  20.49%)
sequential         0.0000            0.0000            0.0000            0.0000  (   0.00%)
combinational    670.5524        1.0265e+03        2.3769e+05        1.9347e+03  (  39.20%)
--------------------------------------------------------------------------------------------------
Total          2.8445e+03 uW     1.6362e+03 uW     4.5467e+05 nW     4.9354e+03 uW
1

