Information: Propagating switching activity (medium effort zero delay simulation). (PWR-6)
 
****************************************
Report : power
        -analysis_effort medium
Design : DLX
Version: W-2024.09-SP2
Date   : Thu Oct  8 18:03:03 2026
****************************************


Library(s) Used:

    NangateOpenCellLibrary (File: /home/repository/do/libnandgate/NangateOpenCellLibrary_typical_ecsm.db)


Operating Conditions: typical   Library: NangateOpenCellLibrary
Wire Load Model Mode: top

Design        Wire Load Model            Library
------------------------------------------------
DLX                    5K_hvratio_1_1    NangateOpenCellLibrary


Global Operating Voltage = 1.1  
Power-specific unit information :
    Voltage Units = 1V
    Capacitance Units = 1.000000ff
    Time Units = 1ns
    Dynamic Power Units = 1uW    (derived from V,C,T units)
    Leakage Power Units = 1nW


Attributes
----------
i - Including register clock pin internal power


  Cell Internal Power  =   5.9151 mW   (64%)
  Net Switching Power  =   3.3301 mW   (36%)
                         ---------
Total Dynamic Power    =   9.2452 mW  (100%)

Cell Leakage Power     = 504.9737 uW


                 Internal         Switching           Leakage            Total
Power Group      Power            Power               Power              Power   (   %    )  Attrs
--------------------------------------------------------------------------------------------------
io_pad             0.0000            0.0000            0.0000            0.0000  (   0.00%)
memory             0.0000            0.0000            0.0000            0.0000  (   0.00%)
black_box          0.0000            0.0000            0.0000            0.0000  (   0.00%)
clock_network  2.6861e+03          729.6423        4.3716e+03        3.4201e+03  (  35.09%)  i
register       1.3663e+03          298.0807        2.1314e+05        1.8775e+03  (  19.26%)
sequential         0.0000            0.0000            0.0000            0.0000  (   0.00%)
combinational  1.8628e+03        2.2981e+03        2.8746e+05        4.4483e+03  (  45.64%)
--------------------------------------------------------------------------------------------------
Total          5.9151e+03 uW     3.3258e+03 uW     5.0497e+05 nW     9.7459e+03 uW
1

