Information: Propagating switching activity (medium effort zero delay simulation). (PWR-6)
 
****************************************
Report : power
        -analysis_effort medium
Design : DLX
Version: W-2024.09-SP2
Date   : Thu Oct  8 18:03:14 2026
****************************************


Library(s) Used:

    NangateOpenCellLibrary (File: /home/repository/do/libnandgate/NangateOpenCellLibrary_typical_ecsm.db)


Operating Conditions: typical   Library: NangateOpenCellLibrary
Wire Load Model Mode: top

Design        Wire Load Model            Library
------------------------------------------------
DLX                    5K_hvratio_1_1    NangateOpenCellLibrary


Global Operating Voltage = 1.1  
Power-specific unit information :
    Voltage Units = 1V
    Capacitance Units = 1.000000ff
    Time Units = 1ns
    Dynamic Power Units = 1uW    (derived from V,C,T units)
    Leakage Power Units = 1nW


Attributes
----------
i - Including register clock pin internal power


  Cell Internal Power  =   5.2160 mW   (64%)
  Net Switching Power  =   2.9198 mW   (36%)
                         ---------
Total Dynamic Power    =   8.1358 mW  (100%)

Cell Leakage Power     = 496.1489 uW


                 Internal         Switching           Leakage            Total
Power Group      Power            Power               Power              Power   (   %    )  Attrs
--------------------------------------------------------------------------------------------------
io_pad             0.0000            0.0000            0.0000            0.0000  (   0.00%)
memory             0.0000            0.0000            0.0000            0.0000  (   0.00%)
black_box          0.0000            0.0000            0.0000            0.0000  (   0.00%)
clock_network  2.4034e+03          652.8758        4.3716e+03        3.0606e+03  (  35.47%)  i
register       1.2084e+03          306.1216        2.1304e+05        1.7276e+03  (  20.02%)
sequential         0.0000            0.0000            0.0000            0.0000  (   0.00%)
combinational  1.6042e+03        1.9566e+03        2.7874e+05        3.8396e+03  (  44.50%)
--------------------------------------------------------------------------------------------------
Total          5.2160e+03 uW     2.9156e+03 uW     4.9615e+05 nW     8.6277e+03 uW
1

