Information: Propagating switching activity (medium effort zero delay simulation). (PWR-6)
Warning: The derived static probability value (0.500000) for the clock net 'CLK' conflicts with the annotated value (0.497207). Using the annotated value. (PWR-12)
 
****************************************
Report : power
        -analysis_effort medium
Design : DLX
Version: W-2024.09-SP2
Date   : Thu Oct  8 18:03:22 2026
****************************************


Library(s) Used:

    NangateOpenCellLibrary (File: /home/repository/do/libnandgate/NangateOpenCellLibrary_typical_ecsm.db)


Operating Conditions: typical   Library: NangateOpenCellLibrary
Wire Load Model Mode: top

Design        Wire Load Model            Library
------------------------------------------------
DLX                    5K_hvratio_1_1    NangateOpenCellLibrary


Global Operating Voltage = 1.1  
Power-specific unit information :
    Voltage Units = 1V
    Capacitance Units = 1.000000ff
    Time Units = 1ns
    Dynamic Power Units = 1uW    (derived from V,C,T units)
    Leakage Power Units = 1nW


Attributes
----------
i - Including register clock pin internal power


  Cell Internal Power  =   3.9902 mW   (62%)
  Net Switching Power  =   2.4332 mW   (38%)
                         ---------
Total Dynamic Power    =   6.4234 mW  (100%)

Cell Leakage Power     = 464.4017 uW


                 Internal         Switching           Leakage            Total
Power Group      Power            Power               Power              Power   (   %    )  Attrs
--------------------------------------------------------------------------------------------------
io_pad             0.0000            0.0000            0.0000            0.0000  (   0.00%)
memory             0.0000            0.0000            0.0000            0.0000  (   0.00%)
black_box          0.0000            0.0000            0.0000            0.0000  (   0.00%)
clock_network  1.8482e+03          487.0840        4.3743e+03        2.3396e+03  (  34.00%)  i
register         928.0175          229.0831        2.1302e+05        1.3701e+03  (  19.91%)
sequential         0.0000            0.0000            0.0000            0.0000  (   0.00%)
combinational  1.2140e+03        1.7097e+03        2.4701e+05        3.1706e+03  (  46.08%)
--------------------------------------------------------------------------------------------------
Total          3.9902e+03 uW     2.4258e+03 uW     4.6440e+05 nW     6.8804e+03 uW
1

