Information: Propagating switching activity (medium effort zero delay simulation). (PWR-6)
 
****************************************
Report : power
        -analysis_effort medium
Design : DLX
Version: W-2024.09-SP2
Date   : Tue Sep 29 15:30:43 2026
****************************************


Library(s) Used:

    NangateOpenCellLibrary (File: /home/repository/do/libnandgate/NangateOpenCellLibrary_typical_ecsm.db)


Operating Conditions: typical   Library: NangateOpenCellLibrary
Wire Load Model Mode: top

Design        Wire Load Model            Library
------------------------------------------------
DLX                    5K_hvratio_1_1    NangateOpenCellLibrary


Global Operating Voltage = 1.1  
Power-specific unit information :
    Voltage Units = 1V
    Capacitance Units = 1.000000ff
    Time Units = 1ns
    Dynamic Power Units = 1uW    (derived from V,C,T units)
    Leakage Power Units = 1nW


Attributes
----------
i - Including register clock pin internal power


  Cell Internal Power  =   3.1350 mW   (79%)
  Net Switching Power  = 842.1158 uW   (21%)
                         ---------
Total Dynamic Power    =   3.9771 mW  (100%)

Cell Leakage Power     = 496.4554 uW


                 Internal         Switching           Leakage            Total
Power Group      Power            Power               Power              Power   (   %    )  Attrs
--------------------------------------------------------------------------------------------------
io_pad             0.0000            0.0000            0.0000            0.0000  (   0.00%)
memory             0.0000            0.0000            0.0000            0.0000  (   0.00%)
black_box          0.0000            0.0000            0.0000            0.0000  (   0.00%)
clock_network  2.9415e+03          688.7098        4.3734e+03        3.6346e+03  (  81.26%)  i
register          79.9333           18.2465        2.1158e+05          309.7561  (   6.93%)
sequential         0.0000            0.0000            0.0000            0.0000  (   0.00%)
combinational    113.4834          134.6035        2.8051e+05          528.5928  (  11.82%)
--------------------------------------------------------------------------------------------------
Total          3.1350e+03 uW       841.5598 uW     4.9646e+05 nW     4.4730e+03 uW
1

