Information: Propagating switching activity (medium effort zero delay simulation). (PWR-6)
 
****************************************
Report : power
        -analysis_effort medium
Design : DLX
Version: W-2024.09-SP2
Date   : Thu Oct  8 18:02:51 2026
****************************************


Library(s) Used:

    NangateOpenCellLibrary (File: /home/repository/do/libnandgate/NangateOpenCellLibrary_typical_ecsm.db)


Operating Conditions: typical   Library: NangateOpenCellLibrary
Wire Load Model Mode: top

Design        Wire Load Model            Library
------------------------------------------------
DLX                    5K_hvratio_1_1    NangateOpenCellLibrary


Global Operating Voltage = 1.1  
Power-specific unit information :
    Voltage Units = 1V
    Capacitance Units = 1.000000ff
    Time Units = 1ns
    Dynamic Power Units = 1uW    (derived from V,C,T units)
    Leakage Power Units = 1nW


Attributes
----------
i - Including register clock pin internal power


  Cell Internal Power  =   6.6563 mW   (64%)
  Net Switching Power  =   3.7365 mW   (36%)
                         ---------
Total Dynamic Power    =  10.3928 mW  (100%)

Cell Leakage Power     = 535.4302 uW


                 Internal         Switching           Leakage            Total
Power Group      Power            Power               Power              Power   (   %    )  Attrs
--------------------------------------------------------------------------------------------------
io_pad             0.0000            0.0000            0.0000            0.0000  (   0.00%)
memory             0.0000            0.0000            0.0000            0.0000  (   0.00%)
black_box          0.0000            0.0000            0.0000            0.0000  (   0.00%)
clock_network  2.9654e+03          805.3024        4.3716e+03        3.7751e+03  (  34.56%)  i
register       1.4666e+03          285.2896        2.1352e+05        1.9654e+03  (  17.99%)
sequential         0.0000            0.0000            0.0000            0.0000  (   0.00%)
combinational  2.2243e+03        2.6412e+03        3.1754e+05        5.1830e+03  (  47.45%)
--------------------------------------------------------------------------------------------------
Total          6.6563e+03 uW     3.7318e+03 uW     5.3543e+05 nW     1.0924e+04 uW
1

