Information: Propagating switching activity (medium effort zero delay simulation). (PWR-6)
 
****************************************
Report : power
        -analysis_effort medium
Design : DLX
Version: W-2024.09-SP2
Date   : Tue Sep 29 15:30:47 2026
****************************************


Library(s) Used:

    NangateOpenCellLibrary (File: /home/repository/do/libnandgate/NangateOpenCellLibrary_typical_ecsm.db)


Operating Conditions: typical   Library: NangateOpenCellLibrary
Wire Load Model Mode: top

Design        Wire Load Model            Library
------------------------------------------------
DLX                    5K_hvratio_1_1    NangateOpenCellLibrary


Global Operating Voltage = 1.1  
Power-specific unit information :
    Voltage Units = 1V
    Capacitance Units = 1.000000ff
    Time Units = 1ns
    Dynamic Power Units = 1uW    (derived from V,C,T units)
    Leakage Power Units = 1nW


Attributes
----------
i - Including register clock pin internal power


  Cell Internal Power  =   2.9696 mW   (76%)
  Net Switching Power  = 952.0079 uW   (24%)
                         ---------
Total Dynamic Power    =   3.9216 mW  (100%)

Cell Leakage Power     = 489.2177 uW


                 Internal         Switching           Leakage            Total
Power Group      Power            Power               Power              Power   (   %    )  Attrs
--------------------------------------------------------------------------------------------------
io_pad             0.0000            0.0000            0.0000            0.0000  (   0.00%)
memory             0.0000            0.0000            0.0000            0.0000  (   0.00%)
black_box          0.0000            0.0000            0.0000            0.0000  (   0.00%)
clock_network  2.5563e+03          622.5698        4.3729e+03        3.1833e+03  (  72.17%)  i
register         193.9944           43.9691        2.1112e+05          449.0865  (  10.18%)
sequential         0.0000            0.0000            0.0000            0.0000  (   0.00%)
combinational    219.2830          285.1351        2.7373e+05          778.1475  (  17.64%)
--------------------------------------------------------------------------------------------------
Total          2.9696e+03 uW       951.6740 uW     4.8922e+05 nW     4.4105e+03 uW
1

