Information: Propagating switching activity (medium effort zero delay simulation). (PWR-6)
Warning: The derived static probability value (0.500000) for the clock net 'CLK' conflicts with the annotated value (0.497207). Using the annotated value. (PWR-12)
 
****************************************
Report : power
        -analysis_effort medium
Design : DLX
Version: W-2024.09-SP2
Date   : Thu Oct  8 18:02:49 2026
****************************************


Library(s) Used:

    NangateOpenCellLibrary (File: /home/repository/do/libnandgate/NangateOpenCellLibrary_typical_ecsm.db)


Operating Conditions: typical   Library: NangateOpenCellLibrary
Wire Load Model Mode: top

Design        Wire Load Model            Library
------------------------------------------------
DLX                    5K_hvratio_1_1    NangateOpenCellLibrary


Global Operating Voltage = 1.1  
Power-specific unit information :
    Voltage Units = 1V
    Capacitance Units = 1.000000ff
    Time Units = 1ns
    Dynamic Power Units = 1uW    (derived from V,C,T units)
    Leakage Power Units = 1nW


Attributes
----------
i - Including register clock pin internal power


  Cell Internal Power  =   7.0242 mW   (64%)
  Net Switching Power  =   4.0243 mW   (36%)
                         ---------
Total Dynamic Power    =  11.0484 mW  (100%)

Cell Leakage Power     = 538.2738 uW


                 Internal         Switching           Leakage            Total
Power Group      Power            Power               Power              Power   (   %    )  Attrs
--------------------------------------------------------------------------------------------------
io_pad             0.0000            0.0000            0.0000            0.0000  (   0.00%)
memory             0.0000            0.0000            0.0000            0.0000  (   0.00%)
black_box          0.0000            0.0000            0.0000            0.0000  (   0.00%)
clock_network  3.0010e+03          790.5161        4.3743e+03        3.7959e+03  (  32.79%)  i
register       1.4918e+03          310.5338        2.1353e+05        2.0159e+03  (  17.42%)
sequential         0.0000            0.0000            0.0000            0.0000  (   0.00%)
combinational  2.5314e+03        2.9120e+03        3.2037e+05        5.7638e+03  (  49.79%)
--------------------------------------------------------------------------------------------------
Total          7.0242e+03 uW     4.0130e+03 uW     5.3827e+05 nW     1.1575e+04 uW
1

