Information: Propagating switching activity (medium effort zero delay simulation). (PWR-6)
 
****************************************
Report : power
        -analysis_effort medium
Design : DLX
Version: W-2024.09-SP2
Date   : Tue Sep 29 15:30:29 2026
****************************************


Library(s) Used:

    NangateOpenCellLibrary (File: /home/repository/do/libnandgate/NangateOpenCellLibrary_typical_ecsm.db)


Operating Conditions: typical   Library: NangateOpenCellLibrary
Wire Load Model Mode: top

Design        Wire Load Model            Library
------------------------------------------------
DLX                    5K_hvratio_1_1    NangateOpenCellLibrary


Global Operating Voltage = 1.1  
Power-specific unit information :
    Voltage Units = 1V
    Capacitance Units = 1.000000ff
    Time Units = 1ns
    Dynamic Power Units = 1uW    (derived from V,C,T units)
    Leakage Power Units = 1nW


Attributes
----------
i - Including register clock pin internal power


  Cell Internal Power  =   3.4583 mW   (79%)
  Net Switching Power  = 931.2258 uW   (21%)
                         ---------
Total Dynamic Power    =   4.3896 mW  (100%)

Cell Leakage Power     = 538.5383 uW


                 Internal         Switching           Leakage            Total
Power Group      Power            Power               Power              Power   (   %    )  Attrs
--------------------------------------------------------------------------------------------------
io_pad             0.0000            0.0000            0.0000            0.0000  (   0.00%)
memory             0.0000            0.0000            0.0000            0.0000  (   0.00%)
black_box          0.0000            0.0000            0.0000            0.0000  (   0.00%)
clock_network  3.2288e+03          755.4331        4.3734e+03        3.9886e+03  (  80.95%)  i
register          88.5237           16.5392        2.1270e+05          317.7615  (   6.45%)
sequential         0.0000            0.0000            0.0000            0.0000  (   0.00%)
combinational    140.9690          158.6020        3.2147e+05          621.0358  (  12.60%)
--------------------------------------------------------------------------------------------------
Total          3.4583e+03 uW       930.5743 uW     5.3854e+05 nW     4.9274e+03 uW
1

