Information: Propagating switching activity (medium effort zero delay simulation). (PWR-6)
 
****************************************
Report : power
        -analysis_effort medium
Design : DLX
Version: W-2024.09-SP2
Date   : Thu Oct  8 18:02:22 2026
****************************************


Library(s) Used:

    NangateOpenCellLibrary (File: /home/repository/do/libnandgate/NangateOpenCellLibrary_typical_ecsm.db)


Operating Conditions: typical   Library: NangateOpenCellLibrary
Wire Load Model Mode: top

Design        Wire Load Model            Library
------------------------------------------------
DLX                    5K_hvratio_1_1    NangateOpenCellLibrary


Global Operating Voltage = 1.1  
Power-specific unit information :
    Voltage Units = 1V
    Capacitance Units = 1.000000ff
    Time Units = 1ns
    Dynamic Power Units = 1uW    (derived from V,C,T units)
    Leakage Power Units = 1nW


Attributes
----------
i - Including register clock pin internal power


  Cell Internal Power  =   5.8602 mW   (65%)
  Net Switching Power  =   3.1148 mW   (35%)
                         ---------
Total Dynamic Power    =   8.9750 mW  (100%)

Cell Leakage Power     = 533.0841 uW


                 Internal         Switching           Leakage            Total
Power Group      Power            Power               Power              Power   (   %    )  Attrs
--------------------------------------------------------------------------------------------------
io_pad             0.0000            0.0000            0.0000            0.0000  (   0.00%)
memory             0.0000            0.0000            0.0000            0.0000  (   0.00%)
black_box          0.0000            0.0000            0.0000            0.0000  (   0.00%)
clock_network  3.0281e+03          814.0443        4.3705e+03        3.8465e+03  (  40.46%)  i
register       1.1501e+03          361.8507        2.1564e+05        1.7276e+03  (  18.17%)
sequential         0.0000            0.0000            0.0000            0.0000  (   0.00%)
combinational  1.6819e+03        1.9367e+03        3.1307e+05        3.9317e+03  (  41.36%)
--------------------------------------------------------------------------------------------------
Total          5.8602e+03 uW     3.1126e+03 uW     5.3308e+05 nW     9.5059e+03 uW
1

