Information: Updating design information... (UID-85)
 
****************************************
Report : saif
        -missing
        -hierarchy
Design : DLX
Version: W-2024.09-SP2
Date   : Thu Oct  8 18:03:56 2026
****************************************

  

--------------------------------------------------------------------------------
              User              Default           Propagated
Object type   Annotated (%)     Activity (%)      Activity (%)       Total
--------------------------------------------------------------------------------
  
 Nets         15650(100.00%)    0(0.00%)          0(0.00%)           15650
 Ports        137(100.00%)      0(0.00%)          0(0.00%)           137
 Pins         53154(100.00%)    0(0.00%)          0(0.00%)           53154
--------------------------------------------------------------------------------

 List of Non-annotated ports :

   0 ports

 List of Non-annotated nets :

   0 nets

 List of Non-annotated pins :

   0 pins

--------------------------------------------------------------------------------
1

