Information: Updating design information... (UID-85)
 
****************************************
Report : saif
        -missing
        -hierarchy
Design : DLX
Version: W-2024.09-SP2
Date   : Tue Sep 29 15:31:03 2026
****************************************

  

--------------------------------------------------------------------------------
              User              Default           Propagated
Object type   Annotated (%)     Activity (%)      Activity (%)       Total
--------------------------------------------------------------------------------
  
 Nets         15558(100.00%)    0(0.00%)          0(0.00%)           15558
 Ports        137(100.00%)      0(0.00%)          0(0.00%)           137
 Pins         53117(100.00%)    0(0.00%)          0(0.00%)           53117
--------------------------------------------------------------------------------

 List of Non-annotated ports :

   0 ports

 List of Non-annotated nets :

   0 nets

 List of Non-annotated pins :

   0 pins

--------------------------------------------------------------------------------
1

