 
****************************************
Report : qor
Design : DLX
Version: W-2024.09-SP2
Date   : Tue Sep 29 13:19:12 2026
****************************************


  Timing Path Group 'CLK'
  -----------------------------------
  Levels of Logic:              23.00
  Critical Path Length:          1.62
  Critical Path Slack:           0.17
  Critical Path Clk Period:      1.90
  Total Negative Slack:          0.00
  No. of Violating Paths:        0.00
  Worst Hold Violation:          0.00
  Total Hold Violation:          0.00
  No. of Hold Violations:        0.00
  -----------------------------------

  Timing Path Group 'INPUTS'
  -----------------------------------
  Levels of Logic:               7.00
  Critical Path Length:          0.88
  Critical Path Slack:           0.75
  Critical Path Clk Period:      1.90
  Total Negative Slack:          0.00
  No. of Violating Paths:        0.00
  Worst Hold Violation:          0.00
  Total Hold Violation:          0.00
  No. of Hold Violations:        0.00
  -----------------------------------

  Timing Path Group 'OUTPUTS'
  -----------------------------------
  Levels of Logic:              21.00
  Critical Path Length:          1.38
  Critical Path Slack:           0.28
  Critical Path Clk Period:      1.90
  Total Negative Slack:          0.00
  No. of Violating Paths:        0.00
  Worst Hold Violation:          0.00
  Total Hold Violation:          0.00
  No. of Hold Violations:        0.00
  -----------------------------------

  Timing Path Group 'REG2REG'
  -----------------------------------
  Levels of Logic:              24.00
  Critical Path Length:          1.82
  Critical Path Slack:           0.00
  Critical Path Clk Period:      1.90
  Total Negative Slack:          0.00
  No. of Violating Paths:        0.00
  Worst Hold Violation:          0.00
  Total Hold Violation:          0.00
  No. of Hold Violations:        0.00
  -----------------------------------


  Cell Count
  -----------------------------------
  Hierarchical Cell Count:         76
  Hierarchical Port Count:        542
  Leaf Cell Count:              13844
  Buf/Inv Cell Count:            1304
  Buf Cell Count:                 161
  Inv Cell Count:                1143
  CT Buf/Inv Cell Count:            0
  Combinational Cell Count:     10935
  Sequential Cell Count:         2909
  Macro Count:                      0
  -----------------------------------


  Area
  -----------------------------------
  Combinational Area:    12175.086060
  Noncombinational Area: 13184.289536
  Buf/Inv Area:            758.366003
  Total Buffer Area:           137.79
  Total Inverter Area:         620.58
  Macro/Black Box Area:      0.000000
  Net Area:                  0.000000
  -----------------------------------
  Cell Area:             25359.375597
  Design Area:           25359.375597


  Design Rules
  -----------------------------------
  Total Number of Nets:         14086
  Nets With Violations:             9
  Max Trans Violations:             2
  Max Cap Violations:               9
  -----------------------------------


  Hostname: microsys.openstack.polito

  Compile CPU Statistics
  -----------------------------------------
  Resource Sharing:                    3.96
  Logic Optimization:                 15.86
  Mapping Optimization:               52.52
  -----------------------------------------
  Overall Compile Time:              131.69
  Overall Compile Wall Clock Time:   135.11

  --------------------------------------------------------------------

  Design  WNS: 0.00  TNS: 0.00  Number of Violating Paths: 0


  Design (Hold)  WNS: 0.00  TNS: 0.00  Number of Violating Paths: 0

  --------------------------------------------------------------------


1
