 
****************************************
Report : qor
Design : DLX
Version: W-2024.09-SP2
Date   : Tue Sep 29 12:33:19 2026
****************************************


  Timing Path Group 'CLK'
  -----------------------------------
  Levels of Logic:              21.00
  Critical Path Length:          1.23
  Critical Path Slack:          -0.19
  Critical Path Clk Period:      1.15
  Total Negative Slack:         -2.88
  No. of Violating Paths:       37.00
  Worst Hold Violation:          0.00
  Total Hold Violation:          0.00
  No. of Hold Violations:        0.00
  -----------------------------------

  Timing Path Group 'INPUTS'
  -----------------------------------
  Levels of Logic:              11.00
  Critical Path Length:          0.82
  Critical Path Slack:           0.13
  Critical Path Clk Period:      1.15
  Total Negative Slack:          0.00
  No. of Violating Paths:        0.00
  Worst Hold Violation:          0.00
  Total Hold Violation:          0.00
  No. of Hold Violations:        0.00
  -----------------------------------

  Timing Path Group 'OUTPUTS'
  -----------------------------------
  Levels of Logic:              18.00
  Critical Path Length:          0.98
  Critical Path Slack:           0.01
  Critical Path Clk Period:      1.15
  Total Negative Slack:          0.00
  No. of Violating Paths:        0.00
  Worst Hold Violation:          0.00
  Total Hold Violation:          0.00
  No. of Hold Violations:        0.00
  -----------------------------------

  Timing Path Group 'REG2REG'
  -----------------------------------
  Levels of Logic:              28.00
  Critical Path Length:          1.53
  Critical Path Slack:          -0.46
  Critical Path Clk Period:      1.15
  Total Negative Slack:       -111.87
  No. of Violating Paths:      409.00
  Worst Hold Violation:          0.00
  Total Hold Violation:          0.00
  No. of Hold Violations:        0.00
  -----------------------------------


  Cell Count
  -----------------------------------
  Hierarchical Cell Count:         76
  Hierarchical Port Count:        542
  Leaf Cell Count:              15002
  Buf/Inv Cell Count:            1764
  Buf Cell Count:                 377
  Inv Cell Count:                1387
  CT Buf/Inv Cell Count:            0
  Combinational Cell Count:     12093
  Sequential Cell Count:         2909
  Macro Count:                      0
  -----------------------------------


  Area
  -----------------------------------
  Combinational Area:    13400.548023
  Noncombinational Area: 13207.165539
  Buf/Inv Area:           1104.964002
  Total Buffer Area:           347.40
  Total Inverter Area:         757.57
  Macro/Black Box Area:      0.000000
  Net Area:                  0.000000
  -----------------------------------
  Cell Area:             26607.713562
  Design Area:           26607.713562


  Design Rules
  -----------------------------------
  Total Number of Nets:         15338
  Nets With Violations:             0
  Max Trans Violations:             0
  Max Cap Violations:               0
  -----------------------------------


  Hostname: microsys.openstack.polito

  Compile CPU Statistics
  -----------------------------------------
  Resource Sharing:                    4.52
  Logic Optimization:                 28.11
  Mapping Optimization:              114.79
  -----------------------------------------
  Overall Compile Time:              215.20
  Overall Compile Wall Clock Time:   219.39

  --------------------------------------------------------------------

  Design  WNS: 0.46  TNS: 114.75  Number of Violating Paths: 446


  Design (Hold)  WNS: 0.00  TNS: 0.00  Number of Violating Paths: 0

  --------------------------------------------------------------------


1
