 
****************************************
Report : qor
Design : DLX
Version: W-2024.09-SP2
Date   : Tue Sep 29 13:13:57 2026
****************************************


  Timing Path Group 'CLK'
  -----------------------------------
  Levels of Logic:              23.00
  Critical Path Length:          1.47
  Critical Path Slack:           0.11
  Critical Path Clk Period:      1.70
  Total Negative Slack:          0.00
  No. of Violating Paths:        0.00
  Worst Hold Violation:          0.00
  Total Hold Violation:          0.00
  No. of Hold Violations:        0.00
  -----------------------------------

  Timing Path Group 'INPUTS'
  -----------------------------------
  Levels of Logic:              10.00
  Critical Path Length:          0.88
  Critical Path Slack:           0.57
  Critical Path Clk Period:      1.70
  Total Negative Slack:          0.00
  No. of Violating Paths:        0.00
  Worst Hold Violation:          0.00
  Total Hold Violation:          0.00
  No. of Hold Violations:        0.00
  -----------------------------------

  Timing Path Group 'OUTPUTS'
  -----------------------------------
  Levels of Logic:              21.00
  Critical Path Length:          1.25
  Critical Path Slack:           0.23
  Critical Path Clk Period:      1.70
  Total Negative Slack:          0.00
  No. of Violating Paths:        0.00
  Worst Hold Violation:          0.00
  Total Hold Violation:          0.00
  No. of Hold Violations:        0.00
  -----------------------------------

  Timing Path Group 'REG2REG'
  -----------------------------------
  Levels of Logic:              22.00
  Critical Path Length:          1.62
  Critical Path Slack:           0.00
  Critical Path Clk Period:      1.70
  Total Negative Slack:          0.00
  No. of Violating Paths:        0.00
  Worst Hold Violation:          0.00
  Total Hold Violation:          0.00
  No. of Hold Violations:        0.00
  -----------------------------------


  Cell Count
  -----------------------------------
  Hierarchical Cell Count:         76
  Hierarchical Port Count:        542
  Leaf Cell Count:              14118
  Buf/Inv Cell Count:            1457
  Buf Cell Count:                 270
  Inv Cell Count:                1187
  CT Buf/Inv Cell Count:            0
  Combinational Cell Count:     11209
  Sequential Cell Count:         2909
  Macro Count:                      0
  -----------------------------------


  Area
  -----------------------------------
  Combinational Area:    12441.352058
  Noncombinational Area: 13185.353537
  Buf/Inv Area:            913.178002
  Total Buffer Area:           266.53
  Total Inverter Area:         646.65
  Macro/Black Box Area:      0.000000
  Net Area:                  0.000000
  -----------------------------------
  Cell Area:             25626.705594
  Design Area:           25626.705594


  Design Rules
  -----------------------------------
  Total Number of Nets:         14385
  Nets With Violations:             5
  Max Trans Violations:             2
  Max Cap Violations:               5
  -----------------------------------


  Hostname: microsys.openstack.polito

  Compile CPU Statistics
  -----------------------------------------
  Resource Sharing:                    4.27
  Logic Optimization:                 18.72
  Mapping Optimization:               63.46
  -----------------------------------------
  Overall Compile Time:              151.32
  Overall Compile Wall Clock Time:   154.99

  --------------------------------------------------------------------

  Design  WNS: 0.00  TNS: 0.00  Number of Violating Paths: 0


  Design (Hold)  WNS: 0.00  TNS: 0.00  Number of Violating Paths: 0

  --------------------------------------------------------------------


1
