 
****************************************
Report : qor
Design : DLX
Version: W-2024.09-SP2
Date   : Tue Sep 29 12:56:26 2026
****************************************


  Timing Path Group 'CLK'
  -----------------------------------
  Levels of Logic:              21.00
  Critical Path Length:          1.15
  Critical Path Slack:          -0.06
  Critical Path Clk Period:      1.20
  Total Negative Slack:         -0.35
  No. of Violating Paths:        9.00
  Worst Hold Violation:          0.00
  Total Hold Violation:          0.00
  No. of Hold Violations:        0.00
  -----------------------------------

  Timing Path Group 'INPUTS'
  -----------------------------------
  Levels of Logic:              10.00
  Critical Path Length:          0.80
  Critical Path Slack:           0.20
  Critical Path Clk Period:      1.20
  Total Negative Slack:          0.00
  No. of Violating Paths:        0.00
  Worst Hold Violation:          0.00
  Total Hold Violation:          0.00
  No. of Hold Violations:        0.00
  -----------------------------------

  Timing Path Group 'OUTPUTS'
  -----------------------------------
  Levels of Logic:              19.00
  Critical Path Length:          1.02
  Critical Path Slack:           0.01
  Critical Path Clk Period:      1.20
  Total Negative Slack:          0.00
  No. of Violating Paths:        0.00
  Worst Hold Violation:          0.00
  Total Hold Violation:          0.00
  No. of Hold Violations:        0.00
  -----------------------------------

  Timing Path Group 'REG2REG'
  -----------------------------------
  Levels of Logic:              31.00
  Critical Path Length:          1.46
  Critical Path Slack:          -0.34
  Critical Path Clk Period:      1.20
  Total Negative Slack:        -89.80
  No. of Violating Paths:      389.00
  Worst Hold Violation:          0.00
  Total Hold Violation:          0.00
  No. of Hold Violations:        0.00
  -----------------------------------


  Cell Count
  -----------------------------------
  Hierarchical Cell Count:         76
  Hierarchical Port Count:        542
  Leaf Cell Count:              15223
  Buf/Inv Cell Count:            1845
  Buf Cell Count:                 425
  Inv Cell Count:                1420
  CT Buf/Inv Cell Count:            0
  Combinational Cell Count:     12314
  Sequential Cell Count:         2909
  Macro Count:                      0
  -----------------------------------


  Area
  -----------------------------------
  Combinational Area:    13666.814044
  Noncombinational Area: 13214.613540
  Buf/Inv Area:           1165.080003
  Total Buffer Area:           401.66
  Total Inverter Area:         763.42
  Macro/Black Box Area:      0.000000
  Net Area:                  0.000000
  -----------------------------------
  Cell Area:             26881.427584
  Design Area:           26881.427584


  Design Rules
  -----------------------------------
  Total Number of Nets:         15537
  Nets With Violations:             1
  Max Trans Violations:             0
  Max Cap Violations:               1
  -----------------------------------


  Hostname: microsys.openstack.polito

  Compile CPU Statistics
  -----------------------------------------
  Resource Sharing:                    3.91
  Logic Optimization:                 27.98
  Mapping Optimization:              104.84
  -----------------------------------------
  Overall Compile Time:              211.27
  Overall Compile Wall Clock Time:   215.42

  --------------------------------------------------------------------

  Design  WNS: 0.34  TNS: 90.15  Number of Violating Paths: 398


  Design (Hold)  WNS: 0.00  TNS: 0.00  Number of Violating Paths: 0

  --------------------------------------------------------------------


1
