 
****************************************
Report : qor
Design : DLX
Version: W-2024.09-SP2
Date   : Tue Sep 29 12:25:17 2026
****************************************


  Timing Path Group 'CLK'
  -----------------------------------
  Levels of Logic:              20.00
  Critical Path Length:          1.11
  Critical Path Slack:          -0.23
  Critical Path Clk Period:      1.00
  Total Negative Slack:         -4.91
  No. of Violating Paths:       37.00
  Worst Hold Violation:          0.00
  Total Hold Violation:          0.00
  No. of Hold Violations:        0.00
  -----------------------------------

  Timing Path Group 'INPUTS'
  -----------------------------------
  Levels of Logic:               8.00
  Critical Path Length:          0.72
  Critical Path Slack:           0.10
  Critical Path Clk Period:      1.00
  Total Negative Slack:          0.00
  No. of Violating Paths:        0.00
  Worst Hold Violation:          0.00
  Total Hold Violation:          0.00
  No. of Hold Violations:        0.00
  -----------------------------------

  Timing Path Group 'OUTPUTS'
  -----------------------------------
  Levels of Logic:              17.00
  Critical Path Length:          0.94
  Critical Path Slack:          -0.09
  Critical Path Clk Period:      1.00
  Total Negative Slack:         -1.32
  No. of Violating Paths:       30.00
  Worst Hold Violation:          0.00
  Total Hold Violation:          0.00
  No. of Hold Violations:        0.00
  -----------------------------------

  Timing Path Group 'REG2REG'
  -----------------------------------
  Levels of Logic:              25.00
  Critical Path Length:          1.41
  Critical Path Slack:          -0.49
  Critical Path Clk Period:      1.00
  Total Negative Slack:       -149.43
  No. of Violating Paths:      445.00
  Worst Hold Violation:          0.00
  Total Hold Violation:          0.00
  No. of Hold Violations:        0.00
  -----------------------------------


  Cell Count
  -----------------------------------
  Hierarchical Cell Count:         75
  Hierarchical Port Count:        414
  Leaf Cell Count:              15807
  Buf/Inv Cell Count:            1887
  Buf Cell Count:                 415
  Inv Cell Count:                1472
  CT Buf/Inv Cell Count:            0
  Combinational Cell Count:     12898
  Sequential Cell Count:         2909
  Macro Count:                      0
  -----------------------------------


  Area
  -----------------------------------
  Combinational Area:    14224.084019
  Noncombinational Area: 13201.845539
  Buf/Inv Area:           1216.950003
  Total Buffer Area:           419.48
  Total Inverter Area:         797.47
  Macro/Black Box Area:      0.000000
  Net Area:                  0.000000
  -----------------------------------
  Cell Area:             27425.929558
  Design Area:           27425.929558


  Design Rules
  -----------------------------------
  Total Number of Nets:         16164
  Nets With Violations:             1
  Max Trans Violations:             0
  Max Cap Violations:               1
  -----------------------------------


  Hostname: microsys.openstack.polito

  Compile CPU Statistics
  -----------------------------------------
  Resource Sharing:                    3.79
  Logic Optimization:                 80.46
  Mapping Optimization:              117.18
  -----------------------------------------
  Overall Compile Time:              270.37
  Overall Compile Wall Clock Time:   274.88

  --------------------------------------------------------------------

  Design  WNS: 0.49  TNS: 155.66  Number of Violating Paths: 512


  Design (Hold)  WNS: 0.00  TNS: 0.00  Number of Violating Paths: 0

  --------------------------------------------------------------------


1
