 
****************************************
Report : qor
Design : DLX
Version: W-2024.09-SP2
Date   : Tue Sep 29 13:21:34 2026
****************************************


  Timing Path Group 'CLK'
  -----------------------------------
  Levels of Logic:              30.00
  Critical Path Length:          1.71
  Critical Path Slack:           0.18
  Critical Path Clk Period:      2.00
  Total Negative Slack:          0.00
  No. of Violating Paths:        0.00
  Worst Hold Violation:          0.00
  Total Hold Violation:          0.00
  No. of Hold Violations:        0.00
  -----------------------------------

  Timing Path Group 'INPUTS'
  -----------------------------------
  Levels of Logic:               8.00
  Critical Path Length:          0.92
  Critical Path Slack:           0.80
  Critical Path Clk Period:      2.00
  Total Negative Slack:          0.00
  No. of Violating Paths:        0.00
  Worst Hold Violation:          0.00
  Total Hold Violation:          0.00
  No. of Hold Violations:        0.00
  -----------------------------------

  Timing Path Group 'OUTPUTS'
  -----------------------------------
  Levels of Logic:              23.00
  Critical Path Length:          1.49
  Critical Path Slack:           0.26
  Critical Path Clk Period:      2.00
  Total Negative Slack:          0.00
  No. of Violating Paths:        0.00
  Worst Hold Violation:          0.00
  Total Hold Violation:          0.00
  No. of Hold Violations:        0.00
  -----------------------------------

  Timing Path Group 'REG2REG'
  -----------------------------------
  Levels of Logic:              30.00
  Critical Path Length:          1.92
  Critical Path Slack:           0.00
  Critical Path Clk Period:      2.00
  Total Negative Slack:          0.00
  No. of Violating Paths:        0.00
  Worst Hold Violation:          0.00
  Total Hold Violation:          0.00
  No. of Hold Violations:        0.00
  -----------------------------------


  Cell Count
  -----------------------------------
  Hierarchical Cell Count:         76
  Hierarchical Port Count:        542
  Leaf Cell Count:              13555
  Buf/Inv Cell Count:            1303
  Buf Cell Count:                 158
  Inv Cell Count:                1145
  CT Buf/Inv Cell Count:            0
  Combinational Cell Count:     10646
  Sequential Cell Count:         2909
  Macro Count:                      0
  -----------------------------------


  Area
  -----------------------------------
  Combinational Area:    11904.830062
  Noncombinational Area: 13184.289536
  Buf/Inv Area:            754.110003
  Total Buffer Area:           133.53
  Total Inverter Area:         620.58
  Macro/Black Box Area:      0.000000
  Net Area:                  0.000000
  -----------------------------------
  Cell Area:             25089.119599
  Design Area:           25089.119599


  Design Rules
  -----------------------------------
  Total Number of Nets:         13809
  Nets With Violations:            10
  Max Trans Violations:             3
  Max Cap Violations:              10
  -----------------------------------


  Hostname: microsys.openstack.polito

  Compile CPU Statistics
  -----------------------------------------
  Resource Sharing:                    4.32
  Logic Optimization:                 17.68
  Mapping Optimization:               33.21
  -----------------------------------------
  Overall Compile Time:              118.82
  Overall Compile Wall Clock Time:   122.42

  --------------------------------------------------------------------

  Design  WNS: 0.00  TNS: 0.00  Number of Violating Paths: 0


  Design (Hold)  WNS: 0.00  TNS: 0.00  Number of Violating Paths: 0

  --------------------------------------------------------------------


1
