 
****************************************
Report : qor
Design : DLX
Version: W-2024.09-SP2
Date   : Tue Sep 29 13:00:08 2026
****************************************


  Timing Path Group 'CLK'
  -----------------------------------
  Levels of Logic:              24.00
  Critical Path Length:          1.21
  Critical Path Slack:          -0.02
  Critical Path Clk Period:      1.30
  Total Negative Slack:         -0.09
  No. of Violating Paths:        5.00
  Worst Hold Violation:          0.00
  Total Hold Violation:          0.00
  No. of Hold Violations:        0.00
  -----------------------------------

  Timing Path Group 'INPUTS'
  -----------------------------------
  Levels of Logic:               9.00
  Critical Path Length:          0.69
  Critical Path Slack:           0.41
  Critical Path Clk Period:      1.30
  Total Negative Slack:          0.00
  No. of Violating Paths:        0.00
  Worst Hold Violation:          0.00
  Total Hold Violation:          0.00
  No. of Hold Violations:        0.00
  -----------------------------------

  Timing Path Group 'OUTPUTS'
  -----------------------------------
  Levels of Logic:              17.00
  Critical Path Length:          1.02
  Critical Path Slack:           0.10
  Critical Path Clk Period:      1.30
  Total Negative Slack:          0.00
  No. of Violating Paths:        0.00
  Worst Hold Violation:          0.00
  Total Hold Violation:          0.00
  No. of Hold Violations:        0.00
  -----------------------------------

  Timing Path Group 'REG2REG'
  -----------------------------------
  Levels of Logic:              27.00
  Critical Path Length:          1.57
  Critical Path Slack:          -0.35
  Critical Path Clk Period:      1.30
  Total Negative Slack:        -70.26
  No. of Violating Paths:      364.00
  Worst Hold Violation:          0.00
  Total Hold Violation:          0.00
  No. of Hold Violations:        0.00
  -----------------------------------


  Cell Count
  -----------------------------------
  Hierarchical Cell Count:         76
  Hierarchical Port Count:        542
  Leaf Cell Count:              14629
  Buf/Inv Cell Count:            1638
  Buf Cell Count:                 321
  Inv Cell Count:                1317
  CT Buf/Inv Cell Count:            0
  Combinational Cell Count:     11720
  Sequential Cell Count:         2909
  Macro Count:                      0
  -----------------------------------


  Area
  -----------------------------------
  Combinational Area:    13263.026058
  Noncombinational Area: 13189.609537
  Buf/Inv Area:           1016.120002
  Total Buffer Area:           300.58
  Total Inverter Area:         715.54
  Macro/Black Box Area:      0.000000
  Net Area:                  0.000000
  -----------------------------------
  Cell Area:             26452.635596
  Design Area:           26452.635596


  Design Rules
  -----------------------------------
  Total Number of Nets:         14907
  Nets With Violations:             0
  Max Trans Violations:             0
  Max Cap Violations:               0
  -----------------------------------


  Hostname: microsys.openstack.polito

  Compile CPU Statistics
  -----------------------------------------
  Resource Sharing:                    3.80
  Logic Optimization:                 23.75
  Mapping Optimization:              104.61
  -----------------------------------------
  Overall Compile Time:              198.54
  Overall Compile Wall Clock Time:   202.58

  --------------------------------------------------------------------

  Design  WNS: 0.35  TNS: 70.36  Number of Violating Paths: 369


  Design (Hold)  WNS: 0.00  TNS: 0.00  Number of Violating Paths: 0

  --------------------------------------------------------------------


1
