 
****************************************
Report : timing
        -path full
        -delay max
        -nworst 2
        -group REG2REG
        -max_paths 10
Design : DLX
Version: W-2024.09-SP2
Date   : Tue Sep 29 12:33:21 2026
****************************************

Operating Conditions: typical   Library: NangateOpenCellLibrary
Wire Load Model Mode: top

  Startpoint: DP_i_execute_i_rd_out_reg_i_Y_reg_2_
              (rising edge-triggered flip-flop clocked by CLK)
  Endpoint: DP_i_execute_i_zero_alu_bit_Y_reg
            (rising edge-triggered flip-flop clocked by CLK)
  Path Group: REG2REG
  Path Type: max

  Des/Clust/Port     Wire Load Model       Library
  ------------------------------------------------
  DLX                5K_hvratio_1_4        NangateOpenCellLibrary

  Point                                                   Incr       Path
  --------------------------------------------------------------------------
  clock CLK (rise edge)                                 0.0000     0.0000
  clock network delay (ideal)                           0.0500     0.0500
  DP_i_execute_i_rd_out_reg_i_Y_reg_2_/CK (DFF_X1)      0.0000     0.0500 r
  DP_i_execute_i_rd_out_reg_i_Y_reg_2_/Q (DFF_X1)       0.1052     0.1552 r
  U3035/ZN (XNOR2_X1)                                   0.0638     0.2190 r
  U2624/ZN (AND4_X2)                                    0.0706     0.2896 r
  U3571/ZN (NAND2_X1)                                   0.0324     0.3221 f
  U3578/ZN (NAND4_X1)                                   0.0419     0.3640 r
  U3579/ZN (INV_X1)                                     0.0387     0.4027 f
  U3623/Z (BUF_X2)                                      0.0520     0.4547 f
  U3791/ZN (AOI222_X1)                                  0.1012     0.5559 r
  U2590/Z (MUX2_X1)                                     0.0678     0.6238 r
  U2588/ZN (INV_X1)                                     0.0280     0.6517 f
  U2589/ZN (INV_X1)                                     0.0419     0.6936 r
  U4004/ZN (OAI211_X1)                                  0.0452     0.7388 f
  U4005/ZN (NAND4_X1)                                   0.0406     0.7794 r
  U4009/ZN (NAND2_X1)                                   0.0339     0.8134 f
  U2529/ZN (AND4_X1)                                    0.0448     0.8581 f
  U1433/ZN (OR3_X2)                                     0.0735     0.9316 f
  U5098/ZN (NOR2_X1)                                    0.0472     0.9788 r
  U5101/ZN (OR3_X2)                                     0.0457     1.0245 r
  U5353/ZN (NOR2_X1)                                    0.0293     1.0538 f
  U870/ZN (OR2_X2)                                      0.0558     1.1096 f
  U5354/ZN (XNOR2_X1)                                   0.0584     1.1680 f
  U5458/ZN (NAND2_X1)                                   0.0336     1.2016 r
  U5479/ZN (AND2_X1)                                    0.0432     1.2448 r
  U2961/ZN (AND4_X1)                                    0.0608     1.3056 r
  U2968/ZN (AND4_X1)                                    0.0574     1.3629 r
  U8920/ZN (AND4_X1)                                    0.0574     1.4203 r
  U2936/ZN (AND4_X1)                                    0.0604     1.4808 r
  U2883/ZN (NAND4_X1)                                   0.0435     1.5243 f
  U7631/ZN (OAI21_X1)                                   0.0477     1.5720 r
  DP_i_execute_i_zero_alu_bit_Y_reg/D (DFF_X2)          0.0109     1.5829 r
  data arrival time                                                1.5829

  clock CLK (rise edge)                                 1.1500     1.1500
  clock network delay (ideal)                           0.0500     1.2000
  clock uncertainty                                    -0.0500     1.1500
  DP_i_execute_i_zero_alu_bit_Y_reg/CK (DFF_X2)         0.0000     1.1500 r
  library setup time                                   -0.0283     1.1217
  data required time                                               1.1217
  --------------------------------------------------------------------------
  data required time                                               1.1217
  data arrival time                                               -1.5829
  --------------------------------------------------------------------------
  slack (VIOLATED)                                                -0.4612


  Startpoint: DP_i_execute_i_rd_out_reg_i_Y_reg_2_
              (rising edge-triggered flip-flop clocked by CLK)
  Endpoint: DP_i_execute_i_zero_alu_bit_Y_reg
            (rising edge-triggered flip-flop clocked by CLK)
  Path Group: REG2REG
  Path Type: max

  Des/Clust/Port     Wire Load Model       Library
  ------------------------------------------------
  DLX                5K_hvratio_1_4        NangateOpenCellLibrary

  Point                                                   Incr       Path
  --------------------------------------------------------------------------
  clock CLK (rise edge)                                 0.0000     0.0000
  clock network delay (ideal)                           0.0500     0.0500
  DP_i_execute_i_rd_out_reg_i_Y_reg_2_/CK (DFF_X1)      0.0000     0.0500 r
  DP_i_execute_i_rd_out_reg_i_Y_reg_2_/Q (DFF_X1)       0.1052     0.1552 r
  U3035/ZN (XNOR2_X1)                                   0.0638     0.2190 r
  U2624/ZN (AND4_X2)                                    0.0706     0.2896 r
  U3571/ZN (NAND2_X1)                                   0.0324     0.3221 f
  U3578/ZN (NAND4_X1)                                   0.0419     0.3640 r
  U3579/ZN (INV_X1)                                     0.0387     0.4027 f
  U3623/Z (BUF_X2)                                      0.0520     0.4547 f
  U3791/ZN (AOI222_X1)                                  0.1012     0.5559 r
  U2590/Z (MUX2_X1)                                     0.0678     0.6238 r
  U2588/ZN (INV_X1)                                     0.0280     0.6517 f
  U2589/ZN (INV_X1)                                     0.0419     0.6936 r
  U4004/ZN (OAI211_X1)                                  0.0452     0.7388 f
  U4005/ZN (NAND4_X1)                                   0.0406     0.7794 r
  U4009/ZN (NAND2_X1)                                   0.0339     0.8134 f
  U2529/ZN (AND4_X1)                                    0.0448     0.8581 f
  U1433/ZN (OR3_X2)                                     0.0735     0.9316 f
  U5098/ZN (NOR2_X1)                                    0.0472     0.9788 r
  U5101/ZN (OR3_X2)                                     0.0457     1.0245 r
  U5353/ZN (NOR2_X1)                                    0.0293     1.0538 f
  U870/ZN (OR2_X2)                                      0.0558     1.1096 f
  U5354/ZN (XNOR2_X1)                                   0.0584     1.1680 f
  U5458/ZN (NAND2_X1)                                   0.0336     1.2016 r
  U5479/ZN (AND2_X1)                                    0.0432     1.2448 r
  U2961/ZN (AND4_X1)                                    0.0608     1.3056 r
  U2968/ZN (AND4_X1)                                    0.0574     1.3629 r
  U8920/ZN (AND4_X1)                                    0.0574     1.4203 r
  U2936/ZN (AND4_X1)                                    0.0604     1.4808 r
  U2883/ZN (NAND4_X1)                                   0.0435     1.5243 f
  U7631/ZN (OAI21_X1)                                   0.0477     1.5720 r
  DP_i_execute_i_zero_alu_bit_Y_reg/D (DFF_X2)          0.0109     1.5829 r
  data arrival time                                                1.5829

  clock CLK (rise edge)                                 1.1500     1.1500
  clock network delay (ideal)                           0.0500     1.2000
  clock uncertainty                                    -0.0500     1.1500
  DP_i_execute_i_zero_alu_bit_Y_reg/CK (DFF_X2)         0.0000     1.1500 r
  library setup time                                   -0.0283     1.1217
  data required time                                               1.1217
  --------------------------------------------------------------------------
  data required time                                               1.1217
  data arrival time                                               -1.5829
  --------------------------------------------------------------------------
  slack (VIOLATED)                                                -0.4612


  Startpoint: DP_i_decode_i_rs1_addr_i_Y_reg_0_
              (rising edge-triggered flip-flop clocked by CLK)
  Endpoint: DP_i_execute_i_boothmul_i_tree_i_register_i_2_Y_temp_reg_31_
            (rising edge-triggered flip-flop clocked by CLK)
  Path Group: REG2REG
  Path Type: max

  Des/Clust/Port     Wire Load Model       Library
  ------------------------------------------------
  DLX                5K_hvratio_1_4        NangateOpenCellLibrary

  Point                                                   Incr       Path
  --------------------------------------------------------------------------
  clock CLK (rise edge)                                 0.0000     0.0000
  clock network delay (ideal)                           0.0500     0.0500
  DP_i_decode_i_rs1_addr_i_Y_reg_0_/CK (DFF_X1)         0.0000     0.0500 r
  DP_i_decode_i_rs1_addr_i_Y_reg_0_/Q (DFF_X1)          0.1085     0.1585 r
  U3584/ZN (XNOR2_X1)                                   0.0627     0.2213 r
  U2660/ZN (AND4_X1)                                    0.0623     0.2836 r
  U2659/ZN (NAND4_X1)                                   0.0588     0.3424 f
  U3594/ZN (NAND4_X1)                                   0.0498     0.3922 r
  U3597/ZN (INV_X1)                                     0.0370     0.4292 f
  U3601/Z (BUF_X2)                                      0.0670     0.4962 f
  U3700/ZN (AND2_X1)                                    0.0598     0.5560 f
  U3701/ZN (AOI211_X4)                                  0.1332     0.6892 r
  U920/ZN (AND2_X2)                                     0.1004     0.7896 r
  U3889/ZN (INV_X2)                                     0.0967     0.8864 f
  U3895/ZN (OAI22_X1)                                   0.0714     0.9578 r
  U3905/ZN (XNOR2_X1)                                   0.0675     1.0253 r
  U2790/ZN (XNOR2_X1)                                   0.0728     1.0981 r
  U3906/ZN (XNOR2_X1)                                   0.0495     1.1476 f
  U3908/CO (FA_X1)                                      0.1225     1.2701 f
  U2753/ZN (XNOR2_X1)                                   0.0701     1.3402 f
  U3923/ZN (XNOR2_X1)                                   0.0602     1.4004 f
  U5255/ZN (NAND2_X1)                                   0.0326     1.4330 r
  U5257/ZN (AND2_X1)                                    0.0423     1.4753 r
  U5269/ZN (XNOR2_X1)                                   0.0557     1.5311 r
  U8917/ZN (AND2_X1)                                    0.0421     1.5731 r
  DP_i_execute_i_boothmul_i_tree_i_register_i_2_Y_temp_reg_31_/D (DFF_X1)
                                                        0.0110     1.5841 r
  data arrival time                                                1.5841

  clock CLK (rise edge)                                 1.1500     1.1500
  clock network delay (ideal)                           0.0500     1.2000
  clock uncertainty                                    -0.0500     1.1500
  DP_i_execute_i_boothmul_i_tree_i_register_i_2_Y_temp_reg_31_/CK (DFF_X1)
                                                        0.0000     1.1500 r
  library setup time                                   -0.0265     1.1235
  data required time                                               1.1235
  --------------------------------------------------------------------------
  data required time                                               1.1235
  data arrival time                                               -1.5841
  --------------------------------------------------------------------------
  slack (VIOLATED)                                                -0.4606


  Startpoint: DP_i_decode_i_rs1_addr_i_Y_reg_0_
              (rising edge-triggered flip-flop clocked by CLK)
  Endpoint: DP_i_execute_i_boothmul_i_tree_i_register_i_2_Y_temp_reg_31_
            (rising edge-triggered flip-flop clocked by CLK)
  Path Group: REG2REG
  Path Type: max

  Des/Clust/Port     Wire Load Model       Library
  ------------------------------------------------
  DLX                5K_hvratio_1_4        NangateOpenCellLibrary

  Point                                                   Incr       Path
  --------------------------------------------------------------------------
  clock CLK (rise edge)                                 0.0000     0.0000
  clock network delay (ideal)                           0.0500     0.0500
  DP_i_decode_i_rs1_addr_i_Y_reg_0_/CK (DFF_X1)         0.0000     0.0500 r
  DP_i_decode_i_rs1_addr_i_Y_reg_0_/Q (DFF_X1)          0.1085     0.1585 r
  U3584/ZN (XNOR2_X1)                                   0.0627     0.2213 r
  U2660/ZN (AND4_X1)                                    0.0623     0.2836 r
  U2659/ZN (NAND4_X1)                                   0.0588     0.3424 f
  U3594/ZN (NAND4_X1)                                   0.0498     0.3922 r
  U3597/ZN (INV_X1)                                     0.0370     0.4292 f
  U3601/Z (BUF_X2)                                      0.0670     0.4962 f
  U3700/ZN (AND2_X1)                                    0.0598     0.5560 f
  U3701/ZN (AOI211_X4)                                  0.1332     0.6892 r
  U920/ZN (AND2_X2)                                     0.1004     0.7896 r
  U3889/ZN (INV_X2)                                     0.0967     0.8864 f
  U3895/ZN (OAI22_X1)                                   0.0714     0.9578 r
  U3905/ZN (XNOR2_X1)                                   0.0675     1.0253 r
  U2790/ZN (XNOR2_X1)                                   0.0728     1.0981 r
  U3906/ZN (XNOR2_X1)                                   0.0495     1.1476 f
  U3908/CO (FA_X1)                                      0.1222     1.2698 f
  U2753/ZN (XNOR2_X1)                                   0.0701     1.3399 f
  U3923/ZN (XNOR2_X1)                                   0.0602     1.4001 f
  U5255/ZN (NAND2_X1)                                   0.0326     1.4327 r
  U5257/ZN (AND2_X1)                                    0.0423     1.4751 r
  U5269/ZN (XNOR2_X1)                                   0.0557     1.5308 r
  U8917/ZN (AND2_X1)                                    0.0421     1.5728 r
  DP_i_execute_i_boothmul_i_tree_i_register_i_2_Y_temp_reg_31_/D (DFF_X1)
                                                        0.0110     1.5838 r
  data arrival time                                                1.5838

  clock CLK (rise edge)                                 1.1500     1.1500
  clock network delay (ideal)                           0.0500     1.2000
  clock uncertainty                                    -0.0500     1.1500
  DP_i_execute_i_boothmul_i_tree_i_register_i_2_Y_temp_reg_31_/CK (DFF_X1)
                                                        0.0000     1.1500 r
  library setup time                                   -0.0265     1.1235
  data required time                                               1.1235
  --------------------------------------------------------------------------
  data required time                                               1.1235
  data arrival time                                               -1.5838
  --------------------------------------------------------------------------
  slack (VIOLATED)                                                -0.4603


  Startpoint: DP_i_execute_i_rd_out_reg_i_Y_reg_2_
              (rising edge-triggered flip-flop clocked by CLK)
  Endpoint: DP_i_execute_i_boothmul_i_tree_i_register_i_1_Y_temp_reg_30_
            (rising edge-triggered flip-flop clocked by CLK)
  Path Group: REG2REG
  Path Type: max

  Des/Clust/Port     Wire Load Model       Library
  ------------------------------------------------
  DLX                5K_hvratio_1_4        NangateOpenCellLibrary

  Point                                                   Incr       Path
  --------------------------------------------------------------------------
  clock CLK (rise edge)                                 0.0000     0.0000
  clock network delay (ideal)                           0.0500     0.0500
  DP_i_execute_i_rd_out_reg_i_Y_reg_2_/CK (DFF_X1)      0.0000     0.0500 r
  DP_i_execute_i_rd_out_reg_i_Y_reg_2_/Q (DFF_X1)       0.1052     0.1552 r
  U3035/ZN (XNOR2_X1)                                   0.0638     0.2190 r
  U2624/ZN (AND4_X2)                                    0.0706     0.2896 r
  U3571/ZN (NAND2_X1)                                   0.0324     0.3221 f
  U3578/ZN (NAND4_X1)                                   0.0419     0.3640 r
  U3579/ZN (INV_X1)                                     0.0387     0.4027 f
  U3121/Z (BUF_X1)                                      0.0468     0.4495 f
  U3657/ZN (AOI222_X1)                                  0.0996     0.5491 r
  U3658/Z (MUX2_X1)                                     0.0703     0.6194 r
  U3773/ZN (INV_X1)                                     0.0321     0.6515 f
  U2520/ZN (AND2_X2)                                    0.0472     0.6987 f
  U3664/ZN (INV_X1)                                     0.0405     0.7392 r
  U3777/ZN (NAND2_X1)                                   0.0432     0.7824 f
  U3831/Z (BUF_X2)                                      0.0624     0.8447 f
  U3778/ZN (OR2_X1)                                     0.0761     0.9208 f
  U3779/ZN (OAI21_X1)                                   0.0435     0.9643 r
  U3001/ZN (XNOR2_X1)                                   0.0685     1.0329 r
  U2752/ZN (XNOR2_X1)                                   0.0662     1.0991 r
  U3796/ZN (XNOR2_X1)                                   0.0712     1.1702 r
  U1423/Z (BUF_X1)                                      0.0449     1.2151 r
  U5493/ZN (NAND2_X1)                                   0.0369     1.2520 f
  U1429/ZN (AND2_X1)                                    0.0481     1.3002 f
  U2985/S (FA_X1)                                       0.1534     1.4535 r
  U5655/ZN (INV_X1)                                     0.0299     1.4835 f
  U3103/ZN (OAI21_X1)                                   0.0385     1.5219 r
  U3087/ZN (AND3_X1)                                    0.0507     1.5727 r
  DP_i_execute_i_boothmul_i_tree_i_register_i_1_Y_temp_reg_30_/D (DFF_X2)
                                                        0.0109     1.5836 r
  data arrival time                                                1.5836

  clock CLK (rise edge)                                 1.1500     1.1500
  clock network delay (ideal)                           0.0500     1.2000
  clock uncertainty                                    -0.0500     1.1500
  DP_i_execute_i_boothmul_i_tree_i_register_i_1_Y_temp_reg_30_/CK (DFF_X2)
                                                        0.0000     1.1500 r
  library setup time                                   -0.0265     1.1235
  data required time                                               1.1235
  --------------------------------------------------------------------------
  data required time                                               1.1235
  data arrival time                                               -1.5836
  --------------------------------------------------------------------------
  slack (VIOLATED)                                                -0.4601


  Startpoint: DP_i_execute_i_rd_out_reg_i_Y_reg_2_
              (rising edge-triggered flip-flop clocked by CLK)
  Endpoint: DP_i_execute_i_boothmul_i_tree_i_register_i_1_Y_temp_reg_30_
            (rising edge-triggered flip-flop clocked by CLK)
  Path Group: REG2REG
  Path Type: max

  Des/Clust/Port     Wire Load Model       Library
  ------------------------------------------------
  DLX                5K_hvratio_1_4        NangateOpenCellLibrary

  Point                                                   Incr       Path
  --------------------------------------------------------------------------
  clock CLK (rise edge)                                 0.0000     0.0000
  clock network delay (ideal)                           0.0500     0.0500
  DP_i_execute_i_rd_out_reg_i_Y_reg_2_/CK (DFF_X1)      0.0000     0.0500 r
  DP_i_execute_i_rd_out_reg_i_Y_reg_2_/Q (DFF_X1)       0.1052     0.1552 r
  U3035/ZN (XNOR2_X1)                                   0.0638     0.2190 r
  U2624/ZN (AND4_X2)                                    0.0706     0.2896 r
  U3571/ZN (NAND2_X1)                                   0.0324     0.3221 f
  U3578/ZN (NAND4_X1)                                   0.0419     0.3640 r
  U3579/ZN (INV_X1)                                     0.0387     0.4027 f
  U3121/Z (BUF_X1)                                      0.0468     0.4495 f
  U3657/ZN (AOI222_X1)                                  0.0996     0.5491 r
  U3658/Z (MUX2_X1)                                     0.0703     0.6194 r
  U3773/ZN (INV_X1)                                     0.0321     0.6515 f
  U2520/ZN (AND2_X2)                                    0.0472     0.6987 f
  U3664/ZN (INV_X1)                                     0.0405     0.7392 r
  U3777/ZN (NAND2_X1)                                   0.0432     0.7824 f
  U3831/Z (BUF_X2)                                      0.0624     0.8447 f
  U3778/ZN (OR2_X1)                                     0.0761     0.9208 f
  U3779/ZN (OAI21_X1)                                   0.0435     0.9643 r
  U3001/ZN (XNOR2_X1)                                   0.0685     1.0329 r
  U2752/ZN (XNOR2_X1)                                   0.0662     1.0991 r
  U3796/ZN (XNOR2_X1)                                   0.0712     1.1702 r
  U1423/Z (BUF_X1)                                      0.0449     1.2151 r
  U5493/ZN (NAND2_X1)                                   0.0369     1.2520 f
  U1429/ZN (AND2_X1)                                    0.0481     1.3002 f
  U2985/S (FA_X1)                                       0.1534     1.4535 r
  U5655/ZN (INV_X1)                                     0.0299     1.4835 f
  U3103/ZN (OAI21_X1)                                   0.0385     1.5219 r
  U3087/ZN (AND3_X1)                                    0.0507     1.5727 r
  DP_i_execute_i_boothmul_i_tree_i_register_i_1_Y_temp_reg_30_/D (DFF_X2)
                                                        0.0109     1.5836 r
  data arrival time                                                1.5836

  clock CLK (rise edge)                                 1.1500     1.1500
  clock network delay (ideal)                           0.0500     1.2000
  clock uncertainty                                    -0.0500     1.1500
  DP_i_execute_i_boothmul_i_tree_i_register_i_1_Y_temp_reg_30_/CK (DFF_X2)
                                                        0.0000     1.1500 r
  library setup time                                   -0.0265     1.1235
  data required time                                               1.1235
  --------------------------------------------------------------------------
  data required time                                               1.1235
  data arrival time                                               -1.5836
  --------------------------------------------------------------------------
  slack (VIOLATED)                                                -0.4601


  Startpoint: DP_i_decode_i_rs1_addr_i_Y_reg_0_
              (rising edge-triggered flip-flop clocked by CLK)
  Endpoint: DP_i_execute_i_boothmul_i_tree_i_register_i_3_Y_temp_reg_26_
            (rising edge-triggered flip-flop clocked by CLK)
  Path Group: REG2REG
  Path Type: max

  Des/Clust/Port     Wire Load Model       Library
  ------------------------------------------------
  DLX                5K_hvratio_1_4        NangateOpenCellLibrary

  Point                                                   Incr       Path
  --------------------------------------------------------------------------
  clock CLK (rise edge)                                 0.0000     0.0000
  clock network delay (ideal)                           0.0500     0.0500
  DP_i_decode_i_rs1_addr_i_Y_reg_0_/CK (DFF_X1)         0.0000     0.0500 r
  DP_i_decode_i_rs1_addr_i_Y_reg_0_/Q (DFF_X1)          0.1085     0.1585 r
  U3584/ZN (XNOR2_X1)                                   0.0627     0.2213 r
  U2660/ZN (AND4_X1)                                    0.0623     0.2836 r
  U2659/ZN (NAND4_X1)                                   0.0588     0.3424 f
  U3594/ZN (NAND4_X1)                                   0.0498     0.3922 r
  U3597/ZN (INV_X1)                                     0.0370     0.4292 f
  U3601/Z (BUF_X2)                                      0.0670     0.4962 f
  U3695/ZN (AND2_X1)                                    0.0598     0.5560 f
  U3696/ZN (AOI211_X4)                                  0.1352     0.6912 r
  U3880/ZN (AND2_X2)                                    0.0987     0.7899 r
  U948/ZN (INV_X1)                                      0.0871     0.8770 f
  U4240/ZN (OAI22_X1)                                   0.0996     0.9767 r
  U2662/ZN (XNOR2_X1)                                   0.0736     1.0503 r
  U3065/ZN (XNOR2_X1)                                   0.0765     1.1269 r
  U4241/ZN (XNOR2_X1)                                   0.0539     1.1808 f
  U4243/CO (FA_X1)                                      0.1175     1.2982 f
  U3063/ZN (INV_X1)                                     0.0339     1.3321 r
  U3393/ZN (XNOR2_X1)                                   0.0671     1.3991 r
  U6996/ZN (XNOR2_X1)                                   0.0710     1.4702 r
  U6997/ZN (XNOR2_X1)                                   0.0598     1.5299 r
  U8794/ZN (AND2_X1)                                    0.0422     1.5721 r
  DP_i_execute_i_boothmul_i_tree_i_register_i_3_Y_temp_reg_26_/D (DFF_X1)
                                                        0.0110     1.5831 r
  data arrival time                                                1.5831

  clock CLK (rise edge)                                 1.1500     1.1500
  clock network delay (ideal)                           0.0500     1.2000
  clock uncertainty                                    -0.0500     1.1500
  DP_i_execute_i_boothmul_i_tree_i_register_i_3_Y_temp_reg_26_/CK (DFF_X1)
                                                        0.0000     1.1500 r
  library setup time                                   -0.0265     1.1235
  data required time                                               1.1235
  --------------------------------------------------------------------------
  data required time                                               1.1235
  data arrival time                                               -1.5831
  --------------------------------------------------------------------------
  slack (VIOLATED)                                                -0.4596


  Startpoint: DP_i_execute_i_rd_out_reg_i_Y_reg_2_
              (rising edge-triggered flip-flop clocked by CLK)
  Endpoint: DP_i_execute_i_boothmul_i_tree_i_register_i_3_Y_temp_reg_29_
            (rising edge-triggered flip-flop clocked by CLK)
  Path Group: REG2REG
  Path Type: max

  Des/Clust/Port     Wire Load Model       Library
  ------------------------------------------------
  DLX                5K_hvratio_1_4        NangateOpenCellLibrary

  Point                                                   Incr       Path
  --------------------------------------------------------------------------
  clock CLK (rise edge)                                 0.0000     0.0000
  clock network delay (ideal)                           0.0500     0.0500
  DP_i_execute_i_rd_out_reg_i_Y_reg_2_/CK (DFF_X1)      0.0000     0.0500 r
  DP_i_execute_i_rd_out_reg_i_Y_reg_2_/Q (DFF_X1)       0.1052     0.1552 r
  U3035/ZN (XNOR2_X1)                                   0.0638     0.2190 r
  U2624/ZN (AND4_X2)                                    0.0706     0.2896 r
  U3571/ZN (NAND2_X1)                                   0.0324     0.3221 f
  U3578/ZN (NAND4_X1)                                   0.0419     0.3640 r
  U3579/ZN (INV_X1)                                     0.0387     0.4027 f
  U3121/Z (BUF_X1)                                      0.0468     0.4495 f
  U3657/ZN (AOI222_X1)                                  0.0996     0.5491 r
  U3658/Z (MUX2_X1)                                     0.0703     0.6194 r
  U3773/ZN (INV_X1)                                     0.0321     0.6515 f
  U2520/ZN (AND2_X2)                                    0.0472     0.6987 f
  U3664/ZN (INV_X1)                                     0.0405     0.7392 r
  U3777/ZN (NAND2_X1)                                   0.0432     0.7824 f
  U3831/Z (BUF_X2)                                      0.0624     0.8447 f
  U3778/ZN (OR2_X1)                                     0.0761     0.9208 f
  U3779/ZN (OAI21_X1)                                   0.0435     0.9643 r
  U3001/ZN (XNOR2_X1)                                   0.0685     1.0329 r
  U2752/ZN (XNOR2_X1)                                   0.0662     1.0991 r
  U3796/ZN (XNOR2_X1)                                   0.0712     1.1702 r
  U3797/CO (FA_X1)                                      0.0853     1.2555 r
  U2610/ZN (XNOR2_X1)                                   0.0700     1.3255 r
  U5657/ZN (XNOR2_X1)                                   0.0740     1.3995 r
  U2986/ZN (XNOR2_X1)                                   0.0707     1.4702 r
  U2984/ZN (XNOR2_X1)                                   0.0598     1.5300 r
  U8819/ZN (AND2_X1)                                    0.0421     1.5721 r
  DP_i_execute_i_boothmul_i_tree_i_register_i_3_Y_temp_reg_29_/D (DFF_X1)
                                                        0.0110     1.5831 r
  data arrival time                                                1.5831

  clock CLK (rise edge)                                 1.1500     1.1500
  clock network delay (ideal)                           0.0500     1.2000
  clock uncertainty                                    -0.0500     1.1500
  DP_i_execute_i_boothmul_i_tree_i_register_i_3_Y_temp_reg_29_/CK (DFF_X1)
                                                        0.0000     1.1500 r
  library setup time                                   -0.0265     1.1235
  data required time                                               1.1235
  --------------------------------------------------------------------------
  data required time                                               1.1235
  data arrival time                                               -1.5831
  --------------------------------------------------------------------------
  slack (VIOLATED)                                                -0.4595


  Startpoint: DP_i_execute_i_rd_out_reg_i_Y_reg_2_
              (rising edge-triggered flip-flop clocked by CLK)
  Endpoint: DP_i_execute_i_boothmul_i_tree_i_register_i_3_Y_temp_reg_29_
            (rising edge-triggered flip-flop clocked by CLK)
  Path Group: REG2REG
  Path Type: max

  Des/Clust/Port     Wire Load Model       Library
  ------------------------------------------------
  DLX                5K_hvratio_1_4        NangateOpenCellLibrary

  Point                                                   Incr       Path
  --------------------------------------------------------------------------
  clock CLK (rise edge)                                 0.0000     0.0000
  clock network delay (ideal)                           0.0500     0.0500
  DP_i_execute_i_rd_out_reg_i_Y_reg_2_/CK (DFF_X1)      0.0000     0.0500 r
  DP_i_execute_i_rd_out_reg_i_Y_reg_2_/Q (DFF_X1)       0.1052     0.1552 r
  U3035/ZN (XNOR2_X1)                                   0.0638     0.2190 r
  U2624/ZN (AND4_X2)                                    0.0706     0.2896 r
  U3571/ZN (NAND2_X1)                                   0.0324     0.3221 f
  U3578/ZN (NAND4_X1)                                   0.0419     0.3640 r
  U3579/ZN (INV_X1)                                     0.0387     0.4027 f
  U3121/Z (BUF_X1)                                      0.0468     0.4495 f
  U3657/ZN (AOI222_X1)                                  0.0996     0.5491 r
  U3658/Z (MUX2_X1)                                     0.0703     0.6194 r
  U3773/ZN (INV_X1)                                     0.0321     0.6515 f
  U2520/ZN (AND2_X2)                                    0.0472     0.6987 f
  U3664/ZN (INV_X1)                                     0.0405     0.7392 r
  U3777/ZN (NAND2_X1)                                   0.0432     0.7824 f
  U3831/Z (BUF_X2)                                      0.0624     0.8447 f
  U3778/ZN (OR2_X1)                                     0.0761     0.9208 f
  U3779/ZN (OAI21_X1)                                   0.0435     0.9643 r
  U3001/ZN (XNOR2_X1)                                   0.0685     1.0329 r
  U2752/ZN (XNOR2_X1)                                   0.0662     1.0991 r
  U3796/ZN (XNOR2_X1)                                   0.0712     1.1702 r
  U3797/CO (FA_X1)                                      0.0853     1.2555 r
  U2610/ZN (XNOR2_X1)                                   0.0700     1.3255 r
  U5657/ZN (XNOR2_X1)                                   0.0740     1.3995 r
  U2986/ZN (XNOR2_X1)                                   0.0707     1.4702 r
  U2984/ZN (XNOR2_X1)                                   0.0598     1.5300 r
  U8819/ZN (AND2_X1)                                    0.0421     1.5721 r
  DP_i_execute_i_boothmul_i_tree_i_register_i_3_Y_temp_reg_29_/D (DFF_X1)
                                                        0.0110     1.5831 r
  data arrival time                                                1.5831

  clock CLK (rise edge)                                 1.1500     1.1500
  clock network delay (ideal)                           0.0500     1.2000
  clock uncertainty                                    -0.0500     1.1500
  DP_i_execute_i_boothmul_i_tree_i_register_i_3_Y_temp_reg_29_/CK (DFF_X1)
                                                        0.0000     1.1500 r
  library setup time                                   -0.0265     1.1235
  data required time                                               1.1235
  --------------------------------------------------------------------------
  data required time                                               1.1235
  data arrival time                                               -1.5831
  --------------------------------------------------------------------------
  slack (VIOLATED)                                                -0.4595


  Startpoint: DP_i_decode_i_rs1_addr_i_Y_reg_0_
              (rising edge-triggered flip-flop clocked by CLK)
  Endpoint: DP_i_execute_i_boothmul_i_tree_i_register_i_3_Y_temp_reg_26_
            (rising edge-triggered flip-flop clocked by CLK)
  Path Group: REG2REG
  Path Type: max

  Des/Clust/Port     Wire Load Model       Library
  ------------------------------------------------
  DLX                5K_hvratio_1_4        NangateOpenCellLibrary

  Point                                                   Incr       Path
  --------------------------------------------------------------------------
  clock CLK (rise edge)                                 0.0000     0.0000
  clock network delay (ideal)                           0.0500     0.0500
  DP_i_decode_i_rs1_addr_i_Y_reg_0_/CK (DFF_X1)         0.0000     0.0500 r
  DP_i_decode_i_rs1_addr_i_Y_reg_0_/Q (DFF_X1)          0.1085     0.1585 r
  U3584/ZN (XNOR2_X1)                                   0.0627     0.2213 r
  U2660/ZN (AND4_X1)                                    0.0623     0.2836 r
  U2659/ZN (NAND4_X1)                                   0.0588     0.3424 f
  U3594/ZN (NAND4_X1)                                   0.0498     0.3922 r
  U3597/ZN (INV_X1)                                     0.0370     0.4292 f
  U3601/Z (BUF_X2)                                      0.0670     0.4962 f
  U3695/ZN (AND2_X1)                                    0.0598     0.5560 f
  U3696/ZN (AOI211_X4)                                  0.1352     0.6912 r
  U3880/ZN (AND2_X2)                                    0.0987     0.7899 r
  U948/ZN (INV_X1)                                      0.0871     0.8770 f
  U4240/ZN (OAI22_X1)                                   0.0996     0.9767 r
  U2662/ZN (XNOR2_X1)                                   0.0736     1.0503 r
  U3065/ZN (XNOR2_X1)                                   0.0765     1.1269 r
  U4241/ZN (XNOR2_X1)                                   0.0539     1.1808 f
  U4243/CO (FA_X1)                                      0.1174     1.2981 f
  U3063/ZN (INV_X1)                                     0.0339     1.3320 r
  U3393/ZN (XNOR2_X1)                                   0.0671     1.3991 r
  U6996/ZN (XNOR2_X1)                                   0.0710     1.4701 r
  U6997/ZN (XNOR2_X1)                                   0.0598     1.5299 r
  U8794/ZN (AND2_X1)                                    0.0422     1.5721 r
  DP_i_execute_i_boothmul_i_tree_i_register_i_3_Y_temp_reg_26_/D (DFF_X1)
                                                        0.0110     1.5830 r
  data arrival time                                                1.5830

  clock CLK (rise edge)                                 1.1500     1.1500
  clock network delay (ideal)                           0.0500     1.2000
  clock uncertainty                                    -0.0500     1.1500
  DP_i_execute_i_boothmul_i_tree_i_register_i_3_Y_temp_reg_26_/CK (DFF_X1)
                                                        0.0000     1.1500 r
  library setup time                                   -0.0265     1.1235
  data required time                                               1.1235
  --------------------------------------------------------------------------
  data required time                                               1.1235
  data arrival time                                               -1.5830
  --------------------------------------------------------------------------
  slack (VIOLATED)                                                -0.4595


1
