 
****************************************
Report : timing
        -path full
        -delay max
        -nworst 2
        -group REG2REG
        -max_paths 10
Design : DLX
Version: W-2024.09-SP2
Date   : Tue Sep 29 12:44:55 2026
****************************************

Operating Conditions: typical   Library: NangateOpenCellLibrary
Wire Load Model Mode: top

  Startpoint: DP_i_mem_access_i_rd_out_reg_i_Y_reg_4_
              (rising edge-triggered flip-flop clocked by CLK)
  Endpoint: DP_i_execute_i_zero_alu_bit_Y_reg
            (rising edge-triggered flip-flop clocked by CLK)
  Path Group: REG2REG
  Path Type: max

  Des/Clust/Port     Wire Load Model       Library
  ------------------------------------------------
  DLX                5K_hvratio_1_4        NangateOpenCellLibrary

  Point                                                   Incr       Path
  --------------------------------------------------------------------------
  clock CLK (rise edge)                                 0.0000     0.0000
  clock network delay (ideal)                           0.0500     0.0500
  DP_i_mem_access_i_rd_out_reg_i_Y_reg_4_/CK (DFF_X1)   0.0000     0.0500 r
  DP_i_mem_access_i_rd_out_reg_i_Y_reg_4_/QN (DFF_X1)   0.0806     0.1306 r
  U1483/ZN (XNOR2_X1)                                   0.0599     0.1905 r
  U1133/ZN (AND2_X1)                                    0.0420     0.2325 r
  U1134/ZN (AND3_X1)                                    0.0494     0.2819 r
  U2477/ZN (NAND3_X1)                                   0.0456     0.3275 f
  U2480/ZN (INV_X1)                                     0.0540     0.3816 r
  U2487/Z (BUF_X2)                                      0.0605     0.4421 r
  U848/Z (BUF_X2)                                       0.0527     0.4948 r
  U2501/ZN (NAND2_X1)                                   0.0376     0.5324 f
  U1886/ZN (NAND3_X1)                                   0.0419     0.5744 r
  U1446/ZN (AND2_X1)                                    0.0451     0.6194 r
  U2253/ZN (XNOR2_X1)                                   0.0590     0.6785 r
  U3339/ZN (XNOR2_X1)                                   0.0667     0.7451 r
  U2071/ZN (OAI21_X1)                                   0.0389     0.7840 f
  U2067/ZN (NAND2_X1)                                   0.0376     0.8216 r
  U2070/ZN (NAND3_X1)                                   0.0376     0.8591 f
  U876/ZN (AND2_X1)                                     0.0409     0.9001 f
  U3346/ZN (NAND2_X1)                                   0.0292     0.9292 r
  U2251/ZN (AND3_X1)                                    0.0519     0.9811 r
  U2248/ZN (NAND2_X1)                                   0.0319     1.0130 f
  U3378/ZN (AOI21_X1)                                   0.0563     1.0693 r
  U3386/ZN (NAND2_X1)                                   0.0403     1.1096 f
  U1982/ZN (NAND3_X1)                                   0.0381     1.1477 r
  U1153/ZN (AND2_X1)                                    0.0441     1.1918 r
  U1426/ZN (OAI21_X1)                                   0.0284     1.2202 f
  U1936/ZN (NOR2_X1)                                    0.0346     1.2548 r
  U1935/ZN (AND2_X1)                                    0.0459     1.3008 r
  U970/ZN (AND4_X2)                                     0.0657     1.3665 r
  U3509/ZN (XNOR2_X1)                                   0.0360     1.4025 f
  U3517/ZN (OAI211_X1)                                  0.0547     1.4572 r
  U2279/ZN (NAND4_X1)                                   0.0458     1.5030 f
  U7138/ZN (OAI21_X1)                                   0.0429     1.5459 r
  DP_i_execute_i_zero_alu_bit_Y_reg/D (DFF_X2)          0.0109     1.5568 r
  data arrival time                                                1.5568

  clock CLK (rise edge)                                 1.4500     1.4500
  clock network delay (ideal)                           0.0500     1.5000
  clock uncertainty                                    -0.0500     1.4500
  DP_i_execute_i_zero_alu_bit_Y_reg/CK (DFF_X2)         0.0000     1.4500 r
  library setup time                                   -0.0284     1.4216
  data required time                                               1.4216
  --------------------------------------------------------------------------
  data required time                                               1.4216
  data arrival time                                               -1.5568
  --------------------------------------------------------------------------
  slack (VIOLATED)                                                -0.1351


  Startpoint: DP_i_mem_access_i_rd_out_reg_i_Y_reg_4_
              (rising edge-triggered flip-flop clocked by CLK)
  Endpoint: DP_i_execute_i_zero_alu_bit_Y_reg
            (rising edge-triggered flip-flop clocked by CLK)
  Path Group: REG2REG
  Path Type: max

  Des/Clust/Port     Wire Load Model       Library
  ------------------------------------------------
  DLX                5K_hvratio_1_4        NangateOpenCellLibrary

  Point                                                   Incr       Path
  --------------------------------------------------------------------------
  clock CLK (rise edge)                                 0.0000     0.0000
  clock network delay (ideal)                           0.0500     0.0500
  DP_i_mem_access_i_rd_out_reg_i_Y_reg_4_/CK (DFF_X1)   0.0000     0.0500 r
  DP_i_mem_access_i_rd_out_reg_i_Y_reg_4_/QN (DFF_X1)   0.0806     0.1306 r
  U1483/ZN (XNOR2_X1)                                   0.0599     0.1905 r
  U1133/ZN (AND2_X1)                                    0.0420     0.2325 r
  U1134/ZN (AND3_X1)                                    0.0494     0.2819 r
  U2477/ZN (NAND3_X1)                                   0.0456     0.3275 f
  U2480/ZN (INV_X1)                                     0.0540     0.3816 r
  U2487/Z (BUF_X2)                                      0.0605     0.4421 r
  U848/Z (BUF_X2)                                       0.0527     0.4948 r
  U2501/ZN (NAND2_X1)                                   0.0376     0.5324 f
  U1886/ZN (NAND3_X1)                                   0.0419     0.5744 r
  U1446/ZN (AND2_X1)                                    0.0451     0.6194 r
  U2253/ZN (XNOR2_X1)                                   0.0590     0.6785 r
  U3339/ZN (XNOR2_X1)                                   0.0667     0.7451 r
  U3342/ZN (OAI21_X1)                                   0.0376     0.7827 f
  U2068/ZN (NAND2_X1)                                   0.0361     0.8188 r
  U2070/ZN (NAND3_X1)                                   0.0403     0.8591 f
  U876/ZN (AND2_X1)                                     0.0409     0.9000 f
  U3346/ZN (NAND2_X1)                                   0.0292     0.9292 r
  U2251/ZN (AND3_X1)                                    0.0519     0.9811 r
  U2248/ZN (NAND2_X1)                                   0.0319     1.0130 f
  U3378/ZN (AOI21_X1)                                   0.0563     1.0693 r
  U3386/ZN (NAND2_X1)                                   0.0403     1.1095 f
  U1982/ZN (NAND3_X1)                                   0.0381     1.1477 r
  U1153/ZN (AND2_X1)                                    0.0441     1.1918 r
  U1426/ZN (OAI21_X1)                                   0.0284     1.2202 f
  U1936/ZN (NOR2_X1)                                    0.0346     1.2548 r
  U1935/ZN (AND2_X1)                                    0.0459     1.3007 r
  U970/ZN (AND4_X2)                                     0.0657     1.3665 r
  U3509/ZN (XNOR2_X1)                                   0.0360     1.4025 f
  U3517/ZN (OAI211_X1)                                  0.0547     1.4572 r
  U2279/ZN (NAND4_X1)                                   0.0458     1.5030 f
  U7138/ZN (OAI21_X1)                                   0.0429     1.5459 r
  DP_i_execute_i_zero_alu_bit_Y_reg/D (DFF_X2)          0.0109     1.5567 r
  data arrival time                                                1.5567

  clock CLK (rise edge)                                 1.4500     1.4500
  clock network delay (ideal)                           0.0500     1.5000
  clock uncertainty                                    -0.0500     1.4500
  DP_i_execute_i_zero_alu_bit_Y_reg/CK (DFF_X2)         0.0000     1.4500 r
  library setup time                                   -0.0284     1.4216
  data required time                                               1.4216
  --------------------------------------------------------------------------
  data required time                                               1.4216
  data arrival time                                               -1.5567
  --------------------------------------------------------------------------
  slack (VIOLATED)                                                -0.1351


  Startpoint: DP_i_mem_access_i_rd_out_reg_i_Y_reg_4_
              (rising edge-triggered flip-flop clocked by CLK)
  Endpoint: DP_i_execute_i_alu_out_reg_i_Y_reg_0_
            (rising edge-triggered flip-flop clocked by CLK)
  Path Group: REG2REG
  Path Type: max

  Des/Clust/Port     Wire Load Model       Library
  ------------------------------------------------
  DLX                5K_hvratio_1_4        NangateOpenCellLibrary

  Point                                                   Incr       Path
  --------------------------------------------------------------------------
  clock CLK (rise edge)                                 0.0000     0.0000
  clock network delay (ideal)                           0.0500     0.0500
  DP_i_mem_access_i_rd_out_reg_i_Y_reg_4_/CK (DFF_X1)   0.0000     0.0500 r
  DP_i_mem_access_i_rd_out_reg_i_Y_reg_4_/QN (DFF_X1)   0.0806     0.1306 r
  U1483/ZN (XNOR2_X1)                                   0.0599     0.1905 r
  U1133/ZN (AND2_X1)                                    0.0420     0.2325 r
  U1134/ZN (AND3_X1)                                    0.0494     0.2819 r
  U2477/ZN (NAND3_X1)                                   0.0456     0.3275 f
  U2480/ZN (INV_X1)                                     0.0540     0.3816 r
  U2487/Z (BUF_X2)                                      0.0605     0.4421 r
  U848/Z (BUF_X2)                                       0.0527     0.4948 r
  U2501/ZN (NAND2_X1)                                   0.0376     0.5324 f
  U1886/ZN (NAND3_X1)                                   0.0419     0.5744 r
  U1446/ZN (AND2_X1)                                    0.0451     0.6194 r
  U2253/ZN (XNOR2_X1)                                   0.0590     0.6785 r
  U3339/ZN (XNOR2_X1)                                   0.0667     0.7451 r
  U2071/ZN (OAI21_X1)                                   0.0389     0.7840 f
  U2067/ZN (NAND2_X1)                                   0.0376     0.8216 r
  U2070/ZN (NAND3_X1)                                   0.0376     0.8591 f
  U876/ZN (AND2_X1)                                     0.0409     0.9001 f
  U3346/ZN (NAND2_X1)                                   0.0292     0.9292 r
  U2251/ZN (AND3_X1)                                    0.0519     0.9811 r
  U2248/ZN (NAND2_X1)                                   0.0319     1.0130 f
  U3378/ZN (AOI21_X1)                                   0.0563     1.0693 r
  U3386/ZN (NAND2_X1)                                   0.0403     1.1096 f
  U1982/ZN (NAND3_X1)                                   0.0381     1.1477 r
  U1153/ZN (AND2_X1)                                    0.0441     1.1918 r
  U1426/ZN (OAI21_X1)                                   0.0284     1.2202 f
  U1936/ZN (NOR2_X1)                                    0.0346     1.2548 r
  U1935/ZN (AND2_X1)                                    0.0459     1.3008 r
  U970/ZN (AND4_X2)                                     0.0657     1.3665 r
  U3509/ZN (XNOR2_X1)                                   0.0603     1.4267 r
  U3517/ZN (OAI211_X1)                                  0.0429     1.4697 f
  U2327/ZN (NAND4_X1)                                   0.0371     1.5067 r
  U2271/ZN (AND2_X1)                                    0.0407     1.5475 r
  DP_i_execute_i_alu_out_reg_i_Y_reg_0_/D (DFF_X2)      0.0109     1.5584 r
  data arrival time                                                1.5584

  clock CLK (rise edge)                                 1.4500     1.4500
  clock network delay (ideal)                           0.0500     1.5000
  clock uncertainty                                    -0.0500     1.4500
  DP_i_execute_i_alu_out_reg_i_Y_reg_0_/CK (DFF_X2)     0.0000     1.4500 r
  library setup time                                   -0.0262     1.4238
  data required time                                               1.4238
  --------------------------------------------------------------------------
  data required time                                               1.4238
  data arrival time                                               -1.5584
  --------------------------------------------------------------------------
  slack (VIOLATED)                                                -0.1345


  Startpoint: DP_i_mem_access_i_rd_out_reg_i_Y_reg_4_
              (rising edge-triggered flip-flop clocked by CLK)
  Endpoint: DP_i_execute_i_alu_out_reg_i_Y_reg_0_
            (rising edge-triggered flip-flop clocked by CLK)
  Path Group: REG2REG
  Path Type: max

  Des/Clust/Port     Wire Load Model       Library
  ------------------------------------------------
  DLX                5K_hvratio_1_4        NangateOpenCellLibrary

  Point                                                   Incr       Path
  --------------------------------------------------------------------------
  clock CLK (rise edge)                                 0.0000     0.0000
  clock network delay (ideal)                           0.0500     0.0500
  DP_i_mem_access_i_rd_out_reg_i_Y_reg_4_/CK (DFF_X1)   0.0000     0.0500 r
  DP_i_mem_access_i_rd_out_reg_i_Y_reg_4_/QN (DFF_X1)   0.0806     0.1306 r
  U1483/ZN (XNOR2_X1)                                   0.0599     0.1905 r
  U1133/ZN (AND2_X1)                                    0.0420     0.2325 r
  U1134/ZN (AND3_X1)                                    0.0494     0.2819 r
  U2477/ZN (NAND3_X1)                                   0.0456     0.3275 f
  U2480/ZN (INV_X1)                                     0.0540     0.3816 r
  U2487/Z (BUF_X2)                                      0.0605     0.4421 r
  U848/Z (BUF_X2)                                       0.0527     0.4948 r
  U2501/ZN (NAND2_X1)                                   0.0376     0.5324 f
  U1886/ZN (NAND3_X1)                                   0.0419     0.5744 r
  U1446/ZN (AND2_X1)                                    0.0451     0.6194 r
  U2253/ZN (XNOR2_X1)                                   0.0590     0.6785 r
  U3339/ZN (XNOR2_X1)                                   0.0667     0.7451 r
  U3342/ZN (OAI21_X1)                                   0.0376     0.7827 f
  U2068/ZN (NAND2_X1)                                   0.0361     0.8188 r
  U2070/ZN (NAND3_X1)                                   0.0403     0.8591 f
  U876/ZN (AND2_X1)                                     0.0409     0.9000 f
  U3346/ZN (NAND2_X1)                                   0.0292     0.9292 r
  U2251/ZN (AND3_X1)                                    0.0519     0.9811 r
  U2248/ZN (NAND2_X1)                                   0.0319     1.0130 f
  U3378/ZN (AOI21_X1)                                   0.0563     1.0693 r
  U3386/ZN (NAND2_X1)                                   0.0403     1.1095 f
  U1982/ZN (NAND3_X1)                                   0.0381     1.1477 r
  U1153/ZN (AND2_X1)                                    0.0441     1.1918 r
  U1426/ZN (OAI21_X1)                                   0.0284     1.2202 f
  U1936/ZN (NOR2_X1)                                    0.0346     1.2548 r
  U1935/ZN (AND2_X1)                                    0.0459     1.3007 r
  U970/ZN (AND4_X2)                                     0.0657     1.3665 r
  U3509/ZN (XNOR2_X1)                                   0.0603     1.4267 r
  U3517/ZN (OAI211_X1)                                  0.0429     1.4696 f
  U2327/ZN (NAND4_X1)                                   0.0371     1.5067 r
  U2271/ZN (AND2_X1)                                    0.0407     1.5475 r
  DP_i_execute_i_alu_out_reg_i_Y_reg_0_/D (DFF_X2)      0.0109     1.5584 r
  data arrival time                                                1.5584

  clock CLK (rise edge)                                 1.4500     1.4500
  clock network delay (ideal)                           0.0500     1.5000
  clock uncertainty                                    -0.0500     1.4500
  DP_i_execute_i_alu_out_reg_i_Y_reg_0_/CK (DFF_X2)     0.0000     1.4500 r
  library setup time                                   -0.0262     1.4238
  data required time                                               1.4238
  --------------------------------------------------------------------------
  data required time                                               1.4238
  data arrival time                                               -1.5584
  --------------------------------------------------------------------------
  slack (VIOLATED)                                                -0.1345


  Startpoint: DP_i_decode_i_rs2_addr_i_Y_reg_0_
              (rising edge-triggered flip-flop clocked by CLK)
  Endpoint: DP_i_execute_i_boothmul_i_tree_i_register_i_3_Y_temp_reg_30_
            (rising edge-triggered flip-flop clocked by CLK)
  Path Group: REG2REG
  Path Type: max

  Des/Clust/Port     Wire Load Model       Library
  ------------------------------------------------
  DLX                5K_hvratio_1_4        NangateOpenCellLibrary

  Point                                                   Incr       Path
  --------------------------------------------------------------------------
  clock CLK (rise edge)                                 0.0000     0.0000
  clock network delay (ideal)                           0.0500     0.0500
  DP_i_decode_i_rs2_addr_i_Y_reg_0_/CK (DFF_X1)         0.0000     0.0500 r
  DP_i_decode_i_rs2_addr_i_Y_reg_0_/QN (DFF_X1)         0.0806     0.1306 r
  U2126/ZN (XNOR2_X1)                                   0.0630     0.1936 r
  U2273/ZN (AND3_X1)                                    0.0555     0.2491 r
  U2472/ZN (NAND4_X1)                                   0.0434     0.2925 f
  U2477/ZN (NAND3_X1)                                   0.0469     0.3394 r
  U2480/ZN (INV_X1)                                     0.0390     0.3784 f
  U2487/Z (BUF_X2)                                      0.0558     0.4342 f
  U2275/ZN (NAND2_X1)                                   0.0376     0.4718 r
  U2319/ZN (NAND3_X1)                                   0.0384     0.5102 f
  U1001/Z (MUX2_X1)                                     0.0707     0.5809 f
  U2489/ZN (AND2_X1)                                    0.0477     0.6287 f
  U1089/ZN (NOR2_X2)                                    0.0717     0.7003 r
  U1847/ZN (OAI22_X1)                                   0.0485     0.7488 f
  U5103/ZN (OR2_X1)                                     0.0645     0.8134 f
  U5104/ZN (NAND2_X1)                                   0.0363     0.8497 r
  U2293/ZN (XNOR2_X1)                                   0.0623     0.9120 r
  U2003/ZN (XNOR2_X1)                                   0.0661     0.9781 r
  U6391/ZN (XNOR2_X1)                                   0.0729     1.0510 r
  U6393/CO (FA_X1)                                      0.0848     1.1357 r
  U6397/S (FA_X1)                                       0.1226     1.2583 f
  U6420/ZN (XNOR2_X1)                                   0.0662     1.3246 f
  U1928/Z (BUF_X1)                                      0.0439     1.3685 f
  U6457/S (FA_X1)                                       0.1387     1.5071 r
  U7514/ZN (AND2_X1)                                    0.0395     1.5466 r
  DP_i_execute_i_boothmul_i_tree_i_register_i_3_Y_temp_reg_30_/D (DFF_X1)
                                                        0.0110     1.5576 r
  data arrival time                                                1.5576

  clock CLK (rise edge)                                 1.4500     1.4500
  clock network delay (ideal)                           0.0500     1.5000
  clock uncertainty                                    -0.0500     1.4500
  DP_i_execute_i_boothmul_i_tree_i_register_i_3_Y_temp_reg_30_/CK (DFF_X1)
                                                        0.0000     1.4500 r
  library setup time                                   -0.0265     1.4235
  data required time                                               1.4235
  --------------------------------------------------------------------------
  data required time                                               1.4235
  data arrival time                                               -1.5576
  --------------------------------------------------------------------------
  slack (VIOLATED)                                                -0.1340


  Startpoint: DP_i_decode_i_rs2_addr_i_Y_reg_0_
              (rising edge-triggered flip-flop clocked by CLK)
  Endpoint: DP_i_execute_i_boothmul_i_tree_i_register_i_3_Y_temp_reg_30_
            (rising edge-triggered flip-flop clocked by CLK)
  Path Group: REG2REG
  Path Type: max

  Des/Clust/Port     Wire Load Model       Library
  ------------------------------------------------
  DLX                5K_hvratio_1_4        NangateOpenCellLibrary

  Point                                                   Incr       Path
  --------------------------------------------------------------------------
  clock CLK (rise edge)                                 0.0000     0.0000
  clock network delay (ideal)                           0.0500     0.0500
  DP_i_decode_i_rs2_addr_i_Y_reg_0_/CK (DFF_X1)         0.0000     0.0500 r
  DP_i_decode_i_rs2_addr_i_Y_reg_0_/QN (DFF_X1)         0.0806     0.1306 r
  U2126/ZN (XNOR2_X1)                                   0.0630     0.1936 r
  U2273/ZN (AND3_X1)                                    0.0555     0.2491 r
  U2472/ZN (NAND4_X1)                                   0.0434     0.2925 f
  U2477/ZN (NAND3_X1)                                   0.0469     0.3394 r
  U2480/ZN (INV_X1)                                     0.0390     0.3784 f
  U2487/Z (BUF_X2)                                      0.0558     0.4342 f
  U2275/ZN (NAND2_X1)                                   0.0376     0.4718 r
  U2319/ZN (NAND3_X1)                                   0.0384     0.5102 f
  U1001/Z (MUX2_X1)                                     0.0707     0.5809 f
  U2489/ZN (AND2_X1)                                    0.0477     0.6287 f
  U1089/ZN (NOR2_X2)                                    0.0717     0.7003 r
  U1847/ZN (OAI22_X1)                                   0.0485     0.7488 f
  U5103/ZN (OR2_X1)                                     0.0645     0.8134 f
  U5104/ZN (NAND2_X1)                                   0.0363     0.8497 r
  U2293/ZN (XNOR2_X1)                                   0.0623     0.9120 r
  U2003/ZN (XNOR2_X1)                                   0.0661     0.9781 r
  U6391/ZN (XNOR2_X1)                                   0.0729     1.0510 r
  U6393/CO (FA_X1)                                      0.0848     1.1357 r
  U6397/S (FA_X1)                                       0.1226     1.2583 f
  U6420/ZN (XNOR2_X1)                                   0.0662     1.3246 f
  U1928/Z (BUF_X1)                                      0.0439     1.3685 f
  U6457/S (FA_X1)                                       0.1387     1.5071 r
  U7514/ZN (AND2_X1)                                    0.0395     1.5466 r
  DP_i_execute_i_boothmul_i_tree_i_register_i_3_Y_temp_reg_30_/D (DFF_X1)
                                                        0.0110     1.5576 r
  data arrival time                                                1.5576

  clock CLK (rise edge)                                 1.4500     1.4500
  clock network delay (ideal)                           0.0500     1.5000
  clock uncertainty                                    -0.0500     1.4500
  DP_i_execute_i_boothmul_i_tree_i_register_i_3_Y_temp_reg_30_/CK (DFF_X1)
                                                        0.0000     1.4500 r
  library setup time                                   -0.0265     1.4235
  data required time                                               1.4235
  --------------------------------------------------------------------------
  data required time                                               1.4235
  data arrival time                                               -1.5576
  --------------------------------------------------------------------------
  slack (VIOLATED)                                                -0.1340


  Startpoint: DP_i_decode_i_rs2_addr_i_Y_reg_0_
              (rising edge-triggered flip-flop clocked by CLK)
  Endpoint: DP_i_execute_i_boothmul_i_tree_i_register_i_2_Y_temp_reg_31_
            (rising edge-triggered flip-flop clocked by CLK)
  Path Group: REG2REG
  Path Type: max

  Des/Clust/Port     Wire Load Model       Library
  ------------------------------------------------
  DLX                5K_hvratio_1_4        NangateOpenCellLibrary

  Point                                                   Incr       Path
  --------------------------------------------------------------------------
  clock CLK (rise edge)                                 0.0000     0.0000
  clock network delay (ideal)                           0.0500     0.0500
  DP_i_decode_i_rs2_addr_i_Y_reg_0_/CK (DFF_X1)         0.0000     0.0500 r
  DP_i_decode_i_rs2_addr_i_Y_reg_0_/QN (DFF_X1)         0.0806     0.1306 r
  U2126/ZN (XNOR2_X1)                                   0.0630     0.1936 r
  U2273/ZN (AND3_X1)                                    0.0555     0.2491 r
  U2472/ZN (NAND4_X1)                                   0.0434     0.2925 f
  U2477/ZN (NAND3_X1)                                   0.0469     0.3394 r
  U2480/ZN (INV_X1)                                     0.0390     0.3784 f
  U2487/Z (BUF_X2)                                      0.0558     0.4342 f
  U2275/ZN (NAND2_X1)                                   0.0376     0.4718 r
  U2319/ZN (NAND3_X1)                                   0.0384     0.5102 f
  U1001/Z (MUX2_X1)                                     0.0707     0.5809 f
  U2489/ZN (AND2_X1)                                    0.0477     0.6287 f
  U1090/ZN (AND2_X2)                                    0.0512     0.6799 f
  U4494/ZN (INV_X1)                                     0.0316     0.7115 r
  U2080/ZN (AND2_X1)                                    0.0647     0.7762 r
  U984/Z (BUF_X4)                                       0.0794     0.8556 r
  U1333/ZN (INV_X1)                                     0.0745     0.9302 f
  U6392/ZN (XNOR2_X1)                                   0.0887     1.0188 f
  U6393/CO (FA_X1)                                      0.1138     1.1326 f
  U6397/S (FA_X1)                                       0.1441     1.2768 r
  U6420/ZN (XNOR2_X1)                                   0.0668     1.3436 r
  U6621/ZN (XNOR2_X1)                                   0.0731     1.4167 r
  U6623/ZN (OAI21_X1)                                   0.0378     1.4544 f
  U6624/ZN (XNOR2_X1)                                   0.0570     1.5114 f
  U7518/ZN (AND2_X1)                                    0.0380     1.5494 f
  DP_i_execute_i_boothmul_i_tree_i_register_i_2_Y_temp_reg_31_/D (DFF_X1)
                                                        0.0104     1.5598 f
  data arrival time                                                1.5598

  clock CLK (rise edge)                                 1.4500     1.4500
  clock network delay (ideal)                           0.0500     1.5000
  clock uncertainty                                    -0.0500     1.4500
  DP_i_execute_i_boothmul_i_tree_i_register_i_2_Y_temp_reg_31_/CK (DFF_X1)
                                                        0.0000     1.4500 r
  library setup time                                   -0.0239     1.4261
  data required time                                               1.4261
  --------------------------------------------------------------------------
  data required time                                               1.4261
  data arrival time                                               -1.5598
  --------------------------------------------------------------------------
  slack (VIOLATED)                                                -0.1337


  Startpoint: DP_i_decode_i_rs2_addr_i_Y_reg_0_
              (rising edge-triggered flip-flop clocked by CLK)
  Endpoint: DP_i_execute_i_boothmul_i_tree_i_register_i_2_Y_temp_reg_31_
            (rising edge-triggered flip-flop clocked by CLK)
  Path Group: REG2REG
  Path Type: max

  Des/Clust/Port     Wire Load Model       Library
  ------------------------------------------------
  DLX                5K_hvratio_1_4        NangateOpenCellLibrary

  Point                                                   Incr       Path
  --------------------------------------------------------------------------
  clock CLK (rise edge)                                 0.0000     0.0000
  clock network delay (ideal)                           0.0500     0.0500
  DP_i_decode_i_rs2_addr_i_Y_reg_0_/CK (DFF_X1)         0.0000     0.0500 r
  DP_i_decode_i_rs2_addr_i_Y_reg_0_/QN (DFF_X1)         0.0806     0.1306 r
  U2126/ZN (XNOR2_X1)                                   0.0630     0.1936 r
  U2273/ZN (AND3_X1)                                    0.0555     0.2491 r
  U2472/ZN (NAND4_X1)                                   0.0434     0.2925 f
  U2477/ZN (NAND3_X1)                                   0.0469     0.3394 r
  U2480/ZN (INV_X1)                                     0.0390     0.3784 f
  U2487/Z (BUF_X2)                                      0.0558     0.4342 f
  U2275/ZN (NAND2_X1)                                   0.0376     0.4718 r
  U2319/ZN (NAND3_X1)                                   0.0384     0.5102 f
  U1001/Z (MUX2_X1)                                     0.0707     0.5809 f
  U2489/ZN (AND2_X1)                                    0.0477     0.6287 f
  U1090/ZN (AND2_X2)                                    0.0512     0.6799 f
  U4494/ZN (INV_X1)                                     0.0316     0.7115 r
  U2080/ZN (AND2_X1)                                    0.0647     0.7762 r
  U984/Z (BUF_X4)                                       0.0794     0.8556 r
  U1333/ZN (INV_X1)                                     0.0745     0.9301 f
  U6392/ZN (XNOR2_X1)                                   0.0887     1.0188 f
  U6393/CO (FA_X1)                                      0.1138     1.1326 f
  U6397/S (FA_X1)                                       0.1441     1.2768 r
  U6420/ZN (XNOR2_X1)                                   0.0668     1.3436 r
  U6621/ZN (XNOR2_X1)                                   0.0731     1.4167 r
  U6623/ZN (OAI21_X1)                                   0.0378     1.4544 f
  U6624/ZN (XNOR2_X1)                                   0.0570     1.5114 f
  U7518/ZN (AND2_X1)                                    0.0380     1.5494 f
  DP_i_execute_i_boothmul_i_tree_i_register_i_2_Y_temp_reg_31_/D (DFF_X1)
                                                        0.0104     1.5598 f
  data arrival time                                                1.5598

  clock CLK (rise edge)                                 1.4500     1.4500
  clock network delay (ideal)                           0.0500     1.5000
  clock uncertainty                                    -0.0500     1.4500
  DP_i_execute_i_boothmul_i_tree_i_register_i_2_Y_temp_reg_31_/CK (DFF_X1)
                                                        0.0000     1.4500 r
  library setup time                                   -0.0239     1.4261
  data required time                                               1.4261
  --------------------------------------------------------------------------
  data required time                                               1.4261
  data arrival time                                               -1.5598
  --------------------------------------------------------------------------
  slack (VIOLATED)                                                -0.1337


  Startpoint: DP_i_decode_i_rs2_addr_i_Y_reg_0_
              (rising edge-triggered flip-flop clocked by CLK)
  Endpoint: DP_i_execute_i_boothmul_i_tree_i_register_i_2_Y_temp_reg_23_
            (rising edge-triggered flip-flop clocked by CLK)
  Path Group: REG2REG
  Path Type: max

  Des/Clust/Port     Wire Load Model       Library
  ------------------------------------------------
  DLX                5K_hvratio_1_4        NangateOpenCellLibrary

  Point                                                   Incr       Path
  --------------------------------------------------------------------------
  clock CLK (rise edge)                                 0.0000     0.0000
  clock network delay (ideal)                           0.0500     0.0500
  DP_i_decode_i_rs2_addr_i_Y_reg_0_/CK (DFF_X1)         0.0000     0.0500 r
  DP_i_decode_i_rs2_addr_i_Y_reg_0_/QN (DFF_X1)         0.0806     0.1306 r
  U2126/ZN (XNOR2_X1)                                   0.0630     0.1936 r
  U2273/ZN (AND3_X1)                                    0.0555     0.2491 r
  U2472/ZN (NAND4_X1)                                   0.0434     0.2925 f
  U2477/ZN (NAND3_X1)                                   0.0469     0.3394 r
  U2480/ZN (INV_X1)                                     0.0390     0.3784 f
  U2669/Z (BUF_X2)                                      0.0558     0.4342 f
  U2670/ZN (NAND2_X1)                                   0.0393     0.4734 r
  U2672/ZN (AND2_X1)                                    0.0445     0.5179 r
  U2673/ZN (NAND2_X1)                                   0.0287     0.5466 f
  U1938/Z (MUX2_X1)                                     0.0820     0.6287 f
  U2138/ZN (INV_X1)                                     0.0447     0.6734 r
  U1733/ZN (NAND2_X1)                                   0.0371     0.7105 f
  U1429/ZN (AND2_X2)                                    0.0480     0.7585 f
  U4464/ZN (INV_X1)                                     0.0561     0.8146 r
  U999/ZN (INV_X2)                                      0.0654     0.8800 f
  U4737/ZN (AND2_X1)                                    0.0535     0.9335 f
  U4738/ZN (NOR2_X1)                                    0.0424     0.9759 r
  U4739/S (FA_X1)                                       0.1243     1.1002 f
  U4740/ZN (XNOR2_X1)                                   0.0866     1.1868 r
  U4741/ZN (NOR2_X1)                                    0.0309     1.2178 f
  U4745/ZN (OR2_X1)                                     0.0631     1.2808 f
  U6965/CO (FA_X1)                                      0.0928     1.3736 f
  U6966/S (FA_X1)                                       0.1326     1.5062 r
  DP_i_U2009/ZN (AND2_X1)                               0.0395     1.5456 r
  DP_i_execute_i_boothmul_i_tree_i_register_i_2_Y_temp_reg_23_/D (DFF_X1)
                                                        0.0110     1.5566 r
  data arrival time                                                1.5566

  clock CLK (rise edge)                                 1.4500     1.4500
  clock network delay (ideal)                           0.0500     1.5000
  clock uncertainty                                    -0.0500     1.4500
  DP_i_execute_i_boothmul_i_tree_i_register_i_2_Y_temp_reg_23_/CK (DFF_X1)
                                                        0.0000     1.4500 r
  library setup time                                   -0.0265     1.4235
  data required time                                               1.4235
  --------------------------------------------------------------------------
  data required time                                               1.4235
  data arrival time                                               -1.5566
  --------------------------------------------------------------------------
  slack (VIOLATED)                                                -0.1331


  Startpoint: DP_i_decode_i_rs2_addr_i_Y_reg_0_
              (rising edge-triggered flip-flop clocked by CLK)
  Endpoint: DP_i_execute_i_boothmul_i_tree_i_register_i_2_Y_temp_reg_23_
            (rising edge-triggered flip-flop clocked by CLK)
  Path Group: REG2REG
  Path Type: max

  Des/Clust/Port     Wire Load Model       Library
  ------------------------------------------------
  DLX                5K_hvratio_1_4        NangateOpenCellLibrary

  Point                                                   Incr       Path
  --------------------------------------------------------------------------
  clock CLK (rise edge)                                 0.0000     0.0000
  clock network delay (ideal)                           0.0500     0.0500
  DP_i_decode_i_rs2_addr_i_Y_reg_0_/CK (DFF_X1)         0.0000     0.0500 r
  DP_i_decode_i_rs2_addr_i_Y_reg_0_/QN (DFF_X1)         0.0806     0.1306 r
  U2126/ZN (XNOR2_X1)                                   0.0630     0.1936 r
  U2273/ZN (AND3_X1)                                    0.0555     0.2491 r
  U2472/ZN (NAND4_X1)                                   0.0434     0.2925 f
  U2477/ZN (NAND3_X1)                                   0.0469     0.3394 r
  U2480/ZN (INV_X1)                                     0.0390     0.3784 f
  U2669/Z (BUF_X2)                                      0.0558     0.4342 f
  U2670/ZN (NAND2_X1)                                   0.0393     0.4734 r
  U2672/ZN (AND2_X1)                                    0.0445     0.5179 r
  U2673/ZN (NAND2_X1)                                   0.0287     0.5466 f
  U1938/Z (MUX2_X1)                                     0.0820     0.6287 f
  U2138/ZN (INV_X1)                                     0.0447     0.6734 r
  U1733/ZN (NAND2_X1)                                   0.0371     0.7105 f
  U1429/ZN (AND2_X2)                                    0.0480     0.7585 f
  U4464/ZN (INV_X1)                                     0.0561     0.8146 r
  U999/ZN (INV_X2)                                      0.0654     0.8800 f
  U4737/ZN (AND2_X1)                                    0.0535     0.9335 f
  U4738/ZN (NOR2_X1)                                    0.0424     0.9759 r
  U4739/S (FA_X1)                                       0.1243     1.1002 f
  U4740/ZN (XNOR2_X1)                                   0.0866     1.1868 r
  U4741/ZN (NOR2_X1)                                    0.0309     1.2178 f
  U4745/ZN (OR2_X1)                                     0.0631     1.2808 f
  U6965/CO (FA_X1)                                      0.0928     1.3736 f
  U6966/S (FA_X1)                                       0.1326     1.5062 r
  DP_i_U2009/ZN (AND2_X1)                               0.0395     1.5456 r
  DP_i_execute_i_boothmul_i_tree_i_register_i_2_Y_temp_reg_23_/D (DFF_X1)
                                                        0.0110     1.5566 r
  data arrival time                                                1.5566

  clock CLK (rise edge)                                 1.4500     1.4500
  clock network delay (ideal)                           0.0500     1.5000
  clock uncertainty                                    -0.0500     1.4500
  DP_i_execute_i_boothmul_i_tree_i_register_i_2_Y_temp_reg_23_/CK (DFF_X1)
                                                        0.0000     1.4500 r
  library setup time                                   -0.0265     1.4235
  data required time                                               1.4235
  --------------------------------------------------------------------------
  data required time                                               1.4235
  data arrival time                                               -1.5566
  --------------------------------------------------------------------------
  slack (VIOLATED)                                                -0.1331


1
