 
****************************************
Report : qor
Design : DLX
Version: W-2024.09-SP2
Date   : Tue Sep 29 12:04:43 2026
****************************************


  Timing Path Group 'REG2REG'
  -----------------------------------
  Levels of Logic:              30.00
  Critical Path Length:          1.52
  Critical Path Slack:          -0.35
  Critical Path Clk Period:      1.25
  Total Negative Slack:        -95.26
  No. of Violating Paths:      431.00
  Worst Hold Violation:          0.00
  Total Hold Violation:          0.00
  No. of Hold Violations:        0.00
  -----------------------------------

  Timing Path Group 'CLK'
  -----------------------------------
  Levels of Logic:              23.00
  Critical Path Length:          1.33
  Critical Path Slack:          -0.20
  Critical Path Clk Period:      1.25
  Total Negative Slack:         -5.30
  No. of Violating Paths:       35.00
  Worst Hold Violation:          0.00
  Total Hold Violation:          0.00
  No. of Hold Violations:        0.00
  -----------------------------------

  Timing Path Group 'INPUTS'
  -----------------------------------
  Levels of Logic:               8.00
  Critical Path Length:          0.78
  Critical Path Slack:           0.27
  Critical Path Clk Period:      1.25
  Total Negative Slack:          0.00
  No. of Violating Paths:        0.00
  Worst Hold Violation:          0.00
  Total Hold Violation:          0.00
  No. of Hold Violations:        0.00
  -----------------------------------

  Timing Path Group 'OUTPUTS'
  -----------------------------------
  Levels of Logic:              19.00
  Critical Path Length:          1.07
  Critical Path Slack:           0.01
  Critical Path Clk Period:      1.25
  Total Negative Slack:          0.00
  No. of Violating Paths:        0.00
  Worst Hold Violation:          0.00
  Total Hold Violation:          0.00
  No. of Hold Violations:        0.00
  -----------------------------------


  Cell Count
  -----------------------------------
  Hierarchical Cell Count:         72
  Hierarchical Port Count:        288
  Leaf Cell Count:              15908
  Buf/Inv Cell Count:            1591
  Buf Cell Count:                 242
  Inv Cell Count:                1349
  CT Buf/Inv Cell Count:            0
  Combinational Cell Count:     13096
  Sequential Cell Count:         2812
  Macro Count:                      0
  -----------------------------------


  Area
  -----------------------------------
  Combinational Area:    14203.601984
  Noncombinational Area: 12797.259558
  Buf/Inv Area:            996.436004
  Total Buffer Area:           259.88
  Total Inverter Area:         736.55
  Macro/Black Box Area:      0.000000
  Net Area:                  0.000000
  -----------------------------------
  Cell Area:             27000.861543
  Design Area:           27000.861543


  Design Rules
  -----------------------------------
  Total Number of Nets:         16374
  Nets With Violations:             3
  Max Trans Violations:             1
  Max Cap Violations:               3
  -----------------------------------


  Hostname: microsys.openstack.polito

  Compile CPU Statistics
  -----------------------------------------
  Resource Sharing:                    0.01
  Logic Optimization:                  0.66
  Mapping Optimization:               36.68
  -----------------------------------------
  Overall Compile Time:               55.40
  Overall Compile Wall Clock Time:    56.07

  --------------------------------------------------------------------

  Design  WNS: 0.35  TNS: 100.56  Number of Violating Paths: 466


  Design (Hold)  WNS: 0.00  TNS: 0.00  Number of Violating Paths: 0

  --------------------------------------------------------------------


1
