 
****************************************
Report : qor
Design : DLX
Version: W-2024.09-SP2
Date   : Sun Sep 27 03:09:35 2026
****************************************


  Timing Path Group 'REG2REG'
  -----------------------------------
  Levels of Logic:              33.00
  Critical Path Length:          1.60
  Critical Path Slack:          -0.17
  Critical Path Clk Period:      1.50
  Total Negative Slack:        -33.57
  No. of Violating Paths:      259.00
  Worst Hold Violation:          0.00
  Total Hold Violation:          0.00
  No. of Hold Violations:        0.00
  -----------------------------------

  Timing Path Group 'CLK'
  -----------------------------------
  Levels of Logic:              31.00
  Critical Path Length:          1.41
  Critical Path Slack:          -0.02
  Critical Path Clk Period:      1.50
  Total Negative Slack:         -0.45
  No. of Violating Paths:       22.00
  Worst Hold Violation:          0.00
  Total Hold Violation:          0.00
  No. of Hold Violations:        0.00
  -----------------------------------

  Timing Path Group 'INPUTS'
  -----------------------------------
  Levels of Logic:               9.00
  Critical Path Length:          0.80
  Critical Path Slack:           0.47
  Critical Path Clk Period:      1.50
  Total Negative Slack:          0.00
  No. of Violating Paths:        0.00
  Worst Hold Violation:          0.00
  Total Hold Violation:          0.00
  No. of Hold Violations:        0.00
  -----------------------------------

  Timing Path Group 'OUTPUTS'
  -----------------------------------
  Levels of Logic:              22.00
  Critical Path Length:          1.17
  Critical Path Slack:           0.13
  Critical Path Clk Period:      1.50
  Total Negative Slack:          0.00
  No. of Violating Paths:        0.00
  Worst Hold Violation:          0.00
  Total Hold Violation:          0.00
  No. of Hold Violations:        0.00
  -----------------------------------


  Cell Count
  -----------------------------------
  Hierarchical Cell Count:         72
  Hierarchical Port Count:        288
  Leaf Cell Count:              15172
  Buf/Inv Cell Count:            1420
  Buf Cell Count:                 264
  Inv Cell Count:                1156
  CT Buf/Inv Cell Count:            0
  Combinational Cell Count:     12360
  Sequential Cell Count:         2812
  Macro Count:                      0
  -----------------------------------


  Area
  -----------------------------------
  Combinational Area:    13465.717983
  Noncombinational Area: 12769.063555
  Buf/Inv Area:            903.336003
  Total Buffer Area:           280.10
  Total Inverter Area:         623.24
  Macro/Black Box Area:      0.000000
  Net Area:                  0.000000
  -----------------------------------
  Cell Area:             26234.781538
  Design Area:           26234.781538


  Design Rules
  -----------------------------------
  Total Number of Nets:         15479
  Nets With Violations:             1
  Max Trans Violations:             0
  Max Cap Violations:               1
  -----------------------------------


  Hostname: microsys.openstack.polito

  Compile CPU Statistics
  -----------------------------------------
  Resource Sharing:                    0.01
  Logic Optimization:                  0.57
  Mapping Optimization:               20.34
  -----------------------------------------
  Overall Compile Time:               33.93
  Overall Compile Wall Clock Time:    34.43

  --------------------------------------------------------------------

  Design  WNS: 0.17  TNS: 34.02  Number of Violating Paths: 281


  Design (Hold)  WNS: 0.00  TNS: 0.00  Number of Violating Paths: 0

  --------------------------------------------------------------------


1
