 
****************************************
Report : qor
Design : DLX
Version: W-2024.09-SP2
Date   : Sun Sep 27 03:35:14 2026
****************************************


  Timing Path Group 'REG2REG'
  -----------------------------------
  Levels of Logic:              53.00
  Critical Path Length:          3.42
  Critical Path Slack:           0.00
  Critical Path Clk Period:      3.50
  Total Negative Slack:          0.00
  No. of Violating Paths:        0.00
  Worst Hold Violation:          0.00
  Total Hold Violation:          0.00
  No. of Hold Violations:        0.00
  -----------------------------------

  Timing Path Group 'CLK'
  -----------------------------------
  Levels of Logic:              36.00
  Critical Path Length:          2.88
  Critical Path Slack:           0.49
  Critical Path Clk Period:      3.50
  Total Negative Slack:          0.00
  No. of Violating Paths:        0.00
  Worst Hold Violation:          0.00
  Total Hold Violation:          0.00
  No. of Hold Violations:        0.00
  -----------------------------------

  Timing Path Group 'INPUTS'
  -----------------------------------
  Levels of Logic:               8.00
  Critical Path Length:          1.48
  Critical Path Slack:           1.58
  Critical Path Clk Period:      3.50
  Total Negative Slack:          0.00
  No. of Violating Paths:        0.00
  Worst Hold Violation:          0.00
  Total Hold Violation:          0.00
  No. of Hold Violations:        0.00
  -----------------------------------

  Timing Path Group 'OUTPUTS'
  -----------------------------------
  Levels of Logic:              28.00
  Critical Path Length:          2.35
  Critical Path Slack:           0.75
  Critical Path Clk Period:      3.50
  Total Negative Slack:          0.00
  No. of Violating Paths:        0.00
  Worst Hold Violation:          0.00
  Total Hold Violation:          0.00
  No. of Hold Violations:        0.00
  -----------------------------------


  Cell Count
  -----------------------------------
  Hierarchical Cell Count:         73
  Hierarchical Port Count:        553
  Leaf Cell Count:              11279
  Buf/Inv Cell Count:             947
  Buf Cell Count:                 134
  Inv Cell Count:                 813
  CT Buf/Inv Cell Count:            0
  Combinational Cell Count:      8467
  Sequential Cell Count:         2812
  Macro Count:                      0
  -----------------------------------


  Area
  -----------------------------------
  Combinational Area:    10070.494112
  Noncombinational Area: 12745.655552
  Buf/Inv Area:            552.216001
  Total Buffer Area:           111.72
  Total Inverter Area:         440.50
  Macro/Black Box Area:      0.000000
  Net Area:                  0.000000
  -----------------------------------
  Cell Area:             22816.149664
  Design Area:           22816.149664


  Design Rules
  -----------------------------------
  Total Number of Nets:         11509
  Nets With Violations:            21
  Max Trans Violations:             9
  Max Cap Violations:              21
  -----------------------------------


  Hostname: microsys.openstack.polito

  Compile CPU Statistics
  -----------------------------------------
  Resource Sharing:                    0.01
  Logic Optimization:                  0.52
  Mapping Optimization:                4.56
  -----------------------------------------
  Overall Compile Time:               13.77
  Overall Compile Wall Clock Time:    14.18

  --------------------------------------------------------------------

  Design  WNS: 0.00  TNS: 0.00  Number of Violating Paths: 0


  Design (Hold)  WNS: 0.00  TNS: 0.00  Number of Violating Paths: 0

  --------------------------------------------------------------------


1
