 
****************************************
Report : qor
Design : DLX
Version: W-2024.09-SP2
Date   : Mon Sep 14 18:27:22 2026
****************************************


  Timing Path Group 'CLK'
  -----------------------------------
  Levels of Logic:              36.00
  Critical Path Length:          2.06
  Critical Path Slack:           0.02
  Critical Path Clk Period:      2.20
  Total Negative Slack:          0.00
  No. of Violating Paths:        0.00
  Worst Hold Violation:          0.00
  Total Hold Violation:          0.00
  No. of Hold Violations:        0.00
  -----------------------------------

  Timing Path Group 'INPUTS'
  -----------------------------------
  Levels of Logic:               8.00
  Critical Path Length:          0.91
  Critical Path Slack:           0.99
  Critical Path Clk Period:      2.20
  Total Negative Slack:          0.00
  No. of Violating Paths:        0.00
  Worst Hold Violation:          0.00
  Total Hold Violation:          0.00
  No. of Hold Violations:        0.00
  -----------------------------------

  Timing Path Group 'OUTPUTS'
  -----------------------------------
  Levels of Logic:              26.00
  Critical Path Length:          1.72
  Critical Path Slack:           0.21
  Critical Path Clk Period:      2.20
  Total Negative Slack:          0.00
  No. of Violating Paths:        0.00
  Worst Hold Violation:          0.00
  Total Hold Violation:          0.00
  No. of Hold Violations:        0.00
  -----------------------------------

  Timing Path Group 'REG2REG'
  -----------------------------------
  Levels of Logic:              32.00
  Critical Path Length:          2.12
  Critical Path Slack:           0.00
  Critical Path Clk Period:      2.20
  Total Negative Slack:          0.00
  No. of Violating Paths:        0.00
  Worst Hold Violation:          0.00
  Total Hold Violation:          0.00
  No. of Hold Violations:        0.00
  -----------------------------------


  Cell Count
  -----------------------------------
  Hierarchical Cell Count:         73
  Hierarchical Port Count:        551
  Leaf Cell Count:              12205
  Buf/Inv Cell Count:            1078
  Buf Cell Count:                 155
  Inv Cell Count:                 923
  CT Buf/Inv Cell Count:            0
  Combinational Cell Count:      9393
  Sequential Cell Count:         2812
  Macro Count:                      0
  -----------------------------------


  Area
  -----------------------------------
  Combinational Area:    10875.144093
  Noncombinational Area: 12748.315552
  Buf/Inv Area:            640.528002
  Total Buffer Area:           137.52
  Total Inverter Area:         503.01
  Macro/Black Box Area:      0.000000
  Net Area:                  0.000000
  -----------------------------------
  Cell Area:             23623.459645
  Design Area:           23623.459645


  Design Rules
  -----------------------------------
  Total Number of Nets:         12425
  Nets With Violations:             8
  Max Trans Violations:             2
  Max Cap Violations:               8
  -----------------------------------


  Hostname: microsys.openstack.polito

  Compile CPU Statistics
  -----------------------------------------
  Resource Sharing:                    3.69
  Logic Optimization:                 16.82
  Mapping Optimization:               47.44
  -----------------------------------------
  Overall Compile Time:              124.36
  Overall Compile Wall Clock Time:   127.59

  --------------------------------------------------------------------

  Design  WNS: 0.00  TNS: 0.00  Number of Violating Paths: 0


  Design (Hold)  WNS: 0.00  TNS: 0.00  Number of Violating Paths: 0

  --------------------------------------------------------------------


1
