 
****************************************
Report : qor
Design : DLX
Version: W-2024.09-SP2
Date   : Sun Sep 27 02:54:57 2026
****************************************


  Timing Path Group 'REG2REG'
  -----------------------------------
  Levels of Logic:              31.00
  Critical Path Length:          1.50
  Critical Path Slack:          -0.39
  Critical Path Clk Period:      1.20
  Total Negative Slack:       -129.14
  No. of Violating Paths:      625.00
  Worst Hold Violation:          0.00
  Total Hold Violation:          0.00
  No. of Hold Violations:        0.00
  -----------------------------------

  Timing Path Group 'CLK'
  -----------------------------------
  Levels of Logic:              23.00
  Critical Path Length:          1.30
  Critical Path Slack:          -0.23
  Critical Path Clk Period:      1.20
  Total Negative Slack:         -7.15
  No. of Violating Paths:       35.00
  Worst Hold Violation:          0.00
  Total Hold Violation:          0.00
  No. of Hold Violations:        0.00
  -----------------------------------

  Timing Path Group 'INPUTS'
  -----------------------------------
  Levels of Logic:               9.00
  Critical Path Length:          0.75
  Critical Path Slack:           0.26
  Critical Path Clk Period:      1.20
  Total Negative Slack:          0.00
  No. of Violating Paths:        0.00
  Worst Hold Violation:          0.00
  Total Hold Violation:          0.00
  No. of Hold Violations:        0.00
  -----------------------------------

  Timing Path Group 'OUTPUTS'
  -----------------------------------
  Levels of Logic:              19.00
  Critical Path Length:          1.06
  Critical Path Slack:          -0.03
  Critical Path Clk Period:      1.20
  Total Negative Slack:         -0.03
  No. of Violating Paths:        1.00
  Worst Hold Violation:          0.00
  Total Hold Violation:          0.00
  No. of Hold Violations:        0.00
  -----------------------------------


  Cell Count
  -----------------------------------
  Hierarchical Cell Count:         72
  Hierarchical Port Count:        288
  Leaf Cell Count:              15998
  Buf/Inv Cell Count:            1572
  Buf Cell Count:                 313
  Inv Cell Count:                1259
  CT Buf/Inv Cell Count:            0
  Combinational Cell Count:     13186
  Sequential Cell Count:         2812
  Macro Count:                      0
  -----------------------------------


  Area
  -----------------------------------
  Combinational Area:    14334.207971
  Noncombinational Area: 12801.515559
  Buf/Inv Area:           1049.104004
  Total Buffer Area:           356.17
  Total Inverter Area:         692.93
  Macro/Black Box Area:      0.000000
  Net Area:                  0.000000
  -----------------------------------
  Cell Area:             27135.723530
  Design Area:           27135.723530


  Design Rules
  -----------------------------------
  Total Number of Nets:         16443
  Nets With Violations:             1
  Max Trans Violations:             0
  Max Cap Violations:               1
  -----------------------------------


  Hostname: microsys.openstack.polito

  Compile CPU Statistics
  -----------------------------------------
  Resource Sharing:                    0.01
  Logic Optimization:                  0.66
  Mapping Optimization:               40.82
  -----------------------------------------
  Overall Compile Time:               58.23
  Overall Compile Wall Clock Time:    58.92

  --------------------------------------------------------------------

  Design  WNS: 0.39  TNS: 136.32  Number of Violating Paths: 661


  Design (Hold)  WNS: 0.00  TNS: 0.00  Number of Violating Paths: 0

  --------------------------------------------------------------------


1
