 
****************************************
Report : timing
        -path full
        -delay max
        -nworst 2
        -group REG2REG
        -max_paths 10
Design : DLX
Version: W-2024.09-SP2
Date   : Tue Sep 29 11:59:16 2026
****************************************

Operating Conditions: typical   Library: NangateOpenCellLibrary
Wire Load Model Mode: top

  Startpoint: DP_i_fetch_i_IR_out_reg_27_
              (rising edge-triggered flip-flop clocked by CLK)
  Endpoint: DP_i_fetch_i_pc_i_Y_reg_1_
            (rising edge-triggered flip-flop clocked by CLK)
  Path Group: REG2REG
  Path Type: max

  Des/Clust/Port     Wire Load Model       Library
  ------------------------------------------------
  DLX                5K_hvratio_1_4        NangateOpenCellLibrary

  Point                                                   Incr       Path
  --------------------------------------------------------------------------
  clock CLK (rise edge)                                 0.0000     0.0000
  clock network delay (ideal)                           0.0500     0.0500
  DP_i_fetch_i_IR_out_reg_27_/CK (DFF_X1)               0.0000     0.0500 r
  DP_i_fetch_i_IR_out_reg_27_/Q (DFF_X1)                0.1113     0.1613 r
  U1968/ZN (XNOR2_X1)                                   0.0704     0.2318 r
  U2280/ZN (NAND2_X1)                                   0.0317     0.2635 f
  U2281/ZN (AND2_X1)                                    0.0416     0.3051 f
  U2285/ZN (NAND2_X1)                                   0.0295     0.3345 r
  U2286/ZN (NAND2_X1)                                   0.0277     0.3622 f
  U2287/ZN (NAND3_X1)                                   0.0328     0.3950 r
  U2292/ZN (NAND2_X1)                                   0.0408     0.4358 f
  U2293/ZN (NAND2_X1)                                   0.0570     0.4927 r
  U898/ZN (AND3_X2)                                     0.0705     0.5633 r
  U3874/ZN (NOR2_X1)                                    0.0311     0.5943 f
  U1603/Z (MUX2_X1)                                     0.0753     0.6696 f
  U3876/ZN (XNOR2_X1)                                   0.0607     0.7303 f
  U1889/ZN (NOR2_X1)                                    0.0414     0.7716 r
  U1851/ZN (OR2_X1)                                     0.0372     0.8088 r
  U1850/ZN (AND2_X1)                                    0.0393     0.8481 r
  U1601/ZN (AND3_X1)                                    0.0524     0.9005 r
  U1891/ZN (OAI211_X1)                                  0.0501     0.9506 f
  U1330/ZN (AND2_X1)                                    0.0504     1.0010 f
  U4043/ZN (AOI22_X1)                                   0.0567     1.0578 r
  U4048/ZN (NAND4_X1)                                   0.0404     1.0982 f
  U1708/ZN (AND2_X1)                                    0.0448     1.1429 f
  U4052/ZN (XNOR2_X1)                                   0.0439     1.1868 r
  U4056/ZN (AND4_X1)                                    0.0643     1.2511 r
  U1067/ZN (AND3_X1)                                    0.0526     1.3037 r
  U4145/ZN (NAND2_X1)                                   0.0323     1.3360 f
  U1276/ZN (NAND3_X1)                                   0.0328     1.3688 r
  U954/ZN (AND2_X2)                                     0.0513     1.4201 r
  U11036/ZN (NAND2_X4)                                  0.0882     1.5083 f
  U12858/ZN (OR2_X1)                                    0.0855     1.5938 f
  U11003/ZN (NAND4_X1)                                  0.0362     1.6299 r
  DP_i_fetch_i_pc_i_Y_reg_1_/D (DFF_X2)                 0.0109     1.6408 r
  data arrival time                                                1.6408

  clock CLK (rise edge)                                 1.1500     1.1500
  clock network delay (ideal)                           0.0500     1.2000
  clock uncertainty                                    -0.0500     1.1500
  DP_i_fetch_i_pc_i_Y_reg_1_/CK (DFF_X2)                0.0000     1.1500 r
  library setup time                                   -0.0275     1.1225
  data required time                                               1.1225
  --------------------------------------------------------------------------
  data required time                                               1.1225
  data arrival time                                               -1.6408
  --------------------------------------------------------------------------
  slack (VIOLATED)                                                -0.5184


  Startpoint: DP_i_fetch_i_IR_out_reg_27_
              (rising edge-triggered flip-flop clocked by CLK)
  Endpoint: DP_i_fetch_i_pc_i_Y_reg_1_
            (rising edge-triggered flip-flop clocked by CLK)
  Path Group: REG2REG
  Path Type: max

  Des/Clust/Port     Wire Load Model       Library
  ------------------------------------------------
  DLX                5K_hvratio_1_4        NangateOpenCellLibrary

  Point                                                   Incr       Path
  --------------------------------------------------------------------------
  clock CLK (rise edge)                                 0.0000     0.0000
  clock network delay (ideal)                           0.0500     0.0500
  DP_i_fetch_i_IR_out_reg_27_/CK (DFF_X1)               0.0000     0.0500 r
  DP_i_fetch_i_IR_out_reg_27_/Q (DFF_X1)                0.1113     0.1613 r
  U1968/ZN (XNOR2_X1)                                   0.0704     0.2318 r
  U2280/ZN (NAND2_X1)                                   0.0317     0.2635 f
  U2281/ZN (AND2_X1)                                    0.0416     0.3051 f
  U2285/ZN (NAND2_X1)                                   0.0295     0.3345 r
  U2286/ZN (NAND2_X1)                                   0.0277     0.3622 f
  U2287/ZN (NAND3_X1)                                   0.0328     0.3950 r
  U2292/ZN (NAND2_X1)                                   0.0408     0.4358 f
  U2293/ZN (NAND2_X1)                                   0.0570     0.4927 r
  U898/ZN (AND3_X2)                                     0.0705     0.5633 r
  U3874/ZN (NOR2_X1)                                    0.0311     0.5943 f
  U1603/Z (MUX2_X1)                                     0.0753     0.6696 f
  U3876/ZN (XNOR2_X1)                                   0.0607     0.7303 f
  U1889/ZN (NOR2_X1)                                    0.0414     0.7716 r
  U1851/ZN (OR2_X1)                                     0.0372     0.8088 r
  U1850/ZN (AND2_X1)                                    0.0393     0.8481 r
  U1601/ZN (AND3_X1)                                    0.0524     0.9005 r
  U1891/ZN (OAI211_X1)                                  0.0501     0.9506 f
  U1330/ZN (AND2_X1)                                    0.0504     1.0010 f
  U4043/ZN (AOI22_X1)                                   0.0567     1.0578 r
  U4048/ZN (NAND4_X1)                                   0.0404     1.0982 f
  U1708/ZN (AND2_X1)                                    0.0448     1.1429 f
  U4052/ZN (XNOR2_X1)                                   0.0439     1.1868 r
  U4056/ZN (AND4_X1)                                    0.0643     1.2511 r
  U1067/ZN (AND3_X1)                                    0.0526     1.3037 r
  U4145/ZN (NAND2_X1)                                   0.0323     1.3360 f
  U1276/ZN (NAND3_X1)                                   0.0328     1.3688 r
  U954/ZN (AND2_X2)                                     0.0513     1.4201 r
  U11036/ZN (NAND2_X4)                                  0.0882     1.5083 f
  U12858/ZN (OR2_X1)                                    0.0855     1.5938 f
  U11003/ZN (NAND4_X1)                                  0.0362     1.6299 r
  DP_i_fetch_i_pc_i_Y_reg_1_/D (DFF_X2)                 0.0109     1.6408 r
  data arrival time                                                1.6408

  clock CLK (rise edge)                                 1.1500     1.1500
  clock network delay (ideal)                           0.0500     1.2000
  clock uncertainty                                    -0.0500     1.1500
  DP_i_fetch_i_pc_i_Y_reg_1_/CK (DFF_X2)                0.0000     1.1500 r
  library setup time                                   -0.0275     1.1225
  data required time                                               1.1225
  --------------------------------------------------------------------------
  data required time                                               1.1225
  data arrival time                                               -1.6408
  --------------------------------------------------------------------------
  slack (VIOLATED)                                                -0.5184


  Startpoint: DP_i_fetch_i_IR_out_reg_27_
              (rising edge-triggered flip-flop clocked by CLK)
  Endpoint: DP_i_fetch_i_pc_i_Y_reg_3_
            (rising edge-triggered flip-flop clocked by CLK)
  Path Group: REG2REG
  Path Type: max

  Des/Clust/Port     Wire Load Model       Library
  ------------------------------------------------
  DLX                5K_hvratio_1_4        NangateOpenCellLibrary

  Point                                                   Incr       Path
  --------------------------------------------------------------------------
  clock CLK (rise edge)                                 0.0000     0.0000
  clock network delay (ideal)                           0.0500     0.0500
  DP_i_fetch_i_IR_out_reg_27_/CK (DFF_X1)               0.0000     0.0500 r
  DP_i_fetch_i_IR_out_reg_27_/Q (DFF_X1)                0.1113     0.1613 r
  U1968/ZN (XNOR2_X1)                                   0.0704     0.2318 r
  U2280/ZN (NAND2_X1)                                   0.0317     0.2635 f
  U2281/ZN (AND2_X1)                                    0.0416     0.3051 f
  U2285/ZN (NAND2_X1)                                   0.0295     0.3345 r
  U2286/ZN (NAND2_X1)                                   0.0277     0.3622 f
  U2287/ZN (NAND3_X1)                                   0.0328     0.3950 r
  U2292/ZN (NAND2_X1)                                   0.0408     0.4358 f
  U2293/ZN (NAND2_X1)                                   0.0570     0.4927 r
  U898/ZN (AND3_X2)                                     0.0705     0.5633 r
  U3874/ZN (NOR2_X1)                                    0.0311     0.5943 f
  U1603/Z (MUX2_X1)                                     0.0753     0.6696 f
  U3876/ZN (XNOR2_X1)                                   0.0607     0.7303 f
  U1889/ZN (NOR2_X1)                                    0.0414     0.7716 r
  U1851/ZN (OR2_X1)                                     0.0372     0.8088 r
  U1850/ZN (AND2_X1)                                    0.0393     0.8481 r
  U1601/ZN (AND3_X1)                                    0.0524     0.9005 r
  U1891/ZN (OAI211_X1)                                  0.0501     0.9506 f
  U1330/ZN (AND2_X1)                                    0.0504     1.0010 f
  U4043/ZN (AOI22_X1)                                   0.0567     1.0578 r
  U4048/ZN (NAND4_X1)                                   0.0404     1.0982 f
  U1708/ZN (AND2_X1)                                    0.0448     1.1429 f
  U4052/ZN (XNOR2_X1)                                   0.0439     1.1868 r
  U4056/ZN (AND4_X1)                                    0.0643     1.2511 r
  U1067/ZN (AND3_X1)                                    0.0526     1.3037 r
  U4145/ZN (NAND2_X1)                                   0.0323     1.3360 f
  U1276/ZN (NAND3_X1)                                   0.0328     1.3688 r
  U954/ZN (AND2_X2)                                     0.0513     1.4201 r
  U11036/ZN (NAND2_X4)                                  0.0882     1.5083 f
  U12847/ZN (OR2_X1)                                    0.0857     1.5939 f
  U11032/ZN (NAND4_X1)                                  0.0352     1.6291 r
  DP_i_fetch_i_pc_i_Y_reg_3_/D (DFF_X2)                 0.0109     1.6400 r
  data arrival time                                                1.6400

  clock CLK (rise edge)                                 1.1500     1.1500
  clock network delay (ideal)                           0.0500     1.2000
  clock uncertainty                                    -0.0500     1.1500
  DP_i_fetch_i_pc_i_Y_reg_3_/CK (DFF_X2)                0.0000     1.1500 r
  library setup time                                   -0.0275     1.1225
  data required time                                               1.1225
  --------------------------------------------------------------------------
  data required time                                               1.1225
  data arrival time                                               -1.6400
  --------------------------------------------------------------------------
  slack (VIOLATED)                                                -0.5176


  Startpoint: DP_i_fetch_i_IR_out_reg_27_
              (rising edge-triggered flip-flop clocked by CLK)
  Endpoint: DP_i_fetch_i_pc_i_Y_reg_23_
            (rising edge-triggered flip-flop clocked by CLK)
  Path Group: REG2REG
  Path Type: max

  Des/Clust/Port     Wire Load Model       Library
  ------------------------------------------------
  DLX                5K_hvratio_1_4        NangateOpenCellLibrary

  Point                                                   Incr       Path
  --------------------------------------------------------------------------
  clock CLK (rise edge)                                 0.0000     0.0000
  clock network delay (ideal)                           0.0500     0.0500
  DP_i_fetch_i_IR_out_reg_27_/CK (DFF_X1)               0.0000     0.0500 r
  DP_i_fetch_i_IR_out_reg_27_/Q (DFF_X1)                0.1113     0.1613 r
  U1968/ZN (XNOR2_X1)                                   0.0704     0.2318 r
  U2280/ZN (NAND2_X1)                                   0.0317     0.2635 f
  U2281/ZN (AND2_X1)                                    0.0416     0.3051 f
  U2285/ZN (NAND2_X1)                                   0.0295     0.3345 r
  U2286/ZN (NAND2_X1)                                   0.0277     0.3622 f
  U2287/ZN (NAND3_X1)                                   0.0328     0.3950 r
  U2292/ZN (NAND2_X1)                                   0.0408     0.4358 f
  U2293/ZN (NAND2_X1)                                   0.0570     0.4927 r
  U898/ZN (AND3_X2)                                     0.0705     0.5633 r
  U3874/ZN (NOR2_X1)                                    0.0311     0.5943 f
  U1603/Z (MUX2_X1)                                     0.0753     0.6696 f
  U3876/ZN (XNOR2_X1)                                   0.0607     0.7303 f
  U1889/ZN (NOR2_X1)                                    0.0414     0.7716 r
  U1851/ZN (OR2_X1)                                     0.0372     0.8088 r
  U1850/ZN (AND2_X1)                                    0.0393     0.8481 r
  U1601/ZN (AND3_X1)                                    0.0524     0.9005 r
  U1891/ZN (OAI211_X1)                                  0.0501     0.9506 f
  U1330/ZN (AND2_X1)                                    0.0504     1.0010 f
  U4043/ZN (AOI22_X1)                                   0.0567     1.0578 r
  U4048/ZN (NAND4_X1)                                   0.0404     1.0982 f
  U1708/ZN (AND2_X1)                                    0.0448     1.1429 f
  U4052/ZN (XNOR2_X1)                                   0.0439     1.1868 r
  U4056/ZN (AND4_X1)                                    0.0643     1.2511 r
  U1067/ZN (AND3_X1)                                    0.0526     1.3037 r
  U4145/ZN (NAND2_X1)                                   0.0323     1.3360 f
  U1276/ZN (NAND3_X1)                                   0.0328     1.3688 r
  U954/ZN (AND2_X2)                                     0.0513     1.4201 r
  U11036/ZN (NAND2_X4)                                  0.0882     1.5083 f
  U12773/ZN (OR2_X1)                                    0.0857     1.5939 f
  U11011/ZN (NAND4_X1)                                  0.0352     1.6291 r
  DP_i_fetch_i_pc_i_Y_reg_23_/D (DFF_X2)                0.0109     1.6400 r
  data arrival time                                                1.6400

  clock CLK (rise edge)                                 1.1500     1.1500
  clock network delay (ideal)                           0.0500     1.2000
  clock uncertainty                                    -0.0500     1.1500
  DP_i_fetch_i_pc_i_Y_reg_23_/CK (DFF_X2)               0.0000     1.1500 r
  library setup time                                   -0.0275     1.1225
  data required time                                               1.1225
  --------------------------------------------------------------------------
  data required time                                               1.1225
  data arrival time                                               -1.6400
  --------------------------------------------------------------------------
  slack (VIOLATED)                                                -0.5176


  Startpoint: DP_i_fetch_i_IR_out_reg_27_
              (rising edge-triggered flip-flop clocked by CLK)
  Endpoint: DP_i_fetch_i_pc_i_Y_reg_24_
            (rising edge-triggered flip-flop clocked by CLK)
  Path Group: REG2REG
  Path Type: max

  Des/Clust/Port     Wire Load Model       Library
  ------------------------------------------------
  DLX                5K_hvratio_1_4        NangateOpenCellLibrary

  Point                                                   Incr       Path
  --------------------------------------------------------------------------
  clock CLK (rise edge)                                 0.0000     0.0000
  clock network delay (ideal)                           0.0500     0.0500
  DP_i_fetch_i_IR_out_reg_27_/CK (DFF_X1)               0.0000     0.0500 r
  DP_i_fetch_i_IR_out_reg_27_/Q (DFF_X1)                0.1113     0.1613 r
  U1968/ZN (XNOR2_X1)                                   0.0704     0.2318 r
  U2280/ZN (NAND2_X1)                                   0.0317     0.2635 f
  U2281/ZN (AND2_X1)                                    0.0416     0.3051 f
  U2285/ZN (NAND2_X1)                                   0.0295     0.3345 r
  U2286/ZN (NAND2_X1)                                   0.0277     0.3622 f
  U2287/ZN (NAND3_X1)                                   0.0328     0.3950 r
  U2292/ZN (NAND2_X1)                                   0.0408     0.4358 f
  U2293/ZN (NAND2_X1)                                   0.0570     0.4927 r
  U898/ZN (AND3_X2)                                     0.0705     0.5633 r
  U3874/ZN (NOR2_X1)                                    0.0311     0.5943 f
  U1603/Z (MUX2_X1)                                     0.0753     0.6696 f
  U3876/ZN (XNOR2_X1)                                   0.0607     0.7303 f
  U1889/ZN (NOR2_X1)                                    0.0414     0.7716 r
  U1851/ZN (OR2_X1)                                     0.0372     0.8088 r
  U1850/ZN (AND2_X1)                                    0.0393     0.8481 r
  U1601/ZN (AND3_X1)                                    0.0524     0.9005 r
  U1891/ZN (OAI211_X1)                                  0.0501     0.9506 f
  U1330/ZN (AND2_X1)                                    0.0504     1.0010 f
  U4043/ZN (AOI22_X1)                                   0.0567     1.0578 r
  U4048/ZN (NAND4_X1)                                   0.0404     1.0982 f
  U1708/ZN (AND2_X1)                                    0.0448     1.1429 f
  U4052/ZN (XNOR2_X1)                                   0.0439     1.1868 r
  U4056/ZN (AND4_X1)                                    0.0643     1.2511 r
  U1067/ZN (AND3_X1)                                    0.0526     1.3037 r
  U4145/ZN (NAND2_X1)                                   0.0323     1.3360 f
  U1276/ZN (NAND3_X1)                                   0.0328     1.3688 r
  U954/ZN (AND2_X2)                                     0.0513     1.4201 r
  U11036/ZN (NAND2_X4)                                  0.0882     1.5083 f
  U12769/ZN (OR2_X1)                                    0.0857     1.5939 f
  U11010/ZN (NAND4_X1)                                  0.0352     1.6291 r
  DP_i_fetch_i_pc_i_Y_reg_24_/D (DFF_X2)                0.0109     1.6400 r
  data arrival time                                                1.6400

  clock CLK (rise edge)                                 1.1500     1.1500
  clock network delay (ideal)                           0.0500     1.2000
  clock uncertainty                                    -0.0500     1.1500
  DP_i_fetch_i_pc_i_Y_reg_24_/CK (DFF_X2)               0.0000     1.1500 r
  library setup time                                   -0.0275     1.1225
  data required time                                               1.1225
  --------------------------------------------------------------------------
  data required time                                               1.1225
  data arrival time                                               -1.6400
  --------------------------------------------------------------------------
  slack (VIOLATED)                                                -0.5176


  Startpoint: DP_i_fetch_i_IR_out_reg_27_
              (rising edge-triggered flip-flop clocked by CLK)
  Endpoint: DP_i_fetch_i_pc_i_Y_reg_22_
            (rising edge-triggered flip-flop clocked by CLK)
  Path Group: REG2REG
  Path Type: max

  Des/Clust/Port     Wire Load Model       Library
  ------------------------------------------------
  DLX                5K_hvratio_1_4        NangateOpenCellLibrary

  Point                                                   Incr       Path
  --------------------------------------------------------------------------
  clock CLK (rise edge)                                 0.0000     0.0000
  clock network delay (ideal)                           0.0500     0.0500
  DP_i_fetch_i_IR_out_reg_27_/CK (DFF_X1)               0.0000     0.0500 r
  DP_i_fetch_i_IR_out_reg_27_/Q (DFF_X1)                0.1113     0.1613 r
  U1968/ZN (XNOR2_X1)                                   0.0704     0.2318 r
  U2280/ZN (NAND2_X1)                                   0.0317     0.2635 f
  U2281/ZN (AND2_X1)                                    0.0416     0.3051 f
  U2285/ZN (NAND2_X1)                                   0.0295     0.3345 r
  U2286/ZN (NAND2_X1)                                   0.0277     0.3622 f
  U2287/ZN (NAND3_X1)                                   0.0328     0.3950 r
  U2292/ZN (NAND2_X1)                                   0.0408     0.4358 f
  U2293/ZN (NAND2_X1)                                   0.0570     0.4927 r
  U898/ZN (AND3_X2)                                     0.0705     0.5633 r
  U3874/ZN (NOR2_X1)                                    0.0311     0.5943 f
  U1603/Z (MUX2_X1)                                     0.0753     0.6696 f
  U3876/ZN (XNOR2_X1)                                   0.0607     0.7303 f
  U1889/ZN (NOR2_X1)                                    0.0414     0.7716 r
  U1851/ZN (OR2_X1)                                     0.0372     0.8088 r
  U1850/ZN (AND2_X1)                                    0.0393     0.8481 r
  U1601/ZN (AND3_X1)                                    0.0524     0.9005 r
  U1891/ZN (OAI211_X1)                                  0.0501     0.9506 f
  U1330/ZN (AND2_X1)                                    0.0504     1.0010 f
  U4043/ZN (AOI22_X1)                                   0.0567     1.0578 r
  U4048/ZN (NAND4_X1)                                   0.0404     1.0982 f
  U1708/ZN (AND2_X1)                                    0.0448     1.1429 f
  U4052/ZN (XNOR2_X1)                                   0.0439     1.1868 r
  U4056/ZN (AND4_X1)                                    0.0643     1.2511 r
  U1067/ZN (AND3_X1)                                    0.0526     1.3037 r
  U4145/ZN (NAND2_X1)                                   0.0323     1.3360 f
  U1276/ZN (NAND3_X1)                                   0.0328     1.3688 r
  U954/ZN (AND2_X2)                                     0.0513     1.4201 r
  U11036/ZN (NAND2_X4)                                  0.0882     1.5083 f
  U12776/ZN (OR2_X1)                                    0.0857     1.5939 f
  U11012/ZN (NAND4_X1)                                  0.0352     1.6291 r
  DP_i_fetch_i_pc_i_Y_reg_22_/D (DFF_X2)                0.0109     1.6400 r
  data arrival time                                                1.6400

  clock CLK (rise edge)                                 1.1500     1.1500
  clock network delay (ideal)                           0.0500     1.2000
  clock uncertainty                                    -0.0500     1.1500
  DP_i_fetch_i_pc_i_Y_reg_22_/CK (DFF_X2)               0.0000     1.1500 r
  library setup time                                   -0.0275     1.1225
  data required time                                               1.1225
  --------------------------------------------------------------------------
  data required time                                               1.1225
  data arrival time                                               -1.6400
  --------------------------------------------------------------------------
  slack (VIOLATED)                                                -0.5176


  Startpoint: DP_i_fetch_i_IR_out_reg_27_
              (rising edge-triggered flip-flop clocked by CLK)
  Endpoint: DP_i_fetch_i_pc_i_Y_reg_6_
            (rising edge-triggered flip-flop clocked by CLK)
  Path Group: REG2REG
  Path Type: max

  Des/Clust/Port     Wire Load Model       Library
  ------------------------------------------------
  DLX                5K_hvratio_1_4        NangateOpenCellLibrary

  Point                                                   Incr       Path
  --------------------------------------------------------------------------
  clock CLK (rise edge)                                 0.0000     0.0000
  clock network delay (ideal)                           0.0500     0.0500
  DP_i_fetch_i_IR_out_reg_27_/CK (DFF_X1)               0.0000     0.0500 r
  DP_i_fetch_i_IR_out_reg_27_/Q (DFF_X1)                0.1113     0.1613 r
  U1968/ZN (XNOR2_X1)                                   0.0704     0.2318 r
  U2280/ZN (NAND2_X1)                                   0.0317     0.2635 f
  U2281/ZN (AND2_X1)                                    0.0416     0.3051 f
  U2285/ZN (NAND2_X1)                                   0.0295     0.3345 r
  U2286/ZN (NAND2_X1)                                   0.0277     0.3622 f
  U2287/ZN (NAND3_X1)                                   0.0328     0.3950 r
  U2292/ZN (NAND2_X1)                                   0.0408     0.4358 f
  U2293/ZN (NAND2_X1)                                   0.0570     0.4927 r
  U898/ZN (AND3_X2)                                     0.0705     0.5633 r
  U3874/ZN (NOR2_X1)                                    0.0311     0.5943 f
  U1603/Z (MUX2_X1)                                     0.0753     0.6696 f
  U3876/ZN (XNOR2_X1)                                   0.0607     0.7303 f
  U1889/ZN (NOR2_X1)                                    0.0414     0.7716 r
  U1851/ZN (OR2_X1)                                     0.0372     0.8088 r
  U1850/ZN (AND2_X1)                                    0.0393     0.8481 r
  U1601/ZN (AND3_X1)                                    0.0524     0.9005 r
  U1891/ZN (OAI211_X1)                                  0.0501     0.9506 f
  U1330/ZN (AND2_X1)                                    0.0504     1.0010 f
  U4043/ZN (AOI22_X1)                                   0.0567     1.0578 r
  U4048/ZN (NAND4_X1)                                   0.0404     1.0982 f
  U1708/ZN (AND2_X1)                                    0.0448     1.1429 f
  U4052/ZN (XNOR2_X1)                                   0.0439     1.1868 r
  U4056/ZN (AND4_X1)                                    0.0643     1.2511 r
  U1067/ZN (AND3_X1)                                    0.0526     1.3037 r
  U4145/ZN (NAND2_X1)                                   0.0323     1.3360 f
  U1276/ZN (NAND3_X1)                                   0.0328     1.3688 r
  U954/ZN (AND2_X2)                                     0.0513     1.4201 r
  U11036/ZN (NAND2_X4)                                  0.0882     1.5083 f
  U12834/ZN (OR2_X1)                                    0.0857     1.5939 f
  U11029/ZN (NAND4_X1)                                  0.0352     1.6291 r
  DP_i_fetch_i_pc_i_Y_reg_6_/D (DFF_X2)                 0.0109     1.6400 r
  data arrival time                                                1.6400

  clock CLK (rise edge)                                 1.1500     1.1500
  clock network delay (ideal)                           0.0500     1.2000
  clock uncertainty                                    -0.0500     1.1500
  DP_i_fetch_i_pc_i_Y_reg_6_/CK (DFF_X2)                0.0000     1.1500 r
  library setup time                                   -0.0275     1.1225
  data required time                                               1.1225
  --------------------------------------------------------------------------
  data required time                                               1.1225
  data arrival time                                               -1.6400
  --------------------------------------------------------------------------
  slack (VIOLATED)                                                -0.5176


  Startpoint: DP_i_fetch_i_IR_out_reg_27_
              (rising edge-triggered flip-flop clocked by CLK)
  Endpoint: DP_i_fetch_i_pc_i_Y_reg_25_
            (rising edge-triggered flip-flop clocked by CLK)
  Path Group: REG2REG
  Path Type: max

  Des/Clust/Port     Wire Load Model       Library
  ------------------------------------------------
  DLX                5K_hvratio_1_4        NangateOpenCellLibrary

  Point                                                   Incr       Path
  --------------------------------------------------------------------------
  clock CLK (rise edge)                                 0.0000     0.0000
  clock network delay (ideal)                           0.0500     0.0500
  DP_i_fetch_i_IR_out_reg_27_/CK (DFF_X1)               0.0000     0.0500 r
  DP_i_fetch_i_IR_out_reg_27_/Q (DFF_X1)                0.1113     0.1613 r
  U1968/ZN (XNOR2_X1)                                   0.0704     0.2318 r
  U2280/ZN (NAND2_X1)                                   0.0317     0.2635 f
  U2281/ZN (AND2_X1)                                    0.0416     0.3051 f
  U2285/ZN (NAND2_X1)                                   0.0295     0.3345 r
  U2286/ZN (NAND2_X1)                                   0.0277     0.3622 f
  U2287/ZN (NAND3_X1)                                   0.0328     0.3950 r
  U2292/ZN (NAND2_X1)                                   0.0408     0.4358 f
  U2293/ZN (NAND2_X1)                                   0.0570     0.4927 r
  U898/ZN (AND3_X2)                                     0.0705     0.5633 r
  U3874/ZN (NOR2_X1)                                    0.0311     0.5943 f
  U1603/Z (MUX2_X1)                                     0.0753     0.6696 f
  U3876/ZN (XNOR2_X1)                                   0.0607     0.7303 f
  U1889/ZN (NOR2_X1)                                    0.0414     0.7716 r
  U1851/ZN (OR2_X1)                                     0.0372     0.8088 r
  U1850/ZN (AND2_X1)                                    0.0393     0.8481 r
  U1601/ZN (AND3_X1)                                    0.0524     0.9005 r
  U1891/ZN (OAI211_X1)                                  0.0501     0.9506 f
  U1330/ZN (AND2_X1)                                    0.0504     1.0010 f
  U4043/ZN (AOI22_X1)                                   0.0567     1.0578 r
  U4048/ZN (NAND4_X1)                                   0.0404     1.0982 f
  U1708/ZN (AND2_X1)                                    0.0448     1.1429 f
  U4052/ZN (XNOR2_X1)                                   0.0439     1.1868 r
  U4056/ZN (AND4_X1)                                    0.0643     1.2511 r
  U1067/ZN (AND3_X1)                                    0.0526     1.3037 r
  U4145/ZN (NAND2_X1)                                   0.0323     1.3360 f
  U1276/ZN (NAND3_X1)                                   0.0328     1.3688 r
  U954/ZN (AND2_X2)                                     0.0513     1.4201 r
  U11036/ZN (NAND2_X4)                                  0.0882     1.5083 f
  U12766/ZN (OR2_X1)                                    0.0857     1.5939 f
  U11009/ZN (NAND4_X1)                                  0.0352     1.6291 r
  DP_i_fetch_i_pc_i_Y_reg_25_/D (DFF_X2)                0.0109     1.6400 r
  data arrival time                                                1.6400

  clock CLK (rise edge)                                 1.1500     1.1500
  clock network delay (ideal)                           0.0500     1.2000
  clock uncertainty                                    -0.0500     1.1500
  DP_i_fetch_i_pc_i_Y_reg_25_/CK (DFF_X2)               0.0000     1.1500 r
  library setup time                                   -0.0275     1.1225
  data required time                                               1.1225
  --------------------------------------------------------------------------
  data required time                                               1.1225
  data arrival time                                               -1.6400
  --------------------------------------------------------------------------
  slack (VIOLATED)                                                -0.5176


  Startpoint: DP_i_fetch_i_IR_out_reg_27_
              (rising edge-triggered flip-flop clocked by CLK)
  Endpoint: DP_i_fetch_i_pc_i_Y_reg_2_
            (rising edge-triggered flip-flop clocked by CLK)
  Path Group: REG2REG
  Path Type: max

  Des/Clust/Port     Wire Load Model       Library
  ------------------------------------------------
  DLX                5K_hvratio_1_4        NangateOpenCellLibrary

  Point                                                   Incr       Path
  --------------------------------------------------------------------------
  clock CLK (rise edge)                                 0.0000     0.0000
  clock network delay (ideal)                           0.0500     0.0500
  DP_i_fetch_i_IR_out_reg_27_/CK (DFF_X1)               0.0000     0.0500 r
  DP_i_fetch_i_IR_out_reg_27_/Q (DFF_X1)                0.1113     0.1613 r
  U1968/ZN (XNOR2_X1)                                   0.0704     0.2318 r
  U2280/ZN (NAND2_X1)                                   0.0317     0.2635 f
  U2281/ZN (AND2_X1)                                    0.0416     0.3051 f
  U2285/ZN (NAND2_X1)                                   0.0295     0.3345 r
  U2286/ZN (NAND2_X1)                                   0.0277     0.3622 f
  U2287/ZN (NAND3_X1)                                   0.0328     0.3950 r
  U2292/ZN (NAND2_X1)                                   0.0408     0.4358 f
  U2293/ZN (NAND2_X1)                                   0.0570     0.4927 r
  U898/ZN (AND3_X2)                                     0.0705     0.5633 r
  U3874/ZN (NOR2_X1)                                    0.0311     0.5943 f
  U1603/Z (MUX2_X1)                                     0.0753     0.6696 f
  U3876/ZN (XNOR2_X1)                                   0.0607     0.7303 f
  U1889/ZN (NOR2_X1)                                    0.0414     0.7716 r
  U1851/ZN (OR2_X1)                                     0.0372     0.8088 r
  U1850/ZN (AND2_X1)                                    0.0393     0.8481 r
  U1601/ZN (AND3_X1)                                    0.0524     0.9005 r
  U1891/ZN (OAI211_X1)                                  0.0501     0.9506 f
  U1330/ZN (AND2_X1)                                    0.0504     1.0010 f
  U4043/ZN (AOI22_X1)                                   0.0567     1.0578 r
  U4048/ZN (NAND4_X1)                                   0.0404     1.0982 f
  U1708/ZN (AND2_X1)                                    0.0448     1.1429 f
  U4052/ZN (XNOR2_X1)                                   0.0439     1.1868 r
  U4056/ZN (AND4_X1)                                    0.0643     1.2511 r
  U1067/ZN (AND3_X1)                                    0.0526     1.3037 r
  U4145/ZN (NAND2_X1)                                   0.0323     1.3360 f
  U1276/ZN (NAND3_X1)                                   0.0328     1.3688 r
  U954/ZN (AND2_X2)                                     0.0513     1.4201 r
  U11036/ZN (NAND2_X4)                                  0.0882     1.5083 f
  U12852/ZN (OR2_X1)                                    0.0857     1.5939 f
  U11033/ZN (NAND4_X1)                                  0.0352     1.6291 r
  DP_i_fetch_i_pc_i_Y_reg_2_/D (DFF_X2)                 0.0109     1.6400 r
  data arrival time                                                1.6400

  clock CLK (rise edge)                                 1.1500     1.1500
  clock network delay (ideal)                           0.0500     1.2000
  clock uncertainty                                    -0.0500     1.1500
  DP_i_fetch_i_pc_i_Y_reg_2_/CK (DFF_X2)                0.0000     1.1500 r
  library setup time                                   -0.0275     1.1225
  data required time                                               1.1225
  --------------------------------------------------------------------------
  data required time                                               1.1225
  data arrival time                                               -1.6400
  --------------------------------------------------------------------------
  slack (VIOLATED)                                                -0.5176


  Startpoint: DP_i_fetch_i_IR_out_reg_27_
              (rising edge-triggered flip-flop clocked by CLK)
  Endpoint: DP_i_fetch_i_pc_i_Y_reg_13_
            (rising edge-triggered flip-flop clocked by CLK)
  Path Group: REG2REG
  Path Type: max

  Des/Clust/Port     Wire Load Model       Library
  ------------------------------------------------
  DLX                5K_hvratio_1_4        NangateOpenCellLibrary

  Point                                                   Incr       Path
  --------------------------------------------------------------------------
  clock CLK (rise edge)                                 0.0000     0.0000
  clock network delay (ideal)                           0.0500     0.0500
  DP_i_fetch_i_IR_out_reg_27_/CK (DFF_X1)               0.0000     0.0500 r
  DP_i_fetch_i_IR_out_reg_27_/Q (DFF_X1)                0.1113     0.1613 r
  U1968/ZN (XNOR2_X1)                                   0.0704     0.2318 r
  U2280/ZN (NAND2_X1)                                   0.0317     0.2635 f
  U2281/ZN (AND2_X1)                                    0.0416     0.3051 f
  U2285/ZN (NAND2_X1)                                   0.0295     0.3345 r
  U2286/ZN (NAND2_X1)                                   0.0277     0.3622 f
  U2287/ZN (NAND3_X1)                                   0.0328     0.3950 r
  U2292/ZN (NAND2_X1)                                   0.0408     0.4358 f
  U2293/ZN (NAND2_X1)                                   0.0570     0.4927 r
  U898/ZN (AND3_X2)                                     0.0705     0.5633 r
  U3874/ZN (NOR2_X1)                                    0.0311     0.5943 f
  U1603/Z (MUX2_X1)                                     0.0753     0.6696 f
  U3876/ZN (XNOR2_X1)                                   0.0607     0.7303 f
  U1889/ZN (NOR2_X1)                                    0.0414     0.7716 r
  U1851/ZN (OR2_X1)                                     0.0372     0.8088 r
  U1850/ZN (AND2_X1)                                    0.0393     0.8481 r
  U1601/ZN (AND3_X1)                                    0.0524     0.9005 r
  U1891/ZN (OAI211_X1)                                  0.0501     0.9506 f
  U1330/ZN (AND2_X1)                                    0.0504     1.0010 f
  U4043/ZN (AOI22_X1)                                   0.0567     1.0578 r
  U4048/ZN (NAND4_X1)                                   0.0404     1.0982 f
  U1708/ZN (AND2_X1)                                    0.0448     1.1429 f
  U4052/ZN (XNOR2_X1)                                   0.0439     1.1868 r
  U4056/ZN (AND4_X1)                                    0.0643     1.2511 r
  U1067/ZN (AND3_X1)                                    0.0526     1.3037 r
  U4145/ZN (NAND2_X1)                                   0.0323     1.3360 f
  U1276/ZN (NAND3_X1)                                   0.0328     1.3688 r
  U954/ZN (AND2_X2)                                     0.0513     1.4201 r
  U11036/ZN (NAND2_X4)                                  0.0882     1.5083 f
  U12806/ZN (OR2_X1)                                    0.0857     1.5939 f
  U11004/ZN (NAND4_X1)                                  0.0352     1.6291 r
  DP_i_fetch_i_pc_i_Y_reg_13_/D (DFF_X2)                0.0109     1.6400 r
  data arrival time                                                1.6400

  clock CLK (rise edge)                                 1.1500     1.1500
  clock network delay (ideal)                           0.0500     1.2000
  clock uncertainty                                    -0.0500     1.1500
  DP_i_fetch_i_pc_i_Y_reg_13_/CK (DFF_X2)               0.0000     1.1500 r
  library setup time                                   -0.0275     1.1225
  data required time                                               1.1225
  --------------------------------------------------------------------------
  data required time                                               1.1225
  data arrival time                                               -1.6400
  --------------------------------------------------------------------------
  slack (VIOLATED)                                                -0.5176


1
