 
****************************************
Report : timing
        -path full
        -delay max
        -nworst 2
        -group REG2REG
        -max_paths 10
Design : DLX
Version: W-2024.09-SP2
Date   : Sun Sep 27 03:09:36 2026
****************************************

Operating Conditions: typical   Library: NangateOpenCellLibrary
Wire Load Model Mode: top

  Startpoint: DP_i_fetch_i_IR_out_reg_27_
              (rising edge-triggered flip-flop clocked by CLK)
  Endpoint: DP_i_fetch_i_pc_i_Y_reg_5_
            (rising edge-triggered flip-flop clocked by CLK)
  Path Group: REG2REG
  Path Type: max

  Des/Clust/Port     Wire Load Model       Library
  ------------------------------------------------
  DLX                5K_hvratio_1_4        NangateOpenCellLibrary

  Point                                                   Incr       Path
  --------------------------------------------------------------------------
  clock CLK (rise edge)                                 0.0000     0.0000
  clock network delay (ideal)                           0.0500     0.0500
  DP_i_fetch_i_IR_out_reg_27_/CK (DFF_X1)               0.0000     0.0500 r
  DP_i_fetch_i_IR_out_reg_27_/QN (DFF_X1)               0.0811     0.1311 f
  U3571/ZN (NAND2_X1)                                   0.0429     0.1740 r
  U4497/ZN (NOR2_X1)                                    0.0314     0.2053 f
  U4498/ZN (NAND2_X1)                                   0.0348     0.2402 r
  U6390/ZN (AND2_X1)                                    0.0489     0.2890 r
  U896/ZN (INV_X1)                                      0.0249     0.3139 f
  U898/ZN (NAND2_X1)                                    0.0288     0.3428 r
  U3738/ZN (NAND3_X1)                                   0.0358     0.3785 f
  U3737/ZN (OAI211_X1)                                  0.0379     0.4165 r
  U3688/ZN (AND2_X1)                                    0.0445     0.4609 r
  U3736/ZN (OAI21_X1)                                   0.0272     0.4881 f
  U6401/ZN (AND2_X1)                                    0.0419     0.5301 f
  U6403/ZN (OAI211_X1)                                  0.0536     0.5836 r
  U8710/ZN (AND2_X1)                                    0.0469     0.6305 r
  U6412/ZN (OAI211_X1)                                  0.0310     0.6616 f
  U6413/ZN (OR2_X1)                                     0.0534     0.7149 f
  U3128/ZN (AND2_X1)                                    0.0377     0.7526 f
  U3181/ZN (OAI21_X1)                                   0.0402     0.7929 r
  U6421/ZN (OAI211_X1)                                  0.0348     0.8276 f
  U3630/ZN (AND2_X1)                                    0.0445     0.8721 f
  U6437/ZN (NAND2_X1)                                   0.0421     0.9142 r
  U3495/ZN (OAI211_X1)                                  0.0475     0.9617 f
  U6564/ZN (OAI21_X1)                                   0.0582     1.0198 r
  U3631/ZN (AND3_X1)                                    0.0670     1.0869 r
  U3642/ZN (NAND2_X1)                                   0.0307     1.1176 f
  U3662/ZN (OAI211_X1)                                  0.0400     1.1577 r
  U6669/ZN (XNOR2_X1)                                   0.0667     1.2244 r
  U1070/ZN (AND4_X1)                                    0.0694     1.2938 r
  U6681/ZN (NAND4_X1)                                   0.0364     1.3302 f
  U1081/ZN (AND2_X1)                                    0.0452     1.3754 f
  U3595/ZN (NAND2_X1)                                   0.0429     1.4183 r
  U3763/ZN (OR2_X2)                                     0.1085     1.5267 r
  U12394/ZN (OR2_X1)                                    0.0661     1.5928 r
  U11338/ZN (NAND4_X1)                                  0.0440     1.6368 f
  DP_i_fetch_i_pc_i_Y_reg_5_/D (DFF_X1)                 0.0104     1.6472 f
  data arrival time                                                1.6472

  clock CLK (rise edge)                                 1.5000     1.5000
  clock network delay (ideal)                           0.0500     1.5500
  clock uncertainty                                    -0.0500     1.5000
  DP_i_fetch_i_pc_i_Y_reg_5_/CK (DFF_X1)                0.0000     1.5000 r
  library setup time                                   -0.0275     1.4725
  data required time                                               1.4725
  --------------------------------------------------------------------------
  data required time                                               1.4725
  data arrival time                                               -1.6472
  --------------------------------------------------------------------------
  slack (VIOLATED)                                                -0.1747


  Startpoint: DP_i_fetch_i_IR_out_reg_27_
              (rising edge-triggered flip-flop clocked by CLK)
  Endpoint: DP_i_fetch_i_pc_i_Y_reg_7_
            (rising edge-triggered flip-flop clocked by CLK)
  Path Group: REG2REG
  Path Type: max

  Des/Clust/Port     Wire Load Model       Library
  ------------------------------------------------
  DLX                5K_hvratio_1_4        NangateOpenCellLibrary

  Point                                                   Incr       Path
  --------------------------------------------------------------------------
  clock CLK (rise edge)                                 0.0000     0.0000
  clock network delay (ideal)                           0.0500     0.0500
  DP_i_fetch_i_IR_out_reg_27_/CK (DFF_X1)               0.0000     0.0500 r
  DP_i_fetch_i_IR_out_reg_27_/QN (DFF_X1)               0.0811     0.1311 f
  U3571/ZN (NAND2_X1)                                   0.0429     0.1740 r
  U4497/ZN (NOR2_X1)                                    0.0314     0.2053 f
  U4498/ZN (NAND2_X1)                                   0.0348     0.2402 r
  U6390/ZN (AND2_X1)                                    0.0489     0.2890 r
  U896/ZN (INV_X1)                                      0.0249     0.3139 f
  U898/ZN (NAND2_X1)                                    0.0288     0.3428 r
  U3738/ZN (NAND3_X1)                                   0.0358     0.3785 f
  U3737/ZN (OAI211_X1)                                  0.0379     0.4165 r
  U3688/ZN (AND2_X1)                                    0.0445     0.4609 r
  U3736/ZN (OAI21_X1)                                   0.0272     0.4881 f
  U6401/ZN (AND2_X1)                                    0.0419     0.5301 f
  U6403/ZN (OAI211_X1)                                  0.0536     0.5836 r
  U8710/ZN (AND2_X1)                                    0.0469     0.6305 r
  U6412/ZN (OAI211_X1)                                  0.0310     0.6616 f
  U6413/ZN (OR2_X1)                                     0.0534     0.7149 f
  U3128/ZN (AND2_X1)                                    0.0377     0.7526 f
  U3181/ZN (OAI21_X1)                                   0.0402     0.7929 r
  U6421/ZN (OAI211_X1)                                  0.0348     0.8276 f
  U3630/ZN (AND2_X1)                                    0.0445     0.8721 f
  U6437/ZN (NAND2_X1)                                   0.0421     0.9142 r
  U3495/ZN (OAI211_X1)                                  0.0475     0.9617 f
  U6564/ZN (OAI21_X1)                                   0.0582     1.0198 r
  U3631/ZN (AND3_X1)                                    0.0670     1.0869 r
  U3642/ZN (NAND2_X1)                                   0.0307     1.1176 f
  U3662/ZN (OAI211_X1)                                  0.0400     1.1577 r
  U6669/ZN (XNOR2_X1)                                   0.0667     1.2244 r
  U1070/ZN (AND4_X1)                                    0.0694     1.2938 r
  U6681/ZN (NAND4_X1)                                   0.0364     1.3302 f
  U1081/ZN (AND2_X1)                                    0.0452     1.3754 f
  U3595/ZN (NAND2_X1)                                   0.0429     1.4183 r
  U3763/ZN (OR2_X2)                                     0.1085     1.5267 r
  U12386/ZN (OR2_X1)                                    0.0661     1.5928 r
  U11336/ZN (NAND4_X1)                                  0.0440     1.6368 f
  DP_i_fetch_i_pc_i_Y_reg_7_/D (DFF_X1)                 0.0104     1.6472 f
  data arrival time                                                1.6472

  clock CLK (rise edge)                                 1.5000     1.5000
  clock network delay (ideal)                           0.0500     1.5500
  clock uncertainty                                    -0.0500     1.5000
  DP_i_fetch_i_pc_i_Y_reg_7_/CK (DFF_X1)                0.0000     1.5000 r
  library setup time                                   -0.0275     1.4725
  data required time                                               1.4725
  --------------------------------------------------------------------------
  data required time                                               1.4725
  data arrival time                                               -1.6472
  --------------------------------------------------------------------------
  slack (VIOLATED)                                                -0.1747


  Startpoint: DP_i_fetch_i_IR_out_reg_27_
              (rising edge-triggered flip-flop clocked by CLK)
  Endpoint: DP_i_fetch_i_pc_i_Y_reg_12_
            (rising edge-triggered flip-flop clocked by CLK)
  Path Group: REG2REG
  Path Type: max

  Des/Clust/Port     Wire Load Model       Library
  ------------------------------------------------
  DLX                5K_hvratio_1_4        NangateOpenCellLibrary

  Point                                                   Incr       Path
  --------------------------------------------------------------------------
  clock CLK (rise edge)                                 0.0000     0.0000
  clock network delay (ideal)                           0.0500     0.0500
  DP_i_fetch_i_IR_out_reg_27_/CK (DFF_X1)               0.0000     0.0500 r
  DP_i_fetch_i_IR_out_reg_27_/QN (DFF_X1)               0.0811     0.1311 f
  U3571/ZN (NAND2_X1)                                   0.0429     0.1740 r
  U4497/ZN (NOR2_X1)                                    0.0314     0.2053 f
  U4498/ZN (NAND2_X1)                                   0.0348     0.2402 r
  U6390/ZN (AND2_X1)                                    0.0489     0.2890 r
  U896/ZN (INV_X1)                                      0.0249     0.3139 f
  U898/ZN (NAND2_X1)                                    0.0288     0.3428 r
  U3738/ZN (NAND3_X1)                                   0.0358     0.3785 f
  U3737/ZN (OAI211_X1)                                  0.0379     0.4165 r
  U3688/ZN (AND2_X1)                                    0.0445     0.4609 r
  U3736/ZN (OAI21_X1)                                   0.0272     0.4881 f
  U6401/ZN (AND2_X1)                                    0.0419     0.5301 f
  U6403/ZN (OAI211_X1)                                  0.0536     0.5836 r
  U8710/ZN (AND2_X1)                                    0.0469     0.6305 r
  U6412/ZN (OAI211_X1)                                  0.0310     0.6616 f
  U6413/ZN (OR2_X1)                                     0.0534     0.7149 f
  U3128/ZN (AND2_X1)                                    0.0377     0.7526 f
  U3181/ZN (OAI21_X1)                                   0.0402     0.7929 r
  U6421/ZN (OAI211_X1)                                  0.0348     0.8276 f
  U3630/ZN (AND2_X1)                                    0.0445     0.8721 f
  U6437/ZN (NAND2_X1)                                   0.0421     0.9142 r
  U3495/ZN (OAI211_X1)                                  0.0475     0.9617 f
  U6564/ZN (OAI21_X1)                                   0.0582     1.0198 r
  U3631/ZN (AND3_X1)                                    0.0670     1.0869 r
  U3642/ZN (NAND2_X1)                                   0.0307     1.1176 f
  U3662/ZN (OAI211_X1)                                  0.0400     1.1577 r
  U6669/ZN (XNOR2_X1)                                   0.0667     1.2244 r
  U1070/ZN (AND4_X1)                                    0.0694     1.2938 r
  U6681/ZN (NAND4_X1)                                   0.0364     1.3302 f
  U1081/ZN (AND2_X1)                                    0.0452     1.3754 f
  U3595/ZN (NAND2_X1)                                   0.0429     1.4183 r
  U3763/ZN (OR2_X2)                                     0.1085     1.5267 r
  U12364/ZN (OR2_X1)                                    0.0661     1.5928 r
  U11329/ZN (NAND4_X1)                                  0.0440     1.6368 f
  DP_i_fetch_i_pc_i_Y_reg_12_/D (DFF_X1)                0.0104     1.6472 f
  data arrival time                                                1.6472

  clock CLK (rise edge)                                 1.5000     1.5000
  clock network delay (ideal)                           0.0500     1.5500
  clock uncertainty                                    -0.0500     1.5000
  DP_i_fetch_i_pc_i_Y_reg_12_/CK (DFF_X1)               0.0000     1.5000 r
  library setup time                                   -0.0275     1.4725
  data required time                                               1.4725
  --------------------------------------------------------------------------
  data required time                                               1.4725
  data arrival time                                               -1.6472
  --------------------------------------------------------------------------
  slack (VIOLATED)                                                -0.1747


  Startpoint: DP_i_fetch_i_IR_out_reg_27_
              (rising edge-triggered flip-flop clocked by CLK)
  Endpoint: DP_i_fetch_i_pc_i_Y_reg_15_
            (rising edge-triggered flip-flop clocked by CLK)
  Path Group: REG2REG
  Path Type: max

  Des/Clust/Port     Wire Load Model       Library
  ------------------------------------------------
  DLX                5K_hvratio_1_4        NangateOpenCellLibrary

  Point                                                   Incr       Path
  --------------------------------------------------------------------------
  clock CLK (rise edge)                                 0.0000     0.0000
  clock network delay (ideal)                           0.0500     0.0500
  DP_i_fetch_i_IR_out_reg_27_/CK (DFF_X1)               0.0000     0.0500 r
  DP_i_fetch_i_IR_out_reg_27_/QN (DFF_X1)               0.0811     0.1311 f
  U3571/ZN (NAND2_X1)                                   0.0429     0.1740 r
  U4497/ZN (NOR2_X1)                                    0.0314     0.2053 f
  U4498/ZN (NAND2_X1)                                   0.0348     0.2402 r
  U6390/ZN (AND2_X1)                                    0.0489     0.2890 r
  U896/ZN (INV_X1)                                      0.0249     0.3139 f
  U898/ZN (NAND2_X1)                                    0.0288     0.3428 r
  U3738/ZN (NAND3_X1)                                   0.0358     0.3785 f
  U3737/ZN (OAI211_X1)                                  0.0379     0.4165 r
  U3688/ZN (AND2_X1)                                    0.0445     0.4609 r
  U3736/ZN (OAI21_X1)                                   0.0272     0.4881 f
  U6401/ZN (AND2_X1)                                    0.0419     0.5301 f
  U6403/ZN (OAI211_X1)                                  0.0536     0.5836 r
  U8710/ZN (AND2_X1)                                    0.0469     0.6305 r
  U6412/ZN (OAI211_X1)                                  0.0310     0.6616 f
  U6413/ZN (OR2_X1)                                     0.0534     0.7149 f
  U3128/ZN (AND2_X1)                                    0.0377     0.7526 f
  U3181/ZN (OAI21_X1)                                   0.0402     0.7929 r
  U6421/ZN (OAI211_X1)                                  0.0348     0.8276 f
  U3630/ZN (AND2_X1)                                    0.0445     0.8721 f
  U6437/ZN (NAND2_X1)                                   0.0421     0.9142 r
  U3495/ZN (OAI211_X1)                                  0.0475     0.9617 f
  U6564/ZN (OAI21_X1)                                   0.0582     1.0198 r
  U3631/ZN (AND3_X1)                                    0.0670     1.0869 r
  U3642/ZN (NAND2_X1)                                   0.0307     1.1176 f
  U3662/ZN (OAI211_X1)                                  0.0400     1.1577 r
  U6669/ZN (XNOR2_X1)                                   0.0667     1.2244 r
  U1070/ZN (AND4_X1)                                    0.0694     1.2938 r
  U6681/ZN (NAND4_X1)                                   0.0364     1.3302 f
  U1081/ZN (AND2_X1)                                    0.0452     1.3754 f
  U3595/ZN (NAND2_X1)                                   0.0429     1.4183 r
  U3763/ZN (OR2_X2)                                     0.1085     1.5267 r
  U12351/ZN (OR2_X1)                                    0.0661     1.5928 r
  U11345/ZN (NAND4_X1)                                  0.0440     1.6368 f
  DP_i_fetch_i_pc_i_Y_reg_15_/D (DFF_X1)                0.0104     1.6472 f
  data arrival time                                                1.6472

  clock CLK (rise edge)                                 1.5000     1.5000
  clock network delay (ideal)                           0.0500     1.5500
  clock uncertainty                                    -0.0500     1.5000
  DP_i_fetch_i_pc_i_Y_reg_15_/CK (DFF_X1)               0.0000     1.5000 r
  library setup time                                   -0.0275     1.4725
  data required time                                               1.4725
  --------------------------------------------------------------------------
  data required time                                               1.4725
  data arrival time                                               -1.6472
  --------------------------------------------------------------------------
  slack (VIOLATED)                                                -0.1747


  Startpoint: DP_i_fetch_i_IR_out_reg_27_
              (rising edge-triggered flip-flop clocked by CLK)
  Endpoint: DP_i_fetch_i_pc_i_Y_reg_14_
            (rising edge-triggered flip-flop clocked by CLK)
  Path Group: REG2REG
  Path Type: max

  Des/Clust/Port     Wire Load Model       Library
  ------------------------------------------------
  DLX                5K_hvratio_1_4        NangateOpenCellLibrary

  Point                                                   Incr       Path
  --------------------------------------------------------------------------
  clock CLK (rise edge)                                 0.0000     0.0000
  clock network delay (ideal)                           0.0500     0.0500
  DP_i_fetch_i_IR_out_reg_27_/CK (DFF_X1)               0.0000     0.0500 r
  DP_i_fetch_i_IR_out_reg_27_/QN (DFF_X1)               0.0811     0.1311 f
  U3571/ZN (NAND2_X1)                                   0.0429     0.1740 r
  U4497/ZN (NOR2_X1)                                    0.0314     0.2053 f
  U4498/ZN (NAND2_X1)                                   0.0348     0.2402 r
  U6390/ZN (AND2_X1)                                    0.0489     0.2890 r
  U896/ZN (INV_X1)                                      0.0249     0.3139 f
  U898/ZN (NAND2_X1)                                    0.0288     0.3428 r
  U3738/ZN (NAND3_X1)                                   0.0358     0.3785 f
  U3737/ZN (OAI211_X1)                                  0.0379     0.4165 r
  U3688/ZN (AND2_X1)                                    0.0445     0.4609 r
  U3736/ZN (OAI21_X1)                                   0.0272     0.4881 f
  U6401/ZN (AND2_X1)                                    0.0419     0.5301 f
  U6403/ZN (OAI211_X1)                                  0.0536     0.5836 r
  U8710/ZN (AND2_X1)                                    0.0469     0.6305 r
  U6412/ZN (OAI211_X1)                                  0.0310     0.6616 f
  U6413/ZN (OR2_X1)                                     0.0534     0.7149 f
  U3128/ZN (AND2_X1)                                    0.0377     0.7526 f
  U3181/ZN (OAI21_X1)                                   0.0402     0.7929 r
  U6421/ZN (OAI211_X1)                                  0.0348     0.8276 f
  U3630/ZN (AND2_X1)                                    0.0445     0.8721 f
  U6437/ZN (NAND2_X1)                                   0.0421     0.9142 r
  U3495/ZN (OAI211_X1)                                  0.0475     0.9617 f
  U6564/ZN (OAI21_X1)                                   0.0582     1.0198 r
  U3631/ZN (AND3_X1)                                    0.0670     1.0869 r
  U3642/ZN (NAND2_X1)                                   0.0307     1.1176 f
  U3662/ZN (OAI211_X1)                                  0.0400     1.1577 r
  U6669/ZN (XNOR2_X1)                                   0.0667     1.2244 r
  U1070/ZN (AND4_X1)                                    0.0694     1.2938 r
  U6681/ZN (NAND4_X1)                                   0.0364     1.3302 f
  U1081/ZN (AND2_X1)                                    0.0452     1.3754 f
  U3595/ZN (NAND2_X1)                                   0.0429     1.4183 r
  U3763/ZN (OR2_X2)                                     0.1085     1.5267 r
  U12356/ZN (OR2_X1)                                    0.0661     1.5928 r
  U11346/ZN (NAND4_X1)                                  0.0440     1.6368 f
  DP_i_fetch_i_pc_i_Y_reg_14_/D (DFF_X1)                0.0104     1.6472 f
  data arrival time                                                1.6472

  clock CLK (rise edge)                                 1.5000     1.5000
  clock network delay (ideal)                           0.0500     1.5500
  clock uncertainty                                    -0.0500     1.5000
  DP_i_fetch_i_pc_i_Y_reg_14_/CK (DFF_X1)               0.0000     1.5000 r
  library setup time                                   -0.0275     1.4725
  data required time                                               1.4725
  --------------------------------------------------------------------------
  data required time                                               1.4725
  data arrival time                                               -1.6472
  --------------------------------------------------------------------------
  slack (VIOLATED)                                                -0.1747


  Startpoint: DP_i_fetch_i_IR_out_reg_27_
              (rising edge-triggered flip-flop clocked by CLK)
  Endpoint: DP_i_fetch_i_pc_i_Y_reg_19_
            (rising edge-triggered flip-flop clocked by CLK)
  Path Group: REG2REG
  Path Type: max

  Des/Clust/Port     Wire Load Model       Library
  ------------------------------------------------
  DLX                5K_hvratio_1_4        NangateOpenCellLibrary

  Point                                                   Incr       Path
  --------------------------------------------------------------------------
  clock CLK (rise edge)                                 0.0000     0.0000
  clock network delay (ideal)                           0.0500     0.0500
  DP_i_fetch_i_IR_out_reg_27_/CK (DFF_X1)               0.0000     0.0500 r
  DP_i_fetch_i_IR_out_reg_27_/QN (DFF_X1)               0.0811     0.1311 f
  U3571/ZN (NAND2_X1)                                   0.0429     0.1740 r
  U4497/ZN (NOR2_X1)                                    0.0314     0.2053 f
  U4498/ZN (NAND2_X1)                                   0.0348     0.2402 r
  U6390/ZN (AND2_X1)                                    0.0489     0.2890 r
  U896/ZN (INV_X1)                                      0.0249     0.3139 f
  U898/ZN (NAND2_X1)                                    0.0288     0.3428 r
  U3738/ZN (NAND3_X1)                                   0.0358     0.3785 f
  U3737/ZN (OAI211_X1)                                  0.0379     0.4165 r
  U3688/ZN (AND2_X1)                                    0.0445     0.4609 r
  U3736/ZN (OAI21_X1)                                   0.0272     0.4881 f
  U6401/ZN (AND2_X1)                                    0.0419     0.5301 f
  U6403/ZN (OAI211_X1)                                  0.0536     0.5836 r
  U8710/ZN (AND2_X1)                                    0.0469     0.6305 r
  U6412/ZN (OAI211_X1)                                  0.0310     0.6616 f
  U6413/ZN (OR2_X1)                                     0.0534     0.7149 f
  U3128/ZN (AND2_X1)                                    0.0377     0.7526 f
  U3181/ZN (OAI21_X1)                                   0.0402     0.7929 r
  U6421/ZN (OAI211_X1)                                  0.0348     0.8276 f
  U3630/ZN (AND2_X1)                                    0.0445     0.8721 f
  U6437/ZN (NAND2_X1)                                   0.0421     0.9142 r
  U3495/ZN (OAI211_X1)                                  0.0475     0.9617 f
  U6564/ZN (OAI21_X1)                                   0.0582     1.0198 r
  U3631/ZN (AND3_X1)                                    0.0670     1.0869 r
  U3642/ZN (NAND2_X1)                                   0.0307     1.1176 f
  U3662/ZN (OAI211_X1)                                  0.0400     1.1577 r
  U6669/ZN (XNOR2_X1)                                   0.0667     1.2244 r
  U1070/ZN (AND4_X1)                                    0.0694     1.2938 r
  U6681/ZN (NAND4_X1)                                   0.0364     1.3302 f
  U1081/ZN (AND2_X1)                                    0.0452     1.3754 f
  U3595/ZN (NAND2_X1)                                   0.0429     1.4183 r
  U3763/ZN (OR2_X2)                                     0.1085     1.5267 r
  U12332/ZN (OR2_X1)                                    0.0661     1.5928 r
  U11342/ZN (NAND4_X1)                                  0.0440     1.6368 f
  DP_i_fetch_i_pc_i_Y_reg_19_/D (DFF_X1)                0.0104     1.6472 f
  data arrival time                                                1.6472

  clock CLK (rise edge)                                 1.5000     1.5000
  clock network delay (ideal)                           0.0500     1.5500
  clock uncertainty                                    -0.0500     1.5000
  DP_i_fetch_i_pc_i_Y_reg_19_/CK (DFF_X1)               0.0000     1.5000 r
  library setup time                                   -0.0275     1.4725
  data required time                                               1.4725
  --------------------------------------------------------------------------
  data required time                                               1.4725
  data arrival time                                               -1.6472
  --------------------------------------------------------------------------
  slack (VIOLATED)                                                -0.1747


  Startpoint: DP_i_fetch_i_IR_out_reg_27_
              (rising edge-triggered flip-flop clocked by CLK)
  Endpoint: DP_i_fetch_i_pc_i_Y_reg_28_
            (rising edge-triggered flip-flop clocked by CLK)
  Path Group: REG2REG
  Path Type: max

  Des/Clust/Port     Wire Load Model       Library
  ------------------------------------------------
  DLX                5K_hvratio_1_4        NangateOpenCellLibrary

  Point                                                   Incr       Path
  --------------------------------------------------------------------------
  clock CLK (rise edge)                                 0.0000     0.0000
  clock network delay (ideal)                           0.0500     0.0500
  DP_i_fetch_i_IR_out_reg_27_/CK (DFF_X1)               0.0000     0.0500 r
  DP_i_fetch_i_IR_out_reg_27_/QN (DFF_X1)               0.0811     0.1311 f
  U3571/ZN (NAND2_X1)                                   0.0429     0.1740 r
  U4497/ZN (NOR2_X1)                                    0.0314     0.2053 f
  U4498/ZN (NAND2_X1)                                   0.0348     0.2402 r
  U6390/ZN (AND2_X1)                                    0.0489     0.2890 r
  U896/ZN (INV_X1)                                      0.0249     0.3139 f
  U898/ZN (NAND2_X1)                                    0.0288     0.3428 r
  U3738/ZN (NAND3_X1)                                   0.0358     0.3785 f
  U3737/ZN (OAI211_X1)                                  0.0379     0.4165 r
  U3688/ZN (AND2_X1)                                    0.0445     0.4609 r
  U3736/ZN (OAI21_X1)                                   0.0272     0.4881 f
  U6401/ZN (AND2_X1)                                    0.0419     0.5301 f
  U6403/ZN (OAI211_X1)                                  0.0536     0.5836 r
  U8710/ZN (AND2_X1)                                    0.0469     0.6305 r
  U6412/ZN (OAI211_X1)                                  0.0310     0.6616 f
  U6413/ZN (OR2_X1)                                     0.0534     0.7149 f
  U3128/ZN (AND2_X1)                                    0.0377     0.7526 f
  U3181/ZN (OAI21_X1)                                   0.0402     0.7929 r
  U6421/ZN (OAI211_X1)                                  0.0348     0.8276 f
  U3630/ZN (AND2_X1)                                    0.0445     0.8721 f
  U6437/ZN (NAND2_X1)                                   0.0421     0.9142 r
  U3495/ZN (OAI211_X1)                                  0.0475     0.9617 f
  U6564/ZN (OAI21_X1)                                   0.0582     1.0198 r
  U3631/ZN (AND3_X1)                                    0.0670     1.0869 r
  U3642/ZN (NAND2_X1)                                   0.0307     1.1176 f
  U3662/ZN (OAI211_X1)                                  0.0400     1.1577 r
  U6669/ZN (XNOR2_X1)                                   0.0667     1.2244 r
  U1070/ZN (AND4_X1)                                    0.0694     1.2938 r
  U6681/ZN (NAND4_X1)                                   0.0364     1.3302 f
  U1081/ZN (AND2_X1)                                    0.0452     1.3754 f
  U3595/ZN (NAND2_X1)                                   0.0429     1.4183 r
  U3763/ZN (OR2_X2)                                     0.1085     1.5267 r
  U12293/ZN (OR2_X1)                                    0.0661     1.5928 r
  U12294/ZN (NAND4_X1)                                  0.0440     1.6368 f
  DP_i_fetch_i_pc_i_Y_reg_28_/D (DFF_X1)                0.0104     1.6472 f
  data arrival time                                                1.6472

  clock CLK (rise edge)                                 1.5000     1.5000
  clock network delay (ideal)                           0.0500     1.5500
  clock uncertainty                                    -0.0500     1.5000
  DP_i_fetch_i_pc_i_Y_reg_28_/CK (DFF_X1)               0.0000     1.5000 r
  library setup time                                   -0.0275     1.4725
  data required time                                               1.4725
  --------------------------------------------------------------------------
  data required time                                               1.4725
  data arrival time                                               -1.6472
  --------------------------------------------------------------------------
  slack (VIOLATED)                                                -0.1747


  Startpoint: DP_i_fetch_i_IR_out_reg_27_
              (rising edge-triggered flip-flop clocked by CLK)
  Endpoint: DP_i_fetch_i_pc_i_Y_reg_20_
            (rising edge-triggered flip-flop clocked by CLK)
  Path Group: REG2REG
  Path Type: max

  Des/Clust/Port     Wire Load Model       Library
  ------------------------------------------------
  DLX                5K_hvratio_1_4        NangateOpenCellLibrary

  Point                                                   Incr       Path
  --------------------------------------------------------------------------
  clock CLK (rise edge)                                 0.0000     0.0000
  clock network delay (ideal)                           0.0500     0.0500
  DP_i_fetch_i_IR_out_reg_27_/CK (DFF_X1)               0.0000     0.0500 r
  DP_i_fetch_i_IR_out_reg_27_/QN (DFF_X1)               0.0811     0.1311 f
  U3571/ZN (NAND2_X1)                                   0.0429     0.1740 r
  U4497/ZN (NOR2_X1)                                    0.0314     0.2053 f
  U4498/ZN (NAND2_X1)                                   0.0348     0.2402 r
  U6390/ZN (AND2_X1)                                    0.0489     0.2890 r
  U896/ZN (INV_X1)                                      0.0249     0.3139 f
  U898/ZN (NAND2_X1)                                    0.0288     0.3428 r
  U3738/ZN (NAND3_X1)                                   0.0358     0.3785 f
  U3737/ZN (OAI211_X1)                                  0.0379     0.4165 r
  U3688/ZN (AND2_X1)                                    0.0445     0.4609 r
  U3736/ZN (OAI21_X1)                                   0.0272     0.4881 f
  U6401/ZN (AND2_X1)                                    0.0419     0.5301 f
  U6403/ZN (OAI211_X1)                                  0.0536     0.5836 r
  U8710/ZN (AND2_X1)                                    0.0469     0.6305 r
  U6412/ZN (OAI211_X1)                                  0.0310     0.6616 f
  U6413/ZN (OR2_X1)                                     0.0534     0.7149 f
  U3128/ZN (AND2_X1)                                    0.0377     0.7526 f
  U3181/ZN (OAI21_X1)                                   0.0402     0.7929 r
  U6421/ZN (OAI211_X1)                                  0.0348     0.8276 f
  U3630/ZN (AND2_X1)                                    0.0445     0.8721 f
  U6437/ZN (NAND2_X1)                                   0.0421     0.9142 r
  U3495/ZN (OAI211_X1)                                  0.0475     0.9617 f
  U6564/ZN (OAI21_X1)                                   0.0582     1.0198 r
  U3631/ZN (AND3_X1)                                    0.0670     1.0869 r
  U3642/ZN (NAND2_X1)                                   0.0307     1.1176 f
  U3662/ZN (OAI211_X1)                                  0.0400     1.1577 r
  U6669/ZN (XNOR2_X1)                                   0.0667     1.2244 r
  U1070/ZN (AND4_X1)                                    0.0694     1.2938 r
  U6681/ZN (NAND4_X1)                                   0.0364     1.3302 f
  U1081/ZN (AND2_X1)                                    0.0452     1.3754 f
  U3595/ZN (NAND2_X1)                                   0.0429     1.4183 r
  U3763/ZN (OR2_X2)                                     0.1085     1.5267 r
  U12327/ZN (OR2_X1)                                    0.0661     1.5928 r
  U11326/ZN (NAND4_X1)                                  0.0440     1.6368 f
  DP_i_fetch_i_pc_i_Y_reg_20_/D (DFF_X1)                0.0104     1.6472 f
  data arrival time                                                1.6472

  clock CLK (rise edge)                                 1.5000     1.5000
  clock network delay (ideal)                           0.0500     1.5500
  clock uncertainty                                    -0.0500     1.5000
  DP_i_fetch_i_pc_i_Y_reg_20_/CK (DFF_X1)               0.0000     1.5000 r
  library setup time                                   -0.0275     1.4725
  data required time                                               1.4725
  --------------------------------------------------------------------------
  data required time                                               1.4725
  data arrival time                                               -1.6472
  --------------------------------------------------------------------------
  slack (VIOLATED)                                                -0.1747


  Startpoint: DP_i_fetch_i_IR_out_reg_27_
              (rising edge-triggered flip-flop clocked by CLK)
  Endpoint: DP_i_fetch_i_pc_i_Y_reg_0_
            (rising edge-triggered flip-flop clocked by CLK)
  Path Group: REG2REG
  Path Type: max

  Des/Clust/Port     Wire Load Model       Library
  ------------------------------------------------
  DLX                5K_hvratio_1_4        NangateOpenCellLibrary

  Point                                                   Incr       Path
  --------------------------------------------------------------------------
  clock CLK (rise edge)                                 0.0000     0.0000
  clock network delay (ideal)                           0.0500     0.0500
  DP_i_fetch_i_IR_out_reg_27_/CK (DFF_X1)               0.0000     0.0500 r
  DP_i_fetch_i_IR_out_reg_27_/QN (DFF_X1)               0.0811     0.1311 f
  U3571/ZN (NAND2_X1)                                   0.0429     0.1740 r
  U4497/ZN (NOR2_X1)                                    0.0314     0.2053 f
  U4498/ZN (NAND2_X1)                                   0.0348     0.2402 r
  U6390/ZN (AND2_X1)                                    0.0489     0.2890 r
  U896/ZN (INV_X1)                                      0.0249     0.3139 f
  U898/ZN (NAND2_X1)                                    0.0288     0.3428 r
  U3738/ZN (NAND3_X1)                                   0.0358     0.3785 f
  U3737/ZN (OAI211_X1)                                  0.0379     0.4165 r
  U3688/ZN (AND2_X1)                                    0.0445     0.4609 r
  U3736/ZN (OAI21_X1)                                   0.0272     0.4881 f
  U6401/ZN (AND2_X1)                                    0.0419     0.5301 f
  U6403/ZN (OAI211_X1)                                  0.0536     0.5836 r
  U8710/ZN (AND2_X1)                                    0.0469     0.6305 r
  U6412/ZN (OAI211_X1)                                  0.0310     0.6616 f
  U6413/ZN (OR2_X1)                                     0.0534     0.7149 f
  U3128/ZN (AND2_X1)                                    0.0377     0.7526 f
  U3181/ZN (OAI21_X1)                                   0.0402     0.7929 r
  U6421/ZN (OAI211_X1)                                  0.0348     0.8276 f
  U3630/ZN (AND2_X1)                                    0.0445     0.8721 f
  U6437/ZN (NAND2_X1)                                   0.0421     0.9142 r
  U3495/ZN (OAI211_X1)                                  0.0475     0.9617 f
  U6564/ZN (OAI21_X1)                                   0.0582     1.0198 r
  U3631/ZN (AND3_X1)                                    0.0670     1.0869 r
  U3642/ZN (NAND2_X1)                                   0.0307     1.1176 f
  U3662/ZN (OAI211_X1)                                  0.0400     1.1577 r
  U6669/ZN (XNOR2_X1)                                   0.0667     1.2244 r
  U1070/ZN (AND4_X1)                                    0.0694     1.2938 r
  U6681/ZN (NAND4_X1)                                   0.0364     1.3302 f
  U1081/ZN (AND2_X1)                                    0.0452     1.3754 f
  U3595/ZN (NAND2_X1)                                   0.0429     1.4183 r
  U3763/ZN (OR2_X2)                                     0.1085     1.5267 r
  U12287/ZN (OR2_X1)                                    0.0661     1.5928 r
  U11331/ZN (NAND4_X1)                                  0.0440     1.6368 f
  DP_i_fetch_i_pc_i_Y_reg_0_/D (DFF_X1)                 0.0104     1.6472 f
  data arrival time                                                1.6472

  clock CLK (rise edge)                                 1.5000     1.5000
  clock network delay (ideal)                           0.0500     1.5500
  clock uncertainty                                    -0.0500     1.5000
  DP_i_fetch_i_pc_i_Y_reg_0_/CK (DFF_X1)                0.0000     1.5000 r
  library setup time                                   -0.0275     1.4725
  data required time                                               1.4725
  --------------------------------------------------------------------------
  data required time                                               1.4725
  data arrival time                                               -1.6472
  --------------------------------------------------------------------------
  slack (VIOLATED)                                                -0.1747


  Startpoint: DP_i_fetch_i_IR_out_reg_27_
              (rising edge-triggered flip-flop clocked by CLK)
  Endpoint: DP_i_fetch_i_pc_i_Y_reg_1_
            (rising edge-triggered flip-flop clocked by CLK)
  Path Group: REG2REG
  Path Type: max

  Des/Clust/Port     Wire Load Model       Library
  ------------------------------------------------
  DLX                5K_hvratio_1_4        NangateOpenCellLibrary

  Point                                                   Incr       Path
  --------------------------------------------------------------------------
  clock CLK (rise edge)                                 0.0000     0.0000
  clock network delay (ideal)                           0.0500     0.0500
  DP_i_fetch_i_IR_out_reg_27_/CK (DFF_X1)               0.0000     0.0500 r
  DP_i_fetch_i_IR_out_reg_27_/QN (DFF_X1)               0.0811     0.1311 f
  U3571/ZN (NAND2_X1)                                   0.0429     0.1740 r
  U4497/ZN (NOR2_X1)                                    0.0314     0.2053 f
  U4498/ZN (NAND2_X1)                                   0.0348     0.2402 r
  U6390/ZN (AND2_X1)                                    0.0489     0.2890 r
  U896/ZN (INV_X1)                                      0.0249     0.3139 f
  U898/ZN (NAND2_X1)                                    0.0288     0.3428 r
  U3738/ZN (NAND3_X1)                                   0.0358     0.3785 f
  U3737/ZN (OAI211_X1)                                  0.0379     0.4165 r
  U3688/ZN (AND2_X1)                                    0.0445     0.4609 r
  U3736/ZN (OAI21_X1)                                   0.0272     0.4881 f
  U6401/ZN (AND2_X1)                                    0.0419     0.5301 f
  U6403/ZN (OAI211_X1)                                  0.0536     0.5836 r
  U8710/ZN (AND2_X1)                                    0.0469     0.6305 r
  U6412/ZN (OAI211_X1)                                  0.0310     0.6616 f
  U6413/ZN (OR2_X1)                                     0.0534     0.7149 f
  U3128/ZN (AND2_X1)                                    0.0377     0.7526 f
  U3181/ZN (OAI21_X1)                                   0.0402     0.7929 r
  U6421/ZN (OAI211_X1)                                  0.0348     0.8276 f
  U3630/ZN (AND2_X1)                                    0.0445     0.8721 f
  U6437/ZN (NAND2_X1)                                   0.0421     0.9142 r
  U3495/ZN (OAI211_X1)                                  0.0475     0.9617 f
  U6564/ZN (OAI21_X1)                                   0.0582     1.0198 r
  U3631/ZN (AND3_X1)                                    0.0670     1.0869 r
  U3642/ZN (NAND2_X1)                                   0.0307     1.1176 f
  U3662/ZN (OAI211_X1)                                  0.0400     1.1577 r
  U6669/ZN (XNOR2_X1)                                   0.0667     1.2244 r
  U1070/ZN (AND4_X1)                                    0.0694     1.2938 r
  U6681/ZN (NAND4_X1)                                   0.0364     1.3302 f
  U1081/ZN (AND2_X1)                                    0.0452     1.3754 f
  U3595/ZN (NAND2_X1)                                   0.0429     1.4183 r
  U3763/ZN (OR2_X2)                                     0.1085     1.5267 r
  U12411/ZN (OR2_X1)                                    0.0661     1.5928 r
  U11330/ZN (NAND4_X1)                                  0.0440     1.6368 f
  DP_i_fetch_i_pc_i_Y_reg_1_/D (DFF_X1)                 0.0104     1.6472 f
  data arrival time                                                1.6472

  clock CLK (rise edge)                                 1.5000     1.5000
  clock network delay (ideal)                           0.0500     1.5500
  clock uncertainty                                    -0.0500     1.5000
  DP_i_fetch_i_pc_i_Y_reg_1_/CK (DFF_X1)                0.0000     1.5000 r
  library setup time                                   -0.0275     1.4725
  data required time                                               1.4725
  --------------------------------------------------------------------------
  data required time                                               1.4725
  data arrival time                                               -1.6472
  --------------------------------------------------------------------------
  slack (VIOLATED)                                                -0.1747


1
