 
****************************************
Report : timing
        -path full
        -delay max
        -nworst 2
        -group REG2REG
        -max_paths 10
Design : DLX
Version: W-2024.09-SP2
Date   : Sun Sep 27 03:37:15 2026
****************************************

Operating Conditions: typical   Library: NangateOpenCellLibrary
Wire Load Model Mode: top

  Startpoint: DP_i/execute_i_rd_out_reg_i_Y_reg_1_
              (rising edge-triggered flip-flop clocked by CLK)
  Endpoint: DP_i/execute_i_zero_alu_bit_Y_reg
            (rising edge-triggered flip-flop clocked by CLK)
  Path Group: REG2REG
  Path Type: max

  Des/Clust/Port     Wire Load Model       Library
  ------------------------------------------------
  DLX                5K_hvratio_1_4        NangateOpenCellLibrary

  Point                                                   Incr       Path
  --------------------------------------------------------------------------
  clock CLK (rise edge)                                 0.0000     0.0000
  clock network delay (ideal)                           0.0500     0.0500
  DP_i/execute_i_rd_out_reg_i_Y_reg_1_/CK (DFF_X1)      0.0000     0.0500 r
  DP_i/execute_i_rd_out_reg_i_Y_reg_1_/Q (DFF_X1)       0.1291     0.1791 r
  DP_i/rd_ex_mem[1] (DataPath)                          0.0000     0.1791 r
  U1061/ZN (INV_X1)                                     0.0526     0.2317 f
  U1069/ZN (AOI22_X1)                                   0.0641     0.2957 r
  U1070/ZN (OAI221_X1)                                  0.0505     0.3462 f
  U1073/ZN (NOR3_X1)                                    0.1736     0.5198 r
  U1259/ZN (NOR4_X1)                                    0.0460     0.5658 f
  DP_i/fw_mem_ex_rs2 (DataPath)                         0.0000     0.5658 f
  DP_i/U365/ZN (NOR2_X1)                                0.1780     0.7438 r
  DP_i/U375/Z (BUF_X1)                                  0.1736     0.9174 r
  DP_i/U600/ZN (AOI22_X1)                               0.0740     0.9914 f
  DP_i/U601/ZN (OAI21_X1)                               0.0578     1.0492 r
  DP_i/U602/ZN (AOI22_X1)                               0.0582     1.1074 f
  DP_i/U132/ZN (INV_X2)                                 0.1770     1.2844 r
  DP_i/U1625/ZN (AOI22_X1)                              0.0914     1.3758 f
  DP_i/U1629/ZN (INV_X1)                                0.0467     1.4225 r
  DP_i/U1630/ZN (NAND2_X1)                              0.0367     1.4592 f
  DP_i/U1631/ZN (INV_X1)                                0.0357     1.4948 r
  DP_i/U1632/ZN (AOI21_X1)                              0.0305     1.5253 f
  DP_i/U1633/ZN (NAND2_X1)                              0.0337     1.5590 r
  DP_i/U1635/ZN (OAI221_X1)                             0.0469     1.6059 f
  DP_i/U1636/ZN (NAND2_X1)                              0.0495     1.6554 r
  DP_i/U1637/ZN (NOR2_X1)                               0.0332     1.6886 f
  DP_i/U1638/ZN (NAND2_X1)                              0.0456     1.7342 r
  DP_i/U1639/ZN (INV_X1)                                0.0277     1.7619 f
  DP_i/U1641/ZN (NOR2_X1)                               0.0609     1.8228 r
  DP_i/U1644/ZN (NAND2_X1)                              0.0363     1.8591 f
  DP_i/U1646/ZN (NAND3_X1)                              0.0406     1.8997 r
  DP_i/U1649/ZN (NOR2_X1)                               0.0331     1.9328 f
  DP_i/U2249/ZN (AND2_X1)                               0.0510     1.9838 f
  DP_i/U2256/ZN (AOI21_X1)                              0.0663     2.0501 r
  DP_i/U2259/ZN (NAND2_X1)                              0.0368     2.0869 f
  DP_i/U2261/ZN (NAND3_X1)                              0.0408     2.1278 r
  DP_i/U2265/ZN (NOR2_X1)                               0.0341     2.1619 f
  DP_i/U3457/ZN (NAND2_X1)                              0.0409     2.2027 r
  DP_i/U3458/ZN (OAI22_X1)                              0.0395     2.2423 f
  DP_i/U3459/ZN (AOI21_X1)                              0.0626     2.3049 r
  DP_i/U6532/CO (FA_X1)                                 0.0857     2.3905 r
  DP_i/U4960/ZN (NOR2_X1)                               0.0342     2.4248 f
  DP_i/U4964/ZN (AOI22_X1)                              0.0476     2.4723 r
  DP_i/U4965/ZN (OAI221_X1)                             0.0544     2.5267 f
  DP_i/U6592/CO (FA_X1)                                 0.1047     2.6314 f
  DP_i/U5128/ZN (INV_X1)                                0.0353     2.6666 r
  DP_i/U5129/ZN (NOR2_X1)                               0.0250     2.6917 f
  DP_i/U5130/ZN (AND2_X1)                               0.0509     2.7426 f
  DP_i/U5142/ZN (OAI211_X1)                             0.0473     2.7899 r
  DP_i/U5144/ZN (NAND2_X1)                              0.0404     2.8303 f
  DP_i/U6780/ZN (NAND2_X1)                              0.0418     2.8721 r
  DP_i/U6782/ZN (AOI21_X1)                              0.0375     2.9096 f
  DP_i/U6785/ZN (NAND2_X1)                              0.0421     2.9517 r
  DP_i/U6821/ZN (NOR2_X1)                               0.0377     2.9895 f
  DP_i/U6831/ZN (OAI21_X1)                              0.0601     3.0496 r
  DP_i/U6836/Z (XOR2_X1)                                0.1056     3.1552 r
  DP_i/U6856/ZN (NAND3_X1)                              0.0641     3.2193 f
  DP_i/U6859/ZN (INV_X1)                                0.0426     3.2619 r
  DP_i/U6860/ZN (NAND2_X1)                              0.0314     3.2933 f
  DP_i/U6861/ZN (OAI211_X1)                             0.0441     3.3374 r
  DP_i/U6862/ZN (AOI221_X1)                             0.0352     3.3727 f
  DP_i/U6863/ZN (OAI211_X1)                             0.0523     3.4250 r
  DP_i/U6864/ZN (OAI211_X1)                             0.0451     3.4701 f
  DP_i/U6865/ZN (AOI211_X1)                             0.1006     3.5707 r
  DP_i/U4011/ZN (NAND4_X1)                              0.0519     3.6227 f
  DP_i/U4012/ZN (NOR3_X1)                               0.0650     3.6876 r
  DP_i/U2/Z (MUX2_X1)                                   0.0489     3.7365 r
  DP_i/execute_i_zero_alu_bit_Y_reg/D (DFF_X1)          0.0110     3.7475 r
  data arrival time                                                3.7475

  clock CLK (rise edge)                                 4.0000     4.0000
  clock network delay (ideal)                           0.0500     4.0500
  clock uncertainty                                    -0.0500     4.0000
  DP_i/execute_i_zero_alu_bit_Y_reg/CK (DFF_X1)         0.0000     4.0000 r
  library setup time                                   -0.0274     3.9726
  data required time                                               3.9726
  --------------------------------------------------------------------------
  data required time                                               3.9726
  data arrival time                                               -3.7475
  --------------------------------------------------------------------------
  slack (MET)                                                      0.2251


  Startpoint: DP_i/execute_i_rd_out_reg_i_Y_reg_1_
              (rising edge-triggered flip-flop clocked by CLK)
  Endpoint: DP_i/execute_i_zero_alu_bit_Y_reg
            (rising edge-triggered flip-flop clocked by CLK)
  Path Group: REG2REG
  Path Type: max

  Des/Clust/Port     Wire Load Model       Library
  ------------------------------------------------
  DLX                5K_hvratio_1_4        NangateOpenCellLibrary

  Point                                                   Incr       Path
  --------------------------------------------------------------------------
  clock CLK (rise edge)                                 0.0000     0.0000
  clock network delay (ideal)                           0.0500     0.0500
  DP_i/execute_i_rd_out_reg_i_Y_reg_1_/CK (DFF_X1)      0.0000     0.0500 r
  DP_i/execute_i_rd_out_reg_i_Y_reg_1_/Q (DFF_X1)       0.1291     0.1791 r
  DP_i/rd_ex_mem[1] (DataPath)                          0.0000     0.1791 r
  U1061/ZN (INV_X1)                                     0.0526     0.2317 f
  U1069/ZN (AOI22_X1)                                   0.0641     0.2957 r
  U1070/ZN (OAI221_X1)                                  0.0505     0.3462 f
  U1073/ZN (NOR3_X1)                                    0.1736     0.5198 r
  U1259/ZN (NOR4_X1)                                    0.0460     0.5658 f
  DP_i/fw_mem_ex_rs2 (DataPath)                         0.0000     0.5658 f
  DP_i/U365/ZN (NOR2_X1)                                0.1780     0.7438 r
  DP_i/U375/Z (BUF_X1)                                  0.1736     0.9174 r
  DP_i/U600/ZN (AOI22_X1)                               0.0740     0.9914 f
  DP_i/U601/ZN (OAI21_X1)                               0.0578     1.0492 r
  DP_i/U602/ZN (AOI22_X1)                               0.0582     1.1074 f
  DP_i/U132/ZN (INV_X2)                                 0.1770     1.2844 r
  DP_i/U1625/ZN (AOI22_X1)                              0.0914     1.3758 f
  DP_i/U1629/ZN (INV_X1)                                0.0467     1.4225 r
  DP_i/U1630/ZN (NAND2_X1)                              0.0367     1.4592 f
  DP_i/U1631/ZN (INV_X1)                                0.0357     1.4948 r
  DP_i/U1632/ZN (AOI21_X1)                              0.0305     1.5253 f
  DP_i/U1633/ZN (NAND2_X1)                              0.0337     1.5590 r
  DP_i/U1635/ZN (OAI221_X1)                             0.0469     1.6059 f
  DP_i/U1636/ZN (NAND2_X1)                              0.0495     1.6554 r
  DP_i/U1637/ZN (NOR2_X1)                               0.0332     1.6886 f
  DP_i/U1638/ZN (NAND2_X1)                              0.0456     1.7342 r
  DP_i/U1639/ZN (INV_X1)                                0.0277     1.7619 f
  DP_i/U1641/ZN (NOR2_X1)                               0.0609     1.8228 r
  DP_i/U1644/ZN (NAND2_X1)                              0.0363     1.8591 f
  DP_i/U1646/ZN (NAND3_X1)                              0.0406     1.8997 r
  DP_i/U1649/ZN (NOR2_X1)                               0.0331     1.9328 f
  DP_i/U2249/ZN (AND2_X1)                               0.0510     1.9838 f
  DP_i/U2256/ZN (AOI21_X1)                              0.0663     2.0501 r
  DP_i/U2259/ZN (NAND2_X1)                              0.0368     2.0869 f
  DP_i/U2261/ZN (NAND3_X1)                              0.0408     2.1278 r
  DP_i/U2265/ZN (NOR2_X1)                               0.0341     2.1619 f
  DP_i/U3457/ZN (NAND2_X1)                              0.0409     2.2027 r
  DP_i/U3458/ZN (OAI22_X1)                              0.0395     2.2423 f
  DP_i/U3459/ZN (AOI21_X1)                              0.0626     2.3049 r
  DP_i/U6532/CO (FA_X1)                                 0.0857     2.3905 r
  DP_i/U4960/ZN (NOR2_X1)                               0.0342     2.4248 f
  DP_i/U4964/ZN (AOI22_X1)                              0.0476     2.4723 r
  DP_i/U4965/ZN (OAI221_X1)                             0.0544     2.5267 f
  DP_i/U6592/CO (FA_X1)                                 0.1047     2.6314 f
  DP_i/U5128/ZN (INV_X1)                                0.0353     2.6666 r
  DP_i/U5129/ZN (NOR2_X1)                               0.0250     2.6917 f
  DP_i/U5130/ZN (AND2_X1)                               0.0509     2.7426 f
  DP_i/U5142/ZN (OAI211_X1)                             0.0473     2.7899 r
  DP_i/U5144/ZN (NAND2_X1)                              0.0404     2.8303 f
  DP_i/U6780/ZN (NAND2_X1)                              0.0418     2.8721 r
  DP_i/U6782/ZN (AOI21_X1)                              0.0375     2.9096 f
  DP_i/U6785/ZN (NAND2_X1)                              0.0421     2.9517 r
  DP_i/U6821/ZN (NOR2_X1)                               0.0377     2.9895 f
  DP_i/U6831/ZN (OAI21_X1)                              0.0601     3.0496 r
  DP_i/U6836/Z (XOR2_X1)                                0.1056     3.1552 r
  DP_i/U6856/ZN (NAND3_X1)                              0.0641     3.2193 f
  DP_i/U6859/ZN (INV_X1)                                0.0426     3.2619 r
  DP_i/U6860/ZN (NAND2_X1)                              0.0314     3.2933 f
  DP_i/U6861/ZN (OAI211_X1)                             0.0441     3.3374 r
  DP_i/U6862/ZN (AOI221_X1)                             0.0352     3.3727 f
  DP_i/U6863/ZN (OAI211_X1)                             0.0523     3.4250 r
  DP_i/U6864/ZN (OAI211_X1)                             0.0451     3.4701 f
  DP_i/U6865/ZN (AOI211_X1)                             0.1006     3.5707 r
  DP_i/U4011/ZN (NAND4_X1)                              0.0519     3.6227 f
  DP_i/U4012/ZN (NOR3_X1)                               0.0650     3.6876 r
  DP_i/U2/Z (MUX2_X1)                                   0.0489     3.7365 r
  DP_i/execute_i_zero_alu_bit_Y_reg/D (DFF_X1)          0.0110     3.7475 r
  data arrival time                                                3.7475

  clock CLK (rise edge)                                 4.0000     4.0000
  clock network delay (ideal)                           0.0500     4.0500
  clock uncertainty                                    -0.0500     4.0000
  DP_i/execute_i_zero_alu_bit_Y_reg/CK (DFF_X1)         0.0000     4.0000 r
  library setup time                                   -0.0274     3.9726
  data required time                                               3.9726
  --------------------------------------------------------------------------
  data required time                                               3.9726
  data arrival time                                               -3.7475
  --------------------------------------------------------------------------
  slack (MET)                                                      0.2251


  Startpoint: DP_i/fetch_i_IR_out_reg_26_
              (rising edge-triggered flip-flop clocked by CLK)
  Endpoint: DP_i/fetch_i_pc_i_Y_reg_2_
            (rising edge-triggered flip-flop clocked by CLK)
  Path Group: REG2REG
  Path Type: max

  Des/Clust/Port     Wire Load Model       Library
  ------------------------------------------------
  DLX                5K_hvratio_1_4        NangateOpenCellLibrary

  Point                                                   Incr       Path
  --------------------------------------------------------------------------
  clock CLK (rise edge)                                 0.0000     0.0000
  clock network delay (ideal)                           0.0500     0.0500
  DP_i/fetch_i_IR_out_reg_26_/CK (DFF_X1)               0.0000     0.0500 r
  DP_i/fetch_i_IR_out_reg_26_/Q (DFF_X1)                0.1904     0.2404 r
  DP_i/opcode[0] (DataPath)                             0.0000     0.2404 r
  U796/ZN (INV_X1)                                      0.0840     0.3245 f
  U862/ZN (NAND3_X1)                                    0.0761     0.4006 r
  U863/ZN (NOR2_X2)                                     0.0721     0.4727 f
  DP_i/RF2 (DataPath)                                   0.0000     0.4727 f
  DP_i/U391/ZN (INV_X1)                                 0.1295     0.6022 r
  DP_i/U403/ZN (NAND3_X1)                               0.0654     0.6676 f
  DP_i/U404/ZN (OAI21_X1)                               0.0469     0.7145 r
  DP_i/U405/ZN (NAND2_X1)                               0.0392     0.7536 f
  DP_i/U406/ZN (NAND2_X1)                               0.0388     0.7925 r
  DP_i/U407/ZN (NAND2_X1)                               0.0400     0.8325 f
  DP_i/U408/ZN (NOR2_X1)                                0.0906     0.9231 r
  DP_i/U411/ZN (OAI22_X1)                               0.0480     0.9710 f
  DP_i/U413/ZN (OAI21_X1)                               0.0844     1.0554 r
  DP_i/U414/ZN (INV_X1)                                 0.0368     1.0922 f
  DP_i/U428/ZN (OAI21_X1)                               0.0507     1.1429 r
  DP_i/U781/CO (FA_X1)                                  0.0780     1.2209 r
  DP_i/U782/ZN (INV_X1)                                 0.0356     1.2565 f
  DP_i/U822/ZN (OAI211_X1)                              0.0594     1.3159 r
  DP_i/U823/ZN (NAND2_X1)                               0.0396     1.3555 f
  DP_i/U1252/ZN (OAI21_X1)                              0.0436     1.3990 r
  DP_i/U1253/ZN (NAND2_X1)                              0.0438     1.4428 f
  DP_i/U1501/ZN (NOR2_X1)                               0.0587     1.5015 r
  DP_i/U1793/Z (XOR2_X1)                                0.0733     1.5747 r
  DP_i/U1795/ZN (AOI21_X1)                              0.0342     1.6089 f
  DP_i/U1799/ZN (XNOR2_X1)                              0.0619     1.6708 f
  DP_i/U1960/ZN (OAI21_X1)                              0.0619     1.7326 r
  DP_i/U1961/ZN (INV_X1)                                0.0349     1.7675 f
  DP_i/U2137/ZN (AOI21_X1)                              0.0497     1.8172 r
  DP_i/U2138/ZN (INV_X1)                                0.0275     1.8447 f
  DP_i/U2342/CO (FA_X1)                                 0.0973     1.9420 f
  DP_i/U2534/ZN (NAND2_X1)                              0.0410     1.9829 r
  DP_i/U2537/ZN (XNOR2_X1)                              0.0641     2.0470 r
  DP_i/U2540/ZN (XNOR2_X1)                              0.0510     2.0980 f
  DP_i/U2680/ZN (AOI222_X1)                             0.1667     2.2647 r
  DP_i/U5411/ZN (OAI221_X1)                             0.0711     2.3358 f
  DP_i/U5412/ZN (NOR4_X1)                               0.1030     2.4388 r
  DP_i/U5426/ZN (NAND4_X1)                              0.0487     2.4875 f
  DP_i/U5427/ZN (AOI221_X1)                             0.0911     2.5785 r
  DP_i/U5428/ZN (OAI221_X1)                             0.0561     2.6346 f
  DP_i/U5429/ZN (NOR4_X1)                               0.0994     2.7340 r
  DP_i/U5430/ZN (OAI221_X1)                             0.0560     2.7900 f
  DP_i/U5435/ZN (OAI211_X1)                             0.0485     2.8385 r
  DP_i/U5436/ZN (AOI21_X1)                              0.0496     2.8881 f
  DP_i/U7457/ZN (NOR3_X1)                               0.6363     3.5244 r
  DP_i/U3082/ZN (AOI22_X1)                              0.0445     3.5689 f
  DP_i/U3083/ZN (OAI211_X1)                             0.0709     3.6398 r
  DP_i/fetch_i_pc_i_Y_reg_2_/D (DFF_X1)                 0.0110     3.6508 r
  data arrival time                                                3.6508

  clock CLK (rise edge)                                 4.0000     4.0000
  clock network delay (ideal)                           0.0500     4.0500
  clock uncertainty                                    -0.0500     4.0000
  DP_i/fetch_i_pc_i_Y_reg_2_/CK (DFF_X1)                0.0000     4.0000 r
  library setup time                                   -0.0339     3.9661
  data required time                                               3.9661
  --------------------------------------------------------------------------
  data required time                                               3.9661
  data arrival time                                               -3.6508
  --------------------------------------------------------------------------
  slack (MET)                                                      0.3153


  Startpoint: DP_i/fetch_i_IR_out_reg_26_
              (rising edge-triggered flip-flop clocked by CLK)
  Endpoint: DP_i/fetch_i_pc_i_Y_reg_0_
            (rising edge-triggered flip-flop clocked by CLK)
  Path Group: REG2REG
  Path Type: max

  Des/Clust/Port     Wire Load Model       Library
  ------------------------------------------------
  DLX                5K_hvratio_1_4        NangateOpenCellLibrary

  Point                                                   Incr       Path
  --------------------------------------------------------------------------
  clock CLK (rise edge)                                 0.0000     0.0000
  clock network delay (ideal)                           0.0500     0.0500
  DP_i/fetch_i_IR_out_reg_26_/CK (DFF_X1)               0.0000     0.0500 r
  DP_i/fetch_i_IR_out_reg_26_/Q (DFF_X1)                0.1904     0.2404 r
  DP_i/opcode[0] (DataPath)                             0.0000     0.2404 r
  U796/ZN (INV_X1)                                      0.0840     0.3245 f
  U862/ZN (NAND3_X1)                                    0.0761     0.4006 r
  U863/ZN (NOR2_X2)                                     0.0721     0.4727 f
  DP_i/RF2 (DataPath)                                   0.0000     0.4727 f
  DP_i/U391/ZN (INV_X1)                                 0.1295     0.6022 r
  DP_i/U403/ZN (NAND3_X1)                               0.0654     0.6676 f
  DP_i/U404/ZN (OAI21_X1)                               0.0469     0.7145 r
  DP_i/U405/ZN (NAND2_X1)                               0.0392     0.7536 f
  DP_i/U406/ZN (NAND2_X1)                               0.0388     0.7925 r
  DP_i/U407/ZN (NAND2_X1)                               0.0400     0.8325 f
  DP_i/U408/ZN (NOR2_X1)                                0.0906     0.9231 r
  DP_i/U411/ZN (OAI22_X1)                               0.0480     0.9710 f
  DP_i/U413/ZN (OAI21_X1)                               0.0844     1.0554 r
  DP_i/U414/ZN (INV_X1)                                 0.0368     1.0922 f
  DP_i/U428/ZN (OAI21_X1)                               0.0507     1.1429 r
  DP_i/U781/CO (FA_X1)                                  0.0780     1.2209 r
  DP_i/U782/ZN (INV_X1)                                 0.0356     1.2565 f
  DP_i/U822/ZN (OAI211_X1)                              0.0594     1.3159 r
  DP_i/U823/ZN (NAND2_X1)                               0.0396     1.3555 f
  DP_i/U1252/ZN (OAI21_X1)                              0.0436     1.3990 r
  DP_i/U1253/ZN (NAND2_X1)                              0.0438     1.4428 f
  DP_i/U1501/ZN (NOR2_X1)                               0.0587     1.5015 r
  DP_i/U1793/Z (XOR2_X1)                                0.0733     1.5747 r
  DP_i/U1795/ZN (AOI21_X1)                              0.0342     1.6089 f
  DP_i/U1799/ZN (XNOR2_X1)                              0.0619     1.6708 f
  DP_i/U1960/ZN (OAI21_X1)                              0.0619     1.7326 r
  DP_i/U1961/ZN (INV_X1)                                0.0349     1.7675 f
  DP_i/U2137/ZN (AOI21_X1)                              0.0497     1.8172 r
  DP_i/U2138/ZN (INV_X1)                                0.0275     1.8447 f
  DP_i/U2342/CO (FA_X1)                                 0.0973     1.9420 f
  DP_i/U2534/ZN (NAND2_X1)                              0.0410     1.9829 r
  DP_i/U2537/ZN (XNOR2_X1)                              0.0641     2.0470 r
  DP_i/U2540/ZN (XNOR2_X1)                              0.0510     2.0980 f
  DP_i/U2680/ZN (AOI222_X1)                             0.1667     2.2647 r
  DP_i/U5411/ZN (OAI221_X1)                             0.0711     2.3358 f
  DP_i/U5412/ZN (NOR4_X1)                               0.1030     2.4388 r
  DP_i/U5426/ZN (NAND4_X1)                              0.0487     2.4875 f
  DP_i/U5427/ZN (AOI221_X1)                             0.0911     2.5785 r
  DP_i/U5428/ZN (OAI221_X1)                             0.0561     2.6346 f
  DP_i/U5429/ZN (NOR4_X1)                               0.0994     2.7340 r
  DP_i/U5430/ZN (OAI221_X1)                             0.0560     2.7900 f
  DP_i/U5435/ZN (OAI211_X1)                             0.0485     2.8385 r
  DP_i/U5436/ZN (AOI21_X1)                              0.0496     2.8881 f
  DP_i/U7457/ZN (NOR3_X1)                               0.6363     3.5244 r
  DP_i/U3096/ZN (AOI22_X1)                              0.0445     3.5689 f
  DP_i/U3097/ZN (OAI211_X1)                             0.0709     3.6398 r
  DP_i/fetch_i_pc_i_Y_reg_0_/D (DFF_X1)                 0.0110     3.6508 r
  data arrival time                                                3.6508

  clock CLK (rise edge)                                 4.0000     4.0000
  clock network delay (ideal)                           0.0500     4.0500
  clock uncertainty                                    -0.0500     4.0000
  DP_i/fetch_i_pc_i_Y_reg_0_/CK (DFF_X1)                0.0000     4.0000 r
  library setup time                                   -0.0339     3.9661
  data required time                                               3.9661
  --------------------------------------------------------------------------
  data required time                                               3.9661
  data arrival time                                               -3.6508
  --------------------------------------------------------------------------
  slack (MET)                                                      0.3153


  Startpoint: DP_i/fetch_i_IR_out_reg_26_
              (rising edge-triggered flip-flop clocked by CLK)
  Endpoint: DP_i/fetch_i_pc_i_Y_reg_4_
            (rising edge-triggered flip-flop clocked by CLK)
  Path Group: REG2REG
  Path Type: max

  Des/Clust/Port     Wire Load Model       Library
  ------------------------------------------------
  DLX                5K_hvratio_1_4        NangateOpenCellLibrary

  Point                                                   Incr       Path
  --------------------------------------------------------------------------
  clock CLK (rise edge)                                 0.0000     0.0000
  clock network delay (ideal)                           0.0500     0.0500
  DP_i/fetch_i_IR_out_reg_26_/CK (DFF_X1)               0.0000     0.0500 r
  DP_i/fetch_i_IR_out_reg_26_/Q (DFF_X1)                0.1904     0.2404 r
  DP_i/opcode[0] (DataPath)                             0.0000     0.2404 r
  U796/ZN (INV_X1)                                      0.0840     0.3245 f
  U862/ZN (NAND3_X1)                                    0.0761     0.4006 r
  U863/ZN (NOR2_X2)                                     0.0721     0.4727 f
  DP_i/RF2 (DataPath)                                   0.0000     0.4727 f
  DP_i/U391/ZN (INV_X1)                                 0.1295     0.6022 r
  DP_i/U403/ZN (NAND3_X1)                               0.0654     0.6676 f
  DP_i/U404/ZN (OAI21_X1)                               0.0469     0.7145 r
  DP_i/U405/ZN (NAND2_X1)                               0.0392     0.7536 f
  DP_i/U406/ZN (NAND2_X1)                               0.0388     0.7925 r
  DP_i/U407/ZN (NAND2_X1)                               0.0400     0.8325 f
  DP_i/U408/ZN (NOR2_X1)                                0.0906     0.9231 r
  DP_i/U411/ZN (OAI22_X1)                               0.0480     0.9710 f
  DP_i/U413/ZN (OAI21_X1)                               0.0844     1.0554 r
  DP_i/U414/ZN (INV_X1)                                 0.0368     1.0922 f
  DP_i/U428/ZN (OAI21_X1)                               0.0507     1.1429 r
  DP_i/U781/CO (FA_X1)                                  0.0780     1.2209 r
  DP_i/U782/ZN (INV_X1)                                 0.0356     1.2565 f
  DP_i/U822/ZN (OAI211_X1)                              0.0594     1.3159 r
  DP_i/U823/ZN (NAND2_X1)                               0.0396     1.3555 f
  DP_i/U1252/ZN (OAI21_X1)                              0.0436     1.3990 r
  DP_i/U1253/ZN (NAND2_X1)                              0.0438     1.4428 f
  DP_i/U1501/ZN (NOR2_X1)                               0.0587     1.5015 r
  DP_i/U1793/Z (XOR2_X1)                                0.0733     1.5747 r
  DP_i/U1795/ZN (AOI21_X1)                              0.0342     1.6089 f
  DP_i/U1799/ZN (XNOR2_X1)                              0.0619     1.6708 f
  DP_i/U1960/ZN (OAI21_X1)                              0.0619     1.7326 r
  DP_i/U1961/ZN (INV_X1)                                0.0349     1.7675 f
  DP_i/U2137/ZN (AOI21_X1)                              0.0497     1.8172 r
  DP_i/U2138/ZN (INV_X1)                                0.0275     1.8447 f
  DP_i/U2342/CO (FA_X1)                                 0.0973     1.9420 f
  DP_i/U2534/ZN (NAND2_X1)                              0.0410     1.9829 r
  DP_i/U2537/ZN (XNOR2_X1)                              0.0641     2.0470 r
  DP_i/U2540/ZN (XNOR2_X1)                              0.0510     2.0980 f
  DP_i/U2680/ZN (AOI222_X1)                             0.1667     2.2647 r
  DP_i/U5411/ZN (OAI221_X1)                             0.0711     2.3358 f
  DP_i/U5412/ZN (NOR4_X1)                               0.1030     2.4388 r
  DP_i/U5426/ZN (NAND4_X1)                              0.0487     2.4875 f
  DP_i/U5427/ZN (AOI221_X1)                             0.0911     2.5785 r
  DP_i/U5428/ZN (OAI221_X1)                             0.0561     2.6346 f
  DP_i/U5429/ZN (NOR4_X1)                               0.0994     2.7340 r
  DP_i/U5430/ZN (OAI221_X1)                             0.0560     2.7900 f
  DP_i/U5435/ZN (OAI211_X1)                             0.0485     2.8385 r
  DP_i/U5436/ZN (AOI21_X1)                              0.0496     2.8881 f
  DP_i/U7457/ZN (NOR3_X1)                               0.6363     3.5244 r
  DP_i/U3072/ZN (AOI22_X1)                              0.0445     3.5689 f
  DP_i/U3073/ZN (OAI211_X1)                             0.0709     3.6398 r
  DP_i/fetch_i_pc_i_Y_reg_4_/D (DFF_X1)                 0.0110     3.6508 r
  data arrival time                                                3.6508

  clock CLK (rise edge)                                 4.0000     4.0000
  clock network delay (ideal)                           0.0500     4.0500
  clock uncertainty                                    -0.0500     4.0000
  DP_i/fetch_i_pc_i_Y_reg_4_/CK (DFF_X1)                0.0000     4.0000 r
  library setup time                                   -0.0339     3.9661
  data required time                                               3.9661
  --------------------------------------------------------------------------
  data required time                                               3.9661
  data arrival time                                               -3.6508
  --------------------------------------------------------------------------
  slack (MET)                                                      0.3153


  Startpoint: DP_i/fetch_i_IR_out_reg_26_
              (rising edge-triggered flip-flop clocked by CLK)
  Endpoint: DP_i/fetch_i_pc_i_Y_reg_1_
            (rising edge-triggered flip-flop clocked by CLK)
  Path Group: REG2REG
  Path Type: max

  Des/Clust/Port     Wire Load Model       Library
  ------------------------------------------------
  DLX                5K_hvratio_1_4        NangateOpenCellLibrary

  Point                                                   Incr       Path
  --------------------------------------------------------------------------
  clock CLK (rise edge)                                 0.0000     0.0000
  clock network delay (ideal)                           0.0500     0.0500
  DP_i/fetch_i_IR_out_reg_26_/CK (DFF_X1)               0.0000     0.0500 r
  DP_i/fetch_i_IR_out_reg_26_/Q (DFF_X1)                0.1904     0.2404 r
  DP_i/opcode[0] (DataPath)                             0.0000     0.2404 r
  U796/ZN (INV_X1)                                      0.0840     0.3245 f
  U862/ZN (NAND3_X1)                                    0.0761     0.4006 r
  U863/ZN (NOR2_X2)                                     0.0721     0.4727 f
  DP_i/RF2 (DataPath)                                   0.0000     0.4727 f
  DP_i/U391/ZN (INV_X1)                                 0.1295     0.6022 r
  DP_i/U403/ZN (NAND3_X1)                               0.0654     0.6676 f
  DP_i/U404/ZN (OAI21_X1)                               0.0469     0.7145 r
  DP_i/U405/ZN (NAND2_X1)                               0.0392     0.7536 f
  DP_i/U406/ZN (NAND2_X1)                               0.0388     0.7925 r
  DP_i/U407/ZN (NAND2_X1)                               0.0400     0.8325 f
  DP_i/U408/ZN (NOR2_X1)                                0.0906     0.9231 r
  DP_i/U411/ZN (OAI22_X1)                               0.0480     0.9710 f
  DP_i/U413/ZN (OAI21_X1)                               0.0844     1.0554 r
  DP_i/U414/ZN (INV_X1)                                 0.0368     1.0922 f
  DP_i/U428/ZN (OAI21_X1)                               0.0507     1.1429 r
  DP_i/U781/CO (FA_X1)                                  0.0780     1.2209 r
  DP_i/U782/ZN (INV_X1)                                 0.0356     1.2565 f
  DP_i/U822/ZN (OAI211_X1)                              0.0594     1.3159 r
  DP_i/U823/ZN (NAND2_X1)                               0.0396     1.3555 f
  DP_i/U1252/ZN (OAI21_X1)                              0.0436     1.3990 r
  DP_i/U1253/ZN (NAND2_X1)                              0.0438     1.4428 f
  DP_i/U1501/ZN (NOR2_X1)                               0.0587     1.5015 r
  DP_i/U1793/Z (XOR2_X1)                                0.0733     1.5747 r
  DP_i/U1795/ZN (AOI21_X1)                              0.0342     1.6089 f
  DP_i/U1799/ZN (XNOR2_X1)                              0.0619     1.6708 f
  DP_i/U1960/ZN (OAI21_X1)                              0.0619     1.7326 r
  DP_i/U1961/ZN (INV_X1)                                0.0349     1.7675 f
  DP_i/U2137/ZN (AOI21_X1)                              0.0497     1.8172 r
  DP_i/U2138/ZN (INV_X1)                                0.0275     1.8447 f
  DP_i/U2342/CO (FA_X1)                                 0.0973     1.9420 f
  DP_i/U2534/ZN (NAND2_X1)                              0.0410     1.9829 r
  DP_i/U2537/ZN (XNOR2_X1)                              0.0641     2.0470 r
  DP_i/U2540/ZN (XNOR2_X1)                              0.0510     2.0980 f
  DP_i/U2680/ZN (AOI222_X1)                             0.1667     2.2647 r
  DP_i/U5411/ZN (OAI221_X1)                             0.0711     2.3358 f
  DP_i/U5412/ZN (NOR4_X1)                               0.1030     2.4388 r
  DP_i/U5426/ZN (NAND4_X1)                              0.0487     2.4875 f
  DP_i/U5427/ZN (AOI221_X1)                             0.0911     2.5785 r
  DP_i/U5428/ZN (OAI221_X1)                             0.0561     2.6346 f
  DP_i/U5429/ZN (NOR4_X1)                               0.0994     2.7340 r
  DP_i/U5430/ZN (OAI221_X1)                             0.0560     2.7900 f
  DP_i/U5435/ZN (OAI211_X1)                             0.0485     2.8385 r
  DP_i/U5436/ZN (AOI21_X1)                              0.0496     2.8881 f
  DP_i/U7457/ZN (NOR3_X1)                               0.6363     3.5244 r
  DP_i/U3089/ZN (AOI22_X1)                              0.0445     3.5689 f
  DP_i/U3090/ZN (OAI211_X1)                             0.0709     3.6398 r
  DP_i/fetch_i_pc_i_Y_reg_1_/D (DFF_X1)                 0.0110     3.6508 r
  data arrival time                                                3.6508

  clock CLK (rise edge)                                 4.0000     4.0000
  clock network delay (ideal)                           0.0500     4.0500
  clock uncertainty                                    -0.0500     4.0000
  DP_i/fetch_i_pc_i_Y_reg_1_/CK (DFF_X1)                0.0000     4.0000 r
  library setup time                                   -0.0339     3.9661
  data required time                                               3.9661
  --------------------------------------------------------------------------
  data required time                                               3.9661
  data arrival time                                               -3.6508
  --------------------------------------------------------------------------
  slack (MET)                                                      0.3153


  Startpoint: DP_i/fetch_i_IR_out_reg_26_
              (rising edge-triggered flip-flop clocked by CLK)
  Endpoint: DP_i/fetch_i_pc_i_Y_reg_3_
            (rising edge-triggered flip-flop clocked by CLK)
  Path Group: REG2REG
  Path Type: max

  Des/Clust/Port     Wire Load Model       Library
  ------------------------------------------------
  DLX                5K_hvratio_1_4        NangateOpenCellLibrary

  Point                                                   Incr       Path
  --------------------------------------------------------------------------
  clock CLK (rise edge)                                 0.0000     0.0000
  clock network delay (ideal)                           0.0500     0.0500
  DP_i/fetch_i_IR_out_reg_26_/CK (DFF_X1)               0.0000     0.0500 r
  DP_i/fetch_i_IR_out_reg_26_/Q (DFF_X1)                0.1904     0.2404 r
  DP_i/opcode[0] (DataPath)                             0.0000     0.2404 r
  U796/ZN (INV_X1)                                      0.0840     0.3245 f
  U862/ZN (NAND3_X1)                                    0.0761     0.4006 r
  U863/ZN (NOR2_X2)                                     0.0721     0.4727 f
  DP_i/RF2 (DataPath)                                   0.0000     0.4727 f
  DP_i/U391/ZN (INV_X1)                                 0.1295     0.6022 r
  DP_i/U403/ZN (NAND3_X1)                               0.0654     0.6676 f
  DP_i/U404/ZN (OAI21_X1)                               0.0469     0.7145 r
  DP_i/U405/ZN (NAND2_X1)                               0.0392     0.7536 f
  DP_i/U406/ZN (NAND2_X1)                               0.0388     0.7925 r
  DP_i/U407/ZN (NAND2_X1)                               0.0400     0.8325 f
  DP_i/U408/ZN (NOR2_X1)                                0.0906     0.9231 r
  DP_i/U411/ZN (OAI22_X1)                               0.0480     0.9710 f
  DP_i/U413/ZN (OAI21_X1)                               0.0844     1.0554 r
  DP_i/U414/ZN (INV_X1)                                 0.0368     1.0922 f
  DP_i/U428/ZN (OAI21_X1)                               0.0507     1.1429 r
  DP_i/U781/CO (FA_X1)                                  0.0780     1.2209 r
  DP_i/U782/ZN (INV_X1)                                 0.0356     1.2565 f
  DP_i/U822/ZN (OAI211_X1)                              0.0594     1.3159 r
  DP_i/U823/ZN (NAND2_X1)                               0.0396     1.3555 f
  DP_i/U1252/ZN (OAI21_X1)                              0.0436     1.3990 r
  DP_i/U1253/ZN (NAND2_X1)                              0.0438     1.4428 f
  DP_i/U1501/ZN (NOR2_X1)                               0.0587     1.5015 r
  DP_i/U1793/Z (XOR2_X1)                                0.0733     1.5747 r
  DP_i/U1795/ZN (AOI21_X1)                              0.0342     1.6089 f
  DP_i/U1799/ZN (XNOR2_X1)                              0.0619     1.6708 f
  DP_i/U1960/ZN (OAI21_X1)                              0.0619     1.7326 r
  DP_i/U1961/ZN (INV_X1)                                0.0349     1.7675 f
  DP_i/U2137/ZN (AOI21_X1)                              0.0497     1.8172 r
  DP_i/U2138/ZN (INV_X1)                                0.0275     1.8447 f
  DP_i/U2342/CO (FA_X1)                                 0.0973     1.9420 f
  DP_i/U2534/ZN (NAND2_X1)                              0.0410     1.9829 r
  DP_i/U2537/ZN (XNOR2_X1)                              0.0641     2.0470 r
  DP_i/U2540/ZN (XNOR2_X1)                              0.0510     2.0980 f
  DP_i/U2680/ZN (AOI222_X1)                             0.1667     2.2647 r
  DP_i/U5411/ZN (OAI221_X1)                             0.0711     2.3358 f
  DP_i/U5412/ZN (NOR4_X1)                               0.1030     2.4388 r
  DP_i/U5426/ZN (NAND4_X1)                              0.0487     2.4875 f
  DP_i/U5427/ZN (AOI221_X1)                             0.0911     2.5785 r
  DP_i/U5428/ZN (OAI221_X1)                             0.0561     2.6346 f
  DP_i/U5429/ZN (NOR4_X1)                               0.0994     2.7340 r
  DP_i/U5430/ZN (OAI221_X1)                             0.0560     2.7900 f
  DP_i/U5435/ZN (OAI211_X1)                             0.0485     2.8385 r
  DP_i/U5436/ZN (AOI21_X1)                              0.0496     2.8881 f
  DP_i/U7457/ZN (NOR3_X1)                               0.6363     3.5244 r
  DP_i/U3077/ZN (AOI22_X1)                              0.0445     3.5689 f
  DP_i/U3078/ZN (OAI211_X1)                             0.0709     3.6398 r
  DP_i/fetch_i_pc_i_Y_reg_3_/D (DFF_X1)                 0.0110     3.6508 r
  data arrival time                                                3.6508

  clock CLK (rise edge)                                 4.0000     4.0000
  clock network delay (ideal)                           0.0500     4.0500
  clock uncertainty                                    -0.0500     4.0000
  DP_i/fetch_i_pc_i_Y_reg_3_/CK (DFF_X1)                0.0000     4.0000 r
  library setup time                                   -0.0339     3.9661
  data required time                                               3.9661
  --------------------------------------------------------------------------
  data required time                                               3.9661
  data arrival time                                               -3.6508
  --------------------------------------------------------------------------
  slack (MET)                                                      0.3153


  Startpoint: DP_i/fetch_i_IR_out_reg_26_
              (rising edge-triggered flip-flop clocked by CLK)
  Endpoint: DP_i/fetch_i_pc_i_Y_reg_5_
            (rising edge-triggered flip-flop clocked by CLK)
  Path Group: REG2REG
  Path Type: max

  Des/Clust/Port     Wire Load Model       Library
  ------------------------------------------------
  DLX                5K_hvratio_1_4        NangateOpenCellLibrary

  Point                                                   Incr       Path
  --------------------------------------------------------------------------
  clock CLK (rise edge)                                 0.0000     0.0000
  clock network delay (ideal)                           0.0500     0.0500
  DP_i/fetch_i_IR_out_reg_26_/CK (DFF_X1)               0.0000     0.0500 r
  DP_i/fetch_i_IR_out_reg_26_/Q (DFF_X1)                0.1904     0.2404 r
  DP_i/opcode[0] (DataPath)                             0.0000     0.2404 r
  U796/ZN (INV_X1)                                      0.0840     0.3245 f
  U862/ZN (NAND3_X1)                                    0.0761     0.4006 r
  U863/ZN (NOR2_X2)                                     0.0721     0.4727 f
  DP_i/RF2 (DataPath)                                   0.0000     0.4727 f
  DP_i/U391/ZN (INV_X1)                                 0.1295     0.6022 r
  DP_i/U403/ZN (NAND3_X1)                               0.0654     0.6676 f
  DP_i/U404/ZN (OAI21_X1)                               0.0469     0.7145 r
  DP_i/U405/ZN (NAND2_X1)                               0.0392     0.7536 f
  DP_i/U406/ZN (NAND2_X1)                               0.0388     0.7925 r
  DP_i/U407/ZN (NAND2_X1)                               0.0400     0.8325 f
  DP_i/U408/ZN (NOR2_X1)                                0.0906     0.9231 r
  DP_i/U411/ZN (OAI22_X1)                               0.0480     0.9710 f
  DP_i/U413/ZN (OAI21_X1)                               0.0844     1.0554 r
  DP_i/U414/ZN (INV_X1)                                 0.0368     1.0922 f
  DP_i/U428/ZN (OAI21_X1)                               0.0507     1.1429 r
  DP_i/U781/CO (FA_X1)                                  0.0780     1.2209 r
  DP_i/U782/ZN (INV_X1)                                 0.0356     1.2565 f
  DP_i/U822/ZN (OAI211_X1)                              0.0594     1.3159 r
  DP_i/U823/ZN (NAND2_X1)                               0.0396     1.3555 f
  DP_i/U1252/ZN (OAI21_X1)                              0.0436     1.3990 r
  DP_i/U1253/ZN (NAND2_X1)                              0.0438     1.4428 f
  DP_i/U1501/ZN (NOR2_X1)                               0.0587     1.5015 r
  DP_i/U1793/Z (XOR2_X1)                                0.0733     1.5747 r
  DP_i/U1795/ZN (AOI21_X1)                              0.0342     1.6089 f
  DP_i/U1799/ZN (XNOR2_X1)                              0.0619     1.6708 f
  DP_i/U1960/ZN (OAI21_X1)                              0.0619     1.7326 r
  DP_i/U1961/ZN (INV_X1)                                0.0349     1.7675 f
  DP_i/U2137/ZN (AOI21_X1)                              0.0497     1.8172 r
  DP_i/U2138/ZN (INV_X1)                                0.0275     1.8447 f
  DP_i/U2342/CO (FA_X1)                                 0.0973     1.9420 f
  DP_i/U2534/ZN (NAND2_X1)                              0.0410     1.9829 r
  DP_i/U2537/ZN (XNOR2_X1)                              0.0641     2.0470 r
  DP_i/U2540/ZN (XNOR2_X1)                              0.0510     2.0980 f
  DP_i/U2680/ZN (AOI222_X1)                             0.1667     2.2647 r
  DP_i/U5411/ZN (OAI221_X1)                             0.0711     2.3358 f
  DP_i/U5412/ZN (NOR4_X1)                               0.1030     2.4388 r
  DP_i/U5426/ZN (NAND4_X1)                              0.0487     2.4875 f
  DP_i/U5427/ZN (AOI221_X1)                             0.0911     2.5785 r
  DP_i/U5428/ZN (OAI221_X1)                             0.0561     2.6346 f
  DP_i/U5429/ZN (NOR4_X1)                               0.0994     2.7340 r
  DP_i/U5430/ZN (OAI221_X1)                             0.0560     2.7900 f
  DP_i/U5435/ZN (OAI211_X1)                             0.0485     2.8385 r
  DP_i/U5436/ZN (AOI21_X1)                              0.0496     2.8881 f
  DP_i/U7457/ZN (NOR3_X1)                               0.6363     3.5244 r
  DP_i/U3067/ZN (AOI22_X1)                              0.0445     3.5689 f
  DP_i/U3068/ZN (OAI211_X1)                             0.0709     3.6398 r
  DP_i/fetch_i_pc_i_Y_reg_5_/D (DFF_X1)                 0.0110     3.6508 r
  data arrival time                                                3.6508

  clock CLK (rise edge)                                 4.0000     4.0000
  clock network delay (ideal)                           0.0500     4.0500
  clock uncertainty                                    -0.0500     4.0000
  DP_i/fetch_i_pc_i_Y_reg_5_/CK (DFF_X1)                0.0000     4.0000 r
  library setup time                                   -0.0339     3.9661
  data required time                                               3.9661
  --------------------------------------------------------------------------
  data required time                                               3.9661
  data arrival time                                               -3.6508
  --------------------------------------------------------------------------
  slack (MET)                                                      0.3153


  Startpoint: DP_i/fetch_i_IR_out_reg_26_
              (rising edge-triggered flip-flop clocked by CLK)
  Endpoint: DP_i/fetch_i_pc_i_Y_reg_7_
            (rising edge-triggered flip-flop clocked by CLK)
  Path Group: REG2REG
  Path Type: max

  Des/Clust/Port     Wire Load Model       Library
  ------------------------------------------------
  DLX                5K_hvratio_1_4        NangateOpenCellLibrary

  Point                                                   Incr       Path
  --------------------------------------------------------------------------
  clock CLK (rise edge)                                 0.0000     0.0000
  clock network delay (ideal)                           0.0500     0.0500
  DP_i/fetch_i_IR_out_reg_26_/CK (DFF_X1)               0.0000     0.0500 r
  DP_i/fetch_i_IR_out_reg_26_/Q (DFF_X1)                0.1904     0.2404 r
  DP_i/opcode[0] (DataPath)                             0.0000     0.2404 r
  U796/ZN (INV_X1)                                      0.0840     0.3245 f
  U862/ZN (NAND3_X1)                                    0.0761     0.4006 r
  U863/ZN (NOR2_X2)                                     0.0721     0.4727 f
  DP_i/RF2 (DataPath)                                   0.0000     0.4727 f
  DP_i/U391/ZN (INV_X1)                                 0.1295     0.6022 r
  DP_i/U403/ZN (NAND3_X1)                               0.0654     0.6676 f
  DP_i/U404/ZN (OAI21_X1)                               0.0469     0.7145 r
  DP_i/U405/ZN (NAND2_X1)                               0.0392     0.7536 f
  DP_i/U406/ZN (NAND2_X1)                               0.0388     0.7925 r
  DP_i/U407/ZN (NAND2_X1)                               0.0400     0.8325 f
  DP_i/U408/ZN (NOR2_X1)                                0.0906     0.9231 r
  DP_i/U411/ZN (OAI22_X1)                               0.0480     0.9710 f
  DP_i/U413/ZN (OAI21_X1)                               0.0844     1.0554 r
  DP_i/U414/ZN (INV_X1)                                 0.0368     1.0922 f
  DP_i/U428/ZN (OAI21_X1)                               0.0507     1.1429 r
  DP_i/U781/CO (FA_X1)                                  0.0780     1.2209 r
  DP_i/U782/ZN (INV_X1)                                 0.0356     1.2565 f
  DP_i/U822/ZN (OAI211_X1)                              0.0594     1.3159 r
  DP_i/U823/ZN (NAND2_X1)                               0.0396     1.3555 f
  DP_i/U1252/ZN (OAI21_X1)                              0.0436     1.3990 r
  DP_i/U1253/ZN (NAND2_X1)                              0.0438     1.4428 f
  DP_i/U1501/ZN (NOR2_X1)                               0.0587     1.5015 r
  DP_i/U1793/Z (XOR2_X1)                                0.0733     1.5747 r
  DP_i/U1795/ZN (AOI21_X1)                              0.0342     1.6089 f
  DP_i/U1799/ZN (XNOR2_X1)                              0.0619     1.6708 f
  DP_i/U1960/ZN (OAI21_X1)                              0.0619     1.7326 r
  DP_i/U1961/ZN (INV_X1)                                0.0349     1.7675 f
  DP_i/U2137/ZN (AOI21_X1)                              0.0497     1.8172 r
  DP_i/U2138/ZN (INV_X1)                                0.0275     1.8447 f
  DP_i/U2342/CO (FA_X1)                                 0.0973     1.9420 f
  DP_i/U2534/ZN (NAND2_X1)                              0.0410     1.9829 r
  DP_i/U2537/ZN (XNOR2_X1)                              0.0641     2.0470 r
  DP_i/U2540/ZN (XNOR2_X1)                              0.0510     2.0980 f
  DP_i/U2680/ZN (AOI222_X1)                             0.1667     2.2647 r
  DP_i/U5411/ZN (OAI221_X1)                             0.0711     2.3358 f
  DP_i/U5412/ZN (NOR4_X1)                               0.1030     2.4388 r
  DP_i/U5426/ZN (NAND4_X1)                              0.0487     2.4875 f
  DP_i/U5427/ZN (AOI221_X1)                             0.0911     2.5785 r
  DP_i/U5428/ZN (OAI221_X1)                             0.0561     2.6346 f
  DP_i/U5429/ZN (NOR4_X1)                               0.0994     2.7340 r
  DP_i/U5430/ZN (OAI221_X1)                             0.0560     2.7900 f
  DP_i/U5435/ZN (OAI211_X1)                             0.0485     2.8385 r
  DP_i/U5436/ZN (AOI21_X1)                              0.0496     2.8881 f
  DP_i/U7457/ZN (NOR3_X1)                               0.6363     3.5244 r
  DP_i/U3057/ZN (AOI22_X1)                              0.0445     3.5689 f
  DP_i/U3058/ZN (OAI211_X1)                             0.0709     3.6398 r
  DP_i/fetch_i_pc_i_Y_reg_7_/D (DFF_X1)                 0.0110     3.6508 r
  data arrival time                                                3.6508

  clock CLK (rise edge)                                 4.0000     4.0000
  clock network delay (ideal)                           0.0500     4.0500
  clock uncertainty                                    -0.0500     4.0000
  DP_i/fetch_i_pc_i_Y_reg_7_/CK (DFF_X1)                0.0000     4.0000 r
  library setup time                                   -0.0339     3.9661
  data required time                                               3.9661
  --------------------------------------------------------------------------
  data required time                                               3.9661
  data arrival time                                               -3.6508
  --------------------------------------------------------------------------
  slack (MET)                                                      0.3153


  Startpoint: DP_i/fetch_i_IR_out_reg_26_
              (rising edge-triggered flip-flop clocked by CLK)
  Endpoint: DP_i/fetch_i_pc_i_Y_reg_6_
            (rising edge-triggered flip-flop clocked by CLK)
  Path Group: REG2REG
  Path Type: max

  Des/Clust/Port     Wire Load Model       Library
  ------------------------------------------------
  DLX                5K_hvratio_1_4        NangateOpenCellLibrary

  Point                                                   Incr       Path
  --------------------------------------------------------------------------
  clock CLK (rise edge)                                 0.0000     0.0000
  clock network delay (ideal)                           0.0500     0.0500
  DP_i/fetch_i_IR_out_reg_26_/CK (DFF_X1)               0.0000     0.0500 r
  DP_i/fetch_i_IR_out_reg_26_/Q (DFF_X1)                0.1904     0.2404 r
  DP_i/opcode[0] (DataPath)                             0.0000     0.2404 r
  U796/ZN (INV_X1)                                      0.0840     0.3245 f
  U862/ZN (NAND3_X1)                                    0.0761     0.4006 r
  U863/ZN (NOR2_X2)                                     0.0721     0.4727 f
  DP_i/RF2 (DataPath)                                   0.0000     0.4727 f
  DP_i/U391/ZN (INV_X1)                                 0.1295     0.6022 r
  DP_i/U403/ZN (NAND3_X1)                               0.0654     0.6676 f
  DP_i/U404/ZN (OAI21_X1)                               0.0469     0.7145 r
  DP_i/U405/ZN (NAND2_X1)                               0.0392     0.7536 f
  DP_i/U406/ZN (NAND2_X1)                               0.0388     0.7925 r
  DP_i/U407/ZN (NAND2_X1)                               0.0400     0.8325 f
  DP_i/U408/ZN (NOR2_X1)                                0.0906     0.9231 r
  DP_i/U411/ZN (OAI22_X1)                               0.0480     0.9710 f
  DP_i/U413/ZN (OAI21_X1)                               0.0844     1.0554 r
  DP_i/U414/ZN (INV_X1)                                 0.0368     1.0922 f
  DP_i/U428/ZN (OAI21_X1)                               0.0507     1.1429 r
  DP_i/U781/CO (FA_X1)                                  0.0780     1.2209 r
  DP_i/U782/ZN (INV_X1)                                 0.0356     1.2565 f
  DP_i/U822/ZN (OAI211_X1)                              0.0594     1.3159 r
  DP_i/U823/ZN (NAND2_X1)                               0.0396     1.3555 f
  DP_i/U1252/ZN (OAI21_X1)                              0.0436     1.3990 r
  DP_i/U1253/ZN (NAND2_X1)                              0.0438     1.4428 f
  DP_i/U1501/ZN (NOR2_X1)                               0.0587     1.5015 r
  DP_i/U1793/Z (XOR2_X1)                                0.0733     1.5747 r
  DP_i/U1795/ZN (AOI21_X1)                              0.0342     1.6089 f
  DP_i/U1799/ZN (XNOR2_X1)                              0.0619     1.6708 f
  DP_i/U1960/ZN (OAI21_X1)                              0.0619     1.7326 r
  DP_i/U1961/ZN (INV_X1)                                0.0349     1.7675 f
  DP_i/U2137/ZN (AOI21_X1)                              0.0497     1.8172 r
  DP_i/U2138/ZN (INV_X1)                                0.0275     1.8447 f
  DP_i/U2342/CO (FA_X1)                                 0.0973     1.9420 f
  DP_i/U2534/ZN (NAND2_X1)                              0.0410     1.9829 r
  DP_i/U2537/ZN (XNOR2_X1)                              0.0641     2.0470 r
  DP_i/U2540/ZN (XNOR2_X1)                              0.0510     2.0980 f
  DP_i/U2680/ZN (AOI222_X1)                             0.1667     2.2647 r
  DP_i/U5411/ZN (OAI221_X1)                             0.0711     2.3358 f
  DP_i/U5412/ZN (NOR4_X1)                               0.1030     2.4388 r
  DP_i/U5426/ZN (NAND4_X1)                              0.0487     2.4875 f
  DP_i/U5427/ZN (AOI221_X1)                             0.0911     2.5785 r
  DP_i/U5428/ZN (OAI221_X1)                             0.0561     2.6346 f
  DP_i/U5429/ZN (NOR4_X1)                               0.0994     2.7340 r
  DP_i/U5430/ZN (OAI221_X1)                             0.0560     2.7900 f
  DP_i/U5435/ZN (OAI211_X1)                             0.0485     2.8385 r
  DP_i/U5436/ZN (AOI21_X1)                              0.0496     2.8881 f
  DP_i/U7457/ZN (NOR3_X1)                               0.6363     3.5244 r
  DP_i/U3062/ZN (AOI22_X1)                              0.0445     3.5689 f
  DP_i/U3063/ZN (OAI211_X1)                             0.0709     3.6398 r
  DP_i/fetch_i_pc_i_Y_reg_6_/D (DFF_X1)                 0.0110     3.6508 r
  data arrival time                                                3.6508

  clock CLK (rise edge)                                 4.0000     4.0000
  clock network delay (ideal)                           0.0500     4.0500
  clock uncertainty                                    -0.0500     4.0000
  DP_i/fetch_i_pc_i_Y_reg_6_/CK (DFF_X1)                0.0000     4.0000 r
  library setup time                                   -0.0339     3.9661
  data required time                                               3.9661
  --------------------------------------------------------------------------
  data required time                                               3.9661
  data arrival time                                               -3.6508
  --------------------------------------------------------------------------
  slack (MET)                                                      0.3153


1
