 
****************************************
Report : timing
        -path full
        -delay max
        -nworst 2
        -group REG2REG
        -max_paths 10
Design : DLX
Version: W-2024.09-SP2
Date   : Tue Sep 29 12:14:52 2026
****************************************

Operating Conditions: typical   Library: NangateOpenCellLibrary
Wire Load Model Mode: top

  Startpoint: DP_i_decode_i_rs2_addr_i_Y_reg_3_
              (rising edge-triggered flip-flop clocked by CLK)
  Endpoint: DP_i_execute_i_zero_alu_bit_Y_reg
            (rising edge-triggered flip-flop clocked by CLK)
  Path Group: REG2REG
  Path Type: max

  Des/Clust/Port     Wire Load Model       Library
  ------------------------------------------------
  DLX                5K_hvratio_1_4        NangateOpenCellLibrary

  Point                                                   Incr       Path
  --------------------------------------------------------------------------
  clock CLK (rise edge)                                 0.0000     0.0000
  clock network delay (ideal)                           0.0500     0.0500
  DP_i_decode_i_rs2_addr_i_Y_reg_3_/CK (DFF_X1)         0.0000     0.0500 r
  DP_i_decode_i_rs2_addr_i_Y_reg_3_/Q (DFF_X1)          0.1048     0.1548 r
  U5128/ZN (XNOR2_X1)                                   0.0619     0.2166 r
  U5129/ZN (AND3_X1)                                    0.0591     0.2757 r
  U5338/ZN (AND4_X1)                                    0.0624     0.3382 r
  U5135/ZN (NAND2_X1)                                   0.0357     0.3739 f
  U1180/ZN (AND2_X1)                                    0.0509     0.4248 f
  U5174/ZN (AOI222_X1)                                  0.1107     0.5354 r
  U5175/Z (MUX2_X1)                                     0.0655     0.6010 r
  U6159/ZN (XNOR2_X1)                                   0.0652     0.6662 r
  U2601/ZN (OR2_X1)                                     0.0430     0.7092 r
  U1151/ZN (AND2_X2)                                    0.0564     0.7656 r
  U1631/ZN (NAND2_X1)                                   0.0391     0.8047 f
  U2228/ZN (AND2_X1)                                    0.0432     0.8479 f
  U6221/ZN (OAI21_X1)                                   0.0513     0.8992 r
  U2257/ZN (AND2_X1)                                    0.0445     0.9436 r
  U1966/ZN (AND2_X1)                                    0.0439     0.9876 r
  U2256/ZN (NAND3_X1)                                   0.0378     1.0254 f
  U968/ZN (NAND2_X1)                                    0.0316     1.0570 r
  U1324/ZN (AND2_X1)                                    0.0460     1.1030 r
  U1570/ZN (OR2_X1)                                     0.0385     1.1415 r
  U2303/ZN (NAND2_X1)                                   0.0289     1.1704 f
  U6599/ZN (AOI21_X1)                                   0.0407     1.2111 r
  U1233/ZN (OR2_X2)                                     0.0470     1.2581 r
  U2259/Z (XOR2_X1)                                     0.0846     1.3428 r
  U2511/ZN (AND2_X1)                                    0.0514     1.3942 r
  U2180/ZN (NAND3_X1)                                   0.0352     1.4294 f
  U2110/ZN (NAND3_X1)                                   0.0299     1.4593 r
  U3035/ZN (AND3_X1)                                    0.0569     1.5161 r
  U2488/ZN (NAND3_X1)                                   0.0359     1.5520 f
  U11128/ZN (OAI21_X1)                                  0.0457     1.5977 r
  DP_i_execute_i_zero_alu_bit_Y_reg/D (DFF_X2)          0.0109     1.6085 r
  data arrival time                                                1.6085

  clock CLK (rise edge)                                 1.4500     1.4500
  clock network delay (ideal)                           0.0500     1.5000
  clock uncertainty                                    -0.0500     1.4500
  DP_i_execute_i_zero_alu_bit_Y_reg/CK (DFF_X2)         0.0000     1.4500 r
  library setup time                                   -0.0283     1.4217
  data required time                                               1.4217
  --------------------------------------------------------------------------
  data required time                                               1.4217
  data arrival time                                               -1.6085
  --------------------------------------------------------------------------
  slack (VIOLATED)                                                -0.1869


  Startpoint: DP_i_decode_i_rs2_addr_i_Y_reg_3_
              (rising edge-triggered flip-flop clocked by CLK)
  Endpoint: DP_i_execute_i_zero_alu_bit_Y_reg
            (rising edge-triggered flip-flop clocked by CLK)
  Path Group: REG2REG
  Path Type: max

  Des/Clust/Port     Wire Load Model       Library
  ------------------------------------------------
  DLX                5K_hvratio_1_4        NangateOpenCellLibrary

  Point                                                   Incr       Path
  --------------------------------------------------------------------------
  clock CLK (rise edge)                                 0.0000     0.0000
  clock network delay (ideal)                           0.0500     0.0500
  DP_i_decode_i_rs2_addr_i_Y_reg_3_/CK (DFF_X1)         0.0000     0.0500 r
  DP_i_decode_i_rs2_addr_i_Y_reg_3_/Q (DFF_X1)          0.1048     0.1548 r
  U5128/ZN (XNOR2_X1)                                   0.0619     0.2166 r
  U5129/ZN (AND3_X1)                                    0.0591     0.2757 r
  U5338/ZN (AND4_X1)                                    0.0624     0.3382 r
  U5135/ZN (NAND2_X1)                                   0.0357     0.3739 f
  U1180/ZN (AND2_X1)                                    0.0509     0.4248 f
  U5174/ZN (AOI222_X1)                                  0.1107     0.5354 r
  U5175/Z (MUX2_X1)                                     0.0655     0.6010 r
  U6159/ZN (XNOR2_X1)                                   0.0652     0.6662 r
  U2601/ZN (OR2_X1)                                     0.0430     0.7092 r
  U1151/ZN (AND2_X2)                                    0.0564     0.7656 r
  U1631/ZN (NAND2_X1)                                   0.0391     0.8047 f
  U2228/ZN (AND2_X1)                                    0.0432     0.8479 f
  U6221/ZN (OAI21_X1)                                   0.0513     0.8992 r
  U2257/ZN (AND2_X1)                                    0.0445     0.9436 r
  U1966/ZN (AND2_X1)                                    0.0439     0.9876 r
  U2256/ZN (NAND3_X1)                                   0.0378     1.0254 f
  U968/ZN (NAND2_X1)                                    0.0316     1.0570 r
  U1324/ZN (AND2_X1)                                    0.0460     1.1030 r
  U1570/ZN (OR2_X1)                                     0.0385     1.1415 r
  U2303/ZN (NAND2_X1)                                   0.0289     1.1704 f
  U6599/ZN (AOI21_X1)                                   0.0407     1.2111 r
  U1233/ZN (OR2_X2)                                     0.0470     1.2581 r
  U2259/Z (XOR2_X1)                                     0.0846     1.3428 r
  U2511/ZN (AND2_X1)                                    0.0514     1.3942 r
  U2180/ZN (NAND3_X1)                                   0.0352     1.4294 f
  U2110/ZN (NAND3_X1)                                   0.0299     1.4593 r
  U3035/ZN (AND3_X1)                                    0.0569     1.5161 r
  U2488/ZN (NAND3_X1)                                   0.0359     1.5520 f
  U11128/ZN (OAI21_X1)                                  0.0457     1.5977 r
  DP_i_execute_i_zero_alu_bit_Y_reg/D (DFF_X2)          0.0109     1.6085 r
  data arrival time                                                1.6085

  clock CLK (rise edge)                                 1.4500     1.4500
  clock network delay (ideal)                           0.0500     1.5000
  clock uncertainty                                    -0.0500     1.4500
  DP_i_execute_i_zero_alu_bit_Y_reg/CK (DFF_X2)         0.0000     1.4500 r
  library setup time                                   -0.0283     1.4217
  data required time                                               1.4217
  --------------------------------------------------------------------------
  data required time                                               1.4217
  data arrival time                                               -1.6085
  --------------------------------------------------------------------------
  slack (VIOLATED)                                                -0.1869


  Startpoint: DP_i_decode_i_rs2_addr_i_Y_reg_3_
              (rising edge-triggered flip-flop clocked by CLK)
  Endpoint: DP_i_execute_i_alu_out_reg_i_Y_reg_0_
            (rising edge-triggered flip-flop clocked by CLK)
  Path Group: REG2REG
  Path Type: max

  Des/Clust/Port     Wire Load Model       Library
  ------------------------------------------------
  DLX                5K_hvratio_1_4        NangateOpenCellLibrary

  Point                                                   Incr       Path
  --------------------------------------------------------------------------
  clock CLK (rise edge)                                 0.0000     0.0000
  clock network delay (ideal)                           0.0500     0.0500
  DP_i_decode_i_rs2_addr_i_Y_reg_3_/CK (DFF_X1)         0.0000     0.0500 r
  DP_i_decode_i_rs2_addr_i_Y_reg_3_/Q (DFF_X1)          0.1048     0.1548 r
  U5128/ZN (XNOR2_X1)                                   0.0619     0.2166 r
  U5129/ZN (AND3_X1)                                    0.0591     0.2757 r
  U5338/ZN (AND4_X1)                                    0.0624     0.3382 r
  U5135/ZN (NAND2_X1)                                   0.0357     0.3739 f
  U1182/ZN (AND2_X2)                                    0.0497     0.4236 f
  U5242/ZN (AOI222_X1)                                  0.1156     0.5392 r
  U1479/Z (MUX2_X2)                                     0.0688     0.6080 r
  U6189/ZN (XNOR2_X1)                                   0.0473     0.6553 f
  U6199/ZN (INV_X1)                                     0.0387     0.6940 r
  U6200/ZN (NAND2_X1)                                   0.0298     0.7239 f
  U6201/ZN (NAND2_X1)                                   0.0343     0.7581 r
  U820/ZN (AND2_X2)                                     0.0500     0.8082 r
  U6204/ZN (AND2_X1)                                    0.0433     0.8514 r
  U6205/ZN (NAND2_X1)                                   0.0302     0.8817 f
  U6206/ZN (NAND2_X1)                                   0.0372     0.9188 r
  U1655/ZN (AND2_X2)                                    0.0482     0.9671 r
  U892/Z (BUF_X2)                                       0.0423     1.0094 r
  U1630/ZN (NOR2_X1)                                    0.0286     1.0380 f
  U6940/ZN (XNOR2_X1)                                   0.0632     1.1012 f
  U1141/ZN (OR4_X2)                                     0.1077     1.2089 f
  U2584/ZN (NOR3_X1)                                    0.0450     1.2539 r
  U1295/ZN (AND4_X1)                                    0.0696     1.3235 r
  U2486/ZN (AND2_X1)                                    0.0417     1.3652 r
  U1042/ZN (AND4_X1)                                    0.0684     1.4335 r
  U7588/ZN (XNOR2_X1)                                   0.0621     1.4956 r
  U7591/ZN (NAND2_X1)                                   0.0355     1.5312 f
  U2487/ZN (NAND2_X1)                                   0.0298     1.5609 r
  U12653/ZN (AND2_X1)                                   0.0388     1.5997 r
  DP_i_execute_i_alu_out_reg_i_Y_reg_0_/D (DFF_X2)      0.0109     1.6106 r
  data arrival time                                                1.6106

  clock CLK (rise edge)                                 1.4500     1.4500
  clock network delay (ideal)                           0.0500     1.5000
  clock uncertainty                                    -0.0500     1.4500
  DP_i_execute_i_alu_out_reg_i_Y_reg_0_/CK (DFF_X2)     0.0000     1.4500 r
  library setup time                                   -0.0262     1.4238
  data required time                                               1.4238
  --------------------------------------------------------------------------
  data required time                                               1.4238
  data arrival time                                               -1.6106
  --------------------------------------------------------------------------
  slack (VIOLATED)                                                -0.1867


  Startpoint: CP_i_ex_mem_reg_i_WF1_out_reg
              (rising edge-triggered flip-flop clocked by CLK)
  Endpoint: DP_i_execute_i_boothmul_i_tree_i_register_i_2_Y_temp_reg_31_
            (rising edge-triggered flip-flop clocked by CLK)
  Path Group: REG2REG
  Path Type: max

  Des/Clust/Port     Wire Load Model       Library
  ------------------------------------------------
  DLX                5K_hvratio_1_4        NangateOpenCellLibrary

  Point                                                   Incr       Path
  --------------------------------------------------------------------------
  clock CLK (rise edge)                                 0.0000     0.0000
  clock network delay (ideal)                           0.0500     0.0500
  CP_i_ex_mem_reg_i_WF1_out_reg/CK (DFF_X1)             0.0000     0.0500 r
  CP_i_ex_mem_reg_i_WF1_out_reg/Q (DFF_X1)              0.1091     0.1591 r
  U1097/ZN (AND4_X1)                                    0.0906     0.2497 r
  U1183/ZN (NAND4_X2)                                   0.0883     0.3381 f
  U1129/ZN (INV_X2)                                     0.0883     0.4263 r
  U1167/Z (BUF_X1)                                      0.0765     0.5029 r
  U2262/ZN (AND2_X1)                                    0.0538     0.5567 r
  U1164/ZN (NOR3_X1)                                    0.0283     0.5850 f
  U1636/Z (MUX2_X1)                                     0.0789     0.6639 f
  U3650/Z (BUF_X1)                                      0.0484     0.7123 f
  U5333/ZN (NOR2_X1)                                    0.0545     0.7667 r
  U5337/ZN (INV_X1)                                     0.0265     0.7932 f
  U790/ZN (AND2_X2)                                     0.0516     0.8448 f
  U7758/ZN (AOI22_X1)                                   0.0840     0.9287 r
  U1555/Z (XOR2_X1)                                     0.0768     1.0056 r
  U7760/ZN (XNOR2_X1)                                   0.0671     1.0727 r
  U7761/ZN (XNOR2_X1)                                   0.0708     1.1435 r
  U10182/CO (FA_X1)                                     0.0818     1.2252 r
  U10202/ZN (XNOR2_X1)                                  0.0626     1.2878 r
  U10217/ZN (XNOR2_X1)                                  0.0661     1.3539 r
  U10218/ZN (XNOR2_X1)                                  0.0730     1.4269 r
  U2149/ZN (NAND2_X1)                                   0.0358     1.4627 f
  U2151/ZN (NAND3_X1)                                   0.0359     1.4986 r
  U10264/ZN (XNOR2_X1)                                  0.0569     1.5555 r
  U11676/ZN (AND2_X1)                                   0.0420     1.5975 r
  DP_i_execute_i_boothmul_i_tree_i_register_i_2_Y_temp_reg_31_/D (DFF_X2)
                                                        0.0109     1.6084 r
  data arrival time                                                1.6084

  clock CLK (rise edge)                                 1.4500     1.4500
  clock network delay (ideal)                           0.0500     1.5000
  clock uncertainty                                    -0.0500     1.4500
  DP_i_execute_i_boothmul_i_tree_i_register_i_2_Y_temp_reg_31_/CK (DFF_X2)
                                                        0.0000     1.4500 r
  library setup time                                   -0.0262     1.4238
  data required time                                               1.4238
  --------------------------------------------------------------------------
  data required time                                               1.4238
  data arrival time                                               -1.6084
  --------------------------------------------------------------------------
  slack (VIOLATED)                                                -0.1846


  Startpoint: CP_i_ex_mem_reg_i_WF1_out_reg
              (rising edge-triggered flip-flop clocked by CLK)
  Endpoint: DP_i_execute_i_boothmul_i_tree_i_register_i_2_Y_temp_reg_31_
            (rising edge-triggered flip-flop clocked by CLK)
  Path Group: REG2REG
  Path Type: max

  Des/Clust/Port     Wire Load Model       Library
  ------------------------------------------------
  DLX                5K_hvratio_1_4        NangateOpenCellLibrary

  Point                                                   Incr       Path
  --------------------------------------------------------------------------
  clock CLK (rise edge)                                 0.0000     0.0000
  clock network delay (ideal)                           0.0500     0.0500
  CP_i_ex_mem_reg_i_WF1_out_reg/CK (DFF_X1)             0.0000     0.0500 r
  CP_i_ex_mem_reg_i_WF1_out_reg/Q (DFF_X1)              0.1091     0.1591 r
  U1097/ZN (AND4_X1)                                    0.0906     0.2497 r
  U1183/ZN (NAND4_X2)                                   0.0883     0.3381 f
  U1129/ZN (INV_X2)                                     0.0883     0.4263 r
  U1167/Z (BUF_X1)                                      0.0765     0.5029 r
  U2262/ZN (AND2_X1)                                    0.0538     0.5567 r
  U1164/ZN (NOR3_X1)                                    0.0283     0.5850 f
  U1636/Z (MUX2_X1)                                     0.0789     0.6639 f
  U3650/Z (BUF_X1)                                      0.0484     0.7123 f
  U5333/ZN (NOR2_X1)                                    0.0545     0.7667 r
  U5337/ZN (INV_X1)                                     0.0265     0.7932 f
  U790/ZN (AND2_X2)                                     0.0516     0.8448 f
  U7758/ZN (AOI22_X1)                                   0.0840     0.9287 r
  U1555/Z (XOR2_X1)                                     0.0768     1.0056 r
  U7760/ZN (XNOR2_X1)                                   0.0671     1.0727 r
  U7761/ZN (XNOR2_X1)                                   0.0708     1.1435 r
  U10182/CO (FA_X1)                                     0.0818     1.2252 r
  U10202/ZN (XNOR2_X1)                                  0.0626     1.2878 r
  U10217/ZN (XNOR2_X1)                                  0.0661     1.3539 r
  U10218/ZN (XNOR2_X1)                                  0.0730     1.4269 r
  U2149/ZN (NAND2_X1)                                   0.0358     1.4627 f
  U2151/ZN (NAND3_X1)                                   0.0359     1.4986 r
  U10264/ZN (XNOR2_X1)                                  0.0569     1.5555 r
  U11676/ZN (AND2_X1)                                   0.0420     1.5975 r
  DP_i_execute_i_boothmul_i_tree_i_register_i_2_Y_temp_reg_31_/D (DFF_X2)
                                                        0.0109     1.6084 r
  data arrival time                                                1.6084

  clock CLK (rise edge)                                 1.4500     1.4500
  clock network delay (ideal)                           0.0500     1.5000
  clock uncertainty                                    -0.0500     1.4500
  DP_i_execute_i_boothmul_i_tree_i_register_i_2_Y_temp_reg_31_/CK (DFF_X2)
                                                        0.0000     1.4500 r
  library setup time                                   -0.0262     1.4238
  data required time                                               1.4238
  --------------------------------------------------------------------------
  data required time                                               1.4238
  data arrival time                                               -1.6084
  --------------------------------------------------------------------------
  slack (VIOLATED)                                                -0.1846


  Startpoint: DP_i_decode_i_rs2_addr_i_Y_reg_3_
              (rising edge-triggered flip-flop clocked by CLK)
  Endpoint: DP_i_execute_i_alu_out_reg_i_Y_reg_0_
            (rising edge-triggered flip-flop clocked by CLK)
  Path Group: REG2REG
  Path Type: max

  Des/Clust/Port     Wire Load Model       Library
  ------------------------------------------------
  DLX                5K_hvratio_1_4        NangateOpenCellLibrary

  Point                                                   Incr       Path
  --------------------------------------------------------------------------
  clock CLK (rise edge)                                 0.0000     0.0000
  clock network delay (ideal)                           0.0500     0.0500
  DP_i_decode_i_rs2_addr_i_Y_reg_3_/CK (DFF_X1)         0.0000     0.0500 r
  DP_i_decode_i_rs2_addr_i_Y_reg_3_/Q (DFF_X1)          0.1048     0.1548 r
  U5128/ZN (XNOR2_X1)                                   0.0619     0.2166 r
  U5129/ZN (AND3_X1)                                    0.0591     0.2757 r
  U5338/ZN (AND4_X1)                                    0.0624     0.3382 r
  U5135/ZN (NAND2_X1)                                   0.0357     0.3739 f
  U1182/ZN (AND2_X2)                                    0.0497     0.4236 f
  U5242/ZN (AOI222_X1)                                  0.1156     0.5392 r
  U1479/Z (MUX2_X2)                                     0.0666     0.6058 r
  U6189/ZN (XNOR2_X1)                                   0.0473     0.6531 f
  U6199/ZN (INV_X1)                                     0.0387     0.6918 r
  U6200/ZN (NAND2_X1)                                   0.0298     0.7216 f
  U6201/ZN (NAND2_X1)                                   0.0343     0.7559 r
  U820/ZN (AND2_X2)                                     0.0500     0.8059 r
  U6204/ZN (AND2_X1)                                    0.0433     0.8492 r
  U6205/ZN (NAND2_X1)                                   0.0302     0.8795 f
  U6206/ZN (NAND2_X1)                                   0.0372     0.9166 r
  U1655/ZN (AND2_X2)                                    0.0482     0.9648 r
  U892/Z (BUF_X2)                                       0.0423     1.0072 r
  U1630/ZN (NOR2_X1)                                    0.0286     1.0358 f
  U6940/ZN (XNOR2_X1)                                   0.0632     1.0990 f
  U1141/ZN (OR4_X2)                                     0.1077     1.2067 f
  U2584/ZN (NOR3_X1)                                    0.0450     1.2517 r
  U1295/ZN (AND4_X1)                                    0.0696     1.3212 r
  U2486/ZN (AND2_X1)                                    0.0417     1.3629 r
  U1042/ZN (AND4_X1)                                    0.0684     1.4313 r
  U7588/ZN (XNOR2_X1)                                   0.0621     1.4934 r
  U7591/ZN (NAND2_X1)                                   0.0355     1.5289 f
  U2487/ZN (NAND2_X1)                                   0.0298     1.5587 r
  U12653/ZN (AND2_X1)                                   0.0388     1.5975 r
  DP_i_execute_i_alu_out_reg_i_Y_reg_0_/D (DFF_X2)      0.0109     1.6083 r
  data arrival time                                                1.6083

  clock CLK (rise edge)                                 1.4500     1.4500
  clock network delay (ideal)                           0.0500     1.5000
  clock uncertainty                                    -0.0500     1.4500
  DP_i_execute_i_alu_out_reg_i_Y_reg_0_/CK (DFF_X2)     0.0000     1.4500 r
  library setup time                                   -0.0262     1.4238
  data required time                                               1.4238
  --------------------------------------------------------------------------
  data required time                                               1.4238
  data arrival time                                               -1.6083
  --------------------------------------------------------------------------
  slack (VIOLATED)                                                -0.1845


  Startpoint: DP_i_execute_i_rd_out_reg_i_Y_reg_0_
              (rising edge-triggered flip-flop clocked by CLK)
  Endpoint: DP_i_execute_i_boothmul_i_tree_i_register_i_3_Y_temp_reg_28_
            (rising edge-triggered flip-flop clocked by CLK)
  Path Group: REG2REG
  Path Type: max

  Des/Clust/Port     Wire Load Model       Library
  ------------------------------------------------
  DLX                5K_hvratio_1_4        NangateOpenCellLibrary

  Point                                                   Incr       Path
  --------------------------------------------------------------------------
  clock CLK (rise edge)                                 0.0000     0.0000
  clock network delay (ideal)                           0.0500     0.0500
  DP_i_execute_i_rd_out_reg_i_Y_reg_0_/CK (DFF_X1)      0.0000     0.0500 r
  DP_i_execute_i_rd_out_reg_i_Y_reg_0_/Q (DFF_X1)       0.1048     0.1548 r
  U5126/ZN (XNOR2_X1)                                   0.0653     0.2200 r
  U1633/ZN (AND2_X1)                                    0.0515     0.2715 r
  U5127/ZN (NAND4_X1)                                   0.0404     0.3119 f
  U5135/ZN (NAND2_X1)                                   0.0408     0.3527 r
  U1180/ZN (AND2_X1)                                    0.0604     0.4131 r
  U2451/Z (BUF_X2)                                      0.0748     0.4879 r
  U2253/ZN (NAND2_X1)                                   0.0487     0.5366 f
  U865/ZN (AND3_X1)                                     0.0476     0.5841 f
  U1044/Z (MUX2_X1)                                     0.0835     0.6676 f
  U1420/ZN (OR2_X1)                                     0.0641     0.7317 f
  U1585/ZN (OAI21_X1)                                   0.0711     0.8028 r
  U1584/ZN (INV_X2)                                     0.0742     0.8770 f
  U5356/ZN (OAI21_X1)                                   0.0914     0.9684 r
  U5362/ZN (XNOR2_X1)                                   0.0686     1.0371 r
  U5363/ZN (XNOR2_X1)                                   0.0698     1.1069 r
  U5364/ZN (XNOR2_X1)                                   0.0427     1.1496 f
  U5365/ZN (OR2_X1)                                     0.0657     1.2153 f
  U5368/ZN (AOI22_X1)                                   0.0622     1.2775 r
  U10470/ZN (XNOR2_X1)                                  0.0724     1.3498 r
  U1309/ZN (XNOR2_X1)                                   0.0704     1.4203 r
  U2468/ZN (XNOR2_X1)                                   0.0694     1.4896 r
  U2467/ZN (XNOR2_X1)                                   0.0598     1.5494 r
  U12431/ZN (AND2_X1)                                   0.0420     1.5915 r
  DP_i_execute_i_boothmul_i_tree_i_register_i_3_Y_temp_reg_28_/D (DFF_X2)
                                                        0.0109     1.6024 r
  data arrival time                                                1.6024

  clock CLK (rise edge)                                 1.4500     1.4500
  clock network delay (ideal)                           0.0500     1.5000
  clock uncertainty                                    -0.0500     1.4500
  DP_i_execute_i_boothmul_i_tree_i_register_i_3_Y_temp_reg_28_/CK (DFF_X2)
                                                        0.0000     1.4500 r
  library setup time                                   -0.0262     1.4238
  data required time                                               1.4238
  --------------------------------------------------------------------------
  data required time                                               1.4238
  data arrival time                                               -1.6024
  --------------------------------------------------------------------------
  slack (VIOLATED)                                                -0.1785


  Startpoint: DP_i_execute_i_rd_out_reg_i_Y_reg_0_
              (rising edge-triggered flip-flop clocked by CLK)
  Endpoint: DP_i_execute_i_boothmul_i_tree_i_register_i_3_Y_temp_reg_28_
            (rising edge-triggered flip-flop clocked by CLK)
  Path Group: REG2REG
  Path Type: max

  Des/Clust/Port     Wire Load Model       Library
  ------------------------------------------------
  DLX                5K_hvratio_1_4        NangateOpenCellLibrary

  Point                                                   Incr       Path
  --------------------------------------------------------------------------
  clock CLK (rise edge)                                 0.0000     0.0000
  clock network delay (ideal)                           0.0500     0.0500
  DP_i_execute_i_rd_out_reg_i_Y_reg_0_/CK (DFF_X1)      0.0000     0.0500 r
  DP_i_execute_i_rd_out_reg_i_Y_reg_0_/Q (DFF_X1)       0.1048     0.1548 r
  U5126/ZN (XNOR2_X1)                                   0.0653     0.2200 r
  U1633/ZN (AND2_X1)                                    0.0515     0.2715 r
  U5127/ZN (NAND4_X1)                                   0.0404     0.3119 f
  U5135/ZN (NAND2_X1)                                   0.0408     0.3527 r
  U1180/ZN (AND2_X1)                                    0.0604     0.4131 r
  U2451/Z (BUF_X2)                                      0.0748     0.4879 r
  U2253/ZN (NAND2_X1)                                   0.0487     0.5366 f
  U865/ZN (AND3_X1)                                     0.0476     0.5841 f
  U1044/Z (MUX2_X1)                                     0.0835     0.6676 f
  U1420/ZN (OR2_X1)                                     0.0641     0.7317 f
  U1585/ZN (OAI21_X1)                                   0.0711     0.8028 r
  U1584/ZN (INV_X2)                                     0.0742     0.8770 f
  U5356/ZN (OAI21_X1)                                   0.0914     0.9684 r
  U5362/ZN (XNOR2_X1)                                   0.0686     1.0371 r
  U5363/ZN (XNOR2_X1)                                   0.0698     1.1069 r
  U5364/ZN (XNOR2_X1)                                   0.0427     1.1496 f
  U5365/ZN (OR2_X1)                                     0.0657     1.2153 f
  U5368/ZN (AOI22_X1)                                   0.0622     1.2775 r
  U10470/ZN (XNOR2_X1)                                  0.0724     1.3498 r
  U1309/ZN (XNOR2_X1)                                   0.0704     1.4203 r
  U2468/ZN (XNOR2_X1)                                   0.0694     1.4896 r
  U2467/ZN (XNOR2_X1)                                   0.0598     1.5494 r
  U12431/ZN (AND2_X1)                                   0.0420     1.5915 r
  DP_i_execute_i_boothmul_i_tree_i_register_i_3_Y_temp_reg_28_/D (DFF_X2)
                                                        0.0109     1.6024 r
  data arrival time                                                1.6024

  clock CLK (rise edge)                                 1.4500     1.4500
  clock network delay (ideal)                           0.0500     1.5000
  clock uncertainty                                    -0.0500     1.4500
  DP_i_execute_i_boothmul_i_tree_i_register_i_3_Y_temp_reg_28_/CK (DFF_X2)
                                                        0.0000     1.4500 r
  library setup time                                   -0.0262     1.4238
  data required time                                               1.4238
  --------------------------------------------------------------------------
  data required time                                               1.4238
  data arrival time                                               -1.6024
  --------------------------------------------------------------------------
  slack (VIOLATED)                                                -0.1785


  Startpoint: DP_i_decode_i_rs2_addr_i_Y_reg_3_
              (rising edge-triggered flip-flop clocked by CLK)
  Endpoint: DP_i_execute_i_boothmul_i_tree_i_register_i_1_Y_temp_reg_30_
            (rising edge-triggered flip-flop clocked by CLK)
  Path Group: REG2REG
  Path Type: max

  Des/Clust/Port     Wire Load Model       Library
  ------------------------------------------------
  DLX                5K_hvratio_1_4        NangateOpenCellLibrary

  Point                                                   Incr       Path
  --------------------------------------------------------------------------
  clock CLK (rise edge)                                 0.0000     0.0000
  clock network delay (ideal)                           0.0500     0.0500
  DP_i_decode_i_rs2_addr_i_Y_reg_3_/CK (DFF_X1)         0.0000     0.0500 r
  DP_i_decode_i_rs2_addr_i_Y_reg_3_/Q (DFF_X1)          0.1048     0.1548 r
  U5128/ZN (XNOR2_X1)                                   0.0619     0.2166 r
  U5129/ZN (AND3_X1)                                    0.0591     0.2757 r
  U5338/ZN (AND4_X1)                                    0.0624     0.3382 r
  U5135/ZN (NAND2_X1)                                   0.0357     0.3739 f
  U1180/ZN (AND2_X1)                                    0.0509     0.4248 f
  U5174/ZN (AOI222_X1)                                  0.1107     0.5354 r
  U5175/Z (MUX2_X1)                                     0.0655     0.6010 r
  U5176/ZN (INV_X1)                                     0.0311     0.6321 f
  U813/ZN (AND2_X1)                                     0.0478     0.6799 f
  U2174/ZN (NOR2_X1)                                    0.0491     0.7290 r
  U781/ZN (OR2_X1)                                      0.0563     0.7853 r
  U5462/ZN (OAI22_X1)                                   0.0527     0.8381 f
  U5463/S (FA_X1)                                       0.1648     1.0028 r
  U2147/Z (XOR2_X1)                                     0.0991     1.1019 r
  U7785/CO (FA_X1)                                      0.0925     1.1944 r
  U2084/ZN (XNOR2_X1)                                   0.0699     1.2643 r
  U2609/ZN (XNOR2_X1)                                   0.0751     1.3394 r
  U5281/ZN (XNOR2_X1)                                   0.0780     1.4174 r
  U978/ZN (XNOR2_X1)                                    0.0446     1.4621 f
  U10482/CO (FA_X1)                                     0.0909     1.5530 f
  U12435/ZN (NOR2_X1)                                   0.0369     1.5899 r
  DP_i_execute_i_boothmul_i_tree_i_register_i_1_Y_temp_reg_30_/D (DFF_X2)
                                                        0.0109     1.6008 r
  data arrival time                                                1.6008

  clock CLK (rise edge)                                 1.4500     1.4500
  clock network delay (ideal)                           0.0500     1.5000
  clock uncertainty                                    -0.0500     1.4500
  DP_i_execute_i_boothmul_i_tree_i_register_i_1_Y_temp_reg_30_/CK (DFF_X2)
                                                        0.0000     1.4500 r
  library setup time                                   -0.0277     1.4223
  data required time                                               1.4223
  --------------------------------------------------------------------------
  data required time                                               1.4223
  data arrival time                                               -1.6008
  --------------------------------------------------------------------------
  slack (VIOLATED)                                                -0.1785


  Startpoint: DP_i_decode_i_rs2_addr_i_Y_reg_3_
              (rising edge-triggered flip-flop clocked by CLK)
  Endpoint: DP_i_execute_i_boothmul_i_tree_i_register_i_1_Y_temp_reg_30_
            (rising edge-triggered flip-flop clocked by CLK)
  Path Group: REG2REG
  Path Type: max

  Des/Clust/Port     Wire Load Model       Library
  ------------------------------------------------
  DLX                5K_hvratio_1_4        NangateOpenCellLibrary

  Point                                                   Incr       Path
  --------------------------------------------------------------------------
  clock CLK (rise edge)                                 0.0000     0.0000
  clock network delay (ideal)                           0.0500     0.0500
  DP_i_decode_i_rs2_addr_i_Y_reg_3_/CK (DFF_X1)         0.0000     0.0500 r
  DP_i_decode_i_rs2_addr_i_Y_reg_3_/Q (DFF_X1)          0.1048     0.1548 r
  U5128/ZN (XNOR2_X1)                                   0.0619     0.2166 r
  U5129/ZN (AND3_X1)                                    0.0591     0.2757 r
  U5338/ZN (AND4_X1)                                    0.0624     0.3382 r
  U5135/ZN (NAND2_X1)                                   0.0357     0.3739 f
  U1180/ZN (AND2_X1)                                    0.0509     0.4248 f
  U5174/ZN (AOI222_X1)                                  0.1107     0.5354 r
  U5175/Z (MUX2_X1)                                     0.0655     0.6010 r
  U5176/ZN (INV_X1)                                     0.0311     0.6321 f
  U813/ZN (AND2_X1)                                     0.0478     0.6799 f
  U2174/ZN (NOR2_X1)                                    0.0491     0.7290 r
  U781/ZN (OR2_X1)                                      0.0563     0.7853 r
  U5462/ZN (OAI22_X1)                                   0.0527     0.8381 f
  U5463/S (FA_X1)                                       0.1648     1.0028 r
  U2147/Z (XOR2_X1)                                     0.0991     1.1019 r
  U7785/CO (FA_X1)                                      0.0925     1.1944 r
  U2084/ZN (XNOR2_X1)                                   0.0699     1.2643 r
  U2609/ZN (XNOR2_X1)                                   0.0751     1.3394 r
  U5281/ZN (XNOR2_X1)                                   0.0780     1.4174 r
  U978/ZN (XNOR2_X1)                                    0.0446     1.4621 f
  U10482/CO (FA_X1)                                     0.0909     1.5530 f
  U12435/ZN (NOR2_X1)                                   0.0369     1.5899 r
  DP_i_execute_i_boothmul_i_tree_i_register_i_1_Y_temp_reg_30_/D (DFF_X2)
                                                        0.0109     1.6008 r
  data arrival time                                                1.6008

  clock CLK (rise edge)                                 1.4500     1.4500
  clock network delay (ideal)                           0.0500     1.5000
  clock uncertainty                                    -0.0500     1.4500
  DP_i_execute_i_boothmul_i_tree_i_register_i_1_Y_temp_reg_30_/CK (DFF_X2)
                                                        0.0000     1.4500 r
  library setup time                                   -0.0277     1.4223
  data required time                                               1.4223
  --------------------------------------------------------------------------
  data required time                                               1.4223
  data arrival time                                               -1.6008
  --------------------------------------------------------------------------
  slack (VIOLATED)                                                -0.1785


1
