 
****************************************
Report : timing
        -path full
        -delay max
        -nworst 2
        -group REG2REG
        -max_paths 10
Design : DLX
Version: W-2024.09-SP2
Date   : Tue Sep 29 12:04:45 2026
****************************************

Operating Conditions: typical   Library: NangateOpenCellLibrary
Wire Load Model Mode: top

  Startpoint: DP_i_fetch_i_IR_out_reg_27_
              (rising edge-triggered flip-flop clocked by CLK)
  Endpoint: DP_i_fetch_i_pc_i_Y_reg_1_
            (rising edge-triggered flip-flop clocked by CLK)
  Path Group: REG2REG
  Path Type: max

  Des/Clust/Port     Wire Load Model       Library
  ------------------------------------------------
  DLX                5K_hvratio_1_4        NangateOpenCellLibrary

  Point                                                   Incr       Path
  --------------------------------------------------------------------------
  clock CLK (rise edge)                                 0.0000     0.0000
  clock network delay (ideal)                           0.0500     0.0500
  DP_i_fetch_i_IR_out_reg_27_/CK (DFF_X1)               0.0000     0.0500 r
  DP_i_fetch_i_IR_out_reg_27_/Q (DFF_X1)                0.1014     0.1514 f
  U3791/ZN (OR2_X1)                                     0.0577     0.2091 f
  U3792/ZN (NAND2_X1)                                   0.0319     0.2410 r
  U3793/ZN (NAND4_X1)                                   0.0378     0.2788 f
  U3794/ZN (AND2_X1)                                    0.0452     0.3240 f
  U2456/ZN (OAI211_X1)                                  0.0402     0.3642 r
  U904/ZN (AND2_X2)                                     0.0550     0.4192 r
  U3811/ZN (NOR2_X1)                                    0.0295     0.4487 f
  U1112/ZN (OR2_X1)                                     0.0645     0.5132 f
  U1712/ZN (OR2_X1)                                     0.0548     0.5680 f
  U1227/ZN (AND2_X1)                                    0.0387     0.6067 f
  U2336/ZN (AND2_X1)                                    0.0380     0.6447 f
  U2073/ZN (NAND2_X1)                                   0.0276     0.6723 r
  U2454/ZN (NAND3_X1)                                   0.0344     0.7067 f
  U1207/ZN (AND2_X1)                                    0.0443     0.7510 f
  U2457/ZN (OAI21_X1)                                   0.0460     0.7970 r
  U947/ZN (OR2_X1)                                      0.0386     0.8355 r
  U2638/ZN (NAND4_X1)                                   0.0521     0.8876 f
  U3904/ZN (NAND2_X1)                                   0.0401     0.9277 r
  U2495/ZN (AND2_X1)                                    0.0433     0.9710 r
  U2486/ZN (NAND2_X1)                                   0.0298     1.0008 f
  U2286/ZN (OAI211_X1)                                  0.0546     1.0553 r
  U2626/ZN (XNOR2_X1)                                   0.0633     1.1187 r
  U2628/ZN (AND4_X1)                                    0.0593     1.1780 r
  U5951/ZN (AND4_X1)                                    0.0607     1.2387 r
  U5994/ZN (OAI21_X1)                                   0.0326     1.2713 f
  U5995/ZN (NAND2_X1)                                   0.0350     1.3063 r
  U12666/ZN (NAND2_X1)                                  0.0343     1.3406 f
  U12649/ZN (OR2_X2)                                    0.0954     1.4360 f
  U13220/ZN (OR2_X1)                                    0.0874     1.5234 f
  U13221/ZN (NAND4_X1)                                  0.0362     1.5595 r
  DP_i_fetch_i_pc_i_Y_reg_1_/D (DFF_X2)                 0.0109     1.5704 r
  data arrival time                                                1.5704

  clock CLK (rise edge)                                 1.2500     1.2500
  clock network delay (ideal)                           0.0500     1.3000
  clock uncertainty                                    -0.0500     1.2500
  DP_i_fetch_i_pc_i_Y_reg_1_/CK (DFF_X2)                0.0000     1.2500 r
  library setup time                                   -0.0275     1.2225
  data required time                                               1.2225
  --------------------------------------------------------------------------
  data required time                                               1.2225
  data arrival time                                               -1.5704
  --------------------------------------------------------------------------
  slack (VIOLATED)                                                -0.3480


  Startpoint: DP_i_fetch_i_IR_out_reg_27_
              (rising edge-triggered flip-flop clocked by CLK)
  Endpoint: DP_i_fetch_i_pc_i_Y_reg_0_
            (rising edge-triggered flip-flop clocked by CLK)
  Path Group: REG2REG
  Path Type: max

  Des/Clust/Port     Wire Load Model       Library
  ------------------------------------------------
  DLX                5K_hvratio_1_4        NangateOpenCellLibrary

  Point                                                   Incr       Path
  --------------------------------------------------------------------------
  clock CLK (rise edge)                                 0.0000     0.0000
  clock network delay (ideal)                           0.0500     0.0500
  DP_i_fetch_i_IR_out_reg_27_/CK (DFF_X1)               0.0000     0.0500 r
  DP_i_fetch_i_IR_out_reg_27_/Q (DFF_X1)                0.1014     0.1514 f
  U3791/ZN (OR2_X1)                                     0.0577     0.2091 f
  U3792/ZN (NAND2_X1)                                   0.0319     0.2410 r
  U3793/ZN (NAND4_X1)                                   0.0378     0.2788 f
  U3794/ZN (AND2_X1)                                    0.0452     0.3240 f
  U2456/ZN (OAI211_X1)                                  0.0402     0.3642 r
  U904/ZN (AND2_X2)                                     0.0550     0.4192 r
  U3811/ZN (NOR2_X1)                                    0.0295     0.4487 f
  U1112/ZN (OR2_X1)                                     0.0645     0.5132 f
  U1712/ZN (OR2_X1)                                     0.0548     0.5680 f
  U1227/ZN (AND2_X1)                                    0.0387     0.6067 f
  U2336/ZN (AND2_X1)                                    0.0380     0.6447 f
  U2073/ZN (NAND2_X1)                                   0.0276     0.6723 r
  U2454/ZN (NAND3_X1)                                   0.0344     0.7067 f
  U1207/ZN (AND2_X1)                                    0.0443     0.7510 f
  U2457/ZN (OAI21_X1)                                   0.0460     0.7970 r
  U947/ZN (OR2_X1)                                      0.0386     0.8355 r
  U2638/ZN (NAND4_X1)                                   0.0521     0.8876 f
  U3904/ZN (NAND2_X1)                                   0.0401     0.9277 r
  U2495/ZN (AND2_X1)                                    0.0433     0.9710 r
  U2486/ZN (NAND2_X1)                                   0.0298     1.0008 f
  U2286/ZN (OAI211_X1)                                  0.0546     1.0553 r
  U2626/ZN (XNOR2_X1)                                   0.0633     1.1187 r
  U2628/ZN (AND4_X1)                                    0.0593     1.1780 r
  U5951/ZN (AND4_X1)                                    0.0607     1.2387 r
  U5994/ZN (OAI21_X1)                                   0.0326     1.2713 f
  U5995/ZN (NAND2_X1)                                   0.0350     1.3063 r
  U12666/ZN (NAND2_X1)                                  0.0343     1.3406 f
  U12649/ZN (OR2_X2)                                    0.0954     1.4360 f
  U13223/ZN (OR2_X1)                                    0.0874     1.5234 f
  U13224/ZN (NAND4_X1)                                  0.0362     1.5595 r
  DP_i_fetch_i_pc_i_Y_reg_0_/D (DFF_X2)                 0.0109     1.5704 r
  data arrival time                                                1.5704

  clock CLK (rise edge)                                 1.2500     1.2500
  clock network delay (ideal)                           0.0500     1.3000
  clock uncertainty                                    -0.0500     1.2500
  DP_i_fetch_i_pc_i_Y_reg_0_/CK (DFF_X2)                0.0000     1.2500 r
  library setup time                                   -0.0275     1.2225
  data required time                                               1.2225
  --------------------------------------------------------------------------
  data required time                                               1.2225
  data arrival time                                               -1.5704
  --------------------------------------------------------------------------
  slack (VIOLATED)                                                -0.3480


  Startpoint: DP_i_fetch_i_IR_out_reg_27_
              (rising edge-triggered flip-flop clocked by CLK)
  Endpoint: DP_i_fetch_i_pc_i_Y_reg_9_
            (rising edge-triggered flip-flop clocked by CLK)
  Path Group: REG2REG
  Path Type: max

  Des/Clust/Port     Wire Load Model       Library
  ------------------------------------------------
  DLX                5K_hvratio_1_4        NangateOpenCellLibrary

  Point                                                   Incr       Path
  --------------------------------------------------------------------------
  clock CLK (rise edge)                                 0.0000     0.0000
  clock network delay (ideal)                           0.0500     0.0500
  DP_i_fetch_i_IR_out_reg_27_/CK (DFF_X1)               0.0000     0.0500 r
  DP_i_fetch_i_IR_out_reg_27_/Q (DFF_X1)                0.1014     0.1514 f
  U3791/ZN (OR2_X1)                                     0.0577     0.2091 f
  U3792/ZN (NAND2_X1)                                   0.0319     0.2410 r
  U3793/ZN (NAND4_X1)                                   0.0378     0.2788 f
  U3794/ZN (AND2_X1)                                    0.0452     0.3240 f
  U2456/ZN (OAI211_X1)                                  0.0402     0.3642 r
  U904/ZN (AND2_X2)                                     0.0550     0.4192 r
  U3811/ZN (NOR2_X1)                                    0.0295     0.4487 f
  U1112/ZN (OR2_X1)                                     0.0645     0.5132 f
  U1712/ZN (OR2_X1)                                     0.0548     0.5680 f
  U1227/ZN (AND2_X1)                                    0.0387     0.6067 f
  U2336/ZN (AND2_X1)                                    0.0380     0.6447 f
  U2073/ZN (NAND2_X1)                                   0.0276     0.6723 r
  U2454/ZN (NAND3_X1)                                   0.0344     0.7067 f
  U1207/ZN (AND2_X1)                                    0.0443     0.7510 f
  U2457/ZN (OAI21_X1)                                   0.0460     0.7970 r
  U947/ZN (OR2_X1)                                      0.0386     0.8355 r
  U2638/ZN (NAND4_X1)                                   0.0521     0.8876 f
  U3904/ZN (NAND2_X1)                                   0.0401     0.9277 r
  U2495/ZN (AND2_X1)                                    0.0433     0.9710 r
  U2486/ZN (NAND2_X1)                                   0.0298     1.0008 f
  U2286/ZN (OAI211_X1)                                  0.0546     1.0553 r
  U2626/ZN (XNOR2_X1)                                   0.0633     1.1187 r
  U2628/ZN (AND4_X1)                                    0.0593     1.1780 r
  U5951/ZN (AND4_X1)                                    0.0607     1.2387 r
  U5994/ZN (OAI21_X1)                                   0.0326     1.2713 f
  U5995/ZN (NAND2_X1)                                   0.0350     1.3063 r
  U12666/ZN (NAND2_X1)                                  0.0343     1.3406 f
  U12649/ZN (OR2_X2)                                    0.0954     1.4360 f
  U13180/ZN (OR2_X1)                                    0.0874     1.5234 f
  U13181/ZN (NAND4_X1)                                  0.0362     1.5595 r
  DP_i_fetch_i_pc_i_Y_reg_9_/D (DFF_X2)                 0.0109     1.5704 r
  data arrival time                                                1.5704

  clock CLK (rise edge)                                 1.2500     1.2500
  clock network delay (ideal)                           0.0500     1.3000
  clock uncertainty                                    -0.0500     1.2500
  DP_i_fetch_i_pc_i_Y_reg_9_/CK (DFF_X2)                0.0000     1.2500 r
  library setup time                                   -0.0275     1.2225
  data required time                                               1.2225
  --------------------------------------------------------------------------
  data required time                                               1.2225
  data arrival time                                               -1.5704
  --------------------------------------------------------------------------
  slack (VIOLATED)                                                -0.3480


  Startpoint: DP_i_fetch_i_IR_out_reg_27_
              (rising edge-triggered flip-flop clocked by CLK)
  Endpoint: DP_i_fetch_i_pc_i_Y_reg_7_
            (rising edge-triggered flip-flop clocked by CLK)
  Path Group: REG2REG
  Path Type: max

  Des/Clust/Port     Wire Load Model       Library
  ------------------------------------------------
  DLX                5K_hvratio_1_4        NangateOpenCellLibrary

  Point                                                   Incr       Path
  --------------------------------------------------------------------------
  clock CLK (rise edge)                                 0.0000     0.0000
  clock network delay (ideal)                           0.0500     0.0500
  DP_i_fetch_i_IR_out_reg_27_/CK (DFF_X1)               0.0000     0.0500 r
  DP_i_fetch_i_IR_out_reg_27_/Q (DFF_X1)                0.1014     0.1514 f
  U3791/ZN (OR2_X1)                                     0.0577     0.2091 f
  U3792/ZN (NAND2_X1)                                   0.0319     0.2410 r
  U3793/ZN (NAND4_X1)                                   0.0378     0.2788 f
  U3794/ZN (AND2_X1)                                    0.0452     0.3240 f
  U2456/ZN (OAI211_X1)                                  0.0402     0.3642 r
  U904/ZN (AND2_X2)                                     0.0550     0.4192 r
  U3811/ZN (NOR2_X1)                                    0.0295     0.4487 f
  U1112/ZN (OR2_X1)                                     0.0645     0.5132 f
  U1712/ZN (OR2_X1)                                     0.0548     0.5680 f
  U1227/ZN (AND2_X1)                                    0.0387     0.6067 f
  U2336/ZN (AND2_X1)                                    0.0380     0.6447 f
  U2073/ZN (NAND2_X1)                                   0.0276     0.6723 r
  U2454/ZN (NAND3_X1)                                   0.0344     0.7067 f
  U1207/ZN (AND2_X1)                                    0.0443     0.7510 f
  U2457/ZN (OAI21_X1)                                   0.0460     0.7970 r
  U947/ZN (OR2_X1)                                      0.0386     0.8355 r
  U2638/ZN (NAND4_X1)                                   0.0521     0.8876 f
  U3904/ZN (NAND2_X1)                                   0.0401     0.9277 r
  U2495/ZN (AND2_X1)                                    0.0433     0.9710 r
  U2486/ZN (NAND2_X1)                                   0.0298     1.0008 f
  U2286/ZN (OAI211_X1)                                  0.0546     1.0553 r
  U2626/ZN (XNOR2_X1)                                   0.0633     1.1187 r
  U2628/ZN (AND4_X1)                                    0.0593     1.1780 r
  U5951/ZN (AND4_X1)                                    0.0607     1.2387 r
  U5994/ZN (OAI21_X1)                                   0.0326     1.2713 f
  U5995/ZN (NAND2_X1)                                   0.0350     1.3063 r
  U12666/ZN (NAND2_X1)                                  0.0343     1.3406 f
  U12649/ZN (OR2_X2)                                    0.0954     1.4360 f
  U13190/ZN (OR2_X1)                                    0.0874     1.5234 f
  U13191/ZN (NAND4_X1)                                  0.0362     1.5595 r
  DP_i_fetch_i_pc_i_Y_reg_7_/D (DFF_X2)                 0.0109     1.5704 r
  data arrival time                                                1.5704

  clock CLK (rise edge)                                 1.2500     1.2500
  clock network delay (ideal)                           0.0500     1.3000
  clock uncertainty                                    -0.0500     1.2500
  DP_i_fetch_i_pc_i_Y_reg_7_/CK (DFF_X2)                0.0000     1.2500 r
  library setup time                                   -0.0275     1.2225
  data required time                                               1.2225
  --------------------------------------------------------------------------
  data required time                                               1.2225
  data arrival time                                               -1.5704
  --------------------------------------------------------------------------
  slack (VIOLATED)                                                -0.3480


  Startpoint: DP_i_fetch_i_IR_out_reg_27_
              (rising edge-triggered flip-flop clocked by CLK)
  Endpoint: DP_i_fetch_i_pc_i_Y_reg_5_
            (rising edge-triggered flip-flop clocked by CLK)
  Path Group: REG2REG
  Path Type: max

  Des/Clust/Port     Wire Load Model       Library
  ------------------------------------------------
  DLX                5K_hvratio_1_4        NangateOpenCellLibrary

  Point                                                   Incr       Path
  --------------------------------------------------------------------------
  clock CLK (rise edge)                                 0.0000     0.0000
  clock network delay (ideal)                           0.0500     0.0500
  DP_i_fetch_i_IR_out_reg_27_/CK (DFF_X1)               0.0000     0.0500 r
  DP_i_fetch_i_IR_out_reg_27_/Q (DFF_X1)                0.1014     0.1514 f
  U3791/ZN (OR2_X1)                                     0.0577     0.2091 f
  U3792/ZN (NAND2_X1)                                   0.0319     0.2410 r
  U3793/ZN (NAND4_X1)                                   0.0378     0.2788 f
  U3794/ZN (AND2_X1)                                    0.0452     0.3240 f
  U2456/ZN (OAI211_X1)                                  0.0402     0.3642 r
  U904/ZN (AND2_X2)                                     0.0550     0.4192 r
  U3811/ZN (NOR2_X1)                                    0.0295     0.4487 f
  U1112/ZN (OR2_X1)                                     0.0645     0.5132 f
  U1712/ZN (OR2_X1)                                     0.0548     0.5680 f
  U1227/ZN (AND2_X1)                                    0.0387     0.6067 f
  U2336/ZN (AND2_X1)                                    0.0380     0.6447 f
  U2073/ZN (NAND2_X1)                                   0.0276     0.6723 r
  U2454/ZN (NAND3_X1)                                   0.0344     0.7067 f
  U1207/ZN (AND2_X1)                                    0.0443     0.7510 f
  U2457/ZN (OAI21_X1)                                   0.0460     0.7970 r
  U947/ZN (OR2_X1)                                      0.0386     0.8355 r
  U2638/ZN (NAND4_X1)                                   0.0521     0.8876 f
  U3904/ZN (NAND2_X1)                                   0.0401     0.9277 r
  U2495/ZN (AND2_X1)                                    0.0433     0.9710 r
  U2486/ZN (NAND2_X1)                                   0.0298     1.0008 f
  U2286/ZN (OAI211_X1)                                  0.0546     1.0553 r
  U2626/ZN (XNOR2_X1)                                   0.0633     1.1187 r
  U2628/ZN (AND4_X1)                                    0.0593     1.1780 r
  U5951/ZN (AND4_X1)                                    0.0607     1.2387 r
  U5994/ZN (OAI21_X1)                                   0.0326     1.2713 f
  U5995/ZN (NAND2_X1)                                   0.0350     1.3063 r
  U12666/ZN (NAND2_X1)                                  0.0343     1.3406 f
  U12649/ZN (OR2_X2)                                    0.0954     1.4360 f
  U13201/ZN (OR2_X1)                                    0.0874     1.5234 f
  U13202/ZN (NAND4_X1)                                  0.0362     1.5595 r
  DP_i_fetch_i_pc_i_Y_reg_5_/D (DFF_X2)                 0.0109     1.5704 r
  data arrival time                                                1.5704

  clock CLK (rise edge)                                 1.2500     1.2500
  clock network delay (ideal)                           0.0500     1.3000
  clock uncertainty                                    -0.0500     1.2500
  DP_i_fetch_i_pc_i_Y_reg_5_/CK (DFF_X2)                0.0000     1.2500 r
  library setup time                                   -0.0275     1.2225
  data required time                                               1.2225
  --------------------------------------------------------------------------
  data required time                                               1.2225
  data arrival time                                               -1.5704
  --------------------------------------------------------------------------
  slack (VIOLATED)                                                -0.3480


  Startpoint: DP_i_fetch_i_IR_out_reg_27_
              (rising edge-triggered flip-flop clocked by CLK)
  Endpoint: DP_i_fetch_i_pc_i_Y_reg_3_
            (rising edge-triggered flip-flop clocked by CLK)
  Path Group: REG2REG
  Path Type: max

  Des/Clust/Port     Wire Load Model       Library
  ------------------------------------------------
  DLX                5K_hvratio_1_4        NangateOpenCellLibrary

  Point                                                   Incr       Path
  --------------------------------------------------------------------------
  clock CLK (rise edge)                                 0.0000     0.0000
  clock network delay (ideal)                           0.0500     0.0500
  DP_i_fetch_i_IR_out_reg_27_/CK (DFF_X1)               0.0000     0.0500 r
  DP_i_fetch_i_IR_out_reg_27_/Q (DFF_X1)                0.1014     0.1514 f
  U3791/ZN (OR2_X1)                                     0.0577     0.2091 f
  U3792/ZN (NAND2_X1)                                   0.0319     0.2410 r
  U3793/ZN (NAND4_X1)                                   0.0378     0.2788 f
  U3794/ZN (AND2_X1)                                    0.0452     0.3240 f
  U2456/ZN (OAI211_X1)                                  0.0402     0.3642 r
  U904/ZN (AND2_X2)                                     0.0550     0.4192 r
  U3811/ZN (NOR2_X1)                                    0.0295     0.4487 f
  U1112/ZN (OR2_X1)                                     0.0645     0.5132 f
  U1712/ZN (OR2_X1)                                     0.0548     0.5680 f
  U1227/ZN (AND2_X1)                                    0.0387     0.6067 f
  U2336/ZN (AND2_X1)                                    0.0380     0.6447 f
  U2073/ZN (NAND2_X1)                                   0.0276     0.6723 r
  U2454/ZN (NAND3_X1)                                   0.0344     0.7067 f
  U1207/ZN (AND2_X1)                                    0.0443     0.7510 f
  U2457/ZN (OAI21_X1)                                   0.0460     0.7970 r
  U947/ZN (OR2_X1)                                      0.0386     0.8355 r
  U2638/ZN (NAND4_X1)                                   0.0521     0.8876 f
  U3904/ZN (NAND2_X1)                                   0.0401     0.9277 r
  U2495/ZN (AND2_X1)                                    0.0433     0.9710 r
  U2486/ZN (NAND2_X1)                                   0.0298     1.0008 f
  U2286/ZN (OAI211_X1)                                  0.0546     1.0553 r
  U2626/ZN (XNOR2_X1)                                   0.0633     1.1187 r
  U2628/ZN (AND4_X1)                                    0.0593     1.1780 r
  U5951/ZN (AND4_X1)                                    0.0607     1.2387 r
  U5994/ZN (OAI21_X1)                                   0.0326     1.2713 f
  U5995/ZN (NAND2_X1)                                   0.0350     1.3063 r
  U12666/ZN (NAND2_X1)                                  0.0343     1.3406 f
  U12649/ZN (OR2_X2)                                    0.0954     1.4360 f
  U13211/ZN (OR2_X1)                                    0.0874     1.5234 f
  U13212/ZN (NAND4_X1)                                  0.0362     1.5595 r
  DP_i_fetch_i_pc_i_Y_reg_3_/D (DFF_X2)                 0.0109     1.5704 r
  data arrival time                                                1.5704

  clock CLK (rise edge)                                 1.2500     1.2500
  clock network delay (ideal)                           0.0500     1.3000
  clock uncertainty                                    -0.0500     1.2500
  DP_i_fetch_i_pc_i_Y_reg_3_/CK (DFF_X2)                0.0000     1.2500 r
  library setup time                                   -0.0275     1.2225
  data required time                                               1.2225
  --------------------------------------------------------------------------
  data required time                                               1.2225
  data arrival time                                               -1.5704
  --------------------------------------------------------------------------
  slack (VIOLATED)                                                -0.3480


  Startpoint: DP_i_fetch_i_IR_out_reg_27_
              (rising edge-triggered flip-flop clocked by CLK)
  Endpoint: DP_i_fetch_i_pc_i_Y_reg_4_
            (rising edge-triggered flip-flop clocked by CLK)
  Path Group: REG2REG
  Path Type: max

  Des/Clust/Port     Wire Load Model       Library
  ------------------------------------------------
  DLX                5K_hvratio_1_4        NangateOpenCellLibrary

  Point                                                   Incr       Path
  --------------------------------------------------------------------------
  clock CLK (rise edge)                                 0.0000     0.0000
  clock network delay (ideal)                           0.0500     0.0500
  DP_i_fetch_i_IR_out_reg_27_/CK (DFF_X1)               0.0000     0.0500 r
  DP_i_fetch_i_IR_out_reg_27_/Q (DFF_X1)                0.1014     0.1514 f
  U3791/ZN (OR2_X1)                                     0.0577     0.2091 f
  U3792/ZN (NAND2_X1)                                   0.0319     0.2410 r
  U3793/ZN (NAND4_X1)                                   0.0378     0.2788 f
  U3794/ZN (AND2_X1)                                    0.0452     0.3240 f
  U2456/ZN (OAI211_X1)                                  0.0402     0.3642 r
  U904/ZN (AND2_X2)                                     0.0550     0.4192 r
  U3811/ZN (NOR2_X1)                                    0.0295     0.4487 f
  U1112/ZN (OR2_X1)                                     0.0645     0.5132 f
  U1712/ZN (OR2_X1)                                     0.0548     0.5680 f
  U1227/ZN (AND2_X1)                                    0.0387     0.6067 f
  U2336/ZN (AND2_X1)                                    0.0380     0.6447 f
  U2073/ZN (NAND2_X1)                                   0.0276     0.6723 r
  U2454/ZN (NAND3_X1)                                   0.0344     0.7067 f
  U1207/ZN (AND2_X1)                                    0.0443     0.7510 f
  U2457/ZN (OAI21_X1)                                   0.0460     0.7970 r
  U947/ZN (OR2_X1)                                      0.0386     0.8355 r
  U2638/ZN (NAND4_X1)                                   0.0521     0.8876 f
  U3904/ZN (NAND2_X1)                                   0.0401     0.9277 r
  U2495/ZN (AND2_X1)                                    0.0433     0.9710 r
  U2486/ZN (NAND2_X1)                                   0.0298     1.0008 f
  U2286/ZN (OAI211_X1)                                  0.0546     1.0553 r
  U2626/ZN (XNOR2_X1)                                   0.0633     1.1187 r
  U2628/ZN (AND4_X1)                                    0.0593     1.1780 r
  U5951/ZN (AND4_X1)                                    0.0607     1.2387 r
  U5994/ZN (OAI21_X1)                                   0.0326     1.2713 f
  U5995/ZN (NAND2_X1)                                   0.0350     1.3063 r
  U12666/ZN (NAND2_X1)                                  0.0343     1.3406 f
  U12649/ZN (OR2_X2)                                    0.0954     1.4360 f
  U13206/ZN (OR2_X1)                                    0.0874     1.5234 f
  U13207/ZN (NAND4_X1)                                  0.0362     1.5595 r
  DP_i_fetch_i_pc_i_Y_reg_4_/D (DFF_X2)                 0.0109     1.5704 r
  data arrival time                                                1.5704

  clock CLK (rise edge)                                 1.2500     1.2500
  clock network delay (ideal)                           0.0500     1.3000
  clock uncertainty                                    -0.0500     1.2500
  DP_i_fetch_i_pc_i_Y_reg_4_/CK (DFF_X2)                0.0000     1.2500 r
  library setup time                                   -0.0275     1.2225
  data required time                                               1.2225
  --------------------------------------------------------------------------
  data required time                                               1.2225
  data arrival time                                               -1.5704
  --------------------------------------------------------------------------
  slack (VIOLATED)                                                -0.3480


  Startpoint: DP_i_fetch_i_IR_out_reg_27_
              (rising edge-triggered flip-flop clocked by CLK)
  Endpoint: DP_i_fetch_i_pc_i_Y_reg_6_
            (rising edge-triggered flip-flop clocked by CLK)
  Path Group: REG2REG
  Path Type: max

  Des/Clust/Port     Wire Load Model       Library
  ------------------------------------------------
  DLX                5K_hvratio_1_4        NangateOpenCellLibrary

  Point                                                   Incr       Path
  --------------------------------------------------------------------------
  clock CLK (rise edge)                                 0.0000     0.0000
  clock network delay (ideal)                           0.0500     0.0500
  DP_i_fetch_i_IR_out_reg_27_/CK (DFF_X1)               0.0000     0.0500 r
  DP_i_fetch_i_IR_out_reg_27_/Q (DFF_X1)                0.1014     0.1514 f
  U3791/ZN (OR2_X1)                                     0.0577     0.2091 f
  U3792/ZN (NAND2_X1)                                   0.0319     0.2410 r
  U3793/ZN (NAND4_X1)                                   0.0378     0.2788 f
  U3794/ZN (AND2_X1)                                    0.0452     0.3240 f
  U2456/ZN (OAI211_X1)                                  0.0402     0.3642 r
  U904/ZN (AND2_X2)                                     0.0550     0.4192 r
  U3811/ZN (NOR2_X1)                                    0.0295     0.4487 f
  U1112/ZN (OR2_X1)                                     0.0645     0.5132 f
  U1712/ZN (OR2_X1)                                     0.0548     0.5680 f
  U1227/ZN (AND2_X1)                                    0.0387     0.6067 f
  U2336/ZN (AND2_X1)                                    0.0380     0.6447 f
  U2073/ZN (NAND2_X1)                                   0.0276     0.6723 r
  U2454/ZN (NAND3_X1)                                   0.0344     0.7067 f
  U1207/ZN (AND2_X1)                                    0.0443     0.7510 f
  U2457/ZN (OAI21_X1)                                   0.0460     0.7970 r
  U947/ZN (OR2_X1)                                      0.0386     0.8355 r
  U2638/ZN (NAND4_X1)                                   0.0521     0.8876 f
  U3904/ZN (NAND2_X1)                                   0.0401     0.9277 r
  U2495/ZN (AND2_X1)                                    0.0433     0.9710 r
  U2486/ZN (NAND2_X1)                                   0.0298     1.0008 f
  U2286/ZN (OAI211_X1)                                  0.0546     1.0553 r
  U2626/ZN (XNOR2_X1)                                   0.0633     1.1187 r
  U2628/ZN (AND4_X1)                                    0.0593     1.1780 r
  U5951/ZN (AND4_X1)                                    0.0607     1.2387 r
  U5994/ZN (OAI21_X1)                                   0.0326     1.2713 f
  U5995/ZN (NAND2_X1)                                   0.0350     1.3063 r
  U12666/ZN (NAND2_X1)                                  0.0343     1.3406 f
  U12649/ZN (OR2_X2)                                    0.0954     1.4360 f
  U13195/ZN (OR2_X1)                                    0.0874     1.5234 f
  U13196/ZN (NAND4_X1)                                  0.0362     1.5595 r
  DP_i_fetch_i_pc_i_Y_reg_6_/D (DFF_X2)                 0.0109     1.5704 r
  data arrival time                                                1.5704

  clock CLK (rise edge)                                 1.2500     1.2500
  clock network delay (ideal)                           0.0500     1.3000
  clock uncertainty                                    -0.0500     1.2500
  DP_i_fetch_i_pc_i_Y_reg_6_/CK (DFF_X2)                0.0000     1.2500 r
  library setup time                                   -0.0275     1.2225
  data required time                                               1.2225
  --------------------------------------------------------------------------
  data required time                                               1.2225
  data arrival time                                               -1.5704
  --------------------------------------------------------------------------
  slack (VIOLATED)                                                -0.3480


  Startpoint: DP_i_fetch_i_IR_out_reg_27_
              (rising edge-triggered flip-flop clocked by CLK)
  Endpoint: DP_i_fetch_i_pc_i_Y_reg_8_
            (rising edge-triggered flip-flop clocked by CLK)
  Path Group: REG2REG
  Path Type: max

  Des/Clust/Port     Wire Load Model       Library
  ------------------------------------------------
  DLX                5K_hvratio_1_4        NangateOpenCellLibrary

  Point                                                   Incr       Path
  --------------------------------------------------------------------------
  clock CLK (rise edge)                                 0.0000     0.0000
  clock network delay (ideal)                           0.0500     0.0500
  DP_i_fetch_i_IR_out_reg_27_/CK (DFF_X1)               0.0000     0.0500 r
  DP_i_fetch_i_IR_out_reg_27_/Q (DFF_X1)                0.1014     0.1514 f
  U3791/ZN (OR2_X1)                                     0.0577     0.2091 f
  U3792/ZN (NAND2_X1)                                   0.0319     0.2410 r
  U3793/ZN (NAND4_X1)                                   0.0378     0.2788 f
  U3794/ZN (AND2_X1)                                    0.0452     0.3240 f
  U2456/ZN (OAI211_X1)                                  0.0402     0.3642 r
  U904/ZN (AND2_X2)                                     0.0550     0.4192 r
  U3811/ZN (NOR2_X1)                                    0.0295     0.4487 f
  U1112/ZN (OR2_X1)                                     0.0645     0.5132 f
  U1712/ZN (OR2_X1)                                     0.0548     0.5680 f
  U1227/ZN (AND2_X1)                                    0.0387     0.6067 f
  U2336/ZN (AND2_X1)                                    0.0380     0.6447 f
  U2073/ZN (NAND2_X1)                                   0.0276     0.6723 r
  U2454/ZN (NAND3_X1)                                   0.0344     0.7067 f
  U1207/ZN (AND2_X1)                                    0.0443     0.7510 f
  U2457/ZN (OAI21_X1)                                   0.0460     0.7970 r
  U947/ZN (OR2_X1)                                      0.0386     0.8355 r
  U2638/ZN (NAND4_X1)                                   0.0521     0.8876 f
  U3904/ZN (NAND2_X1)                                   0.0401     0.9277 r
  U2495/ZN (AND2_X1)                                    0.0433     0.9710 r
  U2486/ZN (NAND2_X1)                                   0.0298     1.0008 f
  U2286/ZN (OAI211_X1)                                  0.0546     1.0553 r
  U2626/ZN (XNOR2_X1)                                   0.0633     1.1187 r
  U2628/ZN (AND4_X1)                                    0.0593     1.1780 r
  U5951/ZN (AND4_X1)                                    0.0607     1.2387 r
  U5994/ZN (OAI21_X1)                                   0.0326     1.2713 f
  U5995/ZN (NAND2_X1)                                   0.0350     1.3063 r
  U12666/ZN (NAND2_X1)                                  0.0343     1.3406 f
  U12649/ZN (OR2_X2)                                    0.0954     1.4360 f
  U13185/ZN (OR2_X1)                                    0.0874     1.5234 f
  U13186/ZN (NAND4_X1)                                  0.0362     1.5595 r
  DP_i_fetch_i_pc_i_Y_reg_8_/D (DFF_X2)                 0.0109     1.5704 r
  data arrival time                                                1.5704

  clock CLK (rise edge)                                 1.2500     1.2500
  clock network delay (ideal)                           0.0500     1.3000
  clock uncertainty                                    -0.0500     1.2500
  DP_i_fetch_i_pc_i_Y_reg_8_/CK (DFF_X2)                0.0000     1.2500 r
  library setup time                                   -0.0275     1.2225
  data required time                                               1.2225
  --------------------------------------------------------------------------
  data required time                                               1.2225
  data arrival time                                               -1.5704
  --------------------------------------------------------------------------
  slack (VIOLATED)                                                -0.3480


  Startpoint: DP_i_fetch_i_IR_out_reg_27_
              (rising edge-triggered flip-flop clocked by CLK)
  Endpoint: DP_i_fetch_i_pc_i_Y_reg_2_
            (rising edge-triggered flip-flop clocked by CLK)
  Path Group: REG2REG
  Path Type: max

  Des/Clust/Port     Wire Load Model       Library
  ------------------------------------------------
  DLX                5K_hvratio_1_4        NangateOpenCellLibrary

  Point                                                   Incr       Path
  --------------------------------------------------------------------------
  clock CLK (rise edge)                                 0.0000     0.0000
  clock network delay (ideal)                           0.0500     0.0500
  DP_i_fetch_i_IR_out_reg_27_/CK (DFF_X1)               0.0000     0.0500 r
  DP_i_fetch_i_IR_out_reg_27_/Q (DFF_X1)                0.1014     0.1514 f
  U3791/ZN (OR2_X1)                                     0.0577     0.2091 f
  U3792/ZN (NAND2_X1)                                   0.0319     0.2410 r
  U3793/ZN (NAND4_X1)                                   0.0378     0.2788 f
  U3794/ZN (AND2_X1)                                    0.0452     0.3240 f
  U2456/ZN (OAI211_X1)                                  0.0402     0.3642 r
  U904/ZN (AND2_X2)                                     0.0550     0.4192 r
  U3811/ZN (NOR2_X1)                                    0.0295     0.4487 f
  U1112/ZN (OR2_X1)                                     0.0645     0.5132 f
  U1712/ZN (OR2_X1)                                     0.0548     0.5680 f
  U1227/ZN (AND2_X1)                                    0.0387     0.6067 f
  U2336/ZN (AND2_X1)                                    0.0380     0.6447 f
  U2073/ZN (NAND2_X1)                                   0.0276     0.6723 r
  U2454/ZN (NAND3_X1)                                   0.0344     0.7067 f
  U1207/ZN (AND2_X1)                                    0.0443     0.7510 f
  U2457/ZN (OAI21_X1)                                   0.0460     0.7970 r
  U947/ZN (OR2_X1)                                      0.0386     0.8355 r
  U2638/ZN (NAND4_X1)                                   0.0521     0.8876 f
  U3904/ZN (NAND2_X1)                                   0.0401     0.9277 r
  U2495/ZN (AND2_X1)                                    0.0433     0.9710 r
  U2486/ZN (NAND2_X1)                                   0.0298     1.0008 f
  U2286/ZN (OAI211_X1)                                  0.0546     1.0553 r
  U2626/ZN (XNOR2_X1)                                   0.0633     1.1187 r
  U2628/ZN (AND4_X1)                                    0.0593     1.1780 r
  U5951/ZN (AND4_X1)                                    0.0607     1.2387 r
  U5994/ZN (OAI21_X1)                                   0.0326     1.2713 f
  U5995/ZN (NAND2_X1)                                   0.0350     1.3063 r
  U12666/ZN (NAND2_X1)                                  0.0343     1.3406 f
  U12649/ZN (OR2_X2)                                    0.0954     1.4360 f
  U13216/ZN (OR2_X1)                                    0.0874     1.5234 f
  U13217/ZN (NAND4_X1)                                  0.0362     1.5595 r
  DP_i_fetch_i_pc_i_Y_reg_2_/D (DFF_X2)                 0.0109     1.5704 r
  data arrival time                                                1.5704

  clock CLK (rise edge)                                 1.2500     1.2500
  clock network delay (ideal)                           0.0500     1.3000
  clock uncertainty                                    -0.0500     1.2500
  DP_i_fetch_i_pc_i_Y_reg_2_/CK (DFF_X2)                0.0000     1.2500 r
  library setup time                                   -0.0275     1.2225
  data required time                                               1.2225
  --------------------------------------------------------------------------
  data required time                                               1.2225
  data arrival time                                               -1.5704
  --------------------------------------------------------------------------
  slack (VIOLATED)                                                -0.3480


1
