 
****************************************
Report : timing
        -path full
        -delay max
        -nworst 2
        -group REG2REG
        -max_paths 10
Design : DLX
Version: W-2024.09-SP2
Date   : Tue Sep 29 11:54:26 2026
****************************************

Operating Conditions: typical   Library: NangateOpenCellLibrary
Wire Load Model Mode: top

  Startpoint: DP_i_mem_access_i_rd_out_reg_i_Y_reg_1_
              (rising edge-triggered flip-flop clocked by CLK)
  Endpoint: DP_i_fetch_i_pc_i_Y_reg_0_
            (rising edge-triggered flip-flop clocked by CLK)
  Path Group: REG2REG
  Path Type: max

  Des/Clust/Port     Wire Load Model       Library
  ------------------------------------------------
  DLX                5K_hvratio_1_4        NangateOpenCellLibrary

  Point                                                   Incr       Path
  --------------------------------------------------------------------------
  clock CLK (rise edge)                                 0.0000     0.0000
  clock network delay (ideal)                           0.0500     0.0500
  DP_i_mem_access_i_rd_out_reg_i_Y_reg_1_/CK (DFF_X1)   0.0000     0.0500 r
  DP_i_mem_access_i_rd_out_reg_i_Y_reg_1_/Q (DFF_X1)    0.1048     0.1548 r
  U5724/ZN (XNOR2_X1)                                   0.0653     0.2200 r
  U5725/ZN (AND2_X1)                                    0.0464     0.2664 r
  U5728/ZN (AND4_X2)                                    0.0700     0.3364 r
  U3172/Z (BUF_X1)                                      0.0420     0.3784 r
  U5751/ZN (INV_X1)                                     0.0268     0.4052 f
  U3548/ZN (AND2_X1)                                    0.0444     0.4497 f
  U5793/Z (BUF_X2)                                      0.0555     0.5052 f
  U1052/ZN (AND2_X1)                                    0.0534     0.5585 f
  U6157/ZN (NOR4_X1)                                    0.0530     0.6115 r
  U6159/ZN (AND4_X1)                                    0.0734     0.6849 r
  U6175/ZN (NAND4_X1)                                   0.0511     0.7361 f
  U6176/ZN (INV_X1)                                     0.0364     0.7725 r
  U6642/ZN (AND4_X1)                                    0.0632     0.8357 r
  U3341/ZN (AND2_X1)                                    0.0414     0.8771 r
  U3151/ZN (NAND4_X1)                                   0.0459     0.9229 f
  U3150/ZN (NAND3_X1)                                   0.0359     0.9588 r
  U6651/ZN (XNOR2_X1)                                   0.0633     1.0222 r
  U3767/ZN (NAND4_X1)                                   0.0503     1.0725 f
  U3595/ZN (NAND2_X1)                                   0.0357     1.1082 r
  U6871/ZN (NAND4_X1)                                   0.0377     1.1459 f
  U6893/ZN (NOR4_X1)                                    0.0644     1.2102 r
  U6910/ZN (NAND4_X1)                                   0.0548     1.2651 f
  U3973/ZN (NAND2_X1)                                   0.0562     1.3212 r
  U11215/ZN (AND2_X4)                                   0.1105     1.4317 r
  U12551/ZN (NAND2_X1)                                  0.0591     1.4908 f
  U12555/ZN (NAND4_X1)                                  0.0335     1.5243 r
  DP_i_fetch_i_pc_i_Y_reg_0_/D (DFF_X1)                 0.0110     1.5353 r
  data arrival time                                                1.5353

  clock CLK (rise edge)                                 1.0500     1.0500
  clock network delay (ideal)                           0.0500     1.1000
  clock uncertainty                                    -0.0500     1.0500
  DP_i_fetch_i_pc_i_Y_reg_0_/CK (DFF_X1)                0.0000     1.0500 r
  library setup time                                   -0.0279     1.0221
  data required time                                               1.0221
  --------------------------------------------------------------------------
  data required time                                               1.0221
  data arrival time                                               -1.5353
  --------------------------------------------------------------------------
  slack (VIOLATED)                                                -0.5131


  Startpoint: DP_i_mem_access_i_rd_out_reg_i_Y_reg_1_
              (rising edge-triggered flip-flop clocked by CLK)
  Endpoint: DP_i_fetch_i_pc_i_Y_reg_0_
            (rising edge-triggered flip-flop clocked by CLK)
  Path Group: REG2REG
  Path Type: max

  Des/Clust/Port     Wire Load Model       Library
  ------------------------------------------------
  DLX                5K_hvratio_1_4        NangateOpenCellLibrary

  Point                                                   Incr       Path
  --------------------------------------------------------------------------
  clock CLK (rise edge)                                 0.0000     0.0000
  clock network delay (ideal)                           0.0500     0.0500
  DP_i_mem_access_i_rd_out_reg_i_Y_reg_1_/CK (DFF_X1)   0.0000     0.0500 r
  DP_i_mem_access_i_rd_out_reg_i_Y_reg_1_/Q (DFF_X1)    0.1048     0.1548 r
  U5724/ZN (XNOR2_X1)                                   0.0653     0.2200 r
  U5725/ZN (AND2_X1)                                    0.0464     0.2664 r
  U5728/ZN (AND4_X2)                                    0.0700     0.3364 r
  U3172/Z (BUF_X1)                                      0.0420     0.3784 r
  U5751/ZN (INV_X1)                                     0.0268     0.4052 f
  U3548/ZN (AND2_X1)                                    0.0444     0.4497 f
  U5793/Z (BUF_X2)                                      0.0555     0.5052 f
  U1242/ZN (AND2_X1)                                    0.0534     0.5585 f
  U6564/ZN (NOR4_X1)                                    0.0522     0.6107 r
  U6566/ZN (AND4_X1)                                    0.0749     0.6856 r
  U2834/ZN (AND4_X1)                                    0.0716     0.7572 r
  U6648/ZN (AND4_X1)                                    0.0665     0.8237 r
  U3601/ZN (AND4_X1)                                    0.0602     0.8839 r
  U3151/ZN (NAND4_X1)                                   0.0390     0.9229 f
  U3150/ZN (NAND3_X1)                                   0.0359     0.9588 r
  U6651/ZN (XNOR2_X1)                                   0.0633     1.0221 r
  U3767/ZN (NAND4_X1)                                   0.0503     1.0724 f
  U3595/ZN (NAND2_X1)                                   0.0357     1.1081 r
  U6871/ZN (NAND4_X1)                                   0.0377     1.1458 f
  U6893/ZN (NOR4_X1)                                    0.0644     1.2102 r
  U6910/ZN (NAND4_X1)                                   0.0548     1.2650 f
  U3973/ZN (NAND2_X1)                                   0.0562     1.3212 r
  U11215/ZN (AND2_X4)                                   0.1105     1.4316 r
  U12551/ZN (NAND2_X1)                                  0.0591     1.4907 f
  U12555/ZN (NAND4_X1)                                  0.0335     1.5242 r
  DP_i_fetch_i_pc_i_Y_reg_0_/D (DFF_X1)                 0.0110     1.5352 r
  data arrival time                                                1.5352

  clock CLK (rise edge)                                 1.0500     1.0500
  clock network delay (ideal)                           0.0500     1.1000
  clock uncertainty                                    -0.0500     1.0500
  DP_i_fetch_i_pc_i_Y_reg_0_/CK (DFF_X1)                0.0000     1.0500 r
  library setup time                                   -0.0279     1.0221
  data required time                                               1.0221
  --------------------------------------------------------------------------
  data required time                                               1.0221
  data arrival time                                               -1.5352
  --------------------------------------------------------------------------
  slack (VIOLATED)                                                -0.5131


  Startpoint: DP_i_mem_access_i_rd_out_reg_i_Y_reg_1_
              (rising edge-triggered flip-flop clocked by CLK)
  Endpoint: DP_i_fetch_i_pc_i_Y_reg_7_
            (rising edge-triggered flip-flop clocked by CLK)
  Path Group: REG2REG
  Path Type: max

  Des/Clust/Port     Wire Load Model       Library
  ------------------------------------------------
  DLX                5K_hvratio_1_4        NangateOpenCellLibrary

  Point                                                   Incr       Path
  --------------------------------------------------------------------------
  clock CLK (rise edge)                                 0.0000     0.0000
  clock network delay (ideal)                           0.0500     0.0500
  DP_i_mem_access_i_rd_out_reg_i_Y_reg_1_/CK (DFF_X1)   0.0000     0.0500 r
  DP_i_mem_access_i_rd_out_reg_i_Y_reg_1_/Q (DFF_X1)    0.1048     0.1548 r
  U5724/ZN (XNOR2_X1)                                   0.0653     0.2200 r
  U5725/ZN (AND2_X1)                                    0.0464     0.2664 r
  U5728/ZN (AND4_X2)                                    0.0700     0.3364 r
  U3172/Z (BUF_X1)                                      0.0420     0.3784 r
  U5751/ZN (INV_X1)                                     0.0268     0.4052 f
  U3548/ZN (AND2_X1)                                    0.0444     0.4497 f
  U5793/Z (BUF_X2)                                      0.0555     0.5052 f
  U1052/ZN (AND2_X1)                                    0.0534     0.5585 f
  U6157/ZN (NOR4_X1)                                    0.0530     0.6115 r
  U6159/ZN (AND4_X1)                                    0.0734     0.6849 r
  U6175/ZN (NAND4_X1)                                   0.0511     0.7361 f
  U6176/ZN (INV_X1)                                     0.0364     0.7725 r
  U6642/ZN (AND4_X1)                                    0.0632     0.8357 r
  U3341/ZN (AND2_X1)                                    0.0414     0.8771 r
  U3151/ZN (NAND4_X1)                                   0.0459     0.9229 f
  U3150/ZN (NAND3_X1)                                   0.0359     0.9588 r
  U6651/ZN (XNOR2_X1)                                   0.0633     1.0222 r
  U3767/ZN (NAND4_X1)                                   0.0503     1.0725 f
  U3595/ZN (NAND2_X1)                                   0.0357     1.1082 r
  U6871/ZN (NAND4_X1)                                   0.0377     1.1459 f
  U6893/ZN (NOR4_X1)                                    0.0644     1.2102 r
  U6910/ZN (NAND4_X1)                                   0.0548     1.2651 f
  U3973/ZN (NAND2_X1)                                   0.0562     1.3212 r
  U11215/ZN (AND2_X4)                                   0.1105     1.4317 r
  U12462/ZN (NAND2_X1)                                  0.0591     1.4908 f
  U12468/ZN (NAND4_X1)                                  0.0335     1.5242 r
  DP_i_fetch_i_pc_i_Y_reg_7_/D (DFF_X2)                 0.0109     1.5351 r
  data arrival time                                                1.5351

  clock CLK (rise edge)                                 1.0500     1.0500
  clock network delay (ideal)                           0.0500     1.1000
  clock uncertainty                                    -0.0500     1.0500
  DP_i_fetch_i_pc_i_Y_reg_7_/CK (DFF_X2)                0.0000     1.0500 r
  library setup time                                   -0.0276     1.0224
  data required time                                               1.0224
  --------------------------------------------------------------------------
  data required time                                               1.0224
  data arrival time                                               -1.5351
  --------------------------------------------------------------------------
  slack (VIOLATED)                                                -0.5127


  Startpoint: DP_i_mem_access_i_rd_out_reg_i_Y_reg_1_
              (rising edge-triggered flip-flop clocked by CLK)
  Endpoint: DP_i_fetch_i_pc_i_Y_reg_5_
            (rising edge-triggered flip-flop clocked by CLK)
  Path Group: REG2REG
  Path Type: max

  Des/Clust/Port     Wire Load Model       Library
  ------------------------------------------------
  DLX                5K_hvratio_1_4        NangateOpenCellLibrary

  Point                                                   Incr       Path
  --------------------------------------------------------------------------
  clock CLK (rise edge)                                 0.0000     0.0000
  clock network delay (ideal)                           0.0500     0.0500
  DP_i_mem_access_i_rd_out_reg_i_Y_reg_1_/CK (DFF_X1)   0.0000     0.0500 r
  DP_i_mem_access_i_rd_out_reg_i_Y_reg_1_/Q (DFF_X1)    0.1048     0.1548 r
  U5724/ZN (XNOR2_X1)                                   0.0653     0.2200 r
  U5725/ZN (AND2_X1)                                    0.0464     0.2664 r
  U5728/ZN (AND4_X2)                                    0.0700     0.3364 r
  U3172/Z (BUF_X1)                                      0.0420     0.3784 r
  U5751/ZN (INV_X1)                                     0.0268     0.4052 f
  U3548/ZN (AND2_X1)                                    0.0444     0.4497 f
  U5793/Z (BUF_X2)                                      0.0555     0.5052 f
  U1052/ZN (AND2_X1)                                    0.0534     0.5585 f
  U6157/ZN (NOR4_X1)                                    0.0530     0.6115 r
  U6159/ZN (AND4_X1)                                    0.0734     0.6849 r
  U6175/ZN (NAND4_X1)                                   0.0511     0.7361 f
  U6176/ZN (INV_X1)                                     0.0364     0.7725 r
  U6642/ZN (AND4_X1)                                    0.0632     0.8357 r
  U3341/ZN (AND2_X1)                                    0.0414     0.8771 r
  U3151/ZN (NAND4_X1)                                   0.0459     0.9229 f
  U3150/ZN (NAND3_X1)                                   0.0359     0.9588 r
  U6651/ZN (XNOR2_X1)                                   0.0633     1.0222 r
  U3767/ZN (NAND4_X1)                                   0.0503     1.0725 f
  U3595/ZN (NAND2_X1)                                   0.0357     1.1082 r
  U6871/ZN (NAND4_X1)                                   0.0377     1.1459 f
  U6893/ZN (NOR4_X1)                                    0.0644     1.2102 r
  U6910/ZN (NAND4_X1)                                   0.0548     1.2651 f
  U3973/ZN (NAND2_X1)                                   0.0562     1.3212 r
  U11215/ZN (AND2_X4)                                   0.1105     1.4317 r
  U12427/ZN (NAND2_X1)                                  0.0591     1.4908 f
  U12433/ZN (NAND4_X1)                                  0.0335     1.5242 r
  DP_i_fetch_i_pc_i_Y_reg_5_/D (DFF_X2)                 0.0109     1.5351 r
  data arrival time                                                1.5351

  clock CLK (rise edge)                                 1.0500     1.0500
  clock network delay (ideal)                           0.0500     1.1000
  clock uncertainty                                    -0.0500     1.0500
  DP_i_fetch_i_pc_i_Y_reg_5_/CK (DFF_X2)                0.0000     1.0500 r
  library setup time                                   -0.0276     1.0224
  data required time                                               1.0224
  --------------------------------------------------------------------------
  data required time                                               1.0224
  data arrival time                                               -1.5351
  --------------------------------------------------------------------------
  slack (VIOLATED)                                                -0.5127


  Startpoint: DP_i_mem_access_i_rd_out_reg_i_Y_reg_1_
              (rising edge-triggered flip-flop clocked by CLK)
  Endpoint: DP_i_fetch_i_pc_i_Y_reg_3_
            (rising edge-triggered flip-flop clocked by CLK)
  Path Group: REG2REG
  Path Type: max

  Des/Clust/Port     Wire Load Model       Library
  ------------------------------------------------
  DLX                5K_hvratio_1_4        NangateOpenCellLibrary

  Point                                                   Incr       Path
  --------------------------------------------------------------------------
  clock CLK (rise edge)                                 0.0000     0.0000
  clock network delay (ideal)                           0.0500     0.0500
  DP_i_mem_access_i_rd_out_reg_i_Y_reg_1_/CK (DFF_X1)   0.0000     0.0500 r
  DP_i_mem_access_i_rd_out_reg_i_Y_reg_1_/Q (DFF_X1)    0.1048     0.1548 r
  U5724/ZN (XNOR2_X1)                                   0.0653     0.2200 r
  U5725/ZN (AND2_X1)                                    0.0464     0.2664 r
  U5728/ZN (AND4_X2)                                    0.0700     0.3364 r
  U3172/Z (BUF_X1)                                      0.0420     0.3784 r
  U5751/ZN (INV_X1)                                     0.0268     0.4052 f
  U3548/ZN (AND2_X1)                                    0.0444     0.4497 f
  U5793/Z (BUF_X2)                                      0.0555     0.5052 f
  U1052/ZN (AND2_X1)                                    0.0534     0.5585 f
  U6157/ZN (NOR4_X1)                                    0.0530     0.6115 r
  U6159/ZN (AND4_X1)                                    0.0734     0.6849 r
  U6175/ZN (NAND4_X1)                                   0.0511     0.7361 f
  U6176/ZN (INV_X1)                                     0.0364     0.7725 r
  U6642/ZN (AND4_X1)                                    0.0632     0.8357 r
  U3341/ZN (AND2_X1)                                    0.0414     0.8771 r
  U3151/ZN (NAND4_X1)                                   0.0459     0.9229 f
  U3150/ZN (NAND3_X1)                                   0.0359     0.9588 r
  U6651/ZN (XNOR2_X1)                                   0.0633     1.0222 r
  U3767/ZN (NAND4_X1)                                   0.0503     1.0725 f
  U3595/ZN (NAND2_X1)                                   0.0357     1.1082 r
  U6871/ZN (NAND4_X1)                                   0.0377     1.1459 f
  U6893/ZN (NOR4_X1)                                    0.0644     1.2102 r
  U6910/ZN (NAND4_X1)                                   0.0548     1.2651 f
  U3973/ZN (NAND2_X1)                                   0.0562     1.3212 r
  U11215/ZN (AND2_X4)                                   0.1105     1.4317 r
  U12436/ZN (NAND2_X1)                                  0.0591     1.4908 f
  U12441/ZN (NAND4_X1)                                  0.0335     1.5242 r
  DP_i_fetch_i_pc_i_Y_reg_3_/D (DFF_X2)                 0.0109     1.5351 r
  data arrival time                                                1.5351

  clock CLK (rise edge)                                 1.0500     1.0500
  clock network delay (ideal)                           0.0500     1.1000
  clock uncertainty                                    -0.0500     1.0500
  DP_i_fetch_i_pc_i_Y_reg_3_/CK (DFF_X2)                0.0000     1.0500 r
  library setup time                                   -0.0276     1.0224
  data required time                                               1.0224
  --------------------------------------------------------------------------
  data required time                                               1.0224
  data arrival time                                               -1.5351
  --------------------------------------------------------------------------
  slack (VIOLATED)                                                -0.5127


  Startpoint: DP_i_mem_access_i_rd_out_reg_i_Y_reg_1_
              (rising edge-triggered flip-flop clocked by CLK)
  Endpoint: DP_i_fetch_i_pc_i_Y_reg_6_
            (rising edge-triggered flip-flop clocked by CLK)
  Path Group: REG2REG
  Path Type: max

  Des/Clust/Port     Wire Load Model       Library
  ------------------------------------------------
  DLX                5K_hvratio_1_4        NangateOpenCellLibrary

  Point                                                   Incr       Path
  --------------------------------------------------------------------------
  clock CLK (rise edge)                                 0.0000     0.0000
  clock network delay (ideal)                           0.0500     0.0500
  DP_i_mem_access_i_rd_out_reg_i_Y_reg_1_/CK (DFF_X1)   0.0000     0.0500 r
  DP_i_mem_access_i_rd_out_reg_i_Y_reg_1_/Q (DFF_X1)    0.1048     0.1548 r
  U5724/ZN (XNOR2_X1)                                   0.0653     0.2200 r
  U5725/ZN (AND2_X1)                                    0.0464     0.2664 r
  U5728/ZN (AND4_X2)                                    0.0700     0.3364 r
  U3172/Z (BUF_X1)                                      0.0420     0.3784 r
  U5751/ZN (INV_X1)                                     0.0268     0.4052 f
  U3548/ZN (AND2_X1)                                    0.0444     0.4497 f
  U5793/Z (BUF_X2)                                      0.0555     0.5052 f
  U1052/ZN (AND2_X1)                                    0.0534     0.5585 f
  U6157/ZN (NOR4_X1)                                    0.0530     0.6115 r
  U6159/ZN (AND4_X1)                                    0.0734     0.6849 r
  U6175/ZN (NAND4_X1)                                   0.0511     0.7361 f
  U6176/ZN (INV_X1)                                     0.0364     0.7725 r
  U6642/ZN (AND4_X1)                                    0.0632     0.8357 r
  U3341/ZN (AND2_X1)                                    0.0414     0.8771 r
  U3151/ZN (NAND4_X1)                                   0.0459     0.9229 f
  U3150/ZN (NAND3_X1)                                   0.0359     0.9588 r
  U6651/ZN (XNOR2_X1)                                   0.0633     1.0222 r
  U3767/ZN (NAND4_X1)                                   0.0503     1.0725 f
  U3595/ZN (NAND2_X1)                                   0.0357     1.1082 r
  U6871/ZN (NAND4_X1)                                   0.0377     1.1459 f
  U6893/ZN (NOR4_X1)                                    0.0644     1.2102 r
  U6910/ZN (NAND4_X1)                                   0.0548     1.2651 f
  U3973/ZN (NAND2_X1)                                   0.0562     1.3212 r
  U11215/ZN (AND2_X4)                                   0.1105     1.4317 r
  U12420/ZN (NAND2_X1)                                  0.0591     1.4908 f
  U12426/ZN (NAND4_X1)                                  0.0335     1.5242 r
  DP_i_fetch_i_pc_i_Y_reg_6_/D (DFF_X2)                 0.0109     1.5351 r
  data arrival time                                                1.5351

  clock CLK (rise edge)                                 1.0500     1.0500
  clock network delay (ideal)                           0.0500     1.1000
  clock uncertainty                                    -0.0500     1.0500
  DP_i_fetch_i_pc_i_Y_reg_6_/CK (DFF_X2)                0.0000     1.0500 r
  library setup time                                   -0.0276     1.0224
  data required time                                               1.0224
  --------------------------------------------------------------------------
  data required time                                               1.0224
  data arrival time                                               -1.5351
  --------------------------------------------------------------------------
  slack (VIOLATED)                                                -0.5127


  Startpoint: DP_i_mem_access_i_rd_out_reg_i_Y_reg_1_
              (rising edge-triggered flip-flop clocked by CLK)
  Endpoint: DP_i_fetch_i_pc_i_Y_reg_2_
            (rising edge-triggered flip-flop clocked by CLK)
  Path Group: REG2REG
  Path Type: max

  Des/Clust/Port     Wire Load Model       Library
  ------------------------------------------------
  DLX                5K_hvratio_1_4        NangateOpenCellLibrary

  Point                                                   Incr       Path
  --------------------------------------------------------------------------
  clock CLK (rise edge)                                 0.0000     0.0000
  clock network delay (ideal)                           0.0500     0.0500
  DP_i_mem_access_i_rd_out_reg_i_Y_reg_1_/CK (DFF_X1)   0.0000     0.0500 r
  DP_i_mem_access_i_rd_out_reg_i_Y_reg_1_/Q (DFF_X1)    0.1048     0.1548 r
  U5724/ZN (XNOR2_X1)                                   0.0653     0.2200 r
  U5725/ZN (AND2_X1)                                    0.0464     0.2664 r
  U5728/ZN (AND4_X2)                                    0.0700     0.3364 r
  U3172/Z (BUF_X1)                                      0.0420     0.3784 r
  U5751/ZN (INV_X1)                                     0.0268     0.4052 f
  U3548/ZN (AND2_X1)                                    0.0444     0.4497 f
  U5793/Z (BUF_X2)                                      0.0555     0.5052 f
  U1052/ZN (AND2_X1)                                    0.0534     0.5585 f
  U6157/ZN (NOR4_X1)                                    0.0530     0.6115 r
  U6159/ZN (AND4_X1)                                    0.0734     0.6849 r
  U6175/ZN (NAND4_X1)                                   0.0511     0.7361 f
  U6176/ZN (INV_X1)                                     0.0364     0.7725 r
  U6642/ZN (AND4_X1)                                    0.0632     0.8357 r
  U3341/ZN (AND2_X1)                                    0.0414     0.8771 r
  U3151/ZN (NAND4_X1)                                   0.0459     0.9229 f
  U3150/ZN (NAND3_X1)                                   0.0359     0.9588 r
  U6651/ZN (XNOR2_X1)                                   0.0633     1.0222 r
  U3767/ZN (NAND4_X1)                                   0.0503     1.0725 f
  U3595/ZN (NAND2_X1)                                   0.0357     1.1082 r
  U6871/ZN (NAND4_X1)                                   0.0377     1.1459 f
  U6893/ZN (NOR4_X1)                                    0.0644     1.2102 r
  U6910/ZN (NAND4_X1)                                   0.0548     1.2651 f
  U3973/ZN (NAND2_X1)                                   0.0562     1.3212 r
  U11215/ZN (AND2_X4)                                   0.1105     1.4317 r
  U12449/ZN (NAND2_X1)                                  0.0591     1.4908 f
  U12454/ZN (NAND4_X1)                                  0.0335     1.5242 r
  DP_i_fetch_i_pc_i_Y_reg_2_/D (DFF_X2)                 0.0109     1.5351 r
  data arrival time                                                1.5351

  clock CLK (rise edge)                                 1.0500     1.0500
  clock network delay (ideal)                           0.0500     1.1000
  clock uncertainty                                    -0.0500     1.0500
  DP_i_fetch_i_pc_i_Y_reg_2_/CK (DFF_X2)                0.0000     1.0500 r
  library setup time                                   -0.0276     1.0224
  data required time                                               1.0224
  --------------------------------------------------------------------------
  data required time                                               1.0224
  data arrival time                                               -1.5351
  --------------------------------------------------------------------------
  slack (VIOLATED)                                                -0.5127


  Startpoint: DP_i_mem_access_i_rd_out_reg_i_Y_reg_1_
              (rising edge-triggered flip-flop clocked by CLK)
  Endpoint: DP_i_fetch_i_pc_i_Y_reg_1_
            (rising edge-triggered flip-flop clocked by CLK)
  Path Group: REG2REG
  Path Type: max

  Des/Clust/Port     Wire Load Model       Library
  ------------------------------------------------
  DLX                5K_hvratio_1_4        NangateOpenCellLibrary

  Point                                                   Incr       Path
  --------------------------------------------------------------------------
  clock CLK (rise edge)                                 0.0000     0.0000
  clock network delay (ideal)                           0.0500     0.0500
  DP_i_mem_access_i_rd_out_reg_i_Y_reg_1_/CK (DFF_X1)   0.0000     0.0500 r
  DP_i_mem_access_i_rd_out_reg_i_Y_reg_1_/Q (DFF_X1)    0.1048     0.1548 r
  U5724/ZN (XNOR2_X1)                                   0.0653     0.2200 r
  U5725/ZN (AND2_X1)                                    0.0464     0.2664 r
  U5728/ZN (AND4_X2)                                    0.0700     0.3364 r
  U3172/Z (BUF_X1)                                      0.0420     0.3784 r
  U5751/ZN (INV_X1)                                     0.0268     0.4052 f
  U3548/ZN (AND2_X1)                                    0.0444     0.4497 f
  U5793/Z (BUF_X2)                                      0.0555     0.5052 f
  U1052/ZN (AND2_X1)                                    0.0534     0.5585 f
  U6157/ZN (NOR4_X1)                                    0.0530     0.6115 r
  U6159/ZN (AND4_X1)                                    0.0734     0.6849 r
  U6175/ZN (NAND4_X1)                                   0.0511     0.7361 f
  U6176/ZN (INV_X1)                                     0.0364     0.7725 r
  U6642/ZN (AND4_X1)                                    0.0632     0.8357 r
  U3341/ZN (AND2_X1)                                    0.0414     0.8771 r
  U3151/ZN (NAND4_X1)                                   0.0459     0.9229 f
  U3150/ZN (NAND3_X1)                                   0.0359     0.9588 r
  U6651/ZN (XNOR2_X1)                                   0.0633     1.0222 r
  U3767/ZN (NAND4_X1)                                   0.0503     1.0725 f
  U3595/ZN (NAND2_X1)                                   0.0357     1.1082 r
  U6871/ZN (NAND4_X1)                                   0.0377     1.1459 f
  U6893/ZN (NOR4_X1)                                    0.0644     1.2102 r
  U6910/ZN (NAND4_X1)                                   0.0548     1.2651 f
  U3973/ZN (NAND2_X1)                                   0.0562     1.3212 r
  U11215/ZN (AND2_X4)                                   0.1105     1.4317 r
  U12471/ZN (NAND2_X1)                                  0.0591     1.4908 f
  U12474/ZN (NAND4_X1)                                  0.0335     1.5242 r
  DP_i_fetch_i_pc_i_Y_reg_1_/D (DFF_X2)                 0.0109     1.5351 r
  data arrival time                                                1.5351

  clock CLK (rise edge)                                 1.0500     1.0500
  clock network delay (ideal)                           0.0500     1.1000
  clock uncertainty                                    -0.0500     1.0500
  DP_i_fetch_i_pc_i_Y_reg_1_/CK (DFF_X2)                0.0000     1.0500 r
  library setup time                                   -0.0276     1.0224
  data required time                                               1.0224
  --------------------------------------------------------------------------
  data required time                                               1.0224
  data arrival time                                               -1.5351
  --------------------------------------------------------------------------
  slack (VIOLATED)                                                -0.5127


  Startpoint: DP_i_mem_access_i_rd_out_reg_i_Y_reg_1_
              (rising edge-triggered flip-flop clocked by CLK)
  Endpoint: DP_i_fetch_i_pc_i_Y_reg_8_
            (rising edge-triggered flip-flop clocked by CLK)
  Path Group: REG2REG
  Path Type: max

  Des/Clust/Port     Wire Load Model       Library
  ------------------------------------------------
  DLX                5K_hvratio_1_4        NangateOpenCellLibrary

  Point                                                   Incr       Path
  --------------------------------------------------------------------------
  clock CLK (rise edge)                                 0.0000     0.0000
  clock network delay (ideal)                           0.0500     0.0500
  DP_i_mem_access_i_rd_out_reg_i_Y_reg_1_/CK (DFF_X1)   0.0000     0.0500 r
  DP_i_mem_access_i_rd_out_reg_i_Y_reg_1_/Q (DFF_X1)    0.1048     0.1548 r
  U5724/ZN (XNOR2_X1)                                   0.0653     0.2200 r
  U5725/ZN (AND2_X1)                                    0.0464     0.2664 r
  U5728/ZN (AND4_X2)                                    0.0700     0.3364 r
  U3172/Z (BUF_X1)                                      0.0420     0.3784 r
  U5751/ZN (INV_X1)                                     0.0268     0.4052 f
  U3548/ZN (AND2_X1)                                    0.0444     0.4497 f
  U5793/Z (BUF_X2)                                      0.0555     0.5052 f
  U1052/ZN (AND2_X1)                                    0.0534     0.5585 f
  U6157/ZN (NOR4_X1)                                    0.0530     0.6115 r
  U6159/ZN (AND4_X1)                                    0.0734     0.6849 r
  U6175/ZN (NAND4_X1)                                   0.0511     0.7361 f
  U6176/ZN (INV_X1)                                     0.0364     0.7725 r
  U6642/ZN (AND4_X1)                                    0.0632     0.8357 r
  U3341/ZN (AND2_X1)                                    0.0414     0.8771 r
  U3151/ZN (NAND4_X1)                                   0.0459     0.9229 f
  U3150/ZN (NAND3_X1)                                   0.0359     0.9588 r
  U6651/ZN (XNOR2_X1)                                   0.0633     1.0222 r
  U3767/ZN (NAND4_X1)                                   0.0503     1.0725 f
  U3595/ZN (NAND2_X1)                                   0.0357     1.1082 r
  U6871/ZN (NAND4_X1)                                   0.0377     1.1459 f
  U6893/ZN (NOR4_X1)                                    0.0644     1.2102 r
  U6910/ZN (NAND4_X1)                                   0.0548     1.2651 f
  U3973/ZN (NAND2_X1)                                   0.0562     1.3212 r
  U11215/ZN (AND2_X4)                                   0.1105     1.4317 r
  U12455/ZN (NAND2_X1)                                  0.0591     1.4908 f
  U12461/ZN (NAND4_X1)                                  0.0335     1.5242 r
  DP_i_fetch_i_pc_i_Y_reg_8_/D (DFF_X2)                 0.0109     1.5351 r
  data arrival time                                                1.5351

  clock CLK (rise edge)                                 1.0500     1.0500
  clock network delay (ideal)                           0.0500     1.1000
  clock uncertainty                                    -0.0500     1.0500
  DP_i_fetch_i_pc_i_Y_reg_8_/CK (DFF_X2)                0.0000     1.0500 r
  library setup time                                   -0.0276     1.0224
  data required time                                               1.0224
  --------------------------------------------------------------------------
  data required time                                               1.0224
  data arrival time                                               -1.5351
  --------------------------------------------------------------------------
  slack (VIOLATED)                                                -0.5127


  Startpoint: DP_i_mem_access_i_rd_out_reg_i_Y_reg_1_
              (rising edge-triggered flip-flop clocked by CLK)
  Endpoint: DP_i_fetch_i_pc_i_Y_reg_4_
            (rising edge-triggered flip-flop clocked by CLK)
  Path Group: REG2REG
  Path Type: max

  Des/Clust/Port     Wire Load Model       Library
  ------------------------------------------------
  DLX                5K_hvratio_1_4        NangateOpenCellLibrary

  Point                                                   Incr       Path
  --------------------------------------------------------------------------
  clock CLK (rise edge)                                 0.0000     0.0000
  clock network delay (ideal)                           0.0500     0.0500
  DP_i_mem_access_i_rd_out_reg_i_Y_reg_1_/CK (DFF_X1)   0.0000     0.0500 r
  DP_i_mem_access_i_rd_out_reg_i_Y_reg_1_/Q (DFF_X1)    0.1048     0.1548 r
  U5724/ZN (XNOR2_X1)                                   0.0653     0.2200 r
  U5725/ZN (AND2_X1)                                    0.0464     0.2664 r
  U5728/ZN (AND4_X2)                                    0.0700     0.3364 r
  U3172/Z (BUF_X1)                                      0.0420     0.3784 r
  U5751/ZN (INV_X1)                                     0.0268     0.4052 f
  U3548/ZN (AND2_X1)                                    0.0444     0.4497 f
  U5793/Z (BUF_X2)                                      0.0555     0.5052 f
  U1052/ZN (AND2_X1)                                    0.0534     0.5585 f
  U6157/ZN (NOR4_X1)                                    0.0530     0.6115 r
  U6159/ZN (AND4_X1)                                    0.0734     0.6849 r
  U6175/ZN (NAND4_X1)                                   0.0511     0.7361 f
  U6176/ZN (INV_X1)                                     0.0364     0.7725 r
  U6642/ZN (AND4_X1)                                    0.0632     0.8357 r
  U3341/ZN (AND2_X1)                                    0.0414     0.8771 r
  U3151/ZN (NAND4_X1)                                   0.0459     0.9229 f
  U3150/ZN (NAND3_X1)                                   0.0359     0.9588 r
  U6651/ZN (XNOR2_X1)                                   0.0633     1.0222 r
  U3767/ZN (NAND4_X1)                                   0.0503     1.0725 f
  U3595/ZN (NAND2_X1)                                   0.0357     1.1082 r
  U6871/ZN (NAND4_X1)                                   0.0377     1.1459 f
  U6893/ZN (NOR4_X1)                                    0.0644     1.2102 r
  U6910/ZN (NAND4_X1)                                   0.0548     1.2651 f
  U3973/ZN (NAND2_X1)                                   0.0562     1.3212 r
  U11215/ZN (AND2_X4)                                   0.1105     1.4317 r
  U12442/ZN (NAND2_X1)                                  0.0591     1.4908 f
  U12448/ZN (NAND4_X1)                                  0.0335     1.5242 r
  DP_i_fetch_i_pc_i_Y_reg_4_/D (DFF_X2)                 0.0109     1.5351 r
  data arrival time                                                1.5351

  clock CLK (rise edge)                                 1.0500     1.0500
  clock network delay (ideal)                           0.0500     1.1000
  clock uncertainty                                    -0.0500     1.0500
  DP_i_fetch_i_pc_i_Y_reg_4_/CK (DFF_X2)                0.0000     1.0500 r
  library setup time                                   -0.0276     1.0224
  data required time                                               1.0224
  --------------------------------------------------------------------------
  data required time                                               1.0224
  data arrival time                                               -1.5351
  --------------------------------------------------------------------------
  slack (VIOLATED)                                                -0.5127


1
