 
****************************************
Report : timing
        -path full
        -delay max
        -nworst 2
        -group REG2REG
        -max_paths 10
Design : DLX
Version: W-2024.09-SP2
Date   : Sun Sep 27 03:33:11 2026
****************************************

Operating Conditions: typical   Library: NangateOpenCellLibrary
Wire Load Model Mode: top

  Startpoint: DP_i/execute_i_rd_out_reg_i_Y_reg_2_
              (rising edge-triggered flip-flop clocked by CLK)
  Endpoint: DP_i/execute_i_zero_alu_bit_Y_reg
            (rising edge-triggered flip-flop clocked by CLK)
  Path Group: REG2REG
  Path Type: max

  Des/Clust/Port     Wire Load Model       Library
  ------------------------------------------------
  DLX                5K_hvratio_1_4        NangateOpenCellLibrary

  Point                                                   Incr       Path
  --------------------------------------------------------------------------
  clock CLK (rise edge)                                 0.0000     0.0000
  clock network delay (ideal)                           0.0500     0.0500
  DP_i/execute_i_rd_out_reg_i_Y_reg_2_/CK (DFF_X1)      0.0000     0.0500 r
  DP_i/execute_i_rd_out_reg_i_Y_reg_2_/Q (DFF_X1)       0.1126     0.1626 r
  DP_i/rd_ex_mem[2] (DataPath)                          0.0000     0.1626 r
  U862/ZN (INV_X1)                                      0.0432     0.2058 f
  U863/ZN (AOI22_X1)                                    0.0645     0.2703 r
  U864/ZN (OAI221_X1)                                   0.0505     0.3208 f
  U835/ZN (NOR3_X1)                                     0.0989     0.4197 r
  DP_i/fw_ex_ex_rs2 (DataPath)                          0.0000     0.4197 r
  DP_i/U663/ZN (INV_X1)                                 0.0512     0.4709 f
  DP_i/U74/ZN (AND2_X1)                                 0.0719     0.5428 f
  DP_i/U803/ZN (AOI22_X1)                               0.0721     0.6149 r
  DP_i/U804/ZN (OAI21_X1)                               0.0471     0.6621 f
  DP_i/U805/ZN (AOI22_X1)                               0.0492     0.7113 r
  DP_i/U22/Z (BUF_X1)                                   0.0757     0.7870 r
  DP_i/U806/ZN (INV_X1)                                 0.0581     0.8451 f
  DP_i/U807/ZN (AOI22_X1)                               0.0727     0.9178 r
  DP_i/U808/ZN (OR2_X1)                                 0.0520     0.9698 r
  DP_i/U810/ZN (AND2_X1)                                0.0511     1.0208 r
  DP_i/U823/ZN (NAND2_X1)                               0.0297     1.0506 f
  DP_i/U825/ZN (OAI221_X1)                              0.0549     1.1055 r
  DP_i/U826/ZN (NAND2_X1)                               0.0394     1.1449 f
  DP_i/U827/ZN (NOR2_X1)                                0.0507     1.1956 r
  DP_i/U828/ZN (NAND2_X1)                               0.0349     1.2305 f
  DP_i/U87/ZN (AND2_X1)                                 0.0437     1.2741 f
  DP_i/U108/ZN (NAND2_X1)                               0.0302     1.3043 r
  DP_i/U107/ZN (NAND2_X1)                               0.0354     1.3397 f
  DP_i/U81/ZN (NOR2_X1)                                 0.0560     1.3957 r
  DP_i/U847/ZN (AOI21_X1)                               0.0384     1.4341 f
  DP_i/U1684/CO (FA_X1)                                 0.0916     1.5257 f
  DP_i/U100/ZN (OR2_X1)                                 0.0623     1.5880 f
  DP_i/U850/ZN (OAI22_X1)                               0.0606     1.6487 r
  DP_i/U851/ZN (AOI21_X1)                               0.0410     1.6897 f
  DP_i/U856/ZN (NAND2_X1)                               0.0402     1.7299 r
  DP_i/U858/ZN (NAND3_X1)                               0.0406     1.7704 f
  DP_i/U870/ZN (NOR2_X1)                                0.0543     1.8248 r
  DP_i/U880/ZN (NAND2_X1)                               0.0332     1.8580 f
  DP_i/U883/ZN (NAND3_X1)                               0.0345     1.8925 r
  DP_i/U1681/CO (FA_X1)                                 0.0775     1.9700 r
  DP_i/U372/ZN (AND2_X1)                                0.0506     2.0206 r
  DP_i/U890/ZN (NAND2_X1)                               0.0351     2.0557 f
  DP_i/U891/ZN (INV_X1)                                 0.0396     2.0953 r
  DP_i/U906/ZN (OAI211_X1)                              0.0363     2.1315 f
  DP_i/U908/ZN (NAND2_X1)                               0.0420     2.1735 r
  DP_i/U927/ZN (NAND4_X1)                               0.0535     2.2270 f
  DP_i/U1307/ZN (AOI21_X1)                              0.0638     2.2908 r
  DP_i/U1310/ZN (NAND2_X1)                              0.0373     2.3281 f
  DP_i/U1391/ZN (NOR2_X1)                               0.0533     2.3813 r
  DP_i/U1401/ZN (OAI21_X1)                              0.0403     2.4216 f
  DP_i/U1404/ZN (XNOR2_X1)                              0.0830     2.5046 r
  DP_i/U1663/ZN (AOI222_X1)                             0.0520     2.5566 f
  DP_i/U1666/ZN (OAI21_X1)                              0.0692     2.6259 r
  DP_i/U1708/ZN (NAND2_X1)                              0.0375     2.6634 f
  DP_i/U1712/ZN (AOI221_X1)                             0.0934     2.7568 r
  DP_i/U1713/ZN (OAI211_X1)                             0.0442     2.8010 f
  DP_i/U573/ZN (AND4_X1)                                0.0489     2.8499 f
  DP_i/U324/ZN (AND4_X1)                                0.0473     2.8972 f
  DP_i/U2/Z (MUX2_X1)                                   0.0656     2.9629 f
  DP_i/execute_i_zero_alu_bit_Y_reg/D (DFF_X1)          0.0104     2.9733 f
  data arrival time                                                2.9733

  clock CLK (rise edge)                                 3.0000     3.0000
  clock network delay (ideal)                           0.0500     3.0500
  clock uncertainty                                    -0.0500     3.0000
  DP_i/execute_i_zero_alu_bit_Y_reg/CK (DFF_X1)         0.0000     3.0000 r
  library setup time                                   -0.0257     2.9743
  data required time                                               2.9743
  --------------------------------------------------------------------------
  data required time                                               2.9743
  data arrival time                                               -2.9733
  --------------------------------------------------------------------------
  slack (MET)                                                      0.0010


  Startpoint: DP_i/execute_i_rd_out_reg_i_Y_reg_2_
              (rising edge-triggered flip-flop clocked by CLK)
  Endpoint: DP_i/execute_i_zero_alu_bit_Y_reg
            (rising edge-triggered flip-flop clocked by CLK)
  Path Group: REG2REG
  Path Type: max

  Des/Clust/Port     Wire Load Model       Library
  ------------------------------------------------
  DLX                5K_hvratio_1_4        NangateOpenCellLibrary

  Point                                                   Incr       Path
  --------------------------------------------------------------------------
  clock CLK (rise edge)                                 0.0000     0.0000
  clock network delay (ideal)                           0.0500     0.0500
  DP_i/execute_i_rd_out_reg_i_Y_reg_2_/CK (DFF_X1)      0.0000     0.0500 r
  DP_i/execute_i_rd_out_reg_i_Y_reg_2_/Q (DFF_X1)       0.1126     0.1626 r
  DP_i/rd_ex_mem[2] (DataPath)                          0.0000     0.1626 r
  U862/ZN (INV_X1)                                      0.0432     0.2058 f
  U863/ZN (AOI22_X1)                                    0.0645     0.2703 r
  U864/ZN (OAI221_X1)                                   0.0505     0.3208 f
  U835/ZN (NOR3_X1)                                     0.0989     0.4197 r
  DP_i/fw_ex_ex_rs2 (DataPath)                          0.0000     0.4197 r
  DP_i/U663/ZN (INV_X1)                                 0.0512     0.4709 f
  DP_i/U74/ZN (AND2_X1)                                 0.0719     0.5428 f
  DP_i/U803/ZN (AOI22_X1)                               0.0721     0.6149 r
  DP_i/U804/ZN (OAI21_X1)                               0.0471     0.6621 f
  DP_i/U805/ZN (AOI22_X1)                               0.0492     0.7113 r
  DP_i/U22/Z (BUF_X1)                                   0.0757     0.7870 r
  DP_i/U806/ZN (INV_X1)                                 0.0581     0.8451 f
  DP_i/U807/ZN (AOI22_X1)                               0.0727     0.9178 r
  DP_i/U808/ZN (OR2_X1)                                 0.0520     0.9698 r
  DP_i/U810/ZN (AND2_X1)                                0.0511     1.0208 r
  DP_i/U823/ZN (NAND2_X1)                               0.0297     1.0506 f
  DP_i/U825/ZN (OAI221_X1)                              0.0549     1.1055 r
  DP_i/U826/ZN (NAND2_X1)                               0.0394     1.1449 f
  DP_i/U827/ZN (NOR2_X1)                                0.0507     1.1956 r
  DP_i/U828/ZN (NAND2_X1)                               0.0349     1.2305 f
  DP_i/U87/ZN (AND2_X1)                                 0.0437     1.2741 f
  DP_i/U108/ZN (NAND2_X1)                               0.0302     1.3043 r
  DP_i/U107/ZN (NAND2_X1)                               0.0354     1.3397 f
  DP_i/U81/ZN (NOR2_X1)                                 0.0560     1.3957 r
  DP_i/U847/ZN (AOI21_X1)                               0.0384     1.4341 f
  DP_i/U1684/CO (FA_X1)                                 0.0916     1.5257 f
  DP_i/U100/ZN (OR2_X1)                                 0.0623     1.5880 f
  DP_i/U850/ZN (OAI22_X1)                               0.0606     1.6487 r
  DP_i/U851/ZN (AOI21_X1)                               0.0410     1.6897 f
  DP_i/U856/ZN (NAND2_X1)                               0.0402     1.7299 r
  DP_i/U858/ZN (NAND3_X1)                               0.0406     1.7704 f
  DP_i/U870/ZN (NOR2_X1)                                0.0543     1.8248 r
  DP_i/U880/ZN (NAND2_X1)                               0.0332     1.8580 f
  DP_i/U883/ZN (NAND3_X1)                               0.0345     1.8925 r
  DP_i/U1681/CO (FA_X1)                                 0.0775     1.9700 r
  DP_i/U372/ZN (AND2_X1)                                0.0506     2.0206 r
  DP_i/U890/ZN (NAND2_X1)                               0.0351     2.0557 f
  DP_i/U891/ZN (INV_X1)                                 0.0396     2.0953 r
  DP_i/U906/ZN (OAI211_X1)                              0.0363     2.1315 f
  DP_i/U908/ZN (NAND2_X1)                               0.0420     2.1735 r
  DP_i/U927/ZN (NAND4_X1)                               0.0535     2.2270 f
  DP_i/U1307/ZN (AOI21_X1)                              0.0638     2.2908 r
  DP_i/U1310/ZN (NAND2_X1)                              0.0373     2.3281 f
  DP_i/U1391/ZN (NOR2_X1)                               0.0533     2.3813 r
  DP_i/U1401/ZN (OAI21_X1)                              0.0403     2.4216 f
  DP_i/U1404/ZN (XNOR2_X1)                              0.0830     2.5046 r
  DP_i/U1663/ZN (AOI222_X1)                             0.0520     2.5566 f
  DP_i/U1666/ZN (OAI21_X1)                              0.0692     2.6259 r
  DP_i/U1708/ZN (NAND2_X1)                              0.0375     2.6634 f
  DP_i/U1712/ZN (AOI221_X1)                             0.0934     2.7568 r
  DP_i/U1713/ZN (OAI211_X1)                             0.0442     2.8010 f
  DP_i/U573/ZN (AND4_X1)                                0.0489     2.8499 f
  DP_i/U324/ZN (AND4_X1)                                0.0473     2.8972 f
  DP_i/U2/Z (MUX2_X1)                                   0.0656     2.9629 f
  DP_i/execute_i_zero_alu_bit_Y_reg/D (DFF_X1)          0.0104     2.9733 f
  data arrival time                                                2.9733

  clock CLK (rise edge)                                 3.0000     3.0000
  clock network delay (ideal)                           0.0500     3.0500
  clock uncertainty                                    -0.0500     3.0000
  DP_i/execute_i_zero_alu_bit_Y_reg/CK (DFF_X1)         0.0000     3.0000 r
  library setup time                                   -0.0257     2.9743
  data required time                                               2.9743
  --------------------------------------------------------------------------
  data required time                                               2.9743
  data arrival time                                               -2.9733
  --------------------------------------------------------------------------
  slack (MET)                                                      0.0010


  Startpoint: DP_i/fetch_i_IR_out_reg_30_
              (rising edge-triggered flip-flop clocked by CLK)
  Endpoint: DP_i/fetch_i_pc_i_Y_reg_2_
            (rising edge-triggered flip-flop clocked by CLK)
  Path Group: REG2REG
  Path Type: max

  Des/Clust/Port     Wire Load Model       Library
  ------------------------------------------------
  DLX                5K_hvratio_1_4        NangateOpenCellLibrary

  Point                                                   Incr       Path
  --------------------------------------------------------------------------
  clock CLK (rise edge)                                 0.0000     0.0000
  clock network delay (ideal)                           0.0500     0.0500
  DP_i/fetch_i_IR_out_reg_30_/CK (DFF_X1)               0.0000     0.0500 r
  DP_i/fetch_i_IR_out_reg_30_/Q (DFF_X1)                0.1162     0.1662 f
  DP_i/opcode[4] (DataPath)                             0.0000     0.1662 f
  U810/ZN (INV_X1)                                      0.0771     0.2433 r
  U852/ZN (NAND3_X1)                                    0.0515     0.2949 f
  U808/ZN (NOR2_X1)                                     0.0747     0.3695 r
  DP_i/RF2 (DataPath)                                   0.0000     0.3695 r
  DP_i/U1456/ZN (INV_X1)                                0.0395     0.4090 f
  DP_i/U448/Z (BUF_X1)                                  0.0564     0.4654 f
  DP_i/U1543/ZN (AOI21_X1)                              0.0664     0.5318 r
  DP_i/U1544/ZN (AOI21_X1)                              0.0394     0.5712 f
  DP_i/U1545/ZN (XNOR2_X1)                              0.0687     0.6399 f
  DP_i/U562/ZN (NOR2_X1)                                0.0826     0.7225 r
  DP_i/U1558/ZN (OAI22_X1)                              0.0480     0.7705 f
  DP_i/U1560/ZN (OAI21_X1)                              0.0844     0.8549 r
  DP_i/U1561/ZN (INV_X1)                                0.0368     0.8916 f
  DP_i/U1571/ZN (OAI21_X1)                              0.0507     0.9423 r
  DP_i/U1945/CO (FA_X1)                                 0.0780     1.0203 r
  DP_i/U432/ZN (INV_X1)                                 0.0356     1.0559 f
  DP_i/U1587/ZN (OAI211_X1)                             0.0594     1.1153 r
  DP_i/U1588/ZN (NAND2_X1)                              0.0396     1.1549 f
  DP_i/U1589/ZN (OAI21_X1)                              0.0436     1.1985 r
  DP_i/U1590/ZN (NAND2_X1)                              0.0438     1.2422 f
  DP_i/U1642/ZN (NOR2_X1)                               0.0580     1.3002 r
  DP_i/U1644/Z (XOR2_X1)                                0.0731     1.3733 r
  DP_i/U1647/ZN (AOI21_X1)                              0.0343     1.4076 f
  DP_i/U1650/ZN (XNOR2_X1)                              0.0619     1.4695 f
  DP_i/U1651/ZN (OAI21_X1)                              0.0725     1.5420 r
  DP_i/U1658/ZN (OAI21_X1)                              0.0452     1.5871 f
  DP_i/U2236/CO (FA_X1)                                 0.1005     1.6876 f
  DP_i/U3296/ZN (NAND2_X1)                              0.0410     1.7286 r
  DP_i/U3297/ZN (XNOR2_X1)                              0.0641     1.7927 r
  DP_i/U3298/ZN (XNOR2_X1)                              0.0510     1.8437 f
  DP_i/U3320/ZN (AOI222_X1)                             0.1664     2.0101 r
  DP_i/U4291/ZN (OAI221_X1)                             0.0633     2.0734 f
  DP_i/U4292/ZN (NOR4_X1)                               0.0961     2.1694 r
  DP_i/U98/ZN (AND2_X1)                                 0.0476     2.2171 r
  DP_i/U365/ZN (AND4_X1)                                0.0597     2.2768 r
  DP_i/U4307/ZN (OAI221_X1)                             0.0466     2.3233 f
  DP_i/U4308/ZN (NOR4_X1)                               0.0994     2.4227 r
  DP_i/U4309/ZN (OAI221_X1)                             0.0560     2.4787 f
  DP_i/U4314/ZN (OAI211_X1)                             0.0563     2.5350 r
  DP_i/U4315/ZN (AOI21_X2)                              0.0577     2.5927 f
  DP_i/U7464/ZN (NOR3_X4)                               0.2383     2.8309 r
  DP_i/U3082/ZN (AOI22_X1)                              0.0620     2.8930 f
  DP_i/U3083/ZN (OAI211_X1)                             0.0506     2.9436 r
  DP_i/fetch_i_pc_i_Y_reg_2_/D (DFF_X1)                 0.0110     2.9546 r
  data arrival time                                                2.9546

  clock CLK (rise edge)                                 3.0000     3.0000
  clock network delay (ideal)                           0.0500     3.0500
  clock uncertainty                                    -0.0500     3.0000
  DP_i/fetch_i_pc_i_Y_reg_2_/CK (DFF_X1)                0.0000     3.0000 r
  library setup time                                   -0.0314     2.9686
  data required time                                               2.9686
  --------------------------------------------------------------------------
  data required time                                               2.9686
  data arrival time                                               -2.9546
  --------------------------------------------------------------------------
  slack (MET)                                                      0.0140


  Startpoint: DP_i/fetch_i_IR_out_reg_30_
              (rising edge-triggered flip-flop clocked by CLK)
  Endpoint: DP_i/fetch_i_pc_i_Y_reg_0_
            (rising edge-triggered flip-flop clocked by CLK)
  Path Group: REG2REG
  Path Type: max

  Des/Clust/Port     Wire Load Model       Library
  ------------------------------------------------
  DLX                5K_hvratio_1_4        NangateOpenCellLibrary

  Point                                                   Incr       Path
  --------------------------------------------------------------------------
  clock CLK (rise edge)                                 0.0000     0.0000
  clock network delay (ideal)                           0.0500     0.0500
  DP_i/fetch_i_IR_out_reg_30_/CK (DFF_X1)               0.0000     0.0500 r
  DP_i/fetch_i_IR_out_reg_30_/Q (DFF_X1)                0.1162     0.1662 f
  DP_i/opcode[4] (DataPath)                             0.0000     0.1662 f
  U810/ZN (INV_X1)                                      0.0771     0.2433 r
  U852/ZN (NAND3_X1)                                    0.0515     0.2949 f
  U808/ZN (NOR2_X1)                                     0.0747     0.3695 r
  DP_i/RF2 (DataPath)                                   0.0000     0.3695 r
  DP_i/U1456/ZN (INV_X1)                                0.0395     0.4090 f
  DP_i/U448/Z (BUF_X1)                                  0.0564     0.4654 f
  DP_i/U1543/ZN (AOI21_X1)                              0.0664     0.5318 r
  DP_i/U1544/ZN (AOI21_X1)                              0.0394     0.5712 f
  DP_i/U1545/ZN (XNOR2_X1)                              0.0687     0.6399 f
  DP_i/U562/ZN (NOR2_X1)                                0.0826     0.7225 r
  DP_i/U1558/ZN (OAI22_X1)                              0.0480     0.7705 f
  DP_i/U1560/ZN (OAI21_X1)                              0.0844     0.8549 r
  DP_i/U1561/ZN (INV_X1)                                0.0368     0.8916 f
  DP_i/U1571/ZN (OAI21_X1)                              0.0507     0.9423 r
  DP_i/U1945/CO (FA_X1)                                 0.0780     1.0203 r
  DP_i/U432/ZN (INV_X1)                                 0.0356     1.0559 f
  DP_i/U1587/ZN (OAI211_X1)                             0.0594     1.1153 r
  DP_i/U1588/ZN (NAND2_X1)                              0.0396     1.1549 f
  DP_i/U1589/ZN (OAI21_X1)                              0.0436     1.1985 r
  DP_i/U1590/ZN (NAND2_X1)                              0.0438     1.2422 f
  DP_i/U1642/ZN (NOR2_X1)                               0.0580     1.3002 r
  DP_i/U1644/Z (XOR2_X1)                                0.0731     1.3733 r
  DP_i/U1647/ZN (AOI21_X1)                              0.0343     1.4076 f
  DP_i/U1650/ZN (XNOR2_X1)                              0.0619     1.4695 f
  DP_i/U1651/ZN (OAI21_X1)                              0.0725     1.5420 r
  DP_i/U1658/ZN (OAI21_X1)                              0.0452     1.5871 f
  DP_i/U2236/CO (FA_X1)                                 0.1005     1.6876 f
  DP_i/U3296/ZN (NAND2_X1)                              0.0410     1.7286 r
  DP_i/U3297/ZN (XNOR2_X1)                              0.0641     1.7927 r
  DP_i/U3298/ZN (XNOR2_X1)                              0.0510     1.8437 f
  DP_i/U3320/ZN (AOI222_X1)                             0.1664     2.0101 r
  DP_i/U4291/ZN (OAI221_X1)                             0.0633     2.0734 f
  DP_i/U4292/ZN (NOR4_X1)                               0.0961     2.1694 r
  DP_i/U98/ZN (AND2_X1)                                 0.0476     2.2171 r
  DP_i/U365/ZN (AND4_X1)                                0.0597     2.2768 r
  DP_i/U4307/ZN (OAI221_X1)                             0.0466     2.3233 f
  DP_i/U4308/ZN (NOR4_X1)                               0.0994     2.4227 r
  DP_i/U4309/ZN (OAI221_X1)                             0.0560     2.4787 f
  DP_i/U4314/ZN (OAI211_X1)                             0.0563     2.5350 r
  DP_i/U4315/ZN (AOI21_X2)                              0.0577     2.5927 f
  DP_i/U7464/ZN (NOR3_X4)                               0.2383     2.8309 r
  DP_i/U3096/ZN (AOI22_X1)                              0.0620     2.8930 f
  DP_i/U3097/ZN (OAI211_X1)                             0.0506     2.9436 r
  DP_i/fetch_i_pc_i_Y_reg_0_/D (DFF_X1)                 0.0110     2.9546 r
  data arrival time                                                2.9546

  clock CLK (rise edge)                                 3.0000     3.0000
  clock network delay (ideal)                           0.0500     3.0500
  clock uncertainty                                    -0.0500     3.0000
  DP_i/fetch_i_pc_i_Y_reg_0_/CK (DFF_X1)                0.0000     3.0000 r
  library setup time                                   -0.0314     2.9686
  data required time                                               2.9686
  --------------------------------------------------------------------------
  data required time                                               2.9686
  data arrival time                                               -2.9546
  --------------------------------------------------------------------------
  slack (MET)                                                      0.0140


  Startpoint: DP_i/fetch_i_IR_out_reg_30_
              (rising edge-triggered flip-flop clocked by CLK)
  Endpoint: DP_i/fetch_i_pc_i_Y_reg_4_
            (rising edge-triggered flip-flop clocked by CLK)
  Path Group: REG2REG
  Path Type: max

  Des/Clust/Port     Wire Load Model       Library
  ------------------------------------------------
  DLX                5K_hvratio_1_4        NangateOpenCellLibrary

  Point                                                   Incr       Path
  --------------------------------------------------------------------------
  clock CLK (rise edge)                                 0.0000     0.0000
  clock network delay (ideal)                           0.0500     0.0500
  DP_i/fetch_i_IR_out_reg_30_/CK (DFF_X1)               0.0000     0.0500 r
  DP_i/fetch_i_IR_out_reg_30_/Q (DFF_X1)                0.1162     0.1662 f
  DP_i/opcode[4] (DataPath)                             0.0000     0.1662 f
  U810/ZN (INV_X1)                                      0.0771     0.2433 r
  U852/ZN (NAND3_X1)                                    0.0515     0.2949 f
  U808/ZN (NOR2_X1)                                     0.0747     0.3695 r
  DP_i/RF2 (DataPath)                                   0.0000     0.3695 r
  DP_i/U1456/ZN (INV_X1)                                0.0395     0.4090 f
  DP_i/U448/Z (BUF_X1)                                  0.0564     0.4654 f
  DP_i/U1543/ZN (AOI21_X1)                              0.0664     0.5318 r
  DP_i/U1544/ZN (AOI21_X1)                              0.0394     0.5712 f
  DP_i/U1545/ZN (XNOR2_X1)                              0.0687     0.6399 f
  DP_i/U562/ZN (NOR2_X1)                                0.0826     0.7225 r
  DP_i/U1558/ZN (OAI22_X1)                              0.0480     0.7705 f
  DP_i/U1560/ZN (OAI21_X1)                              0.0844     0.8549 r
  DP_i/U1561/ZN (INV_X1)                                0.0368     0.8916 f
  DP_i/U1571/ZN (OAI21_X1)                              0.0507     0.9423 r
  DP_i/U1945/CO (FA_X1)                                 0.0780     1.0203 r
  DP_i/U432/ZN (INV_X1)                                 0.0356     1.0559 f
  DP_i/U1587/ZN (OAI211_X1)                             0.0594     1.1153 r
  DP_i/U1588/ZN (NAND2_X1)                              0.0396     1.1549 f
  DP_i/U1589/ZN (OAI21_X1)                              0.0436     1.1985 r
  DP_i/U1590/ZN (NAND2_X1)                              0.0438     1.2422 f
  DP_i/U1642/ZN (NOR2_X1)                               0.0580     1.3002 r
  DP_i/U1644/Z (XOR2_X1)                                0.0731     1.3733 r
  DP_i/U1647/ZN (AOI21_X1)                              0.0343     1.4076 f
  DP_i/U1650/ZN (XNOR2_X1)                              0.0619     1.4695 f
  DP_i/U1651/ZN (OAI21_X1)                              0.0725     1.5420 r
  DP_i/U1658/ZN (OAI21_X1)                              0.0452     1.5871 f
  DP_i/U2236/CO (FA_X1)                                 0.1005     1.6876 f
  DP_i/U3296/ZN (NAND2_X1)                              0.0410     1.7286 r
  DP_i/U3297/ZN (XNOR2_X1)                              0.0641     1.7927 r
  DP_i/U3298/ZN (XNOR2_X1)                              0.0510     1.8437 f
  DP_i/U3320/ZN (AOI222_X1)                             0.1664     2.0101 r
  DP_i/U4291/ZN (OAI221_X1)                             0.0633     2.0734 f
  DP_i/U4292/ZN (NOR4_X1)                               0.0961     2.1694 r
  DP_i/U98/ZN (AND2_X1)                                 0.0476     2.2171 r
  DP_i/U365/ZN (AND4_X1)                                0.0597     2.2768 r
  DP_i/U4307/ZN (OAI221_X1)                             0.0466     2.3233 f
  DP_i/U4308/ZN (NOR4_X1)                               0.0994     2.4227 r
  DP_i/U4309/ZN (OAI221_X1)                             0.0560     2.4787 f
  DP_i/U4314/ZN (OAI211_X1)                             0.0563     2.5350 r
  DP_i/U4315/ZN (AOI21_X2)                              0.0577     2.5927 f
  DP_i/U7464/ZN (NOR3_X4)                               0.2383     2.8309 r
  DP_i/U3072/ZN (AOI22_X1)                              0.0620     2.8930 f
  DP_i/U3073/ZN (OAI211_X1)                             0.0506     2.9436 r
  DP_i/fetch_i_pc_i_Y_reg_4_/D (DFF_X1)                 0.0110     2.9546 r
  data arrival time                                                2.9546

  clock CLK (rise edge)                                 3.0000     3.0000
  clock network delay (ideal)                           0.0500     3.0500
  clock uncertainty                                    -0.0500     3.0000
  DP_i/fetch_i_pc_i_Y_reg_4_/CK (DFF_X1)                0.0000     3.0000 r
  library setup time                                   -0.0314     2.9686
  data required time                                               2.9686
  --------------------------------------------------------------------------
  data required time                                               2.9686
  data arrival time                                               -2.9546
  --------------------------------------------------------------------------
  slack (MET)                                                      0.0140


  Startpoint: DP_i/fetch_i_IR_out_reg_30_
              (rising edge-triggered flip-flop clocked by CLK)
  Endpoint: DP_i/fetch_i_pc_i_Y_reg_1_
            (rising edge-triggered flip-flop clocked by CLK)
  Path Group: REG2REG
  Path Type: max

  Des/Clust/Port     Wire Load Model       Library
  ------------------------------------------------
  DLX                5K_hvratio_1_4        NangateOpenCellLibrary

  Point                                                   Incr       Path
  --------------------------------------------------------------------------
  clock CLK (rise edge)                                 0.0000     0.0000
  clock network delay (ideal)                           0.0500     0.0500
  DP_i/fetch_i_IR_out_reg_30_/CK (DFF_X1)               0.0000     0.0500 r
  DP_i/fetch_i_IR_out_reg_30_/Q (DFF_X1)                0.1162     0.1662 f
  DP_i/opcode[4] (DataPath)                             0.0000     0.1662 f
  U810/ZN (INV_X1)                                      0.0771     0.2433 r
  U852/ZN (NAND3_X1)                                    0.0515     0.2949 f
  U808/ZN (NOR2_X1)                                     0.0747     0.3695 r
  DP_i/RF2 (DataPath)                                   0.0000     0.3695 r
  DP_i/U1456/ZN (INV_X1)                                0.0395     0.4090 f
  DP_i/U448/Z (BUF_X1)                                  0.0564     0.4654 f
  DP_i/U1543/ZN (AOI21_X1)                              0.0664     0.5318 r
  DP_i/U1544/ZN (AOI21_X1)                              0.0394     0.5712 f
  DP_i/U1545/ZN (XNOR2_X1)                              0.0687     0.6399 f
  DP_i/U562/ZN (NOR2_X1)                                0.0826     0.7225 r
  DP_i/U1558/ZN (OAI22_X1)                              0.0480     0.7705 f
  DP_i/U1560/ZN (OAI21_X1)                              0.0844     0.8549 r
  DP_i/U1561/ZN (INV_X1)                                0.0368     0.8916 f
  DP_i/U1571/ZN (OAI21_X1)                              0.0507     0.9423 r
  DP_i/U1945/CO (FA_X1)                                 0.0780     1.0203 r
  DP_i/U432/ZN (INV_X1)                                 0.0356     1.0559 f
  DP_i/U1587/ZN (OAI211_X1)                             0.0594     1.1153 r
  DP_i/U1588/ZN (NAND2_X1)                              0.0396     1.1549 f
  DP_i/U1589/ZN (OAI21_X1)                              0.0436     1.1985 r
  DP_i/U1590/ZN (NAND2_X1)                              0.0438     1.2422 f
  DP_i/U1642/ZN (NOR2_X1)                               0.0580     1.3002 r
  DP_i/U1644/Z (XOR2_X1)                                0.0731     1.3733 r
  DP_i/U1647/ZN (AOI21_X1)                              0.0343     1.4076 f
  DP_i/U1650/ZN (XNOR2_X1)                              0.0619     1.4695 f
  DP_i/U1651/ZN (OAI21_X1)                              0.0725     1.5420 r
  DP_i/U1658/ZN (OAI21_X1)                              0.0452     1.5871 f
  DP_i/U2236/CO (FA_X1)                                 0.1005     1.6876 f
  DP_i/U3296/ZN (NAND2_X1)                              0.0410     1.7286 r
  DP_i/U3297/ZN (XNOR2_X1)                              0.0641     1.7927 r
  DP_i/U3298/ZN (XNOR2_X1)                              0.0510     1.8437 f
  DP_i/U3320/ZN (AOI222_X1)                             0.1664     2.0101 r
  DP_i/U4291/ZN (OAI221_X1)                             0.0633     2.0734 f
  DP_i/U4292/ZN (NOR4_X1)                               0.0961     2.1694 r
  DP_i/U98/ZN (AND2_X1)                                 0.0476     2.2171 r
  DP_i/U365/ZN (AND4_X1)                                0.0597     2.2768 r
  DP_i/U4307/ZN (OAI221_X1)                             0.0466     2.3233 f
  DP_i/U4308/ZN (NOR4_X1)                               0.0994     2.4227 r
  DP_i/U4309/ZN (OAI221_X1)                             0.0560     2.4787 f
  DP_i/U4314/ZN (OAI211_X1)                             0.0563     2.5350 r
  DP_i/U4315/ZN (AOI21_X2)                              0.0577     2.5927 f
  DP_i/U7464/ZN (NOR3_X4)                               0.2383     2.8309 r
  DP_i/U3089/ZN (AOI22_X1)                              0.0620     2.8930 f
  DP_i/U3090/ZN (OAI211_X1)                             0.0506     2.9436 r
  DP_i/fetch_i_pc_i_Y_reg_1_/D (DFF_X1)                 0.0110     2.9546 r
  data arrival time                                                2.9546

  clock CLK (rise edge)                                 3.0000     3.0000
  clock network delay (ideal)                           0.0500     3.0500
  clock uncertainty                                    -0.0500     3.0000
  DP_i/fetch_i_pc_i_Y_reg_1_/CK (DFF_X1)                0.0000     3.0000 r
  library setup time                                   -0.0314     2.9686
  data required time                                               2.9686
  --------------------------------------------------------------------------
  data required time                                               2.9686
  data arrival time                                               -2.9546
  --------------------------------------------------------------------------
  slack (MET)                                                      0.0140


  Startpoint: DP_i/fetch_i_IR_out_reg_30_
              (rising edge-triggered flip-flop clocked by CLK)
  Endpoint: DP_i/fetch_i_pc_i_Y_reg_3_
            (rising edge-triggered flip-flop clocked by CLK)
  Path Group: REG2REG
  Path Type: max

  Des/Clust/Port     Wire Load Model       Library
  ------------------------------------------------
  DLX                5K_hvratio_1_4        NangateOpenCellLibrary

  Point                                                   Incr       Path
  --------------------------------------------------------------------------
  clock CLK (rise edge)                                 0.0000     0.0000
  clock network delay (ideal)                           0.0500     0.0500
  DP_i/fetch_i_IR_out_reg_30_/CK (DFF_X1)               0.0000     0.0500 r
  DP_i/fetch_i_IR_out_reg_30_/Q (DFF_X1)                0.1162     0.1662 f
  DP_i/opcode[4] (DataPath)                             0.0000     0.1662 f
  U810/ZN (INV_X1)                                      0.0771     0.2433 r
  U852/ZN (NAND3_X1)                                    0.0515     0.2949 f
  U808/ZN (NOR2_X1)                                     0.0747     0.3695 r
  DP_i/RF2 (DataPath)                                   0.0000     0.3695 r
  DP_i/U1456/ZN (INV_X1)                                0.0395     0.4090 f
  DP_i/U448/Z (BUF_X1)                                  0.0564     0.4654 f
  DP_i/U1543/ZN (AOI21_X1)                              0.0664     0.5318 r
  DP_i/U1544/ZN (AOI21_X1)                              0.0394     0.5712 f
  DP_i/U1545/ZN (XNOR2_X1)                              0.0687     0.6399 f
  DP_i/U562/ZN (NOR2_X1)                                0.0826     0.7225 r
  DP_i/U1558/ZN (OAI22_X1)                              0.0480     0.7705 f
  DP_i/U1560/ZN (OAI21_X1)                              0.0844     0.8549 r
  DP_i/U1561/ZN (INV_X1)                                0.0368     0.8916 f
  DP_i/U1571/ZN (OAI21_X1)                              0.0507     0.9423 r
  DP_i/U1945/CO (FA_X1)                                 0.0780     1.0203 r
  DP_i/U432/ZN (INV_X1)                                 0.0356     1.0559 f
  DP_i/U1587/ZN (OAI211_X1)                             0.0594     1.1153 r
  DP_i/U1588/ZN (NAND2_X1)                              0.0396     1.1549 f
  DP_i/U1589/ZN (OAI21_X1)                              0.0436     1.1985 r
  DP_i/U1590/ZN (NAND2_X1)                              0.0438     1.2422 f
  DP_i/U1642/ZN (NOR2_X1)                               0.0580     1.3002 r
  DP_i/U1644/Z (XOR2_X1)                                0.0731     1.3733 r
  DP_i/U1647/ZN (AOI21_X1)                              0.0343     1.4076 f
  DP_i/U1650/ZN (XNOR2_X1)                              0.0619     1.4695 f
  DP_i/U1651/ZN (OAI21_X1)                              0.0725     1.5420 r
  DP_i/U1658/ZN (OAI21_X1)                              0.0452     1.5871 f
  DP_i/U2236/CO (FA_X1)                                 0.1005     1.6876 f
  DP_i/U3296/ZN (NAND2_X1)                              0.0410     1.7286 r
  DP_i/U3297/ZN (XNOR2_X1)                              0.0641     1.7927 r
  DP_i/U3298/ZN (XNOR2_X1)                              0.0510     1.8437 f
  DP_i/U3320/ZN (AOI222_X1)                             0.1664     2.0101 r
  DP_i/U4291/ZN (OAI221_X1)                             0.0633     2.0734 f
  DP_i/U4292/ZN (NOR4_X1)                               0.0961     2.1694 r
  DP_i/U98/ZN (AND2_X1)                                 0.0476     2.2171 r
  DP_i/U365/ZN (AND4_X1)                                0.0597     2.2768 r
  DP_i/U4307/ZN (OAI221_X1)                             0.0466     2.3233 f
  DP_i/U4308/ZN (NOR4_X1)                               0.0994     2.4227 r
  DP_i/U4309/ZN (OAI221_X1)                             0.0560     2.4787 f
  DP_i/U4314/ZN (OAI211_X1)                             0.0563     2.5350 r
  DP_i/U4315/ZN (AOI21_X2)                              0.0577     2.5927 f
  DP_i/U7464/ZN (NOR3_X4)                               0.2383     2.8309 r
  DP_i/U3077/ZN (AOI22_X1)                              0.0620     2.8930 f
  DP_i/U3078/ZN (OAI211_X1)                             0.0506     2.9436 r
  DP_i/fetch_i_pc_i_Y_reg_3_/D (DFF_X1)                 0.0110     2.9546 r
  data arrival time                                                2.9546

  clock CLK (rise edge)                                 3.0000     3.0000
  clock network delay (ideal)                           0.0500     3.0500
  clock uncertainty                                    -0.0500     3.0000
  DP_i/fetch_i_pc_i_Y_reg_3_/CK (DFF_X1)                0.0000     3.0000 r
  library setup time                                   -0.0314     2.9686
  data required time                                               2.9686
  --------------------------------------------------------------------------
  data required time                                               2.9686
  data arrival time                                               -2.9546
  --------------------------------------------------------------------------
  slack (MET)                                                      0.0140


  Startpoint: DP_i/fetch_i_IR_out_reg_30_
              (rising edge-triggered flip-flop clocked by CLK)
  Endpoint: DP_i/fetch_i_pc_i_Y_reg_5_
            (rising edge-triggered flip-flop clocked by CLK)
  Path Group: REG2REG
  Path Type: max

  Des/Clust/Port     Wire Load Model       Library
  ------------------------------------------------
  DLX                5K_hvratio_1_4        NangateOpenCellLibrary

  Point                                                   Incr       Path
  --------------------------------------------------------------------------
  clock CLK (rise edge)                                 0.0000     0.0000
  clock network delay (ideal)                           0.0500     0.0500
  DP_i/fetch_i_IR_out_reg_30_/CK (DFF_X1)               0.0000     0.0500 r
  DP_i/fetch_i_IR_out_reg_30_/Q (DFF_X1)                0.1162     0.1662 f
  DP_i/opcode[4] (DataPath)                             0.0000     0.1662 f
  U810/ZN (INV_X1)                                      0.0771     0.2433 r
  U852/ZN (NAND3_X1)                                    0.0515     0.2949 f
  U808/ZN (NOR2_X1)                                     0.0747     0.3695 r
  DP_i/RF2 (DataPath)                                   0.0000     0.3695 r
  DP_i/U1456/ZN (INV_X1)                                0.0395     0.4090 f
  DP_i/U448/Z (BUF_X1)                                  0.0564     0.4654 f
  DP_i/U1543/ZN (AOI21_X1)                              0.0664     0.5318 r
  DP_i/U1544/ZN (AOI21_X1)                              0.0394     0.5712 f
  DP_i/U1545/ZN (XNOR2_X1)                              0.0687     0.6399 f
  DP_i/U562/ZN (NOR2_X1)                                0.0826     0.7225 r
  DP_i/U1558/ZN (OAI22_X1)                              0.0480     0.7705 f
  DP_i/U1560/ZN (OAI21_X1)                              0.0844     0.8549 r
  DP_i/U1561/ZN (INV_X1)                                0.0368     0.8916 f
  DP_i/U1571/ZN (OAI21_X1)                              0.0507     0.9423 r
  DP_i/U1945/CO (FA_X1)                                 0.0780     1.0203 r
  DP_i/U432/ZN (INV_X1)                                 0.0356     1.0559 f
  DP_i/U1587/ZN (OAI211_X1)                             0.0594     1.1153 r
  DP_i/U1588/ZN (NAND2_X1)                              0.0396     1.1549 f
  DP_i/U1589/ZN (OAI21_X1)                              0.0436     1.1985 r
  DP_i/U1590/ZN (NAND2_X1)                              0.0438     1.2422 f
  DP_i/U1642/ZN (NOR2_X1)                               0.0580     1.3002 r
  DP_i/U1644/Z (XOR2_X1)                                0.0731     1.3733 r
  DP_i/U1647/ZN (AOI21_X1)                              0.0343     1.4076 f
  DP_i/U1650/ZN (XNOR2_X1)                              0.0619     1.4695 f
  DP_i/U1651/ZN (OAI21_X1)                              0.0725     1.5420 r
  DP_i/U1658/ZN (OAI21_X1)                              0.0452     1.5871 f
  DP_i/U2236/CO (FA_X1)                                 0.1005     1.6876 f
  DP_i/U3296/ZN (NAND2_X1)                              0.0410     1.7286 r
  DP_i/U3297/ZN (XNOR2_X1)                              0.0641     1.7927 r
  DP_i/U3298/ZN (XNOR2_X1)                              0.0510     1.8437 f
  DP_i/U3320/ZN (AOI222_X1)                             0.1664     2.0101 r
  DP_i/U4291/ZN (OAI221_X1)                             0.0633     2.0734 f
  DP_i/U4292/ZN (NOR4_X1)                               0.0961     2.1694 r
  DP_i/U98/ZN (AND2_X1)                                 0.0476     2.2171 r
  DP_i/U365/ZN (AND4_X1)                                0.0597     2.2768 r
  DP_i/U4307/ZN (OAI221_X1)                             0.0466     2.3233 f
  DP_i/U4308/ZN (NOR4_X1)                               0.0994     2.4227 r
  DP_i/U4309/ZN (OAI221_X1)                             0.0560     2.4787 f
  DP_i/U4314/ZN (OAI211_X1)                             0.0563     2.5350 r
  DP_i/U4315/ZN (AOI21_X2)                              0.0577     2.5927 f
  DP_i/U7464/ZN (NOR3_X4)                               0.2383     2.8309 r
  DP_i/U3067/ZN (AOI22_X1)                              0.0620     2.8930 f
  DP_i/U3068/ZN (OAI211_X1)                             0.0506     2.9436 r
  DP_i/fetch_i_pc_i_Y_reg_5_/D (DFF_X1)                 0.0110     2.9546 r
  data arrival time                                                2.9546

  clock CLK (rise edge)                                 3.0000     3.0000
  clock network delay (ideal)                           0.0500     3.0500
  clock uncertainty                                    -0.0500     3.0000
  DP_i/fetch_i_pc_i_Y_reg_5_/CK (DFF_X1)                0.0000     3.0000 r
  library setup time                                   -0.0314     2.9686
  data required time                                               2.9686
  --------------------------------------------------------------------------
  data required time                                               2.9686
  data arrival time                                               -2.9546
  --------------------------------------------------------------------------
  slack (MET)                                                      0.0140


  Startpoint: DP_i/fetch_i_IR_out_reg_30_
              (rising edge-triggered flip-flop clocked by CLK)
  Endpoint: DP_i/fetch_i_pc_i_Y_reg_7_
            (rising edge-triggered flip-flop clocked by CLK)
  Path Group: REG2REG
  Path Type: max

  Des/Clust/Port     Wire Load Model       Library
  ------------------------------------------------
  DLX                5K_hvratio_1_4        NangateOpenCellLibrary

  Point                                                   Incr       Path
  --------------------------------------------------------------------------
  clock CLK (rise edge)                                 0.0000     0.0000
  clock network delay (ideal)                           0.0500     0.0500
  DP_i/fetch_i_IR_out_reg_30_/CK (DFF_X1)               0.0000     0.0500 r
  DP_i/fetch_i_IR_out_reg_30_/Q (DFF_X1)                0.1162     0.1662 f
  DP_i/opcode[4] (DataPath)                             0.0000     0.1662 f
  U810/ZN (INV_X1)                                      0.0771     0.2433 r
  U852/ZN (NAND3_X1)                                    0.0515     0.2949 f
  U808/ZN (NOR2_X1)                                     0.0747     0.3695 r
  DP_i/RF2 (DataPath)                                   0.0000     0.3695 r
  DP_i/U1456/ZN (INV_X1)                                0.0395     0.4090 f
  DP_i/U448/Z (BUF_X1)                                  0.0564     0.4654 f
  DP_i/U1543/ZN (AOI21_X1)                              0.0664     0.5318 r
  DP_i/U1544/ZN (AOI21_X1)                              0.0394     0.5712 f
  DP_i/U1545/ZN (XNOR2_X1)                              0.0687     0.6399 f
  DP_i/U562/ZN (NOR2_X1)                                0.0826     0.7225 r
  DP_i/U1558/ZN (OAI22_X1)                              0.0480     0.7705 f
  DP_i/U1560/ZN (OAI21_X1)                              0.0844     0.8549 r
  DP_i/U1561/ZN (INV_X1)                                0.0368     0.8916 f
  DP_i/U1571/ZN (OAI21_X1)                              0.0507     0.9423 r
  DP_i/U1945/CO (FA_X1)                                 0.0780     1.0203 r
  DP_i/U432/ZN (INV_X1)                                 0.0356     1.0559 f
  DP_i/U1587/ZN (OAI211_X1)                             0.0594     1.1153 r
  DP_i/U1588/ZN (NAND2_X1)                              0.0396     1.1549 f
  DP_i/U1589/ZN (OAI21_X1)                              0.0436     1.1985 r
  DP_i/U1590/ZN (NAND2_X1)                              0.0438     1.2422 f
  DP_i/U1642/ZN (NOR2_X1)                               0.0580     1.3002 r
  DP_i/U1644/Z (XOR2_X1)                                0.0731     1.3733 r
  DP_i/U1647/ZN (AOI21_X1)                              0.0343     1.4076 f
  DP_i/U1650/ZN (XNOR2_X1)                              0.0619     1.4695 f
  DP_i/U1651/ZN (OAI21_X1)                              0.0725     1.5420 r
  DP_i/U1658/ZN (OAI21_X1)                              0.0452     1.5871 f
  DP_i/U2236/CO (FA_X1)                                 0.1005     1.6876 f
  DP_i/U3296/ZN (NAND2_X1)                              0.0410     1.7286 r
  DP_i/U3297/ZN (XNOR2_X1)                              0.0641     1.7927 r
  DP_i/U3298/ZN (XNOR2_X1)                              0.0510     1.8437 f
  DP_i/U3320/ZN (AOI222_X1)                             0.1664     2.0101 r
  DP_i/U4291/ZN (OAI221_X1)                             0.0633     2.0734 f
  DP_i/U4292/ZN (NOR4_X1)                               0.0961     2.1694 r
  DP_i/U98/ZN (AND2_X1)                                 0.0476     2.2171 r
  DP_i/U365/ZN (AND4_X1)                                0.0597     2.2768 r
  DP_i/U4307/ZN (OAI221_X1)                             0.0466     2.3233 f
  DP_i/U4308/ZN (NOR4_X1)                               0.0994     2.4227 r
  DP_i/U4309/ZN (OAI221_X1)                             0.0560     2.4787 f
  DP_i/U4314/ZN (OAI211_X1)                             0.0563     2.5350 r
  DP_i/U4315/ZN (AOI21_X2)                              0.0577     2.5927 f
  DP_i/U7464/ZN (NOR3_X4)                               0.2383     2.8309 r
  DP_i/U3057/ZN (AOI22_X1)                              0.0620     2.8930 f
  DP_i/U3058/ZN (OAI211_X1)                             0.0506     2.9436 r
  DP_i/fetch_i_pc_i_Y_reg_7_/D (DFF_X1)                 0.0110     2.9546 r
  data arrival time                                                2.9546

  clock CLK (rise edge)                                 3.0000     3.0000
  clock network delay (ideal)                           0.0500     3.0500
  clock uncertainty                                    -0.0500     3.0000
  DP_i/fetch_i_pc_i_Y_reg_7_/CK (DFF_X1)                0.0000     3.0000 r
  library setup time                                   -0.0314     2.9686
  data required time                                               2.9686
  --------------------------------------------------------------------------
  data required time                                               2.9686
  data arrival time                                               -2.9546
  --------------------------------------------------------------------------
  slack (MET)                                                      0.0140


  Startpoint: DP_i/fetch_i_IR_out_reg_30_
              (rising edge-triggered flip-flop clocked by CLK)
  Endpoint: DP_i/fetch_i_pc_i_Y_reg_6_
            (rising edge-triggered flip-flop clocked by CLK)
  Path Group: REG2REG
  Path Type: max

  Des/Clust/Port     Wire Load Model       Library
  ------------------------------------------------
  DLX                5K_hvratio_1_4        NangateOpenCellLibrary

  Point                                                   Incr       Path
  --------------------------------------------------------------------------
  clock CLK (rise edge)                                 0.0000     0.0000
  clock network delay (ideal)                           0.0500     0.0500
  DP_i/fetch_i_IR_out_reg_30_/CK (DFF_X1)               0.0000     0.0500 r
  DP_i/fetch_i_IR_out_reg_30_/Q (DFF_X1)                0.1162     0.1662 f
  DP_i/opcode[4] (DataPath)                             0.0000     0.1662 f
  U810/ZN (INV_X1)                                      0.0771     0.2433 r
  U852/ZN (NAND3_X1)                                    0.0515     0.2949 f
  U808/ZN (NOR2_X1)                                     0.0747     0.3695 r
  DP_i/RF2 (DataPath)                                   0.0000     0.3695 r
  DP_i/U1456/ZN (INV_X1)                                0.0395     0.4090 f
  DP_i/U448/Z (BUF_X1)                                  0.0564     0.4654 f
  DP_i/U1543/ZN (AOI21_X1)                              0.0664     0.5318 r
  DP_i/U1544/ZN (AOI21_X1)                              0.0394     0.5712 f
  DP_i/U1545/ZN (XNOR2_X1)                              0.0687     0.6399 f
  DP_i/U562/ZN (NOR2_X1)                                0.0826     0.7225 r
  DP_i/U1558/ZN (OAI22_X1)                              0.0480     0.7705 f
  DP_i/U1560/ZN (OAI21_X1)                              0.0844     0.8549 r
  DP_i/U1561/ZN (INV_X1)                                0.0368     0.8916 f
  DP_i/U1571/ZN (OAI21_X1)                              0.0507     0.9423 r
  DP_i/U1945/CO (FA_X1)                                 0.0780     1.0203 r
  DP_i/U432/ZN (INV_X1)                                 0.0356     1.0559 f
  DP_i/U1587/ZN (OAI211_X1)                             0.0594     1.1153 r
  DP_i/U1588/ZN (NAND2_X1)                              0.0396     1.1549 f
  DP_i/U1589/ZN (OAI21_X1)                              0.0436     1.1985 r
  DP_i/U1590/ZN (NAND2_X1)                              0.0438     1.2422 f
  DP_i/U1642/ZN (NOR2_X1)                               0.0580     1.3002 r
  DP_i/U1644/Z (XOR2_X1)                                0.0731     1.3733 r
  DP_i/U1647/ZN (AOI21_X1)                              0.0343     1.4076 f
  DP_i/U1650/ZN (XNOR2_X1)                              0.0619     1.4695 f
  DP_i/U1651/ZN (OAI21_X1)                              0.0725     1.5420 r
  DP_i/U1658/ZN (OAI21_X1)                              0.0452     1.5871 f
  DP_i/U2236/CO (FA_X1)                                 0.1005     1.6876 f
  DP_i/U3296/ZN (NAND2_X1)                              0.0410     1.7286 r
  DP_i/U3297/ZN (XNOR2_X1)                              0.0641     1.7927 r
  DP_i/U3298/ZN (XNOR2_X1)                              0.0510     1.8437 f
  DP_i/U3320/ZN (AOI222_X1)                             0.1664     2.0101 r
  DP_i/U4291/ZN (OAI221_X1)                             0.0633     2.0734 f
  DP_i/U4292/ZN (NOR4_X1)                               0.0961     2.1694 r
  DP_i/U98/ZN (AND2_X1)                                 0.0476     2.2171 r
  DP_i/U365/ZN (AND4_X1)                                0.0597     2.2768 r
  DP_i/U4307/ZN (OAI221_X1)                             0.0466     2.3233 f
  DP_i/U4308/ZN (NOR4_X1)                               0.0994     2.4227 r
  DP_i/U4309/ZN (OAI221_X1)                             0.0560     2.4787 f
  DP_i/U4314/ZN (OAI211_X1)                             0.0563     2.5350 r
  DP_i/U4315/ZN (AOI21_X2)                              0.0577     2.5927 f
  DP_i/U7464/ZN (NOR3_X4)                               0.2383     2.8309 r
  DP_i/U3062/ZN (AOI22_X1)                              0.0620     2.8930 f
  DP_i/U3063/ZN (OAI211_X1)                             0.0506     2.9436 r
  DP_i/fetch_i_pc_i_Y_reg_6_/D (DFF_X1)                 0.0110     2.9546 r
  data arrival time                                                2.9546

  clock CLK (rise edge)                                 3.0000     3.0000
  clock network delay (ideal)                           0.0500     3.0500
  clock uncertainty                                    -0.0500     3.0000
  DP_i/fetch_i_pc_i_Y_reg_6_/CK (DFF_X1)                0.0000     3.0000 r
  library setup time                                   -0.0314     2.9686
  data required time                                               2.9686
  --------------------------------------------------------------------------
  data required time                                               2.9686
  data arrival time                                               -2.9546
  --------------------------------------------------------------------------
  slack (MET)                                                      0.0140


1
