 
****************************************
Report : qor
Design : DLX
Version: W-2024.09-SP2
Date   : Sun Sep 27 03:48:20 2026
****************************************


  Timing Path Group 'REG2REG'
  -----------------------------------
  Levels of Logic:              50.00
  Critical Path Length:          2.92
  Critical Path Slack:           0.00
  Critical Path Clk Period:      3.00
  Total Negative Slack:          0.00
  No. of Violating Paths:        0.00
  Worst Hold Violation:          0.00
  Total Hold Violation:          0.00
  No. of Hold Violations:        0.00
  -----------------------------------

  Timing Path Group 'CLK'
  -----------------------------------
  Levels of Logic:              48.00
  Critical Path Length:          2.78
  Critical Path Slack:           0.11
  Critical Path Clk Period:      3.00
  Total Negative Slack:          0.00
  No. of Violating Paths:        0.00
  Worst Hold Violation:          0.00
  Total Hold Violation:          0.00
  No. of Hold Violations:        0.00
  -----------------------------------

  Timing Path Group 'INPUTS'
  -----------------------------------
  Levels of Logic:               6.00
  Critical Path Length:          0.83
  Critical Path Slack:           1.79
  Critical Path Clk Period:      3.00
  Total Negative Slack:          0.00
  No. of Violating Paths:        0.00
  Worst Hold Violation:          0.00
  Total Hold Violation:          0.00
  No. of Hold Violations:        0.00
  -----------------------------------

  Timing Path Group 'OUTPUTS'
  -----------------------------------
  Levels of Logic:              28.00
  Critical Path Length:          1.79
  Critical Path Slack:           0.86
  Critical Path Clk Period:      3.00
  Total Negative Slack:          0.00
  No. of Violating Paths:        0.00
  Worst Hold Violation:          0.00
  Total Hold Violation:          0.00
  No. of Hold Violations:        0.00
  -----------------------------------


  Cell Count
  -----------------------------------
  Hierarchical Cell Count:         77
  Hierarchical Port Count:        807
  Leaf Cell Count:              11505
  Buf/Inv Cell Count:            1075
  Buf Cell Count:                 174
  Inv Cell Count:                 901
  CT Buf/Inv Cell Count:            0
  Combinational Cell Count:      8596
  Sequential Cell Count:         2909
  Macro Count:                      0
  -----------------------------------


  Area
  -----------------------------------
  Combinational Area:    10209.878111
  Noncombinational Area: 13185.353537
  Buf/Inv Area:            630.952001
  Total Buffer Area:           144.70
  Total Inverter Area:         486.25
  Macro/Black Box Area:      0.000000
  Net Area:                  0.000000
  -----------------------------------
  Cell Area:             23395.231648
  Design Area:           23395.231648


  Design Rules
  -----------------------------------
  Total Number of Nets:         11731
  Nets With Violations:            16
  Max Trans Violations:             6
  Max Cap Violations:              16
  -----------------------------------


  Hostname: microsys.openstack.polito

  Compile CPU Statistics
  -----------------------------------------
  Resource Sharing:                    0.01
  Logic Optimization:                  0.52
  Mapping Optimization:                5.39
  -----------------------------------------
  Overall Compile Time:               14.59
  Overall Compile Wall Clock Time:    15.04

  --------------------------------------------------------------------

  Design  WNS: 0.00  TNS: 0.00  Number of Violating Paths: 0


  Design (Hold)  WNS: 0.00  TNS: 0.00  Number of Violating Paths: 0

  --------------------------------------------------------------------


1
