 
****************************************
Report : qor
Design : DLX
Version: W-2024.09-SP2
Date   : Sun Sep 27 03:41:39 2026
****************************************


  Timing Path Group 'REG2REG'
  -----------------------------------
  Levels of Logic:              30.00
  Critical Path Length:          1.82
  Critical Path Slack:           0.00
  Critical Path Clk Period:      1.90
  Total Negative Slack:          0.00
  No. of Violating Paths:        0.00
  Worst Hold Violation:          0.00
  Total Hold Violation:          0.00
  No. of Hold Violations:        0.00
  -----------------------------------

  Timing Path Group 'CLK'
  -----------------------------------
  Levels of Logic:              26.00
  Critical Path Length:          1.62
  Critical Path Slack:           0.17
  Critical Path Clk Period:      1.90
  Total Negative Slack:          0.00
  No. of Violating Paths:        0.00
  Worst Hold Violation:          0.00
  Total Hold Violation:          0.00
  No. of Hold Violations:        0.00
  -----------------------------------

  Timing Path Group 'INPUTS'
  -----------------------------------
  Levels of Logic:               8.00
  Critical Path Length:          0.89
  Critical Path Slack:           0.74
  Critical Path Clk Period:      1.90
  Total Negative Slack:          0.00
  No. of Violating Paths:        0.00
  Worst Hold Violation:          0.00
  Total Hold Violation:          0.00
  No. of Hold Violations:        0.00
  -----------------------------------

  Timing Path Group 'OUTPUTS'
  -----------------------------------
  Levels of Logic:              22.00
  Critical Path Length:          1.37
  Critical Path Slack:           0.29
  Critical Path Clk Period:      1.90
  Total Negative Slack:          0.00
  No. of Violating Paths:        0.00
  Worst Hold Violation:          0.00
  Total Hold Violation:          0.00
  No. of Hold Violations:        0.00
  -----------------------------------


  Cell Count
  -----------------------------------
  Hierarchical Cell Count:         76
  Hierarchical Port Count:        542
  Leaf Cell Count:              13854
  Buf/Inv Cell Count:            1442
  Buf Cell Count:                 181
  Inv Cell Count:                1261
  CT Buf/Inv Cell Count:            0
  Combinational Cell Count:     10945
  Sequential Cell Count:         2909
  Macro Count:                      0
  -----------------------------------


  Area
  -----------------------------------
  Combinational Area:    12150.614062
  Noncombinational Area: 13184.289536
  Buf/Inv Area:            838.964003
  Total Buffer Area:           156.67
  Total Inverter Area:         682.29
  Macro/Black Box Area:      0.000000
  Net Area:                  0.000000
  -----------------------------------
  Cell Area:             25334.903598
  Design Area:           25334.903598


  Design Rules
  -----------------------------------
  Total Number of Nets:         14128
  Nets With Violations:             9
  Max Trans Violations:             1
  Max Cap Violations:               9
  -----------------------------------


  Hostname: microsys.openstack.polito

  Compile CPU Statistics
  -----------------------------------------
  Resource Sharing:                    0.01
  Logic Optimization:                  0.47
  Mapping Optimization:                4.03
  -----------------------------------------
  Overall Compile Time:               13.07
  Overall Compile Wall Clock Time:    13.48

  --------------------------------------------------------------------

  Design  WNS: 0.00  TNS: 0.00  Number of Violating Paths: 0


  Design (Hold)  WNS: 0.00  TNS: 0.00  Number of Violating Paths: 0

  --------------------------------------------------------------------


1
