 
****************************************
Report : qor
Design : DLX
Version: W-2024.09-SP2
Date   : Sun Sep 27 03:16:06 2026
****************************************


  Timing Path Group 'REG2REG'
  -----------------------------------
  Levels of Logic:              27.00
  Critical Path Length:          1.42
  Critical Path Slack:          -0.30
  Critical Path Clk Period:      1.20
  Total Negative Slack:        -67.37
  No. of Violating Paths:      372.00
  Worst Hold Violation:          0.00
  Total Hold Violation:          0.00
  No. of Hold Violations:        0.00
  -----------------------------------

  Timing Path Group 'CLK'
  -----------------------------------
  Levels of Logic:              24.00
  Critical Path Length:          1.17
  Critical Path Slack:          -0.08
  Critical Path Clk Period:      1.20
  Total Negative Slack:         -0.41
  No. of Violating Paths:        5.00
  Worst Hold Violation:          0.00
  Total Hold Violation:          0.00
  No. of Hold Violations:        0.00
  -----------------------------------

  Timing Path Group 'INPUTS'
  -----------------------------------
  Levels of Logic:               9.00
  Critical Path Length:          0.73
  Critical Path Slack:           0.28
  Critical Path Clk Period:      1.20
  Total Negative Slack:          0.00
  No. of Violating Paths:        0.00
  Worst Hold Violation:          0.00
  Total Hold Violation:          0.00
  No. of Hold Violations:        0.00
  -----------------------------------

  Timing Path Group 'OUTPUTS'
  -----------------------------------
  Levels of Logic:              15.00
  Critical Path Length:          1.00
  Critical Path Slack:           0.03
  Critical Path Clk Period:      1.20
  Total Negative Slack:          0.00
  No. of Violating Paths:        0.00
  Worst Hold Violation:          0.00
  Total Hold Violation:          0.00
  No. of Hold Violations:        0.00
  -----------------------------------


  Cell Count
  -----------------------------------
  Hierarchical Cell Count:         75
  Hierarchical Port Count:        414
  Leaf Cell Count:              15224
  Buf/Inv Cell Count:            1733
  Buf Cell Count:                 380
  Inv Cell Count:                1353
  CT Buf/Inv Cell Count:            0
  Combinational Cell Count:     12315
  Sequential Cell Count:         2909
  Macro Count:                      0
  -----------------------------------


  Area
  -----------------------------------
  Combinational Area:    13606.432024
  Noncombinational Area: 13200.249538
  Buf/Inv Area:           1106.826003
  Total Buffer Area:           377.99
  Total Inverter Area:         728.84
  Macro/Black Box Area:      0.000000
  Net Area:                  0.000000
  -----------------------------------
  Cell Area:             26806.681562
  Design Area:           26806.681562


  Design Rules
  -----------------------------------
  Total Number of Nets:         15561
  Nets With Violations:             2
  Max Trans Violations:             0
  Max Cap Violations:               2
  -----------------------------------


  Hostname: microsys.openstack.polito

  Compile CPU Statistics
  -----------------------------------------
  Resource Sharing:                    0.01
  Logic Optimization:                  0.58
  Mapping Optimization:               25.84
  -----------------------------------------
  Overall Compile Time:               44.66
  Overall Compile Wall Clock Time:    45.33

  --------------------------------------------------------------------

  Design  WNS: 0.30  TNS: 67.78  Number of Violating Paths: 377


  Design (Hold)  WNS: 0.00  TNS: 0.00  Number of Violating Paths: 0

  --------------------------------------------------------------------


1
