 
****************************************
Report : qor
Design : DLX
Version: W-2024.09-SP2
Date   : Sun Sep 27 03:20:32 2026
****************************************


  Timing Path Group 'REG2REG'
  -----------------------------------
  Levels of Logic:              31.00
  Critical Path Length:          1.56
  Critical Path Slack:          -0.33
  Critical Path Clk Period:      1.30
  Total Negative Slack:        -72.48
  No. of Violating Paths:      357.00
  Worst Hold Violation:          0.00
  Total Hold Violation:          0.00
  No. of Hold Violations:        0.00
  -----------------------------------

  Timing Path Group 'CLK'
  -----------------------------------
  Levels of Logic:              21.00
  Critical Path Length:          1.25
  Critical Path Slack:          -0.06
  Critical Path Clk Period:      1.30
  Total Negative Slack:         -0.06
  No. of Violating Paths:        1.00
  Worst Hold Violation:          0.00
  Total Hold Violation:          0.00
  No. of Hold Violations:        0.00
  -----------------------------------

  Timing Path Group 'INPUTS'
  -----------------------------------
  Levels of Logic:              12.00
  Critical Path Length:          0.86
  Critical Path Slack:           0.24
  Critical Path Clk Period:      1.30
  Total Negative Slack:          0.00
  No. of Violating Paths:        0.00
  Worst Hold Violation:          0.00
  Total Hold Violation:          0.00
  No. of Hold Violations:        0.00
  -----------------------------------

  Timing Path Group 'OUTPUTS'
  -----------------------------------
  Levels of Logic:              20.00
  Critical Path Length:          1.08
  Critical Path Slack:           0.04
  Critical Path Clk Period:      1.30
  Total Negative Slack:          0.00
  No. of Violating Paths:        0.00
  Worst Hold Violation:          0.00
  Total Hold Violation:          0.00
  No. of Hold Violations:        0.00
  -----------------------------------


  Cell Count
  -----------------------------------
  Hierarchical Cell Count:         75
  Hierarchical Port Count:        414
  Leaf Cell Count:              15146
  Buf/Inv Cell Count:            1658
  Buf Cell Count:                 342
  Inv Cell Count:                1316
  CT Buf/Inv Cell Count:            0
  Combinational Cell Count:     12237
  Sequential Cell Count:         2909
  Macro Count:                      0
  -----------------------------------


  Area
  -----------------------------------
  Combinational Area:    13574.246021
  Noncombinational Area: 13188.013537
  Buf/Inv Area:           1059.478003
  Total Buffer Area:           345.53
  Total Inverter Area:         713.94
  Macro/Black Box Area:      0.000000
  Net Area:                  0.000000
  -----------------------------------
  Cell Area:             26762.259558
  Design Area:           26762.259558


  Design Rules
  -----------------------------------
  Total Number of Nets:         15438
  Nets With Violations:             2
  Max Trans Violations:             0
  Max Cap Violations:               2
  -----------------------------------


  Hostname: microsys.openstack.polito

  Compile CPU Statistics
  -----------------------------------------
  Resource Sharing:                    0.01
  Logic Optimization:                  0.65
  Mapping Optimization:               26.57
  -----------------------------------------
  Overall Compile Time:               45.06
  Overall Compile Wall Clock Time:    45.90

  --------------------------------------------------------------------

  Design  WNS: 0.33  TNS: 72.55  Number of Violating Paths: 358


  Design (Hold)  WNS: 0.00  TNS: 0.00  Number of Violating Paths: 0

  --------------------------------------------------------------------


1
