 
****************************************
Report : qor
Design : DLX
Version: W-2024.09-SP2
Date   : Sun Sep 27 03:28:32 2026
****************************************


  Timing Path Group 'REG2REG'
  -----------------------------------
  Levels of Logic:              29.00
  Critical Path Length:          1.51
  Critical Path Slack:          -0.09
  Critical Path Clk Period:      1.50
  Total Negative Slack:         -9.14
  No. of Violating Paths:      214.00
  Worst Hold Violation:          0.00
  Total Hold Violation:          0.00
  No. of Hold Violations:        0.00
  -----------------------------------

  Timing Path Group 'CLK'
  -----------------------------------
  Levels of Logic:              16.00
  Critical Path Length:          1.35
  Critical Path Slack:           0.04
  Critical Path Clk Period:      1.50
  Total Negative Slack:          0.00
  No. of Violating Paths:        0.00
  Worst Hold Violation:          0.00
  Total Hold Violation:          0.00
  No. of Hold Violations:        0.00
  -----------------------------------

  Timing Path Group 'INPUTS'
  -----------------------------------
  Levels of Logic:              11.00
  Critical Path Length:          0.91
  Critical Path Slack:           0.36
  Critical Path Clk Period:      1.50
  Total Negative Slack:          0.00
  No. of Violating Paths:        0.00
  Worst Hold Violation:          0.00
  Total Hold Violation:          0.00
  No. of Hold Violations:        0.00
  -----------------------------------

  Timing Path Group 'OUTPUTS'
  -----------------------------------
  Levels of Logic:              20.00
  Critical Path Length:          1.16
  Critical Path Slack:           0.14
  Critical Path Clk Period:      1.50
  Total Negative Slack:          0.00
  No. of Violating Paths:        0.00
  Worst Hold Violation:          0.00
  Total Hold Violation:          0.00
  No. of Hold Violations:        0.00
  -----------------------------------


  Cell Count
  -----------------------------------
  Hierarchical Cell Count:         75
  Hierarchical Port Count:        414
  Leaf Cell Count:              14665
  Buf/Inv Cell Count:            1493
  Buf Cell Count:                 337
  Inv Cell Count:                1156
  CT Buf/Inv Cell Count:            0
  Combinational Cell Count:     11756
  Sequential Cell Count:         2909
  Macro Count:                      0
  -----------------------------------


  Area
  -----------------------------------
  Combinational Area:    13137.740039
  Noncombinational Area: 13194.397538
  Buf/Inv Area:            960.526002
  Total Buffer Area:           330.90
  Total Inverter Area:         629.62
  Macro/Black Box Area:      0.000000
  Net Area:                  0.000000
  -----------------------------------
  Cell Area:             26332.137577
  Design Area:           26332.137577


  Design Rules
  -----------------------------------
  Total Number of Nets:         14986
  Nets With Violations:             2
  Max Trans Violations:             0
  Max Cap Violations:               2
  -----------------------------------


  Hostname: microsys.openstack.polito

  Compile CPU Statistics
  -----------------------------------------
  Resource Sharing:                    0.01
  Logic Optimization:                  0.63
  Mapping Optimization:               18.68
  -----------------------------------------
  Overall Compile Time:               34.40
  Overall Compile Wall Clock Time:    34.93

  --------------------------------------------------------------------

  Design  WNS: 0.09  TNS: 9.14  Number of Violating Paths: 214


  Design (Hold)  WNS: 0.00  TNS: 0.00  Number of Violating Paths: 0

  --------------------------------------------------------------------


1
