 
****************************************
Report : qor
Design : DLX
Version: W-2024.09-SP2
Date   : Sun Sep 27 03:39:05 2026
****************************************


  Timing Path Group 'REG2REG'
  -----------------------------------
  Levels of Logic:              24.00
  Critical Path Length:          1.72
  Critical Path Slack:           0.00
  Critical Path Clk Period:      1.80
  Total Negative Slack:          0.00
  No. of Violating Paths:        0.00
  Worst Hold Violation:          0.00
  Total Hold Violation:          0.00
  No. of Hold Violations:        0.00
  -----------------------------------

  Timing Path Group 'CLK'
  -----------------------------------
  Levels of Logic:              23.00
  Critical Path Length:          1.49
  Critical Path Slack:           0.19
  Critical Path Clk Period:      1.80
  Total Negative Slack:          0.00
  No. of Violating Paths:        0.00
  Worst Hold Violation:          0.00
  Total Hold Violation:          0.00
  No. of Hold Violations:        0.00
  -----------------------------------

  Timing Path Group 'INPUTS'
  -----------------------------------
  Levels of Logic:               8.00
  Critical Path Length:          0.88
  Critical Path Slack:           0.66
  Critical Path Clk Period:      1.80
  Total Negative Slack:          0.00
  No. of Violating Paths:        0.00
  Worst Hold Violation:          0.00
  Total Hold Violation:          0.00
  No. of Hold Violations:        0.00
  -----------------------------------

  Timing Path Group 'OUTPUTS'
  -----------------------------------
  Levels of Logic:              22.00
  Critical Path Length:          1.38
  Critical Path Slack:           0.19
  Critical Path Clk Period:      1.80
  Total Negative Slack:          0.00
  No. of Violating Paths:        0.00
  Worst Hold Violation:          0.00
  Total Hold Violation:          0.00
  No. of Hold Violations:        0.00
  -----------------------------------


  Cell Count
  -----------------------------------
  Hierarchical Cell Count:         76
  Hierarchical Port Count:        542
  Leaf Cell Count:              13948
  Buf/Inv Cell Count:            1465
  Buf Cell Count:                 234
  Inv Cell Count:                1231
  CT Buf/Inv Cell Count:            0
  Combinational Cell Count:     11039
  Sequential Cell Count:         2909
  Macro Count:                      0
  -----------------------------------


  Area
  -----------------------------------
  Combinational Area:    12221.902057
  Noncombinational Area: 13183.757536
  Buf/Inv Area:            864.234001
  Total Buffer Area:           196.57
  Total Inverter Area:         667.66
  Macro/Black Box Area:      0.000000
  Net Area:                  0.000000
  -----------------------------------
  Cell Area:             25405.659593
  Design Area:           25405.659593


  Design Rules
  -----------------------------------
  Total Number of Nets:         14246
  Nets With Violations:             7
  Max Trans Violations:             1
  Max Cap Violations:               7
  -----------------------------------


  Hostname: microsys.openstack.polito

  Compile CPU Statistics
  -----------------------------------------
  Resource Sharing:                    0.01
  Logic Optimization:                  0.59
  Mapping Optimization:                8.12
  -----------------------------------------
  Overall Compile Time:               18.68
  Overall Compile Wall Clock Time:    19.10

  --------------------------------------------------------------------

  Design  WNS: 0.00  TNS: 0.00  Number of Violating Paths: 0


  Design (Hold)  WNS: 0.00  TNS: 0.00  Number of Violating Paths: 0

  --------------------------------------------------------------------


1
