 
****************************************
Report : timing
        -path full
        -delay max
        -nworst 2
        -group REG2REG
        -max_paths 10
Design : DLX
Version: W-2024.09-SP2
Date   : Tue Sep 29 11:58:17 2026
****************************************

Operating Conditions: typical   Library: NangateOpenCellLibrary
Wire Load Model Mode: top

  Startpoint: DP_i_decode_i_rs2_addr_i_Y_reg_0_
              (rising edge-triggered flip-flop clocked by CLK)
  Endpoint: DP_i_execute_i_boothmul_i_tree_i_register_i_3_Y_temp_reg_31_
            (rising edge-triggered flip-flop clocked by CLK)
  Path Group: REG2REG
  Path Type: max

  Des/Clust/Port     Wire Load Model       Library
  ------------------------------------------------
  DLX                5K_hvratio_1_4        NangateOpenCellLibrary

  Point                                                   Incr       Path
  --------------------------------------------------------------------------
  clock CLK (rise edge)                                 0.0000     0.0000
  clock network delay (ideal)                           0.0500     0.0500
  DP_i_decode_i_rs2_addr_i_Y_reg_0_/CK (DFF_X1)         0.0000     0.0500 r
  DP_i_decode_i_rs2_addr_i_Y_reg_0_/QN (DFF_X1)         0.0870     0.1370 r
  U3033/ZN (XNOR2_X1)                                   0.0634     0.2004 r
  U1341/ZN (AND2_X1)                                    0.0499     0.2503 r
  U2819/ZN (NAND4_X1)                                   0.0446     0.2949 f
  U4305/ZN (AND2_X2)                                    0.0548     0.3497 f
  U4316/ZN (INV_X1)                                     0.0448     0.3945 r
  U1069/ZN (INV_X1)                                     0.0368     0.4312 f
  U4317/ZN (NAND2_X1)                                   0.0372     0.4684 r
  U926/ZN (OAI211_X1)                                   0.0467     0.5151 f
  U925/Z (MUX2_X1)                                      0.0718     0.5869 f
  U4465/ZN (NAND2_X1)                                   0.0332     0.6201 r
  U3647/ZN (AND2_X1)                                    0.0538     0.6740 r
  U3704/ZN (INV_X1)                                     0.0299     0.7039 f
  U3162/ZN (AND2_X2)                                    0.0506     0.7545 f
  U4469/ZN (AOI22_X1)                                   0.0882     0.8427 r
  U4478/ZN (XNOR2_X1)                                   0.0719     0.9146 r
  U4490/ZN (XNOR2_X1)                                   0.0668     0.9813 r
  U7606/ZN (XNOR2_X1)                                   0.0503     1.0316 f
  U1318/ZN (NAND2_X1)                                   0.0382     1.0698 r
  U1320/ZN (NAND3_X1)                                   0.0420     1.1118 f
  U7638/S (FA_X1)                                       0.1458     1.2576 r
  U7647/ZN (XNOR2_X1)                                   0.0600     1.3176 r
  U7648/ZN (XNOR2_X1)                                   0.0598     1.3774 r
  U10736/ZN (AND2_X1)                                   0.0420     1.4194 r
  DP_i_execute_i_boothmul_i_tree_i_register_i_3_Y_temp_reg_31_/D (DFF_X2)
                                                        0.0109     1.4303 r
  data arrival time                                                1.4303

  clock CLK (rise edge)                                 1.0500     1.0500
  clock network delay (ideal)                           0.0500     1.1000
  clock uncertainty                                    -0.0500     1.0500
  DP_i_execute_i_boothmul_i_tree_i_register_i_3_Y_temp_reg_31_/CK (DFF_X2)
                                                        0.0000     1.0500 r
  library setup time                                   -0.0262     1.0238
  data required time                                               1.0238
  --------------------------------------------------------------------------
  data required time                                               1.0238
  data arrival time                                               -1.4303
  --------------------------------------------------------------------------
  slack (VIOLATED)                                                -0.4065


  Startpoint: DP_i_decode_i_rs2_addr_i_Y_reg_0_
              (rising edge-triggered flip-flop clocked by CLK)
  Endpoint: DP_i_execute_i_boothmul_i_tree_i_register_i_3_Y_temp_reg_31_
            (rising edge-triggered flip-flop clocked by CLK)
  Path Group: REG2REG
  Path Type: max

  Des/Clust/Port     Wire Load Model       Library
  ------------------------------------------------
  DLX                5K_hvratio_1_4        NangateOpenCellLibrary

  Point                                                   Incr       Path
  --------------------------------------------------------------------------
  clock CLK (rise edge)                                 0.0000     0.0000
  clock network delay (ideal)                           0.0500     0.0500
  DP_i_decode_i_rs2_addr_i_Y_reg_0_/CK (DFF_X1)         0.0000     0.0500 r
  DP_i_decode_i_rs2_addr_i_Y_reg_0_/QN (DFF_X1)         0.0870     0.1370 r
  U3033/ZN (XNOR2_X1)                                   0.0634     0.2004 r
  U1341/ZN (AND2_X1)                                    0.0499     0.2503 r
  U2819/ZN (NAND4_X1)                                   0.0446     0.2949 f
  U4305/ZN (AND2_X2)                                    0.0548     0.3497 f
  U4316/ZN (INV_X1)                                     0.0448     0.3945 r
  U1069/ZN (INV_X1)                                     0.0368     0.4312 f
  U4317/ZN (NAND2_X1)                                   0.0372     0.4684 r
  U926/ZN (OAI211_X1)                                   0.0467     0.5151 f
  U925/Z (MUX2_X1)                                      0.0718     0.5869 f
  U4465/ZN (NAND2_X1)                                   0.0332     0.6201 r
  U3647/ZN (AND2_X1)                                    0.0538     0.6740 r
  U3704/ZN (INV_X1)                                     0.0299     0.7039 f
  U3162/ZN (AND2_X2)                                    0.0506     0.7545 f
  U4469/ZN (AOI22_X1)                                   0.0882     0.8427 r
  U4478/ZN (XNOR2_X1)                                   0.0719     0.9146 r
  U4490/ZN (XNOR2_X1)                                   0.0668     0.9813 r
  U7606/ZN (XNOR2_X1)                                   0.0503     1.0316 f
  U1318/ZN (NAND2_X1)                                   0.0382     1.0698 r
  U1320/ZN (NAND3_X1)                                   0.0420     1.1118 f
  U7638/S (FA_X1)                                       0.1458     1.2576 r
  U7647/ZN (XNOR2_X1)                                   0.0600     1.3176 r
  U7648/ZN (XNOR2_X1)                                   0.0598     1.3774 r
  U10736/ZN (AND2_X1)                                   0.0420     1.4194 r
  DP_i_execute_i_boothmul_i_tree_i_register_i_3_Y_temp_reg_31_/D (DFF_X2)
                                                        0.0109     1.4303 r
  data arrival time                                                1.4303

  clock CLK (rise edge)                                 1.0500     1.0500
  clock network delay (ideal)                           0.0500     1.1000
  clock uncertainty                                    -0.0500     1.0500
  DP_i_execute_i_boothmul_i_tree_i_register_i_3_Y_temp_reg_31_/CK (DFF_X2)
                                                        0.0000     1.0500 r
  library setup time                                   -0.0262     1.0238
  data required time                                               1.0238
  --------------------------------------------------------------------------
  data required time                                               1.0238
  data arrival time                                               -1.4303
  --------------------------------------------------------------------------
  slack (VIOLATED)                                                -0.4065


  Startpoint: DP_i_mem_access_i_rd_out_reg_i_Y_reg_1_
              (rising edge-triggered flip-flop clocked by CLK)
  Endpoint: DP_i_execute_i_boothmul_i_tree_i_register_i_2_Y_temp_reg_31_
            (rising edge-triggered flip-flop clocked by CLK)
  Path Group: REG2REG
  Path Type: max

  Des/Clust/Port     Wire Load Model       Library
  ------------------------------------------------
  DLX                5K_hvratio_1_4        NangateOpenCellLibrary

  Point                                                   Incr       Path
  --------------------------------------------------------------------------
  clock CLK (rise edge)                                 0.0000     0.0000
  clock network delay (ideal)                           0.0500     0.0500
  DP_i_mem_access_i_rd_out_reg_i_Y_reg_1_/CK (DFF_X1)   0.0000     0.0500 r
  DP_i_mem_access_i_rd_out_reg_i_Y_reg_1_/QN (DFF_X1)   0.0870     0.1370 r
  U2780/ZN (XNOR2_X1)                                   0.0599     0.1969 r
  U2734/ZN (AND3_X1)                                    0.0564     0.2533 r
  U1388/ZN (AND4_X1)                                    0.0739     0.3272 r
  U1333/ZN (NOR2_X1)                                    0.0365     0.3637 f
  U836/Z (BUF_X1)                                       0.0489     0.4126 f
  U4553/ZN (AOI222_X1)                                  0.1222     0.5348 r
  U2716/Z (MUX2_X1)                                     0.0729     0.6077 r
  U4560/ZN (NOR2_X1)                                    0.0340     0.6416 f
  U3224/ZN (XNOR2_X1)                                   0.0683     0.7100 f
  U1224/Z (CLKBUF_X1)                                   0.0545     0.7645 f
  U1245/ZN (AND2_X1)                                    0.0433     0.8078 f
  U1246/ZN (NOR2_X1)                                    0.0670     0.8748 r
  U4657/S (FA_X1)                                       0.1390     1.0138 f
  U4669/S (FA_X1)                                       0.1686     1.1824 r
  U4671/ZN (XNOR2_X1)                                   0.0726     1.2550 r
  U8669/ZN (NAND2_X1)                                   0.0336     1.2886 f
  U3078/ZN (NAND2_X1)                                   0.0320     1.3206 r
  U3077/ZN (XNOR2_X1)                                   0.0561     1.3767 r
  U9562/ZN (AND2_X1)                                    0.0420     1.4188 r
  DP_i_execute_i_boothmul_i_tree_i_register_i_2_Y_temp_reg_31_/D (DFF_X2)
                                                        0.0109     1.4296 r
  data arrival time                                                1.4296

  clock CLK (rise edge)                                 1.0500     1.0500
  clock network delay (ideal)                           0.0500     1.1000
  clock uncertainty                                    -0.0500     1.0500
  DP_i_execute_i_boothmul_i_tree_i_register_i_2_Y_temp_reg_31_/CK (DFF_X2)
                                                        0.0000     1.0500 r
  library setup time                                   -0.0262     1.0238
  data required time                                               1.0238
  --------------------------------------------------------------------------
  data required time                                               1.0238
  data arrival time                                               -1.4296
  --------------------------------------------------------------------------
  slack (VIOLATED)                                                -0.4058


  Startpoint: DP_i_mem_access_i_rd_out_reg_i_Y_reg_1_
              (rising edge-triggered flip-flop clocked by CLK)
  Endpoint: DP_i_execute_i_boothmul_i_tree_i_register_i_2_Y_temp_reg_31_
            (rising edge-triggered flip-flop clocked by CLK)
  Path Group: REG2REG
  Path Type: max

  Des/Clust/Port     Wire Load Model       Library
  ------------------------------------------------
  DLX                5K_hvratio_1_4        NangateOpenCellLibrary

  Point                                                   Incr       Path
  --------------------------------------------------------------------------
  clock CLK (rise edge)                                 0.0000     0.0000
  clock network delay (ideal)                           0.0500     0.0500
  DP_i_mem_access_i_rd_out_reg_i_Y_reg_1_/CK (DFF_X1)   0.0000     0.0500 r
  DP_i_mem_access_i_rd_out_reg_i_Y_reg_1_/QN (DFF_X1)   0.0870     0.1370 r
  U2780/ZN (XNOR2_X1)                                   0.0599     0.1969 r
  U2734/ZN (AND3_X1)                                    0.0564     0.2533 r
  U1388/ZN (AND4_X1)                                    0.0739     0.3272 r
  U1333/ZN (NOR2_X1)                                    0.0365     0.3637 f
  U836/Z (BUF_X1)                                       0.0489     0.4126 f
  U4553/ZN (AOI222_X1)                                  0.1222     0.5348 r
  U2716/Z (MUX2_X1)                                     0.0729     0.6077 r
  U4560/ZN (NOR2_X1)                                    0.0340     0.6416 f
  U3224/ZN (XNOR2_X1)                                   0.0683     0.7100 f
  U1224/Z (CLKBUF_X1)                                   0.0545     0.7645 f
  U1245/ZN (AND2_X1)                                    0.0433     0.8078 f
  U1246/ZN (NOR2_X1)                                    0.0670     0.8748 r
  U4657/S (FA_X1)                                       0.1390     1.0138 f
  U4669/S (FA_X1)                                       0.1686     1.1824 r
  U4671/ZN (XNOR2_X1)                                   0.0726     1.2550 r
  U8669/ZN (NAND2_X1)                                   0.0336     1.2886 f
  U3078/ZN (NAND2_X1)                                   0.0320     1.3206 r
  U3077/ZN (XNOR2_X1)                                   0.0561     1.3767 r
  U9562/ZN (AND2_X1)                                    0.0420     1.4188 r
  DP_i_execute_i_boothmul_i_tree_i_register_i_2_Y_temp_reg_31_/D (DFF_X2)
                                                        0.0109     1.4296 r
  data arrival time                                                1.4296

  clock CLK (rise edge)                                 1.0500     1.0500
  clock network delay (ideal)                           0.0500     1.1000
  clock uncertainty                                    -0.0500     1.0500
  DP_i_execute_i_boothmul_i_tree_i_register_i_2_Y_temp_reg_31_/CK (DFF_X2)
                                                        0.0000     1.0500 r
  library setup time                                   -0.0262     1.0238
  data required time                                               1.0238
  --------------------------------------------------------------------------
  data required time                                               1.0238
  data arrival time                                               -1.4296
  --------------------------------------------------------------------------
  slack (VIOLATED)                                                -0.4058


  Startpoint: DP_i_mem_access_i_rd_out_reg_i_Y_reg_1_
              (rising edge-triggered flip-flop clocked by CLK)
  Endpoint: DP_i_execute_i_zero_alu_bit_Y_reg
            (rising edge-triggered flip-flop clocked by CLK)
  Path Group: REG2REG
  Path Type: max

  Des/Clust/Port     Wire Load Model       Library
  ------------------------------------------------
  DLX                5K_hvratio_1_4        NangateOpenCellLibrary

  Point                                                   Incr       Path
  --------------------------------------------------------------------------
  clock CLK (rise edge)                                 0.0000     0.0000
  clock network delay (ideal)                           0.0500     0.0500
  DP_i_mem_access_i_rd_out_reg_i_Y_reg_1_/CK (DFF_X1)   0.0000     0.0500 r
  DP_i_mem_access_i_rd_out_reg_i_Y_reg_1_/QN (DFF_X1)   0.0870     0.1370 r
  U2780/ZN (XNOR2_X1)                                   0.0599     0.1969 r
  U2734/ZN (AND3_X1)                                    0.0564     0.2533 r
  U1387/ZN (AND4_X2)                                    0.0686     0.3219 r
  U4305/ZN (AND2_X2)                                    0.0593     0.3812 r
  U4342/ZN (INV_X1)                                     0.0382     0.4194 f
  U3383/ZN (INV_X1)                                     0.0388     0.4582 r
  U4361/ZN (NAND2_X1)                                   0.0397     0.4979 f
  U3942/ZN (AND2_X1)                                    0.0454     0.5434 f
  U5657/ZN (NAND2_X1)                                   0.0310     0.5744 r
  U1351/ZN (AND3_X1)                                    0.0535     0.6279 r
  U5659/ZN (XNOR2_X1)                                   0.0366     0.6645 f
  U1412/ZN (OR4_X2)                                     0.1206     0.7851 f
  U5674/ZN (NAND4_X1)                                   0.0397     0.8247 r
  U2861/ZN (AND3_X1)                                    0.0603     0.8850 r
  U3035/ZN (OR3_X1)                                     0.0425     0.9276 r
  U3209/ZN (NAND2_X1)                                   0.0293     0.9569 f
  U6080/ZN (NOR2_X1)                                    0.0651     1.0220 r
  U3130/ZN (OR2_X1)                                     0.0542     1.0761 r
  U6467/ZN (OAI211_X1)                                  0.0410     1.1171 f
  U6468/ZN (XNOR2_X1)                                   0.0671     1.1842 r
  U2733/ZN (NOR2_X1)                                    0.0351     1.2193 f
  U3272/ZN (NOR4_X1)                                    0.0983     1.3176 r
  U9566/ZN (NAND4_X1)                                   0.0503     1.3679 f
  U10738/ZN (OAI21_X1)                                  0.0481     1.4160 r
  DP_i_execute_i_zero_alu_bit_Y_reg/D (DFF_X1)          0.0110     1.4270 r
  data arrival time                                                1.4270

  clock CLK (rise edge)                                 1.0500     1.0500
  clock network delay (ideal)                           0.0500     1.1000
  clock uncertainty                                    -0.0500     1.0500
  DP_i_execute_i_zero_alu_bit_Y_reg/CK (DFF_X1)         0.0000     1.0500 r
  library setup time                                   -0.0288     1.0212
  data required time                                               1.0212
  --------------------------------------------------------------------------
  data required time                                               1.0212
  data arrival time                                               -1.4270
  --------------------------------------------------------------------------
  slack (VIOLATED)                                                -0.4058


  Startpoint: DP_i_execute_i_rd_out_reg_i_Y_reg_1_
              (rising edge-triggered flip-flop clocked by CLK)
  Endpoint: DP_i_execute_i_zero_alu_bit_Y_reg
            (rising edge-triggered flip-flop clocked by CLK)
  Path Group: REG2REG
  Path Type: max

  Des/Clust/Port     Wire Load Model       Library
  ------------------------------------------------
  DLX                5K_hvratio_1_4        NangateOpenCellLibrary

  Point                                                   Incr       Path
  --------------------------------------------------------------------------
  clock CLK (rise edge)                                 0.0000     0.0000
  clock network delay (ideal)                           0.0500     0.0500
  DP_i_execute_i_rd_out_reg_i_Y_reg_1_/CK (DFF_X1)      0.0000     0.0500 r
  DP_i_execute_i_rd_out_reg_i_Y_reg_1_/Q (DFF_X1)       0.1071     0.1571 r
  U4290/ZN (XNOR2_X1)                                   0.0593     0.2164 r
  U4291/ZN (AND2_X1)                                    0.0470     0.2634 r
  U4292/ZN (NAND4_X1)                                   0.0524     0.3158 f
  U1150/ZN (AND2_X2)                                    0.0568     0.3725 f
  U4310/Z (BUF_X2)                                      0.0594     0.4319 f
  U4340/ZN (NAND2_X1)                                   0.0522     0.4841 r
  U1152/ZN (OAI211_X2)                                  0.0713     0.5554 f
  U5620/ZN (XNOR2_X1)                                   0.0898     0.6451 f
  U976/ZN (OAI21_X1)                                    0.0594     0.7045 r
  U3088/ZN (AND2_X1)                                    0.0489     0.7534 r
  U1160/ZN (NOR2_X1)                                    0.0289     0.7823 f
  U1167/ZN (OR2_X1)                                     0.0629     0.8452 f
  U3131/ZN (OR3_X1)                                     0.0925     0.9378 f
  U3753/ZN (NAND4_X1)                                   0.0367     0.9745 r
  U6407/ZN (NAND2_X1)                                   0.0368     1.0113 f
  U7152/ZN (NAND2_X1)                                   0.0320     1.0433 r
  U3798/ZN (AND2_X1)                                    0.0404     1.0837 r
  U3486/ZN (NOR3_X1)                                    0.0240     1.1077 f
  U7178/ZN (OR2_X1)                                     0.0658     1.1735 f
  U7568/ZN (OR2_X1)                                     0.0531     1.2266 f
  U3504/ZN (OR2_X1)                                     0.0588     1.2854 f
  U9523/ZN (NOR2_X1)                                    0.0377     1.3230 r
  U9566/ZN (NAND4_X1)                                   0.0448     1.3678 f
  U10738/ZN (OAI21_X1)                                  0.0481     1.4159 r
  DP_i_execute_i_zero_alu_bit_Y_reg/D (DFF_X1)          0.0110     1.4269 r
  data arrival time                                                1.4269

  clock CLK (rise edge)                                 1.0500     1.0500
  clock network delay (ideal)                           0.0500     1.1000
  clock uncertainty                                    -0.0500     1.0500
  DP_i_execute_i_zero_alu_bit_Y_reg/CK (DFF_X1)         0.0000     1.0500 r
  library setup time                                   -0.0288     1.0212
  data required time                                               1.0212
  --------------------------------------------------------------------------
  data required time                                               1.0212
  data arrival time                                               -1.4269
  --------------------------------------------------------------------------
  slack (VIOLATED)                                                -0.4057


  Startpoint: DP_i_mem_access_i_rd_out_reg_i_Y_reg_1_
              (rising edge-triggered flip-flop clocked by CLK)
  Endpoint: DP_i_execute_i_boothmul_i_tree_i_register_i_3_Y_temp_reg_26_
            (rising edge-triggered flip-flop clocked by CLK)
  Path Group: REG2REG
  Path Type: max

  Des/Clust/Port     Wire Load Model       Library
  ------------------------------------------------
  DLX                5K_hvratio_1_4        NangateOpenCellLibrary

  Point                                                   Incr       Path
  --------------------------------------------------------------------------
  clock CLK (rise edge)                                 0.0000     0.0000
  clock network delay (ideal)                           0.0500     0.0500
  DP_i_mem_access_i_rd_out_reg_i_Y_reg_1_/CK (DFF_X1)   0.0000     0.0500 r
  DP_i_mem_access_i_rd_out_reg_i_Y_reg_1_/QN (DFF_X1)   0.0870     0.1370 r
  U2780/ZN (XNOR2_X1)                                   0.0599     0.1969 r
  U2734/ZN (AND3_X1)                                    0.0564     0.2533 r
  U1388/ZN (AND4_X1)                                    0.0739     0.3272 r
  U4307/ZN (NOR2_X1)                                    0.0377     0.3649 f
  U4313/ZN (INV_X1)                                     0.0351     0.4000 r
  U4314/ZN (INV_X1)                                     0.0306     0.4306 f
  U4468/ZN (AOI222_X1)                                  0.1073     0.5379 r
  U3024/Z (MUX2_X1)                                     0.0643     0.6021 r
  U2979/Z (BUF_X1)                                      0.0561     0.6582 r
  U2877/Z (MUX2_X1)                                     0.1068     0.7650 f
  U8603/ZN (AOI22_X1)                                   0.0869     0.8519 r
  U932/S (FA_X1)                                        0.1358     0.9878 f
  U8604/ZN (XNOR2_X1)                                   0.0665     1.0543 f
  U8617/CO (FA_X1)                                      0.1087     1.1630 f
  U8620/ZN (XNOR2_X1)                                   0.0714     1.2344 r
  U1139/Z (XOR2_X1)                                     0.0787     1.3131 r
  U1137/ZN (XNOR2_X1)                                   0.0634     1.3764 r
  U10599/ZN (AND2_X1)                                   0.0420     1.4185 r
  DP_i_execute_i_boothmul_i_tree_i_register_i_3_Y_temp_reg_26_/D (DFF_X2)
                                                        0.0109     1.4293 r
  data arrival time                                                1.4293

  clock CLK (rise edge)                                 1.0500     1.0500
  clock network delay (ideal)                           0.0500     1.1000
  clock uncertainty                                    -0.0500     1.0500
  DP_i_execute_i_boothmul_i_tree_i_register_i_3_Y_temp_reg_26_/CK (DFF_X2)
                                                        0.0000     1.0500 r
  library setup time                                   -0.0262     1.0238
  data required time                                               1.0238
  --------------------------------------------------------------------------
  data required time                                               1.0238
  data arrival time                                               -1.4293
  --------------------------------------------------------------------------
  slack (VIOLATED)                                                -0.4055


  Startpoint: DP_i_mem_access_i_rd_out_reg_i_Y_reg_1_
              (rising edge-triggered flip-flop clocked by CLK)
  Endpoint: DP_i_execute_i_boothmul_i_tree_i_register_i_3_Y_temp_reg_26_
            (rising edge-triggered flip-flop clocked by CLK)
  Path Group: REG2REG
  Path Type: max

  Des/Clust/Port     Wire Load Model       Library
  ------------------------------------------------
  DLX                5K_hvratio_1_4        NangateOpenCellLibrary

  Point                                                   Incr       Path
  --------------------------------------------------------------------------
  clock CLK (rise edge)                                 0.0000     0.0000
  clock network delay (ideal)                           0.0500     0.0500
  DP_i_mem_access_i_rd_out_reg_i_Y_reg_1_/CK (DFF_X1)   0.0000     0.0500 r
  DP_i_mem_access_i_rd_out_reg_i_Y_reg_1_/QN (DFF_X1)   0.0870     0.1370 r
  U2780/ZN (XNOR2_X1)                                   0.0599     0.1969 r
  U2734/ZN (AND3_X1)                                    0.0564     0.2533 r
  U1388/ZN (AND4_X1)                                    0.0739     0.3272 r
  U4307/ZN (NOR2_X1)                                    0.0377     0.3649 f
  U4313/ZN (INV_X1)                                     0.0351     0.4000 r
  U4314/ZN (INV_X1)                                     0.0306     0.4306 f
  U4468/ZN (AOI222_X1)                                  0.1073     0.5379 r
  U3024/Z (MUX2_X1)                                     0.0643     0.6021 r
  U2979/Z (BUF_X1)                                      0.0561     0.6582 r
  U2877/Z (MUX2_X1)                                     0.1068     0.7650 f
  U8603/ZN (AOI22_X1)                                   0.0869     0.8519 r
  U932/S (FA_X1)                                        0.1358     0.9878 f
  U8604/ZN (XNOR2_X1)                                   0.0665     1.0543 f
  U8617/CO (FA_X1)                                      0.1087     1.1630 f
  U8620/ZN (XNOR2_X1)                                   0.0714     1.2344 r
  U1139/Z (XOR2_X1)                                     0.0787     1.3131 r
  U1137/ZN (XNOR2_X1)                                   0.0634     1.3764 r
  U10599/ZN (AND2_X1)                                   0.0420     1.4185 r
  DP_i_execute_i_boothmul_i_tree_i_register_i_3_Y_temp_reg_26_/D (DFF_X2)
                                                        0.0109     1.4293 r
  data arrival time                                                1.4293

  clock CLK (rise edge)                                 1.0500     1.0500
  clock network delay (ideal)                           0.0500     1.1000
  clock uncertainty                                    -0.0500     1.0500
  DP_i_execute_i_boothmul_i_tree_i_register_i_3_Y_temp_reg_26_/CK (DFF_X2)
                                                        0.0000     1.0500 r
  library setup time                                   -0.0262     1.0238
  data required time                                               1.0238
  --------------------------------------------------------------------------
  data required time                                               1.0238
  data arrival time                                               -1.4293
  --------------------------------------------------------------------------
  slack (VIOLATED)                                                -0.4055


  Startpoint: DP_i_mem_access_i_rd_out_reg_i_Y_reg_1_
              (rising edge-triggered flip-flop clocked by CLK)
  Endpoint: DP_i_execute_i_boothmul_i_tree_i_register_i_3_Y_temp_reg_30_
            (rising edge-triggered flip-flop clocked by CLK)
  Path Group: REG2REG
  Path Type: max

  Des/Clust/Port     Wire Load Model       Library
  ------------------------------------------------
  DLX                5K_hvratio_1_4        NangateOpenCellLibrary

  Point                                                   Incr       Path
  --------------------------------------------------------------------------
  clock CLK (rise edge)                                 0.0000     0.0000
  clock network delay (ideal)                           0.0500     0.0500
  DP_i_mem_access_i_rd_out_reg_i_Y_reg_1_/CK (DFF_X1)   0.0000     0.0500 r
  DP_i_mem_access_i_rd_out_reg_i_Y_reg_1_/QN (DFF_X1)   0.0870     0.1370 r
  U2780/ZN (XNOR2_X1)                                   0.0599     0.1969 r
  U2734/ZN (AND3_X1)                                    0.0564     0.2533 r
  U1388/ZN (AND4_X1)                                    0.0739     0.3272 r
  U1333/ZN (NOR2_X1)                                    0.0365     0.3637 f
  U836/Z (BUF_X1)                                       0.0489     0.4126 f
  U4553/ZN (AOI222_X1)                                  0.1222     0.5348 r
  U2716/Z (MUX2_X1)                                     0.0729     0.6077 r
  U4560/ZN (NOR2_X1)                                    0.0340     0.6416 f
  U3224/ZN (XNOR2_X1)                                   0.0683     0.7100 f
  U1224/Z (CLKBUF_X1)                                   0.0545     0.7645 f
  U1245/ZN (AND2_X1)                                    0.0433     0.8078 f
  U1246/ZN (NOR2_X1)                                    0.0670     0.8748 r
  U4657/S (FA_X1)                                       0.1390     1.0138 f
  U4669/S (FA_X1)                                       0.1686     1.1824 r
  U9304/ZN (XNOR2_X1)                                   0.0705     1.2529 r
  U9305/ZN (XNOR2_X1)                                   0.0632     1.3161 r
  U9306/ZN (XNOR2_X1)                                   0.0598     1.3759 r
  U10601/ZN (AND2_X1)                                   0.0423     1.4182 r
  DP_i_execute_i_boothmul_i_tree_i_register_i_3_Y_temp_reg_30_/D (DFF_X2)
                                                        0.0109     1.4291 r
  data arrival time                                                1.4291

  clock CLK (rise edge)                                 1.0500     1.0500
  clock network delay (ideal)                           0.0500     1.1000
  clock uncertainty                                    -0.0500     1.0500
  DP_i_execute_i_boothmul_i_tree_i_register_i_3_Y_temp_reg_30_/CK (DFF_X2)
                                                        0.0000     1.0500 r
  library setup time                                   -0.0262     1.0238
  data required time                                               1.0238
  --------------------------------------------------------------------------
  data required time                                               1.0238
  data arrival time                                               -1.4291
  --------------------------------------------------------------------------
  slack (VIOLATED)                                                -0.4052


  Startpoint: DP_i_mem_access_i_rd_out_reg_i_Y_reg_1_
              (rising edge-triggered flip-flop clocked by CLK)
  Endpoint: DP_i_execute_i_boothmul_i_tree_i_register_i_3_Y_temp_reg_30_
            (rising edge-triggered flip-flop clocked by CLK)
  Path Group: REG2REG
  Path Type: max

  Des/Clust/Port     Wire Load Model       Library
  ------------------------------------------------
  DLX                5K_hvratio_1_4        NangateOpenCellLibrary

  Point                                                   Incr       Path
  --------------------------------------------------------------------------
  clock CLK (rise edge)                                 0.0000     0.0000
  clock network delay (ideal)                           0.0500     0.0500
  DP_i_mem_access_i_rd_out_reg_i_Y_reg_1_/CK (DFF_X1)   0.0000     0.0500 r
  DP_i_mem_access_i_rd_out_reg_i_Y_reg_1_/QN (DFF_X1)   0.0870     0.1370 r
  U2780/ZN (XNOR2_X1)                                   0.0599     0.1969 r
  U2734/ZN (AND3_X1)                                    0.0564     0.2533 r
  U1388/ZN (AND4_X1)                                    0.0739     0.3272 r
  U1333/ZN (NOR2_X1)                                    0.0365     0.3637 f
  U836/Z (BUF_X1)                                       0.0489     0.4126 f
  U4553/ZN (AOI222_X1)                                  0.1222     0.5348 r
  U2716/Z (MUX2_X1)                                     0.0729     0.6077 r
  U4560/ZN (NOR2_X1)                                    0.0340     0.6416 f
  U3224/ZN (XNOR2_X1)                                   0.0683     0.7100 f
  U1224/Z (CLKBUF_X1)                                   0.0545     0.7645 f
  U1245/ZN (AND2_X1)                                    0.0433     0.8078 f
  U1246/ZN (NOR2_X1)                                    0.0670     0.8748 r
  U4657/S (FA_X1)                                       0.1390     1.0138 f
  U4669/S (FA_X1)                                       0.1686     1.1824 r
  U9304/ZN (XNOR2_X1)                                   0.0705     1.2529 r
  U9305/ZN (XNOR2_X1)                                   0.0632     1.3161 r
  U9306/ZN (XNOR2_X1)                                   0.0598     1.3759 r
  U10601/ZN (AND2_X1)                                   0.0423     1.4182 r
  DP_i_execute_i_boothmul_i_tree_i_register_i_3_Y_temp_reg_30_/D (DFF_X2)
                                                        0.0109     1.4291 r
  data arrival time                                                1.4291

  clock CLK (rise edge)                                 1.0500     1.0500
  clock network delay (ideal)                           0.0500     1.1000
  clock uncertainty                                    -0.0500     1.0500
  DP_i_execute_i_boothmul_i_tree_i_register_i_3_Y_temp_reg_30_/CK (DFF_X2)
                                                        0.0000     1.0500 r
  library setup time                                   -0.0262     1.0238
  data required time                                               1.0238
  --------------------------------------------------------------------------
  data required time                                               1.0238
  data arrival time                                               -1.4291
  --------------------------------------------------------------------------
  slack (VIOLATED)                                                -0.4052


1
