 
****************************************
Report : timing
        -path full
        -delay max
        -nworst 2
        -group REG2REG
        -max_paths 10
Design : DLX
Version: W-2024.09-SP2
Date   : Sun Sep 27 03:11:35 2026
****************************************

Operating Conditions: typical   Library: NangateOpenCellLibrary
Wire Load Model Mode: top

  Startpoint: DP_i_mem_access_i_rd_out_reg_i_Y_reg_0_
              (rising edge-triggered flip-flop clocked by CLK)
  Endpoint: DP_i_execute_i_zero_alu_bit_Y_reg
            (rising edge-triggered flip-flop clocked by CLK)
  Path Group: REG2REG
  Path Type: max

  Des/Clust/Port     Wire Load Model       Library
  ------------------------------------------------
  DLX                5K_hvratio_1_4        NangateOpenCellLibrary

  Point                                                   Incr       Path
  --------------------------------------------------------------------------
  clock CLK (rise edge)                                 0.0000     0.0000
  clock network delay (ideal)                           0.0500     0.0500
  DP_i_mem_access_i_rd_out_reg_i_Y_reg_0_/CK (DFF_X1)   0.0000     0.0500 r
  DP_i_mem_access_i_rd_out_reg_i_Y_reg_0_/Q (DFF_X1)    0.1023     0.1523 r
  U4315/ZN (XNOR2_X1)                                   0.0625     0.2149 r
  U1068/ZN (AND3_X1)                                    0.0616     0.2764 r
  U1178/ZN (NAND4_X1)                                   0.0428     0.3192 f
  U5347/ZN (AND2_X1)                                    0.0624     0.3816 f
  U4741/ZN (AOI222_X1)                                  0.1323     0.5139 r
  U3985/Z (MUX2_X1)                                     0.0667     0.5806 r
  U4742/ZN (XNOR2_X1)                                   0.0672     0.6478 r
  U4780/ZN (NAND2_X1)                                   0.0371     0.6849 f
  U4781/ZN (NAND2_X1)                                   0.0349     0.7198 r
  U3400/ZN (AND2_X1)                                    0.0445     0.7643 r
  U4785/ZN (XNOR2_X1)                                   0.0612     0.8254 r
  U3279/ZN (OR2_X1)                                     0.0448     0.8702 r
  U2914/ZN (NOR2_X1)                                    0.0269     0.8971 f
  U5049/ZN (OR2_X1)                                     0.0513     0.9484 f
  U1167/ZN (AND2_X1)                                    0.0389     0.9873 f
  U1166/ZN (XNOR2_X1)                                   0.0591     1.0465 f
  U6311/ZN (NAND2_X1)                                   0.0316     1.0780 r
  U6312/ZN (AND2_X1)                                    0.0422     1.1202 r
  U6324/ZN (AND2_X1)                                    0.0420     1.1622 r
  U9541/ZN (NAND4_X1)                                   0.0455     1.2077 f
  U3762/ZN (NOR3_X1)                                    0.0633     1.2710 r
  U3457/ZN (NAND4_X1)                                   0.0486     1.3195 f
  U9537/ZN (NOR2_X1)                                    0.0414     1.3609 r
  U10169/ZN (NAND4_X1)                                  0.0474     1.4083 f
  U9538/ZN (OAI21_X1)                                   0.0478     1.4561 r
  DP_i_execute_i_zero_alu_bit_Y_reg/D (DFF_X2)          0.0109     1.4669 r
  data arrival time                                                1.4669

  clock CLK (rise edge)                                 1.1000     1.1000
  clock network delay (ideal)                           0.0500     1.1500
  clock uncertainty                                    -0.0500     1.1000
  DP_i_execute_i_zero_alu_bit_Y_reg/CK (DFF_X2)         0.0000     1.1000 r
  library setup time                                   -0.0283     1.0717
  data required time                                               1.0717
  --------------------------------------------------------------------------
  data required time                                               1.0717
  data arrival time                                               -1.4669
  --------------------------------------------------------------------------
  slack (VIOLATED)                                                -0.3953


  Startpoint: DP_i_mem_access_i_rd_out_reg_i_Y_reg_0_
              (rising edge-triggered flip-flop clocked by CLK)
  Endpoint: DP_i_execute_i_zero_alu_bit_Y_reg
            (rising edge-triggered flip-flop clocked by CLK)
  Path Group: REG2REG
  Path Type: max

  Des/Clust/Port     Wire Load Model       Library
  ------------------------------------------------
  DLX                5K_hvratio_1_4        NangateOpenCellLibrary

  Point                                                   Incr       Path
  --------------------------------------------------------------------------
  clock CLK (rise edge)                                 0.0000     0.0000
  clock network delay (ideal)                           0.0500     0.0500
  DP_i_mem_access_i_rd_out_reg_i_Y_reg_0_/CK (DFF_X1)   0.0000     0.0500 r
  DP_i_mem_access_i_rd_out_reg_i_Y_reg_0_/Q (DFF_X1)    0.1023     0.1523 r
  U4315/ZN (XNOR2_X1)                                   0.0625     0.2149 r
  U1068/ZN (AND3_X1)                                    0.0616     0.2764 r
  U1178/ZN (NAND4_X1)                                   0.0428     0.3192 f
  U5347/ZN (AND2_X1)                                    0.0624     0.3816 f
  U4741/ZN (AOI222_X1)                                  0.1323     0.5139 r
  U3985/Z (MUX2_X1)                                     0.0667     0.5806 r
  U4742/ZN (XNOR2_X1)                                   0.0672     0.6478 r
  U4780/ZN (NAND2_X1)                                   0.0371     0.6849 f
  U4781/ZN (NAND2_X1)                                   0.0349     0.7198 r
  U3400/ZN (AND2_X1)                                    0.0445     0.7643 r
  U4785/ZN (XNOR2_X1)                                   0.0612     0.8254 r
  U3279/ZN (OR2_X1)                                     0.0448     0.8702 r
  U2914/ZN (NOR2_X1)                                    0.0269     0.8971 f
  U5049/ZN (OR2_X1)                                     0.0513     0.9484 f
  U1167/ZN (AND2_X1)                                    0.0389     0.9873 f
  U1166/ZN (XNOR2_X1)                                   0.0591     1.0465 f
  U6311/ZN (NAND2_X1)                                   0.0316     1.0780 r
  U6312/ZN (AND2_X1)                                    0.0422     1.1202 r
  U6324/ZN (AND2_X1)                                    0.0420     1.1622 r
  U9541/ZN (NAND4_X1)                                   0.0455     1.2077 f
  U3762/ZN (NOR3_X1)                                    0.0633     1.2710 r
  U3457/ZN (NAND4_X1)                                   0.0486     1.3195 f
  U9537/ZN (NOR2_X1)                                    0.0414     1.3609 r
  U10169/ZN (NAND4_X1)                                  0.0474     1.4083 f
  U9538/ZN (OAI21_X1)                                   0.0478     1.4561 r
  DP_i_execute_i_zero_alu_bit_Y_reg/D (DFF_X2)          0.0109     1.4669 r
  data arrival time                                                1.4669

  clock CLK (rise edge)                                 1.1000     1.1000
  clock network delay (ideal)                           0.0500     1.1500
  clock uncertainty                                    -0.0500     1.1000
  DP_i_execute_i_zero_alu_bit_Y_reg/CK (DFF_X2)         0.0000     1.1000 r
  library setup time                                   -0.0283     1.0717
  data required time                                               1.0717
  --------------------------------------------------------------------------
  data required time                                               1.0717
  data arrival time                                               -1.4669
  --------------------------------------------------------------------------
  slack (VIOLATED)                                                -0.3953


  Startpoint: DP_i_mem_access_i_rd_out_reg_i_Y_reg_0_
              (rising edge-triggered flip-flop clocked by CLK)
  Endpoint: DP_i_execute_i_boothmul_i_tree_i_register_i_1_Y_temp_reg_30_
            (rising edge-triggered flip-flop clocked by CLK)
  Path Group: REG2REG
  Path Type: max

  Des/Clust/Port     Wire Load Model       Library
  ------------------------------------------------
  DLX                5K_hvratio_1_4        NangateOpenCellLibrary

  Point                                                   Incr       Path
  --------------------------------------------------------------------------
  clock CLK (rise edge)                                 0.0000     0.0000
  clock network delay (ideal)                           0.0500     0.0500
  DP_i_mem_access_i_rd_out_reg_i_Y_reg_0_/CK (DFF_X1)   0.0000     0.0500 r
  DP_i_mem_access_i_rd_out_reg_i_Y_reg_0_/Q (DFF_X1)    0.1023     0.1523 r
  U4315/ZN (XNOR2_X1)                                   0.0625     0.2149 r
  U1067/ZN (AND3_X1)                                    0.0555     0.2704 r
  U923/ZN (AND4_X2)                                     0.0645     0.3349 r
  U1169/ZN (AND2_X1)                                    0.0488     0.3837 r
  U1122/Z (BUF_X2)                                      0.0478     0.4314 r
  U4792/ZN (AOI22_X1)                                   0.0405     0.4719 f
  U4794/ZN (NAND2_X1)                                   0.0350     0.5069 r
  U3058/ZN (NAND2_X1)                                   0.0311     0.5380 f
  U3060/ZN (NAND2_X1)                                   0.0404     0.5784 r
  U5109/ZN (NAND2_X1)                                   0.0372     0.6156 f
  U5169/ZN (NAND2_X1)                                   0.0462     0.6618 r
  U5170/ZN (INV_X1)                                     0.0352     0.6970 f
  U5171/ZN (OAI21_X1)                                   0.0894     0.7864 r
  U3136/ZN (NOR2_X1)                                    0.0350     0.8214 f
  U3127/ZN (NOR2_X1)                                    0.0427     0.8640 r
  U2912/ZN (XNOR2_X1)                                   0.0688     0.9328 r
  U5192/ZN (XNOR2_X1)                                   0.0715     1.0044 r
  U3034/ZN (AND2_X1)                                    0.0512     1.0556 r
  U3284/ZN (XNOR2_X1)                                   0.0576     1.1132 r
  U3367/ZN (NAND2_X1)                                   0.0398     1.1530 f
  U3408/ZN (NAND2_X1)                                   0.0461     1.1990 r
  U9374/S (FA_X1)                                       0.1303     1.3293 f
  U9408/CO (FA_X1)                                      0.0928     1.4220 f
  U3746/ZN (AND2_X1)                                    0.0386     1.4606 f
  DP_i_execute_i_boothmul_i_tree_i_register_i_1_Y_temp_reg_30_/D (DFF_X1)
                                                        0.0104     1.4710 f
  data arrival time                                                1.4710

  clock CLK (rise edge)                                 1.1000     1.1000
  clock network delay (ideal)                           0.0500     1.1500
  clock uncertainty                                    -0.0500     1.1000
  DP_i_execute_i_boothmul_i_tree_i_register_i_1_Y_temp_reg_30_/CK (DFF_X1)
                                                        0.0000     1.1000 r
  library setup time                                   -0.0239     1.0761
  data required time                                               1.0761
  --------------------------------------------------------------------------
  data required time                                               1.0761
  data arrival time                                               -1.4710
  --------------------------------------------------------------------------
  slack (VIOLATED)                                                -0.3949


  Startpoint: DP_i_mem_access_i_rd_out_reg_i_Y_reg_0_
              (rising edge-triggered flip-flop clocked by CLK)
  Endpoint: DP_i_execute_i_boothmul_i_tree_i_register_i_1_Y_temp_reg_30_
            (rising edge-triggered flip-flop clocked by CLK)
  Path Group: REG2REG
  Path Type: max

  Des/Clust/Port     Wire Load Model       Library
  ------------------------------------------------
  DLX                5K_hvratio_1_4        NangateOpenCellLibrary

  Point                                                   Incr       Path
  --------------------------------------------------------------------------
  clock CLK (rise edge)                                 0.0000     0.0000
  clock network delay (ideal)                           0.0500     0.0500
  DP_i_mem_access_i_rd_out_reg_i_Y_reg_0_/CK (DFF_X1)   0.0000     0.0500 r
  DP_i_mem_access_i_rd_out_reg_i_Y_reg_0_/Q (DFF_X1)    0.1023     0.1523 r
  U4315/ZN (XNOR2_X1)                                   0.0625     0.2149 r
  U1067/ZN (AND3_X1)                                    0.0555     0.2704 r
  U923/ZN (AND4_X2)                                     0.0645     0.3349 r
  U1169/ZN (AND2_X1)                                    0.0488     0.3837 r
  U1122/Z (BUF_X2)                                      0.0478     0.4314 r
  U4792/ZN (AOI22_X1)                                   0.0403     0.4717 f
  U4794/ZN (NAND2_X1)                                   0.0350     0.5067 r
  U3058/ZN (NAND2_X1)                                   0.0311     0.5378 f
  U3060/ZN (NAND2_X1)                                   0.0404     0.5782 r
  U5109/ZN (NAND2_X1)                                   0.0372     0.6154 f
  U5169/ZN (NAND2_X1)                                   0.0462     0.6616 r
  U5170/ZN (INV_X1)                                     0.0352     0.6968 f
  U5171/ZN (OAI21_X1)                                   0.0894     0.7862 r
  U3136/ZN (NOR2_X1)                                    0.0350     0.8212 f
  U3127/ZN (NOR2_X1)                                    0.0427     0.8638 r
  U2912/ZN (XNOR2_X1)                                   0.0688     0.9326 r
  U5192/ZN (XNOR2_X1)                                   0.0715     1.0042 r
  U3034/ZN (AND2_X1)                                    0.0512     1.0554 r
  U3284/ZN (XNOR2_X1)                                   0.0576     1.1130 r
  U3367/ZN (NAND2_X1)                                   0.0398     1.1527 f
  U3408/ZN (NAND2_X1)                                   0.0461     1.1988 r
  U9374/S (FA_X1)                                       0.1303     1.3291 f
  U9408/CO (FA_X1)                                      0.0928     1.4218 f
  U3746/ZN (AND2_X1)                                    0.0386     1.4604 f
  DP_i_execute_i_boothmul_i_tree_i_register_i_1_Y_temp_reg_30_/D (DFF_X1)
                                                        0.0104     1.4708 f
  data arrival time                                                1.4708

  clock CLK (rise edge)                                 1.1000     1.1000
  clock network delay (ideal)                           0.0500     1.1500
  clock uncertainty                                    -0.0500     1.1000
  DP_i_execute_i_boothmul_i_tree_i_register_i_1_Y_temp_reg_30_/CK (DFF_X1)
                                                        0.0000     1.1000 r
  library setup time                                   -0.0239     1.0761
  data required time                                               1.0761
  --------------------------------------------------------------------------
  data required time                                               1.0761
  data arrival time                                               -1.4708
  --------------------------------------------------------------------------
  slack (VIOLATED)                                                -0.3947


  Startpoint: DP_i_mem_access_i_rd_out_reg_i_Y_reg_0_
              (rising edge-triggered flip-flop clocked by CLK)
  Endpoint: DP_i_execute_i_boothmul_i_tree_i_register_i_2_Y_temp_reg_31_
            (rising edge-triggered flip-flop clocked by CLK)
  Path Group: REG2REG
  Path Type: max

  Des/Clust/Port     Wire Load Model       Library
  ------------------------------------------------
  DLX                5K_hvratio_1_4        NangateOpenCellLibrary

  Point                                                   Incr       Path
  --------------------------------------------------------------------------
  clock CLK (rise edge)                                 0.0000     0.0000
  clock network delay (ideal)                           0.0500     0.0500
  DP_i_mem_access_i_rd_out_reg_i_Y_reg_0_/CK (DFF_X1)   0.0000     0.0500 r
  DP_i_mem_access_i_rd_out_reg_i_Y_reg_0_/Q (DFF_X1)    0.1023     0.1523 r
  U4315/ZN (XNOR2_X1)                                   0.0625     0.2149 r
  U1067/ZN (AND3_X1)                                    0.0555     0.2704 r
  U923/ZN (AND4_X2)                                     0.0645     0.3349 r
  U952/ZN (AND2_X2)                                     0.0566     0.3914 r
  U4324/Z (BUF_X2)                                      0.0523     0.4437 r
  U4737/ZN (AOI222_X1)                                  0.0460     0.4897 f
  U1014/Z (MUX2_X2)                                     0.0838     0.5735 f
  U5106/ZN (NOR2_X1)                                    0.0648     0.6383 r
  U1087/ZN (AND2_X1)                                    0.0985     0.7368 r
  U5283/S (FA_X1)                                       0.1615     0.8983 f
  U5284/ZN (XNOR2_X1)                                   0.0664     0.9647 f
  U3733/ZN (XNOR2_X1)                                   0.0654     1.0301 f
  U1141/ZN (XNOR2_X1)                                   0.0647     1.0948 f
  U1140/Z (XOR2_X1)                                     0.0719     1.1667 f
  U9431/ZN (XNOR2_X1)                                   0.0643     1.2310 f
  U9432/ZN (XNOR2_X1)                                   0.0610     1.2919 f
  U9434/ZN (AOI22_X1)                                   0.0619     1.3538 r
  U9439/ZN (XNOR2_X1)                                   0.0614     1.4152 r
  U3744/ZN (AND2_X1)                                    0.0420     1.4572 r
  DP_i_execute_i_boothmul_i_tree_i_register_i_2_Y_temp_reg_31_/D (DFF_X2)
                                                        0.0109     1.4681 r
  data arrival time                                                1.4681

  clock CLK (rise edge)                                 1.1000     1.1000
  clock network delay (ideal)                           0.0500     1.1500
  clock uncertainty                                    -0.0500     1.1000
  DP_i_execute_i_boothmul_i_tree_i_register_i_2_Y_temp_reg_31_/CK (DFF_X2)
                                                        0.0000     1.1000 r
  library setup time                                   -0.0262     1.0738
  data required time                                               1.0738
  --------------------------------------------------------------------------
  data required time                                               1.0738
  data arrival time                                               -1.4681
  --------------------------------------------------------------------------
  slack (VIOLATED)                                                -0.3942


  Startpoint: DP_i_mem_access_i_rd_out_reg_i_Y_reg_0_
              (rising edge-triggered flip-flop clocked by CLK)
  Endpoint: DP_i_execute_i_boothmul_i_tree_i_register_i_2_Y_temp_reg_31_
            (rising edge-triggered flip-flop clocked by CLK)
  Path Group: REG2REG
  Path Type: max

  Des/Clust/Port     Wire Load Model       Library
  ------------------------------------------------
  DLX                5K_hvratio_1_4        NangateOpenCellLibrary

  Point                                                   Incr       Path
  --------------------------------------------------------------------------
  clock CLK (rise edge)                                 0.0000     0.0000
  clock network delay (ideal)                           0.0500     0.0500
  DP_i_mem_access_i_rd_out_reg_i_Y_reg_0_/CK (DFF_X1)   0.0000     0.0500 r
  DP_i_mem_access_i_rd_out_reg_i_Y_reg_0_/Q (DFF_X1)    0.1023     0.1523 r
  U4315/ZN (XNOR2_X1)                                   0.0625     0.2149 r
  U1067/ZN (AND3_X1)                                    0.0555     0.2704 r
  U923/ZN (AND4_X2)                                     0.0645     0.3349 r
  U952/ZN (AND2_X2)                                     0.0566     0.3914 r
  U4324/Z (BUF_X2)                                      0.0523     0.4437 r
  U4737/ZN (AOI222_X1)                                  0.0458     0.4895 f
  U1014/Z (MUX2_X2)                                     0.0838     0.5733 f
  U5106/ZN (NOR2_X1)                                    0.0648     0.6381 r
  U1087/ZN (AND2_X1)                                    0.0985     0.7366 r
  U5283/S (FA_X1)                                       0.1615     0.8981 f
  U5284/ZN (XNOR2_X1)                                   0.0664     0.9645 f
  U3733/ZN (XNOR2_X1)                                   0.0654     1.0299 f
  U1141/ZN (XNOR2_X1)                                   0.0647     1.0946 f
  U1140/Z (XOR2_X1)                                     0.0719     1.1665 f
  U9431/ZN (XNOR2_X1)                                   0.0643     1.2307 f
  U9432/ZN (XNOR2_X1)                                   0.0610     1.2917 f
  U9434/ZN (AOI22_X1)                                   0.0619     1.3536 r
  U9439/ZN (XNOR2_X1)                                   0.0614     1.4149 r
  U3744/ZN (AND2_X1)                                    0.0420     1.4570 r
  DP_i_execute_i_boothmul_i_tree_i_register_i_2_Y_temp_reg_31_/D (DFF_X2)
                                                        0.0109     1.4678 r
  data arrival time                                                1.4678

  clock CLK (rise edge)                                 1.1000     1.1000
  clock network delay (ideal)                           0.0500     1.1500
  clock uncertainty                                    -0.0500     1.1000
  DP_i_execute_i_boothmul_i_tree_i_register_i_2_Y_temp_reg_31_/CK (DFF_X2)
                                                        0.0000     1.1000 r
  library setup time                                   -0.0262     1.0738
  data required time                                               1.0738
  --------------------------------------------------------------------------
  data required time                                               1.0738
  data arrival time                                               -1.4678
  --------------------------------------------------------------------------
  slack (VIOLATED)                                                -0.3940


  Startpoint: DP_i_mem_access_i_rd_out_reg_i_Y_reg_0_
              (rising edge-triggered flip-flop clocked by CLK)
  Endpoint: DP_i_execute_i_boothmul_i_tree_i_register_i_3_Y_temp_reg_30_
            (rising edge-triggered flip-flop clocked by CLK)
  Path Group: REG2REG
  Path Type: max

  Des/Clust/Port     Wire Load Model       Library
  ------------------------------------------------
  DLX                5K_hvratio_1_4        NangateOpenCellLibrary

  Point                                                   Incr       Path
  --------------------------------------------------------------------------
  clock CLK (rise edge)                                 0.0000     0.0000
  clock network delay (ideal)                           0.0500     0.0500
  DP_i_mem_access_i_rd_out_reg_i_Y_reg_0_/CK (DFF_X1)   0.0000     0.0500 r
  DP_i_mem_access_i_rd_out_reg_i_Y_reg_0_/Q (DFF_X1)    0.1023     0.1523 r
  U4315/ZN (XNOR2_X1)                                   0.0625     0.2149 r
  U1067/ZN (AND3_X1)                                    0.0555     0.2704 r
  U923/ZN (AND4_X2)                                     0.0645     0.3349 r
  U1169/ZN (AND2_X1)                                    0.0488     0.3837 r
  U1122/Z (BUF_X2)                                      0.0478     0.4314 r
  U3587/ZN (NAND2_X1)                                   0.0337     0.4651 f
  U1339/ZN (AND3_X1)                                    0.0453     0.5105 f
  U2959/Z (MUX2_X1)                                     0.0822     0.5927 f
  U1338/ZN (OR2_X1)                                     0.0666     0.6592 f
  U1356/Z (BUF_X2)                                      0.0642     0.7234 f
  U5531/ZN (OR2_X1)                                     0.0790     0.8024 f
  U5532/ZN (OAI21_X1)                                   0.0401     0.8425 r
  U5536/S (FA_X1)                                       0.1290     0.9715 f
  U6713/ZN (XNOR2_X1)                                   0.0683     1.0398 f
  U6715/CO (FA_X1)                                      0.1090     1.1489 f
  U6716/ZN (XNOR2_X1)                                   0.0736     1.2224 r
  U6734/ZN (XNOR2_X1)                                   0.0687     1.2911 r
  U1767/ZN (XNOR2_X1)                                   0.0632     1.3543 r
  U1766/ZN (XNOR2_X1)                                   0.0598     1.4141 r
  U10772/ZN (AND2_X1)                                   0.0421     1.4562 r
  DP_i_execute_i_boothmul_i_tree_i_register_i_3_Y_temp_reg_30_/D (DFF_X1)
                                                        0.0110     1.4671 r
  data arrival time                                                1.4671

  clock CLK (rise edge)                                 1.1000     1.1000
  clock network delay (ideal)                           0.0500     1.1500
  clock uncertainty                                    -0.0500     1.1000
  DP_i_execute_i_boothmul_i_tree_i_register_i_3_Y_temp_reg_30_/CK (DFF_X1)
                                                        0.0000     1.1000 r
  library setup time                                   -0.0265     1.0735
  data required time                                               1.0735
  --------------------------------------------------------------------------
  data required time                                               1.0735
  data arrival time                                               -1.4671
  --------------------------------------------------------------------------
  slack (VIOLATED)                                                -0.3936


  Startpoint: DP_i_mem_access_i_rd_out_reg_i_Y_reg_0_
              (rising edge-triggered flip-flop clocked by CLK)
  Endpoint: DP_i_execute_i_boothmul_i_tree_i_register_i_3_Y_temp_reg_30_
            (rising edge-triggered flip-flop clocked by CLK)
  Path Group: REG2REG
  Path Type: max

  Des/Clust/Port     Wire Load Model       Library
  ------------------------------------------------
  DLX                5K_hvratio_1_4        NangateOpenCellLibrary

  Point                                                   Incr       Path
  --------------------------------------------------------------------------
  clock CLK (rise edge)                                 0.0000     0.0000
  clock network delay (ideal)                           0.0500     0.0500
  DP_i_mem_access_i_rd_out_reg_i_Y_reg_0_/CK (DFF_X1)   0.0000     0.0500 r
  DP_i_mem_access_i_rd_out_reg_i_Y_reg_0_/Q (DFF_X1)    0.1023     0.1523 r
  U4315/ZN (XNOR2_X1)                                   0.0625     0.2149 r
  U1067/ZN (AND3_X1)                                    0.0555     0.2704 r
  U923/ZN (AND4_X2)                                     0.0645     0.3349 r
  U1169/ZN (AND2_X1)                                    0.0488     0.3837 r
  U1122/Z (BUF_X2)                                      0.0478     0.4314 r
  U3587/ZN (NAND2_X1)                                   0.0337     0.4651 f
  U1339/ZN (AND3_X1)                                    0.0453     0.5105 f
  U2959/Z (MUX2_X1)                                     0.0822     0.5927 f
  U1338/ZN (OR2_X1)                                     0.0666     0.6592 f
  U1356/Z (BUF_X2)                                      0.0642     0.7234 f
  U5531/ZN (OR2_X1)                                     0.0790     0.8024 f
  U5532/ZN (OAI21_X1)                                   0.0401     0.8425 r
  U5536/S (FA_X1)                                       0.1290     0.9715 f
  U6713/ZN (XNOR2_X1)                                   0.0683     1.0398 f
  U6715/CO (FA_X1)                                      0.1090     1.1489 f
  U6716/ZN (XNOR2_X1)                                   0.0736     1.2224 r
  U6734/ZN (XNOR2_X1)                                   0.0687     1.2911 r
  U1767/ZN (XNOR2_X1)                                   0.0632     1.3543 r
  U1766/ZN (XNOR2_X1)                                   0.0598     1.4141 r
  U10772/ZN (AND2_X1)                                   0.0421     1.4562 r
  DP_i_execute_i_boothmul_i_tree_i_register_i_3_Y_temp_reg_30_/D (DFF_X1)
                                                        0.0110     1.4671 r
  data arrival time                                                1.4671

  clock CLK (rise edge)                                 1.1000     1.1000
  clock network delay (ideal)                           0.0500     1.1500
  clock uncertainty                                    -0.0500     1.1000
  DP_i_execute_i_boothmul_i_tree_i_register_i_3_Y_temp_reg_30_/CK (DFF_X1)
                                                        0.0000     1.1000 r
  library setup time                                   -0.0265     1.0735
  data required time                                               1.0735
  --------------------------------------------------------------------------
  data required time                                               1.0735
  data arrival time                                               -1.4671
  --------------------------------------------------------------------------
  slack (VIOLATED)                                                -0.3936


  Startpoint: DP_i_mem_access_i_rd_out_reg_i_Y_reg_0_
              (rising edge-triggered flip-flop clocked by CLK)
  Endpoint: DP_i_execute_i_boothmul_i_tree_i_register_i_3_Y_temp_reg_29_
            (rising edge-triggered flip-flop clocked by CLK)
  Path Group: REG2REG
  Path Type: max

  Des/Clust/Port     Wire Load Model       Library
  ------------------------------------------------
  DLX                5K_hvratio_1_4        NangateOpenCellLibrary

  Point                                                   Incr       Path
  --------------------------------------------------------------------------
  clock CLK (rise edge)                                 0.0000     0.0000
  clock network delay (ideal)                           0.0500     0.0500
  DP_i_mem_access_i_rd_out_reg_i_Y_reg_0_/CK (DFF_X1)   0.0000     0.0500 r
  DP_i_mem_access_i_rd_out_reg_i_Y_reg_0_/Q (DFF_X1)    0.1023     0.1523 r
  U4315/ZN (XNOR2_X1)                                   0.0625     0.2149 r
  U1067/ZN (AND3_X1)                                    0.0555     0.2704 r
  U923/ZN (AND4_X2)                                     0.0645     0.3349 r
  U1169/ZN (AND2_X1)                                    0.0488     0.3837 r
  U1122/Z (BUF_X2)                                      0.0478     0.4314 r
  U4811/ZN (AOI222_X1)                                  0.0483     0.4798 f
  U3749/Z (MUX2_X1)                                     0.0842     0.5640 f
  U874/Z (BUF_X1)                                       0.0515     0.6155 f
  U3281/ZN (OR2_X1)                                     0.0643     0.6797 f
  U1601/Z (MUX2_X1)                                     0.0918     0.7715 f
  U5259/ZN (OAI22_X1)                                   0.0776     0.8491 r
  U5260/ZN (XNOR2_X1)                                   0.0775     0.9266 r
  U5520/ZN (XNOR2_X1)                                   0.0679     0.9945 r
  U3275/ZN (AND2_X1)                                    0.0514     1.0459 r
  U5524/ZN (XNOR2_X1)                                   0.0617     1.1076 r
  U979/Z (XOR2_X1)                                      0.0733     1.1809 r
  U5525/ZN (XNOR2_X1)                                   0.0709     1.2518 r
  U1328/Z (BUF_X1)                                      0.0433     1.2950 r
  U9376/ZN (XNOR2_X1)                                   0.0587     1.3537 r
  U9377/ZN (XNOR2_X1)                                   0.0598     1.4135 r
  U3699/ZN (AND2_X1)                                    0.0422     1.4557 r
  DP_i_execute_i_boothmul_i_tree_i_register_i_3_Y_temp_reg_29_/D (DFF_X1)
                                                        0.0110     1.4666 r
  data arrival time                                                1.4666

  clock CLK (rise edge)                                 1.1000     1.1000
  clock network delay (ideal)                           0.0500     1.1500
  clock uncertainty                                    -0.0500     1.1000
  DP_i_execute_i_boothmul_i_tree_i_register_i_3_Y_temp_reg_29_/CK (DFF_X1)
                                                        0.0000     1.1000 r
  library setup time                                   -0.0265     1.0735
  data required time                                               1.0735
  --------------------------------------------------------------------------
  data required time                                               1.0735
  data arrival time                                               -1.4666
  --------------------------------------------------------------------------
  slack (VIOLATED)                                                -0.3931


  Startpoint: DP_i_mem_access_i_rd_out_reg_i_Y_reg_0_
              (rising edge-triggered flip-flop clocked by CLK)
  Endpoint: DP_i_execute_i_boothmul_i_tree_i_register_i_3_Y_temp_reg_29_
            (rising edge-triggered flip-flop clocked by CLK)
  Path Group: REG2REG
  Path Type: max

  Des/Clust/Port     Wire Load Model       Library
  ------------------------------------------------
  DLX                5K_hvratio_1_4        NangateOpenCellLibrary

  Point                                                   Incr       Path
  --------------------------------------------------------------------------
  clock CLK (rise edge)                                 0.0000     0.0000
  clock network delay (ideal)                           0.0500     0.0500
  DP_i_mem_access_i_rd_out_reg_i_Y_reg_0_/CK (DFF_X1)   0.0000     0.0500 r
  DP_i_mem_access_i_rd_out_reg_i_Y_reg_0_/Q (DFF_X1)    0.1023     0.1523 r
  U4315/ZN (XNOR2_X1)                                   0.0625     0.2149 r
  U1067/ZN (AND3_X1)                                    0.0555     0.2704 r
  U923/ZN (AND4_X2)                                     0.0645     0.3349 r
  U1169/ZN (AND2_X1)                                    0.0488     0.3837 r
  U1122/Z (BUF_X2)                                      0.0478     0.4314 r
  U4811/ZN (AOI222_X1)                                  0.0483     0.4798 f
  U3749/Z (MUX2_X1)                                     0.0842     0.5640 f
  U874/Z (BUF_X1)                                       0.0515     0.6155 f
  U3281/ZN (OR2_X1)                                     0.0643     0.6797 f
  U1601/Z (MUX2_X1)                                     0.0918     0.7715 f
  U5259/ZN (OAI22_X1)                                   0.0776     0.8491 r
  U5260/ZN (XNOR2_X1)                                   0.0775     0.9266 r
  U5520/ZN (XNOR2_X1)                                   0.0679     0.9945 r
  U3275/ZN (AND2_X1)                                    0.0514     1.0459 r
  U5524/ZN (XNOR2_X1)                                   0.0617     1.1076 r
  U979/Z (XOR2_X1)                                      0.0733     1.1809 r
  U5525/ZN (XNOR2_X1)                                   0.0709     1.2518 r
  U1328/Z (BUF_X1)                                      0.0433     1.2950 r
  U9376/ZN (XNOR2_X1)                                   0.0587     1.3537 r
  U9377/ZN (XNOR2_X1)                                   0.0598     1.4135 r
  U3699/ZN (AND2_X1)                                    0.0422     1.4557 r
  DP_i_execute_i_boothmul_i_tree_i_register_i_3_Y_temp_reg_29_/D (DFF_X1)
                                                        0.0110     1.4666 r
  data arrival time                                                1.4666

  clock CLK (rise edge)                                 1.1000     1.1000
  clock network delay (ideal)                           0.0500     1.1500
  clock uncertainty                                    -0.0500     1.1000
  DP_i_execute_i_boothmul_i_tree_i_register_i_3_Y_temp_reg_29_/CK (DFF_X1)
                                                        0.0000     1.1000 r
  library setup time                                   -0.0265     1.0735
  data required time                                               1.0735
  --------------------------------------------------------------------------
  data required time                                               1.0735
  data arrival time                                               -1.4666
  --------------------------------------------------------------------------
  slack (VIOLATED)                                                -0.3931


1
