 
****************************************
Report : timing
        -path full
        -delay max
        -nworst 2
        -group REG2REG
        -max_paths 10
Design : DLX
Version: W-2024.09-SP2
Date   : Sun Sep 27 03:50:18 2026
****************************************

Operating Conditions: typical   Library: NangateOpenCellLibrary
Wire Load Model Mode: top

  Startpoint: DP_i/execute_i_rd_out_reg_i_Y_reg_0_
              (rising edge-triggered flip-flop clocked by CLK)
  Endpoint: DP_i/execute_i_zero_alu_bit_Y_reg
            (rising edge-triggered flip-flop clocked by CLK)
  Path Group: REG2REG
  Path Type: max

  Des/Clust/Port     Wire Load Model       Library
  ------------------------------------------------
  DLX                5K_hvratio_1_4        NangateOpenCellLibrary

  Point                                                   Incr       Path
  --------------------------------------------------------------------------
  clock CLK (rise edge)                                 0.0000     0.0000
  clock network delay (ideal)                           0.0500     0.0500
  DP_i/execute_i_rd_out_reg_i_Y_reg_0_/CK (DFF_X1)      0.0000     0.0500 r
  DP_i/execute_i_rd_out_reg_i_Y_reg_0_/Q (DFF_X1)       0.1092     0.1592 f
  DP_i/rd_ex_mem[0] (DataPath)                          0.0000     0.1592 f
  U1084/ZN (INV_X1)                                     0.0555     0.2147 r
  U1085/ZN (OAI22_X1)                                   0.0426     0.2573 f
  U1086/ZN (AOI221_X1)                                  0.0838     0.3411 r
  U1087/ZN (AND4_X1)                                    0.0925     0.4336 r
  DP_i/fw_ex_ex_rs2 (DataPath)                          0.0000     0.4336 r
  DP_i/U175/ZN (INV_X1)                                 0.0399     0.4735 f
  DP_i/U176/ZN (AND2_X1)                                0.0548     0.5283 f
  DP_i/U227/ZN (AOI222_X1)                              0.1334     0.6617 r
  DP_i/U371/ZN (INV_X1)                                 0.0334     0.6951 f
  DP_i/U372/ZN (AOI22_X2)                               0.0944     0.7895 r
  DP_i/U373/ZN (INV_X1)                                 0.0422     0.8317 f
  DP_i/U374/ZN (OAI22_X1)                               0.0723     0.9040 r
  DP_i/U391/ZN (NOR2_X1)                                0.0330     0.9370 f
  DP_i/U394/ZN (AOI211_X1)                              0.0893     1.0263 r
  DP_i/U395/ZN (NOR2_X1)                                0.0345     1.0607 f
  DP_i/U396/ZN (NAND2_X1)                               0.0559     1.1166 r
  DP_i/U401/ZN (NOR2_X1)                                0.0391     1.1558 f
  DP_i/U402/ZN (AOI21_X1)                               0.0589     1.2147 r
  DP_i/U407/ZN (AOI22_X1)                               0.0365     1.2512 f
  DP_i/U482/CO (FA_X1)                                  0.1144     1.3656 f
  DP_i/U408/ZN (NAND2_X1)                               0.0491     1.4147 r
  DP_i/U409/ZN (NOR2_X1)                                0.0297     1.4444 f
  DP_i/U411/ZN (XNOR2_X1)                               0.0566     1.5010 f
  DP_i/U417/ZN (XNOR2_X1)                               0.0689     1.5699 r
  DP_i/U420/ZN (AOI21_X1)                               0.0440     1.6139 f
  DP_i/U149/ZN (NOR2_X1)                                0.0745     1.6884 r
  DP_i/U422/ZN (NAND2_X1)                               0.0485     1.7368 f
  DP_i/U423/ZN (NOR2_X1)                                0.0537     1.7906 r
  DP_i/U424/ZN (XNOR2_X1)                               0.0663     1.8568 r
  DP_i/U425/ZN (XNOR2_X1)                               0.0771     1.9340 r
  DP_i/U428/ZN (AOI21_X1)                               0.0512     1.9852 f
  DP_i/U433/ZN (OR2_X1)                                 0.0667     2.0518 f
  DP_i/U435/ZN (OAI21_X1)                               0.0556     2.1074 r
  DP_i/U483/CO (FA_X1)                                  0.0819     2.1893 r
  DP_i/U147/ZN (AND2_X1)                                0.0525     2.2418 r
  DP_i/U439/ZN (NAND2_X1)                               0.0389     2.2807 f
  DP_i/U441/ZN (AOI211_X1)                              0.1170     2.3977 r
  DP_i/U471/ZN (OAI21_X1)                               0.0443     2.4421 f
  DP_i/U472/ZN (OAI21_X1)                               0.0533     2.4953 r
  DP_i/U473/ZN (INV_X1)                                 0.0272     2.5226 f
  DP_i/U480/S (FA_X1)                                   0.1323     2.6549 r
  DP_i/U481/ZN (INV_X1)                                 0.0263     2.6812 f
  DP_i/U485/ZN (NOR4_X1)                                0.0543     2.7355 r
  DP_i/U486/ZN (AND4_X1)                                0.0736     2.8092 r
  DP_i/U487/ZN (NAND4_X1)                               0.0461     2.8553 f
  DP_i/U516/ZN (NOR4_X1)                                0.0841     2.9394 r
  DP_i/U518/ZN (NAND3_X1)                               0.0510     2.9904 f
  DP_i/U524/ZN (INV_X1)                                 0.0449     3.0353 r
  DP_i/U525/ZN (OAI21_X1)                               0.0366     3.0719 f
  DP_i/U526/ZN (AOI21_X1)                               0.0593     3.1312 r
  DP_i/U530/ZN (OAI221_X1)                              0.0498     3.1810 f
  DP_i/U531/ZN (OAI22_X1)                               0.0613     3.2423 r
  DP_i/U532/ZN (OAI211_X1)                              0.0409     3.2831 f
  DP_i/U163/ZN (AND4_X1)                                0.0497     3.3328 f
  DP_i/U4083/ZN (NAND4_X1)                              0.0334     3.3662 r
  DP_i/U4084/ZN (NOR3_X1)                               0.0270     3.3932 f
  DP_i/U2/Z (MUX2_X1)                                   0.0668     3.4600 f
  DP_i/execute_i_zero_alu_bit_Y_reg/D (DFF_X1)          0.0104     3.4704 f
  data arrival time                                                3.4704

  clock CLK (rise edge)                                 3.5000     3.5000
  clock network delay (ideal)                           0.0500     3.5500
  clock uncertainty                                    -0.0500     3.5000
  DP_i/execute_i_zero_alu_bit_Y_reg/CK (DFF_X1)         0.0000     3.5000 r
  library setup time                                   -0.0257     3.4743
  data required time                                               3.4743
  --------------------------------------------------------------------------
  data required time                                               3.4743
  data arrival time                                               -3.4704
  --------------------------------------------------------------------------
  slack (MET)                                                      0.0039


  Startpoint: DP_i/execute_i_rd_out_reg_i_Y_reg_0_
              (rising edge-triggered flip-flop clocked by CLK)
  Endpoint: DP_i/execute_i_zero_alu_bit_Y_reg
            (rising edge-triggered flip-flop clocked by CLK)
  Path Group: REG2REG
  Path Type: max

  Des/Clust/Port     Wire Load Model       Library
  ------------------------------------------------
  DLX                5K_hvratio_1_4        NangateOpenCellLibrary

  Point                                                   Incr       Path
  --------------------------------------------------------------------------
  clock CLK (rise edge)                                 0.0000     0.0000
  clock network delay (ideal)                           0.0500     0.0500
  DP_i/execute_i_rd_out_reg_i_Y_reg_0_/CK (DFF_X1)      0.0000     0.0500 r
  DP_i/execute_i_rd_out_reg_i_Y_reg_0_/Q (DFF_X1)       0.1092     0.1592 f
  DP_i/rd_ex_mem[0] (DataPath)                          0.0000     0.1592 f
  U1084/ZN (INV_X1)                                     0.0555     0.2147 r
  U1085/ZN (OAI22_X1)                                   0.0426     0.2573 f
  U1086/ZN (AOI221_X1)                                  0.0838     0.3411 r
  U1087/ZN (AND4_X1)                                    0.0925     0.4336 r
  DP_i/fw_ex_ex_rs2 (DataPath)                          0.0000     0.4336 r
  DP_i/U175/ZN (INV_X1)                                 0.0399     0.4735 f
  DP_i/U176/ZN (AND2_X1)                                0.0548     0.5283 f
  DP_i/U227/ZN (AOI222_X1)                              0.1334     0.6617 r
  DP_i/U371/ZN (INV_X1)                                 0.0334     0.6951 f
  DP_i/U372/ZN (AOI22_X2)                               0.0944     0.7895 r
  DP_i/U373/ZN (INV_X1)                                 0.0422     0.8317 f
  DP_i/U374/ZN (OAI22_X1)                               0.0723     0.9040 r
  DP_i/U391/ZN (NOR2_X1)                                0.0330     0.9370 f
  DP_i/U394/ZN (AOI211_X1)                              0.0893     1.0263 r
  DP_i/U395/ZN (NOR2_X1)                                0.0345     1.0607 f
  DP_i/U396/ZN (NAND2_X1)                               0.0559     1.1166 r
  DP_i/U401/ZN (NOR2_X1)                                0.0391     1.1558 f
  DP_i/U402/ZN (AOI21_X1)                               0.0589     1.2147 r
  DP_i/U407/ZN (AOI22_X1)                               0.0365     1.2512 f
  DP_i/U482/CO (FA_X1)                                  0.1144     1.3656 f
  DP_i/U408/ZN (NAND2_X1)                               0.0491     1.4147 r
  DP_i/U409/ZN (NOR2_X1)                                0.0297     1.4444 f
  DP_i/U411/ZN (XNOR2_X1)                               0.0566     1.5010 f
  DP_i/U417/ZN (XNOR2_X1)                               0.0689     1.5699 r
  DP_i/U420/ZN (AOI21_X1)                               0.0440     1.6139 f
  DP_i/U149/ZN (NOR2_X1)                                0.0745     1.6884 r
  DP_i/U422/ZN (NAND2_X1)                               0.0485     1.7368 f
  DP_i/U423/ZN (NOR2_X1)                                0.0537     1.7906 r
  DP_i/U424/ZN (XNOR2_X1)                               0.0663     1.8568 r
  DP_i/U425/ZN (XNOR2_X1)                               0.0771     1.9340 r
  DP_i/U428/ZN (AOI21_X1)                               0.0512     1.9852 f
  DP_i/U433/ZN (OR2_X1)                                 0.0667     2.0518 f
  DP_i/U435/ZN (OAI21_X1)                               0.0556     2.1074 r
  DP_i/U483/CO (FA_X1)                                  0.0819     2.1893 r
  DP_i/U147/ZN (AND2_X1)                                0.0525     2.2418 r
  DP_i/U439/ZN (NAND2_X1)                               0.0389     2.2807 f
  DP_i/U441/ZN (AOI211_X1)                              0.1170     2.3977 r
  DP_i/U471/ZN (OAI21_X1)                               0.0443     2.4421 f
  DP_i/U472/ZN (OAI21_X1)                               0.0533     2.4953 r
  DP_i/U473/ZN (INV_X1)                                 0.0272     2.5226 f
  DP_i/U480/S (FA_X1)                                   0.1323     2.6549 r
  DP_i/U481/ZN (INV_X1)                                 0.0263     2.6812 f
  DP_i/U485/ZN (NOR4_X1)                                0.0543     2.7355 r
  DP_i/U486/ZN (AND4_X1)                                0.0736     2.8092 r
  DP_i/U487/ZN (NAND4_X1)                               0.0461     2.8553 f
  DP_i/U516/ZN (NOR4_X1)                                0.0841     2.9394 r
  DP_i/U518/ZN (NAND3_X1)                               0.0510     2.9904 f
  DP_i/U524/ZN (INV_X1)                                 0.0449     3.0353 r
  DP_i/U525/ZN (OAI21_X1)                               0.0366     3.0719 f
  DP_i/U526/ZN (AOI21_X1)                               0.0593     3.1312 r
  DP_i/U530/ZN (OAI221_X1)                              0.0498     3.1810 f
  DP_i/U531/ZN (OAI22_X1)                               0.0613     3.2423 r
  DP_i/U532/ZN (OAI211_X1)                              0.0409     3.2831 f
  DP_i/U163/ZN (AND4_X1)                                0.0497     3.3328 f
  DP_i/U4083/ZN (NAND4_X1)                              0.0334     3.3662 r
  DP_i/U4084/ZN (NOR3_X1)                               0.0270     3.3932 f
  DP_i/U2/Z (MUX2_X1)                                   0.0668     3.4600 f
  DP_i/execute_i_zero_alu_bit_Y_reg/D (DFF_X1)          0.0104     3.4704 f
  data arrival time                                                3.4704

  clock CLK (rise edge)                                 3.5000     3.5000
  clock network delay (ideal)                           0.0500     3.5500
  clock uncertainty                                    -0.0500     3.5000
  DP_i/execute_i_zero_alu_bit_Y_reg/CK (DFF_X1)         0.0000     3.5000 r
  library setup time                                   -0.0257     3.4743
  data required time                                               3.4743
  --------------------------------------------------------------------------
  data required time                                               3.4743
  data arrival time                                               -3.4704
  --------------------------------------------------------------------------
  slack (MET)                                                      0.0039


  Startpoint: DP_i/fetch_i_IR_out_reg_29_
              (rising edge-triggered flip-flop clocked by CLK)
  Endpoint: DP_i/fetch_i_pc_i_Y_reg_2_
            (rising edge-triggered flip-flop clocked by CLK)
  Path Group: REG2REG
  Path Type: max

  Des/Clust/Port     Wire Load Model       Library
  ------------------------------------------------
  DLX                5K_hvratio_1_4        NangateOpenCellLibrary

  Point                                                   Incr       Path
  --------------------------------------------------------------------------
  clock CLK (rise edge)                                 0.0000     0.0000
  clock network delay (ideal)                           0.0500     0.0500
  DP_i/fetch_i_IR_out_reg_29_/CK (DFF_X1)               0.0000     0.0500 r
  DP_i/fetch_i_IR_out_reg_29_/Q (DFF_X1)                0.1319     0.1819 f
  DP_i/opcode[3] (DataPath)                             0.0000     0.1819 f
  U850/ZN (INV_X1)                                      0.0872     0.2690 r
  U857/ZN (NAND3_X1)                                    0.0653     0.3344 f
  U790/ZN (NOR2_X2)                                     0.1397     0.4740 r
  DP_i/RF2 (DataPath)                                   0.0000     0.4740 r
  DP_i/U734/ZN (OR2_X1)                                 0.0806     0.5546 r
  DP_i/U735/ZN (NOR2_X1)                                0.0388     0.5934 f
  DP_i/U736/ZN (AOI21_X1)                               0.0703     0.6637 r
  DP_i/U737/ZN (AOI21_X1)                               0.0388     0.7024 f
  DP_i/U738/ZN (AND2_X1)                                0.0450     0.7474 f
  DP_i/U739/ZN (NOR2_X1)                                0.0590     0.8064 r
  DP_i/U752/S (FA_X1)                                   0.1268     0.9332 f
  DP_i/U751/ZN (NAND2_X1)                               0.0397     0.9729 r
  DP_i/U754/ZN (NAND2_X1)                               0.0332     1.0061 f
  DP_i/U1461/CO (FA_X1)                                 0.0945     1.1006 f
  DP_i/U757/ZN (NAND2_X1)                               0.0502     1.1508 r
  DP_i/U20/ZN (OR2_X1)                                  0.0601     1.2109 r
  DP_i/U763/ZN (NOR2_X1)                                0.0315     1.2424 f
  DP_i/U764/ZN (OAI22_X1)                               0.0689     1.3112 r
  DP_i/U765/ZN (OAI21_X1)                               0.0537     1.3649 f
  DP_i/U766/ZN (NOR2_X1)                                0.0628     1.4277 r
  DP_i/U1114/ZN (OR2_X1)                                0.0584     1.4861 r
  DP_i/U1118/ZN (OR2_X1)                                0.0464     1.5326 r
  DP_i/U156/ZN (AOI22_X1)                               0.0388     1.5714 f
  DP_i/U1474/CO (FA_X1)                                 0.1058     1.6772 f
  DP_i/U158/ZN (AND2_X1)                                0.0545     1.7317 f
  DP_i/U1249/ZN (AND2_X1)                               0.0477     1.7794 f
  DP_i/U1254/ZN (XNOR2_X1)                              0.0617     1.8411 f
  DP_i/U1255/ZN (AOI22_X1)                              0.0897     1.9308 r
  DP_i/U1518/ZN (NAND3_X1)                              0.0609     1.9917 f
  DP_i/U1519/ZN (OR2_X1)                                0.0730     2.0647 f
  DP_i/U2371/ZN (NAND2_X1)                              0.0364     2.1011 r
  DP_i/U2448/S (FA_X1)                                  0.1215     2.2226 f
  DP_i/U2449/ZN (AOI22_X1)                              0.0577     2.2804 r
  DP_i/U2450/ZN (OAI221_X1)                             0.0508     2.3312 f
  DP_i/U2455/ZN (AOI211_X1)                             0.0872     2.4184 r
  DP_i/U2456/ZN (OAI21_X1)                              0.0407     2.4591 f
  DP_i/U2466/ZN (AOI211_X1)                             0.0860     2.5451 r
  DP_i/U2467/ZN (OAI21_X1)                              0.0407     2.5859 f
  DP_i/U2479/ZN (AOI211_X1)                             0.0864     2.6723 r
  DP_i/U2547/ZN (OAI211_X1)                             0.0503     2.7225 f
  DP_i/U2548/ZN (AOI21_X1)                              0.0551     2.7776 r
  DP_i/U144/ZN (AND4_X1)                                0.0669     2.8445 r
  DP_i/U151/ZN (AND3_X1)                                0.0544     2.8989 r
  DP_i/U2549/ZN (NAND3_X1)                              0.0363     2.9352 f
  DP_i/U2550/ZN (AOI22_X1)                              0.0600     2.9952 r
  DP_i/U2551/ZN (AOI21_X1)                              0.0694     3.0646 f
  DP_i/U4786/ZN (NOR3_X4)                               0.2354     3.2999 r
  DP_i/U3144/ZN (AOI22_X1)                              0.0621     3.3620 f
  DP_i/U3145/ZN (OAI211_X1)                             0.0506     3.4126 r
  DP_i/fetch_i_pc_i_Y_reg_2_/D (DFF_X1)                 0.0110     3.4235 r
  data arrival time                                                3.4235

  clock CLK (rise edge)                                 3.5000     3.5000
  clock network delay (ideal)                           0.0500     3.5500
  clock uncertainty                                    -0.0500     3.5000
  DP_i/fetch_i_pc_i_Y_reg_2_/CK (DFF_X1)                0.0000     3.5000 r
  library setup time                                   -0.0321     3.4679
  data required time                                               3.4679
  --------------------------------------------------------------------------
  data required time                                               3.4679
  data arrival time                                               -3.4235
  --------------------------------------------------------------------------
  slack (MET)                                                      0.0444


  Startpoint: DP_i/fetch_i_IR_out_reg_29_
              (rising edge-triggered flip-flop clocked by CLK)
  Endpoint: DP_i/fetch_i_pc_i_Y_reg_6_
            (rising edge-triggered flip-flop clocked by CLK)
  Path Group: REG2REG
  Path Type: max

  Des/Clust/Port     Wire Load Model       Library
  ------------------------------------------------
  DLX                5K_hvratio_1_4        NangateOpenCellLibrary

  Point                                                   Incr       Path
  --------------------------------------------------------------------------
  clock CLK (rise edge)                                 0.0000     0.0000
  clock network delay (ideal)                           0.0500     0.0500
  DP_i/fetch_i_IR_out_reg_29_/CK (DFF_X1)               0.0000     0.0500 r
  DP_i/fetch_i_IR_out_reg_29_/Q (DFF_X1)                0.1319     0.1819 f
  DP_i/opcode[3] (DataPath)                             0.0000     0.1819 f
  U850/ZN (INV_X1)                                      0.0872     0.2690 r
  U857/ZN (NAND3_X1)                                    0.0653     0.3344 f
  U790/ZN (NOR2_X2)                                     0.1397     0.4740 r
  DP_i/RF2 (DataPath)                                   0.0000     0.4740 r
  DP_i/U734/ZN (OR2_X1)                                 0.0806     0.5546 r
  DP_i/U735/ZN (NOR2_X1)                                0.0388     0.5934 f
  DP_i/U736/ZN (AOI21_X1)                               0.0703     0.6637 r
  DP_i/U737/ZN (AOI21_X1)                               0.0388     0.7024 f
  DP_i/U738/ZN (AND2_X1)                                0.0450     0.7474 f
  DP_i/U739/ZN (NOR2_X1)                                0.0590     0.8064 r
  DP_i/U752/S (FA_X1)                                   0.1268     0.9332 f
  DP_i/U751/ZN (NAND2_X1)                               0.0397     0.9729 r
  DP_i/U754/ZN (NAND2_X1)                               0.0332     1.0061 f
  DP_i/U1461/CO (FA_X1)                                 0.0945     1.1006 f
  DP_i/U757/ZN (NAND2_X1)                               0.0502     1.1508 r
  DP_i/U20/ZN (OR2_X1)                                  0.0601     1.2109 r
  DP_i/U763/ZN (NOR2_X1)                                0.0315     1.2424 f
  DP_i/U764/ZN (OAI22_X1)                               0.0689     1.3112 r
  DP_i/U765/ZN (OAI21_X1)                               0.0537     1.3649 f
  DP_i/U766/ZN (NOR2_X1)                                0.0628     1.4277 r
  DP_i/U1114/ZN (OR2_X1)                                0.0584     1.4861 r
  DP_i/U1118/ZN (OR2_X1)                                0.0464     1.5326 r
  DP_i/U156/ZN (AOI22_X1)                               0.0388     1.5714 f
  DP_i/U1474/CO (FA_X1)                                 0.1058     1.6772 f
  DP_i/U158/ZN (AND2_X1)                                0.0545     1.7317 f
  DP_i/U1249/ZN (AND2_X1)                               0.0477     1.7794 f
  DP_i/U1254/ZN (XNOR2_X1)                              0.0617     1.8411 f
  DP_i/U1255/ZN (AOI22_X1)                              0.0897     1.9308 r
  DP_i/U1518/ZN (NAND3_X1)                              0.0609     1.9917 f
  DP_i/U1519/ZN (OR2_X1)                                0.0730     2.0647 f
  DP_i/U2371/ZN (NAND2_X1)                              0.0364     2.1011 r
  DP_i/U2448/S (FA_X1)                                  0.1215     2.2226 f
  DP_i/U2449/ZN (AOI22_X1)                              0.0577     2.2804 r
  DP_i/U2450/ZN (OAI221_X1)                             0.0508     2.3312 f
  DP_i/U2455/ZN (AOI211_X1)                             0.0872     2.4184 r
  DP_i/U2456/ZN (OAI21_X1)                              0.0407     2.4591 f
  DP_i/U2466/ZN (AOI211_X1)                             0.0860     2.5451 r
  DP_i/U2467/ZN (OAI21_X1)                              0.0407     2.5859 f
  DP_i/U2479/ZN (AOI211_X1)                             0.0864     2.6723 r
  DP_i/U2547/ZN (OAI211_X1)                             0.0503     2.7225 f
  DP_i/U2548/ZN (AOI21_X1)                              0.0551     2.7776 r
  DP_i/U144/ZN (AND4_X1)                                0.0669     2.8445 r
  DP_i/U151/ZN (AND3_X1)                                0.0544     2.8989 r
  DP_i/U2549/ZN (NAND3_X1)                              0.0363     2.9352 f
  DP_i/U2550/ZN (AOI22_X1)                              0.0600     2.9952 r
  DP_i/U2551/ZN (AOI21_X1)                              0.0694     3.0646 f
  DP_i/U4786/ZN (NOR3_X4)                               0.2354     3.2999 r
  DP_i/U3124/ZN (AOI22_X1)                              0.0621     3.3620 f
  DP_i/U3125/ZN (OAI211_X1)                             0.0506     3.4126 r
  DP_i/fetch_i_pc_i_Y_reg_6_/D (DFF_X1)                 0.0110     3.4235 r
  data arrival time                                                3.4235

  clock CLK (rise edge)                                 3.5000     3.5000
  clock network delay (ideal)                           0.0500     3.5500
  clock uncertainty                                    -0.0500     3.5000
  DP_i/fetch_i_pc_i_Y_reg_6_/CK (DFF_X1)                0.0000     3.5000 r
  library setup time                                   -0.0321     3.4679
  data required time                                               3.4679
  --------------------------------------------------------------------------
  data required time                                               3.4679
  data arrival time                                               -3.4235
  --------------------------------------------------------------------------
  slack (MET)                                                      0.0444


  Startpoint: DP_i/fetch_i_IR_out_reg_29_
              (rising edge-triggered flip-flop clocked by CLK)
  Endpoint: DP_i/fetch_i_pc_i_Y_reg_8_
            (rising edge-triggered flip-flop clocked by CLK)
  Path Group: REG2REG
  Path Type: max

  Des/Clust/Port     Wire Load Model       Library
  ------------------------------------------------
  DLX                5K_hvratio_1_4        NangateOpenCellLibrary

  Point                                                   Incr       Path
  --------------------------------------------------------------------------
  clock CLK (rise edge)                                 0.0000     0.0000
  clock network delay (ideal)                           0.0500     0.0500
  DP_i/fetch_i_IR_out_reg_29_/CK (DFF_X1)               0.0000     0.0500 r
  DP_i/fetch_i_IR_out_reg_29_/Q (DFF_X1)                0.1319     0.1819 f
  DP_i/opcode[3] (DataPath)                             0.0000     0.1819 f
  U850/ZN (INV_X1)                                      0.0872     0.2690 r
  U857/ZN (NAND3_X1)                                    0.0653     0.3344 f
  U790/ZN (NOR2_X2)                                     0.1397     0.4740 r
  DP_i/RF2 (DataPath)                                   0.0000     0.4740 r
  DP_i/U734/ZN (OR2_X1)                                 0.0806     0.5546 r
  DP_i/U735/ZN (NOR2_X1)                                0.0388     0.5934 f
  DP_i/U736/ZN (AOI21_X1)                               0.0703     0.6637 r
  DP_i/U737/ZN (AOI21_X1)                               0.0388     0.7024 f
  DP_i/U738/ZN (AND2_X1)                                0.0450     0.7474 f
  DP_i/U739/ZN (NOR2_X1)                                0.0590     0.8064 r
  DP_i/U752/S (FA_X1)                                   0.1268     0.9332 f
  DP_i/U751/ZN (NAND2_X1)                               0.0397     0.9729 r
  DP_i/U754/ZN (NAND2_X1)                               0.0332     1.0061 f
  DP_i/U1461/CO (FA_X1)                                 0.0945     1.1006 f
  DP_i/U757/ZN (NAND2_X1)                               0.0502     1.1508 r
  DP_i/U20/ZN (OR2_X1)                                  0.0601     1.2109 r
  DP_i/U763/ZN (NOR2_X1)                                0.0315     1.2424 f
  DP_i/U764/ZN (OAI22_X1)                               0.0689     1.3112 r
  DP_i/U765/ZN (OAI21_X1)                               0.0537     1.3649 f
  DP_i/U766/ZN (NOR2_X1)                                0.0628     1.4277 r
  DP_i/U1114/ZN (OR2_X1)                                0.0584     1.4861 r
  DP_i/U1118/ZN (OR2_X1)                                0.0464     1.5326 r
  DP_i/U156/ZN (AOI22_X1)                               0.0388     1.5714 f
  DP_i/U1474/CO (FA_X1)                                 0.1058     1.6772 f
  DP_i/U158/ZN (AND2_X1)                                0.0545     1.7317 f
  DP_i/U1249/ZN (AND2_X1)                               0.0477     1.7794 f
  DP_i/U1254/ZN (XNOR2_X1)                              0.0617     1.8411 f
  DP_i/U1255/ZN (AOI22_X1)                              0.0897     1.9308 r
  DP_i/U1518/ZN (NAND3_X1)                              0.0609     1.9917 f
  DP_i/U1519/ZN (OR2_X1)                                0.0730     2.0647 f
  DP_i/U2371/ZN (NAND2_X1)                              0.0364     2.1011 r
  DP_i/U2448/S (FA_X1)                                  0.1215     2.2226 f
  DP_i/U2449/ZN (AOI22_X1)                              0.0577     2.2804 r
  DP_i/U2450/ZN (OAI221_X1)                             0.0508     2.3312 f
  DP_i/U2455/ZN (AOI211_X1)                             0.0872     2.4184 r
  DP_i/U2456/ZN (OAI21_X1)                              0.0407     2.4591 f
  DP_i/U2466/ZN (AOI211_X1)                             0.0860     2.5451 r
  DP_i/U2467/ZN (OAI21_X1)                              0.0407     2.5859 f
  DP_i/U2479/ZN (AOI211_X1)                             0.0864     2.6723 r
  DP_i/U2547/ZN (OAI211_X1)                             0.0503     2.7225 f
  DP_i/U2548/ZN (AOI21_X1)                              0.0551     2.7776 r
  DP_i/U144/ZN (AND4_X1)                                0.0669     2.8445 r
  DP_i/U151/ZN (AND3_X1)                                0.0544     2.8989 r
  DP_i/U2549/ZN (NAND3_X1)                              0.0363     2.9352 f
  DP_i/U2550/ZN (AOI22_X1)                              0.0600     2.9952 r
  DP_i/U2551/ZN (AOI21_X1)                              0.0694     3.0646 f
  DP_i/U4786/ZN (NOR3_X4)                               0.2354     3.2999 r
  DP_i/U3114/ZN (AOI22_X1)                              0.0621     3.3620 f
  DP_i/U3115/ZN (OAI211_X1)                             0.0506     3.4126 r
  DP_i/fetch_i_pc_i_Y_reg_8_/D (DFF_X1)                 0.0110     3.4235 r
  data arrival time                                                3.4235

  clock CLK (rise edge)                                 3.5000     3.5000
  clock network delay (ideal)                           0.0500     3.5500
  clock uncertainty                                    -0.0500     3.5000
  DP_i/fetch_i_pc_i_Y_reg_8_/CK (DFF_X1)                0.0000     3.5000 r
  library setup time                                   -0.0321     3.4679
  data required time                                               3.4679
  --------------------------------------------------------------------------
  data required time                                               3.4679
  data arrival time                                               -3.4235
  --------------------------------------------------------------------------
  slack (MET)                                                      0.0444


  Startpoint: DP_i/fetch_i_IR_out_reg_29_
              (rising edge-triggered flip-flop clocked by CLK)
  Endpoint: DP_i/fetch_i_pc_i_Y_reg_5_
            (rising edge-triggered flip-flop clocked by CLK)
  Path Group: REG2REG
  Path Type: max

  Des/Clust/Port     Wire Load Model       Library
  ------------------------------------------------
  DLX                5K_hvratio_1_4        NangateOpenCellLibrary

  Point                                                   Incr       Path
  --------------------------------------------------------------------------
  clock CLK (rise edge)                                 0.0000     0.0000
  clock network delay (ideal)                           0.0500     0.0500
  DP_i/fetch_i_IR_out_reg_29_/CK (DFF_X1)               0.0000     0.0500 r
  DP_i/fetch_i_IR_out_reg_29_/Q (DFF_X1)                0.1319     0.1819 f
  DP_i/opcode[3] (DataPath)                             0.0000     0.1819 f
  U850/ZN (INV_X1)                                      0.0872     0.2690 r
  U857/ZN (NAND3_X1)                                    0.0653     0.3344 f
  U790/ZN (NOR2_X2)                                     0.1397     0.4740 r
  DP_i/RF2 (DataPath)                                   0.0000     0.4740 r
  DP_i/U734/ZN (OR2_X1)                                 0.0806     0.5546 r
  DP_i/U735/ZN (NOR2_X1)                                0.0388     0.5934 f
  DP_i/U736/ZN (AOI21_X1)                               0.0703     0.6637 r
  DP_i/U737/ZN (AOI21_X1)                               0.0388     0.7024 f
  DP_i/U738/ZN (AND2_X1)                                0.0450     0.7474 f
  DP_i/U739/ZN (NOR2_X1)                                0.0590     0.8064 r
  DP_i/U752/S (FA_X1)                                   0.1268     0.9332 f
  DP_i/U751/ZN (NAND2_X1)                               0.0397     0.9729 r
  DP_i/U754/ZN (NAND2_X1)                               0.0332     1.0061 f
  DP_i/U1461/CO (FA_X1)                                 0.0945     1.1006 f
  DP_i/U757/ZN (NAND2_X1)                               0.0502     1.1508 r
  DP_i/U20/ZN (OR2_X1)                                  0.0601     1.2109 r
  DP_i/U763/ZN (NOR2_X1)                                0.0315     1.2424 f
  DP_i/U764/ZN (OAI22_X1)                               0.0689     1.3112 r
  DP_i/U765/ZN (OAI21_X1)                               0.0537     1.3649 f
  DP_i/U766/ZN (NOR2_X1)                                0.0628     1.4277 r
  DP_i/U1114/ZN (OR2_X1)                                0.0584     1.4861 r
  DP_i/U1118/ZN (OR2_X1)                                0.0464     1.5326 r
  DP_i/U156/ZN (AOI22_X1)                               0.0388     1.5714 f
  DP_i/U1474/CO (FA_X1)                                 0.1058     1.6772 f
  DP_i/U158/ZN (AND2_X1)                                0.0545     1.7317 f
  DP_i/U1249/ZN (AND2_X1)                               0.0477     1.7794 f
  DP_i/U1254/ZN (XNOR2_X1)                              0.0617     1.8411 f
  DP_i/U1255/ZN (AOI22_X1)                              0.0897     1.9308 r
  DP_i/U1518/ZN (NAND3_X1)                              0.0609     1.9917 f
  DP_i/U1519/ZN (OR2_X1)                                0.0730     2.0647 f
  DP_i/U2371/ZN (NAND2_X1)                              0.0364     2.1011 r
  DP_i/U2448/S (FA_X1)                                  0.1215     2.2226 f
  DP_i/U2449/ZN (AOI22_X1)                              0.0577     2.2804 r
  DP_i/U2450/ZN (OAI221_X1)                             0.0508     2.3312 f
  DP_i/U2455/ZN (AOI211_X1)                             0.0872     2.4184 r
  DP_i/U2456/ZN (OAI21_X1)                              0.0407     2.4591 f
  DP_i/U2466/ZN (AOI211_X1)                             0.0860     2.5451 r
  DP_i/U2467/ZN (OAI21_X1)                              0.0407     2.5859 f
  DP_i/U2479/ZN (AOI211_X1)                             0.0864     2.6723 r
  DP_i/U2547/ZN (OAI211_X1)                             0.0503     2.7225 f
  DP_i/U2548/ZN (AOI21_X1)                              0.0551     2.7776 r
  DP_i/U144/ZN (AND4_X1)                                0.0669     2.8445 r
  DP_i/U151/ZN (AND3_X1)                                0.0544     2.8989 r
  DP_i/U2549/ZN (NAND3_X1)                              0.0363     2.9352 f
  DP_i/U2550/ZN (AOI22_X1)                              0.0600     2.9952 r
  DP_i/U2551/ZN (AOI21_X1)                              0.0694     3.0646 f
  DP_i/U4786/ZN (NOR3_X4)                               0.2354     3.2999 r
  DP_i/U3129/ZN (AOI22_X1)                              0.0621     3.3620 f
  DP_i/U3130/ZN (OAI211_X1)                             0.0506     3.4126 r
  DP_i/fetch_i_pc_i_Y_reg_5_/D (DFF_X1)                 0.0110     3.4235 r
  data arrival time                                                3.4235

  clock CLK (rise edge)                                 3.5000     3.5000
  clock network delay (ideal)                           0.0500     3.5500
  clock uncertainty                                    -0.0500     3.5000
  DP_i/fetch_i_pc_i_Y_reg_5_/CK (DFF_X1)                0.0000     3.5000 r
  library setup time                                   -0.0321     3.4679
  data required time                                               3.4679
  --------------------------------------------------------------------------
  data required time                                               3.4679
  data arrival time                                               -3.4235
  --------------------------------------------------------------------------
  slack (MET)                                                      0.0444


  Startpoint: DP_i/fetch_i_IR_out_reg_29_
              (rising edge-triggered flip-flop clocked by CLK)
  Endpoint: DP_i/fetch_i_pc_i_Y_reg_7_
            (rising edge-triggered flip-flop clocked by CLK)
  Path Group: REG2REG
  Path Type: max

  Des/Clust/Port     Wire Load Model       Library
  ------------------------------------------------
  DLX                5K_hvratio_1_4        NangateOpenCellLibrary

  Point                                                   Incr       Path
  --------------------------------------------------------------------------
  clock CLK (rise edge)                                 0.0000     0.0000
  clock network delay (ideal)                           0.0500     0.0500
  DP_i/fetch_i_IR_out_reg_29_/CK (DFF_X1)               0.0000     0.0500 r
  DP_i/fetch_i_IR_out_reg_29_/Q (DFF_X1)                0.1319     0.1819 f
  DP_i/opcode[3] (DataPath)                             0.0000     0.1819 f
  U850/ZN (INV_X1)                                      0.0872     0.2690 r
  U857/ZN (NAND3_X1)                                    0.0653     0.3344 f
  U790/ZN (NOR2_X2)                                     0.1397     0.4740 r
  DP_i/RF2 (DataPath)                                   0.0000     0.4740 r
  DP_i/U734/ZN (OR2_X1)                                 0.0806     0.5546 r
  DP_i/U735/ZN (NOR2_X1)                                0.0388     0.5934 f
  DP_i/U736/ZN (AOI21_X1)                               0.0703     0.6637 r
  DP_i/U737/ZN (AOI21_X1)                               0.0388     0.7024 f
  DP_i/U738/ZN (AND2_X1)                                0.0450     0.7474 f
  DP_i/U739/ZN (NOR2_X1)                                0.0590     0.8064 r
  DP_i/U752/S (FA_X1)                                   0.1268     0.9332 f
  DP_i/U751/ZN (NAND2_X1)                               0.0397     0.9729 r
  DP_i/U754/ZN (NAND2_X1)                               0.0332     1.0061 f
  DP_i/U1461/CO (FA_X1)                                 0.0945     1.1006 f
  DP_i/U757/ZN (NAND2_X1)                               0.0502     1.1508 r
  DP_i/U20/ZN (OR2_X1)                                  0.0601     1.2109 r
  DP_i/U763/ZN (NOR2_X1)                                0.0315     1.2424 f
  DP_i/U764/ZN (OAI22_X1)                               0.0689     1.3112 r
  DP_i/U765/ZN (OAI21_X1)                               0.0537     1.3649 f
  DP_i/U766/ZN (NOR2_X1)                                0.0628     1.4277 r
  DP_i/U1114/ZN (OR2_X1)                                0.0584     1.4861 r
  DP_i/U1118/ZN (OR2_X1)                                0.0464     1.5326 r
  DP_i/U156/ZN (AOI22_X1)                               0.0388     1.5714 f
  DP_i/U1474/CO (FA_X1)                                 0.1058     1.6772 f
  DP_i/U158/ZN (AND2_X1)                                0.0545     1.7317 f
  DP_i/U1249/ZN (AND2_X1)                               0.0477     1.7794 f
  DP_i/U1254/ZN (XNOR2_X1)                              0.0617     1.8411 f
  DP_i/U1255/ZN (AOI22_X1)                              0.0897     1.9308 r
  DP_i/U1518/ZN (NAND3_X1)                              0.0609     1.9917 f
  DP_i/U1519/ZN (OR2_X1)                                0.0730     2.0647 f
  DP_i/U2371/ZN (NAND2_X1)                              0.0364     2.1011 r
  DP_i/U2448/S (FA_X1)                                  0.1215     2.2226 f
  DP_i/U2449/ZN (AOI22_X1)                              0.0577     2.2804 r
  DP_i/U2450/ZN (OAI221_X1)                             0.0508     2.3312 f
  DP_i/U2455/ZN (AOI211_X1)                             0.0872     2.4184 r
  DP_i/U2456/ZN (OAI21_X1)                              0.0407     2.4591 f
  DP_i/U2466/ZN (AOI211_X1)                             0.0860     2.5451 r
  DP_i/U2467/ZN (OAI21_X1)                              0.0407     2.5859 f
  DP_i/U2479/ZN (AOI211_X1)                             0.0864     2.6723 r
  DP_i/U2547/ZN (OAI211_X1)                             0.0503     2.7225 f
  DP_i/U2548/ZN (AOI21_X1)                              0.0551     2.7776 r
  DP_i/U144/ZN (AND4_X1)                                0.0669     2.8445 r
  DP_i/U151/ZN (AND3_X1)                                0.0544     2.8989 r
  DP_i/U2549/ZN (NAND3_X1)                              0.0363     2.9352 f
  DP_i/U2550/ZN (AOI22_X1)                              0.0600     2.9952 r
  DP_i/U2551/ZN (AOI21_X1)                              0.0694     3.0646 f
  DP_i/U4786/ZN (NOR3_X4)                               0.2354     3.2999 r
  DP_i/U3119/ZN (AOI22_X1)                              0.0621     3.3620 f
  DP_i/U3120/ZN (OAI211_X1)                             0.0506     3.4126 r
  DP_i/fetch_i_pc_i_Y_reg_7_/D (DFF_X1)                 0.0110     3.4235 r
  data arrival time                                                3.4235

  clock CLK (rise edge)                                 3.5000     3.5000
  clock network delay (ideal)                           0.0500     3.5500
  clock uncertainty                                    -0.0500     3.5000
  DP_i/fetch_i_pc_i_Y_reg_7_/CK (DFF_X1)                0.0000     3.5000 r
  library setup time                                   -0.0321     3.4679
  data required time                                               3.4679
  --------------------------------------------------------------------------
  data required time                                               3.4679
  data arrival time                                               -3.4235
  --------------------------------------------------------------------------
  slack (MET)                                                      0.0444


  Startpoint: DP_i/fetch_i_IR_out_reg_29_
              (rising edge-triggered flip-flop clocked by CLK)
  Endpoint: DP_i/fetch_i_pc_i_Y_reg_4_
            (rising edge-triggered flip-flop clocked by CLK)
  Path Group: REG2REG
  Path Type: max

  Des/Clust/Port     Wire Load Model       Library
  ------------------------------------------------
  DLX                5K_hvratio_1_4        NangateOpenCellLibrary

  Point                                                   Incr       Path
  --------------------------------------------------------------------------
  clock CLK (rise edge)                                 0.0000     0.0000
  clock network delay (ideal)                           0.0500     0.0500
  DP_i/fetch_i_IR_out_reg_29_/CK (DFF_X1)               0.0000     0.0500 r
  DP_i/fetch_i_IR_out_reg_29_/Q (DFF_X1)                0.1319     0.1819 f
  DP_i/opcode[3] (DataPath)                             0.0000     0.1819 f
  U850/ZN (INV_X1)                                      0.0872     0.2690 r
  U857/ZN (NAND3_X1)                                    0.0653     0.3344 f
  U790/ZN (NOR2_X2)                                     0.1397     0.4740 r
  DP_i/RF2 (DataPath)                                   0.0000     0.4740 r
  DP_i/U734/ZN (OR2_X1)                                 0.0806     0.5546 r
  DP_i/U735/ZN (NOR2_X1)                                0.0388     0.5934 f
  DP_i/U736/ZN (AOI21_X1)                               0.0703     0.6637 r
  DP_i/U737/ZN (AOI21_X1)                               0.0388     0.7024 f
  DP_i/U738/ZN (AND2_X1)                                0.0450     0.7474 f
  DP_i/U739/ZN (NOR2_X1)                                0.0590     0.8064 r
  DP_i/U752/S (FA_X1)                                   0.1268     0.9332 f
  DP_i/U751/ZN (NAND2_X1)                               0.0397     0.9729 r
  DP_i/U754/ZN (NAND2_X1)                               0.0332     1.0061 f
  DP_i/U1461/CO (FA_X1)                                 0.0945     1.1006 f
  DP_i/U757/ZN (NAND2_X1)                               0.0502     1.1508 r
  DP_i/U20/ZN (OR2_X1)                                  0.0601     1.2109 r
  DP_i/U763/ZN (NOR2_X1)                                0.0315     1.2424 f
  DP_i/U764/ZN (OAI22_X1)                               0.0689     1.3112 r
  DP_i/U765/ZN (OAI21_X1)                               0.0537     1.3649 f
  DP_i/U766/ZN (NOR2_X1)                                0.0628     1.4277 r
  DP_i/U1114/ZN (OR2_X1)                                0.0584     1.4861 r
  DP_i/U1118/ZN (OR2_X1)                                0.0464     1.5326 r
  DP_i/U156/ZN (AOI22_X1)                               0.0388     1.5714 f
  DP_i/U1474/CO (FA_X1)                                 0.1058     1.6772 f
  DP_i/U158/ZN (AND2_X1)                                0.0545     1.7317 f
  DP_i/U1249/ZN (AND2_X1)                               0.0477     1.7794 f
  DP_i/U1254/ZN (XNOR2_X1)                              0.0617     1.8411 f
  DP_i/U1255/ZN (AOI22_X1)                              0.0897     1.9308 r
  DP_i/U1518/ZN (NAND3_X1)                              0.0609     1.9917 f
  DP_i/U1519/ZN (OR2_X1)                                0.0730     2.0647 f
  DP_i/U2371/ZN (NAND2_X1)                              0.0364     2.1011 r
  DP_i/U2448/S (FA_X1)                                  0.1215     2.2226 f
  DP_i/U2449/ZN (AOI22_X1)                              0.0577     2.2804 r
  DP_i/U2450/ZN (OAI221_X1)                             0.0508     2.3312 f
  DP_i/U2455/ZN (AOI211_X1)                             0.0872     2.4184 r
  DP_i/U2456/ZN (OAI21_X1)                              0.0407     2.4591 f
  DP_i/U2466/ZN (AOI211_X1)                             0.0860     2.5451 r
  DP_i/U2467/ZN (OAI21_X1)                              0.0407     2.5859 f
  DP_i/U2479/ZN (AOI211_X1)                             0.0864     2.6723 r
  DP_i/U2547/ZN (OAI211_X1)                             0.0503     2.7225 f
  DP_i/U2548/ZN (AOI21_X1)                              0.0551     2.7776 r
  DP_i/U144/ZN (AND4_X1)                                0.0669     2.8445 r
  DP_i/U151/ZN (AND3_X1)                                0.0544     2.8989 r
  DP_i/U2549/ZN (NAND3_X1)                              0.0363     2.9352 f
  DP_i/U2550/ZN (AOI22_X1)                              0.0600     2.9952 r
  DP_i/U2551/ZN (AOI21_X1)                              0.0694     3.0646 f
  DP_i/U4786/ZN (NOR3_X4)                               0.2354     3.2999 r
  DP_i/U3134/ZN (AOI22_X1)                              0.0621     3.3620 f
  DP_i/U3135/ZN (OAI211_X1)                             0.0506     3.4126 r
  DP_i/fetch_i_pc_i_Y_reg_4_/D (DFF_X1)                 0.0110     3.4235 r
  data arrival time                                                3.4235

  clock CLK (rise edge)                                 3.5000     3.5000
  clock network delay (ideal)                           0.0500     3.5500
  clock uncertainty                                    -0.0500     3.5000
  DP_i/fetch_i_pc_i_Y_reg_4_/CK (DFF_X1)                0.0000     3.5000 r
  library setup time                                   -0.0321     3.4679
  data required time                                               3.4679
  --------------------------------------------------------------------------
  data required time                                               3.4679
  data arrival time                                               -3.4235
  --------------------------------------------------------------------------
  slack (MET)                                                      0.0444


  Startpoint: DP_i/fetch_i_IR_out_reg_29_
              (rising edge-triggered flip-flop clocked by CLK)
  Endpoint: DP_i/fetch_i_pc_i_Y_reg_3_
            (rising edge-triggered flip-flop clocked by CLK)
  Path Group: REG2REG
  Path Type: max

  Des/Clust/Port     Wire Load Model       Library
  ------------------------------------------------
  DLX                5K_hvratio_1_4        NangateOpenCellLibrary

  Point                                                   Incr       Path
  --------------------------------------------------------------------------
  clock CLK (rise edge)                                 0.0000     0.0000
  clock network delay (ideal)                           0.0500     0.0500
  DP_i/fetch_i_IR_out_reg_29_/CK (DFF_X1)               0.0000     0.0500 r
  DP_i/fetch_i_IR_out_reg_29_/Q (DFF_X1)                0.1319     0.1819 f
  DP_i/opcode[3] (DataPath)                             0.0000     0.1819 f
  U850/ZN (INV_X1)                                      0.0872     0.2690 r
  U857/ZN (NAND3_X1)                                    0.0653     0.3344 f
  U790/ZN (NOR2_X2)                                     0.1397     0.4740 r
  DP_i/RF2 (DataPath)                                   0.0000     0.4740 r
  DP_i/U734/ZN (OR2_X1)                                 0.0806     0.5546 r
  DP_i/U735/ZN (NOR2_X1)                                0.0388     0.5934 f
  DP_i/U736/ZN (AOI21_X1)                               0.0703     0.6637 r
  DP_i/U737/ZN (AOI21_X1)                               0.0388     0.7024 f
  DP_i/U738/ZN (AND2_X1)                                0.0450     0.7474 f
  DP_i/U739/ZN (NOR2_X1)                                0.0590     0.8064 r
  DP_i/U752/S (FA_X1)                                   0.1268     0.9332 f
  DP_i/U751/ZN (NAND2_X1)                               0.0397     0.9729 r
  DP_i/U754/ZN (NAND2_X1)                               0.0332     1.0061 f
  DP_i/U1461/CO (FA_X1)                                 0.0945     1.1006 f
  DP_i/U757/ZN (NAND2_X1)                               0.0502     1.1508 r
  DP_i/U20/ZN (OR2_X1)                                  0.0601     1.2109 r
  DP_i/U763/ZN (NOR2_X1)                                0.0315     1.2424 f
  DP_i/U764/ZN (OAI22_X1)                               0.0689     1.3112 r
  DP_i/U765/ZN (OAI21_X1)                               0.0537     1.3649 f
  DP_i/U766/ZN (NOR2_X1)                                0.0628     1.4277 r
  DP_i/U1114/ZN (OR2_X1)                                0.0584     1.4861 r
  DP_i/U1118/ZN (OR2_X1)                                0.0464     1.5326 r
  DP_i/U156/ZN (AOI22_X1)                               0.0388     1.5714 f
  DP_i/U1474/CO (FA_X1)                                 0.1058     1.6772 f
  DP_i/U158/ZN (AND2_X1)                                0.0545     1.7317 f
  DP_i/U1249/ZN (AND2_X1)                               0.0477     1.7794 f
  DP_i/U1254/ZN (XNOR2_X1)                              0.0617     1.8411 f
  DP_i/U1255/ZN (AOI22_X1)                              0.0897     1.9308 r
  DP_i/U1518/ZN (NAND3_X1)                              0.0609     1.9917 f
  DP_i/U1519/ZN (OR2_X1)                                0.0730     2.0647 f
  DP_i/U2371/ZN (NAND2_X1)                              0.0364     2.1011 r
  DP_i/U2448/S (FA_X1)                                  0.1215     2.2226 f
  DP_i/U2449/ZN (AOI22_X1)                              0.0577     2.2804 r
  DP_i/U2450/ZN (OAI221_X1)                             0.0508     2.3312 f
  DP_i/U2455/ZN (AOI211_X1)                             0.0872     2.4184 r
  DP_i/U2456/ZN (OAI21_X1)                              0.0407     2.4591 f
  DP_i/U2466/ZN (AOI211_X1)                             0.0860     2.5451 r
  DP_i/U2467/ZN (OAI21_X1)                              0.0407     2.5859 f
  DP_i/U2479/ZN (AOI211_X1)                             0.0864     2.6723 r
  DP_i/U2547/ZN (OAI211_X1)                             0.0503     2.7225 f
  DP_i/U2548/ZN (AOI21_X1)                              0.0551     2.7776 r
  DP_i/U144/ZN (AND4_X1)                                0.0669     2.8445 r
  DP_i/U151/ZN (AND3_X1)                                0.0544     2.8989 r
  DP_i/U2549/ZN (NAND3_X1)                              0.0363     2.9352 f
  DP_i/U2550/ZN (AOI22_X1)                              0.0600     2.9952 r
  DP_i/U2551/ZN (AOI21_X1)                              0.0694     3.0646 f
  DP_i/U4786/ZN (NOR3_X4)                               0.2354     3.2999 r
  DP_i/U3139/ZN (AOI22_X1)                              0.0621     3.3620 f
  DP_i/U3140/ZN (OAI211_X1)                             0.0506     3.4126 r
  DP_i/fetch_i_pc_i_Y_reg_3_/D (DFF_X1)                 0.0110     3.4235 r
  data arrival time                                                3.4235

  clock CLK (rise edge)                                 3.5000     3.5000
  clock network delay (ideal)                           0.0500     3.5500
  clock uncertainty                                    -0.0500     3.5000
  DP_i/fetch_i_pc_i_Y_reg_3_/CK (DFF_X1)                0.0000     3.5000 r
  library setup time                                   -0.0321     3.4679
  data required time                                               3.4679
  --------------------------------------------------------------------------
  data required time                                               3.4679
  data arrival time                                               -3.4235
  --------------------------------------------------------------------------
  slack (MET)                                                      0.0444


  Startpoint: DP_i/fetch_i_IR_out_reg_29_
              (rising edge-triggered flip-flop clocked by CLK)
  Endpoint: DP_i/fetch_i_pc_i_Y_reg_10_
            (rising edge-triggered flip-flop clocked by CLK)
  Path Group: REG2REG
  Path Type: max

  Des/Clust/Port     Wire Load Model       Library
  ------------------------------------------------
  DLX                5K_hvratio_1_4        NangateOpenCellLibrary

  Point                                                   Incr       Path
  --------------------------------------------------------------------------
  clock CLK (rise edge)                                 0.0000     0.0000
  clock network delay (ideal)                           0.0500     0.0500
  DP_i/fetch_i_IR_out_reg_29_/CK (DFF_X1)               0.0000     0.0500 r
  DP_i/fetch_i_IR_out_reg_29_/Q (DFF_X1)                0.1319     0.1819 f
  DP_i/opcode[3] (DataPath)                             0.0000     0.1819 f
  U850/ZN (INV_X1)                                      0.0872     0.2690 r
  U857/ZN (NAND3_X1)                                    0.0653     0.3344 f
  U790/ZN (NOR2_X2)                                     0.1397     0.4740 r
  DP_i/RF2 (DataPath)                                   0.0000     0.4740 r
  DP_i/U734/ZN (OR2_X1)                                 0.0806     0.5546 r
  DP_i/U735/ZN (NOR2_X1)                                0.0388     0.5934 f
  DP_i/U736/ZN (AOI21_X1)                               0.0703     0.6637 r
  DP_i/U737/ZN (AOI21_X1)                               0.0388     0.7024 f
  DP_i/U738/ZN (AND2_X1)                                0.0450     0.7474 f
  DP_i/U739/ZN (NOR2_X1)                                0.0590     0.8064 r
  DP_i/U752/S (FA_X1)                                   0.1268     0.9332 f
  DP_i/U751/ZN (NAND2_X1)                               0.0397     0.9729 r
  DP_i/U754/ZN (NAND2_X1)                               0.0332     1.0061 f
  DP_i/U1461/CO (FA_X1)                                 0.0945     1.1006 f
  DP_i/U757/ZN (NAND2_X1)                               0.0502     1.1508 r
  DP_i/U20/ZN (OR2_X1)                                  0.0601     1.2109 r
  DP_i/U763/ZN (NOR2_X1)                                0.0315     1.2424 f
  DP_i/U764/ZN (OAI22_X1)                               0.0689     1.3112 r
  DP_i/U765/ZN (OAI21_X1)                               0.0537     1.3649 f
  DP_i/U766/ZN (NOR2_X1)                                0.0628     1.4277 r
  DP_i/U1114/ZN (OR2_X1)                                0.0584     1.4861 r
  DP_i/U1118/ZN (OR2_X1)                                0.0464     1.5326 r
  DP_i/U156/ZN (AOI22_X1)                               0.0388     1.5714 f
  DP_i/U1474/CO (FA_X1)                                 0.1058     1.6772 f
  DP_i/U158/ZN (AND2_X1)                                0.0545     1.7317 f
  DP_i/U1249/ZN (AND2_X1)                               0.0477     1.7794 f
  DP_i/U1254/ZN (XNOR2_X1)                              0.0617     1.8411 f
  DP_i/U1255/ZN (AOI22_X1)                              0.0897     1.9308 r
  DP_i/U1518/ZN (NAND3_X1)                              0.0609     1.9917 f
  DP_i/U1519/ZN (OR2_X1)                                0.0730     2.0647 f
  DP_i/U2371/ZN (NAND2_X1)                              0.0364     2.1011 r
  DP_i/U2448/S (FA_X1)                                  0.1215     2.2226 f
  DP_i/U2449/ZN (AOI22_X1)                              0.0577     2.2804 r
  DP_i/U2450/ZN (OAI221_X1)                             0.0508     2.3312 f
  DP_i/U2455/ZN (AOI211_X1)                             0.0872     2.4184 r
  DP_i/U2456/ZN (OAI21_X1)                              0.0407     2.4591 f
  DP_i/U2466/ZN (AOI211_X1)                             0.0860     2.5451 r
  DP_i/U2467/ZN (OAI21_X1)                              0.0407     2.5859 f
  DP_i/U2479/ZN (AOI211_X1)                             0.0864     2.6723 r
  DP_i/U2547/ZN (OAI211_X1)                             0.0503     2.7225 f
  DP_i/U2548/ZN (AOI21_X1)                              0.0551     2.7776 r
  DP_i/U144/ZN (AND4_X1)                                0.0669     2.8445 r
  DP_i/U151/ZN (AND3_X1)                                0.0544     2.8989 r
  DP_i/U2549/ZN (NAND3_X1)                              0.0363     2.9352 f
  DP_i/U2550/ZN (AOI22_X1)                              0.0600     2.9952 r
  DP_i/U2551/ZN (AOI21_X1)                              0.0694     3.0646 f
  DP_i/U4786/ZN (NOR3_X4)                               0.2354     3.2999 r
  DP_i/U3104/ZN (AOI22_X1)                              0.0621     3.3620 f
  DP_i/U3105/ZN (OAI211_X1)                             0.0506     3.4126 r
  DP_i/fetch_i_pc_i_Y_reg_10_/D (DFF_X1)                0.0110     3.4235 r
  data arrival time                                                3.4235

  clock CLK (rise edge)                                 3.5000     3.5000
  clock network delay (ideal)                           0.0500     3.5500
  clock uncertainty                                    -0.0500     3.5000
  DP_i/fetch_i_pc_i_Y_reg_10_/CK (DFF_X1)               0.0000     3.5000 r
  library setup time                                   -0.0321     3.4679
  data required time                                               3.4679
  --------------------------------------------------------------------------
  data required time                                               3.4679
  data arrival time                                               -3.4235
  --------------------------------------------------------------------------
  slack (MET)                                                      0.0444


1
