 
****************************************
Report : timing
        -path full
        -delay max
        -nworst 2
        -group REG2REG
        -max_paths 10
Design : DLX
Version: W-2024.09-SP2
Date   : Tue Sep 29 12:07:53 2026
****************************************

Operating Conditions: typical   Library: NangateOpenCellLibrary
Wire Load Model Mode: top

  Startpoint: DP_i_decode_i_rs2_addr_i_Y_reg_1_
              (rising edge-triggered flip-flop clocked by CLK)
  Endpoint: DP_i_execute_i_alu_out_reg_i_Y_reg_0_
            (rising edge-triggered flip-flop clocked by CLK)
  Path Group: REG2REG
  Path Type: max

  Des/Clust/Port     Wire Load Model       Library
  ------------------------------------------------
  DLX                5K_hvratio_1_4        NangateOpenCellLibrary

  Point                                                   Incr       Path
  --------------------------------------------------------------------------
  clock CLK (rise edge)                                 0.0000     0.0000
  clock network delay (ideal)                           0.0500     0.0500
  DP_i_decode_i_rs2_addr_i_Y_reg_1_/CK (DFF_X1)         0.0000     0.0500 r
  DP_i_decode_i_rs2_addr_i_Y_reg_1_/Q (DFF_X1)          0.1040     0.1540 r
  U3723/ZN (XNOR2_X1)                                   0.0580     0.2121 r
  U2933/ZN (AND3_X1)                                    0.0524     0.2645 r
  U946/ZN (AND4_X2)                                     0.0642     0.3286 r
  U3728/ZN (INV_X1)                                     0.0315     0.3601 f
  U1419/ZN (AND2_X2)                                    0.0598     0.4200 f
  U1407/Z (BUF_X1)                                      0.0655     0.4854 f
  U2423/ZN (AOI222_X1)                                  0.1255     0.6110 r
  U4232/Z (MUX2_X1)                                     0.0744     0.6854 r
  U4233/ZN (XNOR2_X1)                                   0.0720     0.7574 r
  U4234/ZN (XNOR2_X1)                                   0.0749     0.8323 r
  U4244/ZN (NAND2_X1)                                   0.0429     0.8752 f
  U4246/ZN (NAND2_X1)                                   0.0376     0.9128 r
  U3305/ZN (OR2_X1)                                     0.0392     0.9520 r
  U5097/ZN (NAND2_X1)                                   0.0336     0.9856 f
  U5151/ZN (NOR4_X1)                                    0.0890     1.0746 r
  U2671/ZN (AND4_X1)                                    0.0675     1.1421 r
  U5159/ZN (AND3_X1)                                    0.0527     1.1948 r
  U1504/ZN (AND3_X1)                                    0.0522     1.2470 r
  U1353/ZN (AND4_X1)                                    0.0644     1.3113 r
  U2703/ZN (NAND2_X1)                                   0.0299     1.3412 f
  U2702/ZN (XNOR2_X1)                                   0.0556     1.3968 f
  U5174/ZN (AOI211_X1)                                  0.0590     1.4558 r
  U7922/ZN (OR3_X1)                                     0.0425     1.4983 r
  U9863/ZN (AND2_X1)                                    0.0384     1.5367 r
  DP_i_execute_i_alu_out_reg_i_Y_reg_0_/D (DFF_X1)      0.0110     1.5477 r
  data arrival time                                                1.5477

  clock CLK (rise edge)                                 1.2500     1.2500
  clock network delay (ideal)                           0.0500     1.3000
  clock uncertainty                                    -0.0500     1.2500
  DP_i_execute_i_alu_out_reg_i_Y_reg_0_/CK (DFF_X1)     0.0000     1.2500 r
  library setup time                                   -0.0265     1.2235
  data required time                                               1.2235
  --------------------------------------------------------------------------
  data required time                                               1.2235
  data arrival time                                               -1.5477
  --------------------------------------------------------------------------
  slack (VIOLATED)                                                -0.3241


  Startpoint: DP_i_decode_i_rs2_addr_i_Y_reg_1_
              (rising edge-triggered flip-flop clocked by CLK)
  Endpoint: DP_i_execute_i_alu_out_reg_i_Y_reg_0_
            (rising edge-triggered flip-flop clocked by CLK)
  Path Group: REG2REG
  Path Type: max

  Des/Clust/Port     Wire Load Model       Library
  ------------------------------------------------
  DLX                5K_hvratio_1_4        NangateOpenCellLibrary

  Point                                                   Incr       Path
  --------------------------------------------------------------------------
  clock CLK (rise edge)                                 0.0000     0.0000
  clock network delay (ideal)                           0.0500     0.0500
  DP_i_decode_i_rs2_addr_i_Y_reg_1_/CK (DFF_X1)         0.0000     0.0500 r
  DP_i_decode_i_rs2_addr_i_Y_reg_1_/Q (DFF_X1)          0.1040     0.1540 r
  U3723/ZN (XNOR2_X1)                                   0.0580     0.2121 r
  U2933/ZN (AND3_X1)                                    0.0524     0.2645 r
  U946/ZN (AND4_X2)                                     0.0642     0.3286 r
  U3728/ZN (INV_X1)                                     0.0315     0.3601 f
  U1419/ZN (AND2_X2)                                    0.0598     0.4200 f
  U1407/Z (BUF_X1)                                      0.0655     0.4854 f
  U2423/ZN (AOI222_X1)                                  0.1255     0.6110 r
  U4232/Z (MUX2_X1)                                     0.0744     0.6854 r
  U4233/ZN (XNOR2_X1)                                   0.0720     0.7574 r
  U4234/ZN (XNOR2_X1)                                   0.0749     0.8323 r
  U4244/ZN (NAND2_X1)                                   0.0429     0.8752 f
  U4246/ZN (NAND2_X1)                                   0.0376     0.9128 r
  U3305/ZN (OR2_X1)                                     0.0392     0.9520 r
  U5097/ZN (NAND2_X1)                                   0.0336     0.9856 f
  U5151/ZN (NOR4_X1)                                    0.0890     1.0746 r
  U2671/ZN (AND4_X1)                                    0.0675     1.1421 r
  U5159/ZN (AND3_X1)                                    0.0527     1.1948 r
  U1504/ZN (AND3_X1)                                    0.0522     1.2470 r
  U1353/ZN (AND4_X1)                                    0.0644     1.3113 r
  U2703/ZN (NAND2_X1)                                   0.0299     1.3412 f
  U2702/ZN (XNOR2_X1)                                   0.0556     1.3968 f
  U5174/ZN (AOI211_X1)                                  0.0590     1.4558 r
  U7922/ZN (OR3_X1)                                     0.0425     1.4983 r
  U9863/ZN (AND2_X1)                                    0.0384     1.5367 r
  DP_i_execute_i_alu_out_reg_i_Y_reg_0_/D (DFF_X1)      0.0110     1.5477 r
  data arrival time                                                1.5477

  clock CLK (rise edge)                                 1.2500     1.2500
  clock network delay (ideal)                           0.0500     1.3000
  clock uncertainty                                    -0.0500     1.2500
  DP_i_execute_i_alu_out_reg_i_Y_reg_0_/CK (DFF_X1)     0.0000     1.2500 r
  library setup time                                   -0.0265     1.2235
  data required time                                               1.2235
  --------------------------------------------------------------------------
  data required time                                               1.2235
  data arrival time                                               -1.5477
  --------------------------------------------------------------------------
  slack (VIOLATED)                                                -0.3241


  Startpoint: DP_i_mem_access_i_rd_out_reg_i_Y_reg_4_
              (rising edge-triggered flip-flop clocked by CLK)
  Endpoint: DP_i_execute_i_zero_alu_bit_Y_reg
            (rising edge-triggered flip-flop clocked by CLK)
  Path Group: REG2REG
  Path Type: max

  Des/Clust/Port     Wire Load Model       Library
  ------------------------------------------------
  DLX                5K_hvratio_1_4        NangateOpenCellLibrary

  Point                                                   Incr       Path
  --------------------------------------------------------------------------
  clock CLK (rise edge)                                 0.0000     0.0000
  clock network delay (ideal)                           0.0500     0.0500
  DP_i_mem_access_i_rd_out_reg_i_Y_reg_4_/CK (DFF_X1)   0.0000     0.0500 r
  DP_i_mem_access_i_rd_out_reg_i_Y_reg_4_/QN (DFF_X1)   0.0782     0.1282 f
  U3698/ZN (INV_X1)                                     0.0452     0.1733 r
  U3699/ZN (XNOR2_X1)                                   0.0665     0.2399 r
  U3700/ZN (AND2_X1)                                    0.0411     0.2810 r
  U916/ZN (AND4_X1)                                     0.0670     0.3480 r
  U975/ZN (AND2_X2)                                     0.0587     0.4067 r
  U1409/Z (BUF_X1)                                      0.0795     0.4861 r
  U3939/ZN (NAND2_X1)                                   0.0480     0.5341 f
  U838/ZN (AND3_X1)                                     0.0705     0.6045 f
  U1366/ZN (NAND2_X1)                                   0.0778     0.6824 r
  U1336/ZN (OR2_X1)                                     0.0800     0.7624 r
  U4507/ZN (INV_X1)                                     0.0480     0.8104 f
  U4508/ZN (OAI21_X1)                                   0.0402     0.8506 r
  U841/ZN (AND4_X1)                                     0.1011     0.9517 r
  U7681/ZN (OAI22_X1)                                   0.0497     1.0014 f
  U1234/ZN (OR2_X1)                                     0.0629     1.0643 f
  U1581/ZN (OR2_X1)                                     0.0611     1.1255 f
  U2800/ZN (OR2_X1)                                     0.0589     1.1844 f
  U2831/ZN (OAI21_X1)                                   0.0379     1.2223 r
  U2830/ZN (AND2_X1)                                    0.0436     1.2659 r
  U10537/ZN (NAND4_X1)                                  0.0458     1.3117 f
  U1176/ZN (INV_X1)                                     0.0299     1.3416 r
  U1172/ZN (AND4_X1)                                    0.0647     1.4063 r
  U1152/ZN (AND2_X1)                                    0.0413     1.4476 r
  U1467/ZN (NAND4_X1)                                   0.0445     1.4920 f
  U9215/ZN (OAI21_X1)                                   0.0418     1.5339 r
  DP_i_execute_i_zero_alu_bit_Y_reg/D (DFF_X2)          0.0109     1.5447 r
  data arrival time                                                1.5447

  clock CLK (rise edge)                                 1.2500     1.2500
  clock network delay (ideal)                           0.0500     1.3000
  clock uncertainty                                    -0.0500     1.2500
  DP_i_execute_i_zero_alu_bit_Y_reg/CK (DFF_X2)         0.0000     1.2500 r
  library setup time                                   -0.0283     1.2217
  data required time                                               1.2217
  --------------------------------------------------------------------------
  data required time                                               1.2217
  data arrival time                                               -1.5447
  --------------------------------------------------------------------------
  slack (VIOLATED)                                                -0.3231


  Startpoint: DP_i_execute_i_rd_out_reg_i_Y_reg_3_
              (rising edge-triggered flip-flop clocked by CLK)
  Endpoint: DP_i_execute_i_boothmul_i_tree_i_register_i_2_Y_temp_reg_31_
            (rising edge-triggered flip-flop clocked by CLK)
  Path Group: REG2REG
  Path Type: max

  Des/Clust/Port     Wire Load Model       Library
  ------------------------------------------------
  DLX                5K_hvratio_1_4        NangateOpenCellLibrary

  Point                                                   Incr       Path
  --------------------------------------------------------------------------
  clock CLK (rise edge)                                 0.0000     0.0000
  clock network delay (ideal)                           0.0500     0.0500
  DP_i_execute_i_rd_out_reg_i_Y_reg_3_/CK (DFF_X1)      0.0000     0.0500 r
  DP_i_execute_i_rd_out_reg_i_Y_reg_3_/Q (DFF_X1)       0.1178     0.1678 r
  U3706/ZN (XNOR2_X1)                                   0.0739     0.2417 r
  U3708/ZN (NAND2_X1)                                   0.0303     0.2720 f
  U1425/ZN (OR3_X2)                                     0.0920     0.3640 f
  U1421/Z (BUF_X2)                                      0.0828     0.4469 f
  U2992/ZN (OR2_X1)                                     0.0837     0.5306 f
  U829/ZN (AND3_X1)                                     0.0457     0.5763 f
  U2549/ZN (INV_X1)                                     0.0517     0.6280 r
  U1363/ZN (OR2_X1)                                     0.0758     0.7039 r
  U917/ZN (INV_X2)                                      0.0939     0.7978 f
  U4741/ZN (AOI22_X1)                                   0.1115     0.9093 r
  U4743/S (FA_X1)                                       0.1336     1.0429 f
  U4744/ZN (XNOR2_X1)                                   0.0693     1.1122 f
  U2689/ZN (NAND2_X1)                                   0.0391     1.1513 r
  U2691/ZN (NAND3_X1)                                   0.0453     1.1965 f
  U7944/ZN (XNOR2_X1)                                   0.0690     1.2655 f
  U2650/ZN (XNOR2_X1)                                   0.0624     1.3279 f
  U7945/ZN (XNOR2_X1)                                   0.0585     1.3864 f
  U7947/ZN (OAI21_X1)                                   0.0474     1.4338 r
  U7948/ZN (XNOR2_X1)                                   0.0597     1.4935 r
  U9845/ZN (AND2_X1)                                    0.0421     1.5356 r
  DP_i_execute_i_boothmul_i_tree_i_register_i_2_Y_temp_reg_31_/D (DFF_X1)
                                                        0.0110     1.5465 r
  data arrival time                                                1.5465

  clock CLK (rise edge)                                 1.2500     1.2500
  clock network delay (ideal)                           0.0500     1.3000
  clock uncertainty                                    -0.0500     1.2500
  DP_i_execute_i_boothmul_i_tree_i_register_i_2_Y_temp_reg_31_/CK (DFF_X1)
                                                        0.0000     1.2500 r
  library setup time                                   -0.0265     1.2235
  data required time                                               1.2235
  --------------------------------------------------------------------------
  data required time                                               1.2235
  data arrival time                                               -1.5465
  --------------------------------------------------------------------------
  slack (VIOLATED)                                                -0.3230


  Startpoint: DP_i_mem_access_i_rd_out_reg_i_Y_reg_3_
              (rising edge-triggered flip-flop clocked by CLK)
  Endpoint: DP_i_fetch_i_pc_i_Y_reg_0_
            (rising edge-triggered flip-flop clocked by CLK)
  Path Group: REG2REG
  Path Type: max

  Des/Clust/Port     Wire Load Model       Library
  ------------------------------------------------
  DLX                5K_hvratio_1_4        NangateOpenCellLibrary

  Point                                                   Incr       Path
  --------------------------------------------------------------------------
  clock CLK (rise edge)                                 0.0000     0.0000
  clock network delay (ideal)                           0.0500     0.0500
  DP_i_mem_access_i_rd_out_reg_i_Y_reg_3_/CK (DFF_X1)   0.0000     0.0500 r
  DP_i_mem_access_i_rd_out_reg_i_Y_reg_3_/Q (DFF_X1)    0.1135     0.1635 r
  U1017/Z (BUF_X2)                                      0.0569     0.2204 r
  DP_i_decode_i_reg_file_i/addr_w[3] (register_file)    0.0000     0.2204 r
  DP_i_decode_i_reg_file_i/U192/ZN (INV_X1)             0.0394     0.2598 f
  DP_i_decode_i_reg_file_i/U193/ZN (AOI22_X1)           0.0636     0.3234 r
  DP_i_decode_i_reg_file_i/U160/ZN (NAND4_X1)           0.0499     0.3733 f
  DP_i_decode_i_reg_file_i/U127/ZN (AND2_X1)            0.0483     0.4216 f
  DP_i_decode_i_reg_file_i/U157/ZN (NAND2_X2)           0.0573     0.4789 r
  DP_i_decode_i_reg_file_i/U236/ZN (NOR2_X1)            0.0540     0.5329 f
  DP_i_decode_i_reg_file_i/U62/Z (BUF_X1)               0.0877     0.6206 f
  DP_i_decode_i_reg_file_i/U1464/ZN (AOI22_X1)          0.0904     0.7110 r
  DP_i_decode_i_reg_file_i/U1466/ZN (NAND4_X1)          0.0457     0.7568 f
  DP_i_decode_i_reg_file_i/U101/ZN (OR4_X1)             0.1283     0.8850 f
  DP_i_decode_i_reg_file_i/output1[10] (register_file)
                                                        0.0000     0.8850 f
  U2757/ZN (INV_X1)                                     0.0353     0.9204 r
  U1945/ZN (OR2_X1)                                     0.0352     0.9556 r
  U5761/ZN (OAI21_X1)                                   0.0380     0.9936 f
  U5762/ZN (XNOR2_X1)                                   0.0688     1.0624 f
  U2762/ZN (AND4_X1)                                    0.0483     1.1108 f
  U1218/ZN (AND4_X1)                                    0.0471     1.1578 f
  U2715/ZN (AOI21_X1)                                   0.0570     1.2148 r
  U2749/ZN (OAI211_X1)                                  0.0543     1.2691 f
  U10023/ZN (OR3_X2)                                    0.1396     1.4087 f
  U10024/ZN (OR2_X1)                                    0.0892     1.4979 f
  U10025/ZN (NAND4_X1)                                  0.0362     1.5341 r
  DP_i_fetch_i_pc_i_Y_reg_0_/D (DFF_X1)                 0.0110     1.5451 r
  data arrival time                                                1.5451

  clock CLK (rise edge)                                 1.2500     1.2500
  clock network delay (ideal)                           0.0500     1.3000
  clock uncertainty                                    -0.0500     1.2500
  DP_i_fetch_i_pc_i_Y_reg_0_/CK (DFF_X1)                0.0000     1.2500 r
  library setup time                                   -0.0278     1.2222
  data required time                                               1.2222
  --------------------------------------------------------------------------
  data required time                                               1.2222
  data arrival time                                               -1.5451
  --------------------------------------------------------------------------
  slack (VIOLATED)                                                -0.3230


  Startpoint: DP_i_mem_access_i_rd_out_reg_i_Y_reg_3_
              (rising edge-triggered flip-flop clocked by CLK)
  Endpoint: DP_i_fetch_i_pc_i_Y_reg_24_
            (rising edge-triggered flip-flop clocked by CLK)
  Path Group: REG2REG
  Path Type: max

  Des/Clust/Port     Wire Load Model       Library
  ------------------------------------------------
  DLX                5K_hvratio_1_4        NangateOpenCellLibrary

  Point                                                   Incr       Path
  --------------------------------------------------------------------------
  clock CLK (rise edge)                                 0.0000     0.0000
  clock network delay (ideal)                           0.0500     0.0500
  DP_i_mem_access_i_rd_out_reg_i_Y_reg_3_/CK (DFF_X1)   0.0000     0.0500 r
  DP_i_mem_access_i_rd_out_reg_i_Y_reg_3_/Q (DFF_X1)    0.1135     0.1635 r
  U1017/Z (BUF_X2)                                      0.0569     0.2204 r
  DP_i_decode_i_reg_file_i/addr_w[3] (register_file)    0.0000     0.2204 r
  DP_i_decode_i_reg_file_i/U192/ZN (INV_X1)             0.0394     0.2598 f
  DP_i_decode_i_reg_file_i/U193/ZN (AOI22_X1)           0.0636     0.3234 r
  DP_i_decode_i_reg_file_i/U160/ZN (NAND4_X1)           0.0499     0.3733 f
  DP_i_decode_i_reg_file_i/U127/ZN (AND2_X1)            0.0483     0.4216 f
  DP_i_decode_i_reg_file_i/U157/ZN (NAND2_X2)           0.0573     0.4789 r
  DP_i_decode_i_reg_file_i/U236/ZN (NOR2_X1)            0.0540     0.5329 f
  DP_i_decode_i_reg_file_i/U62/Z (BUF_X1)               0.0877     0.6206 f
  DP_i_decode_i_reg_file_i/U1464/ZN (AOI22_X1)          0.0904     0.7110 r
  DP_i_decode_i_reg_file_i/U1466/ZN (NAND4_X1)          0.0457     0.7568 f
  DP_i_decode_i_reg_file_i/U101/ZN (OR4_X1)             0.1283     0.8850 f
  DP_i_decode_i_reg_file_i/output1[10] (register_file)
                                                        0.0000     0.8850 f
  U2757/ZN (INV_X1)                                     0.0353     0.9204 r
  U1945/ZN (OR2_X1)                                     0.0352     0.9556 r
  U5761/ZN (OAI21_X1)                                   0.0380     0.9936 f
  U5762/ZN (XNOR2_X1)                                   0.0688     1.0624 f
  U2762/ZN (AND4_X1)                                    0.0483     1.1108 f
  U1218/ZN (AND4_X1)                                    0.0471     1.1578 f
  U2715/ZN (AOI21_X1)                                   0.0570     1.2148 r
  U2749/ZN (OAI211_X1)                                  0.0543     1.2691 f
  U10023/ZN (OR3_X2)                                    0.1396     1.4087 f
  U10351/ZN (OR2_X1)                                    0.0892     1.4979 f
  U10352/ZN (NAND4_X1)                                  0.0362     1.5341 r
  DP_i_fetch_i_pc_i_Y_reg_24_/D (DFF_X1)                0.0110     1.5451 r
  data arrival time                                                1.5451

  clock CLK (rise edge)                                 1.2500     1.2500
  clock network delay (ideal)                           0.0500     1.3000
  clock uncertainty                                    -0.0500     1.2500
  DP_i_fetch_i_pc_i_Y_reg_24_/CK (DFF_X1)               0.0000     1.2500 r
  library setup time                                   -0.0278     1.2222
  data required time                                               1.2222
  --------------------------------------------------------------------------
  data required time                                               1.2222
  data arrival time                                               -1.5451
  --------------------------------------------------------------------------
  slack (VIOLATED)                                                -0.3230


  Startpoint: DP_i_mem_access_i_rd_out_reg_i_Y_reg_3_
              (rising edge-triggered flip-flop clocked by CLK)
  Endpoint: DP_i_fetch_i_pc_i_Y_reg_23_
            (rising edge-triggered flip-flop clocked by CLK)
  Path Group: REG2REG
  Path Type: max

  Des/Clust/Port     Wire Load Model       Library
  ------------------------------------------------
  DLX                5K_hvratio_1_4        NangateOpenCellLibrary

  Point                                                   Incr       Path
  --------------------------------------------------------------------------
  clock CLK (rise edge)                                 0.0000     0.0000
  clock network delay (ideal)                           0.0500     0.0500
  DP_i_mem_access_i_rd_out_reg_i_Y_reg_3_/CK (DFF_X1)   0.0000     0.0500 r
  DP_i_mem_access_i_rd_out_reg_i_Y_reg_3_/Q (DFF_X1)    0.1135     0.1635 r
  U1017/Z (BUF_X2)                                      0.0569     0.2204 r
  DP_i_decode_i_reg_file_i/addr_w[3] (register_file)    0.0000     0.2204 r
  DP_i_decode_i_reg_file_i/U192/ZN (INV_X1)             0.0394     0.2598 f
  DP_i_decode_i_reg_file_i/U193/ZN (AOI22_X1)           0.0636     0.3234 r
  DP_i_decode_i_reg_file_i/U160/ZN (NAND4_X1)           0.0499     0.3733 f
  DP_i_decode_i_reg_file_i/U127/ZN (AND2_X1)            0.0483     0.4216 f
  DP_i_decode_i_reg_file_i/U157/ZN (NAND2_X2)           0.0573     0.4789 r
  DP_i_decode_i_reg_file_i/U236/ZN (NOR2_X1)            0.0540     0.5329 f
  DP_i_decode_i_reg_file_i/U62/Z (BUF_X1)               0.0877     0.6206 f
  DP_i_decode_i_reg_file_i/U1464/ZN (AOI22_X1)          0.0904     0.7110 r
  DP_i_decode_i_reg_file_i/U1466/ZN (NAND4_X1)          0.0457     0.7568 f
  DP_i_decode_i_reg_file_i/U101/ZN (OR4_X1)             0.1283     0.8850 f
  DP_i_decode_i_reg_file_i/output1[10] (register_file)
                                                        0.0000     0.8850 f
  U2757/ZN (INV_X1)                                     0.0353     0.9204 r
  U1945/ZN (OR2_X1)                                     0.0352     0.9556 r
  U5761/ZN (OAI21_X1)                                   0.0380     0.9936 f
  U5762/ZN (XNOR2_X1)                                   0.0688     1.0624 f
  U2762/ZN (AND4_X1)                                    0.0483     1.1108 f
  U1218/ZN (AND4_X1)                                    0.0471     1.1578 f
  U2715/ZN (AOI21_X1)                                   0.0570     1.2148 r
  U2749/ZN (OAI211_X1)                                  0.0543     1.2691 f
  U10023/ZN (OR3_X2)                                    0.1396     1.4087 f
  U10357/ZN (OR2_X1)                                    0.0892     1.4979 f
  U10358/ZN (NAND4_X1)                                  0.0362     1.5341 r
  DP_i_fetch_i_pc_i_Y_reg_23_/D (DFF_X1)                0.0110     1.5451 r
  data arrival time                                                1.5451

  clock CLK (rise edge)                                 1.2500     1.2500
  clock network delay (ideal)                           0.0500     1.3000
  clock uncertainty                                    -0.0500     1.2500
  DP_i_fetch_i_pc_i_Y_reg_23_/CK (DFF_X1)               0.0000     1.2500 r
  library setup time                                   -0.0278     1.2222
  data required time                                               1.2222
  --------------------------------------------------------------------------
  data required time                                               1.2222
  data arrival time                                               -1.5451
  --------------------------------------------------------------------------
  slack (VIOLATED)                                                -0.3230


  Startpoint: DP_i_mem_access_i_rd_out_reg_i_Y_reg_3_
              (rising edge-triggered flip-flop clocked by CLK)
  Endpoint: DP_i_fetch_i_pc_i_Y_reg_22_
            (rising edge-triggered flip-flop clocked by CLK)
  Path Group: REG2REG
  Path Type: max

  Des/Clust/Port     Wire Load Model       Library
  ------------------------------------------------
  DLX                5K_hvratio_1_4        NangateOpenCellLibrary

  Point                                                   Incr       Path
  --------------------------------------------------------------------------
  clock CLK (rise edge)                                 0.0000     0.0000
  clock network delay (ideal)                           0.0500     0.0500
  DP_i_mem_access_i_rd_out_reg_i_Y_reg_3_/CK (DFF_X1)   0.0000     0.0500 r
  DP_i_mem_access_i_rd_out_reg_i_Y_reg_3_/Q (DFF_X1)    0.1135     0.1635 r
  U1017/Z (BUF_X2)                                      0.0569     0.2204 r
  DP_i_decode_i_reg_file_i/addr_w[3] (register_file)    0.0000     0.2204 r
  DP_i_decode_i_reg_file_i/U192/ZN (INV_X1)             0.0394     0.2598 f
  DP_i_decode_i_reg_file_i/U193/ZN (AOI22_X1)           0.0636     0.3234 r
  DP_i_decode_i_reg_file_i/U160/ZN (NAND4_X1)           0.0499     0.3733 f
  DP_i_decode_i_reg_file_i/U127/ZN (AND2_X1)            0.0483     0.4216 f
  DP_i_decode_i_reg_file_i/U157/ZN (NAND2_X2)           0.0573     0.4789 r
  DP_i_decode_i_reg_file_i/U236/ZN (NOR2_X1)            0.0540     0.5329 f
  DP_i_decode_i_reg_file_i/U62/Z (BUF_X1)               0.0877     0.6206 f
  DP_i_decode_i_reg_file_i/U1464/ZN (AOI22_X1)          0.0904     0.7110 r
  DP_i_decode_i_reg_file_i/U1466/ZN (NAND4_X1)          0.0457     0.7568 f
  DP_i_decode_i_reg_file_i/U101/ZN (OR4_X1)             0.1283     0.8850 f
  DP_i_decode_i_reg_file_i/output1[10] (register_file)
                                                        0.0000     0.8850 f
  U2757/ZN (INV_X1)                                     0.0353     0.9204 r
  U1945/ZN (OR2_X1)                                     0.0352     0.9556 r
  U5761/ZN (OAI21_X1)                                   0.0380     0.9936 f
  U5762/ZN (XNOR2_X1)                                   0.0688     1.0624 f
  U2762/ZN (AND4_X1)                                    0.0483     1.1108 f
  U1218/ZN (AND4_X1)                                    0.0471     1.1578 f
  U2715/ZN (AOI21_X1)                                   0.0570     1.2148 r
  U2749/ZN (OAI211_X1)                                  0.0543     1.2691 f
  U10023/ZN (OR3_X2)                                    0.1396     1.4087 f
  U10363/ZN (OR2_X1)                                    0.0892     1.4979 f
  U10364/ZN (NAND4_X1)                                  0.0362     1.5341 r
  DP_i_fetch_i_pc_i_Y_reg_22_/D (DFF_X1)                0.0110     1.5451 r
  data arrival time                                                1.5451

  clock CLK (rise edge)                                 1.2500     1.2500
  clock network delay (ideal)                           0.0500     1.3000
  clock uncertainty                                    -0.0500     1.2500
  DP_i_fetch_i_pc_i_Y_reg_22_/CK (DFF_X1)               0.0000     1.2500 r
  library setup time                                   -0.0278     1.2222
  data required time                                               1.2222
  --------------------------------------------------------------------------
  data required time                                               1.2222
  data arrival time                                               -1.5451
  --------------------------------------------------------------------------
  slack (VIOLATED)                                                -0.3230


  Startpoint: DP_i_mem_access_i_rd_out_reg_i_Y_reg_3_
              (rising edge-triggered flip-flop clocked by CLK)
  Endpoint: DP_i_fetch_i_pc_i_Y_reg_21_
            (rising edge-triggered flip-flop clocked by CLK)
  Path Group: REG2REG
  Path Type: max

  Des/Clust/Port     Wire Load Model       Library
  ------------------------------------------------
  DLX                5K_hvratio_1_4        NangateOpenCellLibrary

  Point                                                   Incr       Path
  --------------------------------------------------------------------------
  clock CLK (rise edge)                                 0.0000     0.0000
  clock network delay (ideal)                           0.0500     0.0500
  DP_i_mem_access_i_rd_out_reg_i_Y_reg_3_/CK (DFF_X1)   0.0000     0.0500 r
  DP_i_mem_access_i_rd_out_reg_i_Y_reg_3_/Q (DFF_X1)    0.1135     0.1635 r
  U1017/Z (BUF_X2)                                      0.0569     0.2204 r
  DP_i_decode_i_reg_file_i/addr_w[3] (register_file)    0.0000     0.2204 r
  DP_i_decode_i_reg_file_i/U192/ZN (INV_X1)             0.0394     0.2598 f
  DP_i_decode_i_reg_file_i/U193/ZN (AOI22_X1)           0.0636     0.3234 r
  DP_i_decode_i_reg_file_i/U160/ZN (NAND4_X1)           0.0499     0.3733 f
  DP_i_decode_i_reg_file_i/U127/ZN (AND2_X1)            0.0483     0.4216 f
  DP_i_decode_i_reg_file_i/U157/ZN (NAND2_X2)           0.0573     0.4789 r
  DP_i_decode_i_reg_file_i/U236/ZN (NOR2_X1)            0.0540     0.5329 f
  DP_i_decode_i_reg_file_i/U62/Z (BUF_X1)               0.0877     0.6206 f
  DP_i_decode_i_reg_file_i/U1464/ZN (AOI22_X1)          0.0904     0.7110 r
  DP_i_decode_i_reg_file_i/U1466/ZN (NAND4_X1)          0.0457     0.7568 f
  DP_i_decode_i_reg_file_i/U101/ZN (OR4_X1)             0.1283     0.8850 f
  DP_i_decode_i_reg_file_i/output1[10] (register_file)
                                                        0.0000     0.8850 f
  U2757/ZN (INV_X1)                                     0.0353     0.9204 r
  U1945/ZN (OR2_X1)                                     0.0352     0.9556 r
  U5761/ZN (OAI21_X1)                                   0.0380     0.9936 f
  U5762/ZN (XNOR2_X1)                                   0.0688     1.0624 f
  U2762/ZN (AND4_X1)                                    0.0483     1.1108 f
  U1218/ZN (AND4_X1)                                    0.0471     1.1578 f
  U2715/ZN (AOI21_X1)                                   0.0570     1.2148 r
  U2749/ZN (OAI211_X1)                                  0.0543     1.2691 f
  U10023/ZN (OR3_X2)                                    0.1396     1.4087 f
  U10369/ZN (OR2_X1)                                    0.0892     1.4979 f
  U10370/ZN (NAND4_X1)                                  0.0362     1.5341 r
  DP_i_fetch_i_pc_i_Y_reg_21_/D (DFF_X1)                0.0110     1.5451 r
  data arrival time                                                1.5451

  clock CLK (rise edge)                                 1.2500     1.2500
  clock network delay (ideal)                           0.0500     1.3000
  clock uncertainty                                    -0.0500     1.2500
  DP_i_fetch_i_pc_i_Y_reg_21_/CK (DFF_X1)               0.0000     1.2500 r
  library setup time                                   -0.0278     1.2222
  data required time                                               1.2222
  --------------------------------------------------------------------------
  data required time                                               1.2222
  data arrival time                                               -1.5451
  --------------------------------------------------------------------------
  slack (VIOLATED)                                                -0.3230


  Startpoint: DP_i_mem_access_i_rd_out_reg_i_Y_reg_3_
              (rising edge-triggered flip-flop clocked by CLK)
  Endpoint: DP_i_fetch_i_pc_i_Y_reg_20_
            (rising edge-triggered flip-flop clocked by CLK)
  Path Group: REG2REG
  Path Type: max

  Des/Clust/Port     Wire Load Model       Library
  ------------------------------------------------
  DLX                5K_hvratio_1_4        NangateOpenCellLibrary

  Point                                                   Incr       Path
  --------------------------------------------------------------------------
  clock CLK (rise edge)                                 0.0000     0.0000
  clock network delay (ideal)                           0.0500     0.0500
  DP_i_mem_access_i_rd_out_reg_i_Y_reg_3_/CK (DFF_X1)   0.0000     0.0500 r
  DP_i_mem_access_i_rd_out_reg_i_Y_reg_3_/Q (DFF_X1)    0.1135     0.1635 r
  U1017/Z (BUF_X2)                                      0.0569     0.2204 r
  DP_i_decode_i_reg_file_i/addr_w[3] (register_file)    0.0000     0.2204 r
  DP_i_decode_i_reg_file_i/U192/ZN (INV_X1)             0.0394     0.2598 f
  DP_i_decode_i_reg_file_i/U193/ZN (AOI22_X1)           0.0636     0.3234 r
  DP_i_decode_i_reg_file_i/U160/ZN (NAND4_X1)           0.0499     0.3733 f
  DP_i_decode_i_reg_file_i/U127/ZN (AND2_X1)            0.0483     0.4216 f
  DP_i_decode_i_reg_file_i/U157/ZN (NAND2_X2)           0.0573     0.4789 r
  DP_i_decode_i_reg_file_i/U236/ZN (NOR2_X1)            0.0540     0.5329 f
  DP_i_decode_i_reg_file_i/U62/Z (BUF_X1)               0.0877     0.6206 f
  DP_i_decode_i_reg_file_i/U1464/ZN (AOI22_X1)          0.0904     0.7110 r
  DP_i_decode_i_reg_file_i/U1466/ZN (NAND4_X1)          0.0457     0.7568 f
  DP_i_decode_i_reg_file_i/U101/ZN (OR4_X1)             0.1283     0.8850 f
  DP_i_decode_i_reg_file_i/output1[10] (register_file)
                                                        0.0000     0.8850 f
  U2757/ZN (INV_X1)                                     0.0353     0.9204 r
  U1945/ZN (OR2_X1)                                     0.0352     0.9556 r
  U5761/ZN (OAI21_X1)                                   0.0380     0.9936 f
  U5762/ZN (XNOR2_X1)                                   0.0688     1.0624 f
  U2762/ZN (AND4_X1)                                    0.0483     1.1108 f
  U1218/ZN (AND4_X1)                                    0.0471     1.1578 f
  U2715/ZN (AOI21_X1)                                   0.0570     1.2148 r
  U2749/ZN (OAI211_X1)                                  0.0543     1.2691 f
  U10023/ZN (OR3_X2)                                    0.1396     1.4087 f
  U10375/ZN (OR2_X1)                                    0.0892     1.4979 f
  U10376/ZN (NAND4_X1)                                  0.0362     1.5341 r
  DP_i_fetch_i_pc_i_Y_reg_20_/D (DFF_X1)                0.0110     1.5451 r
  data arrival time                                                1.5451

  clock CLK (rise edge)                                 1.2500     1.2500
  clock network delay (ideal)                           0.0500     1.3000
  clock uncertainty                                    -0.0500     1.2500
  DP_i_fetch_i_pc_i_Y_reg_20_/CK (DFF_X1)               0.0000     1.2500 r
  library setup time                                   -0.0278     1.2222
  data required time                                               1.2222
  --------------------------------------------------------------------------
  data required time                                               1.2222
  data arrival time                                               -1.5451
  --------------------------------------------------------------------------
  slack (VIOLATED)                                                -0.3230


1
