 
****************************************
Report : qor
Design : DLX
Version: W-2024.09-SP2
Date   : Tue Sep 29 13:44:21 2026
****************************************


  Timing Path Group 'CLK'
  -----------------------------------
  Levels of Logic:              49.00
  Critical Path Length:          3.14
  Critical Path Slack:           0.25
  Critical Path Clk Period:      3.50
  Total Negative Slack:          0.00
  No. of Violating Paths:        0.00
  Worst Hold Violation:          0.00
  Total Hold Violation:          0.00
  No. of Hold Violations:        0.00
  -----------------------------------

  Timing Path Group 'INPUTS'
  -----------------------------------
  Levels of Logic:               8.00
  Critical Path Length:          1.48
  Critical Path Slack:           1.58
  Critical Path Clk Period:      3.50
  Total Negative Slack:          0.00
  No. of Violating Paths:        0.00
  Worst Hold Violation:          0.00
  Total Hold Violation:          0.00
  No. of Hold Violations:        0.00
  -----------------------------------

  Timing Path Group 'OUTPUTS'
  -----------------------------------
  Levels of Logic:              28.00
  Critical Path Length:          2.33
  Critical Path Slack:           0.77
  Critical Path Clk Period:      3.50
  Total Negative Slack:          0.00
  No. of Violating Paths:        0.00
  Worst Hold Violation:          0.00
  Total Hold Violation:          0.00
  No. of Hold Violations:        0.00
  -----------------------------------

  Timing Path Group 'REG2REG'
  -----------------------------------
  Levels of Logic:              58.00
  Critical Path Length:          3.41
  Critical Path Slack:           0.01
  Critical Path Clk Period:      3.50
  Total Negative Slack:          0.00
  No. of Violating Paths:        0.00
  Worst Hold Violation:          0.00
  Total Hold Violation:          0.00
  No. of Hold Violations:        0.00
  -----------------------------------


  Cell Count
  -----------------------------------
  Hierarchical Cell Count:         73
  Hierarchical Port Count:        553
  Leaf Cell Count:              11324
  Buf/Inv Cell Count:             953
  Buf Cell Count:                 135
  Inv Cell Count:                 818
  CT Buf/Inv Cell Count:            0
  Combinational Cell Count:      8512
  Sequential Cell Count:         2812
  Macro Count:                      0
  -----------------------------------


  Area
  -----------------------------------
  Combinational Area:    10167.318115
  Noncombinational Area: 12745.655552
  Buf/Inv Area:            557.536001
  Total Buffer Area:           113.32
  Total Inverter Area:         444.22
  Macro/Black Box Area:      0.000000
  Net Area:                  0.000000
  -----------------------------------
  Cell Area:             22912.973666
  Design Area:           22912.973666


  Design Rules
  -----------------------------------
  Total Number of Nets:         11564
  Nets With Violations:            20
  Max Trans Violations:             8
  Max Cap Violations:              20
  -----------------------------------


  Hostname: microsys.openstack.polito

  Compile CPU Statistics
  -----------------------------------------
  Resource Sharing:                    3.96
  Logic Optimization:                 13.11
  Mapping Optimization:               16.55
  -----------------------------------------
  Overall Compile Time:               89.92
  Overall Compile Wall Clock Time:    93.19

  --------------------------------------------------------------------

  Design  WNS: 0.00  TNS: 0.00  Number of Violating Paths: 0


  Design (Hold)  WNS: 0.00  TNS: 0.00  Number of Violating Paths: 0

  --------------------------------------------------------------------


1
