 
****************************************
Report : qor
Design : DLX
Version: W-2024.09-SP2
Date   : Tue Sep 29 12:32:19 2026
****************************************


  Timing Path Group 'CLK'
  -----------------------------------
  Levels of Logic:              22.00
  Critical Path Length:          1.35
  Critical Path Slack:          -0.48
  Critical Path Clk Period:      1.00
  Total Negative Slack:        -14.18
  No. of Violating Paths:       35.00
  Worst Hold Violation:          0.00
  Total Hold Violation:          0.00
  No. of Hold Violations:        0.00
  -----------------------------------

  Timing Path Group 'INPUTS'
  -----------------------------------
  Levels of Logic:               7.00
  Critical Path Length:          0.72
  Critical Path Slack:           0.10
  Critical Path Clk Period:      1.00
  Total Negative Slack:          0.00
  No. of Violating Paths:        0.00
  Worst Hold Violation:          0.00
  Total Hold Violation:          0.00
  No. of Hold Violations:        0.00
  -----------------------------------

  Timing Path Group 'OUTPUTS'
  -----------------------------------
  Levels of Logic:              20.00
  Critical Path Length:          1.13
  Critical Path Slack:          -0.28
  Critical Path Clk Period:      1.00
  Total Negative Slack:         -0.28
  No. of Violating Paths:        1.00
  Worst Hold Violation:          0.00
  Total Hold Violation:          0.00
  No. of Hold Violations:        0.00
  -----------------------------------

  Timing Path Group 'REG2REG'
  -----------------------------------
  Levels of Logic:              26.00
  Critical Path Length:          1.50
  Critical Path Slack:          -0.58
  Critical Path Clk Period:      1.00
  Total Negative Slack:       -302.83
  No. of Violating Paths:      938.00
  Worst Hold Violation:          0.00
  Total Hold Violation:          0.00
  No. of Hold Violations:        0.00
  -----------------------------------


  Cell Count
  -----------------------------------
  Hierarchical Cell Count:         72
  Hierarchical Port Count:        288
  Leaf Cell Count:              15911
  Buf/Inv Cell Count:            1569
  Buf Cell Count:                 268
  Inv Cell Count:                1301
  CT Buf/Inv Cell Count:            0
  Combinational Cell Count:     13099
  Sequential Cell Count:         2812
  Macro Count:                      0
  -----------------------------------


  Area
  -----------------------------------
  Combinational Area:    14422.785987
  Noncombinational Area: 12779.171556
  Buf/Inv Area:           1055.488005
  Total Buffer Area:           340.21
  Total Inverter Area:         715.27
  Macro/Black Box Area:      0.000000
  Net Area:                  0.000000
  -----------------------------------
  Cell Area:             27201.957543
  Design Area:           27201.957543


  Design Rules
  -----------------------------------
  Total Number of Nets:         16312
  Nets With Violations:             2
  Max Trans Violations:             0
  Max Cap Violations:               2
  -----------------------------------


  Hostname: microsys.openstack.polito

  Compile CPU Statistics
  -----------------------------------------
  Resource Sharing:                    4.06
  Logic Optimization:                 76.92
  Mapping Optimization:               92.28
  -----------------------------------------
  Overall Compile Time:              242.75
  Overall Compile Wall Clock Time:   247.15

  --------------------------------------------------------------------

  Design  WNS: 0.58  TNS: 317.29  Number of Violating Paths: 974


  Design (Hold)  WNS: 0.00  TNS: 0.00  Number of Violating Paths: 0

  --------------------------------------------------------------------


1
