 
****************************************
Report : timing
        -path full
        -delay max
        -nworst 2
        -group REG2REG
        -max_paths 10
Design : DLX
Version: W-2024.09-SP2
Date   : Tue Sep 29 13:46:10 2026
****************************************

Operating Conditions: typical   Library: NangateOpenCellLibrary
Wire Load Model Mode: top

  Startpoint: DP_i/fetch_i_IR_out_reg_29_
              (rising edge-triggered flip-flop clocked by CLK)
  Endpoint: DP_i/fetch_i_pc_i_Y_reg_1_
            (rising edge-triggered flip-flop clocked by CLK)
  Path Group: REG2REG
  Path Type: max

  Des/Clust/Port     Wire Load Model       Library
  ------------------------------------------------
  DLX                5K_hvratio_1_4        NangateOpenCellLibrary

  Point                                                   Incr       Path
  --------------------------------------------------------------------------
  clock CLK (rise edge)                                 0.0000     0.0000
  clock network delay (ideal)                           0.0500     0.0500
  DP_i/fetch_i_IR_out_reg_29_/CK (DFF_X1)               0.0000     0.0500 r
  DP_i/fetch_i_IR_out_reg_29_/Q (DFF_X1)                0.1669     0.2169 r
  DP_i/opcode[3] (DataPath)                             0.0000     0.2169 r
  U799/ZN (INV_X1)                                      0.0731     0.2900 f
  U800/ZN (NAND3_X1)                                    0.0597     0.3497 r
  U773/ZN (OR2_X1)                                      0.1639     0.5136 r
  DP_i/RF2_BAR (DataPath)                               0.0000     0.5136 r
  DP_i/U1157/ZN (NAND2_X1)                              0.0813     0.5950 f
  DP_i/U1158/ZN (NOR2_X1)                               0.0793     0.6742 r
  DP_i/U1161/ZN (AOI21_X1)                              0.0407     0.7149 f
  DP_i/U1162/ZN (AOI21_X1)                              0.0662     0.7810 r
  DP_i/U1163/ZN (INV_X1)                                0.0306     0.8116 f
  DP_i/U1166/ZN (NOR2_X1)                               0.0394     0.8511 r
  DP_i/U1167/ZN (NOR2_X1)                               0.0381     0.8891 f
  DP_i/U1170/ZN (XNOR2_X1)                              0.0716     0.9607 f
  DP_i/U1171/ZN (NOR2_X1)                               0.0462     1.0069 r
  DP_i/U1176/ZN (OR2_X1)                                0.0381     1.0450 r
  DP_i/U1284/CO (FA_X1)                                 0.0795     1.1245 r
  DP_i/U1178/ZN (NAND2_X1)                              0.0500     1.1745 f
  DP_i/U1179/ZN (NOR2_X1)                               0.0637     1.2382 r
  DP_i/U1180/ZN (NOR3_X1)                               0.0394     1.2776 f
  DP_i/U1181/ZN (NAND2_X1)                              0.0418     1.3193 r
  DP_i/U1182/ZN (NAND2_X1)                              0.0422     1.3616 f
  DP_i/U1183/ZN (NAND2_X1)                              0.0460     1.4076 r
  DP_i/U1184/ZN (NAND2_X1)                              0.0428     1.4504 f
  DP_i/U1187/ZN (NOR2_X1)                               0.0683     1.5187 r
  DP_i/U1209/ZN (NOR2_X1)                               0.0300     1.5487 f
  DP_i/U1211/ZN (AOI21_X1)                              0.0473     1.5960 r
  DP_i/U1285/CO (FA_X1)                                 0.0735     1.6695 r
  DP_i/U1212/ZN (INV_X1)                                0.0306     1.7001 f
  DP_i/U1214/ZN (NOR2_X1)                               0.0617     1.7618 r
  DP_i/U1216/ZN (NAND2_X1)                              0.0495     1.8113 f
  DP_i/U1217/ZN (NOR2_X1)                               0.0645     1.8758 r
  DP_i/U1222/Z (XOR2_X1)                                0.0946     1.9704 r
  DP_i/U1223/ZN (INV_X1)                                0.0347     2.0050 f
  DP_i/U1224/ZN (AOI22_X1)                              0.0909     2.0959 r
  DP_i/U1226/ZN (NOR2_X1)                               0.0359     2.1318 f
  DP_i/U1227/ZN (AOI21_X1)                              0.0684     2.2002 r
  DP_i/U244/ZN (AND3_X1)                                0.0678     2.2679 r
  DP_i/U1229/ZN (NAND2_X1)                              0.0342     2.3021 f
  DP_i/U1230/ZN (XNOR2_X1)                              0.0754     2.3775 r
  DP_i/U1232/ZN (AOI21_X1)                              0.0423     2.4198 f
  DP_i/U1282/CO (FA_X1)                                 0.1132     2.5330 f
  DP_i/U1247/ZN (NAND2_X1)                              0.0464     2.5794 r
  DP_i/U1248/Z (XOR2_X1)                                0.0814     2.6608 r
  DP_i/U1249/ZN (NAND2_X1)                              0.0347     2.6955 f
  DP_i/U1250/ZN (AOI21_X1)                              0.0769     2.7725 r
  DP_i/U1257/ZN (NOR2_X1)                               0.0517     2.8242 f
  DP_i/U1265/ZN (NAND2_X1)                              0.0461     2.8703 r
  DP_i/U1267/ZN (NAND3_X1)                              0.0358     2.9062 f
  DP_i/U1268/ZN (AOI22_X1)                              0.0841     2.9903 r
  DP_i/U1269/ZN (OAI22_X1)                              0.0481     3.0384 f
  DP_i/U1270/ZN (AOI221_X1)                             0.0892     3.1276 r
  DP_i/U1320/ZN (OAI211_X1)                             0.0514     3.1789 f
  DP_i/U1321/ZN (NOR2_X1)                               0.0438     3.2227 r
  DP_i/U99/ZN (AND3_X1)                                 0.0545     3.2772 r
  DP_i/U1424/ZN (OAI21_X1)                              0.0277     3.3049 f
  DP_i/U249/ZN (AND4_X1)                                0.0660     3.3710 f
  DP_i/U5804/ZN (NOR3_X1)                               0.1611     3.5320 r
  DP_i/U5805/Z (BUF_X1)                                 0.1936     3.7256 r
  DP_i/U3118/ZN (AOI22_X1)                              0.0757     3.8014 f
  DP_i/U3120/ZN (OAI211_X1)                             0.0494     3.8507 r
  DP_i/U3121/ZN (AOI21_X1)                              0.0344     3.8851 f
  DP_i/U3122/ZN (OAI21_X1)                              0.0459     3.9311 r
  DP_i/fetch_i_pc_i_Y_reg_1_/D (DFF_X1)                 0.0110     3.9421 r
  data arrival time                                                3.9421

  clock CLK (rise edge)                                 4.0000     4.0000
  clock network delay (ideal)                           0.0500     4.0500
  clock uncertainty                                    -0.0500     4.0000
  DP_i/fetch_i_pc_i_Y_reg_1_/CK (DFF_X1)                0.0000     4.0000 r
  library setup time                                   -0.0332     3.9668
  data required time                                               3.9668
  --------------------------------------------------------------------------
  data required time                                               3.9668
  data arrival time                                               -3.9421
  --------------------------------------------------------------------------
  slack (MET)                                                      0.0247


  Startpoint: DP_i/fetch_i_IR_out_reg_29_
              (rising edge-triggered flip-flop clocked by CLK)
  Endpoint: DP_i/fetch_i_pc_i_Y_reg_1_
            (rising edge-triggered flip-flop clocked by CLK)
  Path Group: REG2REG
  Path Type: max

  Des/Clust/Port     Wire Load Model       Library
  ------------------------------------------------
  DLX                5K_hvratio_1_4        NangateOpenCellLibrary

  Point                                                   Incr       Path
  --------------------------------------------------------------------------
  clock CLK (rise edge)                                 0.0000     0.0000
  clock network delay (ideal)                           0.0500     0.0500
  DP_i/fetch_i_IR_out_reg_29_/CK (DFF_X1)               0.0000     0.0500 r
  DP_i/fetch_i_IR_out_reg_29_/Q (DFF_X1)                0.1669     0.2169 r
  DP_i/opcode[3] (DataPath)                             0.0000     0.2169 r
  U799/ZN (INV_X1)                                      0.0731     0.2900 f
  U800/ZN (NAND3_X1)                                    0.0597     0.3497 r
  U773/ZN (OR2_X1)                                      0.1639     0.5136 r
  DP_i/RF2_BAR (DataPath)                               0.0000     0.5136 r
  DP_i/U1157/ZN (NAND2_X1)                              0.0813     0.5950 f
  DP_i/U1158/ZN (NOR2_X1)                               0.0793     0.6742 r
  DP_i/U1161/ZN (AOI21_X1)                              0.0407     0.7149 f
  DP_i/U1162/ZN (AOI21_X1)                              0.0662     0.7810 r
  DP_i/U1163/ZN (INV_X1)                                0.0306     0.8116 f
  DP_i/U1166/ZN (NOR2_X1)                               0.0394     0.8511 r
  DP_i/U1167/ZN (NOR2_X1)                               0.0381     0.8891 f
  DP_i/U1170/ZN (XNOR2_X1)                              0.0716     0.9607 f
  DP_i/U1171/ZN (NOR2_X1)                               0.0462     1.0069 r
  DP_i/U1176/ZN (OR2_X1)                                0.0381     1.0450 r
  DP_i/U1284/CO (FA_X1)                                 0.0795     1.1245 r
  DP_i/U1178/ZN (NAND2_X1)                              0.0500     1.1745 f
  DP_i/U1179/ZN (NOR2_X1)                               0.0637     1.2382 r
  DP_i/U1180/ZN (NOR3_X1)                               0.0394     1.2776 f
  DP_i/U1181/ZN (NAND2_X1)                              0.0418     1.3193 r
  DP_i/U1182/ZN (NAND2_X1)                              0.0422     1.3616 f
  DP_i/U1183/ZN (NAND2_X1)                              0.0460     1.4076 r
  DP_i/U1184/ZN (NAND2_X1)                              0.0428     1.4504 f
  DP_i/U1187/ZN (NOR2_X1)                               0.0683     1.5187 r
  DP_i/U1209/ZN (NOR2_X1)                               0.0300     1.5487 f
  DP_i/U1211/ZN (AOI21_X1)                              0.0473     1.5960 r
  DP_i/U1285/CO (FA_X1)                                 0.0735     1.6695 r
  DP_i/U1212/ZN (INV_X1)                                0.0306     1.7001 f
  DP_i/U1214/ZN (NOR2_X1)                               0.0617     1.7618 r
  DP_i/U1216/ZN (NAND2_X1)                              0.0495     1.8113 f
  DP_i/U1217/ZN (NOR2_X1)                               0.0645     1.8758 r
  DP_i/U1222/Z (XOR2_X1)                                0.0946     1.9704 r
  DP_i/U1223/ZN (INV_X1)                                0.0347     2.0050 f
  DP_i/U1224/ZN (AOI22_X1)                              0.0909     2.0959 r
  DP_i/U1226/ZN (NOR2_X1)                               0.0359     2.1318 f
  DP_i/U1227/ZN (AOI21_X1)                              0.0684     2.2002 r
  DP_i/U244/ZN (AND3_X1)                                0.0678     2.2679 r
  DP_i/U1229/ZN (NAND2_X1)                              0.0342     2.3021 f
  DP_i/U1230/ZN (XNOR2_X1)                              0.0754     2.3775 r
  DP_i/U1232/ZN (AOI21_X1)                              0.0423     2.4198 f
  DP_i/U1282/CO (FA_X1)                                 0.1132     2.5330 f
  DP_i/U1247/ZN (NAND2_X1)                              0.0464     2.5794 r
  DP_i/U1248/Z (XOR2_X1)                                0.0814     2.6608 r
  DP_i/U1249/ZN (NAND2_X1)                              0.0347     2.6955 f
  DP_i/U1250/ZN (AOI21_X1)                              0.0769     2.7725 r
  DP_i/U1257/ZN (NOR2_X1)                               0.0517     2.8242 f
  DP_i/U1265/ZN (NAND2_X1)                              0.0461     2.8703 r
  DP_i/U1267/ZN (NAND3_X1)                              0.0358     2.9062 f
  DP_i/U1268/ZN (AOI22_X1)                              0.0841     2.9903 r
  DP_i/U1269/ZN (OAI22_X1)                              0.0481     3.0384 f
  DP_i/U1270/ZN (AOI221_X1)                             0.0892     3.1276 r
  DP_i/U1320/ZN (OAI211_X1)                             0.0514     3.1789 f
  DP_i/U1321/ZN (NOR2_X1)                               0.0438     3.2227 r
  DP_i/U99/ZN (AND3_X1)                                 0.0545     3.2772 r
  DP_i/U1424/ZN (OAI21_X1)                              0.0277     3.3049 f
  DP_i/U249/ZN (AND4_X1)                                0.0660     3.3710 f
  DP_i/U5804/ZN (NOR3_X1)                               0.1611     3.5320 r
  DP_i/U5805/Z (BUF_X1)                                 0.1936     3.7256 r
  DP_i/U3118/ZN (AOI22_X1)                              0.0757     3.8014 f
  DP_i/U3120/ZN (OAI211_X1)                             0.0484     3.8498 r
  DP_i/U3121/ZN (AOI21_X1)                              0.0344     3.8842 f
  DP_i/U3122/ZN (OAI21_X1)                              0.0459     3.9302 r
  DP_i/fetch_i_pc_i_Y_reg_1_/D (DFF_X1)                 0.0110     3.9411 r
  data arrival time                                                3.9411

  clock CLK (rise edge)                                 4.0000     4.0000
  clock network delay (ideal)                           0.0500     4.0500
  clock uncertainty                                    -0.0500     4.0000
  DP_i/fetch_i_pc_i_Y_reg_1_/CK (DFF_X1)                0.0000     4.0000 r
  library setup time                                   -0.0332     3.9668
  data required time                                               3.9668
  --------------------------------------------------------------------------
  data required time                                               3.9668
  data arrival time                                               -3.9411
  --------------------------------------------------------------------------
  slack (MET)                                                      0.0257


  Startpoint: DP_i/execute_i_rd_out_reg_i_Y_reg_2_
              (rising edge-triggered flip-flop clocked by CLK)
  Endpoint: DP_i/execute_i_zero_alu_bit_Y_reg
            (rising edge-triggered flip-flop clocked by CLK)
  Path Group: REG2REG
  Path Type: max

  Des/Clust/Port     Wire Load Model       Library
  ------------------------------------------------
  DLX                5K_hvratio_1_4        NangateOpenCellLibrary

  Point                                                   Incr       Path
  --------------------------------------------------------------------------
  clock CLK (rise edge)                                 0.0000     0.0000
  clock network delay (ideal)                           0.0500     0.0500
  DP_i/execute_i_rd_out_reg_i_Y_reg_2_/CK (DFF_X1)      0.0000     0.0500 r
  DP_i/execute_i_rd_out_reg_i_Y_reg_2_/Q (DFF_X1)       0.1179     0.1679 r
  DP_i/rd_ex_mem_2_ (DataPath)                          0.0000     0.1679 r
  U1051/ZN (INV_X1)                                     0.0435     0.2113 f
  U1063/ZN (AOI22_X1)                                   0.0628     0.2742 r
  U1064/ZN (OAI221_X1)                                  0.0505     0.3247 f
  U1068/ZN (NOR3_X1)                                    0.1736     0.4983 r
  DP_i/fw_ex_ex_rs2 (DataPath)                          0.0000     0.4983 r
  DP_i/U1457/ZN (INV_X1)                                0.0664     0.5647 f
  DP_i/U1458/ZN (AND2_X1)                               0.0774     0.6421 f
  DP_i/U1526/ZN (AOI22_X1)                              0.0678     0.7099 r
  DP_i/U1527/ZN (OAI21_X1)                              0.0478     0.7577 f
  DP_i/U1532/ZN (AOI22_X1)                              0.1694     0.9271 r
  DP_i/U1533/ZN (INV_X1)                                0.1406     1.0677 f
  DP_i/U2291/ZN (OAI22_X1)                              0.0997     1.1674 r
  DP_i/U2294/ZN (NAND2_X1)                              0.0474     1.2148 f
  DP_i/U2299/ZN (OAI21_X1)                              0.0535     1.2684 r
  DP_i/U2300/ZN (NOR2_X1)                               0.0459     1.3143 f
  DP_i/U2301/ZN (NOR2_X1)                               0.0637     1.3780 r
  DP_i/U2305/ZN (OAI21_X1)                              0.0434     1.4214 f
  DP_i/U2313/ZN (NAND2_X1)                              0.0338     1.4552 r
  DP_i/U2317/ZN (OAI21_X1)                              0.0349     1.4900 f
  DP_i/U2319/ZN (NOR2_X1)                               0.0958     1.5858 r
  DP_i/U2327/ZN (NAND3_X1)                              0.0514     1.6372 f
  DP_i/U2328/ZN (AND2_X1)                               0.0471     1.6843 f
  DP_i/U6376/CO (FA_X1)                                 0.0951     1.7794 f
  DP_i/U3152/ZN (NOR2_X1)                               0.0493     1.8286 r
  DP_i/U3155/ZN (AND2_X1)                               0.0547     1.8833 r
  DP_i/U3163/ZN (AOI21_X1)                              0.0352     1.9185 f
  DP_i/U6482/CO (FA_X1)                                 0.0895     2.0080 f
  DP_i/U3164/ZN (INV_X1)                                0.0346     2.0426 r
  DP_i/U3165/ZN (NAND2_X1)                              0.0396     2.0822 f
  DP_i/U3617/ZN (NOR2_X1)                               0.0658     2.1480 r
  DP_i/U3618/ZN (NAND2_X1)                              0.0367     2.1847 f
  DP_i/U3619/ZN (XNOR2_X1)                              0.0577     2.2424 r
  DP_i/U3620/Z (XOR2_X1)                                0.0809     2.3233 r
  DP_i/U3622/ZN (AOI21_X1)                              0.0409     2.3642 f
  DP_i/U3625/ZN (NOR2_X1)                               0.0724     2.4366 r
  DP_i/U5282/ZN (NAND2_X1)                              0.0485     2.4851 f
  DP_i/U5283/ZN (OAI22_X1)                              0.0493     2.5344 r
  DP_i/U5284/ZN (OR2_X1)                                0.0440     2.5784 r
  DP_i/U6600/CO (FA_X1)                                 0.0819     2.6603 r
  DP_i/U5288/ZN (AND2_X1)                               0.0577     2.7180 r
  DP_i/U5289/ZN (NAND2_X1)                              0.0383     2.7563 f
  DP_i/U5290/ZN (NOR2_X1)                               0.0470     2.8033 r
  DP_i/U5292/ZN (NOR2_X1)                               0.0291     2.8324 f
  DP_i/U5295/ZN (NOR2_X1)                               0.0562     2.8886 r
  DP_i/U6673/ZN (AND2_X1)                               0.0588     2.9474 r
  DP_i/U6773/ZN (NAND2_X1)                              0.0364     2.9838 f
  DP_i/U6776/ZN (AND2_X1)                               0.0400     3.0238 f
  DP_i/U6780/ZN (AOI21_X1)                              0.0500     3.0738 r
  DP_i/U6783/ZN (NAND2_X1)                              0.0450     3.1188 f
  DP_i/U6819/ZN (NOR2_X1)                               0.0727     3.1915 r
  DP_i/U6829/ZN (OAI21_X1)                              0.0461     3.2375 f
  DP_i/U6833/Z (XOR2_X1)                                0.0841     3.3217 f
  DP_i/U6834/ZN (AOI222_X1)                             0.0995     3.4212 r
  DP_i/U6838/ZN (OAI21_X1)                              0.0518     3.4729 f
  DP_i/U6855/ZN (OAI21_X1)                              0.0472     3.5201 r
  DP_i/U6859/ZN (AOI221_X1)                             0.0418     3.5619 f
  DP_i/U6860/ZN (OAI211_X1)                             0.0524     3.6143 r
  DP_i/U6861/ZN (OAI211_X1)                             0.0454     3.6597 f
  DP_i/U6862/ZN (AOI211_X1)                             0.1022     3.7619 r
  DP_i/U4045/ZN (NAND4_X1)                              0.0519     3.8138 f
  DP_i/U4046/ZN (NOR3_X1)                               0.0650     3.8788 r
  DP_i/U2/Z (MUX2_X1)                                   0.0489     3.9277 r
  DP_i/execute_i_zero_alu_bit_Y_reg/D (DFF_X1)          0.0110     3.9387 r
  data arrival time                                                3.9387

  clock CLK (rise edge)                                 4.0000     4.0000
  clock network delay (ideal)                           0.0500     4.0500
  clock uncertainty                                    -0.0500     4.0000
  DP_i/execute_i_zero_alu_bit_Y_reg/CK (DFF_X1)         0.0000     4.0000 r
  library setup time                                   -0.0274     3.9726
  data required time                                               3.9726
  --------------------------------------------------------------------------
  data required time                                               3.9726
  data arrival time                                               -3.9387
  --------------------------------------------------------------------------
  slack (MET)                                                      0.0338


  Startpoint: DP_i/execute_i_rd_out_reg_i_Y_reg_2_
              (rising edge-triggered flip-flop clocked by CLK)
  Endpoint: DP_i/execute_i_zero_alu_bit_Y_reg
            (rising edge-triggered flip-flop clocked by CLK)
  Path Group: REG2REG
  Path Type: max

  Des/Clust/Port     Wire Load Model       Library
  ------------------------------------------------
  DLX                5K_hvratio_1_4        NangateOpenCellLibrary

  Point                                                   Incr       Path
  --------------------------------------------------------------------------
  clock CLK (rise edge)                                 0.0000     0.0000
  clock network delay (ideal)                           0.0500     0.0500
  DP_i/execute_i_rd_out_reg_i_Y_reg_2_/CK (DFF_X1)      0.0000     0.0500 r
  DP_i/execute_i_rd_out_reg_i_Y_reg_2_/Q (DFF_X1)       0.1179     0.1679 r
  DP_i/rd_ex_mem_2_ (DataPath)                          0.0000     0.1679 r
  U1051/ZN (INV_X1)                                     0.0435     0.2113 f
  U1063/ZN (AOI22_X1)                                   0.0628     0.2742 r
  U1064/ZN (OAI221_X1)                                  0.0505     0.3247 f
  U1068/ZN (NOR3_X1)                                    0.1736     0.4983 r
  DP_i/fw_ex_ex_rs2 (DataPath)                          0.0000     0.4983 r
  DP_i/U1457/ZN (INV_X1)                                0.0664     0.5647 f
  DP_i/U1458/ZN (AND2_X1)                               0.0774     0.6421 f
  DP_i/U1526/ZN (AOI22_X1)                              0.0678     0.7099 r
  DP_i/U1527/ZN (OAI21_X1)                              0.0478     0.7577 f
  DP_i/U1532/ZN (AOI22_X1)                              0.1694     0.9271 r
  DP_i/U1533/ZN (INV_X1)                                0.1406     1.0677 f
  DP_i/U2291/ZN (OAI22_X1)                              0.0997     1.1674 r
  DP_i/U2294/ZN (NAND2_X1)                              0.0474     1.2148 f
  DP_i/U2299/ZN (OAI21_X1)                              0.0535     1.2684 r
  DP_i/U2300/ZN (NOR2_X1)                               0.0459     1.3143 f
  DP_i/U2301/ZN (NOR2_X1)                               0.0637     1.3780 r
  DP_i/U2305/ZN (OAI21_X1)                              0.0434     1.4214 f
  DP_i/U2313/ZN (NAND2_X1)                              0.0338     1.4552 r
  DP_i/U2317/ZN (OAI21_X1)                              0.0349     1.4900 f
  DP_i/U2319/ZN (NOR2_X1)                               0.0958     1.5858 r
  DP_i/U2327/ZN (NAND3_X1)                              0.0514     1.6372 f
  DP_i/U2328/ZN (AND2_X1)                               0.0471     1.6843 f
  DP_i/U6376/CO (FA_X1)                                 0.0951     1.7794 f
  DP_i/U3152/ZN (NOR2_X1)                               0.0493     1.8286 r
  DP_i/U3155/ZN (AND2_X1)                               0.0547     1.8833 r
  DP_i/U3163/ZN (AOI21_X1)                              0.0352     1.9185 f
  DP_i/U6482/CO (FA_X1)                                 0.0895     2.0080 f
  DP_i/U3164/ZN (INV_X1)                                0.0346     2.0426 r
  DP_i/U3165/ZN (NAND2_X1)                              0.0396     2.0822 f
  DP_i/U3617/ZN (NOR2_X1)                               0.0658     2.1480 r
  DP_i/U3618/ZN (NAND2_X1)                              0.0367     2.1847 f
  DP_i/U3619/ZN (XNOR2_X1)                              0.0577     2.2424 r
  DP_i/U3620/Z (XOR2_X1)                                0.0809     2.3233 r
  DP_i/U3622/ZN (AOI21_X1)                              0.0409     2.3642 f
  DP_i/U3625/ZN (NOR2_X1)                               0.0724     2.4366 r
  DP_i/U5282/ZN (NAND2_X1)                              0.0485     2.4851 f
  DP_i/U5283/ZN (OAI22_X1)                              0.0493     2.5344 r
  DP_i/U5284/ZN (OR2_X1)                                0.0440     2.5784 r
  DP_i/U6600/CO (FA_X1)                                 0.0819     2.6603 r
  DP_i/U5288/ZN (AND2_X1)                               0.0577     2.7180 r
  DP_i/U5289/ZN (NAND2_X1)                              0.0383     2.7563 f
  DP_i/U5290/ZN (NOR2_X1)                               0.0470     2.8033 r
  DP_i/U5292/ZN (NOR2_X1)                               0.0291     2.8324 f
  DP_i/U5295/ZN (NOR2_X1)                               0.0562     2.8886 r
  DP_i/U6673/ZN (AND2_X1)                               0.0588     2.9474 r
  DP_i/U6773/ZN (NAND2_X1)                              0.0364     2.9838 f
  DP_i/U6776/ZN (AND2_X1)                               0.0400     3.0238 f
  DP_i/U6780/ZN (AOI21_X1)                              0.0500     3.0738 r
  DP_i/U6783/ZN (NAND2_X1)                              0.0450     3.1188 f
  DP_i/U6819/ZN (NOR2_X1)                               0.0727     3.1915 r
  DP_i/U6829/ZN (OAI21_X1)                              0.0461     3.2375 f
  DP_i/U6833/Z (XOR2_X1)                                0.0841     3.3217 f
  DP_i/U6834/ZN (AOI222_X1)                             0.0995     3.4212 r
  DP_i/U6838/ZN (OAI21_X1)                              0.0518     3.4729 f
  DP_i/U6855/ZN (OAI21_X1)                              0.0472     3.5201 r
  DP_i/U6859/ZN (AOI221_X1)                             0.0418     3.5619 f
  DP_i/U6860/ZN (OAI211_X1)                             0.0524     3.6143 r
  DP_i/U6861/ZN (OAI211_X1)                             0.0454     3.6597 f
  DP_i/U6862/ZN (AOI211_X1)                             0.1022     3.7619 r
  DP_i/U4045/ZN (NAND4_X1)                              0.0519     3.8138 f
  DP_i/U4046/ZN (NOR3_X1)                               0.0650     3.8788 r
  DP_i/U2/Z (MUX2_X1)                                   0.0489     3.9277 r
  DP_i/execute_i_zero_alu_bit_Y_reg/D (DFF_X1)          0.0110     3.9387 r
  data arrival time                                                3.9387

  clock CLK (rise edge)                                 4.0000     4.0000
  clock network delay (ideal)                           0.0500     4.0500
  clock uncertainty                                    -0.0500     4.0000
  DP_i/execute_i_zero_alu_bit_Y_reg/CK (DFF_X1)         0.0000     4.0000 r
  library setup time                                   -0.0274     3.9726
  data required time                                               3.9726
  --------------------------------------------------------------------------
  data required time                                               3.9726
  data arrival time                                               -3.9387
  --------------------------------------------------------------------------
  slack (MET)                                                      0.0339


  Startpoint: DP_i/fetch_i_IR_out_reg_29_
              (rising edge-triggered flip-flop clocked by CLK)
  Endpoint: DP_i/fetch_i_pc_i_Y_reg_2_
            (rising edge-triggered flip-flop clocked by CLK)
  Path Group: REG2REG
  Path Type: max

  Des/Clust/Port     Wire Load Model       Library
  ------------------------------------------------
  DLX                5K_hvratio_1_4        NangateOpenCellLibrary

  Point                                                   Incr       Path
  --------------------------------------------------------------------------
  clock CLK (rise edge)                                 0.0000     0.0000
  clock network delay (ideal)                           0.0500     0.0500
  DP_i/fetch_i_IR_out_reg_29_/CK (DFF_X1)               0.0000     0.0500 r
  DP_i/fetch_i_IR_out_reg_29_/Q (DFF_X1)                0.1669     0.2169 r
  DP_i/opcode[3] (DataPath)                             0.0000     0.2169 r
  U799/ZN (INV_X1)                                      0.0731     0.2900 f
  U800/ZN (NAND3_X1)                                    0.0597     0.3497 r
  U773/ZN (OR2_X1)                                      0.1639     0.5136 r
  DP_i/RF2_BAR (DataPath)                               0.0000     0.5136 r
  DP_i/U1157/ZN (NAND2_X1)                              0.0813     0.5950 f
  DP_i/U1158/ZN (NOR2_X1)                               0.0793     0.6742 r
  DP_i/U1161/ZN (AOI21_X1)                              0.0407     0.7149 f
  DP_i/U1162/ZN (AOI21_X1)                              0.0662     0.7810 r
  DP_i/U1163/ZN (INV_X1)                                0.0306     0.8116 f
  DP_i/U1166/ZN (NOR2_X1)                               0.0394     0.8511 r
  DP_i/U1167/ZN (NOR2_X1)                               0.0381     0.8891 f
  DP_i/U1170/ZN (XNOR2_X1)                              0.0716     0.9607 f
  DP_i/U1171/ZN (NOR2_X1)                               0.0462     1.0069 r
  DP_i/U1176/ZN (OR2_X1)                                0.0381     1.0450 r
  DP_i/U1284/CO (FA_X1)                                 0.0795     1.1245 r
  DP_i/U1178/ZN (NAND2_X1)                              0.0500     1.1745 f
  DP_i/U1179/ZN (NOR2_X1)                               0.0637     1.2382 r
  DP_i/U1180/ZN (NOR3_X1)                               0.0394     1.2776 f
  DP_i/U1181/ZN (NAND2_X1)                              0.0418     1.3193 r
  DP_i/U1182/ZN (NAND2_X1)                              0.0422     1.3616 f
  DP_i/U1183/ZN (NAND2_X1)                              0.0460     1.4076 r
  DP_i/U1184/ZN (NAND2_X1)                              0.0428     1.4504 f
  DP_i/U1187/ZN (NOR2_X1)                               0.0683     1.5187 r
  DP_i/U1209/ZN (NOR2_X1)                               0.0300     1.5487 f
  DP_i/U1211/ZN (AOI21_X1)                              0.0473     1.5960 r
  DP_i/U1285/CO (FA_X1)                                 0.0735     1.6695 r
  DP_i/U1212/ZN (INV_X1)                                0.0306     1.7001 f
  DP_i/U1214/ZN (NOR2_X1)                               0.0617     1.7618 r
  DP_i/U1216/ZN (NAND2_X1)                              0.0495     1.8113 f
  DP_i/U1217/ZN (NOR2_X1)                               0.0645     1.8758 r
  DP_i/U1222/Z (XOR2_X1)                                0.0946     1.9704 r
  DP_i/U1223/ZN (INV_X1)                                0.0347     2.0050 f
  DP_i/U1224/ZN (AOI22_X1)                              0.0909     2.0959 r
  DP_i/U1226/ZN (NOR2_X1)                               0.0359     2.1318 f
  DP_i/U1227/ZN (AOI21_X1)                              0.0684     2.2002 r
  DP_i/U244/ZN (AND3_X1)                                0.0678     2.2679 r
  DP_i/U1229/ZN (NAND2_X1)                              0.0342     2.3021 f
  DP_i/U1230/ZN (XNOR2_X1)                              0.0754     2.3775 r
  DP_i/U1232/ZN (AOI21_X1)                              0.0423     2.4198 f
  DP_i/U1282/CO (FA_X1)                                 0.1132     2.5330 f
  DP_i/U1247/ZN (NAND2_X1)                              0.0464     2.5794 r
  DP_i/U1248/Z (XOR2_X1)                                0.0814     2.6608 r
  DP_i/U1249/ZN (NAND2_X1)                              0.0347     2.6955 f
  DP_i/U1250/ZN (AOI21_X1)                              0.0769     2.7725 r
  DP_i/U1257/ZN (NOR2_X1)                               0.0517     2.8242 f
  DP_i/U1265/ZN (NAND2_X1)                              0.0461     2.8703 r
  DP_i/U1267/ZN (NAND3_X1)                              0.0358     2.9062 f
  DP_i/U1268/ZN (AOI22_X1)                              0.0841     2.9903 r
  DP_i/U1269/ZN (OAI22_X1)                              0.0481     3.0384 f
  DP_i/U1270/ZN (AOI221_X1)                             0.0892     3.1276 r
  DP_i/U1320/ZN (OAI211_X1)                             0.0514     3.1789 f
  DP_i/U1321/ZN (NOR2_X1)                               0.0438     3.2227 r
  DP_i/U99/ZN (AND3_X1)                                 0.0545     3.2772 r
  DP_i/U1424/ZN (OAI21_X1)                              0.0277     3.3049 f
  DP_i/U249/ZN (AND4_X1)                                0.0660     3.3710 f
  DP_i/U5804/ZN (NOR3_X1)                               0.1611     3.5320 r
  DP_i/U5805/Z (BUF_X1)                                 0.1936     3.7256 r
  DP_i/U3112/ZN (AOI22_X1)                              0.0615     3.7872 f
  DP_i/U3115/ZN (OAI211_X1)                             0.0506     3.8378 r
  DP_i/fetch_i_pc_i_Y_reg_2_/D (DFF_X1)                 0.0110     3.8488 r
  data arrival time                                                3.8488

  clock CLK (rise edge)                                 4.0000     4.0000
  clock network delay (ideal)                           0.0500     4.0500
  clock uncertainty                                    -0.0500     4.0000
  DP_i/fetch_i_pc_i_Y_reg_2_/CK (DFF_X1)                0.0000     4.0000 r
  library setup time                                   -0.0334     3.9666
  data required time                                               3.9666
  --------------------------------------------------------------------------
  data required time                                               3.9666
  data arrival time                                               -3.8488
  --------------------------------------------------------------------------
  slack (MET)                                                      0.1178


  Startpoint: DP_i/fetch_i_IR_out_reg_29_
              (rising edge-triggered flip-flop clocked by CLK)
  Endpoint: DP_i/fetch_i_pc_i_Y_reg_13_
            (rising edge-triggered flip-flop clocked by CLK)
  Path Group: REG2REG
  Path Type: max

  Des/Clust/Port     Wire Load Model       Library
  ------------------------------------------------
  DLX                5K_hvratio_1_4        NangateOpenCellLibrary

  Point                                                   Incr       Path
  --------------------------------------------------------------------------
  clock CLK (rise edge)                                 0.0000     0.0000
  clock network delay (ideal)                           0.0500     0.0500
  DP_i/fetch_i_IR_out_reg_29_/CK (DFF_X1)               0.0000     0.0500 r
  DP_i/fetch_i_IR_out_reg_29_/Q (DFF_X1)                0.1669     0.2169 r
  DP_i/opcode[3] (DataPath)                             0.0000     0.2169 r
  U799/ZN (INV_X1)                                      0.0731     0.2900 f
  U800/ZN (NAND3_X1)                                    0.0597     0.3497 r
  U773/ZN (OR2_X1)                                      0.1639     0.5136 r
  DP_i/RF2_BAR (DataPath)                               0.0000     0.5136 r
  DP_i/U1157/ZN (NAND2_X1)                              0.0813     0.5950 f
  DP_i/U1158/ZN (NOR2_X1)                               0.0793     0.6742 r
  DP_i/U1161/ZN (AOI21_X1)                              0.0407     0.7149 f
  DP_i/U1162/ZN (AOI21_X1)                              0.0662     0.7810 r
  DP_i/U1163/ZN (INV_X1)                                0.0306     0.8116 f
  DP_i/U1166/ZN (NOR2_X1)                               0.0394     0.8511 r
  DP_i/U1167/ZN (NOR2_X1)                               0.0381     0.8891 f
  DP_i/U1170/ZN (XNOR2_X1)                              0.0716     0.9607 f
  DP_i/U1171/ZN (NOR2_X1)                               0.0462     1.0069 r
  DP_i/U1176/ZN (OR2_X1)                                0.0381     1.0450 r
  DP_i/U1284/CO (FA_X1)                                 0.0795     1.1245 r
  DP_i/U1178/ZN (NAND2_X1)                              0.0500     1.1745 f
  DP_i/U1179/ZN (NOR2_X1)                               0.0637     1.2382 r
  DP_i/U1180/ZN (NOR3_X1)                               0.0394     1.2776 f
  DP_i/U1181/ZN (NAND2_X1)                              0.0418     1.3193 r
  DP_i/U1182/ZN (NAND2_X1)                              0.0422     1.3616 f
  DP_i/U1183/ZN (NAND2_X1)                              0.0460     1.4076 r
  DP_i/U1184/ZN (NAND2_X1)                              0.0428     1.4504 f
  DP_i/U1187/ZN (NOR2_X1)                               0.0683     1.5187 r
  DP_i/U1209/ZN (NOR2_X1)                               0.0300     1.5487 f
  DP_i/U1211/ZN (AOI21_X1)                              0.0473     1.5960 r
  DP_i/U1285/CO (FA_X1)                                 0.0735     1.6695 r
  DP_i/U1212/ZN (INV_X1)                                0.0306     1.7001 f
  DP_i/U1214/ZN (NOR2_X1)                               0.0617     1.7618 r
  DP_i/U1216/ZN (NAND2_X1)                              0.0495     1.8113 f
  DP_i/U1217/ZN (NOR2_X1)                               0.0645     1.8758 r
  DP_i/U1222/Z (XOR2_X1)                                0.0946     1.9704 r
  DP_i/U1223/ZN (INV_X1)                                0.0347     2.0050 f
  DP_i/U1224/ZN (AOI22_X1)                              0.0909     2.0959 r
  DP_i/U1226/ZN (NOR2_X1)                               0.0359     2.1318 f
  DP_i/U1227/ZN (AOI21_X1)                              0.0684     2.2002 r
  DP_i/U244/ZN (AND3_X1)                                0.0678     2.2679 r
  DP_i/U1229/ZN (NAND2_X1)                              0.0342     2.3021 f
  DP_i/U1230/ZN (XNOR2_X1)                              0.0754     2.3775 r
  DP_i/U1232/ZN (AOI21_X1)                              0.0423     2.4198 f
  DP_i/U1282/CO (FA_X1)                                 0.1132     2.5330 f
  DP_i/U1247/ZN (NAND2_X1)                              0.0464     2.5794 r
  DP_i/U1248/Z (XOR2_X1)                                0.0814     2.6608 r
  DP_i/U1249/ZN (NAND2_X1)                              0.0347     2.6955 f
  DP_i/U1250/ZN (AOI21_X1)                              0.0769     2.7725 r
  DP_i/U1257/ZN (NOR2_X1)                               0.0517     2.8242 f
  DP_i/U1265/ZN (NAND2_X1)                              0.0461     2.8703 r
  DP_i/U1267/ZN (NAND3_X1)                              0.0358     2.9062 f
  DP_i/U1268/ZN (AOI22_X1)                              0.0841     2.9903 r
  DP_i/U1269/ZN (OAI22_X1)                              0.0481     3.0384 f
  DP_i/U1270/ZN (AOI221_X1)                             0.0892     3.1276 r
  DP_i/U1320/ZN (OAI211_X1)                             0.0514     3.1789 f
  DP_i/U1321/ZN (NOR2_X1)                               0.0438     3.2227 r
  DP_i/U99/ZN (AND3_X1)                                 0.0545     3.2772 r
  DP_i/U1424/ZN (OAI21_X1)                              0.0277     3.3049 f
  DP_i/U249/ZN (AND4_X1)                                0.0660     3.3710 f
  DP_i/U5804/ZN (NOR3_X1)                               0.1611     3.5320 r
  DP_i/U5805/Z (BUF_X1)                                 0.1936     3.7256 r
  DP_i/U3057/ZN (AOI22_X1)                              0.0615     3.7872 f
  DP_i/U3060/ZN (OAI211_X1)                             0.0506     3.8378 r
  DP_i/fetch_i_pc_i_Y_reg_13_/D (DFF_X1)                0.0110     3.8488 r
  data arrival time                                                3.8488

  clock CLK (rise edge)                                 4.0000     4.0000
  clock network delay (ideal)                           0.0500     4.0500
  clock uncertainty                                    -0.0500     4.0000
  DP_i/fetch_i_pc_i_Y_reg_13_/CK (DFF_X1)               0.0000     4.0000 r
  library setup time                                   -0.0334     3.9666
  data required time                                               3.9666
  --------------------------------------------------------------------------
  data required time                                               3.9666
  data arrival time                                               -3.8488
  --------------------------------------------------------------------------
  slack (MET)                                                      0.1178


  Startpoint: DP_i/fetch_i_IR_out_reg_29_
              (rising edge-triggered flip-flop clocked by CLK)
  Endpoint: DP_i/fetch_i_pc_i_Y_reg_12_
            (rising edge-triggered flip-flop clocked by CLK)
  Path Group: REG2REG
  Path Type: max

  Des/Clust/Port     Wire Load Model       Library
  ------------------------------------------------
  DLX                5K_hvratio_1_4        NangateOpenCellLibrary

  Point                                                   Incr       Path
  --------------------------------------------------------------------------
  clock CLK (rise edge)                                 0.0000     0.0000
  clock network delay (ideal)                           0.0500     0.0500
  DP_i/fetch_i_IR_out_reg_29_/CK (DFF_X1)               0.0000     0.0500 r
  DP_i/fetch_i_IR_out_reg_29_/Q (DFF_X1)                0.1669     0.2169 r
  DP_i/opcode[3] (DataPath)                             0.0000     0.2169 r
  U799/ZN (INV_X1)                                      0.0731     0.2900 f
  U800/ZN (NAND3_X1)                                    0.0597     0.3497 r
  U773/ZN (OR2_X1)                                      0.1639     0.5136 r
  DP_i/RF2_BAR (DataPath)                               0.0000     0.5136 r
  DP_i/U1157/ZN (NAND2_X1)                              0.0813     0.5950 f
  DP_i/U1158/ZN (NOR2_X1)                               0.0793     0.6742 r
  DP_i/U1161/ZN (AOI21_X1)                              0.0407     0.7149 f
  DP_i/U1162/ZN (AOI21_X1)                              0.0662     0.7810 r
  DP_i/U1163/ZN (INV_X1)                                0.0306     0.8116 f
  DP_i/U1166/ZN (NOR2_X1)                               0.0394     0.8511 r
  DP_i/U1167/ZN (NOR2_X1)                               0.0381     0.8891 f
  DP_i/U1170/ZN (XNOR2_X1)                              0.0716     0.9607 f
  DP_i/U1171/ZN (NOR2_X1)                               0.0462     1.0069 r
  DP_i/U1176/ZN (OR2_X1)                                0.0381     1.0450 r
  DP_i/U1284/CO (FA_X1)                                 0.0795     1.1245 r
  DP_i/U1178/ZN (NAND2_X1)                              0.0500     1.1745 f
  DP_i/U1179/ZN (NOR2_X1)                               0.0637     1.2382 r
  DP_i/U1180/ZN (NOR3_X1)                               0.0394     1.2776 f
  DP_i/U1181/ZN (NAND2_X1)                              0.0418     1.3193 r
  DP_i/U1182/ZN (NAND2_X1)                              0.0422     1.3616 f
  DP_i/U1183/ZN (NAND2_X1)                              0.0460     1.4076 r
  DP_i/U1184/ZN (NAND2_X1)                              0.0428     1.4504 f
  DP_i/U1187/ZN (NOR2_X1)                               0.0683     1.5187 r
  DP_i/U1209/ZN (NOR2_X1)                               0.0300     1.5487 f
  DP_i/U1211/ZN (AOI21_X1)                              0.0473     1.5960 r
  DP_i/U1285/CO (FA_X1)                                 0.0735     1.6695 r
  DP_i/U1212/ZN (INV_X1)                                0.0306     1.7001 f
  DP_i/U1214/ZN (NOR2_X1)                               0.0617     1.7618 r
  DP_i/U1216/ZN (NAND2_X1)                              0.0495     1.8113 f
  DP_i/U1217/ZN (NOR2_X1)                               0.0645     1.8758 r
  DP_i/U1222/Z (XOR2_X1)                                0.0946     1.9704 r
  DP_i/U1223/ZN (INV_X1)                                0.0347     2.0050 f
  DP_i/U1224/ZN (AOI22_X1)                              0.0909     2.0959 r
  DP_i/U1226/ZN (NOR2_X1)                               0.0359     2.1318 f
  DP_i/U1227/ZN (AOI21_X1)                              0.0684     2.2002 r
  DP_i/U244/ZN (AND3_X1)                                0.0678     2.2679 r
  DP_i/U1229/ZN (NAND2_X1)                              0.0342     2.3021 f
  DP_i/U1230/ZN (XNOR2_X1)                              0.0754     2.3775 r
  DP_i/U1232/ZN (AOI21_X1)                              0.0423     2.4198 f
  DP_i/U1282/CO (FA_X1)                                 0.1132     2.5330 f
  DP_i/U1247/ZN (NAND2_X1)                              0.0464     2.5794 r
  DP_i/U1248/Z (XOR2_X1)                                0.0814     2.6608 r
  DP_i/U1249/ZN (NAND2_X1)                              0.0347     2.6955 f
  DP_i/U1250/ZN (AOI21_X1)                              0.0769     2.7725 r
  DP_i/U1257/ZN (NOR2_X1)                               0.0517     2.8242 f
  DP_i/U1265/ZN (NAND2_X1)                              0.0461     2.8703 r
  DP_i/U1267/ZN (NAND3_X1)                              0.0358     2.9062 f
  DP_i/U1268/ZN (AOI22_X1)                              0.0841     2.9903 r
  DP_i/U1269/ZN (OAI22_X1)                              0.0481     3.0384 f
  DP_i/U1270/ZN (AOI221_X1)                             0.0892     3.1276 r
  DP_i/U1320/ZN (OAI211_X1)                             0.0514     3.1789 f
  DP_i/U1321/ZN (NOR2_X1)                               0.0438     3.2227 r
  DP_i/U99/ZN (AND3_X1)                                 0.0545     3.2772 r
  DP_i/U1424/ZN (OAI21_X1)                              0.0277     3.3049 f
  DP_i/U249/ZN (AND4_X1)                                0.0660     3.3710 f
  DP_i/U5804/ZN (NOR3_X1)                               0.1611     3.5320 r
  DP_i/U5805/Z (BUF_X1)                                 0.1936     3.7256 r
  DP_i/U3062/ZN (AOI22_X1)                              0.0615     3.7872 f
  DP_i/U3065/ZN (OAI211_X1)                             0.0506     3.8378 r
  DP_i/fetch_i_pc_i_Y_reg_12_/D (DFF_X1)                0.0110     3.8488 r
  data arrival time                                                3.8488

  clock CLK (rise edge)                                 4.0000     4.0000
  clock network delay (ideal)                           0.0500     4.0500
  clock uncertainty                                    -0.0500     4.0000
  DP_i/fetch_i_pc_i_Y_reg_12_/CK (DFF_X1)               0.0000     4.0000 r
  library setup time                                   -0.0334     3.9666
  data required time                                               3.9666
  --------------------------------------------------------------------------
  data required time                                               3.9666
  data arrival time                                               -3.8488
  --------------------------------------------------------------------------
  slack (MET)                                                      0.1178


  Startpoint: DP_i/fetch_i_IR_out_reg_29_
              (rising edge-triggered flip-flop clocked by CLK)
  Endpoint: DP_i/fetch_i_pc_i_Y_reg_14_
            (rising edge-triggered flip-flop clocked by CLK)
  Path Group: REG2REG
  Path Type: max

  Des/Clust/Port     Wire Load Model       Library
  ------------------------------------------------
  DLX                5K_hvratio_1_4        NangateOpenCellLibrary

  Point                                                   Incr       Path
  --------------------------------------------------------------------------
  clock CLK (rise edge)                                 0.0000     0.0000
  clock network delay (ideal)                           0.0500     0.0500
  DP_i/fetch_i_IR_out_reg_29_/CK (DFF_X1)               0.0000     0.0500 r
  DP_i/fetch_i_IR_out_reg_29_/Q (DFF_X1)                0.1669     0.2169 r
  DP_i/opcode[3] (DataPath)                             0.0000     0.2169 r
  U799/ZN (INV_X1)                                      0.0731     0.2900 f
  U800/ZN (NAND3_X1)                                    0.0597     0.3497 r
  U773/ZN (OR2_X1)                                      0.1639     0.5136 r
  DP_i/RF2_BAR (DataPath)                               0.0000     0.5136 r
  DP_i/U1157/ZN (NAND2_X1)                              0.0813     0.5950 f
  DP_i/U1158/ZN (NOR2_X1)                               0.0793     0.6742 r
  DP_i/U1161/ZN (AOI21_X1)                              0.0407     0.7149 f
  DP_i/U1162/ZN (AOI21_X1)                              0.0662     0.7810 r
  DP_i/U1163/ZN (INV_X1)                                0.0306     0.8116 f
  DP_i/U1166/ZN (NOR2_X1)                               0.0394     0.8511 r
  DP_i/U1167/ZN (NOR2_X1)                               0.0381     0.8891 f
  DP_i/U1170/ZN (XNOR2_X1)                              0.0716     0.9607 f
  DP_i/U1171/ZN (NOR2_X1)                               0.0462     1.0069 r
  DP_i/U1176/ZN (OR2_X1)                                0.0381     1.0450 r
  DP_i/U1284/CO (FA_X1)                                 0.0795     1.1245 r
  DP_i/U1178/ZN (NAND2_X1)                              0.0500     1.1745 f
  DP_i/U1179/ZN (NOR2_X1)                               0.0637     1.2382 r
  DP_i/U1180/ZN (NOR3_X1)                               0.0394     1.2776 f
  DP_i/U1181/ZN (NAND2_X1)                              0.0418     1.3193 r
  DP_i/U1182/ZN (NAND2_X1)                              0.0422     1.3616 f
  DP_i/U1183/ZN (NAND2_X1)                              0.0460     1.4076 r
  DP_i/U1184/ZN (NAND2_X1)                              0.0428     1.4504 f
  DP_i/U1187/ZN (NOR2_X1)                               0.0683     1.5187 r
  DP_i/U1209/ZN (NOR2_X1)                               0.0300     1.5487 f
  DP_i/U1211/ZN (AOI21_X1)                              0.0473     1.5960 r
  DP_i/U1285/CO (FA_X1)                                 0.0735     1.6695 r
  DP_i/U1212/ZN (INV_X1)                                0.0306     1.7001 f
  DP_i/U1214/ZN (NOR2_X1)                               0.0617     1.7618 r
  DP_i/U1216/ZN (NAND2_X1)                              0.0495     1.8113 f
  DP_i/U1217/ZN (NOR2_X1)                               0.0645     1.8758 r
  DP_i/U1222/Z (XOR2_X1)                                0.0946     1.9704 r
  DP_i/U1223/ZN (INV_X1)                                0.0347     2.0050 f
  DP_i/U1224/ZN (AOI22_X1)                              0.0909     2.0959 r
  DP_i/U1226/ZN (NOR2_X1)                               0.0359     2.1318 f
  DP_i/U1227/ZN (AOI21_X1)                              0.0684     2.2002 r
  DP_i/U244/ZN (AND3_X1)                                0.0678     2.2679 r
  DP_i/U1229/ZN (NAND2_X1)                              0.0342     2.3021 f
  DP_i/U1230/ZN (XNOR2_X1)                              0.0754     2.3775 r
  DP_i/U1232/ZN (AOI21_X1)                              0.0423     2.4198 f
  DP_i/U1282/CO (FA_X1)                                 0.1132     2.5330 f
  DP_i/U1247/ZN (NAND2_X1)                              0.0464     2.5794 r
  DP_i/U1248/Z (XOR2_X1)                                0.0814     2.6608 r
  DP_i/U1249/ZN (NAND2_X1)                              0.0347     2.6955 f
  DP_i/U1250/ZN (AOI21_X1)                              0.0769     2.7725 r
  DP_i/U1257/ZN (NOR2_X1)                               0.0517     2.8242 f
  DP_i/U1265/ZN (NAND2_X1)                              0.0461     2.8703 r
  DP_i/U1267/ZN (NAND3_X1)                              0.0358     2.9062 f
  DP_i/U1268/ZN (AOI22_X1)                              0.0841     2.9903 r
  DP_i/U1269/ZN (OAI22_X1)                              0.0481     3.0384 f
  DP_i/U1270/ZN (AOI221_X1)                             0.0892     3.1276 r
  DP_i/U1320/ZN (OAI211_X1)                             0.0514     3.1789 f
  DP_i/U1321/ZN (NOR2_X1)                               0.0438     3.2227 r
  DP_i/U99/ZN (AND3_X1)                                 0.0545     3.2772 r
  DP_i/U1424/ZN (OAI21_X1)                              0.0277     3.3049 f
  DP_i/U249/ZN (AND4_X1)                                0.0660     3.3710 f
  DP_i/U5804/ZN (NOR3_X1)                               0.1611     3.5320 r
  DP_i/U5805/Z (BUF_X1)                                 0.1936     3.7256 r
  DP_i/U3052/ZN (AOI22_X1)                              0.0615     3.7872 f
  DP_i/U3055/ZN (OAI211_X1)                             0.0506     3.8378 r
  DP_i/fetch_i_pc_i_Y_reg_14_/D (DFF_X1)                0.0110     3.8488 r
  data arrival time                                                3.8488

  clock CLK (rise edge)                                 4.0000     4.0000
  clock network delay (ideal)                           0.0500     4.0500
  clock uncertainty                                    -0.0500     4.0000
  DP_i/fetch_i_pc_i_Y_reg_14_/CK (DFF_X1)               0.0000     4.0000 r
  library setup time                                   -0.0334     3.9666
  data required time                                               3.9666
  --------------------------------------------------------------------------
  data required time                                               3.9666
  data arrival time                                               -3.8488
  --------------------------------------------------------------------------
  slack (MET)                                                      0.1178


  Startpoint: DP_i/fetch_i_IR_out_reg_29_
              (rising edge-triggered flip-flop clocked by CLK)
  Endpoint: DP_i/fetch_i_pc_i_Y_reg_11_
            (rising edge-triggered flip-flop clocked by CLK)
  Path Group: REG2REG
  Path Type: max

  Des/Clust/Port     Wire Load Model       Library
  ------------------------------------------------
  DLX                5K_hvratio_1_4        NangateOpenCellLibrary

  Point                                                   Incr       Path
  --------------------------------------------------------------------------
  clock CLK (rise edge)                                 0.0000     0.0000
  clock network delay (ideal)                           0.0500     0.0500
  DP_i/fetch_i_IR_out_reg_29_/CK (DFF_X1)               0.0000     0.0500 r
  DP_i/fetch_i_IR_out_reg_29_/Q (DFF_X1)                0.1669     0.2169 r
  DP_i/opcode[3] (DataPath)                             0.0000     0.2169 r
  U799/ZN (INV_X1)                                      0.0731     0.2900 f
  U800/ZN (NAND3_X1)                                    0.0597     0.3497 r
  U773/ZN (OR2_X1)                                      0.1639     0.5136 r
  DP_i/RF2_BAR (DataPath)                               0.0000     0.5136 r
  DP_i/U1157/ZN (NAND2_X1)                              0.0813     0.5950 f
  DP_i/U1158/ZN (NOR2_X1)                               0.0793     0.6742 r
  DP_i/U1161/ZN (AOI21_X1)                              0.0407     0.7149 f
  DP_i/U1162/ZN (AOI21_X1)                              0.0662     0.7810 r
  DP_i/U1163/ZN (INV_X1)                                0.0306     0.8116 f
  DP_i/U1166/ZN (NOR2_X1)                               0.0394     0.8511 r
  DP_i/U1167/ZN (NOR2_X1)                               0.0381     0.8891 f
  DP_i/U1170/ZN (XNOR2_X1)                              0.0716     0.9607 f
  DP_i/U1171/ZN (NOR2_X1)                               0.0462     1.0069 r
  DP_i/U1176/ZN (OR2_X1)                                0.0381     1.0450 r
  DP_i/U1284/CO (FA_X1)                                 0.0795     1.1245 r
  DP_i/U1178/ZN (NAND2_X1)                              0.0500     1.1745 f
  DP_i/U1179/ZN (NOR2_X1)                               0.0637     1.2382 r
  DP_i/U1180/ZN (NOR3_X1)                               0.0394     1.2776 f
  DP_i/U1181/ZN (NAND2_X1)                              0.0418     1.3193 r
  DP_i/U1182/ZN (NAND2_X1)                              0.0422     1.3616 f
  DP_i/U1183/ZN (NAND2_X1)                              0.0460     1.4076 r
  DP_i/U1184/ZN (NAND2_X1)                              0.0428     1.4504 f
  DP_i/U1187/ZN (NOR2_X1)                               0.0683     1.5187 r
  DP_i/U1209/ZN (NOR2_X1)                               0.0300     1.5487 f
  DP_i/U1211/ZN (AOI21_X1)                              0.0473     1.5960 r
  DP_i/U1285/CO (FA_X1)                                 0.0735     1.6695 r
  DP_i/U1212/ZN (INV_X1)                                0.0306     1.7001 f
  DP_i/U1214/ZN (NOR2_X1)                               0.0617     1.7618 r
  DP_i/U1216/ZN (NAND2_X1)                              0.0495     1.8113 f
  DP_i/U1217/ZN (NOR2_X1)                               0.0645     1.8758 r
  DP_i/U1222/Z (XOR2_X1)                                0.0946     1.9704 r
  DP_i/U1223/ZN (INV_X1)                                0.0347     2.0050 f
  DP_i/U1224/ZN (AOI22_X1)                              0.0909     2.0959 r
  DP_i/U1226/ZN (NOR2_X1)                               0.0359     2.1318 f
  DP_i/U1227/ZN (AOI21_X1)                              0.0684     2.2002 r
  DP_i/U244/ZN (AND3_X1)                                0.0678     2.2679 r
  DP_i/U1229/ZN (NAND2_X1)                              0.0342     2.3021 f
  DP_i/U1230/ZN (XNOR2_X1)                              0.0754     2.3775 r
  DP_i/U1232/ZN (AOI21_X1)                              0.0423     2.4198 f
  DP_i/U1282/CO (FA_X1)                                 0.1132     2.5330 f
  DP_i/U1247/ZN (NAND2_X1)                              0.0464     2.5794 r
  DP_i/U1248/Z (XOR2_X1)                                0.0814     2.6608 r
  DP_i/U1249/ZN (NAND2_X1)                              0.0347     2.6955 f
  DP_i/U1250/ZN (AOI21_X1)                              0.0769     2.7725 r
  DP_i/U1257/ZN (NOR2_X1)                               0.0517     2.8242 f
  DP_i/U1265/ZN (NAND2_X1)                              0.0461     2.8703 r
  DP_i/U1267/ZN (NAND3_X1)                              0.0358     2.9062 f
  DP_i/U1268/ZN (AOI22_X1)                              0.0841     2.9903 r
  DP_i/U1269/ZN (OAI22_X1)                              0.0481     3.0384 f
  DP_i/U1270/ZN (AOI221_X1)                             0.0892     3.1276 r
  DP_i/U1320/ZN (OAI211_X1)                             0.0514     3.1789 f
  DP_i/U1321/ZN (NOR2_X1)                               0.0438     3.2227 r
  DP_i/U99/ZN (AND3_X1)                                 0.0545     3.2772 r
  DP_i/U1424/ZN (OAI21_X1)                              0.0277     3.3049 f
  DP_i/U249/ZN (AND4_X1)                                0.0660     3.3710 f
  DP_i/U5804/ZN (NOR3_X1)                               0.1611     3.5320 r
  DP_i/U5805/Z (BUF_X1)                                 0.1936     3.7256 r
  DP_i/U3067/ZN (AOI22_X1)                              0.0615     3.7872 f
  DP_i/U3070/ZN (OAI211_X1)                             0.0506     3.8378 r
  DP_i/fetch_i_pc_i_Y_reg_11_/D (DFF_X1)                0.0110     3.8488 r
  data arrival time                                                3.8488

  clock CLK (rise edge)                                 4.0000     4.0000
  clock network delay (ideal)                           0.0500     4.0500
  clock uncertainty                                    -0.0500     4.0000
  DP_i/fetch_i_pc_i_Y_reg_11_/CK (DFF_X1)               0.0000     4.0000 r
  library setup time                                   -0.0334     3.9666
  data required time                                               3.9666
  --------------------------------------------------------------------------
  data required time                                               3.9666
  data arrival time                                               -3.8488
  --------------------------------------------------------------------------
  slack (MET)                                                      0.1178


  Startpoint: DP_i/fetch_i_IR_out_reg_29_
              (rising edge-triggered flip-flop clocked by CLK)
  Endpoint: DP_i/fetch_i_pc_i_Y_reg_10_
            (rising edge-triggered flip-flop clocked by CLK)
  Path Group: REG2REG
  Path Type: max

  Des/Clust/Port     Wire Load Model       Library
  ------------------------------------------------
  DLX                5K_hvratio_1_4        NangateOpenCellLibrary

  Point                                                   Incr       Path
  --------------------------------------------------------------------------
  clock CLK (rise edge)                                 0.0000     0.0000
  clock network delay (ideal)                           0.0500     0.0500
  DP_i/fetch_i_IR_out_reg_29_/CK (DFF_X1)               0.0000     0.0500 r
  DP_i/fetch_i_IR_out_reg_29_/Q (DFF_X1)                0.1669     0.2169 r
  DP_i/opcode[3] (DataPath)                             0.0000     0.2169 r
  U799/ZN (INV_X1)                                      0.0731     0.2900 f
  U800/ZN (NAND3_X1)                                    0.0597     0.3497 r
  U773/ZN (OR2_X1)                                      0.1639     0.5136 r
  DP_i/RF2_BAR (DataPath)                               0.0000     0.5136 r
  DP_i/U1157/ZN (NAND2_X1)                              0.0813     0.5950 f
  DP_i/U1158/ZN (NOR2_X1)                               0.0793     0.6742 r
  DP_i/U1161/ZN (AOI21_X1)                              0.0407     0.7149 f
  DP_i/U1162/ZN (AOI21_X1)                              0.0662     0.7810 r
  DP_i/U1163/ZN (INV_X1)                                0.0306     0.8116 f
  DP_i/U1166/ZN (NOR2_X1)                               0.0394     0.8511 r
  DP_i/U1167/ZN (NOR2_X1)                               0.0381     0.8891 f
  DP_i/U1170/ZN (XNOR2_X1)                              0.0716     0.9607 f
  DP_i/U1171/ZN (NOR2_X1)                               0.0462     1.0069 r
  DP_i/U1176/ZN (OR2_X1)                                0.0381     1.0450 r
  DP_i/U1284/CO (FA_X1)                                 0.0795     1.1245 r
  DP_i/U1178/ZN (NAND2_X1)                              0.0500     1.1745 f
  DP_i/U1179/ZN (NOR2_X1)                               0.0637     1.2382 r
  DP_i/U1180/ZN (NOR3_X1)                               0.0394     1.2776 f
  DP_i/U1181/ZN (NAND2_X1)                              0.0418     1.3193 r
  DP_i/U1182/ZN (NAND2_X1)                              0.0422     1.3616 f
  DP_i/U1183/ZN (NAND2_X1)                              0.0460     1.4076 r
  DP_i/U1184/ZN (NAND2_X1)                              0.0428     1.4504 f
  DP_i/U1187/ZN (NOR2_X1)                               0.0683     1.5187 r
  DP_i/U1209/ZN (NOR2_X1)                               0.0300     1.5487 f
  DP_i/U1211/ZN (AOI21_X1)                              0.0473     1.5960 r
  DP_i/U1285/CO (FA_X1)                                 0.0735     1.6695 r
  DP_i/U1212/ZN (INV_X1)                                0.0306     1.7001 f
  DP_i/U1214/ZN (NOR2_X1)                               0.0617     1.7618 r
  DP_i/U1216/ZN (NAND2_X1)                              0.0495     1.8113 f
  DP_i/U1217/ZN (NOR2_X1)                               0.0645     1.8758 r
  DP_i/U1222/Z (XOR2_X1)                                0.0946     1.9704 r
  DP_i/U1223/ZN (INV_X1)                                0.0347     2.0050 f
  DP_i/U1224/ZN (AOI22_X1)                              0.0909     2.0959 r
  DP_i/U1226/ZN (NOR2_X1)                               0.0359     2.1318 f
  DP_i/U1227/ZN (AOI21_X1)                              0.0684     2.2002 r
  DP_i/U244/ZN (AND3_X1)                                0.0678     2.2679 r
  DP_i/U1229/ZN (NAND2_X1)                              0.0342     2.3021 f
  DP_i/U1230/ZN (XNOR2_X1)                              0.0754     2.3775 r
  DP_i/U1232/ZN (AOI21_X1)                              0.0423     2.4198 f
  DP_i/U1282/CO (FA_X1)                                 0.1132     2.5330 f
  DP_i/U1247/ZN (NAND2_X1)                              0.0464     2.5794 r
  DP_i/U1248/Z (XOR2_X1)                                0.0814     2.6608 r
  DP_i/U1249/ZN (NAND2_X1)                              0.0347     2.6955 f
  DP_i/U1250/ZN (AOI21_X1)                              0.0769     2.7725 r
  DP_i/U1257/ZN (NOR2_X1)                               0.0517     2.8242 f
  DP_i/U1265/ZN (NAND2_X1)                              0.0461     2.8703 r
  DP_i/U1267/ZN (NAND3_X1)                              0.0358     2.9062 f
  DP_i/U1268/ZN (AOI22_X1)                              0.0841     2.9903 r
  DP_i/U1269/ZN (OAI22_X1)                              0.0481     3.0384 f
  DP_i/U1270/ZN (AOI221_X1)                             0.0892     3.1276 r
  DP_i/U1320/ZN (OAI211_X1)                             0.0514     3.1789 f
  DP_i/U1321/ZN (NOR2_X1)                               0.0438     3.2227 r
  DP_i/U99/ZN (AND3_X1)                                 0.0545     3.2772 r
  DP_i/U1424/ZN (OAI21_X1)                              0.0277     3.3049 f
  DP_i/U249/ZN (AND4_X1)                                0.0660     3.3710 f
  DP_i/U5804/ZN (NOR3_X1)                               0.1611     3.5320 r
  DP_i/U5805/Z (BUF_X1)                                 0.1936     3.7256 r
  DP_i/U3072/ZN (AOI22_X1)                              0.0615     3.7872 f
  DP_i/U3075/ZN (OAI211_X1)                             0.0506     3.8378 r
  DP_i/fetch_i_pc_i_Y_reg_10_/D (DFF_X1)                0.0110     3.8488 r
  data arrival time                                                3.8488

  clock CLK (rise edge)                                 4.0000     4.0000
  clock network delay (ideal)                           0.0500     4.0500
  clock uncertainty                                    -0.0500     4.0000
  DP_i/fetch_i_pc_i_Y_reg_10_/CK (DFF_X1)               0.0000     4.0000 r
  library setup time                                   -0.0334     3.9666
  data required time                                               3.9666
  --------------------------------------------------------------------------
  data required time                                               3.9666
  data arrival time                                               -3.8488
  --------------------------------------------------------------------------
  slack (MET)                                                      0.1178


1
