 
****************************************
Report : timing
        -path full
        -delay max
        -nworst 2
        -group REG2REG
        -max_paths 10
Design : DLX
Version: W-2024.09-SP2
Date   : Tue Sep 29 12:45:17 2026
****************************************

Operating Conditions: typical   Library: NangateOpenCellLibrary
Wire Load Model Mode: top

  Startpoint: DP_i_fetch_i_npc_i_Y_reg_2_
              (rising edge-triggered flip-flop clocked by CLK)
  Endpoint: DP_i_fetch_i_pc_i_Y_reg_17_
            (rising edge-triggered flip-flop clocked by CLK)
  Path Group: REG2REG
  Path Type: max

  Des/Clust/Port     Wire Load Model       Library
  ------------------------------------------------
  DLX                5K_hvratio_1_4        NangateOpenCellLibrary

  Point                                                   Incr       Path
  --------------------------------------------------------------------------
  clock CLK (rise edge)                                 0.0000     0.0000
  clock network delay (ideal)                           0.0500     0.0500
  DP_i_fetch_i_npc_i_Y_reg_2_/CK (DFF_X1)               0.0000     0.0500 r
  DP_i_fetch_i_npc_i_Y_reg_2_/Q (DFF_X1)                0.1398     0.1898 r
  U4730/ZN (NAND2_X1)                                   0.0554     0.2451 f
  U4731/ZN (XNOR2_X1)                                   0.0590     0.3041 f
  U2226/ZN (AND2_X1)                                    0.0407     0.3449 f
  U2189/ZN (OR2_X1)                                     0.0538     0.3987 f
  U2188/ZN (NAND2_X1)                                   0.0363     0.4349 r
  U2142/ZN (AND2_X1)                                    0.0446     0.4796 r
  U2091/ZN (NAND4_X1)                                   0.0378     0.5174 f
  U2273/ZN (NAND3_X1)                                   0.0361     0.5535 r
  U4768/ZN (AND2_X1)                                    0.0470     0.6005 r
  U4774/ZN (NOR4_X1)                                    0.0292     0.6296 f
  U4776/ZN (OR4_X2)                                     0.1238     0.7535 f
  U4780/ZN (NAND2_X1)                                   0.0363     0.7898 r
  U4794/ZN (NAND2_X1)                                   0.0290     0.8187 f
  U4799/ZN (XNOR2_X1)                                   0.0532     0.8720 r
  U4802/ZN (NAND2_X1)                                   0.0327     0.9046 f
  U4803/ZN (NAND2_X1)                                   0.0353     0.9400 r
  U1159/Z (BUF_X2)                                      0.0447     0.9847 r
  U2177/ZN (OAI211_X1)                                  0.0402     1.0249 f
  U4966/ZN (OR3_X2)                                     0.0904     1.1153 f
  U4968/ZN (XNOR2_X1)                                   0.0599     1.1753 r
  U2229/ZN (XNOR2_X1)                                   0.0700     1.2452 r
  U2228/ZN (NAND4_X1)                                   0.0491     1.2944 f
  U2135/ZN (OAI211_X1)                                  0.0551     1.3495 r
  U12658/ZN (NOR3_X1)                                   0.0274     1.3769 f
  U12521/Z (BUF_X1)                                     0.0415     1.4183 f
  U12519/Z (CLKBUF_X2)                                  0.0748     1.4932 f
  U13015/ZN (AOI22_X1)                                  0.0842     1.5774 r
  U13019/ZN (NAND4_X1)                                  0.0412     1.6185 f
  DP_i_fetch_i_pc_i_Y_reg_17_/D (DFF_X1)                0.0104     1.6289 f
  data arrival time                                                1.6289

  clock CLK (rise edge)                                 1.2500     1.2500
  clock network delay (ideal)                           0.0500     1.3000
  clock uncertainty                                    -0.0500     1.2500
  DP_i_fetch_i_pc_i_Y_reg_17_/CK (DFF_X1)               0.0000     1.2500 r
  library setup time                                   -0.0283     1.2217
  data required time                                               1.2217
  --------------------------------------------------------------------------
  data required time                                               1.2217
  data arrival time                                               -1.6289
  --------------------------------------------------------------------------
  slack (VIOLATED)                                                -0.4072


  Startpoint: DP_i_fetch_i_npc_i_Y_reg_2_
              (rising edge-triggered flip-flop clocked by CLK)
  Endpoint: DP_i_fetch_i_pc_i_Y_reg_19_
            (rising edge-triggered flip-flop clocked by CLK)
  Path Group: REG2REG
  Path Type: max

  Des/Clust/Port     Wire Load Model       Library
  ------------------------------------------------
  DLX                5K_hvratio_1_4        NangateOpenCellLibrary

  Point                                                   Incr       Path
  --------------------------------------------------------------------------
  clock CLK (rise edge)                                 0.0000     0.0000
  clock network delay (ideal)                           0.0500     0.0500
  DP_i_fetch_i_npc_i_Y_reg_2_/CK (DFF_X1)               0.0000     0.0500 r
  DP_i_fetch_i_npc_i_Y_reg_2_/Q (DFF_X1)                0.1398     0.1898 r
  U4730/ZN (NAND2_X1)                                   0.0554     0.2451 f
  U4731/ZN (XNOR2_X1)                                   0.0590     0.3041 f
  U2226/ZN (AND2_X1)                                    0.0407     0.3449 f
  U2189/ZN (OR2_X1)                                     0.0538     0.3987 f
  U2188/ZN (NAND2_X1)                                   0.0363     0.4349 r
  U2142/ZN (AND2_X1)                                    0.0446     0.4796 r
  U2091/ZN (NAND4_X1)                                   0.0378     0.5174 f
  U2273/ZN (NAND3_X1)                                   0.0361     0.5535 r
  U4768/ZN (AND2_X1)                                    0.0470     0.6005 r
  U4774/ZN (NOR4_X1)                                    0.0292     0.6296 f
  U4776/ZN (OR4_X2)                                     0.1238     0.7535 f
  U4780/ZN (NAND2_X1)                                   0.0363     0.7898 r
  U4794/ZN (NAND2_X1)                                   0.0290     0.8187 f
  U4799/ZN (XNOR2_X1)                                   0.0532     0.8720 r
  U4802/ZN (NAND2_X1)                                   0.0327     0.9046 f
  U4803/ZN (NAND2_X1)                                   0.0353     0.9400 r
  U1159/Z (BUF_X2)                                      0.0447     0.9847 r
  U2177/ZN (OAI211_X1)                                  0.0402     1.0249 f
  U4966/ZN (OR3_X2)                                     0.0904     1.1153 f
  U4968/ZN (XNOR2_X1)                                   0.0599     1.1753 r
  U2229/ZN (XNOR2_X1)                                   0.0700     1.2452 r
  U2228/ZN (NAND4_X1)                                   0.0491     1.2944 f
  U2135/ZN (OAI211_X1)                                  0.0551     1.3495 r
  U12658/ZN (NOR3_X1)                                   0.0274     1.3769 f
  U12521/Z (BUF_X1)                                     0.0415     1.4183 f
  U12519/Z (CLKBUF_X2)                                  0.0748     1.4932 f
  U13005/ZN (AOI22_X1)                                  0.0842     1.5774 r
  U13009/ZN (NAND4_X1)                                  0.0412     1.6185 f
  DP_i_fetch_i_pc_i_Y_reg_19_/D (DFF_X1)                0.0104     1.6289 f
  data arrival time                                                1.6289

  clock CLK (rise edge)                                 1.2500     1.2500
  clock network delay (ideal)                           0.0500     1.3000
  clock uncertainty                                    -0.0500     1.2500
  DP_i_fetch_i_pc_i_Y_reg_19_/CK (DFF_X1)               0.0000     1.2500 r
  library setup time                                   -0.0283     1.2217
  data required time                                               1.2217
  --------------------------------------------------------------------------
  data required time                                               1.2217
  data arrival time                                               -1.6289
  --------------------------------------------------------------------------
  slack (VIOLATED)                                                -0.4072


  Startpoint: DP_i_fetch_i_npc_i_Y_reg_2_
              (rising edge-triggered flip-flop clocked by CLK)
  Endpoint: DP_i_fetch_i_pc_i_Y_reg_15_
            (rising edge-triggered flip-flop clocked by CLK)
  Path Group: REG2REG
  Path Type: max

  Des/Clust/Port     Wire Load Model       Library
  ------------------------------------------------
  DLX                5K_hvratio_1_4        NangateOpenCellLibrary

  Point                                                   Incr       Path
  --------------------------------------------------------------------------
  clock CLK (rise edge)                                 0.0000     0.0000
  clock network delay (ideal)                           0.0500     0.0500
  DP_i_fetch_i_npc_i_Y_reg_2_/CK (DFF_X1)               0.0000     0.0500 r
  DP_i_fetch_i_npc_i_Y_reg_2_/Q (DFF_X1)                0.1398     0.1898 r
  U4730/ZN (NAND2_X1)                                   0.0554     0.2451 f
  U4731/ZN (XNOR2_X1)                                   0.0590     0.3041 f
  U2226/ZN (AND2_X1)                                    0.0407     0.3449 f
  U2189/ZN (OR2_X1)                                     0.0538     0.3987 f
  U2188/ZN (NAND2_X1)                                   0.0363     0.4349 r
  U2142/ZN (AND2_X1)                                    0.0446     0.4796 r
  U2091/ZN (NAND4_X1)                                   0.0378     0.5174 f
  U2273/ZN (NAND3_X1)                                   0.0361     0.5535 r
  U4768/ZN (AND2_X1)                                    0.0470     0.6005 r
  U4774/ZN (NOR4_X1)                                    0.0292     0.6296 f
  U4776/ZN (OR4_X2)                                     0.1238     0.7535 f
  U4780/ZN (NAND2_X1)                                   0.0363     0.7898 r
  U4794/ZN (NAND2_X1)                                   0.0290     0.8187 f
  U4799/ZN (XNOR2_X1)                                   0.0532     0.8720 r
  U4802/ZN (NAND2_X1)                                   0.0327     0.9046 f
  U4803/ZN (NAND2_X1)                                   0.0353     0.9400 r
  U1159/Z (BUF_X2)                                      0.0447     0.9847 r
  U2177/ZN (OAI211_X1)                                  0.0402     1.0249 f
  U4966/ZN (OR3_X2)                                     0.0904     1.1153 f
  U4968/ZN (XNOR2_X1)                                   0.0599     1.1753 r
  U2229/ZN (XNOR2_X1)                                   0.0700     1.2452 r
  U2228/ZN (NAND4_X1)                                   0.0491     1.2944 f
  U2135/ZN (OAI211_X1)                                  0.0551     1.3495 r
  U12658/ZN (NOR3_X1)                                   0.0274     1.3769 f
  U12521/Z (BUF_X1)                                     0.0415     1.4183 f
  U12519/Z (CLKBUF_X2)                                  0.0748     1.4932 f
  U13025/ZN (AOI22_X1)                                  0.0842     1.5774 r
  U13029/ZN (NAND4_X1)                                  0.0412     1.6185 f
  DP_i_fetch_i_pc_i_Y_reg_15_/D (DFF_X1)                0.0104     1.6289 f
  data arrival time                                                1.6289

  clock CLK (rise edge)                                 1.2500     1.2500
  clock network delay (ideal)                           0.0500     1.3000
  clock uncertainty                                    -0.0500     1.2500
  DP_i_fetch_i_pc_i_Y_reg_15_/CK (DFF_X1)               0.0000     1.2500 r
  library setup time                                   -0.0283     1.2217
  data required time                                               1.2217
  --------------------------------------------------------------------------
  data required time                                               1.2217
  data arrival time                                               -1.6289
  --------------------------------------------------------------------------
  slack (VIOLATED)                                                -0.4072


  Startpoint: DP_i_fetch_i_npc_i_Y_reg_2_
              (rising edge-triggered flip-flop clocked by CLK)
  Endpoint: DP_i_fetch_i_pc_i_Y_reg_20_
            (rising edge-triggered flip-flop clocked by CLK)
  Path Group: REG2REG
  Path Type: max

  Des/Clust/Port     Wire Load Model       Library
  ------------------------------------------------
  DLX                5K_hvratio_1_4        NangateOpenCellLibrary

  Point                                                   Incr       Path
  --------------------------------------------------------------------------
  clock CLK (rise edge)                                 0.0000     0.0000
  clock network delay (ideal)                           0.0500     0.0500
  DP_i_fetch_i_npc_i_Y_reg_2_/CK (DFF_X1)               0.0000     0.0500 r
  DP_i_fetch_i_npc_i_Y_reg_2_/Q (DFF_X1)                0.1398     0.1898 r
  U4730/ZN (NAND2_X1)                                   0.0554     0.2451 f
  U4731/ZN (XNOR2_X1)                                   0.0590     0.3041 f
  U2226/ZN (AND2_X1)                                    0.0407     0.3449 f
  U2189/ZN (OR2_X1)                                     0.0538     0.3987 f
  U2188/ZN (NAND2_X1)                                   0.0363     0.4349 r
  U2142/ZN (AND2_X1)                                    0.0446     0.4796 r
  U2091/ZN (NAND4_X1)                                   0.0378     0.5174 f
  U2273/ZN (NAND3_X1)                                   0.0361     0.5535 r
  U4768/ZN (AND2_X1)                                    0.0470     0.6005 r
  U4774/ZN (NOR4_X1)                                    0.0292     0.6296 f
  U4776/ZN (OR4_X2)                                     0.1238     0.7535 f
  U4780/ZN (NAND2_X1)                                   0.0363     0.7898 r
  U4794/ZN (NAND2_X1)                                   0.0290     0.8187 f
  U4799/ZN (XNOR2_X1)                                   0.0532     0.8720 r
  U4802/ZN (NAND2_X1)                                   0.0327     0.9046 f
  U4803/ZN (NAND2_X1)                                   0.0353     0.9400 r
  U1159/Z (BUF_X2)                                      0.0447     0.9847 r
  U2177/ZN (OAI211_X1)                                  0.0402     1.0249 f
  U4966/ZN (OR3_X2)                                     0.0904     1.1153 f
  U4968/ZN (XNOR2_X1)                                   0.0599     1.1753 r
  U2229/ZN (XNOR2_X1)                                   0.0700     1.2452 r
  U2228/ZN (NAND4_X1)                                   0.0491     1.2944 f
  U2135/ZN (OAI211_X1)                                  0.0551     1.3495 r
  U12658/ZN (NOR3_X1)                                   0.0274     1.3769 f
  U12521/Z (BUF_X1)                                     0.0415     1.4183 f
  U12519/Z (CLKBUF_X2)                                  0.0748     1.4932 f
  U13001/ZN (AOI22_X1)                                  0.0842     1.5774 r
  U13004/ZN (NAND4_X1)                                  0.0412     1.6185 f
  DP_i_fetch_i_pc_i_Y_reg_20_/D (DFF_X1)                0.0104     1.6289 f
  data arrival time                                                1.6289

  clock CLK (rise edge)                                 1.2500     1.2500
  clock network delay (ideal)                           0.0500     1.3000
  clock uncertainty                                    -0.0500     1.2500
  DP_i_fetch_i_pc_i_Y_reg_20_/CK (DFF_X1)               0.0000     1.2500 r
  library setup time                                   -0.0283     1.2217
  data required time                                               1.2217
  --------------------------------------------------------------------------
  data required time                                               1.2217
  data arrival time                                               -1.6289
  --------------------------------------------------------------------------
  slack (VIOLATED)                                                -0.4072


  Startpoint: DP_i_fetch_i_npc_i_Y_reg_2_
              (rising edge-triggered flip-flop clocked by CLK)
  Endpoint: DP_i_fetch_i_pc_i_Y_reg_16_
            (rising edge-triggered flip-flop clocked by CLK)
  Path Group: REG2REG
  Path Type: max

  Des/Clust/Port     Wire Load Model       Library
  ------------------------------------------------
  DLX                5K_hvratio_1_4        NangateOpenCellLibrary

  Point                                                   Incr       Path
  --------------------------------------------------------------------------
  clock CLK (rise edge)                                 0.0000     0.0000
  clock network delay (ideal)                           0.0500     0.0500
  DP_i_fetch_i_npc_i_Y_reg_2_/CK (DFF_X1)               0.0000     0.0500 r
  DP_i_fetch_i_npc_i_Y_reg_2_/Q (DFF_X1)                0.1398     0.1898 r
  U4730/ZN (NAND2_X1)                                   0.0554     0.2451 f
  U4731/ZN (XNOR2_X1)                                   0.0590     0.3041 f
  U2226/ZN (AND2_X1)                                    0.0407     0.3449 f
  U2189/ZN (OR2_X1)                                     0.0538     0.3987 f
  U2188/ZN (NAND2_X1)                                   0.0363     0.4349 r
  U2142/ZN (AND2_X1)                                    0.0446     0.4796 r
  U2091/ZN (NAND4_X1)                                   0.0378     0.5174 f
  U2273/ZN (NAND3_X1)                                   0.0361     0.5535 r
  U4768/ZN (AND2_X1)                                    0.0470     0.6005 r
  U4774/ZN (NOR4_X1)                                    0.0292     0.6296 f
  U4776/ZN (OR4_X2)                                     0.1238     0.7535 f
  U4780/ZN (NAND2_X1)                                   0.0363     0.7898 r
  U4794/ZN (NAND2_X1)                                   0.0290     0.8187 f
  U4799/ZN (XNOR2_X1)                                   0.0532     0.8720 r
  U4802/ZN (NAND2_X1)                                   0.0327     0.9046 f
  U4803/ZN (NAND2_X1)                                   0.0353     0.9400 r
  U1159/Z (BUF_X2)                                      0.0447     0.9847 r
  U2177/ZN (OAI211_X1)                                  0.0402     1.0249 f
  U4966/ZN (OR3_X2)                                     0.0904     1.1153 f
  U4968/ZN (XNOR2_X1)                                   0.0599     1.1753 r
  U2229/ZN (XNOR2_X1)                                   0.0700     1.2452 r
  U2228/ZN (NAND4_X1)                                   0.0491     1.2944 f
  U2135/ZN (OAI211_X1)                                  0.0551     1.3495 r
  U12658/ZN (NOR3_X1)                                   0.0274     1.3769 f
  U12521/Z (BUF_X1)                                     0.0415     1.4183 f
  U12519/Z (CLKBUF_X2)                                  0.0748     1.4932 f
  U13020/ZN (AOI22_X1)                                  0.0842     1.5774 r
  U13024/ZN (NAND4_X1)                                  0.0412     1.6185 f
  DP_i_fetch_i_pc_i_Y_reg_16_/D (DFF_X1)                0.0104     1.6289 f
  data arrival time                                                1.6289

  clock CLK (rise edge)                                 1.2500     1.2500
  clock network delay (ideal)                           0.0500     1.3000
  clock uncertainty                                    -0.0500     1.2500
  DP_i_fetch_i_pc_i_Y_reg_16_/CK (DFF_X1)               0.0000     1.2500 r
  library setup time                                   -0.0283     1.2217
  data required time                                               1.2217
  --------------------------------------------------------------------------
  data required time                                               1.2217
  data arrival time                                               -1.6289
  --------------------------------------------------------------------------
  slack (VIOLATED)                                                -0.4072


  Startpoint: DP_i_fetch_i_npc_i_Y_reg_2_
              (rising edge-triggered flip-flop clocked by CLK)
  Endpoint: DP_i_fetch_i_pc_i_Y_reg_18_
            (rising edge-triggered flip-flop clocked by CLK)
  Path Group: REG2REG
  Path Type: max

  Des/Clust/Port     Wire Load Model       Library
  ------------------------------------------------
  DLX                5K_hvratio_1_4        NangateOpenCellLibrary

  Point                                                   Incr       Path
  --------------------------------------------------------------------------
  clock CLK (rise edge)                                 0.0000     0.0000
  clock network delay (ideal)                           0.0500     0.0500
  DP_i_fetch_i_npc_i_Y_reg_2_/CK (DFF_X1)               0.0000     0.0500 r
  DP_i_fetch_i_npc_i_Y_reg_2_/Q (DFF_X1)                0.1398     0.1898 r
  U4730/ZN (NAND2_X1)                                   0.0554     0.2451 f
  U4731/ZN (XNOR2_X1)                                   0.0590     0.3041 f
  U2226/ZN (AND2_X1)                                    0.0407     0.3449 f
  U2189/ZN (OR2_X1)                                     0.0538     0.3987 f
  U2188/ZN (NAND2_X1)                                   0.0363     0.4349 r
  U2142/ZN (AND2_X1)                                    0.0446     0.4796 r
  U2091/ZN (NAND4_X1)                                   0.0378     0.5174 f
  U2273/ZN (NAND3_X1)                                   0.0361     0.5535 r
  U4768/ZN (AND2_X1)                                    0.0470     0.6005 r
  U4774/ZN (NOR4_X1)                                    0.0292     0.6296 f
  U4776/ZN (OR4_X2)                                     0.1238     0.7535 f
  U4780/ZN (NAND2_X1)                                   0.0363     0.7898 r
  U4794/ZN (NAND2_X1)                                   0.0290     0.8187 f
  U4799/ZN (XNOR2_X1)                                   0.0532     0.8720 r
  U4802/ZN (NAND2_X1)                                   0.0327     0.9046 f
  U4803/ZN (NAND2_X1)                                   0.0353     0.9400 r
  U1159/Z (BUF_X2)                                      0.0447     0.9847 r
  U2177/ZN (OAI211_X1)                                  0.0402     1.0249 f
  U4966/ZN (OR3_X2)                                     0.0904     1.1153 f
  U4968/ZN (XNOR2_X1)                                   0.0599     1.1753 r
  U2229/ZN (XNOR2_X1)                                   0.0700     1.2452 r
  U2228/ZN (NAND4_X1)                                   0.0491     1.2944 f
  U2135/ZN (OAI211_X1)                                  0.0551     1.3495 r
  U12658/ZN (NOR3_X1)                                   0.0274     1.3769 f
  U12521/Z (BUF_X1)                                     0.0415     1.4183 f
  U12519/Z (CLKBUF_X2)                                  0.0748     1.4932 f
  U13010/ZN (AOI22_X1)                                  0.0842     1.5774 r
  U13014/ZN (NAND4_X1)                                  0.0412     1.6185 f
  DP_i_fetch_i_pc_i_Y_reg_18_/D (DFF_X1)                0.0104     1.6289 f
  data arrival time                                                1.6289

  clock CLK (rise edge)                                 1.2500     1.2500
  clock network delay (ideal)                           0.0500     1.3000
  clock uncertainty                                    -0.0500     1.2500
  DP_i_fetch_i_pc_i_Y_reg_18_/CK (DFF_X1)               0.0000     1.2500 r
  library setup time                                   -0.0283     1.2217
  data required time                                               1.2217
  --------------------------------------------------------------------------
  data required time                                               1.2217
  data arrival time                                               -1.6289
  --------------------------------------------------------------------------
  slack (VIOLATED)                                                -0.4072


  Startpoint: DP_i_fetch_i_npc_i_Y_reg_2_
              (rising edge-triggered flip-flop clocked by CLK)
  Endpoint: DP_i_fetch_i_pc_i_Y_reg_14_
            (rising edge-triggered flip-flop clocked by CLK)
  Path Group: REG2REG
  Path Type: max

  Des/Clust/Port     Wire Load Model       Library
  ------------------------------------------------
  DLX                5K_hvratio_1_4        NangateOpenCellLibrary

  Point                                                   Incr       Path
  --------------------------------------------------------------------------
  clock CLK (rise edge)                                 0.0000     0.0000
  clock network delay (ideal)                           0.0500     0.0500
  DP_i_fetch_i_npc_i_Y_reg_2_/CK (DFF_X1)               0.0000     0.0500 r
  DP_i_fetch_i_npc_i_Y_reg_2_/Q (DFF_X1)                0.1398     0.1898 r
  U4730/ZN (NAND2_X1)                                   0.0554     0.2451 f
  U4731/ZN (XNOR2_X1)                                   0.0590     0.3041 f
  U2226/ZN (AND2_X1)                                    0.0407     0.3449 f
  U2189/ZN (OR2_X1)                                     0.0538     0.3987 f
  U2188/ZN (NAND2_X1)                                   0.0363     0.4349 r
  U2142/ZN (AND2_X1)                                    0.0446     0.4796 r
  U2091/ZN (NAND4_X1)                                   0.0378     0.5174 f
  U2273/ZN (NAND3_X1)                                   0.0361     0.5535 r
  U4768/ZN (AND2_X1)                                    0.0470     0.6005 r
  U4774/ZN (NOR4_X1)                                    0.0292     0.6296 f
  U4776/ZN (OR4_X2)                                     0.1238     0.7535 f
  U4780/ZN (NAND2_X1)                                   0.0363     0.7898 r
  U4794/ZN (NAND2_X1)                                   0.0290     0.8187 f
  U4799/ZN (XNOR2_X1)                                   0.0532     0.8720 r
  U4802/ZN (NAND2_X1)                                   0.0327     0.9046 f
  U4803/ZN (NAND2_X1)                                   0.0353     0.9400 r
  U1159/Z (BUF_X2)                                      0.0447     0.9847 r
  U2177/ZN (OAI211_X1)                                  0.0402     1.0249 f
  U4966/ZN (OR3_X2)                                     0.0904     1.1153 f
  U4968/ZN (XNOR2_X1)                                   0.0599     1.1753 r
  U2229/ZN (XNOR2_X1)                                   0.0700     1.2452 r
  U2228/ZN (NAND4_X1)                                   0.0491     1.2944 f
  U2135/ZN (OAI211_X1)                                  0.0551     1.3495 r
  U12658/ZN (NOR3_X1)                                   0.0274     1.3769 f
  U12521/Z (BUF_X1)                                     0.0415     1.4183 f
  U12519/Z (CLKBUF_X2)                                  0.0748     1.4932 f
  U13030/ZN (AOI22_X1)                                  0.0842     1.5774 r
  U13034/ZN (NAND4_X1)                                  0.0412     1.6185 f
  DP_i_fetch_i_pc_i_Y_reg_14_/D (DFF_X1)                0.0104     1.6289 f
  data arrival time                                                1.6289

  clock CLK (rise edge)                                 1.2500     1.2500
  clock network delay (ideal)                           0.0500     1.3000
  clock uncertainty                                    -0.0500     1.2500
  DP_i_fetch_i_pc_i_Y_reg_14_/CK (DFF_X1)               0.0000     1.2500 r
  library setup time                                   -0.0283     1.2217
  data required time                                               1.2217
  --------------------------------------------------------------------------
  data required time                                               1.2217
  data arrival time                                               -1.6289
  --------------------------------------------------------------------------
  slack (VIOLATED)                                                -0.4072


  Startpoint: DP_i_fetch_i_npc_i_Y_reg_2_
              (rising edge-triggered flip-flop clocked by CLK)
  Endpoint: DP_i_fetch_i_pc_i_Y_reg_7_
            (rising edge-triggered flip-flop clocked by CLK)
  Path Group: REG2REG
  Path Type: max

  Des/Clust/Port     Wire Load Model       Library
  ------------------------------------------------
  DLX                5K_hvratio_1_4        NangateOpenCellLibrary

  Point                                                   Incr       Path
  --------------------------------------------------------------------------
  clock CLK (rise edge)                                 0.0000     0.0000
  clock network delay (ideal)                           0.0500     0.0500
  DP_i_fetch_i_npc_i_Y_reg_2_/CK (DFF_X1)               0.0000     0.0500 r
  DP_i_fetch_i_npc_i_Y_reg_2_/Q (DFF_X1)                0.1398     0.1898 r
  U4730/ZN (NAND2_X1)                                   0.0554     0.2451 f
  U4731/ZN (XNOR2_X1)                                   0.0590     0.3041 f
  U2226/ZN (AND2_X1)                                    0.0407     0.3449 f
  U2189/ZN (OR2_X1)                                     0.0538     0.3987 f
  U2188/ZN (NAND2_X1)                                   0.0363     0.4349 r
  U2142/ZN (AND2_X1)                                    0.0446     0.4796 r
  U2091/ZN (NAND4_X1)                                   0.0378     0.5174 f
  U2273/ZN (NAND3_X1)                                   0.0361     0.5535 r
  U4768/ZN (AND2_X1)                                    0.0470     0.6005 r
  U4774/ZN (NOR4_X1)                                    0.0292     0.6296 f
  U4776/ZN (OR4_X2)                                     0.1238     0.7535 f
  U4780/ZN (NAND2_X1)                                   0.0363     0.7898 r
  U4794/ZN (NAND2_X1)                                   0.0290     0.8187 f
  U4799/ZN (XNOR2_X1)                                   0.0532     0.8720 r
  U4802/ZN (NAND2_X1)                                   0.0327     0.9046 f
  U4803/ZN (NAND2_X1)                                   0.0353     0.9400 r
  U1159/Z (BUF_X2)                                      0.0447     0.9847 r
  U2177/ZN (OAI211_X1)                                  0.0402     1.0249 f
  U4966/ZN (OR3_X2)                                     0.0904     1.1153 f
  U4968/ZN (XNOR2_X1)                                   0.0599     1.1753 r
  U2229/ZN (XNOR2_X1)                                   0.0700     1.2452 r
  U2228/ZN (NAND4_X1)                                   0.0491     1.2944 f
  U2135/ZN (OAI211_X1)                                  0.0551     1.3495 r
  U12658/ZN (NOR3_X1)                                   0.0274     1.3769 f
  U12521/Z (BUF_X1)                                     0.0415     1.4183 f
  U12519/Z (CLKBUF_X2)                                  0.0748     1.4932 f
  U13065/ZN (AOI22_X1)                                  0.0842     1.5774 r
  U13069/ZN (NAND4_X1)                                  0.0412     1.6185 f
  DP_i_fetch_i_pc_i_Y_reg_7_/D (DFF_X1)                 0.0104     1.6289 f
  data arrival time                                                1.6289

  clock CLK (rise edge)                                 1.2500     1.2500
  clock network delay (ideal)                           0.0500     1.3000
  clock uncertainty                                    -0.0500     1.2500
  DP_i_fetch_i_pc_i_Y_reg_7_/CK (DFF_X1)                0.0000     1.2500 r
  library setup time                                   -0.0283     1.2217
  data required time                                               1.2217
  --------------------------------------------------------------------------
  data required time                                               1.2217
  data arrival time                                               -1.6289
  --------------------------------------------------------------------------
  slack (VIOLATED)                                                -0.4072


  Startpoint: DP_i_fetch_i_npc_i_Y_reg_2_
              (rising edge-triggered flip-flop clocked by CLK)
  Endpoint: DP_i_fetch_i_pc_i_Y_reg_12_
            (rising edge-triggered flip-flop clocked by CLK)
  Path Group: REG2REG
  Path Type: max

  Des/Clust/Port     Wire Load Model       Library
  ------------------------------------------------
  DLX                5K_hvratio_1_4        NangateOpenCellLibrary

  Point                                                   Incr       Path
  --------------------------------------------------------------------------
  clock CLK (rise edge)                                 0.0000     0.0000
  clock network delay (ideal)                           0.0500     0.0500
  DP_i_fetch_i_npc_i_Y_reg_2_/CK (DFF_X1)               0.0000     0.0500 r
  DP_i_fetch_i_npc_i_Y_reg_2_/Q (DFF_X1)                0.1398     0.1898 r
  U4730/ZN (NAND2_X1)                                   0.0554     0.2451 f
  U4731/ZN (XNOR2_X1)                                   0.0590     0.3041 f
  U2226/ZN (AND2_X1)                                    0.0407     0.3449 f
  U2189/ZN (OR2_X1)                                     0.0538     0.3987 f
  U2188/ZN (NAND2_X1)                                   0.0363     0.4349 r
  U2142/ZN (AND2_X1)                                    0.0446     0.4796 r
  U2091/ZN (NAND4_X1)                                   0.0378     0.5174 f
  U2273/ZN (NAND3_X1)                                   0.0361     0.5535 r
  U4768/ZN (AND2_X1)                                    0.0470     0.6005 r
  U4774/ZN (NOR4_X1)                                    0.0292     0.6296 f
  U4776/ZN (OR4_X2)                                     0.1238     0.7535 f
  U4780/ZN (NAND2_X1)                                   0.0363     0.7898 r
  U4794/ZN (NAND2_X1)                                   0.0290     0.8187 f
  U4799/ZN (XNOR2_X1)                                   0.0532     0.8720 r
  U4802/ZN (NAND2_X1)                                   0.0327     0.9046 f
  U4803/ZN (NAND2_X1)                                   0.0353     0.9400 r
  U1159/Z (BUF_X2)                                      0.0447     0.9847 r
  U2177/ZN (OAI211_X1)                                  0.0402     1.0249 f
  U4966/ZN (OR3_X2)                                     0.0904     1.1153 f
  U4968/ZN (XNOR2_X1)                                   0.0599     1.1753 r
  U2229/ZN (XNOR2_X1)                                   0.0700     1.2452 r
  U2228/ZN (NAND4_X1)                                   0.0491     1.2944 f
  U2135/ZN (OAI211_X1)                                  0.0551     1.3495 r
  U12658/ZN (NOR3_X1)                                   0.0274     1.3769 f
  U12521/Z (BUF_X1)                                     0.0415     1.4183 f
  U12519/Z (CLKBUF_X2)                                  0.0748     1.4932 f
  U13040/ZN (AOI22_X1)                                  0.0842     1.5774 r
  U13044/ZN (NAND4_X1)                                  0.0412     1.6185 f
  DP_i_fetch_i_pc_i_Y_reg_12_/D (DFF_X1)                0.0104     1.6289 f
  data arrival time                                                1.6289

  clock CLK (rise edge)                                 1.2500     1.2500
  clock network delay (ideal)                           0.0500     1.3000
  clock uncertainty                                    -0.0500     1.2500
  DP_i_fetch_i_pc_i_Y_reg_12_/CK (DFF_X1)               0.0000     1.2500 r
  library setup time                                   -0.0283     1.2217
  data required time                                               1.2217
  --------------------------------------------------------------------------
  data required time                                               1.2217
  data arrival time                                               -1.6289
  --------------------------------------------------------------------------
  slack (VIOLATED)                                                -0.4072


  Startpoint: DP_i_fetch_i_npc_i_Y_reg_2_
              (rising edge-triggered flip-flop clocked by CLK)
  Endpoint: DP_i_fetch_i_pc_i_Y_reg_13_
            (rising edge-triggered flip-flop clocked by CLK)
  Path Group: REG2REG
  Path Type: max

  Des/Clust/Port     Wire Load Model       Library
  ------------------------------------------------
  DLX                5K_hvratio_1_4        NangateOpenCellLibrary

  Point                                                   Incr       Path
  --------------------------------------------------------------------------
  clock CLK (rise edge)                                 0.0000     0.0000
  clock network delay (ideal)                           0.0500     0.0500
  DP_i_fetch_i_npc_i_Y_reg_2_/CK (DFF_X1)               0.0000     0.0500 r
  DP_i_fetch_i_npc_i_Y_reg_2_/Q (DFF_X1)                0.1398     0.1898 r
  U4730/ZN (NAND2_X1)                                   0.0554     0.2451 f
  U4731/ZN (XNOR2_X1)                                   0.0590     0.3041 f
  U2226/ZN (AND2_X1)                                    0.0407     0.3449 f
  U2189/ZN (OR2_X1)                                     0.0538     0.3987 f
  U2188/ZN (NAND2_X1)                                   0.0363     0.4349 r
  U2142/ZN (AND2_X1)                                    0.0446     0.4796 r
  U2091/ZN (NAND4_X1)                                   0.0378     0.5174 f
  U2273/ZN (NAND3_X1)                                   0.0361     0.5535 r
  U4768/ZN (AND2_X1)                                    0.0470     0.6005 r
  U4774/ZN (NOR4_X1)                                    0.0292     0.6296 f
  U4776/ZN (OR4_X2)                                     0.1238     0.7535 f
  U4780/ZN (NAND2_X1)                                   0.0363     0.7898 r
  U4794/ZN (NAND2_X1)                                   0.0290     0.8187 f
  U4799/ZN (XNOR2_X1)                                   0.0532     0.8720 r
  U4802/ZN (NAND2_X1)                                   0.0327     0.9046 f
  U4803/ZN (NAND2_X1)                                   0.0353     0.9400 r
  U1159/Z (BUF_X2)                                      0.0447     0.9847 r
  U2177/ZN (OAI211_X1)                                  0.0402     1.0249 f
  U4966/ZN (OR3_X2)                                     0.0904     1.1153 f
  U4968/ZN (XNOR2_X1)                                   0.0599     1.1753 r
  U2229/ZN (XNOR2_X1)                                   0.0700     1.2452 r
  U2228/ZN (NAND4_X1)                                   0.0491     1.2944 f
  U2135/ZN (OAI211_X1)                                  0.0551     1.3495 r
  U12658/ZN (NOR3_X1)                                   0.0274     1.3769 f
  U12521/Z (BUF_X1)                                     0.0415     1.4183 f
  U12519/Z (CLKBUF_X2)                                  0.0748     1.4932 f
  U13035/ZN (AOI22_X1)                                  0.0842     1.5774 r
  U13039/ZN (NAND4_X1)                                  0.0412     1.6185 f
  DP_i_fetch_i_pc_i_Y_reg_13_/D (DFF_X1)                0.0104     1.6289 f
  data arrival time                                                1.6289

  clock CLK (rise edge)                                 1.2500     1.2500
  clock network delay (ideal)                           0.0500     1.3000
  clock uncertainty                                    -0.0500     1.2500
  DP_i_fetch_i_pc_i_Y_reg_13_/CK (DFF_X1)               0.0000     1.2500 r
  library setup time                                   -0.0283     1.2217
  data required time                                               1.2217
  --------------------------------------------------------------------------
  data required time                                               1.2217
  data arrival time                                               -1.6289
  --------------------------------------------------------------------------
  slack (VIOLATED)                                                -0.4072


1
