 
****************************************
Report : timing
        -path full
        -delay max
        -nworst 2
        -group REG2REG
        -max_paths 10
Design : DLX
Version: W-2024.09-SP2
Date   : Tue Sep 29 13:17:46 2026
****************************************

Operating Conditions: typical   Library: NangateOpenCellLibrary
Wire Load Model Mode: top

  Startpoint: DP_i_fetch_i_IR_out_reg_27_
              (rising edge-triggered flip-flop clocked by CLK)
  Endpoint: DP_i_fetch_i_pc_i_Y_reg_0_
            (rising edge-triggered flip-flop clocked by CLK)
  Path Group: REG2REG
  Path Type: max

  Des/Clust/Port     Wire Load Model       Library
  ------------------------------------------------
  DLX                5K_hvratio_1_4        NangateOpenCellLibrary

  Point                                                   Incr       Path
  --------------------------------------------------------------------------
  clock CLK (rise edge)                                 0.0000     0.0000
  clock network delay (ideal)                           0.0500     0.0500
  DP_i_fetch_i_IR_out_reg_27_/CK (DFF_X1)               0.0000     0.0500 r
  DP_i_fetch_i_IR_out_reg_27_/QN (DFF_X1)               0.0818     0.1318 r
  U2474/Z (BUF_X1)                                      0.0404     0.1722 r
  U2475/ZN (NAND2_X1)                                   0.0325     0.2047 f
  U6802/ZN (NOR3_X1)                                    0.0797     0.2844 r
  U1918/ZN (OR2_X2)                                     0.0515     0.3359 r
  U2126/ZN (NOR2_X1)                                    0.0306     0.3664 f
  U6818/ZN (NAND3_X1)                                   0.0316     0.3981 r
  U6821/ZN (AND3_X1)                                    0.0544     0.4525 r
  U6822/ZN (XNOR2_X1)                                   0.0664     0.5188 r
  U6823/ZN (NAND2_X1)                                   0.0371     0.5559 f
  U2159/ZN (NAND2_X1)                                   0.0329     0.5888 r
  U2292/ZN (NAND3_X1)                                   0.0328     0.6216 f
  U2088/ZN (AND2_X1)                                    0.0405     0.6621 f
  U6863/ZN (NAND4_X1)                                   0.0375     0.6996 r
  U945/ZN (AND4_X1)                                     0.0657     0.7653 r
  U6870/ZN (OAI211_X1)                                  0.0363     0.8016 f
  U2262/ZN (XNOR2_X1)                                   0.0646     0.8662 f
  U2114/ZN (AND2_X1)                                    0.0481     0.9143 f
  U2285/ZN (OR2_X1)                                     0.0614     0.9757 f
  U2284/ZN (OAI211_X1)                                  0.0376     1.0134 r
  U2212/ZN (AND2_X1)                                    0.0525     1.0659 r
  U919/ZN (NAND2_X1)                                    0.0331     1.0989 f
  U2231/ZN (NAND2_X1)                                   0.0379     1.1369 r
  U939/Z (MUX2_X1)                                      0.0499     1.1867 r
  U2348/ZN (XNOR2_X1)                                   0.0593     1.2461 r
  U1520/ZN (AND2_X1)                                    0.0465     1.2926 r
  U1979/ZN (NAND4_X1)                                   0.0428     1.3353 f
  U2113/ZN (NAND2_X1)                                   0.0357     1.3710 r
  U12082/ZN (NAND2_X1)                                  0.0351     1.4061 f
  U12565/ZN (OR3_X4)                                    0.1312     1.5373 f
  U12566/ZN (OR2_X1)                                    0.0860     1.6233 f
  U12044/ZN (NAND4_X1)                                  0.0362     1.6595 r
  DP_i_fetch_i_pc_i_Y_reg_0_/D (DFF_X2)                 0.0109     1.6704 r
  data arrival time                                                1.6704

  clock CLK (rise edge)                                 1.4000     1.4000
  clock network delay (ideal)                           0.0500     1.4500
  clock uncertainty                                    -0.0500     1.4000
  DP_i_fetch_i_pc_i_Y_reg_0_/CK (DFF_X2)                0.0000     1.4000 r
  library setup time                                   -0.0275     1.3725
  data required time                                               1.3725
  --------------------------------------------------------------------------
  data required time                                               1.3725
  data arrival time                                               -1.6704
  --------------------------------------------------------------------------
  slack (VIOLATED)                                                -0.2979


  Startpoint: DP_i_fetch_i_IR_out_reg_27_
              (rising edge-triggered flip-flop clocked by CLK)
  Endpoint: DP_i_fetch_i_pc_i_Y_reg_0_
            (rising edge-triggered flip-flop clocked by CLK)
  Path Group: REG2REG
  Path Type: max

  Des/Clust/Port     Wire Load Model       Library
  ------------------------------------------------
  DLX                5K_hvratio_1_4        NangateOpenCellLibrary

  Point                                                   Incr       Path
  --------------------------------------------------------------------------
  clock CLK (rise edge)                                 0.0000     0.0000
  clock network delay (ideal)                           0.0500     0.0500
  DP_i_fetch_i_IR_out_reg_27_/CK (DFF_X1)               0.0000     0.0500 r
  DP_i_fetch_i_IR_out_reg_27_/QN (DFF_X1)               0.0818     0.1318 r
  U2474/Z (BUF_X1)                                      0.0404     0.1722 r
  U2475/ZN (NAND2_X1)                                   0.0325     0.2047 f
  U6802/ZN (NOR3_X1)                                    0.0797     0.2844 r
  U1918/ZN (OR2_X2)                                     0.0515     0.3359 r
  U2126/ZN (NOR2_X1)                                    0.0306     0.3664 f
  U6818/ZN (NAND3_X1)                                   0.0316     0.3981 r
  U6821/ZN (AND3_X1)                                    0.0544     0.4525 r
  U6822/ZN (XNOR2_X1)                                   0.0664     0.5188 r
  U6823/ZN (NAND2_X1)                                   0.0371     0.5559 f
  U2159/ZN (NAND2_X1)                                   0.0329     0.5888 r
  U2292/ZN (NAND3_X1)                                   0.0328     0.6216 f
  U2088/ZN (AND2_X1)                                    0.0405     0.6621 f
  U6863/ZN (NAND4_X1)                                   0.0375     0.6996 r
  U945/ZN (AND4_X1)                                     0.0657     0.7653 r
  U6870/ZN (OAI211_X1)                                  0.0363     0.8016 f
  U2262/ZN (XNOR2_X1)                                   0.0646     0.8662 f
  U2114/ZN (AND2_X1)                                    0.0481     0.9143 f
  U2285/ZN (OR2_X1)                                     0.0614     0.9757 f
  U2284/ZN (OAI211_X1)                                  0.0376     1.0134 r
  U2212/ZN (AND2_X1)                                    0.0525     1.0659 r
  U919/ZN (NAND2_X1)                                    0.0331     1.0989 f
  U2231/ZN (NAND2_X1)                                   0.0379     1.1369 r
  U939/Z (MUX2_X1)                                      0.0499     1.1867 r
  U2348/ZN (XNOR2_X1)                                   0.0593     1.2461 r
  U1520/ZN (AND2_X1)                                    0.0465     1.2926 r
  U1979/ZN (NAND4_X1)                                   0.0428     1.3353 f
  U2113/ZN (NAND2_X1)                                   0.0357     1.3710 r
  U12082/ZN (NAND2_X1)                                  0.0351     1.4061 f
  U12565/ZN (OR3_X4)                                    0.1312     1.5373 f
  U12566/ZN (OR2_X1)                                    0.0860     1.6233 f
  U12044/ZN (NAND4_X1)                                  0.0362     1.6595 r
  DP_i_fetch_i_pc_i_Y_reg_0_/D (DFF_X2)                 0.0109     1.6704 r
  data arrival time                                                1.6704

  clock CLK (rise edge)                                 1.4000     1.4000
  clock network delay (ideal)                           0.0500     1.4500
  clock uncertainty                                    -0.0500     1.4000
  DP_i_fetch_i_pc_i_Y_reg_0_/CK (DFF_X2)                0.0000     1.4000 r
  library setup time                                   -0.0275     1.3725
  data required time                                               1.3725
  --------------------------------------------------------------------------
  data required time                                               1.3725
  data arrival time                                               -1.6704
  --------------------------------------------------------------------------
  slack (VIOLATED)                                                -0.2979


  Startpoint: DP_i_execute_i_rd_out_reg_i_Y_reg_2_
              (rising edge-triggered flip-flop clocked by CLK)
  Endpoint: DP_i_execute_i_boothmul_i_tree_i_register_i_1_Y_temp_reg_27_
            (rising edge-triggered flip-flop clocked by CLK)
  Path Group: REG2REG
  Path Type: max

  Des/Clust/Port     Wire Load Model       Library
  ------------------------------------------------
  DLX                5K_hvratio_1_4        NangateOpenCellLibrary

  Point                                                   Incr       Path
  --------------------------------------------------------------------------
  clock CLK (rise edge)                                 0.0000     0.0000
  clock network delay (ideal)                           0.0500     0.0500
  DP_i_execute_i_rd_out_reg_i_Y_reg_2_/CK (DFF_X1)      0.0000     0.0500 r
  DP_i_execute_i_rd_out_reg_i_Y_reg_2_/Q (DFF_X1)       0.1241     0.1741 r
  U2763/ZN (XNOR2_X1)                                   0.0762     0.2502 r
  U2764/ZN (AND2_X1)                                    0.0436     0.2939 r
  U1100/ZN (AND4_X2)                                    0.0797     0.3735 r
  U2309/ZN (NOR2_X2)                                    0.0729     0.4465 f
  U2814/ZN (AND2_X1)                                    0.0617     0.5082 f
  U2040/ZN (AOI211_X4)                                  0.1338     0.6419 r
  U2962/ZN (INV_X1)                                     0.0524     0.6943 f
  U1141/ZN (OR2_X2)                                     0.0856     0.7799 f
  U2238/ZN (INV_X2)                                     0.1139     0.8938 r
  U9842/ZN (NAND2_X1)                                   0.0566     0.9504 f
  U9843/ZN (NAND2_X1)                                   0.0418     0.9922 r
  U9845/S (FA_X1)                                       0.1300     1.1222 f
  U9846/ZN (XNOR2_X1)                                   0.0857     1.2078 r
  U9849/CO (FA_X1)                                      0.1014     1.3092 r
  U9850/ZN (INV_X1)                                     0.0304     1.3396 f
  U1931/S (FA_X1)                                       0.1401     1.4797 r
  U9852/ZN (XNOR2_X1)                                   0.0622     1.5419 r
  U1945/ZN (NOR2_X1)                                    0.0262     1.5682 f
  U9853/ZN (OR2_X1)                                     0.0566     1.6248 f
  U11611/ZN (AND2_X1)                                   0.0368     1.6616 f
  DP_i_execute_i_boothmul_i_tree_i_register_i_1_Y_temp_reg_27_/D (DFF_X1)
                                                        0.0104     1.6720 f
  data arrival time                                                1.6720

  clock CLK (rise edge)                                 1.4000     1.4000
  clock network delay (ideal)                           0.0500     1.4500
  clock uncertainty                                    -0.0500     1.4000
  DP_i_execute_i_boothmul_i_tree_i_register_i_1_Y_temp_reg_27_/CK (DFF_X1)
                                                        0.0000     1.4000 r
  library setup time                                   -0.0239     1.3761
  data required time                                               1.3761
  --------------------------------------------------------------------------
  data required time                                               1.3761
  data arrival time                                               -1.6720
  --------------------------------------------------------------------------
  slack (VIOLATED)                                                -0.2959


  Startpoint: DP_i_execute_i_rd_out_reg_i_Y_reg_3_
              (rising edge-triggered flip-flop clocked by CLK)
  Endpoint: DP_i_execute_i_zero_alu_bit_Y_reg
            (rising edge-triggered flip-flop clocked by CLK)
  Path Group: REG2REG
  Path Type: max

  Des/Clust/Port     Wire Load Model       Library
  ------------------------------------------------
  DLX                5K_hvratio_1_4        NangateOpenCellLibrary

  Point                                                   Incr       Path
  --------------------------------------------------------------------------
  clock CLK (rise edge)                                 0.0000     0.0000
  clock network delay (ideal)                           0.0500     0.0500
  DP_i_execute_i_rd_out_reg_i_Y_reg_3_/CK (DFF_X1)      0.0000     0.0500 r
  DP_i_execute_i_rd_out_reg_i_Y_reg_3_/Q (DFF_X1)       0.1050     0.1550 r
  U2152/ZN (XNOR2_X1)                                   0.0619     0.2170 r
  U2354/ZN (AND2_X1)                                    0.0490     0.2660 r
  U2738/ZN (NAND4_X1)                                   0.0527     0.3187 f
  U2744/ZN (NAND4_X1)                                   0.0457     0.3644 r
  U2746/ZN (INV_X1)                                     0.0389     0.4032 f
  U2759/Z (BUF_X1)                                      0.0493     0.4525 f
  U1181/ZN (AOI222_X1)                                  0.1046     0.5571 r
  U1544/Z (MUX2_X2)                                     0.0815     0.6386 r
  U3456/ZN (XNOR2_X1)                                   0.0889     0.7275 r
  U1969/ZN (NAND2_X1)                                   0.0425     0.7700 f
  U2105/ZN (OAI21_X1)                                   0.0537     0.8237 r
  U2347/ZN (AND2_X1)                                    0.0529     0.8765 r
  U2351/ZN (NAND2_X1)                                   0.0282     0.9047 f
  U938/ZN (AND3_X1)                                     0.0458     0.9505 f
  U3532/ZN (NAND3_X1)                                   0.0443     0.9948 r
  U2237/ZN (NAND4_X1)                                   0.0417     1.0365 f
  U1010/ZN (AND2_X1)                                    0.0488     1.0853 f
  U1948/ZN (OR2_X1)                                     0.0575     1.1429 f
  U2246/ZN (OAI21_X1)                                   0.0414     1.1843 r
  U2222/ZN (OAI211_X1)                                  0.0405     1.2249 f
  U2136/ZN (AND2_X1)                                    0.0471     1.2720 f
  U2065/ZN (AND2_X1)                                    0.0399     1.3119 f
  U3720/ZN (NOR2_X1)                                    0.0459     1.3578 r
  U3721/ZN (XNOR2_X1)                                   0.0363     1.3941 f
  U3722/ZN (NAND2_X1)                                   0.0299     1.4240 r
  U1876/ZN (AND2_X1)                                    0.0449     1.4689 r
  U1875/ZN (AND4_X1)                                    0.0582     1.5271 r
  U2362/ZN (AND4_X1)                                    0.0603     1.5873 r
  U11242/ZN (NAND4_X1)                                  0.0389     1.6262 f
  U11244/ZN (NAND2_X1)                                  0.0321     1.6583 r
  DP_i_execute_i_zero_alu_bit_Y_reg/D (DFF_X2)          0.0109     1.6692 r
  data arrival time                                                1.6692

  clock CLK (rise edge)                                 1.4000     1.4000
  clock network delay (ideal)                           0.0500     1.4500
  clock uncertainty                                    -0.0500     1.4000
  DP_i_execute_i_zero_alu_bit_Y_reg/CK (DFF_X2)         0.0000     1.4000 r
  library setup time                                   -0.0266     1.3734
  data required time                                               1.3734
  --------------------------------------------------------------------------
  data required time                                               1.3734
  data arrival time                                               -1.6692
  --------------------------------------------------------------------------
  slack (VIOLATED)                                                -0.2958


  Startpoint: DP_i_execute_i_boothmul_i_tree_i_register_i_3_Y_temp_reg_4_
              (rising edge-triggered flip-flop clocked by CLK)
  Endpoint: DP_i_execute_i_zero_alu_bit_Y_reg
            (rising edge-triggered flip-flop clocked by CLK)
  Path Group: REG2REG
  Path Type: max

  Des/Clust/Port     Wire Load Model       Library
  ------------------------------------------------
  DLX                5K_hvratio_1_4        NangateOpenCellLibrary

  Point                                                   Incr       Path
  --------------------------------------------------------------------------
  clock CLK (rise edge)                                 0.0000     0.0000
  clock network delay (ideal)                           0.0500     0.0500
  DP_i_execute_i_boothmul_i_tree_i_register_i_3_Y_temp_reg_4_/CK (DFF_X1)
                                                        0.0000     0.0500 r
  DP_i_execute_i_boothmul_i_tree_i_register_i_3_Y_temp_reg_4_/Q (DFF_X1)
                                                        0.1089     0.1589 r
  U3272/ZN (NAND2_X1)                                   0.0385     0.1974 f
  U3278/ZN (OAI21_X1)                                   0.0392     0.2367 r
  U3279/ZN (XNOR2_X1)                                   0.0669     0.3035 r
  U3280/ZN (XNOR2_X1)                                   0.0738     0.3774 r
  U3281/ZN (XNOR2_X1)                                   0.0674     0.4447 r
  U3283/ZN (AND2_X1)                                    0.0495     0.4942 r
  U3284/ZN (NAND2_X1)                                   0.0342     0.5285 f
  U3285/ZN (AND2_X1)                                    0.0460     0.5745 f
  U3292/ZN (XNOR2_X1)                                   0.0609     0.6353 f
  U3305/ZN (NAND2_X1)                                   0.0393     0.6746 r
  U2299/ZN (NAND2_X1)                                   0.0332     0.7078 f
  U1309/ZN (AND3_X1)                                    0.0516     0.7593 f
  U1940/ZN (OAI211_X1)                                  0.0536     0.8129 r
  U1120/ZN (AND2_X2)                                    0.0550     0.8680 r
  U3323/ZN (OAI21_X1)                                   0.0368     0.9047 f
  U1112/ZN (NAND2_X1)                                   0.0294     0.9341 r
  U2298/ZN (NAND2_X1)                                   0.0304     0.9645 f
  U3375/ZN (AND2_X1)                                    0.0428     1.0073 f
  U3385/ZN (OAI211_X1)                                  0.0505     1.0577 r
  U3387/ZN (NAND2_X1)                                   0.0390     1.0968 f
  U3388/ZN (AND2_X1)                                    0.0494     1.1462 f
  U1255/ZN (OR3_X1)                                     0.0909     1.2371 f
  U1569/ZN (NAND2_X1)                                   0.0420     1.2790 r
  U1549/ZN (OR2_X1)                                     0.0466     1.3257 r
  U1667/ZN (INV_X1)                                     0.0265     1.3522 f
  U3389/ZN (XNOR2_X1)                                   0.0570     1.4092 f
  U3392/ZN (NAND2_X1)                                   0.0289     1.4381 r
  U3393/ZN (AND2_X1)                                    0.0421     1.4802 r
  U3592/ZN (AND2_X1)                                    0.0417     1.5219 r
  U2362/ZN (AND4_X1)                                    0.0654     1.5873 r
  U11242/ZN (NAND4_X1)                                  0.0389     1.6262 f
  U11244/ZN (NAND2_X1)                                  0.0321     1.6582 r
  DP_i_execute_i_zero_alu_bit_Y_reg/D (DFF_X2)          0.0109     1.6691 r
  data arrival time                                                1.6691

  clock CLK (rise edge)                                 1.4000     1.4000
  clock network delay (ideal)                           0.0500     1.4500
  clock uncertainty                                    -0.0500     1.4000
  DP_i_execute_i_zero_alu_bit_Y_reg/CK (DFF_X2)         0.0000     1.4000 r
  library setup time                                   -0.0266     1.3734
  data required time                                               1.3734
  --------------------------------------------------------------------------
  data required time                                               1.3734
  data arrival time                                               -1.6691
  --------------------------------------------------------------------------
  slack (VIOLATED)                                                -0.2957


  Startpoint: DP_i_execute_i_rd_out_reg_i_Y_reg_2_
              (rising edge-triggered flip-flop clocked by CLK)
  Endpoint: DP_i_execute_i_boothmul_i_tree_i_register_i_1_Y_temp_reg_27_
            (rising edge-triggered flip-flop clocked by CLK)
  Path Group: REG2REG
  Path Type: max

  Des/Clust/Port     Wire Load Model       Library
  ------------------------------------------------
  DLX                5K_hvratio_1_4        NangateOpenCellLibrary

  Point                                                   Incr       Path
  --------------------------------------------------------------------------
  clock CLK (rise edge)                                 0.0000     0.0000
  clock network delay (ideal)                           0.0500     0.0500
  DP_i_execute_i_rd_out_reg_i_Y_reg_2_/CK (DFF_X1)      0.0000     0.0500 r
  DP_i_execute_i_rd_out_reg_i_Y_reg_2_/Q (DFF_X1)       0.1241     0.1741 r
  U2763/ZN (XNOR2_X1)                                   0.0762     0.2502 r
  U2764/ZN (AND2_X1)                                    0.0436     0.2939 r
  U1100/ZN (AND4_X2)                                    0.0797     0.3735 r
  U2309/ZN (NOR2_X2)                                    0.0729     0.4465 f
  U2814/ZN (AND2_X1)                                    0.0617     0.5082 f
  U2040/ZN (AOI211_X4)                                  0.1338     0.6419 r
  U2962/ZN (INV_X1)                                     0.0524     0.6943 f
  U1141/ZN (OR2_X2)                                     0.0856     0.7799 f
  U2238/ZN (INV_X2)                                     0.1139     0.8938 r
  U9842/ZN (NAND2_X1)                                   0.0566     0.9504 f
  U9843/ZN (NAND2_X1)                                   0.0418     0.9922 r
  U9845/S (FA_X1)                                       0.1300     1.1222 f
  U9846/ZN (XNOR2_X1)                                   0.0857     1.2078 r
  U9849/CO (FA_X1)                                      0.1007     1.3085 r
  U9850/ZN (INV_X1)                                     0.0304     1.3390 f
  U1931/S (FA_X1)                                       0.1401     1.4791 r
  U9852/ZN (XNOR2_X1)                                   0.0622     1.5413 r
  U1945/ZN (NOR2_X1)                                    0.0262     1.5675 f
  U9853/ZN (OR2_X1)                                     0.0566     1.6241 f
  U11611/ZN (AND2_X1)                                   0.0368     1.6609 f
  DP_i_execute_i_boothmul_i_tree_i_register_i_1_Y_temp_reg_27_/D (DFF_X1)
                                                        0.0104     1.6713 f
  data arrival time                                                1.6713

  clock CLK (rise edge)                                 1.4000     1.4000
  clock network delay (ideal)                           0.0500     1.4500
  clock uncertainty                                    -0.0500     1.4000
  DP_i_execute_i_boothmul_i_tree_i_register_i_1_Y_temp_reg_27_/CK (DFF_X1)
                                                        0.0000     1.4000 r
  library setup time                                   -0.0239     1.3761
  data required time                                               1.3761
  --------------------------------------------------------------------------
  data required time                                               1.3761
  data arrival time                                               -1.6713
  --------------------------------------------------------------------------
  slack (VIOLATED)                                                -0.2952


  Startpoint: DP_i_execute_i_rd_out_reg_i_Y_reg_3_
              (rising edge-triggered flip-flop clocked by CLK)
  Endpoint: DP_i_execute_i_boothmul_i_tree_i_register_i_2_Y_temp_reg_31_
            (rising edge-triggered flip-flop clocked by CLK)
  Path Group: REG2REG
  Path Type: max

  Des/Clust/Port     Wire Load Model       Library
  ------------------------------------------------
  DLX                5K_hvratio_1_4        NangateOpenCellLibrary

  Point                                                   Incr       Path
  --------------------------------------------------------------------------
  clock CLK (rise edge)                                 0.0000     0.0000
  clock network delay (ideal)                           0.0500     0.0500
  DP_i_execute_i_rd_out_reg_i_Y_reg_3_/CK (DFF_X1)      0.0000     0.0500 r
  DP_i_execute_i_rd_out_reg_i_Y_reg_3_/Q (DFF_X1)       0.1050     0.1550 r
  U2152/ZN (XNOR2_X1)                                   0.0619     0.2170 r
  U2354/ZN (AND2_X1)                                    0.0490     0.2660 r
  U2738/ZN (NAND4_X1)                                   0.0527     0.3187 f
  U2744/ZN (NAND4_X1)                                   0.0457     0.3644 r
  U2746/ZN (INV_X1)                                     0.0389     0.4032 f
  U1964/Z (BUF_X2)                                      0.0677     0.4709 f
  U2879/ZN (AOI222_X1)                                  0.1366     0.6075 r
  U1517/Z (MUX2_X1)                                     0.0698     0.6773 r
  U1361/ZN (INV_X1)                                     0.0287     0.7060 f
  U3943/ZN (AND2_X1)                                    0.0465     0.7524 f
  U3945/ZN (NAND2_X1)                                   0.0416     0.7940 r
  U3946/ZN (INV_X1)                                     0.0280     0.8220 f
  U1210/Z (MUX2_X2)                                     0.0848     0.9068 f
  U6013/ZN (NAND2_X1)                                   0.0483     0.9551 r
  U6015/ZN (AND2_X1)                                    0.0533     1.0085 r
  U6018/S (FA_X1)                                       0.1220     1.1305 f
  U9878/ZN (XNOR2_X1)                                   0.0757     1.2062 f
  U10631/CO (FA_X1)                                     0.1015     1.3077 f
  U10636/ZN (XNOR2_X1)                                  0.0635     1.3712 f
  U10637/ZN (XNOR2_X1)                                  0.0643     1.4356 f
  U10638/ZN (XNOR2_X1)                                  0.0705     1.5060 f
  U10640/ZN (OAI21_X1)                                  0.0499     1.5560 r
  U10641/ZN (XNOR2_X1)                                  0.0597     1.6157 r
  U11637/ZN (AND2_X1)                                   0.0421     1.6578 r
  DP_i_execute_i_boothmul_i_tree_i_register_i_2_Y_temp_reg_31_/D (DFF_X1)
                                                        0.0110     1.6687 r
  data arrival time                                                1.6687

  clock CLK (rise edge)                                 1.4000     1.4000
  clock network delay (ideal)                           0.0500     1.4500
  clock uncertainty                                    -0.0500     1.4000
  DP_i_execute_i_boothmul_i_tree_i_register_i_2_Y_temp_reg_31_/CK (DFF_X1)
                                                        0.0000     1.4000 r
  library setup time                                   -0.0265     1.3735
  data required time                                               1.3735
  --------------------------------------------------------------------------
  data required time                                               1.3735
  data arrival time                                               -1.6687
  --------------------------------------------------------------------------
  slack (VIOLATED)                                                -0.2952


  Startpoint: DP_i_execute_i_rd_out_reg_i_Y_reg_3_
              (rising edge-triggered flip-flop clocked by CLK)
  Endpoint: DP_i_execute_i_boothmul_i_tree_i_register_i_2_Y_temp_reg_31_
            (rising edge-triggered flip-flop clocked by CLK)
  Path Group: REG2REG
  Path Type: max

  Des/Clust/Port     Wire Load Model       Library
  ------------------------------------------------
  DLX                5K_hvratio_1_4        NangateOpenCellLibrary

  Point                                                   Incr       Path
  --------------------------------------------------------------------------
  clock CLK (rise edge)                                 0.0000     0.0000
  clock network delay (ideal)                           0.0500     0.0500
  DP_i_execute_i_rd_out_reg_i_Y_reg_3_/CK (DFF_X1)      0.0000     0.0500 r
  DP_i_execute_i_rd_out_reg_i_Y_reg_3_/Q (DFF_X1)       0.1050     0.1550 r
  U2152/ZN (XNOR2_X1)                                   0.0619     0.2170 r
  U2354/ZN (AND2_X1)                                    0.0490     0.2660 r
  U2738/ZN (NAND4_X1)                                   0.0527     0.3187 f
  U2744/ZN (NAND4_X1)                                   0.0457     0.3644 r
  U2746/ZN (INV_X1)                                     0.0389     0.4032 f
  U1964/Z (BUF_X2)                                      0.0677     0.4709 f
  U2879/ZN (AOI222_X1)                                  0.1366     0.6075 r
  U1517/Z (MUX2_X1)                                     0.0698     0.6773 r
  U1361/ZN (INV_X1)                                     0.0287     0.7060 f
  U3943/ZN (AND2_X1)                                    0.0465     0.7524 f
  U3945/ZN (NAND2_X1)                                   0.0416     0.7940 r
  U3946/ZN (INV_X1)                                     0.0280     0.8220 f
  U1210/Z (MUX2_X2)                                     0.0848     0.9068 f
  U6013/ZN (NAND2_X1)                                   0.0483     0.9551 r
  U6015/ZN (AND2_X1)                                    0.0533     1.0085 r
  U6018/S (FA_X1)                                       0.1220     1.1305 f
  U9878/ZN (XNOR2_X1)                                   0.0757     1.2062 f
  U10631/CO (FA_X1)                                     0.1015     1.3077 f
  U10636/ZN (XNOR2_X1)                                  0.0635     1.3712 f
  U10637/ZN (XNOR2_X1)                                  0.0643     1.4356 f
  U10638/ZN (XNOR2_X1)                                  0.0705     1.5060 f
  U10640/ZN (OAI21_X1)                                  0.0499     1.5560 r
  U10641/ZN (XNOR2_X1)                                  0.0597     1.6157 r
  U11637/ZN (AND2_X1)                                   0.0421     1.6578 r
  DP_i_execute_i_boothmul_i_tree_i_register_i_2_Y_temp_reg_31_/D (DFF_X1)
                                                        0.0110     1.6687 r
  data arrival time                                                1.6687

  clock CLK (rise edge)                                 1.4000     1.4000
  clock network delay (ideal)                           0.0500     1.4500
  clock uncertainty                                    -0.0500     1.4000
  DP_i_execute_i_boothmul_i_tree_i_register_i_2_Y_temp_reg_31_/CK (DFF_X1)
                                                        0.0000     1.4000 r
  library setup time                                   -0.0265     1.3735
  data required time                                               1.3735
  --------------------------------------------------------------------------
  data required time                                               1.3735
  data arrival time                                               -1.6687
  --------------------------------------------------------------------------
  slack (VIOLATED)                                                -0.2952


  Startpoint: DP_i_execute_i_rd_out_reg_i_Y_reg_3_
              (rising edge-triggered flip-flop clocked by CLK)
  Endpoint: DP_i_execute_i_boothmul_i_tree_i_register_i_3_Y_temp_reg_30_
            (rising edge-triggered flip-flop clocked by CLK)
  Path Group: REG2REG
  Path Type: max

  Des/Clust/Port     Wire Load Model       Library
  ------------------------------------------------
  DLX                5K_hvratio_1_4        NangateOpenCellLibrary

  Point                                                   Incr       Path
  --------------------------------------------------------------------------
  clock CLK (rise edge)                                 0.0000     0.0000
  clock network delay (ideal)                           0.0500     0.0500
  DP_i_execute_i_rd_out_reg_i_Y_reg_3_/CK (DFF_X1)      0.0000     0.0500 r
  DP_i_execute_i_rd_out_reg_i_Y_reg_3_/Q (DFF_X1)       0.1050     0.1550 r
  U2152/ZN (XNOR2_X1)                                   0.0619     0.2170 r
  U2354/ZN (AND2_X1)                                    0.0490     0.2660 r
  U2738/ZN (NAND4_X1)                                   0.0527     0.3187 f
  U2744/ZN (NAND4_X1)                                   0.0457     0.3644 r
  U2746/ZN (INV_X1)                                     0.0389     0.4032 f
  U2759/Z (BUF_X1)                                      0.0493     0.4525 f
  U1181/ZN (AOI222_X1)                                  0.1046     0.5571 r
  U1544/Z (MUX2_X2)                                     0.0815     0.6386 r
  U2884/ZN (AND2_X1)                                    0.0756     0.7142 r
  U3992/ZN (INV_X1)                                     0.0284     0.7426 f
  U3993/Z (MUX2_X1)                                     0.0732     0.8158 f
  U990/ZN (OR2_X2)                                      0.0709     0.8867 f
  U4026/ZN (OR2_X1)                                     0.0637     0.9505 f
  U4028/ZN (NAND2_X1)                                   0.0410     0.9915 r
  U4031/S (FA_X1)                                       0.1330     1.1245 f
  U4032/ZN (XNOR2_X1)                                   0.0724     1.1969 f
  U5985/CO (FA_X1)                                      0.1139     1.3108 f
  U10609/ZN (OAI21_X1)                                  0.0487     1.3595 r
  U10611/ZN (AND2_X1)                                   0.0518     1.4113 r
  U10777/ZN (XNOR2_X1)                                  0.0791     1.4904 r
  U10780/S (FA_X1)                                      0.1290     1.6194 f
  U11641/ZN (AND2_X1)                                   0.0396     1.6590 f
  DP_i_execute_i_boothmul_i_tree_i_register_i_3_Y_temp_reg_30_/D (DFF_X1)
                                                        0.0104     1.6694 f
  data arrival time                                                1.6694

  clock CLK (rise edge)                                 1.4000     1.4000
  clock network delay (ideal)                           0.0500     1.4500
  clock uncertainty                                    -0.0500     1.4000
  DP_i_execute_i_boothmul_i_tree_i_register_i_3_Y_temp_reg_30_/CK (DFF_X1)
                                                        0.0000     1.4000 r
  library setup time                                   -0.0239     1.3761
  data required time                                               1.3761
  --------------------------------------------------------------------------
  data required time                                               1.3761
  data arrival time                                               -1.6694
  --------------------------------------------------------------------------
  slack (VIOLATED)                                                -0.2933


  Startpoint: DP_i_execute_i_rd_out_reg_i_Y_reg_3_
              (rising edge-triggered flip-flop clocked by CLK)
  Endpoint: DP_i_execute_i_boothmul_i_tree_i_register_i_3_Y_temp_reg_30_
            (rising edge-triggered flip-flop clocked by CLK)
  Path Group: REG2REG
  Path Type: max

  Des/Clust/Port     Wire Load Model       Library
  ------------------------------------------------
  DLX                5K_hvratio_1_4        NangateOpenCellLibrary

  Point                                                   Incr       Path
  --------------------------------------------------------------------------
  clock CLK (rise edge)                                 0.0000     0.0000
  clock network delay (ideal)                           0.0500     0.0500
  DP_i_execute_i_rd_out_reg_i_Y_reg_3_/CK (DFF_X1)      0.0000     0.0500 r
  DP_i_execute_i_rd_out_reg_i_Y_reg_3_/Q (DFF_X1)       0.1050     0.1550 r
  U2152/ZN (XNOR2_X1)                                   0.0619     0.2170 r
  U2354/ZN (AND2_X1)                                    0.0490     0.2660 r
  U2738/ZN (NAND4_X1)                                   0.0527     0.3187 f
  U2744/ZN (NAND4_X1)                                   0.0457     0.3644 r
  U2746/ZN (INV_X1)                                     0.0389     0.4032 f
  U2759/Z (BUF_X1)                                      0.0493     0.4525 f
  U1181/ZN (AOI222_X1)                                  0.1046     0.5571 r
  U1544/Z (MUX2_X2)                                     0.0815     0.6386 r
  U2884/ZN (AND2_X1)                                    0.0756     0.7142 r
  U3992/ZN (INV_X1)                                     0.0284     0.7426 f
  U3993/Z (MUX2_X1)                                     0.0732     0.8158 f
  U990/ZN (OR2_X2)                                      0.0709     0.8867 f
  U4026/ZN (OR2_X1)                                     0.0637     0.9505 f
  U4028/ZN (NAND2_X1)                                   0.0410     0.9915 r
  U4031/S (FA_X1)                                       0.1330     1.1245 f
  U4032/ZN (XNOR2_X1)                                   0.0724     1.1969 f
  U5985/CO (FA_X1)                                      0.1139     1.3108 f
  U10609/ZN (OAI21_X1)                                  0.0487     1.3595 r
  U10611/ZN (AND2_X1)                                   0.0518     1.4113 r
  U10777/ZN (XNOR2_X1)                                  0.0791     1.4904 r
  U10780/S (FA_X1)                                      0.1290     1.6194 f
  U11641/ZN (AND2_X1)                                   0.0396     1.6590 f
  DP_i_execute_i_boothmul_i_tree_i_register_i_3_Y_temp_reg_30_/D (DFF_X1)
                                                        0.0104     1.6694 f
  data arrival time                                                1.6694

  clock CLK (rise edge)                                 1.4000     1.4000
  clock network delay (ideal)                           0.0500     1.4500
  clock uncertainty                                    -0.0500     1.4000
  DP_i_execute_i_boothmul_i_tree_i_register_i_3_Y_temp_reg_30_/CK (DFF_X1)
                                                        0.0000     1.4000 r
  library setup time                                   -0.0239     1.3761
  data required time                                               1.3761
  --------------------------------------------------------------------------
  data required time                                               1.3761
  data arrival time                                               -1.6694
  --------------------------------------------------------------------------
  slack (VIOLATED)                                                -0.2933


1
