 
****************************************
Report : timing
        -path full
        -delay max
        -nworst 2
        -group REG2REG
        -max_paths 10
Design : DLX
Version: W-2024.09-SP2
Date   : Tue Sep 29 13:42:31 2026
****************************************

Operating Conditions: typical   Library: NangateOpenCellLibrary
Wire Load Model Mode: top

  Startpoint: DP_i/fetch_i_IR_out_reg_26_
              (rising edge-triggered flip-flop clocked by CLK)
  Endpoint: DP_i/fetch_i_pc_i_Y_reg_2_
            (rising edge-triggered flip-flop clocked by CLK)
  Path Group: REG2REG
  Path Type: max

  Des/Clust/Port     Wire Load Model       Library
  ------------------------------------------------
  DLX                5K_hvratio_1_4        NangateOpenCellLibrary

  Point                                                   Incr       Path
  --------------------------------------------------------------------------
  clock CLK (rise edge)                                 0.0000     0.0000
  clock network delay (ideal)                           0.0500     0.0500
  DP_i/fetch_i_IR_out_reg_26_/CK (DFF_X1)               0.0000     0.0500 r
  DP_i/fetch_i_IR_out_reg_26_/Q (DFF_X1)                0.1950     0.2450 r
  DP_i/opcode[0] (DataPath)                             0.0000     0.2450 r
  U850/ZN (OR3_X1)                                      0.0850     0.3300 r
  U851/ZN (OR2_X4)                                      0.0941     0.4241 r
  DP_i/RF2_BAR (DataPath)                               0.0000     0.4241 r
  DP_i/U1406/ZN (INV_X1)                                0.0547     0.4788 f
  DP_i/U2507/ZN (NOR2_X1)                               0.0614     0.5402 r
  DP_i/U2508/ZN (NAND2_X1)                              0.0476     0.5878 f
  DP_i/U2509/ZN (NAND2_X1)                              0.0472     0.6350 r
  DP_i/U2511/ZN (OAI21_X1)                              0.0510     0.6860 f
  DP_i/U2512/ZN (OR2_X1)                                0.0742     0.7602 f
  DP_i/U2513/ZN (NAND2_X1)                              0.0460     0.8062 r
  DP_i/U2517/ZN (OR2_X1)                                0.0525     0.8587 r
  DP_i/U66/ZN (INV_X1)                                  0.0263     0.8850 f
  DP_i/U122/ZN (AND2_X1)                                0.0373     0.9222 f
  DP_i/U2522/ZN (OR2_X1)                                0.0549     0.9771 f
  DP_i/U2767/CO (FA_X1)                                 0.1042     1.0813 f
  DP_i/U366/ZN (AND3_X1)                                0.0496     1.1309 f
  DP_i/U2580/ZN (NOR2_X1)                               0.0368     1.1677 r
  DP_i/U2587/ZN (AOI21_X1)                              0.0343     1.2020 f
  DP_i/U2772/CO (FA_X1)                                 0.0938     1.2959 f
  DP_i/U23/ZN (AND2_X1)                                 0.0521     1.3479 f
  DP_i/U56/ZN (NAND2_X1)                                0.0430     1.3910 r
  DP_i/U374/ZN (XNOR2_X1)                               0.0752     1.4661 r
  DP_i/U2595/ZN (AOI22_X1)                              0.0562     1.5223 f
  DP_i/U372/ZN (OR2_X1)                                 0.0733     1.5955 f
  DP_i/U2610/ZN (NAND3_X1)                              0.0348     1.6303 r
  DP_i/U2620/ZN (XNOR2_X1)                              0.0691     1.6994 r
  DP_i/U2625/ZN (AOI21_X1)                              0.0423     1.7417 f
  DP_i/U2766/CO (FA_X1)                                 0.1132     1.8549 f
  DP_i/U367/ZN (NAND2_X1)                               0.0464     1.9014 r
  DP_i/U2674/Z (XOR2_X1)                                0.0814     1.9827 r
  DP_i/U2676/ZN (NAND2_X1)                              0.0349     2.0176 f
  DP_i/U2678/ZN (AOI21_X1)                              0.0724     2.0900 r
  DP_i/U113/ZN (NOR2_X1)                                0.0517     2.1418 f
  DP_i/U2713/ZN (NAND2_X1)                              0.0461     2.1879 r
  DP_i/U2724/ZN (NAND3_X1)                              0.0358     2.2238 f
  DP_i/U2725/ZN (AOI22_X1)                              0.0841     2.3078 r
  DP_i/U2730/ZN (OAI22_X1)                              0.0481     2.3559 f
  DP_i/U2731/ZN (AOI221_X1)                             0.0838     2.4397 r
  DP_i/U369/ZN (AND4_X1)                                0.0720     2.5118 r
  DP_i/U368/ZN (OAI21_X1)                               0.0301     2.5419 f
  DP_i/U2/ZN (AND3_X1)                                  0.0641     2.6060 f
  DP_i/U6208/ZN (NOR3_X2)                               0.1081     2.7141 r
  DP_i/U6209/Z (BUF_X2)                                 0.1264     2.8405 r
  DP_i/U3112/ZN (AOI22_X1)                              0.0627     2.9032 f
  DP_i/U3115/ZN (OAI211_X1)                             0.0506     2.9539 r
  DP_i/fetch_i_pc_i_Y_reg_2_/D (DFF_X1)                 0.0110     2.9648 r
  data arrival time                                                2.9648

  clock CLK (rise edge)                                 3.0000     3.0000
  clock network delay (ideal)                           0.0500     3.0500
  clock uncertainty                                    -0.0500     3.0000
  DP_i/fetch_i_pc_i_Y_reg_2_/CK (DFF_X1)                0.0000     3.0000 r
  library setup time                                   -0.0313     2.9687
  data required time                                               2.9687
  --------------------------------------------------------------------------
  data required time                                               2.9687
  data arrival time                                               -2.9648
  --------------------------------------------------------------------------
  slack (MET)                                                      0.0038


  Startpoint: DP_i/fetch_i_IR_out_reg_26_
              (rising edge-triggered flip-flop clocked by CLK)
  Endpoint: DP_i/fetch_i_pc_i_Y_reg_13_
            (rising edge-triggered flip-flop clocked by CLK)
  Path Group: REG2REG
  Path Type: max

  Des/Clust/Port     Wire Load Model       Library
  ------------------------------------------------
  DLX                5K_hvratio_1_4        NangateOpenCellLibrary

  Point                                                   Incr       Path
  --------------------------------------------------------------------------
  clock CLK (rise edge)                                 0.0000     0.0000
  clock network delay (ideal)                           0.0500     0.0500
  DP_i/fetch_i_IR_out_reg_26_/CK (DFF_X1)               0.0000     0.0500 r
  DP_i/fetch_i_IR_out_reg_26_/Q (DFF_X1)                0.1950     0.2450 r
  DP_i/opcode[0] (DataPath)                             0.0000     0.2450 r
  U850/ZN (OR3_X1)                                      0.0850     0.3300 r
  U851/ZN (OR2_X4)                                      0.0941     0.4241 r
  DP_i/RF2_BAR (DataPath)                               0.0000     0.4241 r
  DP_i/U1406/ZN (INV_X1)                                0.0547     0.4788 f
  DP_i/U2507/ZN (NOR2_X1)                               0.0614     0.5402 r
  DP_i/U2508/ZN (NAND2_X1)                              0.0476     0.5878 f
  DP_i/U2509/ZN (NAND2_X1)                              0.0472     0.6350 r
  DP_i/U2511/ZN (OAI21_X1)                              0.0510     0.6860 f
  DP_i/U2512/ZN (OR2_X1)                                0.0742     0.7602 f
  DP_i/U2513/ZN (NAND2_X1)                              0.0460     0.8062 r
  DP_i/U2517/ZN (OR2_X1)                                0.0525     0.8587 r
  DP_i/U66/ZN (INV_X1)                                  0.0263     0.8850 f
  DP_i/U122/ZN (AND2_X1)                                0.0373     0.9222 f
  DP_i/U2522/ZN (OR2_X1)                                0.0549     0.9771 f
  DP_i/U2767/CO (FA_X1)                                 0.1042     1.0813 f
  DP_i/U366/ZN (AND3_X1)                                0.0496     1.1309 f
  DP_i/U2580/ZN (NOR2_X1)                               0.0368     1.1677 r
  DP_i/U2587/ZN (AOI21_X1)                              0.0343     1.2020 f
  DP_i/U2772/CO (FA_X1)                                 0.0938     1.2959 f
  DP_i/U23/ZN (AND2_X1)                                 0.0521     1.3479 f
  DP_i/U56/ZN (NAND2_X1)                                0.0430     1.3910 r
  DP_i/U374/ZN (XNOR2_X1)                               0.0752     1.4661 r
  DP_i/U2595/ZN (AOI22_X1)                              0.0562     1.5223 f
  DP_i/U372/ZN (OR2_X1)                                 0.0733     1.5955 f
  DP_i/U2610/ZN (NAND3_X1)                              0.0348     1.6303 r
  DP_i/U2620/ZN (XNOR2_X1)                              0.0691     1.6994 r
  DP_i/U2625/ZN (AOI21_X1)                              0.0423     1.7417 f
  DP_i/U2766/CO (FA_X1)                                 0.1132     1.8549 f
  DP_i/U367/ZN (NAND2_X1)                               0.0464     1.9014 r
  DP_i/U2674/Z (XOR2_X1)                                0.0814     1.9827 r
  DP_i/U2676/ZN (NAND2_X1)                              0.0349     2.0176 f
  DP_i/U2678/ZN (AOI21_X1)                              0.0724     2.0900 r
  DP_i/U113/ZN (NOR2_X1)                                0.0517     2.1418 f
  DP_i/U2713/ZN (NAND2_X1)                              0.0461     2.1879 r
  DP_i/U2724/ZN (NAND3_X1)                              0.0358     2.2238 f
  DP_i/U2725/ZN (AOI22_X1)                              0.0841     2.3078 r
  DP_i/U2730/ZN (OAI22_X1)                              0.0481     2.3559 f
  DP_i/U2731/ZN (AOI221_X1)                             0.0838     2.4397 r
  DP_i/U369/ZN (AND4_X1)                                0.0720     2.5118 r
  DP_i/U368/ZN (OAI21_X1)                               0.0301     2.5419 f
  DP_i/U2/ZN (AND3_X1)                                  0.0641     2.6060 f
  DP_i/U6208/ZN (NOR3_X2)                               0.1081     2.7141 r
  DP_i/U6209/Z (BUF_X2)                                 0.1264     2.8405 r
  DP_i/U3057/ZN (AOI22_X1)                              0.0627     2.9032 f
  DP_i/U3060/ZN (OAI211_X1)                             0.0506     2.9539 r
  DP_i/fetch_i_pc_i_Y_reg_13_/D (DFF_X1)                0.0110     2.9648 r
  data arrival time                                                2.9648

  clock CLK (rise edge)                                 3.0000     3.0000
  clock network delay (ideal)                           0.0500     3.0500
  clock uncertainty                                    -0.0500     3.0000
  DP_i/fetch_i_pc_i_Y_reg_13_/CK (DFF_X1)               0.0000     3.0000 r
  library setup time                                   -0.0313     2.9687
  data required time                                               2.9687
  --------------------------------------------------------------------------
  data required time                                               2.9687
  data arrival time                                               -2.9648
  --------------------------------------------------------------------------
  slack (MET)                                                      0.0038


  Startpoint: DP_i/fetch_i_IR_out_reg_26_
              (rising edge-triggered flip-flop clocked by CLK)
  Endpoint: DP_i/fetch_i_pc_i_Y_reg_8_
            (rising edge-triggered flip-flop clocked by CLK)
  Path Group: REG2REG
  Path Type: max

  Des/Clust/Port     Wire Load Model       Library
  ------------------------------------------------
  DLX                5K_hvratio_1_4        NangateOpenCellLibrary

  Point                                                   Incr       Path
  --------------------------------------------------------------------------
  clock CLK (rise edge)                                 0.0000     0.0000
  clock network delay (ideal)                           0.0500     0.0500
  DP_i/fetch_i_IR_out_reg_26_/CK (DFF_X1)               0.0000     0.0500 r
  DP_i/fetch_i_IR_out_reg_26_/Q (DFF_X1)                0.1950     0.2450 r
  DP_i/opcode[0] (DataPath)                             0.0000     0.2450 r
  U850/ZN (OR3_X1)                                      0.0850     0.3300 r
  U851/ZN (OR2_X4)                                      0.0941     0.4241 r
  DP_i/RF2_BAR (DataPath)                               0.0000     0.4241 r
  DP_i/U1406/ZN (INV_X1)                                0.0547     0.4788 f
  DP_i/U2507/ZN (NOR2_X1)                               0.0614     0.5402 r
  DP_i/U2508/ZN (NAND2_X1)                              0.0476     0.5878 f
  DP_i/U2509/ZN (NAND2_X1)                              0.0472     0.6350 r
  DP_i/U2511/ZN (OAI21_X1)                              0.0510     0.6860 f
  DP_i/U2512/ZN (OR2_X1)                                0.0742     0.7602 f
  DP_i/U2513/ZN (NAND2_X1)                              0.0460     0.8062 r
  DP_i/U2517/ZN (OR2_X1)                                0.0525     0.8587 r
  DP_i/U66/ZN (INV_X1)                                  0.0263     0.8850 f
  DP_i/U122/ZN (AND2_X1)                                0.0373     0.9222 f
  DP_i/U2522/ZN (OR2_X1)                                0.0549     0.9771 f
  DP_i/U2767/CO (FA_X1)                                 0.1042     1.0813 f
  DP_i/U366/ZN (AND3_X1)                                0.0496     1.1309 f
  DP_i/U2580/ZN (NOR2_X1)                               0.0368     1.1677 r
  DP_i/U2587/ZN (AOI21_X1)                              0.0343     1.2020 f
  DP_i/U2772/CO (FA_X1)                                 0.0938     1.2959 f
  DP_i/U23/ZN (AND2_X1)                                 0.0521     1.3479 f
  DP_i/U56/ZN (NAND2_X1)                                0.0430     1.3910 r
  DP_i/U374/ZN (XNOR2_X1)                               0.0752     1.4661 r
  DP_i/U2595/ZN (AOI22_X1)                              0.0562     1.5223 f
  DP_i/U372/ZN (OR2_X1)                                 0.0733     1.5955 f
  DP_i/U2610/ZN (NAND3_X1)                              0.0348     1.6303 r
  DP_i/U2620/ZN (XNOR2_X1)                              0.0691     1.6994 r
  DP_i/U2625/ZN (AOI21_X1)                              0.0423     1.7417 f
  DP_i/U2766/CO (FA_X1)                                 0.1132     1.8549 f
  DP_i/U367/ZN (NAND2_X1)                               0.0464     1.9014 r
  DP_i/U2674/Z (XOR2_X1)                                0.0814     1.9827 r
  DP_i/U2676/ZN (NAND2_X1)                              0.0349     2.0176 f
  DP_i/U2678/ZN (AOI21_X1)                              0.0724     2.0900 r
  DP_i/U113/ZN (NOR2_X1)                                0.0517     2.1418 f
  DP_i/U2713/ZN (NAND2_X1)                              0.0461     2.1879 r
  DP_i/U2724/ZN (NAND3_X1)                              0.0358     2.2238 f
  DP_i/U2725/ZN (AOI22_X1)                              0.0841     2.3078 r
  DP_i/U2730/ZN (OAI22_X1)                              0.0481     2.3559 f
  DP_i/U2731/ZN (AOI221_X1)                             0.0838     2.4397 r
  DP_i/U369/ZN (AND4_X1)                                0.0720     2.5118 r
  DP_i/U368/ZN (OAI21_X1)                               0.0301     2.5419 f
  DP_i/U2/ZN (AND3_X1)                                  0.0641     2.6060 f
  DP_i/U6208/ZN (NOR3_X2)                               0.1081     2.7141 r
  DP_i/U6209/Z (BUF_X2)                                 0.1264     2.8405 r
  DP_i/U3082/ZN (AOI22_X1)                              0.0627     2.9032 f
  DP_i/U3085/ZN (OAI211_X1)                             0.0506     2.9539 r
  DP_i/fetch_i_pc_i_Y_reg_8_/D (DFF_X1)                 0.0110     2.9648 r
  data arrival time                                                2.9648

  clock CLK (rise edge)                                 3.0000     3.0000
  clock network delay (ideal)                           0.0500     3.0500
  clock uncertainty                                    -0.0500     3.0000
  DP_i/fetch_i_pc_i_Y_reg_8_/CK (DFF_X1)                0.0000     3.0000 r
  library setup time                                   -0.0313     2.9687
  data required time                                               2.9687
  --------------------------------------------------------------------------
  data required time                                               2.9687
  data arrival time                                               -2.9648
  --------------------------------------------------------------------------
  slack (MET)                                                      0.0038


  Startpoint: DP_i/fetch_i_IR_out_reg_26_
              (rising edge-triggered flip-flop clocked by CLK)
  Endpoint: DP_i/fetch_i_pc_i_Y_reg_12_
            (rising edge-triggered flip-flop clocked by CLK)
  Path Group: REG2REG
  Path Type: max

  Des/Clust/Port     Wire Load Model       Library
  ------------------------------------------------
  DLX                5K_hvratio_1_4        NangateOpenCellLibrary

  Point                                                   Incr       Path
  --------------------------------------------------------------------------
  clock CLK (rise edge)                                 0.0000     0.0000
  clock network delay (ideal)                           0.0500     0.0500
  DP_i/fetch_i_IR_out_reg_26_/CK (DFF_X1)               0.0000     0.0500 r
  DP_i/fetch_i_IR_out_reg_26_/Q (DFF_X1)                0.1950     0.2450 r
  DP_i/opcode[0] (DataPath)                             0.0000     0.2450 r
  U850/ZN (OR3_X1)                                      0.0850     0.3300 r
  U851/ZN (OR2_X4)                                      0.0941     0.4241 r
  DP_i/RF2_BAR (DataPath)                               0.0000     0.4241 r
  DP_i/U1406/ZN (INV_X1)                                0.0547     0.4788 f
  DP_i/U2507/ZN (NOR2_X1)                               0.0614     0.5402 r
  DP_i/U2508/ZN (NAND2_X1)                              0.0476     0.5878 f
  DP_i/U2509/ZN (NAND2_X1)                              0.0472     0.6350 r
  DP_i/U2511/ZN (OAI21_X1)                              0.0510     0.6860 f
  DP_i/U2512/ZN (OR2_X1)                                0.0742     0.7602 f
  DP_i/U2513/ZN (NAND2_X1)                              0.0460     0.8062 r
  DP_i/U2517/ZN (OR2_X1)                                0.0525     0.8587 r
  DP_i/U66/ZN (INV_X1)                                  0.0263     0.8850 f
  DP_i/U122/ZN (AND2_X1)                                0.0373     0.9222 f
  DP_i/U2522/ZN (OR2_X1)                                0.0549     0.9771 f
  DP_i/U2767/CO (FA_X1)                                 0.1042     1.0813 f
  DP_i/U366/ZN (AND3_X1)                                0.0496     1.1309 f
  DP_i/U2580/ZN (NOR2_X1)                               0.0368     1.1677 r
  DP_i/U2587/ZN (AOI21_X1)                              0.0343     1.2020 f
  DP_i/U2772/CO (FA_X1)                                 0.0938     1.2959 f
  DP_i/U23/ZN (AND2_X1)                                 0.0521     1.3479 f
  DP_i/U56/ZN (NAND2_X1)                                0.0430     1.3910 r
  DP_i/U374/ZN (XNOR2_X1)                               0.0752     1.4661 r
  DP_i/U2595/ZN (AOI22_X1)                              0.0562     1.5223 f
  DP_i/U372/ZN (OR2_X1)                                 0.0733     1.5955 f
  DP_i/U2610/ZN (NAND3_X1)                              0.0348     1.6303 r
  DP_i/U2620/ZN (XNOR2_X1)                              0.0691     1.6994 r
  DP_i/U2625/ZN (AOI21_X1)                              0.0423     1.7417 f
  DP_i/U2766/CO (FA_X1)                                 0.1132     1.8549 f
  DP_i/U367/ZN (NAND2_X1)                               0.0464     1.9014 r
  DP_i/U2674/Z (XOR2_X1)                                0.0814     1.9827 r
  DP_i/U2676/ZN (NAND2_X1)                              0.0349     2.0176 f
  DP_i/U2678/ZN (AOI21_X1)                              0.0724     2.0900 r
  DP_i/U113/ZN (NOR2_X1)                                0.0517     2.1418 f
  DP_i/U2713/ZN (NAND2_X1)                              0.0461     2.1879 r
  DP_i/U2724/ZN (NAND3_X1)                              0.0358     2.2238 f
  DP_i/U2725/ZN (AOI22_X1)                              0.0841     2.3078 r
  DP_i/U2730/ZN (OAI22_X1)                              0.0481     2.3559 f
  DP_i/U2731/ZN (AOI221_X1)                             0.0838     2.4397 r
  DP_i/U369/ZN (AND4_X1)                                0.0720     2.5118 r
  DP_i/U368/ZN (OAI21_X1)                               0.0301     2.5419 f
  DP_i/U2/ZN (AND3_X1)                                  0.0641     2.6060 f
  DP_i/U6208/ZN (NOR3_X2)                               0.1081     2.7141 r
  DP_i/U6209/Z (BUF_X2)                                 0.1264     2.8405 r
  DP_i/U3062/ZN (AOI22_X1)                              0.0627     2.9032 f
  DP_i/U3065/ZN (OAI211_X1)                             0.0506     2.9539 r
  DP_i/fetch_i_pc_i_Y_reg_12_/D (DFF_X1)                0.0110     2.9648 r
  data arrival time                                                2.9648

  clock CLK (rise edge)                                 3.0000     3.0000
  clock network delay (ideal)                           0.0500     3.0500
  clock uncertainty                                    -0.0500     3.0000
  DP_i/fetch_i_pc_i_Y_reg_12_/CK (DFF_X1)               0.0000     3.0000 r
  library setup time                                   -0.0313     2.9687
  data required time                                               2.9687
  --------------------------------------------------------------------------
  data required time                                               2.9687
  data arrival time                                               -2.9648
  --------------------------------------------------------------------------
  slack (MET)                                                      0.0038


  Startpoint: DP_i/fetch_i_IR_out_reg_26_
              (rising edge-triggered flip-flop clocked by CLK)
  Endpoint: DP_i/fetch_i_pc_i_Y_reg_7_
            (rising edge-triggered flip-flop clocked by CLK)
  Path Group: REG2REG
  Path Type: max

  Des/Clust/Port     Wire Load Model       Library
  ------------------------------------------------
  DLX                5K_hvratio_1_4        NangateOpenCellLibrary

  Point                                                   Incr       Path
  --------------------------------------------------------------------------
  clock CLK (rise edge)                                 0.0000     0.0000
  clock network delay (ideal)                           0.0500     0.0500
  DP_i/fetch_i_IR_out_reg_26_/CK (DFF_X1)               0.0000     0.0500 r
  DP_i/fetch_i_IR_out_reg_26_/Q (DFF_X1)                0.1950     0.2450 r
  DP_i/opcode[0] (DataPath)                             0.0000     0.2450 r
  U850/ZN (OR3_X1)                                      0.0850     0.3300 r
  U851/ZN (OR2_X4)                                      0.0941     0.4241 r
  DP_i/RF2_BAR (DataPath)                               0.0000     0.4241 r
  DP_i/U1406/ZN (INV_X1)                                0.0547     0.4788 f
  DP_i/U2507/ZN (NOR2_X1)                               0.0614     0.5402 r
  DP_i/U2508/ZN (NAND2_X1)                              0.0476     0.5878 f
  DP_i/U2509/ZN (NAND2_X1)                              0.0472     0.6350 r
  DP_i/U2511/ZN (OAI21_X1)                              0.0510     0.6860 f
  DP_i/U2512/ZN (OR2_X1)                                0.0742     0.7602 f
  DP_i/U2513/ZN (NAND2_X1)                              0.0460     0.8062 r
  DP_i/U2517/ZN (OR2_X1)                                0.0525     0.8587 r
  DP_i/U66/ZN (INV_X1)                                  0.0263     0.8850 f
  DP_i/U122/ZN (AND2_X1)                                0.0373     0.9222 f
  DP_i/U2522/ZN (OR2_X1)                                0.0549     0.9771 f
  DP_i/U2767/CO (FA_X1)                                 0.1042     1.0813 f
  DP_i/U366/ZN (AND3_X1)                                0.0496     1.1309 f
  DP_i/U2580/ZN (NOR2_X1)                               0.0368     1.1677 r
  DP_i/U2587/ZN (AOI21_X1)                              0.0343     1.2020 f
  DP_i/U2772/CO (FA_X1)                                 0.0938     1.2959 f
  DP_i/U23/ZN (AND2_X1)                                 0.0521     1.3479 f
  DP_i/U56/ZN (NAND2_X1)                                0.0430     1.3910 r
  DP_i/U374/ZN (XNOR2_X1)                               0.0752     1.4661 r
  DP_i/U2595/ZN (AOI22_X1)                              0.0562     1.5223 f
  DP_i/U372/ZN (OR2_X1)                                 0.0733     1.5955 f
  DP_i/U2610/ZN (NAND3_X1)                              0.0348     1.6303 r
  DP_i/U2620/ZN (XNOR2_X1)                              0.0691     1.6994 r
  DP_i/U2625/ZN (AOI21_X1)                              0.0423     1.7417 f
  DP_i/U2766/CO (FA_X1)                                 0.1132     1.8549 f
  DP_i/U367/ZN (NAND2_X1)                               0.0464     1.9014 r
  DP_i/U2674/Z (XOR2_X1)                                0.0814     1.9827 r
  DP_i/U2676/ZN (NAND2_X1)                              0.0349     2.0176 f
  DP_i/U2678/ZN (AOI21_X1)                              0.0724     2.0900 r
  DP_i/U113/ZN (NOR2_X1)                                0.0517     2.1418 f
  DP_i/U2713/ZN (NAND2_X1)                              0.0461     2.1879 r
  DP_i/U2724/ZN (NAND3_X1)                              0.0358     2.2238 f
  DP_i/U2725/ZN (AOI22_X1)                              0.0841     2.3078 r
  DP_i/U2730/ZN (OAI22_X1)                              0.0481     2.3559 f
  DP_i/U2731/ZN (AOI221_X1)                             0.0838     2.4397 r
  DP_i/U369/ZN (AND4_X1)                                0.0720     2.5118 r
  DP_i/U368/ZN (OAI21_X1)                               0.0301     2.5419 f
  DP_i/U2/ZN (AND3_X1)                                  0.0641     2.6060 f
  DP_i/U6208/ZN (NOR3_X2)                               0.1081     2.7141 r
  DP_i/U6209/Z (BUF_X2)                                 0.1264     2.8405 r
  DP_i/U3087/ZN (AOI22_X1)                              0.0627     2.9032 f
  DP_i/U3090/ZN (OAI211_X1)                             0.0506     2.9539 r
  DP_i/fetch_i_pc_i_Y_reg_7_/D (DFF_X1)                 0.0110     2.9648 r
  data arrival time                                                2.9648

  clock CLK (rise edge)                                 3.0000     3.0000
  clock network delay (ideal)                           0.0500     3.0500
  clock uncertainty                                    -0.0500     3.0000
  DP_i/fetch_i_pc_i_Y_reg_7_/CK (DFF_X1)                0.0000     3.0000 r
  library setup time                                   -0.0313     2.9687
  data required time                                               2.9687
  --------------------------------------------------------------------------
  data required time                                               2.9687
  data arrival time                                               -2.9648
  --------------------------------------------------------------------------
  slack (MET)                                                      0.0038


  Startpoint: DP_i/fetch_i_IR_out_reg_26_
              (rising edge-triggered flip-flop clocked by CLK)
  Endpoint: DP_i/fetch_i_pc_i_Y_reg_14_
            (rising edge-triggered flip-flop clocked by CLK)
  Path Group: REG2REG
  Path Type: max

  Des/Clust/Port     Wire Load Model       Library
  ------------------------------------------------
  DLX                5K_hvratio_1_4        NangateOpenCellLibrary

  Point                                                   Incr       Path
  --------------------------------------------------------------------------
  clock CLK (rise edge)                                 0.0000     0.0000
  clock network delay (ideal)                           0.0500     0.0500
  DP_i/fetch_i_IR_out_reg_26_/CK (DFF_X1)               0.0000     0.0500 r
  DP_i/fetch_i_IR_out_reg_26_/Q (DFF_X1)                0.1950     0.2450 r
  DP_i/opcode[0] (DataPath)                             0.0000     0.2450 r
  U850/ZN (OR3_X1)                                      0.0850     0.3300 r
  U851/ZN (OR2_X4)                                      0.0941     0.4241 r
  DP_i/RF2_BAR (DataPath)                               0.0000     0.4241 r
  DP_i/U1406/ZN (INV_X1)                                0.0547     0.4788 f
  DP_i/U2507/ZN (NOR2_X1)                               0.0614     0.5402 r
  DP_i/U2508/ZN (NAND2_X1)                              0.0476     0.5878 f
  DP_i/U2509/ZN (NAND2_X1)                              0.0472     0.6350 r
  DP_i/U2511/ZN (OAI21_X1)                              0.0510     0.6860 f
  DP_i/U2512/ZN (OR2_X1)                                0.0742     0.7602 f
  DP_i/U2513/ZN (NAND2_X1)                              0.0460     0.8062 r
  DP_i/U2517/ZN (OR2_X1)                                0.0525     0.8587 r
  DP_i/U66/ZN (INV_X1)                                  0.0263     0.8850 f
  DP_i/U122/ZN (AND2_X1)                                0.0373     0.9222 f
  DP_i/U2522/ZN (OR2_X1)                                0.0549     0.9771 f
  DP_i/U2767/CO (FA_X1)                                 0.1042     1.0813 f
  DP_i/U366/ZN (AND3_X1)                                0.0496     1.1309 f
  DP_i/U2580/ZN (NOR2_X1)                               0.0368     1.1677 r
  DP_i/U2587/ZN (AOI21_X1)                              0.0343     1.2020 f
  DP_i/U2772/CO (FA_X1)                                 0.0938     1.2959 f
  DP_i/U23/ZN (AND2_X1)                                 0.0521     1.3479 f
  DP_i/U56/ZN (NAND2_X1)                                0.0430     1.3910 r
  DP_i/U374/ZN (XNOR2_X1)                               0.0752     1.4661 r
  DP_i/U2595/ZN (AOI22_X1)                              0.0562     1.5223 f
  DP_i/U372/ZN (OR2_X1)                                 0.0733     1.5955 f
  DP_i/U2610/ZN (NAND3_X1)                              0.0348     1.6303 r
  DP_i/U2620/ZN (XNOR2_X1)                              0.0691     1.6994 r
  DP_i/U2625/ZN (AOI21_X1)                              0.0423     1.7417 f
  DP_i/U2766/CO (FA_X1)                                 0.1132     1.8549 f
  DP_i/U367/ZN (NAND2_X1)                               0.0464     1.9014 r
  DP_i/U2674/Z (XOR2_X1)                                0.0814     1.9827 r
  DP_i/U2676/ZN (NAND2_X1)                              0.0349     2.0176 f
  DP_i/U2678/ZN (AOI21_X1)                              0.0724     2.0900 r
  DP_i/U113/ZN (NOR2_X1)                                0.0517     2.1418 f
  DP_i/U2713/ZN (NAND2_X1)                              0.0461     2.1879 r
  DP_i/U2724/ZN (NAND3_X1)                              0.0358     2.2238 f
  DP_i/U2725/ZN (AOI22_X1)                              0.0841     2.3078 r
  DP_i/U2730/ZN (OAI22_X1)                              0.0481     2.3559 f
  DP_i/U2731/ZN (AOI221_X1)                             0.0838     2.4397 r
  DP_i/U369/ZN (AND4_X1)                                0.0720     2.5118 r
  DP_i/U368/ZN (OAI21_X1)                               0.0301     2.5419 f
  DP_i/U2/ZN (AND3_X1)                                  0.0641     2.6060 f
  DP_i/U6208/ZN (NOR3_X2)                               0.1081     2.7141 r
  DP_i/U6209/Z (BUF_X2)                                 0.1264     2.8405 r
  DP_i/U3052/ZN (AOI22_X1)                              0.0627     2.9032 f
  DP_i/U3055/ZN (OAI211_X1)                             0.0506     2.9539 r
  DP_i/fetch_i_pc_i_Y_reg_14_/D (DFF_X1)                0.0110     2.9648 r
  data arrival time                                                2.9648

  clock CLK (rise edge)                                 3.0000     3.0000
  clock network delay (ideal)                           0.0500     3.0500
  clock uncertainty                                    -0.0500     3.0000
  DP_i/fetch_i_pc_i_Y_reg_14_/CK (DFF_X1)               0.0000     3.0000 r
  library setup time                                   -0.0313     2.9687
  data required time                                               2.9687
  --------------------------------------------------------------------------
  data required time                                               2.9687
  data arrival time                                               -2.9648
  --------------------------------------------------------------------------
  slack (MET)                                                      0.0038


  Startpoint: DP_i/fetch_i_IR_out_reg_26_
              (rising edge-triggered flip-flop clocked by CLK)
  Endpoint: DP_i/fetch_i_pc_i_Y_reg_9_
            (rising edge-triggered flip-flop clocked by CLK)
  Path Group: REG2REG
  Path Type: max

  Des/Clust/Port     Wire Load Model       Library
  ------------------------------------------------
  DLX                5K_hvratio_1_4        NangateOpenCellLibrary

  Point                                                   Incr       Path
  --------------------------------------------------------------------------
  clock CLK (rise edge)                                 0.0000     0.0000
  clock network delay (ideal)                           0.0500     0.0500
  DP_i/fetch_i_IR_out_reg_26_/CK (DFF_X1)               0.0000     0.0500 r
  DP_i/fetch_i_IR_out_reg_26_/Q (DFF_X1)                0.1950     0.2450 r
  DP_i/opcode[0] (DataPath)                             0.0000     0.2450 r
  U850/ZN (OR3_X1)                                      0.0850     0.3300 r
  U851/ZN (OR2_X4)                                      0.0941     0.4241 r
  DP_i/RF2_BAR (DataPath)                               0.0000     0.4241 r
  DP_i/U1406/ZN (INV_X1)                                0.0547     0.4788 f
  DP_i/U2507/ZN (NOR2_X1)                               0.0614     0.5402 r
  DP_i/U2508/ZN (NAND2_X1)                              0.0476     0.5878 f
  DP_i/U2509/ZN (NAND2_X1)                              0.0472     0.6350 r
  DP_i/U2511/ZN (OAI21_X1)                              0.0510     0.6860 f
  DP_i/U2512/ZN (OR2_X1)                                0.0742     0.7602 f
  DP_i/U2513/ZN (NAND2_X1)                              0.0460     0.8062 r
  DP_i/U2517/ZN (OR2_X1)                                0.0525     0.8587 r
  DP_i/U66/ZN (INV_X1)                                  0.0263     0.8850 f
  DP_i/U122/ZN (AND2_X1)                                0.0373     0.9222 f
  DP_i/U2522/ZN (OR2_X1)                                0.0549     0.9771 f
  DP_i/U2767/CO (FA_X1)                                 0.1042     1.0813 f
  DP_i/U366/ZN (AND3_X1)                                0.0496     1.1309 f
  DP_i/U2580/ZN (NOR2_X1)                               0.0368     1.1677 r
  DP_i/U2587/ZN (AOI21_X1)                              0.0343     1.2020 f
  DP_i/U2772/CO (FA_X1)                                 0.0938     1.2959 f
  DP_i/U23/ZN (AND2_X1)                                 0.0521     1.3479 f
  DP_i/U56/ZN (NAND2_X1)                                0.0430     1.3910 r
  DP_i/U374/ZN (XNOR2_X1)                               0.0752     1.4661 r
  DP_i/U2595/ZN (AOI22_X1)                              0.0562     1.5223 f
  DP_i/U372/ZN (OR2_X1)                                 0.0733     1.5955 f
  DP_i/U2610/ZN (NAND3_X1)                              0.0348     1.6303 r
  DP_i/U2620/ZN (XNOR2_X1)                              0.0691     1.6994 r
  DP_i/U2625/ZN (AOI21_X1)                              0.0423     1.7417 f
  DP_i/U2766/CO (FA_X1)                                 0.1132     1.8549 f
  DP_i/U367/ZN (NAND2_X1)                               0.0464     1.9014 r
  DP_i/U2674/Z (XOR2_X1)                                0.0814     1.9827 r
  DP_i/U2676/ZN (NAND2_X1)                              0.0349     2.0176 f
  DP_i/U2678/ZN (AOI21_X1)                              0.0724     2.0900 r
  DP_i/U113/ZN (NOR2_X1)                                0.0517     2.1418 f
  DP_i/U2713/ZN (NAND2_X1)                              0.0461     2.1879 r
  DP_i/U2724/ZN (NAND3_X1)                              0.0358     2.2238 f
  DP_i/U2725/ZN (AOI22_X1)                              0.0841     2.3078 r
  DP_i/U2730/ZN (OAI22_X1)                              0.0481     2.3559 f
  DP_i/U2731/ZN (AOI221_X1)                             0.0838     2.4397 r
  DP_i/U369/ZN (AND4_X1)                                0.0720     2.5118 r
  DP_i/U368/ZN (OAI21_X1)                               0.0301     2.5419 f
  DP_i/U2/ZN (AND3_X1)                                  0.0641     2.6060 f
  DP_i/U6208/ZN (NOR3_X2)                               0.1081     2.7141 r
  DP_i/U6209/Z (BUF_X2)                                 0.1264     2.8405 r
  DP_i/U3077/ZN (AOI22_X1)                              0.0627     2.9032 f
  DP_i/U3080/ZN (OAI211_X1)                             0.0506     2.9539 r
  DP_i/fetch_i_pc_i_Y_reg_9_/D (DFF_X1)                 0.0110     2.9648 r
  data arrival time                                                2.9648

  clock CLK (rise edge)                                 3.0000     3.0000
  clock network delay (ideal)                           0.0500     3.0500
  clock uncertainty                                    -0.0500     3.0000
  DP_i/fetch_i_pc_i_Y_reg_9_/CK (DFF_X1)                0.0000     3.0000 r
  library setup time                                   -0.0313     2.9687
  data required time                                               2.9687
  --------------------------------------------------------------------------
  data required time                                               2.9687
  data arrival time                                               -2.9648
  --------------------------------------------------------------------------
  slack (MET)                                                      0.0038


  Startpoint: DP_i/fetch_i_IR_out_reg_26_
              (rising edge-triggered flip-flop clocked by CLK)
  Endpoint: DP_i/fetch_i_pc_i_Y_reg_15_
            (rising edge-triggered flip-flop clocked by CLK)
  Path Group: REG2REG
  Path Type: max

  Des/Clust/Port     Wire Load Model       Library
  ------------------------------------------------
  DLX                5K_hvratio_1_4        NangateOpenCellLibrary

  Point                                                   Incr       Path
  --------------------------------------------------------------------------
  clock CLK (rise edge)                                 0.0000     0.0000
  clock network delay (ideal)                           0.0500     0.0500
  DP_i/fetch_i_IR_out_reg_26_/CK (DFF_X1)               0.0000     0.0500 r
  DP_i/fetch_i_IR_out_reg_26_/Q (DFF_X1)                0.1950     0.2450 r
  DP_i/opcode[0] (DataPath)                             0.0000     0.2450 r
  U850/ZN (OR3_X1)                                      0.0850     0.3300 r
  U851/ZN (OR2_X4)                                      0.0941     0.4241 r
  DP_i/RF2_BAR (DataPath)                               0.0000     0.4241 r
  DP_i/U1406/ZN (INV_X1)                                0.0547     0.4788 f
  DP_i/U2507/ZN (NOR2_X1)                               0.0614     0.5402 r
  DP_i/U2508/ZN (NAND2_X1)                              0.0476     0.5878 f
  DP_i/U2509/ZN (NAND2_X1)                              0.0472     0.6350 r
  DP_i/U2511/ZN (OAI21_X1)                              0.0510     0.6860 f
  DP_i/U2512/ZN (OR2_X1)                                0.0742     0.7602 f
  DP_i/U2513/ZN (NAND2_X1)                              0.0460     0.8062 r
  DP_i/U2517/ZN (OR2_X1)                                0.0525     0.8587 r
  DP_i/U66/ZN (INV_X1)                                  0.0263     0.8850 f
  DP_i/U122/ZN (AND2_X1)                                0.0373     0.9222 f
  DP_i/U2522/ZN (OR2_X1)                                0.0549     0.9771 f
  DP_i/U2767/CO (FA_X1)                                 0.1042     1.0813 f
  DP_i/U366/ZN (AND3_X1)                                0.0496     1.1309 f
  DP_i/U2580/ZN (NOR2_X1)                               0.0368     1.1677 r
  DP_i/U2587/ZN (AOI21_X1)                              0.0343     1.2020 f
  DP_i/U2772/CO (FA_X1)                                 0.0938     1.2959 f
  DP_i/U23/ZN (AND2_X1)                                 0.0521     1.3479 f
  DP_i/U56/ZN (NAND2_X1)                                0.0430     1.3910 r
  DP_i/U374/ZN (XNOR2_X1)                               0.0752     1.4661 r
  DP_i/U2595/ZN (AOI22_X1)                              0.0562     1.5223 f
  DP_i/U372/ZN (OR2_X1)                                 0.0733     1.5955 f
  DP_i/U2610/ZN (NAND3_X1)                              0.0348     1.6303 r
  DP_i/U2620/ZN (XNOR2_X1)                              0.0691     1.6994 r
  DP_i/U2625/ZN (AOI21_X1)                              0.0423     1.7417 f
  DP_i/U2766/CO (FA_X1)                                 0.1132     1.8549 f
  DP_i/U367/ZN (NAND2_X1)                               0.0464     1.9014 r
  DP_i/U2674/Z (XOR2_X1)                                0.0814     1.9827 r
  DP_i/U2676/ZN (NAND2_X1)                              0.0349     2.0176 f
  DP_i/U2678/ZN (AOI21_X1)                              0.0724     2.0900 r
  DP_i/U113/ZN (NOR2_X1)                                0.0517     2.1418 f
  DP_i/U2713/ZN (NAND2_X1)                              0.0461     2.1879 r
  DP_i/U2724/ZN (NAND3_X1)                              0.0358     2.2238 f
  DP_i/U2725/ZN (AOI22_X1)                              0.0841     2.3078 r
  DP_i/U2730/ZN (OAI22_X1)                              0.0481     2.3559 f
  DP_i/U2731/ZN (AOI221_X1)                             0.0838     2.4397 r
  DP_i/U369/ZN (AND4_X1)                                0.0720     2.5118 r
  DP_i/U368/ZN (OAI21_X1)                               0.0301     2.5419 f
  DP_i/U2/ZN (AND3_X1)                                  0.0641     2.6060 f
  DP_i/U6208/ZN (NOR3_X2)                               0.1081     2.7141 r
  DP_i/U6209/Z (BUF_X2)                                 0.1264     2.8405 r
  DP_i/U3047/ZN (AOI22_X1)                              0.0627     2.9032 f
  DP_i/U3050/ZN (OAI211_X1)                             0.0506     2.9539 r
  DP_i/fetch_i_pc_i_Y_reg_15_/D (DFF_X1)                0.0110     2.9648 r
  data arrival time                                                2.9648

  clock CLK (rise edge)                                 3.0000     3.0000
  clock network delay (ideal)                           0.0500     3.0500
  clock uncertainty                                    -0.0500     3.0000
  DP_i/fetch_i_pc_i_Y_reg_15_/CK (DFF_X1)               0.0000     3.0000 r
  library setup time                                   -0.0313     2.9687
  data required time                                               2.9687
  --------------------------------------------------------------------------
  data required time                                               2.9687
  data arrival time                                               -2.9648
  --------------------------------------------------------------------------
  slack (MET)                                                      0.0038


  Startpoint: DP_i/fetch_i_IR_out_reg_26_
              (rising edge-triggered flip-flop clocked by CLK)
  Endpoint: DP_i/fetch_i_pc_i_Y_reg_11_
            (rising edge-triggered flip-flop clocked by CLK)
  Path Group: REG2REG
  Path Type: max

  Des/Clust/Port     Wire Load Model       Library
  ------------------------------------------------
  DLX                5K_hvratio_1_4        NangateOpenCellLibrary

  Point                                                   Incr       Path
  --------------------------------------------------------------------------
  clock CLK (rise edge)                                 0.0000     0.0000
  clock network delay (ideal)                           0.0500     0.0500
  DP_i/fetch_i_IR_out_reg_26_/CK (DFF_X1)               0.0000     0.0500 r
  DP_i/fetch_i_IR_out_reg_26_/Q (DFF_X1)                0.1950     0.2450 r
  DP_i/opcode[0] (DataPath)                             0.0000     0.2450 r
  U850/ZN (OR3_X1)                                      0.0850     0.3300 r
  U851/ZN (OR2_X4)                                      0.0941     0.4241 r
  DP_i/RF2_BAR (DataPath)                               0.0000     0.4241 r
  DP_i/U1406/ZN (INV_X1)                                0.0547     0.4788 f
  DP_i/U2507/ZN (NOR2_X1)                               0.0614     0.5402 r
  DP_i/U2508/ZN (NAND2_X1)                              0.0476     0.5878 f
  DP_i/U2509/ZN (NAND2_X1)                              0.0472     0.6350 r
  DP_i/U2511/ZN (OAI21_X1)                              0.0510     0.6860 f
  DP_i/U2512/ZN (OR2_X1)                                0.0742     0.7602 f
  DP_i/U2513/ZN (NAND2_X1)                              0.0460     0.8062 r
  DP_i/U2517/ZN (OR2_X1)                                0.0525     0.8587 r
  DP_i/U66/ZN (INV_X1)                                  0.0263     0.8850 f
  DP_i/U122/ZN (AND2_X1)                                0.0373     0.9222 f
  DP_i/U2522/ZN (OR2_X1)                                0.0549     0.9771 f
  DP_i/U2767/CO (FA_X1)                                 0.1042     1.0813 f
  DP_i/U366/ZN (AND3_X1)                                0.0496     1.1309 f
  DP_i/U2580/ZN (NOR2_X1)                               0.0368     1.1677 r
  DP_i/U2587/ZN (AOI21_X1)                              0.0343     1.2020 f
  DP_i/U2772/CO (FA_X1)                                 0.0938     1.2959 f
  DP_i/U23/ZN (AND2_X1)                                 0.0521     1.3479 f
  DP_i/U56/ZN (NAND2_X1)                                0.0430     1.3910 r
  DP_i/U374/ZN (XNOR2_X1)                               0.0752     1.4661 r
  DP_i/U2595/ZN (AOI22_X1)                              0.0562     1.5223 f
  DP_i/U372/ZN (OR2_X1)                                 0.0733     1.5955 f
  DP_i/U2610/ZN (NAND3_X1)                              0.0348     1.6303 r
  DP_i/U2620/ZN (XNOR2_X1)                              0.0691     1.6994 r
  DP_i/U2625/ZN (AOI21_X1)                              0.0423     1.7417 f
  DP_i/U2766/CO (FA_X1)                                 0.1132     1.8549 f
  DP_i/U367/ZN (NAND2_X1)                               0.0464     1.9014 r
  DP_i/U2674/Z (XOR2_X1)                                0.0814     1.9827 r
  DP_i/U2676/ZN (NAND2_X1)                              0.0349     2.0176 f
  DP_i/U2678/ZN (AOI21_X1)                              0.0724     2.0900 r
  DP_i/U113/ZN (NOR2_X1)                                0.0517     2.1418 f
  DP_i/U2713/ZN (NAND2_X1)                              0.0461     2.1879 r
  DP_i/U2724/ZN (NAND3_X1)                              0.0358     2.2238 f
  DP_i/U2725/ZN (AOI22_X1)                              0.0841     2.3078 r
  DP_i/U2730/ZN (OAI22_X1)                              0.0481     2.3559 f
  DP_i/U2731/ZN (AOI221_X1)                             0.0838     2.4397 r
  DP_i/U369/ZN (AND4_X1)                                0.0720     2.5118 r
  DP_i/U368/ZN (OAI21_X1)                               0.0301     2.5419 f
  DP_i/U2/ZN (AND3_X1)                                  0.0641     2.6060 f
  DP_i/U6208/ZN (NOR3_X2)                               0.1081     2.7141 r
  DP_i/U6209/Z (BUF_X2)                                 0.1264     2.8405 r
  DP_i/U3067/ZN (AOI22_X1)                              0.0627     2.9032 f
  DP_i/U3070/ZN (OAI211_X1)                             0.0506     2.9539 r
  DP_i/fetch_i_pc_i_Y_reg_11_/D (DFF_X1)                0.0110     2.9648 r
  data arrival time                                                2.9648

  clock CLK (rise edge)                                 3.0000     3.0000
  clock network delay (ideal)                           0.0500     3.0500
  clock uncertainty                                    -0.0500     3.0000
  DP_i/fetch_i_pc_i_Y_reg_11_/CK (DFF_X1)               0.0000     3.0000 r
  library setup time                                   -0.0313     2.9687
  data required time                                               2.9687
  --------------------------------------------------------------------------
  data required time                                               2.9687
  data arrival time                                               -2.9648
  --------------------------------------------------------------------------
  slack (MET)                                                      0.0038


  Startpoint: DP_i/fetch_i_IR_out_reg_26_
              (rising edge-triggered flip-flop clocked by CLK)
  Endpoint: DP_i/fetch_i_pc_i_Y_reg_10_
            (rising edge-triggered flip-flop clocked by CLK)
  Path Group: REG2REG
  Path Type: max

  Des/Clust/Port     Wire Load Model       Library
  ------------------------------------------------
  DLX                5K_hvratio_1_4        NangateOpenCellLibrary

  Point                                                   Incr       Path
  --------------------------------------------------------------------------
  clock CLK (rise edge)                                 0.0000     0.0000
  clock network delay (ideal)                           0.0500     0.0500
  DP_i/fetch_i_IR_out_reg_26_/CK (DFF_X1)               0.0000     0.0500 r
  DP_i/fetch_i_IR_out_reg_26_/Q (DFF_X1)                0.1950     0.2450 r
  DP_i/opcode[0] (DataPath)                             0.0000     0.2450 r
  U850/ZN (OR3_X1)                                      0.0850     0.3300 r
  U851/ZN (OR2_X4)                                      0.0941     0.4241 r
  DP_i/RF2_BAR (DataPath)                               0.0000     0.4241 r
  DP_i/U1406/ZN (INV_X1)                                0.0547     0.4788 f
  DP_i/U2507/ZN (NOR2_X1)                               0.0614     0.5402 r
  DP_i/U2508/ZN (NAND2_X1)                              0.0476     0.5878 f
  DP_i/U2509/ZN (NAND2_X1)                              0.0472     0.6350 r
  DP_i/U2511/ZN (OAI21_X1)                              0.0510     0.6860 f
  DP_i/U2512/ZN (OR2_X1)                                0.0742     0.7602 f
  DP_i/U2513/ZN (NAND2_X1)                              0.0460     0.8062 r
  DP_i/U2517/ZN (OR2_X1)                                0.0525     0.8587 r
  DP_i/U66/ZN (INV_X1)                                  0.0263     0.8850 f
  DP_i/U122/ZN (AND2_X1)                                0.0373     0.9222 f
  DP_i/U2522/ZN (OR2_X1)                                0.0549     0.9771 f
  DP_i/U2767/CO (FA_X1)                                 0.1042     1.0813 f
  DP_i/U366/ZN (AND3_X1)                                0.0496     1.1309 f
  DP_i/U2580/ZN (NOR2_X1)                               0.0368     1.1677 r
  DP_i/U2587/ZN (AOI21_X1)                              0.0343     1.2020 f
  DP_i/U2772/CO (FA_X1)                                 0.0938     1.2959 f
  DP_i/U23/ZN (AND2_X1)                                 0.0521     1.3479 f
  DP_i/U56/ZN (NAND2_X1)                                0.0430     1.3910 r
  DP_i/U374/ZN (XNOR2_X1)                               0.0752     1.4661 r
  DP_i/U2595/ZN (AOI22_X1)                              0.0562     1.5223 f
  DP_i/U372/ZN (OR2_X1)                                 0.0733     1.5955 f
  DP_i/U2610/ZN (NAND3_X1)                              0.0348     1.6303 r
  DP_i/U2620/ZN (XNOR2_X1)                              0.0691     1.6994 r
  DP_i/U2625/ZN (AOI21_X1)                              0.0423     1.7417 f
  DP_i/U2766/CO (FA_X1)                                 0.1132     1.8549 f
  DP_i/U367/ZN (NAND2_X1)                               0.0464     1.9014 r
  DP_i/U2674/Z (XOR2_X1)                                0.0814     1.9827 r
  DP_i/U2676/ZN (NAND2_X1)                              0.0349     2.0176 f
  DP_i/U2678/ZN (AOI21_X1)                              0.0724     2.0900 r
  DP_i/U113/ZN (NOR2_X1)                                0.0517     2.1418 f
  DP_i/U2713/ZN (NAND2_X1)                              0.0461     2.1879 r
  DP_i/U2724/ZN (NAND3_X1)                              0.0358     2.2238 f
  DP_i/U2725/ZN (AOI22_X1)                              0.0841     2.3078 r
  DP_i/U2730/ZN (OAI22_X1)                              0.0481     2.3559 f
  DP_i/U2731/ZN (AOI221_X1)                             0.0838     2.4397 r
  DP_i/U369/ZN (AND4_X1)                                0.0720     2.5118 r
  DP_i/U368/ZN (OAI21_X1)                               0.0301     2.5419 f
  DP_i/U2/ZN (AND3_X1)                                  0.0641     2.6060 f
  DP_i/U6208/ZN (NOR3_X2)                               0.1081     2.7141 r
  DP_i/U6209/Z (BUF_X2)                                 0.1264     2.8405 r
  DP_i/U3072/ZN (AOI22_X1)                              0.0627     2.9032 f
  DP_i/U3075/ZN (OAI211_X1)                             0.0506     2.9539 r
  DP_i/fetch_i_pc_i_Y_reg_10_/D (DFF_X1)                0.0110     2.9648 r
  data arrival time                                                2.9648

  clock CLK (rise edge)                                 3.0000     3.0000
  clock network delay (ideal)                           0.0500     3.0500
  clock uncertainty                                    -0.0500     3.0000
  DP_i/fetch_i_pc_i_Y_reg_10_/CK (DFF_X1)               0.0000     3.0000 r
  library setup time                                   -0.0313     2.9687
  data required time                                               2.9687
  --------------------------------------------------------------------------
  data required time                                               2.9687
  data arrival time                                               -2.9648
  --------------------------------------------------------------------------
  slack (MET)                                                      0.0038


1
