 
****************************************
Report : timing
        -path full
        -delay max
        -nworst 2
        -group REG2REG
        -max_paths 10
Design : DLX
Version: W-2024.09-SP2
Date   : Tue Sep 29 13:22:20 2026
****************************************

Operating Conditions: typical   Library: NangateOpenCellLibrary
Wire Load Model Mode: top

  Startpoint: DP_i_fetch_i_IR_out_reg_28_
              (rising edge-triggered flip-flop clocked by CLK)
  Endpoint: DP_i_fetch_i_pc_i_Y_reg_1_
            (rising edge-triggered flip-flop clocked by CLK)
  Path Group: REG2REG
  Path Type: max

  Des/Clust/Port     Wire Load Model       Library
  ------------------------------------------------
  DLX                5K_hvratio_1_4        NangateOpenCellLibrary

  Point                                                   Incr       Path
  --------------------------------------------------------------------------
  clock CLK (rise edge)                                 0.0000     0.0000
  clock network delay (ideal)                           0.0500     0.0500
  DP_i_fetch_i_IR_out_reg_28_/CK (DFF_X1)               0.0000     0.0500 r
  DP_i_fetch_i_IR_out_reg_28_/Q (DFF_X1)                0.1006     0.1506 f
  U1658/ZN (OR2_X1)                                     0.0706     0.2212 f
  U2635/ZN (INV_X1)                                     0.0376     0.2588 r
  U2636/ZN (NAND2_X1)                                   0.0385     0.2973 f
  U2414/ZN (AND3_X1)                                    0.0490     0.3463 f
  U2376/ZN (OAI211_X1)                                  0.0505     0.3967 r
  U2377/Z (BUF_X1)                                      0.0479     0.4446 r
  U2644/ZN (INV_X1)                                     0.0321     0.4767 f
  U2222/ZN (OR2_X1)                                     0.0624     0.5391 f
  U2453/ZN (NAND2_X1)                                   0.0415     0.5806 r
  U5192/ZN (INV_X1)                                     0.0319     0.6125 f
  U5197/ZN (OR2_X1)                                     0.0613     0.6738 f
  U5198/ZN (AOI22_X1)                                   0.0643     0.7381 r
  U5199/ZN (XNOR2_X1)                                   0.0661     0.8042 r
  U5257/ZN (XNOR2_X1)                                   0.0728     0.8770 r
  U2298/ZN (NAND2_X1)                                   0.0421     0.9191 f
  U2554/ZN (OAI211_X1)                                  0.0670     0.9862 r
  U2402/ZN (NAND2_X1)                                   0.0397     1.0259 f
  U2419/ZN (OAI211_X1)                                  0.0623     1.0882 r
  U2533/ZN (INV_X1)                                     0.0305     1.1187 f
  U2138/Z (MUX2_X1)                                     0.0707     1.1894 f
  U5290/ZN (XNOR2_X1)                                   0.0436     1.2330 r
  U5396/ZN (AND3_X1)                                    0.0584     1.2914 r
  U2122/ZN (NAND4_X1)                                   0.0479     1.3393 f
  U2168/ZN (OAI211_X1)                                  0.0602     1.3995 r
  U1551/ZN (OR2_X4)                                     0.0955     1.4950 r
  U11580/ZN (NOR2_X1)                                   0.0535     1.5485 f
  U11579/ZN (NOR2_X1)                                   0.0455     1.5940 r
  U12478/ZN (NAND4_X1)                                  0.0454     1.6393 f
  DP_i_fetch_i_pc_i_Y_reg_1_/D (DFF_X1)                 0.0104     1.6497 f
  data arrival time                                                1.6497

  clock CLK (rise edge)                                 1.5000     1.5000
  clock network delay (ideal)                           0.0500     1.5500
  clock uncertainty                                    -0.0500     1.5000
  DP_i_fetch_i_pc_i_Y_reg_1_/CK (DFF_X1)                0.0000     1.5000 r
  library setup time                                   -0.0281     1.4719
  data required time                                               1.4719
  --------------------------------------------------------------------------
  data required time                                               1.4719
  data arrival time                                               -1.6497
  --------------------------------------------------------------------------
  slack (VIOLATED)                                                -0.1779


  Startpoint: DP_i_fetch_i_IR_out_reg_28_
              (rising edge-triggered flip-flop clocked by CLK)
  Endpoint: DP_i_fetch_i_pc_i_Y_reg_2_
            (rising edge-triggered flip-flop clocked by CLK)
  Path Group: REG2REG
  Path Type: max

  Des/Clust/Port     Wire Load Model       Library
  ------------------------------------------------
  DLX                5K_hvratio_1_4        NangateOpenCellLibrary

  Point                                                   Incr       Path
  --------------------------------------------------------------------------
  clock CLK (rise edge)                                 0.0000     0.0000
  clock network delay (ideal)                           0.0500     0.0500
  DP_i_fetch_i_IR_out_reg_28_/CK (DFF_X1)               0.0000     0.0500 r
  DP_i_fetch_i_IR_out_reg_28_/Q (DFF_X1)                0.1006     0.1506 f
  U1658/ZN (OR2_X1)                                     0.0706     0.2212 f
  U2635/ZN (INV_X1)                                     0.0376     0.2588 r
  U2636/ZN (NAND2_X1)                                   0.0385     0.2973 f
  U2414/ZN (AND3_X1)                                    0.0490     0.3463 f
  U2376/ZN (OAI211_X1)                                  0.0505     0.3967 r
  U2377/Z (BUF_X1)                                      0.0479     0.4446 r
  U2644/ZN (INV_X1)                                     0.0321     0.4767 f
  U2222/ZN (OR2_X1)                                     0.0624     0.5391 f
  U2453/ZN (NAND2_X1)                                   0.0415     0.5806 r
  U5192/ZN (INV_X1)                                     0.0319     0.6125 f
  U5197/ZN (OR2_X1)                                     0.0613     0.6738 f
  U5198/ZN (AOI22_X1)                                   0.0643     0.7381 r
  U5199/ZN (XNOR2_X1)                                   0.0661     0.8042 r
  U5257/ZN (XNOR2_X1)                                   0.0728     0.8770 r
  U2298/ZN (NAND2_X1)                                   0.0421     0.9191 f
  U2554/ZN (OAI211_X1)                                  0.0670     0.9862 r
  U2402/ZN (NAND2_X1)                                   0.0397     1.0259 f
  U2419/ZN (OAI211_X1)                                  0.0623     1.0882 r
  U2533/ZN (INV_X1)                                     0.0305     1.1187 f
  U2138/Z (MUX2_X1)                                     0.0707     1.1894 f
  U5290/ZN (XNOR2_X1)                                   0.0436     1.2330 r
  U5396/ZN (AND3_X1)                                    0.0584     1.2914 r
  U2122/ZN (NAND4_X1)                                   0.0479     1.3393 f
  U2168/ZN (OAI211_X1)                                  0.0602     1.3995 r
  U1551/ZN (OR2_X4)                                     0.0955     1.4950 r
  U11559/ZN (NOR2_X1)                                   0.0535     1.5485 f
  U11558/ZN (NOR2_X1)                                   0.0455     1.5940 r
  U12473/ZN (NAND4_X1)                                  0.0454     1.6393 f
  DP_i_fetch_i_pc_i_Y_reg_2_/D (DFF_X1)                 0.0104     1.6497 f
  data arrival time                                                1.6497

  clock CLK (rise edge)                                 1.5000     1.5000
  clock network delay (ideal)                           0.0500     1.5500
  clock uncertainty                                    -0.0500     1.5000
  DP_i_fetch_i_pc_i_Y_reg_2_/CK (DFF_X1)                0.0000     1.5000 r
  library setup time                                   -0.0281     1.4719
  data required time                                               1.4719
  --------------------------------------------------------------------------
  data required time                                               1.4719
  data arrival time                                               -1.6497
  --------------------------------------------------------------------------
  slack (VIOLATED)                                                -0.1779


  Startpoint: DP_i_fetch_i_IR_out_reg_28_
              (rising edge-triggered flip-flop clocked by CLK)
  Endpoint: DP_i_fetch_i_pc_i_Y_reg_1_
            (rising edge-triggered flip-flop clocked by CLK)
  Path Group: REG2REG
  Path Type: max

  Des/Clust/Port     Wire Load Model       Library
  ------------------------------------------------
  DLX                5K_hvratio_1_4        NangateOpenCellLibrary

  Point                                                   Incr       Path
  --------------------------------------------------------------------------
  clock CLK (rise edge)                                 0.0000     0.0000
  clock network delay (ideal)                           0.0500     0.0500
  DP_i_fetch_i_IR_out_reg_28_/CK (DFF_X1)               0.0000     0.0500 r
  DP_i_fetch_i_IR_out_reg_28_/Q (DFF_X1)                0.1006     0.1506 f
  U1658/ZN (OR2_X1)                                     0.0706     0.2212 f
  U2635/ZN (INV_X1)                                     0.0376     0.2588 r
  U2636/ZN (NAND2_X1)                                   0.0385     0.2973 f
  U2414/ZN (AND3_X1)                                    0.0490     0.3463 f
  U2376/ZN (OAI211_X1)                                  0.0505     0.3967 r
  U2377/Z (BUF_X1)                                      0.0479     0.4446 r
  U2644/ZN (INV_X1)                                     0.0321     0.4767 f
  U2222/ZN (OR2_X1)                                     0.0624     0.5391 f
  U2453/ZN (NAND2_X1)                                   0.0415     0.5806 r
  U5192/ZN (INV_X1)                                     0.0319     0.6125 f
  U5197/ZN (OR2_X1)                                     0.0613     0.6738 f
  U5198/ZN (AOI22_X1)                                   0.0643     0.7381 r
  U5199/ZN (XNOR2_X1)                                   0.0661     0.8042 r
  U5257/ZN (XNOR2_X1)                                   0.0728     0.8770 r
  U2298/ZN (NAND2_X1)                                   0.0421     0.9191 f
  U2554/ZN (OAI211_X1)                                  0.0670     0.9862 r
  U2402/ZN (NAND2_X1)                                   0.0397     1.0259 f
  U2419/ZN (OAI211_X1)                                  0.0623     1.0882 r
  U2533/ZN (INV_X1)                                     0.0305     1.1187 f
  U2138/Z (MUX2_X1)                                     0.0707     1.1894 f
  U5290/ZN (XNOR2_X1)                                   0.0436     1.2330 r
  U5396/ZN (AND3_X1)                                    0.0584     1.2914 r
  U2122/ZN (NAND4_X1)                                   0.0479     1.3393 f
  U2168/ZN (OAI211_X1)                                  0.0602     1.3995 r
  U1551/ZN (OR2_X4)                                     0.0955     1.4950 r
  U11580/ZN (NOR2_X1)                                   0.0535     1.5485 f
  U11579/ZN (NOR2_X1)                                   0.0455     1.5940 r
  U12478/ZN (NAND4_X1)                                  0.0454     1.6393 f
  DP_i_fetch_i_pc_i_Y_reg_1_/D (DFF_X1)                 0.0104     1.6497 f
  data arrival time                                                1.6497

  clock CLK (rise edge)                                 1.5000     1.5000
  clock network delay (ideal)                           0.0500     1.5500
  clock uncertainty                                    -0.0500     1.5000
  DP_i_fetch_i_pc_i_Y_reg_1_/CK (DFF_X1)                0.0000     1.5000 r
  library setup time                                   -0.0281     1.4719
  data required time                                               1.4719
  --------------------------------------------------------------------------
  data required time                                               1.4719
  data arrival time                                               -1.6497
  --------------------------------------------------------------------------
  slack (VIOLATED)                                                -0.1779


  Startpoint: DP_i_fetch_i_IR_out_reg_28_
              (rising edge-triggered flip-flop clocked by CLK)
  Endpoint: DP_i_fetch_i_pc_i_Y_reg_2_
            (rising edge-triggered flip-flop clocked by CLK)
  Path Group: REG2REG
  Path Type: max

  Des/Clust/Port     Wire Load Model       Library
  ------------------------------------------------
  DLX                5K_hvratio_1_4        NangateOpenCellLibrary

  Point                                                   Incr       Path
  --------------------------------------------------------------------------
  clock CLK (rise edge)                                 0.0000     0.0000
  clock network delay (ideal)                           0.0500     0.0500
  DP_i_fetch_i_IR_out_reg_28_/CK (DFF_X1)               0.0000     0.0500 r
  DP_i_fetch_i_IR_out_reg_28_/Q (DFF_X1)                0.1006     0.1506 f
  U1658/ZN (OR2_X1)                                     0.0706     0.2212 f
  U2635/ZN (INV_X1)                                     0.0376     0.2588 r
  U2636/ZN (NAND2_X1)                                   0.0385     0.2973 f
  U2414/ZN (AND3_X1)                                    0.0490     0.3463 f
  U2376/ZN (OAI211_X1)                                  0.0505     0.3967 r
  U2377/Z (BUF_X1)                                      0.0479     0.4446 r
  U2644/ZN (INV_X1)                                     0.0321     0.4767 f
  U2222/ZN (OR2_X1)                                     0.0624     0.5391 f
  U2453/ZN (NAND2_X1)                                   0.0415     0.5806 r
  U5192/ZN (INV_X1)                                     0.0319     0.6125 f
  U5197/ZN (OR2_X1)                                     0.0613     0.6738 f
  U5198/ZN (AOI22_X1)                                   0.0643     0.7381 r
  U5199/ZN (XNOR2_X1)                                   0.0661     0.8042 r
  U5257/ZN (XNOR2_X1)                                   0.0728     0.8770 r
  U2298/ZN (NAND2_X1)                                   0.0421     0.9191 f
  U2554/ZN (OAI211_X1)                                  0.0670     0.9862 r
  U2402/ZN (NAND2_X1)                                   0.0397     1.0259 f
  U2419/ZN (OAI211_X1)                                  0.0623     1.0882 r
  U2533/ZN (INV_X1)                                     0.0305     1.1187 f
  U2138/Z (MUX2_X1)                                     0.0707     1.1894 f
  U5290/ZN (XNOR2_X1)                                   0.0436     1.2330 r
  U5396/ZN (AND3_X1)                                    0.0584     1.2914 r
  U2122/ZN (NAND4_X1)                                   0.0479     1.3393 f
  U2168/ZN (OAI211_X1)                                  0.0602     1.3995 r
  U1551/ZN (OR2_X4)                                     0.0955     1.4950 r
  U11559/ZN (NOR2_X1)                                   0.0535     1.5485 f
  U11558/ZN (NOR2_X1)                                   0.0455     1.5940 r
  U12473/ZN (NAND4_X1)                                  0.0454     1.6393 f
  DP_i_fetch_i_pc_i_Y_reg_2_/D (DFF_X1)                 0.0104     1.6497 f
  data arrival time                                                1.6497

  clock CLK (rise edge)                                 1.5000     1.5000
  clock network delay (ideal)                           0.0500     1.5500
  clock uncertainty                                    -0.0500     1.5000
  DP_i_fetch_i_pc_i_Y_reg_2_/CK (DFF_X1)                0.0000     1.5000 r
  library setup time                                   -0.0281     1.4719
  data required time                                               1.4719
  --------------------------------------------------------------------------
  data required time                                               1.4719
  data arrival time                                               -1.6497
  --------------------------------------------------------------------------
  slack (VIOLATED)                                                -0.1779


  Startpoint: DP_i_fetch_i_IR_out_reg_28_
              (rising edge-triggered flip-flop clocked by CLK)
  Endpoint: DP_i_fetch_i_pc_i_Y_reg_23_
            (rising edge-triggered flip-flop clocked by CLK)
  Path Group: REG2REG
  Path Type: max

  Des/Clust/Port     Wire Load Model       Library
  ------------------------------------------------
  DLX                5K_hvratio_1_4        NangateOpenCellLibrary

  Point                                                   Incr       Path
  --------------------------------------------------------------------------
  clock CLK (rise edge)                                 0.0000     0.0000
  clock network delay (ideal)                           0.0500     0.0500
  DP_i_fetch_i_IR_out_reg_28_/CK (DFF_X1)               0.0000     0.0500 r
  DP_i_fetch_i_IR_out_reg_28_/Q (DFF_X1)                0.1006     0.1506 f
  U1658/ZN (OR2_X1)                                     0.0706     0.2212 f
  U2635/ZN (INV_X1)                                     0.0376     0.2588 r
  U2636/ZN (NAND2_X1)                                   0.0385     0.2973 f
  U2414/ZN (AND3_X1)                                    0.0490     0.3463 f
  U2376/ZN (OAI211_X1)                                  0.0505     0.3967 r
  U2377/Z (BUF_X1)                                      0.0479     0.4446 r
  U2644/ZN (INV_X1)                                     0.0321     0.4767 f
  U2222/ZN (OR2_X1)                                     0.0624     0.5391 f
  U2453/ZN (NAND2_X1)                                   0.0415     0.5806 r
  U5192/ZN (INV_X1)                                     0.0319     0.6125 f
  U5197/ZN (OR2_X1)                                     0.0613     0.6738 f
  U5198/ZN (AOI22_X1)                                   0.0643     0.7381 r
  U5199/ZN (XNOR2_X1)                                   0.0661     0.8042 r
  U5257/ZN (XNOR2_X1)                                   0.0728     0.8770 r
  U2298/ZN (NAND2_X1)                                   0.0421     0.9191 f
  U2554/ZN (OAI211_X1)                                  0.0670     0.9862 r
  U2402/ZN (NAND2_X1)                                   0.0397     1.0259 f
  U2419/ZN (OAI211_X1)                                  0.0623     1.0882 r
  U2533/ZN (INV_X1)                                     0.0305     1.1187 f
  U2138/Z (MUX2_X1)                                     0.0707     1.1894 f
  U5290/ZN (XNOR2_X1)                                   0.0436     1.2330 r
  U5396/ZN (AND3_X1)                                    0.0584     1.2914 r
  U2122/ZN (NAND4_X1)                                   0.0479     1.3393 f
  U2168/ZN (OAI211_X1)                                  0.0602     1.3995 r
  U1551/ZN (OR2_X4)                                     0.0955     1.4950 r
  U11508/ZN (NOR2_X1)                                   0.0535     1.5485 f
  U12424/ZN (NOR2_X1)                                   0.0454     1.5939 r
  U12425/ZN (NAND4_X1)                                  0.0454     1.6393 f
  DP_i_fetch_i_pc_i_Y_reg_23_/D (DFF_X1)                0.0104     1.6497 f
  data arrival time                                                1.6497

  clock CLK (rise edge)                                 1.5000     1.5000
  clock network delay (ideal)                           0.0500     1.5500
  clock uncertainty                                    -0.0500     1.5000
  DP_i_fetch_i_pc_i_Y_reg_23_/CK (DFF_X1)               0.0000     1.5000 r
  library setup time                                   -0.0281     1.4719
  data required time                                               1.4719
  --------------------------------------------------------------------------
  data required time                                               1.4719
  data arrival time                                               -1.6497
  --------------------------------------------------------------------------
  slack (VIOLATED)                                                -0.1778


  Startpoint: DP_i_fetch_i_IR_out_reg_28_
              (rising edge-triggered flip-flop clocked by CLK)
  Endpoint: DP_i_fetch_i_pc_i_Y_reg_23_
            (rising edge-triggered flip-flop clocked by CLK)
  Path Group: REG2REG
  Path Type: max

  Des/Clust/Port     Wire Load Model       Library
  ------------------------------------------------
  DLX                5K_hvratio_1_4        NangateOpenCellLibrary

  Point                                                   Incr       Path
  --------------------------------------------------------------------------
  clock CLK (rise edge)                                 0.0000     0.0000
  clock network delay (ideal)                           0.0500     0.0500
  DP_i_fetch_i_IR_out_reg_28_/CK (DFF_X1)               0.0000     0.0500 r
  DP_i_fetch_i_IR_out_reg_28_/Q (DFF_X1)                0.1006     0.1506 f
  U1658/ZN (OR2_X1)                                     0.0706     0.2212 f
  U2635/ZN (INV_X1)                                     0.0376     0.2588 r
  U2636/ZN (NAND2_X1)                                   0.0385     0.2973 f
  U2414/ZN (AND3_X1)                                    0.0490     0.3463 f
  U2376/ZN (OAI211_X1)                                  0.0505     0.3967 r
  U2377/Z (BUF_X1)                                      0.0479     0.4446 r
  U2644/ZN (INV_X1)                                     0.0321     0.4767 f
  U2222/ZN (OR2_X1)                                     0.0624     0.5391 f
  U2453/ZN (NAND2_X1)                                   0.0415     0.5806 r
  U5192/ZN (INV_X1)                                     0.0319     0.6125 f
  U5197/ZN (OR2_X1)                                     0.0613     0.6738 f
  U5198/ZN (AOI22_X1)                                   0.0643     0.7381 r
  U5199/ZN (XNOR2_X1)                                   0.0661     0.8042 r
  U5257/ZN (XNOR2_X1)                                   0.0728     0.8770 r
  U2298/ZN (NAND2_X1)                                   0.0421     0.9191 f
  U2554/ZN (OAI211_X1)                                  0.0670     0.9862 r
  U2402/ZN (NAND2_X1)                                   0.0397     1.0259 f
  U2419/ZN (OAI211_X1)                                  0.0623     1.0882 r
  U2533/ZN (INV_X1)                                     0.0305     1.1187 f
  U2138/Z (MUX2_X1)                                     0.0707     1.1894 f
  U5290/ZN (XNOR2_X1)                                   0.0436     1.2330 r
  U5396/ZN (AND3_X1)                                    0.0584     1.2914 r
  U2122/ZN (NAND4_X1)                                   0.0479     1.3393 f
  U2168/ZN (OAI211_X1)                                  0.0602     1.3995 r
  U1551/ZN (OR2_X4)                                     0.0955     1.4950 r
  U11508/ZN (NOR2_X1)                                   0.0535     1.5485 f
  U12424/ZN (NOR2_X1)                                   0.0454     1.5939 r
  U12425/ZN (NAND4_X1)                                  0.0454     1.6393 f
  DP_i_fetch_i_pc_i_Y_reg_23_/D (DFF_X1)                0.0104     1.6497 f
  data arrival time                                                1.6497

  clock CLK (rise edge)                                 1.5000     1.5000
  clock network delay (ideal)                           0.0500     1.5500
  clock uncertainty                                    -0.0500     1.5000
  DP_i_fetch_i_pc_i_Y_reg_23_/CK (DFF_X1)               0.0000     1.5000 r
  library setup time                                   -0.0281     1.4719
  data required time                                               1.4719
  --------------------------------------------------------------------------
  data required time                                               1.4719
  data arrival time                                               -1.6497
  --------------------------------------------------------------------------
  slack (VIOLATED)                                                -0.1778


  Startpoint: DP_i_fetch_i_IR_out_reg_28_
              (rising edge-triggered flip-flop clocked by CLK)
  Endpoint: DP_i_fetch_i_pc_i_Y_reg_10_
            (rising edge-triggered flip-flop clocked by CLK)
  Path Group: REG2REG
  Path Type: max

  Des/Clust/Port     Wire Load Model       Library
  ------------------------------------------------
  DLX                5K_hvratio_1_4        NangateOpenCellLibrary

  Point                                                   Incr       Path
  --------------------------------------------------------------------------
  clock CLK (rise edge)                                 0.0000     0.0000
  clock network delay (ideal)                           0.0500     0.0500
  DP_i_fetch_i_IR_out_reg_28_/CK (DFF_X1)               0.0000     0.0500 r
  DP_i_fetch_i_IR_out_reg_28_/Q (DFF_X1)                0.1006     0.1506 f
  U1658/ZN (OR2_X1)                                     0.0706     0.2212 f
  U2635/ZN (INV_X1)                                     0.0376     0.2588 r
  U2636/ZN (NAND2_X1)                                   0.0385     0.2973 f
  U2414/ZN (AND3_X1)                                    0.0490     0.3463 f
  U2376/ZN (OAI211_X1)                                  0.0505     0.3967 r
  U2377/Z (BUF_X1)                                      0.0479     0.4446 r
  U2644/ZN (INV_X1)                                     0.0321     0.4767 f
  U2222/ZN (OR2_X1)                                     0.0624     0.5391 f
  U2453/ZN (NAND2_X1)                                   0.0415     0.5806 r
  U5192/ZN (INV_X1)                                     0.0319     0.6125 f
  U5197/ZN (OR2_X1)                                     0.0613     0.6738 f
  U5198/ZN (AOI22_X1)                                   0.0643     0.7381 r
  U5199/ZN (XNOR2_X1)                                   0.0661     0.8042 r
  U5257/ZN (XNOR2_X1)                                   0.0728     0.8770 r
  U2298/ZN (NAND2_X1)                                   0.0421     0.9191 f
  U2554/ZN (OAI211_X1)                                  0.0670     0.9862 r
  U2402/ZN (NAND2_X1)                                   0.0397     1.0259 f
  U2419/ZN (OAI211_X1)                                  0.0623     1.0882 r
  U2533/ZN (INV_X1)                                     0.0305     1.1187 f
  U2138/Z (MUX2_X1)                                     0.0707     1.1894 f
  U5290/ZN (XNOR2_X1)                                   0.0436     1.2330 r
  U5396/ZN (AND3_X1)                                    0.0584     1.2914 r
  U2122/ZN (NAND4_X1)                                   0.0479     1.3393 f
  U2168/ZN (OAI211_X1)                                  0.0602     1.3995 r
  U1551/ZN (OR2_X4)                                     0.0955     1.4950 r
  U11520/ZN (NOR2_X1)                                   0.0535     1.5485 f
  U11519/ZN (NOR2_X1)                                   0.0452     1.5937 r
  U12455/ZN (NAND4_X1)                                  0.0454     1.6391 f
  DP_i_fetch_i_pc_i_Y_reg_10_/D (DFF_X1)                0.0104     1.6495 f
  data arrival time                                                1.6495

  clock CLK (rise edge)                                 1.5000     1.5000
  clock network delay (ideal)                           0.0500     1.5500
  clock uncertainty                                    -0.0500     1.5000
  DP_i_fetch_i_pc_i_Y_reg_10_/CK (DFF_X1)               0.0000     1.5000 r
  library setup time                                   -0.0281     1.4719
  data required time                                               1.4719
  --------------------------------------------------------------------------
  data required time                                               1.4719
  data arrival time                                               -1.6495
  --------------------------------------------------------------------------
  slack (VIOLATED)                                                -0.1776


  Startpoint: DP_i_fetch_i_IR_out_reg_28_
              (rising edge-triggered flip-flop clocked by CLK)
  Endpoint: DP_i_fetch_i_pc_i_Y_reg_10_
            (rising edge-triggered flip-flop clocked by CLK)
  Path Group: REG2REG
  Path Type: max

  Des/Clust/Port     Wire Load Model       Library
  ------------------------------------------------
  DLX                5K_hvratio_1_4        NangateOpenCellLibrary

  Point                                                   Incr       Path
  --------------------------------------------------------------------------
  clock CLK (rise edge)                                 0.0000     0.0000
  clock network delay (ideal)                           0.0500     0.0500
  DP_i_fetch_i_IR_out_reg_28_/CK (DFF_X1)               0.0000     0.0500 r
  DP_i_fetch_i_IR_out_reg_28_/Q (DFF_X1)                0.1006     0.1506 f
  U1658/ZN (OR2_X1)                                     0.0706     0.2212 f
  U2635/ZN (INV_X1)                                     0.0376     0.2588 r
  U2636/ZN (NAND2_X1)                                   0.0385     0.2973 f
  U2414/ZN (AND3_X1)                                    0.0490     0.3463 f
  U2376/ZN (OAI211_X1)                                  0.0505     0.3967 r
  U2377/Z (BUF_X1)                                      0.0479     0.4446 r
  U2644/ZN (INV_X1)                                     0.0321     0.4767 f
  U2222/ZN (OR2_X1)                                     0.0624     0.5391 f
  U2453/ZN (NAND2_X1)                                   0.0415     0.5806 r
  U5192/ZN (INV_X1)                                     0.0319     0.6125 f
  U5197/ZN (OR2_X1)                                     0.0613     0.6738 f
  U5198/ZN (AOI22_X1)                                   0.0643     0.7381 r
  U5199/ZN (XNOR2_X1)                                   0.0661     0.8042 r
  U5257/ZN (XNOR2_X1)                                   0.0728     0.8770 r
  U2298/ZN (NAND2_X1)                                   0.0421     0.9191 f
  U2554/ZN (OAI211_X1)                                  0.0670     0.9862 r
  U2402/ZN (NAND2_X1)                                   0.0397     1.0259 f
  U2419/ZN (OAI211_X1)                                  0.0623     1.0882 r
  U2533/ZN (INV_X1)                                     0.0305     1.1187 f
  U2138/Z (MUX2_X1)                                     0.0707     1.1894 f
  U5290/ZN (XNOR2_X1)                                   0.0436     1.2330 r
  U5396/ZN (AND3_X1)                                    0.0584     1.2914 r
  U2122/ZN (NAND4_X1)                                   0.0479     1.3393 f
  U2168/ZN (OAI211_X1)                                  0.0602     1.3995 r
  U1551/ZN (OR2_X4)                                     0.0955     1.4950 r
  U11520/ZN (NOR2_X1)                                   0.0535     1.5485 f
  U11519/ZN (NOR2_X1)                                   0.0452     1.5937 r
  U12455/ZN (NAND4_X1)                                  0.0454     1.6391 f
  DP_i_fetch_i_pc_i_Y_reg_10_/D (DFF_X1)                0.0104     1.6495 f
  data arrival time                                                1.6495

  clock CLK (rise edge)                                 1.5000     1.5000
  clock network delay (ideal)                           0.0500     1.5500
  clock uncertainty                                    -0.0500     1.5000
  DP_i_fetch_i_pc_i_Y_reg_10_/CK (DFF_X1)               0.0000     1.5000 r
  library setup time                                   -0.0281     1.4719
  data required time                                               1.4719
  --------------------------------------------------------------------------
  data required time                                               1.4719
  data arrival time                                               -1.6495
  --------------------------------------------------------------------------
  slack (VIOLATED)                                                -0.1776


  Startpoint: DP_i_fetch_i_IR_out_reg_28_
              (rising edge-triggered flip-flop clocked by CLK)
  Endpoint: DP_i_fetch_i_pc_i_Y_reg_0_
            (rising edge-triggered flip-flop clocked by CLK)
  Path Group: REG2REG
  Path Type: max

  Des/Clust/Port     Wire Load Model       Library
  ------------------------------------------------
  DLX                5K_hvratio_1_4        NangateOpenCellLibrary

  Point                                                   Incr       Path
  --------------------------------------------------------------------------
  clock CLK (rise edge)                                 0.0000     0.0000
  clock network delay (ideal)                           0.0500     0.0500
  DP_i_fetch_i_IR_out_reg_28_/CK (DFF_X1)               0.0000     0.0500 r
  DP_i_fetch_i_IR_out_reg_28_/Q (DFF_X1)                0.1006     0.1506 f
  U1658/ZN (OR2_X1)                                     0.0706     0.2212 f
  U2635/ZN (INV_X1)                                     0.0376     0.2588 r
  U2636/ZN (NAND2_X1)                                   0.0385     0.2973 f
  U2414/ZN (AND3_X1)                                    0.0490     0.3463 f
  U2376/ZN (OAI211_X1)                                  0.0505     0.3967 r
  U2377/Z (BUF_X1)                                      0.0479     0.4446 r
  U2644/ZN (INV_X1)                                     0.0321     0.4767 f
  U2222/ZN (OR2_X1)                                     0.0624     0.5391 f
  U2453/ZN (NAND2_X1)                                   0.0415     0.5806 r
  U5192/ZN (INV_X1)                                     0.0319     0.6125 f
  U5197/ZN (OR2_X1)                                     0.0613     0.6738 f
  U5198/ZN (AOI22_X1)                                   0.0643     0.7381 r
  U5199/ZN (XNOR2_X1)                                   0.0661     0.8042 r
  U5257/ZN (XNOR2_X1)                                   0.0728     0.8770 r
  U2298/ZN (NAND2_X1)                                   0.0421     0.9191 f
  U2554/ZN (OAI211_X1)                                  0.0670     0.9862 r
  U2402/ZN (NAND2_X1)                                   0.0397     1.0259 f
  U2419/ZN (OAI211_X1)                                  0.0623     1.0882 r
  U2533/ZN (INV_X1)                                     0.0305     1.1187 f
  U2138/Z (MUX2_X1)                                     0.0707     1.1894 f
  U5290/ZN (XNOR2_X1)                                   0.0436     1.2330 r
  U5396/ZN (AND3_X1)                                    0.0584     1.2914 r
  U5423/ZN (NAND4_X1)                                   0.0566     1.3480 f
  U1117/ZN (OAI21_X1)                                   0.0582     1.4062 r
  U1025/ZN (AND2_X2)                                    0.0643     1.4705 r
  U6645/Z (BUF_X4)                                      0.0849     1.5554 r
  U12403/ZN (NAND2_X1)                                  0.0479     1.6033 f
  U12404/ZN (NAND4_X1)                                  0.0349     1.6382 r
  DP_i_fetch_i_pc_i_Y_reg_0_/D (DFF_X1)                 0.0110     1.6492 r
  data arrival time                                                1.6492

  clock CLK (rise edge)                                 1.5000     1.5000
  clock network delay (ideal)                           0.0500     1.5500
  clock uncertainty                                    -0.0500     1.5000
  DP_i_fetch_i_pc_i_Y_reg_0_/CK (DFF_X1)                0.0000     1.5000 r
  library setup time                                   -0.0283     1.4717
  data required time                                               1.4717
  --------------------------------------------------------------------------
  data required time                                               1.4717
  data arrival time                                               -1.6492
  --------------------------------------------------------------------------
  slack (VIOLATED)                                                -0.1775


  Startpoint: DP_i_fetch_i_IR_out_reg_28_
              (rising edge-triggered flip-flop clocked by CLK)
  Endpoint: DP_i_fetch_i_pc_i_Y_reg_0_
            (rising edge-triggered flip-flop clocked by CLK)
  Path Group: REG2REG
  Path Type: max

  Des/Clust/Port     Wire Load Model       Library
  ------------------------------------------------
  DLX                5K_hvratio_1_4        NangateOpenCellLibrary

  Point                                                   Incr       Path
  --------------------------------------------------------------------------
  clock CLK (rise edge)                                 0.0000     0.0000
  clock network delay (ideal)                           0.0500     0.0500
  DP_i_fetch_i_IR_out_reg_28_/CK (DFF_X1)               0.0000     0.0500 r
  DP_i_fetch_i_IR_out_reg_28_/Q (DFF_X1)                0.1006     0.1506 f
  U1658/ZN (OR2_X1)                                     0.0706     0.2212 f
  U2635/ZN (INV_X1)                                     0.0376     0.2588 r
  U2636/ZN (NAND2_X1)                                   0.0385     0.2973 f
  U2414/ZN (AND3_X1)                                    0.0490     0.3463 f
  U2376/ZN (OAI211_X1)                                  0.0505     0.3967 r
  U2377/Z (BUF_X1)                                      0.0479     0.4446 r
  U2644/ZN (INV_X1)                                     0.0321     0.4767 f
  U2222/ZN (OR2_X1)                                     0.0624     0.5391 f
  U2453/ZN (NAND2_X1)                                   0.0415     0.5806 r
  U5192/ZN (INV_X1)                                     0.0319     0.6125 f
  U5197/ZN (OR2_X1)                                     0.0613     0.6738 f
  U5198/ZN (AOI22_X1)                                   0.0643     0.7381 r
  U5199/ZN (XNOR2_X1)                                   0.0661     0.8042 r
  U5257/ZN (XNOR2_X1)                                   0.0728     0.8770 r
  U2298/ZN (NAND2_X1)                                   0.0421     0.9191 f
  U2554/ZN (OAI211_X1)                                  0.0670     0.9862 r
  U2402/ZN (NAND2_X1)                                   0.0397     1.0259 f
  U2419/ZN (OAI211_X1)                                  0.0623     1.0882 r
  U2533/ZN (INV_X1)                                     0.0305     1.1187 f
  U2138/Z (MUX2_X1)                                     0.0707     1.1894 f
  U5290/ZN (XNOR2_X1)                                   0.0436     1.2330 r
  U5396/ZN (AND3_X1)                                    0.0584     1.2914 r
  U5423/ZN (NAND4_X1)                                   0.0566     1.3480 f
  U1117/ZN (OAI21_X1)                                   0.0582     1.4062 r
  U1025/ZN (AND2_X2)                                    0.0643     1.4705 r
  U6645/Z (BUF_X4)                                      0.0849     1.5554 r
  U12403/ZN (NAND2_X1)                                  0.0479     1.6033 f
  U12404/ZN (NAND4_X1)                                  0.0349     1.6382 r
  DP_i_fetch_i_pc_i_Y_reg_0_/D (DFF_X1)                 0.0110     1.6492 r
  data arrival time                                                1.6492

  clock CLK (rise edge)                                 1.5000     1.5000
  clock network delay (ideal)                           0.0500     1.5500
  clock uncertainty                                    -0.0500     1.5000
  DP_i_fetch_i_pc_i_Y_reg_0_/CK (DFF_X1)                0.0000     1.5000 r
  library setup time                                   -0.0283     1.4717
  data required time                                               1.4717
  --------------------------------------------------------------------------
  data required time                                               1.4717
  data arrival time                                               -1.6492
  --------------------------------------------------------------------------
  slack (VIOLATED)                                                -0.1775


1
