 
****************************************
Report : timing
        -path full
        -delay max
        -nworst 2
        -group REG2REG
        -max_paths 10
Design : DLX
Version: W-2024.09-SP2
Date   : Tue Sep 29 12:40:50 2026
****************************************

Operating Conditions: typical   Library: NangateOpenCellLibrary
Wire Load Model Mode: top

  Startpoint: CP_i_ex_mem_reg_i_RM_out_reg
              (rising edge-triggered flip-flop clocked by CLK)
  Endpoint: DP_i_execute_i_zero_alu_bit_Y_reg
            (rising edge-triggered flip-flop clocked by CLK)
  Path Group: REG2REG
  Path Type: max

  Des/Clust/Port     Wire Load Model       Library
  ------------------------------------------------
  DLX                5K_hvratio_1_4        NangateOpenCellLibrary

  Point                                                   Incr       Path
  --------------------------------------------------------------------------
  clock CLK (rise edge)                                 0.0000     0.0000
  clock network delay (ideal)                           0.0500     0.0500
  CP_i_ex_mem_reg_i_RM_out_reg/CK (DFF_X1)              0.0000     0.0500 r
  CP_i_ex_mem_reg_i_RM_out_reg/Q (DFF_X1)               0.0965     0.1465 f
  U933/ZN (OR2_X2)                                      0.0628     0.2093 f
  U6102/ZN (NOR2_X1)                                    0.0353     0.2446 r
  U6104/ZN (AND2_X1)                                    0.0421     0.2867 r
  U6110/ZN (NAND4_X1)                                   0.0428     0.3295 f
  U6111/Z (BUF_X1)                                      0.0490     0.3785 f
  U6124/ZN (NAND2_X1)                                   0.0377     0.4162 r
  U6125/ZN (INV_X1)                                     0.0322     0.4484 f
  U6219/Z (BUF_X2)                                      0.0493     0.4977 f
  U6597/ZN (AOI222_X1)                                  0.1130     0.6107 r
  U3790/Z (MUX2_X1)                                     0.0688     0.6795 r
  U6598/ZN (XNOR2_X1)                                   0.0731     0.7526 r
  U6599/ZN (AND2_X1)                                    0.0529     0.8055 r
  U6600/ZN (OAI22_X1)                                   0.0374     0.8429 f
  U6602/ZN (AND2_X1)                                    0.0460     0.8889 f
  U6603/ZN (OR3_X2)                                     0.0774     0.9663 f
  U3648/ZN (NOR2_X1)                                    0.0496     1.0160 r
  U6606/ZN (AND2_X1)                                    0.0467     1.0627 r
  U6607/ZN (NAND2_X1)                                   0.0273     1.0899 f
  U6628/ZN (AND2_X1)                                    0.0419     1.1318 f
  U7914/ZN (OAI211_X1)                                  0.0606     1.1924 r
  U8658/ZN (NAND2_X1)                                   0.0336     1.2260 f
  U3643/ZN (AND2_X2)                                    0.0463     1.2723 f
  U8663/ZN (XNOR2_X1)                                   0.0568     1.3291 r
  U8675/ZN (AND3_X1)                                    0.0569     1.3859 r
  U8683/ZN (NAND4_X1)                                   0.0456     1.4316 f
  U8684/ZN (XNOR2_X1)                                   0.0645     1.4960 f
  U8687/ZN (NAND2_X1)                                   0.0310     1.5270 r
  U3755/ZN (AND3_X1)                                    0.0513     1.5783 r
  U11965/ZN (NAND4_X1)                                  0.0383     1.6165 f
  U12029/ZN (NAND2_X1)                                  0.0321     1.6486 r
  DP_i_execute_i_zero_alu_bit_Y_reg/D (DFF_X2)          0.0109     1.6595 r
  data arrival time                                                1.6595

  clock CLK (rise edge)                                 1.1500     1.1500
  clock network delay (ideal)                           0.0500     1.2000
  clock uncertainty                                    -0.0500     1.1500
  DP_i_execute_i_zero_alu_bit_Y_reg/CK (DFF_X2)         0.0000     1.1500 r
  library setup time                                   -0.0266     1.1234
  data required time                                               1.1234
  --------------------------------------------------------------------------
  data required time                                               1.1234
  data arrival time                                               -1.6595
  --------------------------------------------------------------------------
  slack (VIOLATED)                                                -0.5361


  Startpoint: CP_i_ex_mem_reg_i_RM_out_reg
              (rising edge-triggered flip-flop clocked by CLK)
  Endpoint: DP_i_execute_i_zero_alu_bit_Y_reg
            (rising edge-triggered flip-flop clocked by CLK)
  Path Group: REG2REG
  Path Type: max

  Des/Clust/Port     Wire Load Model       Library
  ------------------------------------------------
  DLX                5K_hvratio_1_4        NangateOpenCellLibrary

  Point                                                   Incr       Path
  --------------------------------------------------------------------------
  clock CLK (rise edge)                                 0.0000     0.0000
  clock network delay (ideal)                           0.0500     0.0500
  CP_i_ex_mem_reg_i_RM_out_reg/CK (DFF_X1)              0.0000     0.0500 r
  CP_i_ex_mem_reg_i_RM_out_reg/Q (DFF_X1)               0.0965     0.1465 f
  U933/ZN (OR2_X2)                                      0.0628     0.2093 f
  U6102/ZN (NOR2_X1)                                    0.0353     0.2446 r
  U6104/ZN (AND2_X1)                                    0.0421     0.2867 r
  U6110/ZN (NAND4_X1)                                   0.0428     0.3295 f
  U6111/Z (BUF_X1)                                      0.0490     0.3785 f
  U6124/ZN (NAND2_X1)                                   0.0377     0.4162 r
  U6125/ZN (INV_X1)                                     0.0322     0.4484 f
  U6219/Z (BUF_X2)                                      0.0493     0.4977 f
  U6597/ZN (AOI222_X1)                                  0.1130     0.6107 r
  U3790/Z (MUX2_X1)                                     0.0688     0.6795 r
  U6598/ZN (XNOR2_X1)                                   0.0731     0.7526 r
  U6599/ZN (AND2_X1)                                    0.0529     0.8055 r
  U6600/ZN (OAI22_X1)                                   0.0374     0.8429 f
  U6602/ZN (AND2_X1)                                    0.0460     0.8889 f
  U6603/ZN (OR3_X2)                                     0.0774     0.9663 f
  U3648/ZN (NOR2_X1)                                    0.0496     1.0160 r
  U6606/ZN (AND2_X1)                                    0.0467     1.0627 r
  U6607/ZN (NAND2_X1)                                   0.0273     1.0899 f
  U6628/ZN (AND2_X1)                                    0.0419     1.1318 f
  U7914/ZN (OAI211_X1)                                  0.0606     1.1924 r
  U8658/ZN (NAND2_X1)                                   0.0336     1.2260 f
  U3643/ZN (AND2_X2)                                    0.0463     1.2723 f
  U8663/ZN (XNOR2_X1)                                   0.0568     1.3291 r
  U8675/ZN (AND3_X1)                                    0.0569     1.3859 r
  U8683/ZN (NAND4_X1)                                   0.0456     1.4316 f
  U8684/ZN (XNOR2_X1)                                   0.0645     1.4960 f
  U8687/ZN (NAND2_X1)                                   0.0310     1.5270 r
  U3755/ZN (AND3_X1)                                    0.0513     1.5783 r
  U11965/ZN (NAND4_X1)                                  0.0383     1.6165 f
  U12029/ZN (NAND2_X1)                                  0.0321     1.6486 r
  DP_i_execute_i_zero_alu_bit_Y_reg/D (DFF_X2)          0.0109     1.6595 r
  data arrival time                                                1.6595

  clock CLK (rise edge)                                 1.1500     1.1500
  clock network delay (ideal)                           0.0500     1.2000
  clock uncertainty                                    -0.0500     1.1500
  DP_i_execute_i_zero_alu_bit_Y_reg/CK (DFF_X2)         0.0000     1.1500 r
  library setup time                                   -0.0266     1.1234
  data required time                                               1.1234
  --------------------------------------------------------------------------
  data required time                                               1.1234
  data arrival time                                               -1.6595
  --------------------------------------------------------------------------
  slack (VIOLATED)                                                -0.5361


  Startpoint: DP_i_fetch_i_IR_out_reg_28_
              (rising edge-triggered flip-flop clocked by CLK)
  Endpoint: DP_i_fetch_i_pc_i_Y_reg_23_
            (rising edge-triggered flip-flop clocked by CLK)
  Path Group: REG2REG
  Path Type: max

  Des/Clust/Port     Wire Load Model       Library
  ------------------------------------------------
  DLX                5K_hvratio_1_4        NangateOpenCellLibrary

  Point                                                   Incr       Path
  --------------------------------------------------------------------------
  clock CLK (rise edge)                                 0.0000     0.0000
  clock network delay (ideal)                           0.0500     0.0500
  DP_i_fetch_i_IR_out_reg_28_/CK (DFF_X1)               0.0000     0.0500 r
  DP_i_fetch_i_IR_out_reg_28_/QN (DFF_X1)               0.0912     0.1412 r
  U5712/ZN (XNOR2_X1)                                   0.0632     0.2043 r
  U5713/ZN (OR2_X1)                                     0.0379     0.2422 r
  U5714/ZN (AND2_X1)                                    0.0450     0.2872 r
  U5717/ZN (AOI21_X1)                                   0.0311     0.3183 f
  U940/ZN (OR3_X2)                                      0.0930     0.4113 f
  U5718/ZN (INV_X1)                                     0.0366     0.4480 r
  U5726/ZN (OR2_X2)                                     0.0549     0.5028 r
  U5779/ZN (INV_X1)                                     0.0429     0.5458 f
  U5780/ZN (AOI21_X1)                                   0.0646     0.6104 r
  U5784/ZN (XNOR2_X1)                                   0.0698     0.6802 r
  U5785/ZN (XNOR2_X1)                                   0.0631     0.7433 r
  U5840/ZN (AND3_X1)                                    0.0599     0.8032 r
  U5852/ZN (OAI211_X1)                                  0.0381     0.8413 f
  U3685/ZN (XNOR2_X1)                                   0.0593     0.9005 r
  U1638/ZN (AND2_X1)                                    0.0555     0.9560 r
  U937/ZN (OR2_X2)                                      0.0418     0.9978 r
  U5870/ZN (NAND3_X1)                                   0.0360     1.0338 f
  U5871/ZN (NAND3_X1)                                   0.0369     1.0707 r
  U1634/ZN (NAND3_X1)                                   0.0439     1.1147 f
  U3538/Z (MUX2_X1)                                     0.0751     1.1898 f
  U5991/ZN (XNOR2_X1)                                   0.0473     1.2371 r
  U3676/ZN (NAND4_X1)                                   0.0530     1.2901 f
  U3689/ZN (OAI21_X2)                                   0.0750     1.3651 r
  U941/ZN (AND2_X1)                                     0.0625     1.4276 r
  U7239/ZN (INV_X1)                                     0.0379     1.4654 f
  U1048/ZN (INV_X1)                                     0.0539     1.5193 r
  U11791/ZN (NAND2_X1)                                  0.0380     1.5573 f
  U12015/ZN (NAND3_X1)                                  0.0316     1.5889 r
  U11905/ZN (INV_X1)                                    0.0235     1.6124 f
  U12005/ZN (NAND4_X1)                                  0.0340     1.6464 r
  DP_i_fetch_i_pc_i_Y_reg_23_/D (DFF_X2)                0.0109     1.6573 r
  data arrival time                                                1.6573

  clock CLK (rise edge)                                 1.1500     1.1500
  clock network delay (ideal)                           0.0500     1.2000
  clock uncertainty                                    -0.0500     1.1500
  DP_i_fetch_i_pc_i_Y_reg_23_/CK (DFF_X2)               0.0000     1.1500 r
  library setup time                                   -0.0275     1.1225
  data required time                                               1.1225
  --------------------------------------------------------------------------
  data required time                                               1.1225
  data arrival time                                               -1.6573
  --------------------------------------------------------------------------
  slack (VIOLATED)                                                -0.5348


  Startpoint: DP_i_fetch_i_IR_out_reg_28_
              (rising edge-triggered flip-flop clocked by CLK)
  Endpoint: DP_i_fetch_i_pc_i_Y_reg_19_
            (rising edge-triggered flip-flop clocked by CLK)
  Path Group: REG2REG
  Path Type: max

  Des/Clust/Port     Wire Load Model       Library
  ------------------------------------------------
  DLX                5K_hvratio_1_4        NangateOpenCellLibrary

  Point                                                   Incr       Path
  --------------------------------------------------------------------------
  clock CLK (rise edge)                                 0.0000     0.0000
  clock network delay (ideal)                           0.0500     0.0500
  DP_i_fetch_i_IR_out_reg_28_/CK (DFF_X1)               0.0000     0.0500 r
  DP_i_fetch_i_IR_out_reg_28_/QN (DFF_X1)               0.0912     0.1412 r
  U5712/ZN (XNOR2_X1)                                   0.0632     0.2043 r
  U5713/ZN (OR2_X1)                                     0.0379     0.2422 r
  U5714/ZN (AND2_X1)                                    0.0450     0.2872 r
  U5717/ZN (AOI21_X1)                                   0.0311     0.3183 f
  U940/ZN (OR3_X2)                                      0.0930     0.4113 f
  U5718/ZN (INV_X1)                                     0.0366     0.4480 r
  U5726/ZN (OR2_X2)                                     0.0549     0.5028 r
  U5779/ZN (INV_X1)                                     0.0429     0.5458 f
  U5780/ZN (AOI21_X1)                                   0.0646     0.6104 r
  U5784/ZN (XNOR2_X1)                                   0.0698     0.6802 r
  U5785/ZN (XNOR2_X1)                                   0.0631     0.7433 r
  U5840/ZN (AND3_X1)                                    0.0599     0.8032 r
  U5852/ZN (OAI211_X1)                                  0.0381     0.8413 f
  U3685/ZN (XNOR2_X1)                                   0.0593     0.9005 r
  U1638/ZN (AND2_X1)                                    0.0555     0.9560 r
  U937/ZN (OR2_X2)                                      0.0418     0.9978 r
  U5870/ZN (NAND3_X1)                                   0.0360     1.0338 f
  U5871/ZN (NAND3_X1)                                   0.0369     1.0707 r
  U1634/ZN (NAND3_X1)                                   0.0439     1.1147 f
  U3538/Z (MUX2_X1)                                     0.0751     1.1898 f
  U5991/ZN (XNOR2_X1)                                   0.0473     1.2371 r
  U3676/ZN (NAND4_X1)                                   0.0530     1.2901 f
  U3689/ZN (OAI21_X2)                                   0.0750     1.3651 r
  U941/ZN (AND2_X1)                                     0.0625     1.4276 r
  U7239/ZN (INV_X1)                                     0.0379     1.4654 f
  U1048/ZN (INV_X1)                                     0.0539     1.5193 r
  U11786/ZN (NAND2_X1)                                  0.0380     1.5573 f
  U12017/ZN (NAND3_X1)                                  0.0316     1.5889 r
  U11913/ZN (INV_X1)                                    0.0235     1.6124 f
  U12007/ZN (NAND4_X1)                                  0.0340     1.6464 r
  DP_i_fetch_i_pc_i_Y_reg_19_/D (DFF_X2)                0.0109     1.6573 r
  data arrival time                                                1.6573

  clock CLK (rise edge)                                 1.1500     1.1500
  clock network delay (ideal)                           0.0500     1.2000
  clock uncertainty                                    -0.0500     1.1500
  DP_i_fetch_i_pc_i_Y_reg_19_/CK (DFF_X2)               0.0000     1.1500 r
  library setup time                                   -0.0275     1.1225
  data required time                                               1.1225
  --------------------------------------------------------------------------
  data required time                                               1.1225
  data arrival time                                               -1.6573
  --------------------------------------------------------------------------
  slack (VIOLATED)                                                -0.5348


  Startpoint: DP_i_fetch_i_IR_out_reg_28_
              (rising edge-triggered flip-flop clocked by CLK)
  Endpoint: DP_i_fetch_i_pc_i_Y_reg_22_
            (rising edge-triggered flip-flop clocked by CLK)
  Path Group: REG2REG
  Path Type: max

  Des/Clust/Port     Wire Load Model       Library
  ------------------------------------------------
  DLX                5K_hvratio_1_4        NangateOpenCellLibrary

  Point                                                   Incr       Path
  --------------------------------------------------------------------------
  clock CLK (rise edge)                                 0.0000     0.0000
  clock network delay (ideal)                           0.0500     0.0500
  DP_i_fetch_i_IR_out_reg_28_/CK (DFF_X1)               0.0000     0.0500 r
  DP_i_fetch_i_IR_out_reg_28_/QN (DFF_X1)               0.0912     0.1412 r
  U5712/ZN (XNOR2_X1)                                   0.0632     0.2043 r
  U5713/ZN (OR2_X1)                                     0.0379     0.2422 r
  U5714/ZN (AND2_X1)                                    0.0450     0.2872 r
  U5717/ZN (AOI21_X1)                                   0.0311     0.3183 f
  U940/ZN (OR3_X2)                                      0.0930     0.4113 f
  U5718/ZN (INV_X1)                                     0.0366     0.4480 r
  U5726/ZN (OR2_X2)                                     0.0549     0.5028 r
  U5779/ZN (INV_X1)                                     0.0429     0.5458 f
  U5780/ZN (AOI21_X1)                                   0.0646     0.6104 r
  U5784/ZN (XNOR2_X1)                                   0.0698     0.6802 r
  U5785/ZN (XNOR2_X1)                                   0.0631     0.7433 r
  U5840/ZN (AND3_X1)                                    0.0599     0.8032 r
  U5852/ZN (OAI211_X1)                                  0.0381     0.8413 f
  U3685/ZN (XNOR2_X1)                                   0.0593     0.9005 r
  U1638/ZN (AND2_X1)                                    0.0555     0.9560 r
  U937/ZN (OR2_X2)                                      0.0418     0.9978 r
  U5870/ZN (NAND3_X1)                                   0.0360     1.0338 f
  U5871/ZN (NAND3_X1)                                   0.0369     1.0707 r
  U1634/ZN (NAND3_X1)                                   0.0439     1.1147 f
  U3538/Z (MUX2_X1)                                     0.0751     1.1898 f
  U5991/ZN (XNOR2_X1)                                   0.0473     1.2371 r
  U3676/ZN (NAND4_X1)                                   0.0530     1.2901 f
  U3689/ZN (OAI21_X2)                                   0.0750     1.3651 r
  U941/ZN (AND2_X1)                                     0.0625     1.4276 r
  U7239/ZN (INV_X1)                                     0.0379     1.4654 f
  U1048/ZN (INV_X1)                                     0.0539     1.5193 r
  U11794/ZN (NAND2_X1)                                  0.0380     1.5573 f
  U12019/ZN (NAND3_X1)                                  0.0316     1.5889 r
  U11860/ZN (INV_X1)                                    0.0235     1.6124 f
  U11991/ZN (NAND4_X1)                                  0.0340     1.6464 r
  DP_i_fetch_i_pc_i_Y_reg_22_/D (DFF_X2)                0.0109     1.6573 r
  data arrival time                                                1.6573

  clock CLK (rise edge)                                 1.1500     1.1500
  clock network delay (ideal)                           0.0500     1.2000
  clock uncertainty                                    -0.0500     1.1500
  DP_i_fetch_i_pc_i_Y_reg_22_/CK (DFF_X2)               0.0000     1.1500 r
  library setup time                                   -0.0275     1.1225
  data required time                                               1.1225
  --------------------------------------------------------------------------
  data required time                                               1.1225
  data arrival time                                               -1.6573
  --------------------------------------------------------------------------
  slack (VIOLATED)                                                -0.5348


  Startpoint: DP_i_fetch_i_IR_out_reg_28_
              (rising edge-triggered flip-flop clocked by CLK)
  Endpoint: DP_i_fetch_i_pc_i_Y_reg_23_
            (rising edge-triggered flip-flop clocked by CLK)
  Path Group: REG2REG
  Path Type: max

  Des/Clust/Port     Wire Load Model       Library
  ------------------------------------------------
  DLX                5K_hvratio_1_4        NangateOpenCellLibrary

  Point                                                   Incr       Path
  --------------------------------------------------------------------------
  clock CLK (rise edge)                                 0.0000     0.0000
  clock network delay (ideal)                           0.0500     0.0500
  DP_i_fetch_i_IR_out_reg_28_/CK (DFF_X1)               0.0000     0.0500 r
  DP_i_fetch_i_IR_out_reg_28_/QN (DFF_X1)               0.0912     0.1412 r
  U5712/ZN (XNOR2_X1)                                   0.0632     0.2043 r
  U5713/ZN (OR2_X1)                                     0.0379     0.2422 r
  U5714/ZN (AND2_X1)                                    0.0450     0.2872 r
  U5717/ZN (AOI21_X1)                                   0.0311     0.3183 f
  U940/ZN (OR3_X2)                                      0.0930     0.4113 f
  U5718/ZN (INV_X1)                                     0.0366     0.4480 r
  U5726/ZN (OR2_X2)                                     0.0549     0.5028 r
  U5779/ZN (INV_X1)                                     0.0429     0.5458 f
  U5780/ZN (AOI21_X1)                                   0.0646     0.6104 r
  U5784/ZN (XNOR2_X1)                                   0.0698     0.6802 r
  U5785/ZN (XNOR2_X1)                                   0.0631     0.7433 r
  U5840/ZN (AND3_X1)                                    0.0599     0.8032 r
  U5852/ZN (OAI211_X1)                                  0.0381     0.8413 f
  U3685/ZN (XNOR2_X1)                                   0.0593     0.9005 r
  U1638/ZN (AND2_X1)                                    0.0555     0.9560 r
  U937/ZN (OR2_X2)                                      0.0418     0.9978 r
  U5870/ZN (NAND3_X1)                                   0.0360     1.0338 f
  U5871/ZN (NAND3_X1)                                   0.0369     1.0707 r
  U1634/ZN (NAND3_X1)                                   0.0439     1.1147 f
  U3538/Z (MUX2_X1)                                     0.0751     1.1898 f
  U5991/ZN (XNOR2_X1)                                   0.0473     1.2371 r
  U3676/ZN (NAND4_X1)                                   0.0530     1.2901 f
  U3689/ZN (OAI21_X2)                                   0.0750     1.3651 r
  U941/ZN (AND2_X1)                                     0.0625     1.4276 r
  U7239/ZN (INV_X1)                                     0.0379     1.4654 f
  U1048/ZN (INV_X1)                                     0.0539     1.5193 r
  U11791/ZN (NAND2_X1)                                  0.0380     1.5573 f
  U12015/ZN (NAND3_X1)                                  0.0316     1.5889 r
  U11905/ZN (INV_X1)                                    0.0235     1.6124 f
  U12005/ZN (NAND4_X1)                                  0.0340     1.6464 r
  DP_i_fetch_i_pc_i_Y_reg_23_/D (DFF_X2)                0.0109     1.6573 r
  data arrival time                                                1.6573

  clock CLK (rise edge)                                 1.1500     1.1500
  clock network delay (ideal)                           0.0500     1.2000
  clock uncertainty                                    -0.0500     1.1500
  DP_i_fetch_i_pc_i_Y_reg_23_/CK (DFF_X2)               0.0000     1.1500 r
  library setup time                                   -0.0275     1.1225
  data required time                                               1.1225
  --------------------------------------------------------------------------
  data required time                                               1.1225
  data arrival time                                               -1.6573
  --------------------------------------------------------------------------
  slack (VIOLATED)                                                -0.5348


  Startpoint: DP_i_fetch_i_IR_out_reg_28_
              (rising edge-triggered flip-flop clocked by CLK)
  Endpoint: DP_i_fetch_i_pc_i_Y_reg_19_
            (rising edge-triggered flip-flop clocked by CLK)
  Path Group: REG2REG
  Path Type: max

  Des/Clust/Port     Wire Load Model       Library
  ------------------------------------------------
  DLX                5K_hvratio_1_4        NangateOpenCellLibrary

  Point                                                   Incr       Path
  --------------------------------------------------------------------------
  clock CLK (rise edge)                                 0.0000     0.0000
  clock network delay (ideal)                           0.0500     0.0500
  DP_i_fetch_i_IR_out_reg_28_/CK (DFF_X1)               0.0000     0.0500 r
  DP_i_fetch_i_IR_out_reg_28_/QN (DFF_X1)               0.0912     0.1412 r
  U5712/ZN (XNOR2_X1)                                   0.0632     0.2043 r
  U5713/ZN (OR2_X1)                                     0.0379     0.2422 r
  U5714/ZN (AND2_X1)                                    0.0450     0.2872 r
  U5717/ZN (AOI21_X1)                                   0.0311     0.3183 f
  U940/ZN (OR3_X2)                                      0.0930     0.4113 f
  U5718/ZN (INV_X1)                                     0.0366     0.4480 r
  U5726/ZN (OR2_X2)                                     0.0549     0.5028 r
  U5779/ZN (INV_X1)                                     0.0429     0.5458 f
  U5780/ZN (AOI21_X1)                                   0.0646     0.6104 r
  U5784/ZN (XNOR2_X1)                                   0.0698     0.6802 r
  U5785/ZN (XNOR2_X1)                                   0.0631     0.7433 r
  U5840/ZN (AND3_X1)                                    0.0599     0.8032 r
  U5852/ZN (OAI211_X1)                                  0.0381     0.8413 f
  U3685/ZN (XNOR2_X1)                                   0.0593     0.9005 r
  U1638/ZN (AND2_X1)                                    0.0555     0.9560 r
  U937/ZN (OR2_X2)                                      0.0418     0.9978 r
  U5870/ZN (NAND3_X1)                                   0.0360     1.0338 f
  U5871/ZN (NAND3_X1)                                   0.0369     1.0707 r
  U1634/ZN (NAND3_X1)                                   0.0439     1.1147 f
  U3538/Z (MUX2_X1)                                     0.0751     1.1898 f
  U5991/ZN (XNOR2_X1)                                   0.0473     1.2371 r
  U3676/ZN (NAND4_X1)                                   0.0530     1.2901 f
  U3689/ZN (OAI21_X2)                                   0.0750     1.3651 r
  U941/ZN (AND2_X1)                                     0.0625     1.4276 r
  U7239/ZN (INV_X1)                                     0.0379     1.4654 f
  U1048/ZN (INV_X1)                                     0.0539     1.5193 r
  U11786/ZN (NAND2_X1)                                  0.0380     1.5573 f
  U12017/ZN (NAND3_X1)                                  0.0316     1.5889 r
  U11913/ZN (INV_X1)                                    0.0235     1.6124 f
  U12007/ZN (NAND4_X1)                                  0.0340     1.6464 r
  DP_i_fetch_i_pc_i_Y_reg_19_/D (DFF_X2)                0.0109     1.6573 r
  data arrival time                                                1.6573

  clock CLK (rise edge)                                 1.1500     1.1500
  clock network delay (ideal)                           0.0500     1.2000
  clock uncertainty                                    -0.0500     1.1500
  DP_i_fetch_i_pc_i_Y_reg_19_/CK (DFF_X2)               0.0000     1.1500 r
  library setup time                                   -0.0275     1.1225
  data required time                                               1.1225
  --------------------------------------------------------------------------
  data required time                                               1.1225
  data arrival time                                               -1.6573
  --------------------------------------------------------------------------
  slack (VIOLATED)                                                -0.5348


  Startpoint: DP_i_fetch_i_IR_out_reg_28_
              (rising edge-triggered flip-flop clocked by CLK)
  Endpoint: DP_i_fetch_i_pc_i_Y_reg_22_
            (rising edge-triggered flip-flop clocked by CLK)
  Path Group: REG2REG
  Path Type: max

  Des/Clust/Port     Wire Load Model       Library
  ------------------------------------------------
  DLX                5K_hvratio_1_4        NangateOpenCellLibrary

  Point                                                   Incr       Path
  --------------------------------------------------------------------------
  clock CLK (rise edge)                                 0.0000     0.0000
  clock network delay (ideal)                           0.0500     0.0500
  DP_i_fetch_i_IR_out_reg_28_/CK (DFF_X1)               0.0000     0.0500 r
  DP_i_fetch_i_IR_out_reg_28_/QN (DFF_X1)               0.0912     0.1412 r
  U5712/ZN (XNOR2_X1)                                   0.0632     0.2043 r
  U5713/ZN (OR2_X1)                                     0.0379     0.2422 r
  U5714/ZN (AND2_X1)                                    0.0450     0.2872 r
  U5717/ZN (AOI21_X1)                                   0.0311     0.3183 f
  U940/ZN (OR3_X2)                                      0.0930     0.4113 f
  U5718/ZN (INV_X1)                                     0.0366     0.4480 r
  U5726/ZN (OR2_X2)                                     0.0549     0.5028 r
  U5779/ZN (INV_X1)                                     0.0429     0.5458 f
  U5780/ZN (AOI21_X1)                                   0.0646     0.6104 r
  U5784/ZN (XNOR2_X1)                                   0.0698     0.6802 r
  U5785/ZN (XNOR2_X1)                                   0.0631     0.7433 r
  U5840/ZN (AND3_X1)                                    0.0599     0.8032 r
  U5852/ZN (OAI211_X1)                                  0.0381     0.8413 f
  U3685/ZN (XNOR2_X1)                                   0.0593     0.9005 r
  U1638/ZN (AND2_X1)                                    0.0555     0.9560 r
  U937/ZN (OR2_X2)                                      0.0418     0.9978 r
  U5870/ZN (NAND3_X1)                                   0.0360     1.0338 f
  U5871/ZN (NAND3_X1)                                   0.0369     1.0707 r
  U1634/ZN (NAND3_X1)                                   0.0439     1.1147 f
  U3538/Z (MUX2_X1)                                     0.0751     1.1898 f
  U5991/ZN (XNOR2_X1)                                   0.0473     1.2371 r
  U3676/ZN (NAND4_X1)                                   0.0530     1.2901 f
  U3689/ZN (OAI21_X2)                                   0.0750     1.3651 r
  U941/ZN (AND2_X1)                                     0.0625     1.4276 r
  U7239/ZN (INV_X1)                                     0.0379     1.4654 f
  U1048/ZN (INV_X1)                                     0.0539     1.5193 r
  U11794/ZN (NAND2_X1)                                  0.0380     1.5573 f
  U12019/ZN (NAND3_X1)                                  0.0316     1.5889 r
  U11860/ZN (INV_X1)                                    0.0235     1.6124 f
  U11991/ZN (NAND4_X1)                                  0.0340     1.6464 r
  DP_i_fetch_i_pc_i_Y_reg_22_/D (DFF_X2)                0.0109     1.6573 r
  data arrival time                                                1.6573

  clock CLK (rise edge)                                 1.1500     1.1500
  clock network delay (ideal)                           0.0500     1.2000
  clock uncertainty                                    -0.0500     1.1500
  DP_i_fetch_i_pc_i_Y_reg_22_/CK (DFF_X2)               0.0000     1.1500 r
  library setup time                                   -0.0275     1.1225
  data required time                                               1.1225
  --------------------------------------------------------------------------
  data required time                                               1.1225
  data arrival time                                               -1.6573
  --------------------------------------------------------------------------
  slack (VIOLATED)                                                -0.5348


  Startpoint: DP_i_fetch_i_IR_out_reg_28_
              (rising edge-triggered flip-flop clocked by CLK)
  Endpoint: DP_i_fetch_i_pc_i_Y_reg_5_
            (rising edge-triggered flip-flop clocked by CLK)
  Path Group: REG2REG
  Path Type: max

  Des/Clust/Port     Wire Load Model       Library
  ------------------------------------------------
  DLX                5K_hvratio_1_4        NangateOpenCellLibrary

  Point                                                   Incr       Path
  --------------------------------------------------------------------------
  clock CLK (rise edge)                                 0.0000     0.0000
  clock network delay (ideal)                           0.0500     0.0500
  DP_i_fetch_i_IR_out_reg_28_/CK (DFF_X1)               0.0000     0.0500 r
  DP_i_fetch_i_IR_out_reg_28_/QN (DFF_X1)               0.0912     0.1412 r
  U5712/ZN (XNOR2_X1)                                   0.0632     0.2043 r
  U5713/ZN (OR2_X1)                                     0.0379     0.2422 r
  U5714/ZN (AND2_X1)                                    0.0450     0.2872 r
  U5717/ZN (AOI21_X1)                                   0.0311     0.3183 f
  U940/ZN (OR3_X2)                                      0.0930     0.4113 f
  U5718/ZN (INV_X1)                                     0.0366     0.4480 r
  U5726/ZN (OR2_X2)                                     0.0549     0.5028 r
  U5779/ZN (INV_X1)                                     0.0429     0.5458 f
  U5780/ZN (AOI21_X1)                                   0.0646     0.6104 r
  U5784/ZN (XNOR2_X1)                                   0.0698     0.6802 r
  U5785/ZN (XNOR2_X1)                                   0.0631     0.7433 r
  U5840/ZN (AND3_X1)                                    0.0599     0.8032 r
  U5852/ZN (OAI211_X1)                                  0.0381     0.8413 f
  U3685/ZN (XNOR2_X1)                                   0.0593     0.9005 r
  U1638/ZN (AND2_X1)                                    0.0555     0.9560 r
  U937/ZN (OR2_X2)                                      0.0418     0.9978 r
  U5870/ZN (NAND3_X1)                                   0.0360     1.0338 f
  U5871/ZN (NAND3_X1)                                   0.0369     1.0707 r
  U1634/ZN (NAND3_X1)                                   0.0439     1.1147 f
  U3538/Z (MUX2_X1)                                     0.0751     1.1898 f
  U5991/ZN (XNOR2_X1)                                   0.0473     1.2371 r
  U3676/ZN (NAND4_X1)                                   0.0530     1.2901 f
  U3689/ZN (OAI21_X2)                                   0.0750     1.3651 r
  U941/ZN (AND2_X1)                                     0.0625     1.4276 r
  U7239/ZN (INV_X1)                                     0.0379     1.4654 f
  U1048/ZN (INV_X1)                                     0.0539     1.5193 r
  U11872/ZN (NAND2_X1)                                  0.0380     1.5573 f
  U12024/ZN (NAND3_X1)                                  0.0316     1.5889 r
  U11844/ZN (INV_X1)                                    0.0235     1.6124 f
  U11975/ZN (NAND4_X1)                                  0.0340     1.6464 r
  DP_i_fetch_i_pc_i_Y_reg_5_/D (DFF_X2)                 0.0109     1.6573 r
  data arrival time                                                1.6573

  clock CLK (rise edge)                                 1.1500     1.1500
  clock network delay (ideal)                           0.0500     1.2000
  clock uncertainty                                    -0.0500     1.1500
  DP_i_fetch_i_pc_i_Y_reg_5_/CK (DFF_X2)                0.0000     1.1500 r
  library setup time                                   -0.0275     1.1225
  data required time                                               1.1225
  --------------------------------------------------------------------------
  data required time                                               1.1225
  data arrival time                                               -1.6573
  --------------------------------------------------------------------------
  slack (VIOLATED)                                                -0.5348


  Startpoint: DP_i_fetch_i_IR_out_reg_28_
              (rising edge-triggered flip-flop clocked by CLK)
  Endpoint: DP_i_fetch_i_pc_i_Y_reg_5_
            (rising edge-triggered flip-flop clocked by CLK)
  Path Group: REG2REG
  Path Type: max

  Des/Clust/Port     Wire Load Model       Library
  ------------------------------------------------
  DLX                5K_hvratio_1_4        NangateOpenCellLibrary

  Point                                                   Incr       Path
  --------------------------------------------------------------------------
  clock CLK (rise edge)                                 0.0000     0.0000
  clock network delay (ideal)                           0.0500     0.0500
  DP_i_fetch_i_IR_out_reg_28_/CK (DFF_X1)               0.0000     0.0500 r
  DP_i_fetch_i_IR_out_reg_28_/QN (DFF_X1)               0.0912     0.1412 r
  U5712/ZN (XNOR2_X1)                                   0.0632     0.2043 r
  U5713/ZN (OR2_X1)                                     0.0379     0.2422 r
  U5714/ZN (AND2_X1)                                    0.0450     0.2872 r
  U5717/ZN (AOI21_X1)                                   0.0311     0.3183 f
  U940/ZN (OR3_X2)                                      0.0930     0.4113 f
  U5718/ZN (INV_X1)                                     0.0366     0.4480 r
  U5726/ZN (OR2_X2)                                     0.0549     0.5028 r
  U5779/ZN (INV_X1)                                     0.0429     0.5458 f
  U5780/ZN (AOI21_X1)                                   0.0646     0.6104 r
  U5784/ZN (XNOR2_X1)                                   0.0698     0.6802 r
  U5785/ZN (XNOR2_X1)                                   0.0631     0.7433 r
  U5840/ZN (AND3_X1)                                    0.0599     0.8032 r
  U5852/ZN (OAI211_X1)                                  0.0381     0.8413 f
  U3685/ZN (XNOR2_X1)                                   0.0593     0.9005 r
  U1638/ZN (AND2_X1)                                    0.0555     0.9560 r
  U937/ZN (OR2_X2)                                      0.0418     0.9978 r
  U5870/ZN (NAND3_X1)                                   0.0360     1.0338 f
  U5871/ZN (NAND3_X1)                                   0.0369     1.0707 r
  U1634/ZN (NAND3_X1)                                   0.0439     1.1147 f
  U3538/Z (MUX2_X1)                                     0.0751     1.1898 f
  U5991/ZN (XNOR2_X1)                                   0.0473     1.2371 r
  U3676/ZN (NAND4_X1)                                   0.0530     1.2901 f
  U3689/ZN (OAI21_X2)                                   0.0750     1.3651 r
  U941/ZN (AND2_X1)                                     0.0625     1.4276 r
  U7239/ZN (INV_X1)                                     0.0379     1.4654 f
  U1048/ZN (INV_X1)                                     0.0539     1.5193 r
  U11872/ZN (NAND2_X1)                                  0.0380     1.5573 f
  U12024/ZN (NAND3_X1)                                  0.0316     1.5889 r
  U11844/ZN (INV_X1)                                    0.0235     1.6124 f
  U11975/ZN (NAND4_X1)                                  0.0340     1.6464 r
  DP_i_fetch_i_pc_i_Y_reg_5_/D (DFF_X2)                 0.0109     1.6573 r
  data arrival time                                                1.6573

  clock CLK (rise edge)                                 1.1500     1.1500
  clock network delay (ideal)                           0.0500     1.2000
  clock uncertainty                                    -0.0500     1.1500
  DP_i_fetch_i_pc_i_Y_reg_5_/CK (DFF_X2)                0.0000     1.1500 r
  library setup time                                   -0.0275     1.1225
  data required time                                               1.1225
  --------------------------------------------------------------------------
  data required time                                               1.1225
  data arrival time                                               -1.6573
  --------------------------------------------------------------------------
  slack (VIOLATED)                                                -0.5348


1
