 
****************************************
Report : timing
        -path full
        -delay max
        -nworst 2
        -group REG2REG
        -max_paths 10
Design : DLX
Version: W-2024.09-SP2
Date   : Tue Sep 29 13:12:31 2026
****************************************

Operating Conditions: typical   Library: NangateOpenCellLibrary
Wire Load Model Mode: top

  Startpoint: DP_i_decode_i_rs2_addr_i_Y_reg_1_
              (rising edge-triggered flip-flop clocked by CLK)
  Endpoint: DP_i_execute_i_zero_alu_bit_Y_reg
            (rising edge-triggered flip-flop clocked by CLK)
  Path Group: REG2REG
  Path Type: max

  Des/Clust/Port     Wire Load Model       Library
  ------------------------------------------------
  DLX                5K_hvratio_1_4        NangateOpenCellLibrary

  Point                                                   Incr       Path
  --------------------------------------------------------------------------
  clock CLK (rise edge)                                 0.0000     0.0000
  clock network delay (ideal)                           0.0500     0.0500
  DP_i_decode_i_rs2_addr_i_Y_reg_1_/CK (DFF_X1)         0.0000     0.0500 r
  DP_i_decode_i_rs2_addr_i_Y_reg_1_/Q (DFF_X1)          0.1101     0.1601 r
  U5054/ZN (XNOR2_X1)                                   0.0624     0.2225 r
  U5055/ZN (AND4_X1)                                    0.0667     0.2892 r
  U5057/ZN (NAND4_X1)                                   0.0513     0.3404 f
  U5060/ZN (AND2_X2)                                    0.0574     0.3978 f
  U3861/Z (BUF_X2)                                      0.0565     0.4543 f
  U7066/ZN (AOI222_X1)                                  0.1248     0.5791 r
  U3942/Z (MUX2_X1)                                     0.0627     0.6418 r
  U7697/ZN (XNOR2_X1)                                   0.0667     0.7085 r
  U4158/ZN (NAND2_X1)                                   0.0427     0.7512 f
  U4161/ZN (NAND3_X1)                                   0.0424     0.7935 r
  U7702/ZN (XNOR2_X1)                                   0.0671     0.8606 r
  U1538/ZN (AND3_X1)                                    0.0595     0.9200 r
  U7746/ZN (NAND3_X1)                                   0.0367     0.9568 f
  U4305/ZN (NAND4_X1)                                   0.0371     0.9939 r
  U1849/ZN (AND2_X1)                                    0.0483     1.0422 r
  U4304/ZN (OAI21_X1)                                   0.0349     1.0771 f
  U1429/ZN (OR2_X1)                                     0.0631     1.1401 f
  U1054/ZN (AND2_X1)                                    0.0417     1.1818 f
  U1823/ZN (OAI21_X1)                                   0.0365     1.2183 r
  U1824/ZN (AND3_X1)                                    0.0591     1.2773 r
  U831/ZN (AND2_X2)                                     0.0498     1.3271 r
  U1214/ZN (AND4_X1)                                    0.0621     1.3892 r
  U1249/ZN (NAND4_X1)                                   0.0412     1.4304 f
  U8342/ZN (XNOR2_X1)                                   0.0610     1.4915 f
  U8345/ZN (NAND2_X1)                                   0.0311     1.5226 r
  U3977/ZN (AND3_X1)                                    0.0513     1.5739 r
  U11963/ZN (NAND4_X1)                                  0.0383     1.6121 f
  U11996/ZN (NAND2_X1)                                  0.0321     1.6442 r
  DP_i_execute_i_zero_alu_bit_Y_reg/D (DFF_X2)          0.0109     1.6551 r
  data arrival time                                                1.6551

  clock CLK (rise edge)                                 1.3000     1.3000
  clock network delay (ideal)                           0.0500     1.3500
  clock uncertainty                                    -0.0500     1.3000
  DP_i_execute_i_zero_alu_bit_Y_reg/CK (DFF_X2)         0.0000     1.3000 r
  library setup time                                   -0.0266     1.2734
  data required time                                               1.2734
  --------------------------------------------------------------------------
  data required time                                               1.2734
  data arrival time                                               -1.6551
  --------------------------------------------------------------------------
  slack (VIOLATED)                                                -0.3817


  Startpoint: DP_i_decode_i_rs2_addr_i_Y_reg_1_
              (rising edge-triggered flip-flop clocked by CLK)
  Endpoint: DP_i_execute_i_zero_alu_bit_Y_reg
            (rising edge-triggered flip-flop clocked by CLK)
  Path Group: REG2REG
  Path Type: max

  Des/Clust/Port     Wire Load Model       Library
  ------------------------------------------------
  DLX                5K_hvratio_1_4        NangateOpenCellLibrary

  Point                                                   Incr       Path
  --------------------------------------------------------------------------
  clock CLK (rise edge)                                 0.0000     0.0000
  clock network delay (ideal)                           0.0500     0.0500
  DP_i_decode_i_rs2_addr_i_Y_reg_1_/CK (DFF_X1)         0.0000     0.0500 r
  DP_i_decode_i_rs2_addr_i_Y_reg_1_/Q (DFF_X1)          0.1101     0.1601 r
  U5054/ZN (XNOR2_X1)                                   0.0624     0.2225 r
  U5055/ZN (AND4_X1)                                    0.0667     0.2892 r
  U5057/ZN (NAND4_X1)                                   0.0513     0.3404 f
  U5060/ZN (AND2_X2)                                    0.0574     0.3978 f
  U3861/Z (BUF_X2)                                      0.0565     0.4543 f
  U7066/ZN (AOI222_X1)                                  0.1248     0.5791 r
  U3942/Z (MUX2_X1)                                     0.0627     0.6418 r
  U7697/ZN (XNOR2_X1)                                   0.0667     0.7085 r
  U4158/ZN (NAND2_X1)                                   0.0427     0.7512 f
  U4161/ZN (NAND3_X1)                                   0.0424     0.7935 r
  U7702/ZN (XNOR2_X1)                                   0.0671     0.8606 r
  U1538/ZN (AND3_X1)                                    0.0595     0.9200 r
  U7746/ZN (NAND3_X1)                                   0.0367     0.9568 f
  U4305/ZN (NAND4_X1)                                   0.0371     0.9939 r
  U1849/ZN (AND2_X1)                                    0.0483     1.0422 r
  U4304/ZN (OAI21_X1)                                   0.0349     1.0771 f
  U1429/ZN (OR2_X1)                                     0.0631     1.1401 f
  U1054/ZN (AND2_X1)                                    0.0417     1.1818 f
  U1823/ZN (OAI21_X1)                                   0.0365     1.2183 r
  U1824/ZN (AND3_X1)                                    0.0591     1.2773 r
  U831/ZN (AND2_X2)                                     0.0498     1.3271 r
  U1214/ZN (AND4_X1)                                    0.0621     1.3892 r
  U1249/ZN (NAND4_X1)                                   0.0412     1.4304 f
  U8342/ZN (XNOR2_X1)                                   0.0610     1.4915 f
  U8345/ZN (NAND2_X1)                                   0.0311     1.5226 r
  U3977/ZN (AND3_X1)                                    0.0513     1.5739 r
  U11963/ZN (NAND4_X1)                                  0.0383     1.6121 f
  U11996/ZN (NAND2_X1)                                  0.0321     1.6442 r
  DP_i_execute_i_zero_alu_bit_Y_reg/D (DFF_X2)          0.0109     1.6551 r
  data arrival time                                                1.6551

  clock CLK (rise edge)                                 1.3000     1.3000
  clock network delay (ideal)                           0.0500     1.3500
  clock uncertainty                                    -0.0500     1.3000
  DP_i_execute_i_zero_alu_bit_Y_reg/CK (DFF_X2)         0.0000     1.3000 r
  library setup time                                   -0.0266     1.2734
  data required time                                               1.2734
  --------------------------------------------------------------------------
  data required time                                               1.2734
  data arrival time                                               -1.6551
  --------------------------------------------------------------------------
  slack (VIOLATED)                                                -0.3817


  Startpoint: CP_i_ex_mem_reg_i_RM_out_reg
              (rising edge-triggered flip-flop clocked by CLK)
  Endpoint: DP_i_execute_i_boothmul_i_tree_i_register_i_3_Y_temp_reg_30_
            (rising edge-triggered flip-flop clocked by CLK)
  Path Group: REG2REG
  Path Type: max

  Des/Clust/Port     Wire Load Model       Library
  ------------------------------------------------
  DLX                5K_hvratio_1_4        NangateOpenCellLibrary

  Point                                                   Incr       Path
  --------------------------------------------------------------------------
  clock CLK (rise edge)                                 0.0000     0.0000
  clock network delay (ideal)                           0.0500     0.0500
  CP_i_ex_mem_reg_i_RM_out_reg/CK (DFF_X1)              0.0000     0.0500 r
  CP_i_ex_mem_reg_i_RM_out_reg/Q (DFF_X1)               0.0939     0.1439 f
  U1853/ZN (OR2_X2)                                     0.0565     0.2004 f
  U3833/ZN (NOR2_X1)                                    0.0433     0.2437 r
  U954/ZN (AND2_X1)                                     0.0474     0.2912 r
  U1857/ZN (NAND4_X1)                                   0.0403     0.3315 f
  U5057/ZN (NAND4_X1)                                   0.0423     0.3738 r
  U5058/ZN (INV_X1)                                     0.0379     0.4117 f
  U1248/Z (BUF_X4)                                      0.0736     0.4853 f
  U7114/ZN (NAND2_X1)                                   0.0567     0.5420 r
  U4332/ZN (AND2_X1)                                    0.0430     0.5849 r
  U1780/ZN (NAND2_X1)                                   0.0343     0.6192 f
  U1226/Z (MUX2_X2)                                     0.0804     0.6996 f
  U1907/ZN (INV_X1)                                     0.0432     0.7428 r
  U1228/ZN (AND2_X2)                                    0.0807     0.8234 r
  U1215/ZN (INV_X2)                                     0.0882     0.9117 f
  U7201/ZN (OAI21_X1)                                   0.0804     0.9921 r
  U7208/S (FA_X1)                                       0.1311     1.1232 f
  U7209/ZN (XNOR2_X1)                                   0.0724     1.1955 f
  U4272/CO (FA_X1)                                      0.1080     1.3036 f
  U10904/ZN (OAI21_X1)                                  0.0453     1.3489 r
  U2486/ZN (AND2_X1)                                    0.0594     1.4083 r
  U1245/ZN (XNOR2_X1)                                   0.0698     1.4781 r
  U4224/ZN (XNOR2_X1)                                   0.0631     1.5412 r
  U4278/ZN (XNOR2_X1)                                   0.0598     1.6010 r
  U4344/ZN (AND2_X1)                                    0.0421     1.6431 r
  DP_i_execute_i_boothmul_i_tree_i_register_i_3_Y_temp_reg_30_/D (DFF_X1)
                                                        0.0110     1.6541 r
  data arrival time                                                1.6541

  clock CLK (rise edge)                                 1.3000     1.3000
  clock network delay (ideal)                           0.0500     1.3500
  clock uncertainty                                    -0.0500     1.3000
  DP_i_execute_i_boothmul_i_tree_i_register_i_3_Y_temp_reg_30_/CK (DFF_X1)
                                                        0.0000     1.3000 r
  library setup time                                   -0.0265     1.2735
  data required time                                               1.2735
  --------------------------------------------------------------------------
  data required time                                               1.2735
  data arrival time                                               -1.6541
  --------------------------------------------------------------------------
  slack (VIOLATED)                                                -0.3806


  Startpoint: CP_i_ex_mem_reg_i_RM_out_reg
              (rising edge-triggered flip-flop clocked by CLK)
  Endpoint: DP_i_execute_i_boothmul_i_tree_i_register_i_2_Y_temp_reg_31_
            (rising edge-triggered flip-flop clocked by CLK)
  Path Group: REG2REG
  Path Type: max

  Des/Clust/Port     Wire Load Model       Library
  ------------------------------------------------
  DLX                5K_hvratio_1_4        NangateOpenCellLibrary

  Point                                                   Incr       Path
  --------------------------------------------------------------------------
  clock CLK (rise edge)                                 0.0000     0.0000
  clock network delay (ideal)                           0.0500     0.0500
  CP_i_ex_mem_reg_i_RM_out_reg/CK (DFF_X1)              0.0000     0.0500 r
  CP_i_ex_mem_reg_i_RM_out_reg/Q (DFF_X1)               0.0939     0.1439 f
  U1853/ZN (OR2_X2)                                     0.0565     0.2004 f
  U3833/ZN (NOR2_X1)                                    0.0433     0.2437 r
  U954/ZN (AND2_X1)                                     0.0474     0.2912 r
  U1857/ZN (NAND4_X1)                                   0.0403     0.3315 f
  U5057/ZN (NAND4_X1)                                   0.0423     0.3738 r
  U5060/ZN (AND2_X2)                                    0.0629     0.4367 r
  U7058/Z (BUF_X2)                                      0.0550     0.4917 r
  U4136/ZN (NAND2_X1)                                   0.0346     0.5263 f
  U1070/ZN (AND3_X1)                                    0.0430     0.5693 f
  U1280/Z (MUX2_X2)                                     0.0846     0.6539 f
  U7195/ZN (XNOR2_X1)                                   0.0908     0.7447 r
  U1149/ZN (AND2_X2)                                    0.1044     0.8491 r
  U7267/ZN (AOI22_X1)                                   0.0746     0.9237 f
  U7268/S (FA_X1)                                       0.1391     1.0627 f
  U10792/ZN (XNOR2_X1)                                  0.0685     1.1312 f
  U10794/CO (FA_X1)                                     0.1001     1.2313 f
  U3938/ZN (XNOR2_X1)                                   0.0629     1.2942 f
  U3867/ZN (XNOR2_X1)                                   0.0630     1.3573 f
  U10898/ZN (XNOR2_X1)                                  0.0661     1.4234 f
  U4017/ZN (XNOR2_X1)                                   0.0678     1.4912 f
  U10900/ZN (OAI21_X1)                                  0.0490     1.5402 r
  U10919/ZN (XNOR2_X1)                                  0.0597     1.5999 r
  U4327/ZN (AND2_X1)                                    0.0421     1.6419 r
  DP_i_execute_i_boothmul_i_tree_i_register_i_2_Y_temp_reg_31_/D (DFF_X1)
                                                        0.0110     1.6529 r
  data arrival time                                                1.6529

  clock CLK (rise edge)                                 1.3000     1.3000
  clock network delay (ideal)                           0.0500     1.3500
  clock uncertainty                                    -0.0500     1.3000
  DP_i_execute_i_boothmul_i_tree_i_register_i_2_Y_temp_reg_31_/CK (DFF_X1)
                                                        0.0000     1.3000 r
  library setup time                                   -0.0265     1.2735
  data required time                                               1.2735
  --------------------------------------------------------------------------
  data required time                                               1.2735
  data arrival time                                               -1.6529
  --------------------------------------------------------------------------
  slack (VIOLATED)                                                -0.3794


  Startpoint: CP_i_ex_mem_reg_i_RM_out_reg
              (rising edge-triggered flip-flop clocked by CLK)
  Endpoint: DP_i_execute_i_boothmul_i_tree_i_register_i_2_Y_temp_reg_31_
            (rising edge-triggered flip-flop clocked by CLK)
  Path Group: REG2REG
  Path Type: max

  Des/Clust/Port     Wire Load Model       Library
  ------------------------------------------------
  DLX                5K_hvratio_1_4        NangateOpenCellLibrary

  Point                                                   Incr       Path
  --------------------------------------------------------------------------
  clock CLK (rise edge)                                 0.0000     0.0000
  clock network delay (ideal)                           0.0500     0.0500
  CP_i_ex_mem_reg_i_RM_out_reg/CK (DFF_X1)              0.0000     0.0500 r
  CP_i_ex_mem_reg_i_RM_out_reg/Q (DFF_X1)               0.0939     0.1439 f
  U1853/ZN (OR2_X2)                                     0.0565     0.2004 f
  U3833/ZN (NOR2_X1)                                    0.0433     0.2437 r
  U954/ZN (AND2_X1)                                     0.0474     0.2912 r
  U1857/ZN (NAND4_X1)                                   0.0403     0.3315 f
  U5057/ZN (NAND4_X1)                                   0.0423     0.3738 r
  U5060/ZN (AND2_X2)                                    0.0629     0.4367 r
  U7058/Z (BUF_X2)                                      0.0550     0.4917 r
  U4136/ZN (NAND2_X1)                                   0.0346     0.5263 f
  U1070/ZN (AND3_X1)                                    0.0430     0.5693 f
  U1280/Z (MUX2_X2)                                     0.0846     0.6539 f
  U7195/ZN (XNOR2_X1)                                   0.0908     0.7447 r
  U1149/ZN (AND2_X2)                                    0.1044     0.8491 r
  U7267/ZN (AOI22_X1)                                   0.0743     0.9234 f
  U7268/S (FA_X1)                                       0.1391     1.0625 f
  U10792/ZN (XNOR2_X1)                                  0.0685     1.1309 f
  U10794/CO (FA_X1)                                     0.1001     1.2310 f
  U3938/ZN (XNOR2_X1)                                   0.0629     1.2940 f
  U3867/ZN (XNOR2_X1)                                   0.0630     1.3570 f
  U10898/ZN (XNOR2_X1)                                  0.0661     1.4231 f
  U4017/ZN (XNOR2_X1)                                   0.0678     1.4909 f
  U10900/ZN (OAI21_X1)                                  0.0490     1.5399 r
  U10919/ZN (XNOR2_X1)                                  0.0597     1.5996 r
  U4327/ZN (AND2_X1)                                    0.0421     1.6417 r
  DP_i_execute_i_boothmul_i_tree_i_register_i_2_Y_temp_reg_31_/D (DFF_X1)
                                                        0.0110     1.6526 r
  data arrival time                                                1.6526

  clock CLK (rise edge)                                 1.3000     1.3000
  clock network delay (ideal)                           0.0500     1.3500
  clock uncertainty                                    -0.0500     1.3000
  DP_i_execute_i_boothmul_i_tree_i_register_i_2_Y_temp_reg_31_/CK (DFF_X1)
                                                        0.0000     1.3000 r
  library setup time                                   -0.0265     1.2735
  data required time                                               1.2735
  --------------------------------------------------------------------------
  data required time                                               1.2735
  data arrival time                                               -1.6526
  --------------------------------------------------------------------------
  slack (VIOLATED)                                                -0.3791


  Startpoint: CP_i_ex_mem_reg_i_RM_out_reg
              (rising edge-triggered flip-flop clocked by CLK)
  Endpoint: DP_i_execute_i_boothmul_i_tree_i_register_i_2_Y_temp_reg_27_
            (rising edge-triggered flip-flop clocked by CLK)
  Path Group: REG2REG
  Path Type: max

  Des/Clust/Port     Wire Load Model       Library
  ------------------------------------------------
  DLX                5K_hvratio_1_4        NangateOpenCellLibrary

  Point                                                   Incr       Path
  --------------------------------------------------------------------------
  clock CLK (rise edge)                                 0.0000     0.0000
  clock network delay (ideal)                           0.0500     0.0500
  CP_i_ex_mem_reg_i_RM_out_reg/CK (DFF_X1)              0.0000     0.0500 r
  CP_i_ex_mem_reg_i_RM_out_reg/Q (DFF_X1)               0.0939     0.1439 f
  U1853/ZN (OR2_X2)                                     0.0565     0.2004 f
  U3833/ZN (NOR2_X1)                                    0.0433     0.2437 r
  U954/ZN (AND2_X1)                                     0.0474     0.2912 r
  U1857/ZN (NAND4_X1)                                   0.0403     0.3315 f
  U5057/ZN (NAND4_X1)                                   0.0423     0.3738 r
  U5058/ZN (INV_X1)                                     0.0379     0.4117 f
  U1248/Z (BUF_X4)                                      0.0736     0.4853 f
  U1007/ZN (AOI222_X1)                                  0.1498     0.6351 r
  U1050/Z (MUX2_X1)                                     0.0653     0.7004 r
  U4617/ZN (INV_X1)                                     0.0295     0.7299 f
  U1075/ZN (AND2_X1)                                    0.0527     0.7826 f
  U3834/ZN (NAND2_X1)                                   0.0477     0.8303 r
  U1235/ZN (AND2_X2)                                    0.0689     0.8991 r
  U7151/ZN (XNOR2_X1)                                   0.0814     0.9805 r
  U7152/ZN (XNOR2_X1)                                   0.0868     1.0673 r
  U7153/ZN (XNOR2_X1)                                   0.0800     1.1473 f
  U10418/S (FA_X1)                                      0.1738     1.3211 r
  U10419/ZN (XNOR2_X1)                                  0.0707     1.3918 r
  U11501/ZN (NAND2_X1)                                  0.0310     1.4228 f
  U3365/ZN (AND2_X1)                                    0.0467     1.4694 f
  U11502/S (FA_X1)                                      0.1324     1.6019 r
  U4141/ZN (AND2_X1)                                    0.0395     1.6413 r
  DP_i_execute_i_boothmul_i_tree_i_register_i_2_Y_temp_reg_27_/D (DFF_X1)
                                                        0.0110     1.6523 r
  data arrival time                                                1.6523

  clock CLK (rise edge)                                 1.3000     1.3000
  clock network delay (ideal)                           0.0500     1.3500
  clock uncertainty                                    -0.0500     1.3000
  DP_i_execute_i_boothmul_i_tree_i_register_i_2_Y_temp_reg_27_/CK (DFF_X1)
                                                        0.0000     1.3000 r
  library setup time                                   -0.0265     1.2735
  data required time                                               1.2735
  --------------------------------------------------------------------------
  data required time                                               1.2735
  data arrival time                                               -1.6523
  --------------------------------------------------------------------------
  slack (VIOLATED)                                                -0.3788


  Startpoint: CP_i_ex_mem_reg_i_RM_out_reg
              (rising edge-triggered flip-flop clocked by CLK)
  Endpoint: DP_i_execute_i_boothmul_i_tree_i_register_i_2_Y_temp_reg_27_
            (rising edge-triggered flip-flop clocked by CLK)
  Path Group: REG2REG
  Path Type: max

  Des/Clust/Port     Wire Load Model       Library
  ------------------------------------------------
  DLX                5K_hvratio_1_4        NangateOpenCellLibrary

  Point                                                   Incr       Path
  --------------------------------------------------------------------------
  clock CLK (rise edge)                                 0.0000     0.0000
  clock network delay (ideal)                           0.0500     0.0500
  CP_i_ex_mem_reg_i_RM_out_reg/CK (DFF_X1)              0.0000     0.0500 r
  CP_i_ex_mem_reg_i_RM_out_reg/Q (DFF_X1)               0.0939     0.1439 f
  U1853/ZN (OR2_X2)                                     0.0565     0.2004 f
  U3833/ZN (NOR2_X1)                                    0.0433     0.2437 r
  U954/ZN (AND2_X1)                                     0.0474     0.2912 r
  U1857/ZN (NAND4_X1)                                   0.0403     0.3315 f
  U5057/ZN (NAND4_X1)                                   0.0423     0.3738 r
  U5058/ZN (INV_X1)                                     0.0379     0.4117 f
  U1248/Z (BUF_X4)                                      0.0736     0.4853 f
  U1007/ZN (AOI222_X1)                                  0.1498     0.6351 r
  U1050/Z (MUX2_X1)                                     0.0653     0.7004 r
  U4617/ZN (INV_X1)                                     0.0295     0.7299 f
  U1075/ZN (AND2_X1)                                    0.0527     0.7826 f
  U3834/ZN (NAND2_X1)                                   0.0477     0.8303 r
  U1235/ZN (AND2_X2)                                    0.0689     0.8991 r
  U7151/ZN (XNOR2_X1)                                   0.0814     0.9805 r
  U7152/ZN (XNOR2_X1)                                   0.0868     1.0673 r
  U7153/ZN (XNOR2_X1)                                   0.0800     1.1473 f
  U10418/S (FA_X1)                                      0.1738     1.3211 r
  U10419/ZN (XNOR2_X1)                                  0.0707     1.3918 r
  U11501/ZN (NAND2_X1)                                  0.0310     1.4228 f
  U3365/ZN (AND2_X1)                                    0.0467     1.4694 f
  U11502/S (FA_X1)                                      0.1324     1.6019 r
  U4141/ZN (AND2_X1)                                    0.0395     1.6413 r
  DP_i_execute_i_boothmul_i_tree_i_register_i_2_Y_temp_reg_27_/D (DFF_X1)
                                                        0.0110     1.6523 r
  data arrival time                                                1.6523

  clock CLK (rise edge)                                 1.3000     1.3000
  clock network delay (ideal)                           0.0500     1.3500
  clock uncertainty                                    -0.0500     1.3000
  DP_i_execute_i_boothmul_i_tree_i_register_i_2_Y_temp_reg_27_/CK (DFF_X1)
                                                        0.0000     1.3000 r
  library setup time                                   -0.0265     1.2735
  data required time                                               1.2735
  --------------------------------------------------------------------------
  data required time                                               1.2735
  data arrival time                                               -1.6523
  --------------------------------------------------------------------------
  slack (VIOLATED)                                                -0.3788


  Startpoint: CP_i_ex_mem_reg_i_RM_out_reg
              (rising edge-triggered flip-flop clocked by CLK)
  Endpoint: DP_i_execute_i_boothmul_i_tree_i_register_i_3_Y_temp_reg_25_
            (rising edge-triggered flip-flop clocked by CLK)
  Path Group: REG2REG
  Path Type: max

  Des/Clust/Port     Wire Load Model       Library
  ------------------------------------------------
  DLX                5K_hvratio_1_4        NangateOpenCellLibrary

  Point                                                   Incr       Path
  --------------------------------------------------------------------------
  clock CLK (rise edge)                                 0.0000     0.0000
  clock network delay (ideal)                           0.0500     0.0500
  CP_i_ex_mem_reg_i_RM_out_reg/CK (DFF_X1)              0.0000     0.0500 r
  CP_i_ex_mem_reg_i_RM_out_reg/Q (DFF_X1)               0.0939     0.1439 f
  U1853/ZN (OR2_X2)                                     0.0565     0.2004 f
  U3833/ZN (NOR2_X1)                                    0.0433     0.2437 r
  U954/ZN (AND2_X1)                                     0.0474     0.2912 r
  U1857/ZN (NAND4_X1)                                   0.0403     0.3315 f
  U5057/ZN (NAND4_X1)                                   0.0423     0.3738 r
  U5058/ZN (INV_X1)                                     0.0379     0.4117 f
  U1248/Z (BUF_X4)                                      0.0736     0.4853 f
  U1007/ZN (AOI222_X1)                                  0.1498     0.6351 r
  U1050/Z (MUX2_X1)                                     0.0653     0.7004 r
  U4617/ZN (INV_X1)                                     0.0295     0.7299 f
  U1075/ZN (AND2_X1)                                    0.0527     0.7826 f
  U3834/ZN (NAND2_X1)                                   0.0477     0.8303 r
  U1235/ZN (AND2_X2)                                    0.0689     0.8991 r
  U7151/ZN (XNOR2_X1)                                   0.0814     0.9805 r
  U7152/ZN (XNOR2_X1)                                   0.0868     1.0673 r
  U7153/ZN (XNOR2_X1)                                   0.0997     1.1670 r
  U11362/S (FA_X1)                                      0.1525     1.3195 f
  U11363/S (FA_X1)                                      0.1561     1.4756 r
  U1779/ZN (XNOR2_X1)                                   0.0636     1.5392 r
  U1778/ZN (XNOR2_X1)                                   0.0598     1.5990 r
  U4331/ZN (AND2_X1)                                    0.0421     1.6411 r
  DP_i_execute_i_boothmul_i_tree_i_register_i_3_Y_temp_reg_25_/D (DFF_X1)
                                                        0.0110     1.6521 r
  data arrival time                                                1.6521

  clock CLK (rise edge)                                 1.3000     1.3000
  clock network delay (ideal)                           0.0500     1.3500
  clock uncertainty                                    -0.0500     1.3000
  DP_i_execute_i_boothmul_i_tree_i_register_i_3_Y_temp_reg_25_/CK (DFF_X1)
                                                        0.0000     1.3000 r
  library setup time                                   -0.0265     1.2735
  data required time                                               1.2735
  --------------------------------------------------------------------------
  data required time                                               1.2735
  data arrival time                                               -1.6521
  --------------------------------------------------------------------------
  slack (VIOLATED)                                                -0.3785


  Startpoint: CP_i_ex_mem_reg_i_RM_out_reg
              (rising edge-triggered flip-flop clocked by CLK)
  Endpoint: DP_i_execute_i_boothmul_i_tree_i_register_i_3_Y_temp_reg_25_
            (rising edge-triggered flip-flop clocked by CLK)
  Path Group: REG2REG
  Path Type: max

  Des/Clust/Port     Wire Load Model       Library
  ------------------------------------------------
  DLX                5K_hvratio_1_4        NangateOpenCellLibrary

  Point                                                   Incr       Path
  --------------------------------------------------------------------------
  clock CLK (rise edge)                                 0.0000     0.0000
  clock network delay (ideal)                           0.0500     0.0500
  CP_i_ex_mem_reg_i_RM_out_reg/CK (DFF_X1)              0.0000     0.0500 r
  CP_i_ex_mem_reg_i_RM_out_reg/Q (DFF_X1)               0.0939     0.1439 f
  U1853/ZN (OR2_X2)                                     0.0565     0.2004 f
  U3833/ZN (NOR2_X1)                                    0.0433     0.2437 r
  U954/ZN (AND2_X1)                                     0.0474     0.2912 r
  U1857/ZN (NAND4_X1)                                   0.0403     0.3315 f
  U5057/ZN (NAND4_X1)                                   0.0423     0.3738 r
  U5058/ZN (INV_X1)                                     0.0379     0.4117 f
  U1248/Z (BUF_X4)                                      0.0736     0.4853 f
  U1007/ZN (AOI222_X1)                                  0.1498     0.6351 r
  U1050/Z (MUX2_X1)                                     0.0653     0.7004 r
  U4617/ZN (INV_X1)                                     0.0295     0.7299 f
  U1075/ZN (AND2_X1)                                    0.0527     0.7826 f
  U3834/ZN (NAND2_X1)                                   0.0477     0.8303 r
  U1235/ZN (AND2_X2)                                    0.0689     0.8991 r
  U7151/ZN (XNOR2_X1)                                   0.0814     0.9805 r
  U7152/ZN (XNOR2_X1)                                   0.0868     1.0673 r
  U7153/ZN (XNOR2_X1)                                   0.0997     1.1670 r
  U11362/S (FA_X1)                                      0.1525     1.3195 f
  U11363/S (FA_X1)                                      0.1561     1.4756 r
  U1779/ZN (XNOR2_X1)                                   0.0636     1.5392 r
  U1778/ZN (XNOR2_X1)                                   0.0598     1.5990 r
  U4331/ZN (AND2_X1)                                    0.0421     1.6411 r
  DP_i_execute_i_boothmul_i_tree_i_register_i_3_Y_temp_reg_25_/D (DFF_X1)
                                                        0.0110     1.6521 r
  data arrival time                                                1.6521

  clock CLK (rise edge)                                 1.3000     1.3000
  clock network delay (ideal)                           0.0500     1.3500
  clock uncertainty                                    -0.0500     1.3000
  DP_i_execute_i_boothmul_i_tree_i_register_i_3_Y_temp_reg_25_/CK (DFF_X1)
                                                        0.0000     1.3000 r
  library setup time                                   -0.0265     1.2735
  data required time                                               1.2735
  --------------------------------------------------------------------------
  data required time                                               1.2735
  data arrival time                                               -1.6521
  --------------------------------------------------------------------------
  slack (VIOLATED)                                                -0.3785


  Startpoint: CP_i_ex_mem_reg_i_RM_out_reg
              (rising edge-triggered flip-flop clocked by CLK)
  Endpoint: DP_i_execute_i_boothmul_i_tree_i_register_i_3_Y_temp_reg_30_
            (rising edge-triggered flip-flop clocked by CLK)
  Path Group: REG2REG
  Path Type: max

  Des/Clust/Port     Wire Load Model       Library
  ------------------------------------------------
  DLX                5K_hvratio_1_4        NangateOpenCellLibrary

  Point                                                   Incr       Path
  --------------------------------------------------------------------------
  clock CLK (rise edge)                                 0.0000     0.0000
  clock network delay (ideal)                           0.0500     0.0500
  CP_i_ex_mem_reg_i_RM_out_reg/CK (DFF_X1)              0.0000     0.0500 r
  CP_i_ex_mem_reg_i_RM_out_reg/Q (DFF_X1)               0.0939     0.1439 f
  U1853/ZN (OR2_X2)                                     0.0565     0.2004 f
  U3833/ZN (NOR2_X1)                                    0.0433     0.2437 r
  U954/ZN (AND2_X1)                                     0.0474     0.2912 r
  U1857/ZN (NAND4_X1)                                   0.0403     0.3315 f
  U5057/ZN (NAND4_X1)                                   0.0423     0.3738 r
  U5058/ZN (INV_X1)                                     0.0379     0.4117 f
  U1248/Z (BUF_X4)                                      0.0736     0.4853 f
  U7114/ZN (NAND2_X1)                                   0.0567     0.5420 r
  U4332/ZN (AND2_X1)                                    0.0430     0.5849 r
  U1780/ZN (NAND2_X1)                                   0.0343     0.6192 f
  U1226/Z (MUX2_X2)                                     0.0804     0.6996 f
  U1907/ZN (INV_X1)                                     0.0432     0.7428 r
  U1228/ZN (AND2_X2)                                    0.0807     0.8234 r
  U1215/ZN (INV_X2)                                     0.0882     0.9117 f
  U7201/ZN (OAI21_X1)                                   0.0804     0.9921 r
  U7208/S (FA_X1)                                       0.1288     1.1209 f
  U7209/ZN (XNOR2_X1)                                   0.0724     1.1933 f
  U4272/CO (FA_X1)                                      0.1080     1.3014 f
  U10904/ZN (OAI21_X1)                                  0.0453     1.3467 r
  U2486/ZN (AND2_X1)                                    0.0594     1.4060 r
  U1245/ZN (XNOR2_X1)                                   0.0698     1.4759 r
  U4224/ZN (XNOR2_X1)                                   0.0631     1.5390 r
  U4278/ZN (XNOR2_X1)                                   0.0598     1.5987 r
  U4344/ZN (AND2_X1)                                    0.0421     1.6409 r
  DP_i_execute_i_boothmul_i_tree_i_register_i_3_Y_temp_reg_30_/D (DFF_X1)
                                                        0.0110     1.6519 r
  data arrival time                                                1.6519

  clock CLK (rise edge)                                 1.3000     1.3000
  clock network delay (ideal)                           0.0500     1.3500
  clock uncertainty                                    -0.0500     1.3000
  DP_i_execute_i_boothmul_i_tree_i_register_i_3_Y_temp_reg_30_/CK (DFF_X1)
                                                        0.0000     1.3000 r
  library setup time                                   -0.0265     1.2735
  data required time                                               1.2735
  --------------------------------------------------------------------------
  data required time                                               1.2735
  data arrival time                                               -1.6519
  --------------------------------------------------------------------------
  slack (VIOLATED)                                                -0.3783


1
