 
****************************************
Report : qor
Design : DLX
Version: W-2024.09-SP2
Date   : Tue Sep 29 13:35:07 2026
****************************************


  Timing Path Group 'CLK'
  -----------------------------------
  Levels of Logic:              42.00
  Critical Path Length:          3.16
  Critical Path Slack:           0.22
  Critical Path Clk Period:      3.50
  Total Negative Slack:          0.00
  No. of Violating Paths:        0.00
  Worst Hold Violation:          0.00
  Total Hold Violation:          0.00
  No. of Hold Violations:        0.00
  -----------------------------------

  Timing Path Group 'INPUTS'
  -----------------------------------
  Levels of Logic:               6.00
  Critical Path Length:          1.23
  Critical Path Slack:           1.83
  Critical Path Clk Period:      3.50
  Total Negative Slack:          0.00
  No. of Violating Paths:        0.00
  Worst Hold Violation:          0.00
  Total Hold Violation:          0.00
  No. of Hold Violations:        0.00
  -----------------------------------

  Timing Path Group 'OUTPUTS'
  -----------------------------------
  Levels of Logic:              34.00
  Critical Path Length:          2.63
  Critical Path Slack:           0.47
  Critical Path Clk Period:      3.50
  Total Negative Slack:          0.00
  No. of Violating Paths:        0.00
  Worst Hold Violation:          0.00
  Total Hold Violation:          0.00
  No. of Hold Violations:        0.00
  -----------------------------------

  Timing Path Group 'REG2REG'
  -----------------------------------
  Levels of Logic:              54.00
  Critical Path Length:          3.42
  Critical Path Slack:           0.01
  Critical Path Clk Period:      3.50
  Total Negative Slack:          0.00
  No. of Violating Paths:        0.00
  Worst Hold Violation:          0.00
  Total Hold Violation:          0.00
  No. of Hold Violations:        0.00
  -----------------------------------


  Cell Count
  -----------------------------------
  Hierarchical Cell Count:         74
  Hierarchical Port Count:        671
  Leaf Cell Count:              11431
  Buf/Inv Cell Count:            1004
  Buf Cell Count:                 139
  Inv Cell Count:                 865
  CT Buf/Inv Cell Count:            0
  Combinational Cell Count:      8588
  Sequential Cell Count:         2843
  Macro Count:                      0
  -----------------------------------


  Area
  -----------------------------------
  Combinational Area:    10240.468113
  Noncombinational Area: 12885.837547
  Buf/Inv Area:            584.402001
  Total Buffer Area:           115.98
  Total Inverter Area:         468.43
  Macro/Black Box Area:      0.000000
  Net Area:                  0.000000
  -----------------------------------
  Cell Area:             23126.305660
  Design Area:           23126.305660


  Design Rules
  -----------------------------------
  Total Number of Nets:         11663
  Nets With Violations:            18
  Max Trans Violations:             7
  Max Cap Violations:              18
  -----------------------------------


  Hostname: microsys.openstack.polito

  Compile CPU Statistics
  -----------------------------------------
  Resource Sharing:                    4.17
  Logic Optimization:                 12.24
  Mapping Optimization:               17.46
  -----------------------------------------
  Overall Compile Time:               93.12
  Overall Compile Wall Clock Time:    96.54

  --------------------------------------------------------------------

  Design  WNS: 0.00  TNS: 0.00  Number of Violating Paths: 0


  Design (Hold)  WNS: 0.00  TNS: 0.00  Number of Violating Paths: 0

  --------------------------------------------------------------------


1
