 
****************************************
Report : qor
Design : DLX
Version: W-2024.09-SP2
Date   : Tue Sep 29 13:00:22 2026
****************************************


  Timing Path Group 'CLK'
  -----------------------------------
  Levels of Logic:              24.00
  Critical Path Length:          1.33
  Critical Path Slack:          -0.26
  Critical Path Clk Period:      1.20
  Total Negative Slack:         -8.48
  No. of Violating Paths:       35.00
  Worst Hold Violation:          0.00
  Total Hold Violation:          0.00
  No. of Hold Violations:        0.00
  -----------------------------------

  Timing Path Group 'INPUTS'
  -----------------------------------
  Levels of Logic:               7.00
  Critical Path Length:          0.79
  Critical Path Slack:           0.21
  Critical Path Clk Period:      1.20
  Total Negative Slack:          0.00
  No. of Violating Paths:        0.00
  Worst Hold Violation:          0.00
  Total Hold Violation:          0.00
  No. of Hold Violations:        0.00
  -----------------------------------

  Timing Path Group 'OUTPUTS'
  -----------------------------------
  Levels of Logic:              19.00
  Critical Path Length:          1.07
  Critical Path Slack:          -0.04
  Critical Path Clk Period:      1.20
  Total Negative Slack:         -0.04
  No. of Violating Paths:        1.00
  Worst Hold Violation:          0.00
  Total Hold Violation:          0.00
  No. of Hold Violations:        0.00
  -----------------------------------

  Timing Path Group 'REG2REG'
  -----------------------------------
  Levels of Logic:              26.00
  Critical Path Length:          1.46
  Critical Path Slack:          -0.34
  Critical Path Clk Period:      1.20
  Total Negative Slack:       -108.33
  No. of Violating Paths:      585.00
  Worst Hold Violation:          0.00
  Total Hold Violation:          0.00
  No. of Hold Violations:        0.00
  -----------------------------------


  Cell Count
  -----------------------------------
  Hierarchical Cell Count:         73
  Hierarchical Port Count:        406
  Leaf Cell Count:              15550
  Buf/Inv Cell Count:            1761
  Buf Cell Count:                 346
  Inv Cell Count:                1415
  CT Buf/Inv Cell Count:            0
  Combinational Cell Count:     12707
  Sequential Cell Count:         2843
  Macro Count:                      0
  -----------------------------------


  Area
  -----------------------------------
  Combinational Area:    14123.004032
  Noncombinational Area: 12902.329549
  Buf/Inv Area:           1166.144004
  Total Buffer Area:           398.20
  Total Inverter Area:         767.94
  Macro/Black Box Area:      0.000000
  Net Area:                  0.000000
  -----------------------------------
  Cell Area:             27025.333581
  Design Area:           27025.333581


  Design Rules
  -----------------------------------
  Total Number of Nets:         17223
  Nets With Violations:             4
  Max Trans Violations:             2
  Max Cap Violations:               4
  -----------------------------------


  Hostname: microsys.openstack.polito

  Compile CPU Statistics
  -----------------------------------------
  Resource Sharing:                    4.18
  Logic Optimization:                 35.09
  Mapping Optimization:              127.73
  -----------------------------------------
  Overall Compile Time:              242.61
  Overall Compile Wall Clock Time:   246.89

  --------------------------------------------------------------------

  Design  WNS: 0.34  TNS: 116.85  Number of Violating Paths: 621


  Design (Hold)  WNS: 0.00  TNS: 0.00  Number of Violating Paths: 0

  --------------------------------------------------------------------


1
