 
****************************************
Report : qor
Design : DLX
Version: W-2024.09-SP2
Date   : Tue Sep 29 13:16:42 2026
****************************************


  Timing Path Group 'CLK'
  -----------------------------------
  Levels of Logic:              30.00
  Critical Path Length:          1.48
  Critical Path Slack:           0.00
  Critical Path Clk Period:      1.60
  Total Negative Slack:         -0.03
  No. of Violating Paths:       12.00
  Worst Hold Violation:          0.00
  Total Hold Violation:          0.00
  No. of Hold Violations:        0.00
  -----------------------------------

  Timing Path Group 'INPUTS'
  -----------------------------------
  Levels of Logic:              10.00
  Critical Path Length:          0.88
  Critical Path Slack:           0.48
  Critical Path Clk Period:      1.60
  Total Negative Slack:          0.00
  No. of Violating Paths:        0.00
  Worst Hold Violation:          0.00
  Total Hold Violation:          0.00
  No. of Hold Violations:        0.00
  -----------------------------------

  Timing Path Group 'OUTPUTS'
  -----------------------------------
  Levels of Logic:              28.00
  Critical Path Length:          1.35
  Critical Path Slack:           0.04
  Critical Path Clk Period:      1.60
  Total Negative Slack:          0.00
  No. of Violating Paths:        0.00
  Worst Hold Violation:          0.00
  Total Hold Violation:          0.00
  No. of Hold Violations:        0.00
  -----------------------------------

  Timing Path Group 'REG2REG'
  -----------------------------------
  Levels of Logic:              33.00
  Critical Path Length:          1.63
  Critical Path Slack:          -0.10
  Critical Path Clk Period:      1.60
  Total Negative Slack:        -17.91
  No. of Violating Paths:      227.00
  Worst Hold Violation:          0.00
  Total Hold Violation:          0.00
  No. of Hold Violations:        0.00
  -----------------------------------


  Cell Count
  -----------------------------------
  Hierarchical Cell Count:         73
  Hierarchical Port Count:        406
  Leaf Cell Count:              15327
  Buf/Inv Cell Count:            1705
  Buf Cell Count:                 275
  Inv Cell Count:                1430
  CT Buf/Inv Cell Count:            0
  Combinational Cell Count:     12484
  Sequential Cell Count:         2843
  Macro Count:                      0
  -----------------------------------


  Area
  -----------------------------------
  Combinational Area:    13344.688002
  Noncombinational Area: 12896.477548
  Buf/Inv Area:           1052.562003
  Total Buffer Area:           276.91
  Total Inverter Area:         775.66
  Macro/Black Box Area:      0.000000
  Net Area:                  0.000000
  -----------------------------------
  Cell Area:             26241.165550
  Design Area:           26241.165550


  Design Rules
  -----------------------------------
  Total Number of Nets:         16339
  Nets With Violations:            11
  Max Trans Violations:             2
  Max Cap Violations:              11
  -----------------------------------


  Hostname: microsys.openstack.polito

  Compile CPU Statistics
  -----------------------------------------
  Resource Sharing:                    4.09
  Logic Optimization:                 25.18
  Mapping Optimization:              131.44
  -----------------------------------------
  Overall Compile Time:              227.63
  Overall Compile Wall Clock Time:   231.76

  --------------------------------------------------------------------

  Design  WNS: 0.10  TNS: 17.93  Number of Violating Paths: 239


  Design (Hold)  WNS: 0.00  TNS: 0.00  Number of Violating Paths: 0

  --------------------------------------------------------------------


1
