 
****************************************
Report : qor
Design : DLX
Version: W-2024.09-SP2
Date   : Tue Sep 29 13:08:17 2026
****************************************


  Timing Path Group 'CLK'
  -----------------------------------
  Levels of Logic:              24.00
  Critical Path Length:          1.33
  Critical Path Slack:          -0.05
  Critical Path Clk Period:      1.40
  Total Negative Slack:         -1.20
  No. of Violating Paths:       35.00
  Worst Hold Violation:          0.00
  Total Hold Violation:          0.00
  No. of Hold Violations:        0.00
  -----------------------------------

  Timing Path Group 'INPUTS'
  -----------------------------------
  Levels of Logic:              13.00
  Critical Path Length:          0.75
  Critical Path Slack:           0.44
  Critical Path Clk Period:      1.40
  Total Negative Slack:          0.00
  No. of Violating Paths:        0.00
  Worst Hold Violation:          0.00
  Total Hold Violation:          0.00
  No. of Hold Violations:        0.00
  -----------------------------------

  Timing Path Group 'OUTPUTS'
  -----------------------------------
  Levels of Logic:              23.00
  Critical Path Length:          1.18
  Critical Path Slack:           0.03
  Critical Path Clk Period:      1.40
  Total Negative Slack:          0.00
  No. of Violating Paths:        0.00
  Worst Hold Violation:          0.00
  Total Hold Violation:          0.00
  No. of Hold Violations:        0.00
  -----------------------------------

  Timing Path Group 'REG2REG'
  -----------------------------------
  Levels of Logic:              27.00
  Critical Path Length:          1.54
  Critical Path Slack:          -0.22
  Critical Path Clk Period:      1.40
  Total Negative Slack:        -45.97
  No. of Violating Paths:      291.00
  Worst Hold Violation:          0.00
  Total Hold Violation:          0.00
  No. of Hold Violations:        0.00
  -----------------------------------


  Cell Count
  -----------------------------------
  Hierarchical Cell Count:         73
  Hierarchical Port Count:        406
  Leaf Cell Count:              15640
  Buf/Inv Cell Count:            1770
  Buf Cell Count:                 322
  Inv Cell Count:                1448
  CT Buf/Inv Cell Count:            0
  Combinational Cell Count:     12797
  Sequential Cell Count:         2843
  Macro Count:                      0
  -----------------------------------


  Area
  -----------------------------------
  Combinational Area:    13877.220006
  Noncombinational Area: 12904.457549
  Buf/Inv Area:           1133.692003
  Total Buffer Area:           342.61
  Total Inverter Area:         791.08
  Macro/Black Box Area:      0.000000
  Net Area:                  0.000000
  -----------------------------------
  Cell Area:             26781.677555
  Design Area:           26781.677555


  Design Rules
  -----------------------------------
  Total Number of Nets:         16700
  Nets With Violations:             1
  Max Trans Violations:             0
  Max Cap Violations:               1
  -----------------------------------


  Hostname: microsys.openstack.polito

  Compile CPU Statistics
  -----------------------------------------
  Resource Sharing:                    4.36
  Logic Optimization:                 27.36
  Mapping Optimization:              109.66
  -----------------------------------------
  Overall Compile Time:              211.66
  Overall Compile Wall Clock Time:   215.74

  --------------------------------------------------------------------

  Design  WNS: 0.22  TNS: 47.17  Number of Violating Paths: 326


  Design (Hold)  WNS: 0.00  TNS: 0.00  Number of Violating Paths: 0

  --------------------------------------------------------------------


1
