 
****************************************
Report : qor
Design : DLX
Version: W-2024.09-SP2
Date   : Tue Sep 29 13:33:14 2026
****************************************


  Timing Path Group 'CLK'
  -----------------------------------
  Levels of Logic:              43.00
  Critical Path Length:          2.85
  Critical Path Slack:           0.03
  Critical Path Clk Period:      3.00
  Total Negative Slack:          0.00
  No. of Violating Paths:        0.00
  Worst Hold Violation:          0.00
  Total Hold Violation:          0.00
  No. of Hold Violations:        0.00
  -----------------------------------

  Timing Path Group 'INPUTS'
  -----------------------------------
  Levels of Logic:               6.00
  Critical Path Length:          1.23
  Critical Path Slack:           1.38
  Critical Path Clk Period:      3.00
  Total Negative Slack:          0.00
  No. of Violating Paths:        0.00
  Worst Hold Violation:          0.00
  Total Hold Violation:          0.00
  No. of Hold Violations:        0.00
  -----------------------------------

  Timing Path Group 'OUTPUTS'
  -----------------------------------
  Levels of Logic:              35.00
  Critical Path Length:          2.36
  Critical Path Slack:           0.29
  Critical Path Clk Period:      3.00
  Total Negative Slack:          0.00
  No. of Violating Paths:        0.00
  Worst Hold Violation:          0.00
  Total Hold Violation:          0.00
  No. of Hold Violations:        0.00
  -----------------------------------

  Timing Path Group 'REG2REG'
  -----------------------------------
  Levels of Logic:              51.00
  Critical Path Length:          2.92
  Critical Path Slack:           0.00
  Critical Path Clk Period:      3.00
  Total Negative Slack:          0.00
  No. of Violating Paths:        0.00
  Worst Hold Violation:          0.00
  Total Hold Violation:          0.00
  No. of Hold Violations:        0.00
  -----------------------------------


  Cell Count
  -----------------------------------
  Hierarchical Cell Count:         74
  Hierarchical Port Count:        671
  Leaf Cell Count:              11568
  Buf/Inv Cell Count:            1056
  Buf Cell Count:                 174
  Inv Cell Count:                 882
  CT Buf/Inv Cell Count:            0
  Combinational Cell Count:      8725
  Sequential Cell Count:         2843
  Macro Count:                      0
  -----------------------------------


  Area
  -----------------------------------
  Combinational Area:    10361.498110
  Noncombinational Area: 12887.965547
  Buf/Inv Area:            621.376001
  Total Buffer Area:           144.44
  Total Inverter Area:         476.94
  Macro/Black Box Area:      0.000000
  Net Area:                  0.000000
  -----------------------------------
  Cell Area:             23249.463657
  Design Area:           23249.463657


  Design Rules
  -----------------------------------
  Total Number of Nets:         11803
  Nets With Violations:            17
  Max Trans Violations:             7
  Max Cap Violations:              17
  -----------------------------------


  Hostname: microsys.openstack.polito

  Compile CPU Statistics
  -----------------------------------------
  Resource Sharing:                    3.73
  Logic Optimization:                 10.88
  Mapping Optimization:               25.89
  -----------------------------------------
  Overall Compile Time:               96.23
  Overall Compile Wall Clock Time:    99.43

  --------------------------------------------------------------------

  Design  WNS: 0.00  TNS: 0.00  Number of Violating Paths: 0


  Design (Hold)  WNS: 0.00  TNS: 0.00  Number of Violating Paths: 0

  --------------------------------------------------------------------


1
