 
****************************************
Report : qor
Design : DLX
Version: W-2024.09-SP2
Date   : Tue Sep 29 12:25:35 2026
****************************************


  Timing Path Group 'CLK'
  -----------------------------------
  Levels of Logic:              22.00
  Critical Path Length:          1.30
  Critical Path Slack:          -0.43
  Critical Path Clk Period:      1.00
  Total Negative Slack:        -13.23
  No. of Violating Paths:       35.00
  Worst Hold Violation:          0.00
  Total Hold Violation:          0.00
  No. of Hold Violations:        0.00
  -----------------------------------

  Timing Path Group 'INPUTS'
  -----------------------------------
  Levels of Logic:               9.00
  Critical Path Length:          0.80
  Critical Path Slack:           0.03
  Critical Path Clk Period:      1.00
  Total Negative Slack:          0.00
  No. of Violating Paths:        0.00
  Worst Hold Violation:          0.00
  Total Hold Violation:          0.00
  No. of Hold Violations:        0.00
  -----------------------------------

  Timing Path Group 'OUTPUTS'
  -----------------------------------
  Levels of Logic:              20.00
  Critical Path Length:          1.11
  Critical Path Slack:          -0.26
  Critical Path Clk Period:      1.00
  Total Negative Slack:         -0.26
  No. of Violating Paths:        1.00
  Worst Hold Violation:          0.00
  Total Hold Violation:          0.00
  No. of Hold Violations:        0.00
  -----------------------------------

  Timing Path Group 'REG2REG'
  -----------------------------------
  Levels of Logic:              20.00
  Critical Path Length:          1.47
  Critical Path Slack:          -0.54
  Critical Path Clk Period:      1.00
  Total Negative Slack:       -262.68
  No. of Violating Paths:      902.00
  Worst Hold Violation:          0.00
  Total Hold Violation:          0.00
  No. of Hold Violations:        0.00
  -----------------------------------


  Cell Count
  -----------------------------------
  Hierarchical Cell Count:         72
  Hierarchical Port Count:        288
  Leaf Cell Count:              14846
  Buf/Inv Cell Count:            1668
  Buf Cell Count:                 374
  Inv Cell Count:                1294
  CT Buf/Inv Cell Count:            0
  Combinational Cell Count:     12003
  Sequential Cell Count:         2843
  Macro Count:                      0
  -----------------------------------


  Area
  -----------------------------------
  Combinational Area:    13609.890028
  Noncombinational Area: 12914.033550
  Buf/Inv Area:           1130.500005
  Total Buffer Area:           429.32
  Total Inverter Area:         701.18
  Macro/Black Box Area:      0.000000
  Net Area:                  0.000000
  -----------------------------------
  Cell Area:             26523.923578
  Design Area:           26523.923578


  Design Rules
  -----------------------------------
  Total Number of Nets:         15210
  Nets With Violations:             0
  Max Trans Violations:             0
  Max Cap Violations:               0
  -----------------------------------


  Hostname: microsys.openstack.polito

  Compile CPU Statistics
  -----------------------------------------
  Resource Sharing:                    3.92
  Logic Optimization:                 72.11
  Mapping Optimization:               84.38
  -----------------------------------------
  Overall Compile Time:              224.81
  Overall Compile Wall Clock Time:   229.04

  --------------------------------------------------------------------

  Design  WNS: 0.54  TNS: 276.17  Number of Violating Paths: 938


  Design (Hold)  WNS: 0.00  TNS: 0.00  Number of Violating Paths: 0

  --------------------------------------------------------------------


1
