 
****************************************
Report : qor
Design : DLX
Version: W-2024.09-SP2
Date   : Tue Sep 29 12:43:22 2026
****************************************


  Timing Path Group 'CLK'
  -----------------------------------
  Levels of Logic:              31.00
  Critical Path Length:          1.50
  Critical Path Slack:          -0.27
  Critical Path Clk Period:      1.35
  Total Negative Slack:         -8.53
  No. of Violating Paths:       35.00
  Worst Hold Violation:          0.00
  Total Hold Violation:          0.00
  No. of Hold Violations:        0.00
  -----------------------------------

  Timing Path Group 'INPUTS'
  -----------------------------------
  Levels of Logic:              11.00
  Critical Path Length:          0.90
  Critical Path Slack:           0.24
  Critical Path Clk Period:      1.35
  Total Negative Slack:          0.00
  No. of Violating Paths:        0.00
  Worst Hold Violation:          0.00
  Total Hold Violation:          0.00
  No. of Hold Violations:        0.00
  -----------------------------------

  Timing Path Group 'OUTPUTS'
  -----------------------------------
  Levels of Logic:              26.00
  Critical Path Length:          1.24
  Critical Path Slack:          -0.08
  Critical Path Clk Period:      1.35
  Total Negative Slack:         -0.08
  No. of Violating Paths:        1.00
  Worst Hold Violation:          0.00
  Total Hold Violation:          0.00
  No. of Hold Violations:        0.00
  -----------------------------------

  Timing Path Group 'REG2REG'
  -----------------------------------
  Levels of Logic:              30.00
  Critical Path Length:          1.62
  Critical Path Slack:          -0.34
  Critical Path Clk Period:      1.35
  Total Negative Slack:        -87.04
  No. of Violating Paths:      403.00
  Worst Hold Violation:          0.00
  Total Hold Violation:          0.00
  No. of Hold Violations:        0.00
  -----------------------------------


  Cell Count
  -----------------------------------
  Hierarchical Cell Count:         72
  Hierarchical Port Count:        288
  Leaf Cell Count:              14845
  Buf/Inv Cell Count:            1683
  Buf Cell Count:                 257
  Inv Cell Count:                1426
  CT Buf/Inv Cell Count:            0
  Combinational Cell Count:     12002
  Sequential Cell Count:         2843
  Macro Count:                      0
  -----------------------------------


  Area
  -----------------------------------
  Combinational Area:    13350.274035
  Noncombinational Area: 12913.501550
  Buf/Inv Area:           1036.868004
  Total Buffer Area:           262.54
  Total Inverter Area:         774.33
  Macro/Black Box Area:      0.000000
  Net Area:                  0.000000
  -----------------------------------
  Cell Area:             26263.775585
  Design Area:           26263.775585


  Design Rules
  -----------------------------------
  Total Number of Nets:         15223
  Nets With Violations:             5
  Max Trans Violations:             2
  Max Cap Violations:               5
  -----------------------------------


  Hostname: microsys.openstack.polito

  Compile CPU Statistics
  -----------------------------------------
  Resource Sharing:                    5.05
  Logic Optimization:                 38.54
  Mapping Optimization:              119.14
  -----------------------------------------
  Overall Compile Time:              248.13
  Overall Compile Wall Clock Time:   253.14

  --------------------------------------------------------------------

  Design  WNS: 0.34  TNS: 95.65  Number of Violating Paths: 439


  Design (Hold)  WNS: 0.00  TNS: 0.00  Number of Violating Paths: 0

  --------------------------------------------------------------------


1
