 
****************************************
Report : timing
        -path full
        -delay max
        -nworst 2
        -group REG2REG
        -max_paths 10
Design : DLX
Version: W-2024.09-SP2
Date   : Tue Sep 29 13:31:18 2026
****************************************

Operating Conditions: typical   Library: NangateOpenCellLibrary
Wire Load Model Mode: top

  Startpoint: DP_i/fetch_i_IR_out_reg_28_
              (rising edge-triggered flip-flop clocked by CLK)
  Endpoint: DP_i/fetch_i_pc_i_Y_reg_1_
            (rising edge-triggered flip-flop clocked by CLK)
  Path Group: REG2REG
  Path Type: max

  Des/Clust/Port     Wire Load Model       Library
  ------------------------------------------------
  DLX                5K_hvratio_1_4        NangateOpenCellLibrary

  Point                                                   Incr       Path
  --------------------------------------------------------------------------
  clock CLK (rise edge)                                 0.0000     0.0000
  clock network delay (ideal)                           0.0500     0.0500
  DP_i/fetch_i_IR_out_reg_28_/CK (DFF_X1)               0.0000     0.0500 r
  DP_i/fetch_i_IR_out_reg_28_/Q (DFF_X1)                0.0981     0.1481 f
  DP_i/opcode_2_ (DataPath)                             0.0000     0.1481 f
  U876/ZN (INV_X1)                                      0.0515     0.1995 r
  U878/ZN (NAND3_X1)                                    0.0654     0.2649 f
  U842/ZN (NOR2_X1)                                     0.0794     0.3444 r
  DP_i/RF2 (DataPath)                                   0.0000     0.3444 r
  DP_i/U1151/Z (CLKBUF_X2)                              0.0822     0.4265 r
  DP_i/U1222/ZN (OAI21_X1)                              0.0563     0.4828 f
  DP_i/U153/ZN (AND2_X1)                                0.0418     0.5246 f
  DP_i/U152/ZN (NAND2_X1)                               0.0364     0.5610 r
  DP_i/U960/ZN (INV_X1)                                 0.0279     0.5889 f
  DP_i/U16/ZN (AOI21_X1)                                0.0692     0.6581 r
  DP_i/U1226/ZN (NOR2_X1)                               0.0409     0.6990 f
  DP_i/U1231/ZN (NAND2_X1)                              0.0352     0.7343 r
  DP_i/U1232/ZN (NAND2_X1)                              0.0303     0.7646 f
  DP_i/U1299/CO (FA_X1)                                 0.1042     0.8688 f
  DP_i/U103/ZN (AND2_X1)                                0.0490     0.9178 f
  DP_i/U101/ZN (OAI211_X1)                              0.0665     0.9843 r
  DP_i/U802/ZN (NAND2_X1)                               0.0429     1.0272 f
  DP_i/U1242/ZN (NOR2_X1)                               0.0479     1.0750 r
  DP_i/U800/ZN (NAND2_X1)                               0.0280     1.1031 f
  DP_i/U739/ZN (AND2_X1)                                0.0467     1.1498 f
  DP_i/U1448/CO (FA_X1)                                 0.0945     1.2443 f
  DP_i/U1246/ZN (NAND2_X1)                              0.0418     1.2861 r
  DP_i/U865/ZN (OAI21_X1)                               0.0395     1.3257 f
  DP_i/U1300/CO (FA_X1)                                 0.1076     1.4333 f
  DP_i/U280/ZN (OR2_X1)                                 0.0728     1.5061 f
  DP_i/U747/ZN (INV_X1)                                 0.0332     1.5393 r
  DP_i/U277/ZN (OR2_X1)                                 0.0361     1.5754 r
  DP_i/U738/ZN (OR2_X1)                                 0.0392     1.6146 r
  DP_i/U160/ZN (AND2_X1)                                0.0439     1.6585 r
  DP_i/U159/ZN (XNOR2_X1)                               0.0628     1.7213 r
  DP_i/U329/ZN (INV_X1)                                 0.0313     1.7526 f
  DP_i/U1303/ZN (AOI221_X1)                             0.0707     1.8233 r
  DP_i/U1304/ZN (OAI211_X1)                             0.0485     1.8718 f
  DP_i/U1306/ZN (AOI21_X1)                              0.0554     1.9272 r
  DP_i/U81/ZN (AND2_X1)                                 0.0426     1.9698 r
  DP_i/U814/ZN (AND4_X1)                                0.0644     2.0343 r
  DP_i/U769/ZN (NAND3_X1)                               0.0367     2.0709 f
  DP_i/U119/ZN (AND2_X1)                                0.0513     2.1222 f
  DP_i/U80/ZN (OR3_X2)                                  0.1012     2.2234 f
  DP_i/U695/ZN (INV_X2)                                 0.0783     2.3018 r
  DP_i/U3115/ZN (AOI22_X1)                              0.0640     2.3658 f
  DP_i/U3117/ZN (OAI211_X1)                             0.0409     2.4067 r
  DP_i/U6213/ZN (INV_X1)                                0.0251     2.4318 f
  DP_i/U6265/ZN (NAND3_X1)                              0.0286     2.4603 r
  DP_i/fetch_i_pc_i_Y_reg_1_/D (DFF_X1)                 0.0110     2.4713 r
  data arrival time                                                2.4713

  clock CLK (rise edge)                                 2.5000     2.5000
  clock network delay (ideal)                           0.0500     2.5500
  clock uncertainty                                    -0.0500     2.5000
  DP_i/fetch_i_pc_i_Y_reg_1_/CK (DFF_X1)                0.0000     2.5000 r
  library setup time                                   -0.0273     2.4727
  data required time                                               2.4727
  --------------------------------------------------------------------------
  data required time                                               2.4727
  data arrival time                                               -2.4713
  --------------------------------------------------------------------------
  slack (MET)                                                      0.0014


  Startpoint: DP_i/fetch_i_IR_out_reg_28_
              (rising edge-triggered flip-flop clocked by CLK)
  Endpoint: DP_i/fetch_i_pc_i_Y_reg_1_
            (rising edge-triggered flip-flop clocked by CLK)
  Path Group: REG2REG
  Path Type: max

  Des/Clust/Port     Wire Load Model       Library
  ------------------------------------------------
  DLX                5K_hvratio_1_4        NangateOpenCellLibrary

  Point                                                   Incr       Path
  --------------------------------------------------------------------------
  clock CLK (rise edge)                                 0.0000     0.0000
  clock network delay (ideal)                           0.0500     0.0500
  DP_i/fetch_i_IR_out_reg_28_/CK (DFF_X1)               0.0000     0.0500 r
  DP_i/fetch_i_IR_out_reg_28_/Q (DFF_X1)                0.0981     0.1481 f
  DP_i/opcode_2_ (DataPath)                             0.0000     0.1481 f
  U876/ZN (INV_X1)                                      0.0515     0.1995 r
  U878/ZN (NAND3_X1)                                    0.0654     0.2649 f
  U842/ZN (NOR2_X1)                                     0.0794     0.3444 r
  DP_i/RF2 (DataPath)                                   0.0000     0.3444 r
  DP_i/U1151/Z (CLKBUF_X2)                              0.0822     0.4265 r
  DP_i/U1222/ZN (OAI21_X1)                              0.0563     0.4828 f
  DP_i/U153/ZN (AND2_X1)                                0.0418     0.5246 f
  DP_i/U152/ZN (NAND2_X1)                               0.0364     0.5610 r
  DP_i/U960/ZN (INV_X1)                                 0.0279     0.5889 f
  DP_i/U16/ZN (AOI21_X1)                                0.0692     0.6581 r
  DP_i/U1226/ZN (NOR2_X1)                               0.0409     0.6990 f
  DP_i/U1231/ZN (NAND2_X1)                              0.0352     0.7343 r
  DP_i/U1232/ZN (NAND2_X1)                              0.0303     0.7646 f
  DP_i/U1299/CO (FA_X1)                                 0.1042     0.8688 f
  DP_i/U103/ZN (AND2_X1)                                0.0490     0.9178 f
  DP_i/U101/ZN (OAI211_X1)                              0.0665     0.9843 r
  DP_i/U802/ZN (NAND2_X1)                               0.0429     1.0272 f
  DP_i/U1242/ZN (NOR2_X1)                               0.0479     1.0750 r
  DP_i/U800/ZN (NAND2_X1)                               0.0280     1.1031 f
  DP_i/U739/ZN (AND2_X1)                                0.0467     1.1498 f
  DP_i/U1448/CO (FA_X1)                                 0.0945     1.2443 f
  DP_i/U1246/ZN (NAND2_X1)                              0.0418     1.2861 r
  DP_i/U865/ZN (OAI21_X1)                               0.0395     1.3257 f
  DP_i/U1300/CO (FA_X1)                                 0.1076     1.4333 f
  DP_i/U280/ZN (OR2_X1)                                 0.0728     1.5061 f
  DP_i/U747/ZN (INV_X1)                                 0.0332     1.5393 r
  DP_i/U277/ZN (OR2_X1)                                 0.0361     1.5754 r
  DP_i/U738/ZN (OR2_X1)                                 0.0392     1.6146 r
  DP_i/U160/ZN (AND2_X1)                                0.0439     1.6585 r
  DP_i/U159/ZN (XNOR2_X1)                               0.0628     1.7213 r
  DP_i/U329/ZN (INV_X1)                                 0.0313     1.7526 f
  DP_i/U1303/ZN (AOI221_X1)                             0.0707     1.8233 r
  DP_i/U1304/ZN (OAI211_X1)                             0.0485     1.8718 f
  DP_i/U1306/ZN (AOI21_X1)                              0.0554     1.9272 r
  DP_i/U81/ZN (AND2_X1)                                 0.0426     1.9698 r
  DP_i/U814/ZN (AND4_X1)                                0.0644     2.0343 r
  DP_i/U769/ZN (NAND3_X1)                               0.0367     2.0709 f
  DP_i/U119/ZN (AND2_X1)                                0.0513     2.1222 f
  DP_i/U80/ZN (OR3_X2)                                  0.1012     2.2234 f
  DP_i/U695/ZN (INV_X2)                                 0.0783     2.3018 r
  DP_i/U3115/ZN (AOI22_X1)                              0.0640     2.3658 f
  DP_i/U3117/ZN (OAI211_X1)                             0.0402     2.4060 r
  DP_i/U6213/ZN (INV_X1)                                0.0251     2.4310 f
  DP_i/U6265/ZN (NAND3_X1)                              0.0286     2.4596 r
  DP_i/fetch_i_pc_i_Y_reg_1_/D (DFF_X1)                 0.0110     2.4706 r
  data arrival time                                                2.4706

  clock CLK (rise edge)                                 2.5000     2.5000
  clock network delay (ideal)                           0.0500     2.5500
  clock uncertainty                                    -0.0500     2.5000
  DP_i/fetch_i_pc_i_Y_reg_1_/CK (DFF_X1)                0.0000     2.5000 r
  library setup time                                   -0.0273     2.4727
  data required time                                               2.4727
  --------------------------------------------------------------------------
  data required time                                               2.4727
  data arrival time                                               -2.4706
  --------------------------------------------------------------------------
  slack (MET)                                                      0.0021


  Startpoint: DP_i/execute_i_rd_out_reg_i_Y_reg_0_
              (rising edge-triggered flip-flop clocked by CLK)
  Endpoint: DP_i/execute_i_zero_alu_bit_Y_reg
            (rising edge-triggered flip-flop clocked by CLK)
  Path Group: REG2REG
  Path Type: max

  Des/Clust/Port     Wire Load Model       Library
  ------------------------------------------------
  DLX                5K_hvratio_1_4        NangateOpenCellLibrary

  Point                                                   Incr       Path
  --------------------------------------------------------------------------
  clock CLK (rise edge)                                 0.0000     0.0000
  clock network delay (ideal)                           0.0500     0.0500
  DP_i/execute_i_rd_out_reg_i_Y_reg_0_/CK (DFF_X1)      0.0000     0.0500 r
  DP_i/execute_i_rd_out_reg_i_Y_reg_0_/Q (DFF_X1)       0.1251     0.1751 r
  DP_i/rd_ex_mem_0_ (DataPath)                          0.0000     0.1751 r
  U801/ZN (INV_X1)                                      0.0391     0.2142 f
  U1117/ZN (AOI22_X1)                                   0.0584     0.2726 r
  U1118/ZN (OAI221_X1)                                  0.0505     0.3231 f
  U775/ZN (NOR3_X1)                                     0.1681     0.4912 r
  DP_i/fw_ex_ex_rs1 (DataPath)                          0.0000     0.4912 r
  DP_i/U1995/ZN (INV_X1)                                0.0564     0.5477 f
  DP_i/U72/ZN (NAND2_X1)                                0.1052     0.6529 r
  DP_i/U70/ZN (OAI222_X2)                               0.1402     0.7932 f
  DP_i/U684/ZN (XNOR2_X1)                               0.1091     0.9022 f
  DP_i/U748/ZN (NOR2_X1)                                0.0671     0.9693 r
  DP_i/U2768/ZN (NOR2_X1)                               0.0350     1.0043 f
  DP_i/U2769/ZN (NOR2_X1)                               0.0568     1.0610 r
  DP_i/U2774/ZN (NOR2_X1)                               0.0294     1.0905 f
  DP_i/U2780/ZN (AOI21_X1)                              0.0559     1.1464 r
  DP_i/U821/ZN (NAND2_X1)                               0.0442     1.1906 f
  DP_i/U91/ZN (INV_X1)                                  0.0312     1.2217 r
  DP_i/U165/ZN (AOI21_X1)                               0.0310     1.2528 f
  DP_i/U3016/CO (FA_X1)                                 0.1036     1.3564 f
  DP_i/U853/ZN (INV_X1)                                 0.0375     1.3939 r
  DP_i/U854/ZN (AOI21_X1)                               0.0316     1.4255 f
  DP_i/U3017/CO (FA_X1)                                 0.0989     1.5243 f
  DP_i/U2811/ZN (NOR2_X1)                               0.0583     1.5826 r
  DP_i/U2836/ZN (AOI21_X1)                              0.0434     1.6261 f
  DP_i/U149/ZN (NAND2_X1)                               0.0439     1.6700 r
  DP_i/U767/ZN (NAND3_X1)                               0.0423     1.7123 f
  DP_i/U832/ZN (OAI211_X1)                              0.0642     1.7765 r
  DP_i/U2917/ZN (NAND2_X1)                              0.0375     1.8141 f
  DP_i/U2919/ZN (NOR2_X1)                               0.0533     1.8674 r
  DP_i/U2921/ZN (NAND2_X1)                              0.0485     1.9159 f
  DP_i/U835/ZN (NAND2_X1)                               0.0365     1.9525 r
  DP_i/U704/ZN (AND2_X1)                                0.0495     2.0019 r
  DP_i/U2994/ZN (XNOR2_X1)                              0.0695     2.0715 r
  DP_i/U155/ZN (AND2_X1)                                0.0518     2.1232 r
  DP_i/U108/ZN (NAND4_X1)                               0.0606     2.1838 f
  DP_i/U375/ZN (INV_X1)                                 0.0415     2.2254 r
  DP_i/U785/ZN (XNOR2_X1)                               0.0379     2.2633 f
  DP_i/U231/ZN (AND2_X1)                                0.0415     2.3048 f
  DP_i/U230/ZN (OAI211_X1)                              0.0553     2.3601 r
  DP_i/U673/ZN (NAND4_X1)                               0.0453     2.4055 f
  DP_i/U6264/ZN (OAI21_X1)                              0.0482     2.4537 r
  DP_i/execute_i_zero_alu_bit_Y_reg/D (DFF_X1)          0.0110     2.4647 r
  data arrival time                                                2.4647

  clock CLK (rise edge)                                 2.5000     2.5000
  clock network delay (ideal)                           0.0500     2.5500
  clock uncertainty                                    -0.0500     2.5000
  DP_i/execute_i_zero_alu_bit_Y_reg/CK (DFF_X1)         0.0000     2.5000 r
  library setup time                                   -0.0286     2.4714
  data required time                                               2.4714
  --------------------------------------------------------------------------
  data required time                                               2.4714
  data arrival time                                               -2.4647
  --------------------------------------------------------------------------
  slack (MET)                                                      0.0067


  Startpoint: DP_i/fetch_i_IR_out_reg_28_
              (rising edge-triggered flip-flop clocked by CLK)
  Endpoint: DP_i/fetch_i_pc_i_Y_reg_27_
            (rising edge-triggered flip-flop clocked by CLK)
  Path Group: REG2REG
  Path Type: max

  Des/Clust/Port     Wire Load Model       Library
  ------------------------------------------------
  DLX                5K_hvratio_1_4        NangateOpenCellLibrary

  Point                                                   Incr       Path
  --------------------------------------------------------------------------
  clock CLK (rise edge)                                 0.0000     0.0000
  clock network delay (ideal)                           0.0500     0.0500
  DP_i/fetch_i_IR_out_reg_28_/CK (DFF_X1)               0.0000     0.0500 r
  DP_i/fetch_i_IR_out_reg_28_/Q (DFF_X1)                0.0981     0.1481 f
  DP_i/opcode_2_ (DataPath)                             0.0000     0.1481 f
  U876/ZN (INV_X1)                                      0.0515     0.1995 r
  U878/ZN (NAND3_X1)                                    0.0654     0.2649 f
  U842/ZN (NOR2_X1)                                     0.0794     0.3444 r
  DP_i/RF2 (DataPath)                                   0.0000     0.3444 r
  DP_i/U1151/Z (CLKBUF_X2)                              0.0822     0.4265 r
  DP_i/U1222/ZN (OAI21_X1)                              0.0563     0.4828 f
  DP_i/U153/ZN (AND2_X1)                                0.0418     0.5246 f
  DP_i/U152/ZN (NAND2_X1)                               0.0364     0.5610 r
  DP_i/U960/ZN (INV_X1)                                 0.0279     0.5889 f
  DP_i/U16/ZN (AOI21_X1)                                0.0692     0.6581 r
  DP_i/U1226/ZN (NOR2_X1)                               0.0409     0.6990 f
  DP_i/U1231/ZN (NAND2_X1)                              0.0352     0.7343 r
  DP_i/U1232/ZN (NAND2_X1)                              0.0303     0.7646 f
  DP_i/U1299/CO (FA_X1)                                 0.1042     0.8688 f
  DP_i/U103/ZN (AND2_X1)                                0.0490     0.9178 f
  DP_i/U101/ZN (OAI211_X1)                              0.0665     0.9843 r
  DP_i/U802/ZN (NAND2_X1)                               0.0429     1.0272 f
  DP_i/U1242/ZN (NOR2_X1)                               0.0479     1.0750 r
  DP_i/U800/ZN (NAND2_X1)                               0.0280     1.1031 f
  DP_i/U739/ZN (AND2_X1)                                0.0467     1.1498 f
  DP_i/U1448/CO (FA_X1)                                 0.0945     1.2443 f
  DP_i/U1246/ZN (NAND2_X1)                              0.0418     1.2861 r
  DP_i/U865/ZN (OAI21_X1)                               0.0395     1.3257 f
  DP_i/U1300/CO (FA_X1)                                 0.1076     1.4333 f
  DP_i/U280/ZN (OR2_X1)                                 0.0728     1.5061 f
  DP_i/U747/ZN (INV_X1)                                 0.0332     1.5393 r
  DP_i/U277/ZN (OR2_X1)                                 0.0361     1.5754 r
  DP_i/U738/ZN (OR2_X1)                                 0.0392     1.6146 r
  DP_i/U160/ZN (AND2_X1)                                0.0439     1.6585 r
  DP_i/U159/ZN (XNOR2_X1)                               0.0628     1.7213 r
  DP_i/U329/ZN (INV_X1)                                 0.0313     1.7526 f
  DP_i/U1303/ZN (AOI221_X1)                             0.0707     1.8233 r
  DP_i/U1304/ZN (OAI211_X1)                             0.0485     1.8718 f
  DP_i/U1306/ZN (AOI21_X1)                              0.0554     1.9272 r
  DP_i/U81/ZN (AND2_X1)                                 0.0426     1.9698 r
  DP_i/U814/ZN (AND4_X1)                                0.0644     2.0343 r
  DP_i/U769/ZN (NAND3_X1)                               0.0367     2.0709 f
  DP_i/U119/ZN (AND2_X1)                                0.0513     2.1222 f
  DP_i/U80/ZN (OR3_X2)                                  0.1012     2.2234 f
  DP_i/U696/ZN (INV_X2)                                 0.0848     2.3083 r
  DP_i/U2984/ZN (AOI22_X1)                              0.0559     2.3642 f
  DP_i/U496/ZN (AND2_X1)                                0.0573     2.4214 f
  DP_i/U6278/ZN (NAND3_X1)                              0.0320     2.4534 r
  DP_i/fetch_i_pc_i_Y_reg_27_/D (DFF_X1)                0.0110     2.4644 r
  data arrival time                                                2.4644

  clock CLK (rise edge)                                 2.5000     2.5000
  clock network delay (ideal)                           0.0500     2.5500
  clock uncertainty                                    -0.0500     2.5000
  DP_i/fetch_i_pc_i_Y_reg_27_/CK (DFF_X1)               0.0000     2.5000 r
  library setup time                                   -0.0277     2.4723
  data required time                                               2.4723
  --------------------------------------------------------------------------
  data required time                                               2.4723
  data arrival time                                               -2.4644
  --------------------------------------------------------------------------
  slack (MET)                                                      0.0079


  Startpoint: DP_i/fetch_i_IR_out_reg_28_
              (rising edge-triggered flip-flop clocked by CLK)
  Endpoint: DP_i/fetch_i_pc_i_Y_reg_12_
            (rising edge-triggered flip-flop clocked by CLK)
  Path Group: REG2REG
  Path Type: max

  Des/Clust/Port     Wire Load Model       Library
  ------------------------------------------------
  DLX                5K_hvratio_1_4        NangateOpenCellLibrary

  Point                                                   Incr       Path
  --------------------------------------------------------------------------
  clock CLK (rise edge)                                 0.0000     0.0000
  clock network delay (ideal)                           0.0500     0.0500
  DP_i/fetch_i_IR_out_reg_28_/CK (DFF_X1)               0.0000     0.0500 r
  DP_i/fetch_i_IR_out_reg_28_/Q (DFF_X1)                0.0981     0.1481 f
  DP_i/opcode_2_ (DataPath)                             0.0000     0.1481 f
  U876/ZN (INV_X1)                                      0.0515     0.1995 r
  U878/ZN (NAND3_X1)                                    0.0654     0.2649 f
  U842/ZN (NOR2_X1)                                     0.0794     0.3444 r
  DP_i/RF2 (DataPath)                                   0.0000     0.3444 r
  DP_i/U1151/Z (CLKBUF_X2)                              0.0822     0.4265 r
  DP_i/U1222/ZN (OAI21_X1)                              0.0563     0.4828 f
  DP_i/U153/ZN (AND2_X1)                                0.0418     0.5246 f
  DP_i/U152/ZN (NAND2_X1)                               0.0364     0.5610 r
  DP_i/U960/ZN (INV_X1)                                 0.0279     0.5889 f
  DP_i/U16/ZN (AOI21_X1)                                0.0692     0.6581 r
  DP_i/U1226/ZN (NOR2_X1)                               0.0409     0.6990 f
  DP_i/U1231/ZN (NAND2_X1)                              0.0352     0.7343 r
  DP_i/U1232/ZN (NAND2_X1)                              0.0303     0.7646 f
  DP_i/U1299/CO (FA_X1)                                 0.1042     0.8688 f
  DP_i/U103/ZN (AND2_X1)                                0.0490     0.9178 f
  DP_i/U101/ZN (OAI211_X1)                              0.0665     0.9843 r
  DP_i/U802/ZN (NAND2_X1)                               0.0429     1.0272 f
  DP_i/U1242/ZN (NOR2_X1)                               0.0479     1.0750 r
  DP_i/U800/ZN (NAND2_X1)                               0.0280     1.1031 f
  DP_i/U739/ZN (AND2_X1)                                0.0467     1.1498 f
  DP_i/U1448/CO (FA_X1)                                 0.0945     1.2443 f
  DP_i/U1246/ZN (NAND2_X1)                              0.0418     1.2861 r
  DP_i/U865/ZN (OAI21_X1)                               0.0395     1.3257 f
  DP_i/U1300/CO (FA_X1)                                 0.1076     1.4333 f
  DP_i/U280/ZN (OR2_X1)                                 0.0728     1.5061 f
  DP_i/U747/ZN (INV_X1)                                 0.0332     1.5393 r
  DP_i/U277/ZN (OR2_X1)                                 0.0361     1.5754 r
  DP_i/U738/ZN (OR2_X1)                                 0.0392     1.6146 r
  DP_i/U160/ZN (AND2_X1)                                0.0439     1.6585 r
  DP_i/U159/ZN (XNOR2_X1)                               0.0628     1.7213 r
  DP_i/U329/ZN (INV_X1)                                 0.0313     1.7526 f
  DP_i/U1303/ZN (AOI221_X1)                             0.0707     1.8233 r
  DP_i/U1304/ZN (OAI211_X1)                             0.0485     1.8718 f
  DP_i/U1306/ZN (AOI21_X1)                              0.0554     1.9272 r
  DP_i/U81/ZN (AND2_X1)                                 0.0426     1.9698 r
  DP_i/U814/ZN (AND4_X1)                                0.0644     2.0343 r
  DP_i/U769/ZN (NAND3_X1)                               0.0367     2.0709 f
  DP_i/U119/ZN (AND2_X1)                                0.0513     2.1222 f
  DP_i/U80/ZN (OR3_X2)                                  0.1012     2.2234 f
  DP_i/U696/ZN (INV_X2)                                 0.0848     2.3083 r
  DP_i/U3059/ZN (AOI22_X1)                              0.0559     2.3642 f
  DP_i/U487/ZN (AND2_X1)                                0.0573     2.4214 f
  DP_i/U6270/ZN (NAND3_X1)                              0.0320     2.4534 r
  DP_i/fetch_i_pc_i_Y_reg_12_/D (DFF_X1)                0.0110     2.4644 r
  data arrival time                                                2.4644

  clock CLK (rise edge)                                 2.5000     2.5000
  clock network delay (ideal)                           0.0500     2.5500
  clock uncertainty                                    -0.0500     2.5000
  DP_i/fetch_i_pc_i_Y_reg_12_/CK (DFF_X1)               0.0000     2.5000 r
  library setup time                                   -0.0277     2.4723
  data required time                                               2.4723
  --------------------------------------------------------------------------
  data required time                                               2.4723
  data arrival time                                               -2.4644
  --------------------------------------------------------------------------
  slack (MET)                                                      0.0079


  Startpoint: DP_i/fetch_i_IR_out_reg_28_
              (rising edge-triggered flip-flop clocked by CLK)
  Endpoint: DP_i/fetch_i_pc_i_Y_reg_27_
            (rising edge-triggered flip-flop clocked by CLK)
  Path Group: REG2REG
  Path Type: max

  Des/Clust/Port     Wire Load Model       Library
  ------------------------------------------------
  DLX                5K_hvratio_1_4        NangateOpenCellLibrary

  Point                                                   Incr       Path
  --------------------------------------------------------------------------
  clock CLK (rise edge)                                 0.0000     0.0000
  clock network delay (ideal)                           0.0500     0.0500
  DP_i/fetch_i_IR_out_reg_28_/CK (DFF_X1)               0.0000     0.0500 r
  DP_i/fetch_i_IR_out_reg_28_/Q (DFF_X1)                0.0981     0.1481 f
  DP_i/opcode_2_ (DataPath)                             0.0000     0.1481 f
  U876/ZN (INV_X1)                                      0.0515     0.1995 r
  U878/ZN (NAND3_X1)                                    0.0654     0.2649 f
  U842/ZN (NOR2_X1)                                     0.0794     0.3444 r
  DP_i/RF2 (DataPath)                                   0.0000     0.3444 r
  DP_i/U1151/Z (CLKBUF_X2)                              0.0822     0.4265 r
  DP_i/U1222/ZN (OAI21_X1)                              0.0563     0.4828 f
  DP_i/U153/ZN (AND2_X1)                                0.0418     0.5246 f
  DP_i/U152/ZN (NAND2_X1)                               0.0364     0.5610 r
  DP_i/U960/ZN (INV_X1)                                 0.0279     0.5889 f
  DP_i/U16/ZN (AOI21_X1)                                0.0692     0.6581 r
  DP_i/U1226/ZN (NOR2_X1)                               0.0409     0.6990 f
  DP_i/U1231/ZN (NAND2_X1)                              0.0352     0.7343 r
  DP_i/U1232/ZN (NAND2_X1)                              0.0303     0.7646 f
  DP_i/U1299/CO (FA_X1)                                 0.1042     0.8687 f
  DP_i/U103/ZN (AND2_X1)                                0.0490     0.9178 f
  DP_i/U101/ZN (OAI211_X1)                              0.0665     0.9843 r
  DP_i/U802/ZN (NAND2_X1)                               0.0429     1.0272 f
  DP_i/U1242/ZN (NOR2_X1)                               0.0479     1.0750 r
  DP_i/U800/ZN (NAND2_X1)                               0.0280     1.1031 f
  DP_i/U739/ZN (AND2_X1)                                0.0467     1.1498 f
  DP_i/U1448/CO (FA_X1)                                 0.0945     1.2443 f
  DP_i/U1246/ZN (NAND2_X1)                              0.0418     1.2861 r
  DP_i/U865/ZN (OAI21_X1)                               0.0395     1.3257 f
  DP_i/U1300/CO (FA_X1)                                 0.1076     1.4333 f
  DP_i/U280/ZN (OR2_X1)                                 0.0728     1.5061 f
  DP_i/U747/ZN (INV_X1)                                 0.0332     1.5393 r
  DP_i/U277/ZN (OR2_X1)                                 0.0361     1.5754 r
  DP_i/U738/ZN (OR2_X1)                                 0.0392     1.6146 r
  DP_i/U160/ZN (AND2_X1)                                0.0439     1.6585 r
  DP_i/U159/ZN (XNOR2_X1)                               0.0628     1.7213 r
  DP_i/U329/ZN (INV_X1)                                 0.0313     1.7526 f
  DP_i/U1303/ZN (AOI221_X1)                             0.0707     1.8233 r
  DP_i/U1304/ZN (OAI211_X1)                             0.0485     1.8718 f
  DP_i/U1306/ZN (AOI21_X1)                              0.0554     1.9272 r
  DP_i/U81/ZN (AND2_X1)                                 0.0426     1.9698 r
  DP_i/U814/ZN (AND4_X1)                                0.0644     2.0343 r
  DP_i/U769/ZN (NAND3_X1)                               0.0367     2.0709 f
  DP_i/U119/ZN (AND2_X1)                                0.0513     2.1222 f
  DP_i/U80/ZN (OR3_X2)                                  0.1012     2.2234 f
  DP_i/U696/ZN (INV_X2)                                 0.0848     2.3083 r
  DP_i/U2984/ZN (AOI22_X1)                              0.0555     2.3638 f
  DP_i/U496/ZN (AND2_X1)                                0.0573     2.4210 f
  DP_i/U6278/ZN (NAND3_X1)                              0.0320     2.4530 r
  DP_i/fetch_i_pc_i_Y_reg_27_/D (DFF_X1)                0.0110     2.4640 r
  data arrival time                                                2.4640

  clock CLK (rise edge)                                 2.5000     2.5000
  clock network delay (ideal)                           0.0500     2.5500
  clock uncertainty                                    -0.0500     2.5000
  DP_i/fetch_i_pc_i_Y_reg_27_/CK (DFF_X1)               0.0000     2.5000 r
  library setup time                                   -0.0277     2.4723
  data required time                                               2.4723
  --------------------------------------------------------------------------
  data required time                                               2.4723
  data arrival time                                               -2.4640
  --------------------------------------------------------------------------
  slack (MET)                                                      0.0084


  Startpoint: DP_i/fetch_i_IR_out_reg_28_
              (rising edge-triggered flip-flop clocked by CLK)
  Endpoint: DP_i/fetch_i_pc_i_Y_reg_12_
            (rising edge-triggered flip-flop clocked by CLK)
  Path Group: REG2REG
  Path Type: max

  Des/Clust/Port     Wire Load Model       Library
  ------------------------------------------------
  DLX                5K_hvratio_1_4        NangateOpenCellLibrary

  Point                                                   Incr       Path
  --------------------------------------------------------------------------
  clock CLK (rise edge)                                 0.0000     0.0000
  clock network delay (ideal)                           0.0500     0.0500
  DP_i/fetch_i_IR_out_reg_28_/CK (DFF_X1)               0.0000     0.0500 r
  DP_i/fetch_i_IR_out_reg_28_/Q (DFF_X1)                0.0981     0.1481 f
  DP_i/opcode_2_ (DataPath)                             0.0000     0.1481 f
  U876/ZN (INV_X1)                                      0.0515     0.1995 r
  U878/ZN (NAND3_X1)                                    0.0654     0.2649 f
  U842/ZN (NOR2_X1)                                     0.0794     0.3444 r
  DP_i/RF2 (DataPath)                                   0.0000     0.3444 r
  DP_i/U1151/Z (CLKBUF_X2)                              0.0822     0.4265 r
  DP_i/U1222/ZN (OAI21_X1)                              0.0563     0.4828 f
  DP_i/U153/ZN (AND2_X1)                                0.0418     0.5246 f
  DP_i/U152/ZN (NAND2_X1)                               0.0364     0.5610 r
  DP_i/U960/ZN (INV_X1)                                 0.0279     0.5889 f
  DP_i/U16/ZN (AOI21_X1)                                0.0692     0.6581 r
  DP_i/U1226/ZN (NOR2_X1)                               0.0409     0.6990 f
  DP_i/U1231/ZN (NAND2_X1)                              0.0352     0.7343 r
  DP_i/U1232/ZN (NAND2_X1)                              0.0303     0.7646 f
  DP_i/U1299/CO (FA_X1)                                 0.1042     0.8687 f
  DP_i/U103/ZN (AND2_X1)                                0.0490     0.9178 f
  DP_i/U101/ZN (OAI211_X1)                              0.0665     0.9843 r
  DP_i/U802/ZN (NAND2_X1)                               0.0429     1.0272 f
  DP_i/U1242/ZN (NOR2_X1)                               0.0479     1.0750 r
  DP_i/U800/ZN (NAND2_X1)                               0.0280     1.1031 f
  DP_i/U739/ZN (AND2_X1)                                0.0467     1.1498 f
  DP_i/U1448/CO (FA_X1)                                 0.0945     1.2443 f
  DP_i/U1246/ZN (NAND2_X1)                              0.0418     1.2861 r
  DP_i/U865/ZN (OAI21_X1)                               0.0395     1.3257 f
  DP_i/U1300/CO (FA_X1)                                 0.1076     1.4333 f
  DP_i/U280/ZN (OR2_X1)                                 0.0728     1.5061 f
  DP_i/U747/ZN (INV_X1)                                 0.0332     1.5393 r
  DP_i/U277/ZN (OR2_X1)                                 0.0361     1.5754 r
  DP_i/U738/ZN (OR2_X1)                                 0.0392     1.6146 r
  DP_i/U160/ZN (AND2_X1)                                0.0439     1.6585 r
  DP_i/U159/ZN (XNOR2_X1)                               0.0628     1.7213 r
  DP_i/U329/ZN (INV_X1)                                 0.0313     1.7526 f
  DP_i/U1303/ZN (AOI221_X1)                             0.0707     1.8233 r
  DP_i/U1304/ZN (OAI211_X1)                             0.0485     1.8718 f
  DP_i/U1306/ZN (AOI21_X1)                              0.0554     1.9272 r
  DP_i/U81/ZN (AND2_X1)                                 0.0426     1.9698 r
  DP_i/U814/ZN (AND4_X1)                                0.0644     2.0343 r
  DP_i/U769/ZN (NAND3_X1)                               0.0367     2.0709 f
  DP_i/U119/ZN (AND2_X1)                                0.0513     2.1222 f
  DP_i/U80/ZN (OR3_X2)                                  0.1012     2.2234 f
  DP_i/U696/ZN (INV_X2)                                 0.0848     2.3083 r
  DP_i/U3059/ZN (AOI22_X1)                              0.0555     2.3638 f
  DP_i/U487/ZN (AND2_X1)                                0.0573     2.4210 f
  DP_i/U6270/ZN (NAND3_X1)                              0.0320     2.4530 r
  DP_i/fetch_i_pc_i_Y_reg_12_/D (DFF_X1)                0.0110     2.4640 r
  data arrival time                                                2.4640

  clock CLK (rise edge)                                 2.5000     2.5000
  clock network delay (ideal)                           0.0500     2.5500
  clock uncertainty                                    -0.0500     2.5000
  DP_i/fetch_i_pc_i_Y_reg_12_/CK (DFF_X1)               0.0000     2.5000 r
  library setup time                                   -0.0277     2.4723
  data required time                                               2.4723
  --------------------------------------------------------------------------
  data required time                                               2.4723
  data arrival time                                               -2.4640
  --------------------------------------------------------------------------
  slack (MET)                                                      0.0084


  Startpoint: DP_i/execute_i_rd_out_reg_i_Y_reg_0_
              (rising edge-triggered flip-flop clocked by CLK)
  Endpoint: DP_i/execute_i_alu_out_reg_i_Y_reg_0_
            (rising edge-triggered flip-flop clocked by CLK)
  Path Group: REG2REG
  Path Type: max

  Des/Clust/Port     Wire Load Model       Library
  ------------------------------------------------
  DLX                5K_hvratio_1_4        NangateOpenCellLibrary

  Point                                                   Incr       Path
  --------------------------------------------------------------------------
  clock CLK (rise edge)                                 0.0000     0.0000
  clock network delay (ideal)                           0.0500     0.0500
  DP_i/execute_i_rd_out_reg_i_Y_reg_0_/CK (DFF_X1)      0.0000     0.0500 r
  DP_i/execute_i_rd_out_reg_i_Y_reg_0_/Q (DFF_X1)       0.1251     0.1751 r
  DP_i/rd_ex_mem_0_ (DataPath)                          0.0000     0.1751 r
  U801/ZN (INV_X1)                                      0.0391     0.2142 f
  U1117/ZN (AOI22_X1)                                   0.0584     0.2726 r
  U1118/ZN (OAI221_X1)                                  0.0505     0.3231 f
  U775/ZN (NOR3_X1)                                     0.1681     0.4912 r
  DP_i/fw_ex_ex_rs1 (DataPath)                          0.0000     0.4912 r
  DP_i/U1995/ZN (INV_X1)                                0.0564     0.5477 f
  DP_i/U72/ZN (NAND2_X1)                                0.1052     0.6529 r
  DP_i/U70/ZN (OAI222_X2)                               0.1402     0.7932 f
  DP_i/U684/ZN (XNOR2_X1)                               0.1091     0.9022 f
  DP_i/U748/ZN (NOR2_X1)                                0.0671     0.9693 r
  DP_i/U2768/ZN (NOR2_X1)                               0.0350     1.0043 f
  DP_i/U2769/ZN (NOR2_X1)                               0.0568     1.0610 r
  DP_i/U2774/ZN (NOR2_X1)                               0.0294     1.0905 f
  DP_i/U2780/ZN (AOI21_X1)                              0.0559     1.1464 r
  DP_i/U821/ZN (NAND2_X1)                               0.0442     1.1906 f
  DP_i/U91/ZN (INV_X1)                                  0.0312     1.2217 r
  DP_i/U165/ZN (AOI21_X1)                               0.0310     1.2528 f
  DP_i/U3016/CO (FA_X1)                                 0.1036     1.3564 f
  DP_i/U853/ZN (INV_X1)                                 0.0375     1.3939 r
  DP_i/U854/ZN (AOI21_X1)                               0.0316     1.4255 f
  DP_i/U3017/CO (FA_X1)                                 0.0989     1.5243 f
  DP_i/U2811/ZN (NOR2_X1)                               0.0583     1.5826 r
  DP_i/U2836/ZN (AOI21_X1)                              0.0434     1.6261 f
  DP_i/U149/ZN (NAND2_X1)                               0.0439     1.6700 r
  DP_i/U767/ZN (NAND3_X1)                               0.0423     1.7123 f
  DP_i/U832/ZN (OAI211_X1)                              0.0642     1.7765 r
  DP_i/U2917/ZN (NAND2_X1)                              0.0375     1.8141 f
  DP_i/U2919/ZN (NOR2_X1)                               0.0533     1.8674 r
  DP_i/U2921/ZN (NAND2_X1)                              0.0485     1.9159 f
  DP_i/U835/ZN (NAND2_X1)                               0.0365     1.9525 r
  DP_i/U704/ZN (AND2_X1)                                0.0495     2.0019 r
  DP_i/U2994/ZN (XNOR2_X1)                              0.0695     2.0715 r
  DP_i/U155/ZN (AND2_X1)                                0.0518     2.1232 r
  DP_i/U108/ZN (NAND4_X1)                               0.0606     2.1838 f
  DP_i/U375/ZN (INV_X1)                                 0.0415     2.2254 r
  DP_i/U785/ZN (XNOR2_X1)                               0.0601     2.2855 r
  DP_i/U231/ZN (AND2_X1)                                0.0442     2.3297 r
  DP_i/U230/ZN (OAI211_X1)                              0.0404     2.3701 f
  DP_i/U499/ZN (AND3_X1)                                0.0472     2.4173 f
  DP_i/U4091/ZN (NOR2_X1)                               0.0342     2.4514 r
  DP_i/execute_i_alu_out_reg_i_Y_reg_0_/D (DFF_X1)      0.0110     2.4624 r
  data arrival time                                                2.4624

  clock CLK (rise edge)                                 2.5000     2.5000
  clock network delay (ideal)                           0.0500     2.5500
  clock uncertainty                                    -0.0500     2.5000
  DP_i/execute_i_alu_out_reg_i_Y_reg_0_/CK (DFF_X1)     0.0000     2.5000 r
  library setup time                                   -0.0280     2.4720
  data required time                                               2.4720
  --------------------------------------------------------------------------
  data required time                                               2.4720
  data arrival time                                               -2.4624
  --------------------------------------------------------------------------
  slack (MET)                                                      0.0096


  Startpoint: DP_i/execute_i_rd_out_reg_i_Y_reg_0_
              (rising edge-triggered flip-flop clocked by CLK)
  Endpoint: DP_i/execute_i_zero_alu_bit_Y_reg
            (rising edge-triggered flip-flop clocked by CLK)
  Path Group: REG2REG
  Path Type: max

  Des/Clust/Port     Wire Load Model       Library
  ------------------------------------------------
  DLX                5K_hvratio_1_4        NangateOpenCellLibrary

  Point                                                   Incr       Path
  --------------------------------------------------------------------------
  clock CLK (rise edge)                                 0.0000     0.0000
  clock network delay (ideal)                           0.0500     0.0500
  DP_i/execute_i_rd_out_reg_i_Y_reg_0_/CK (DFF_X1)      0.0000     0.0500 r
  DP_i/execute_i_rd_out_reg_i_Y_reg_0_/Q (DFF_X1)       0.1251     0.1751 r
  DP_i/rd_ex_mem_0_ (DataPath)                          0.0000     0.1751 r
  U801/ZN (INV_X1)                                      0.0391     0.2142 f
  U1117/ZN (AOI22_X1)                                   0.0584     0.2726 r
  U1118/ZN (OAI221_X1)                                  0.0505     0.3231 f
  U775/ZN (NOR3_X1)                                     0.1681     0.4912 r
  DP_i/fw_ex_ex_rs1 (DataPath)                          0.0000     0.4912 r
  DP_i/U1995/ZN (INV_X1)                                0.0564     0.5477 f
  DP_i/U72/ZN (NAND2_X1)                                0.1052     0.6529 r
  DP_i/U70/ZN (OAI222_X2)                               0.1402     0.7932 f
  DP_i/U684/ZN (XNOR2_X1)                               0.1091     0.9022 f
  DP_i/U748/ZN (NOR2_X1)                                0.0671     0.9693 r
  DP_i/U2768/ZN (NOR2_X1)                               0.0350     1.0043 f
  DP_i/U2769/ZN (NOR2_X1)                               0.0568     1.0610 r
  DP_i/U2774/ZN (NOR2_X1)                               0.0294     1.0905 f
  DP_i/U2780/ZN (AOI21_X1)                              0.0559     1.1464 r
  DP_i/U821/ZN (NAND2_X1)                               0.0442     1.1906 f
  DP_i/U91/ZN (INV_X1)                                  0.0312     1.2217 r
  DP_i/U165/ZN (AOI21_X1)                               0.0310     1.2528 f
  DP_i/U3016/CO (FA_X1)                                 0.1004     1.3531 f
  DP_i/U853/ZN (INV_X1)                                 0.0375     1.3907 r
  DP_i/U854/ZN (AOI21_X1)                               0.0316     1.4223 f
  DP_i/U3017/CO (FA_X1)                                 0.0989     1.5211 f
  DP_i/U2811/ZN (NOR2_X1)                               0.0583     1.5794 r
  DP_i/U2836/ZN (AOI21_X1)                              0.0434     1.6229 f
  DP_i/U149/ZN (NAND2_X1)                               0.0439     1.6668 r
  DP_i/U767/ZN (NAND3_X1)                               0.0423     1.7091 f
  DP_i/U832/ZN (OAI211_X1)                              0.0642     1.7733 r
  DP_i/U2917/ZN (NAND2_X1)                              0.0375     1.8109 f
  DP_i/U2919/ZN (NOR2_X1)                               0.0533     1.8642 r
  DP_i/U2921/ZN (NAND2_X1)                              0.0485     1.9127 f
  DP_i/U835/ZN (NAND2_X1)                               0.0365     1.9493 r
  DP_i/U704/ZN (AND2_X1)                                0.0495     1.9987 r
  DP_i/U2994/ZN (XNOR2_X1)                              0.0695     2.0683 r
  DP_i/U155/ZN (AND2_X1)                                0.0518     2.1200 r
  DP_i/U108/ZN (NAND4_X1)                               0.0606     2.1806 f
  DP_i/U375/ZN (INV_X1)                                 0.0415     2.2222 r
  DP_i/U785/ZN (XNOR2_X1)                               0.0379     2.2601 f
  DP_i/U231/ZN (AND2_X1)                                0.0415     2.3016 f
  DP_i/U230/ZN (OAI211_X1)                              0.0553     2.3569 r
  DP_i/U673/ZN (NAND4_X1)                               0.0453     2.4023 f
  DP_i/U6264/ZN (OAI21_X1)                              0.0482     2.4505 r
  DP_i/execute_i_zero_alu_bit_Y_reg/D (DFF_X1)          0.0110     2.4615 r
  data arrival time                                                2.4615

  clock CLK (rise edge)                                 2.5000     2.5000
  clock network delay (ideal)                           0.0500     2.5500
  clock uncertainty                                    -0.0500     2.5000
  DP_i/execute_i_zero_alu_bit_Y_reg/CK (DFF_X1)         0.0000     2.5000 r
  library setup time                                   -0.0286     2.4714
  data required time                                               2.4714
  --------------------------------------------------------------------------
  data required time                                               2.4714
  data arrival time                                               -2.4615
  --------------------------------------------------------------------------
  slack (MET)                                                      0.0099


  Startpoint: DP_i/fetch_i_IR_out_reg_28_
              (rising edge-triggered flip-flop clocked by CLK)
  Endpoint: DP_i/fetch_i_pc_i_Y_reg_19_
            (rising edge-triggered flip-flop clocked by CLK)
  Path Group: REG2REG
  Path Type: max

  Des/Clust/Port     Wire Load Model       Library
  ------------------------------------------------
  DLX                5K_hvratio_1_4        NangateOpenCellLibrary

  Point                                                   Incr       Path
  --------------------------------------------------------------------------
  clock CLK (rise edge)                                 0.0000     0.0000
  clock network delay (ideal)                           0.0500     0.0500
  DP_i/fetch_i_IR_out_reg_28_/CK (DFF_X1)               0.0000     0.0500 r
  DP_i/fetch_i_IR_out_reg_28_/Q (DFF_X1)                0.0981     0.1481 f
  DP_i/opcode_2_ (DataPath)                             0.0000     0.1481 f
  U876/ZN (INV_X1)                                      0.0515     0.1995 r
  U878/ZN (NAND3_X1)                                    0.0654     0.2649 f
  U842/ZN (NOR2_X1)                                     0.0794     0.3444 r
  DP_i/RF2 (DataPath)                                   0.0000     0.3444 r
  DP_i/U1151/Z (CLKBUF_X2)                              0.0822     0.4265 r
  DP_i/U1222/ZN (OAI21_X1)                              0.0563     0.4828 f
  DP_i/U153/ZN (AND2_X1)                                0.0418     0.5246 f
  DP_i/U152/ZN (NAND2_X1)                               0.0364     0.5610 r
  DP_i/U960/ZN (INV_X1)                                 0.0279     0.5889 f
  DP_i/U16/ZN (AOI21_X1)                                0.0692     0.6581 r
  DP_i/U1226/ZN (NOR2_X1)                               0.0409     0.6990 f
  DP_i/U1231/ZN (NAND2_X1)                              0.0352     0.7343 r
  DP_i/U1232/ZN (NAND2_X1)                              0.0303     0.7646 f
  DP_i/U1299/CO (FA_X1)                                 0.1042     0.8687 f
  DP_i/U103/ZN (AND2_X1)                                0.0490     0.9178 f
  DP_i/U101/ZN (OAI211_X1)                              0.0665     0.9843 r
  DP_i/U802/ZN (NAND2_X1)                               0.0429     1.0272 f
  DP_i/U1242/ZN (NOR2_X1)                               0.0479     1.0750 r
  DP_i/U800/ZN (NAND2_X1)                               0.0280     1.1031 f
  DP_i/U739/ZN (AND2_X1)                                0.0467     1.1498 f
  DP_i/U1448/CO (FA_X1)                                 0.0945     1.2443 f
  DP_i/U1246/ZN (NAND2_X1)                              0.0418     1.2861 r
  DP_i/U865/ZN (OAI21_X1)                               0.0395     1.3257 f
  DP_i/U1300/CO (FA_X1)                                 0.1076     1.4333 f
  DP_i/U280/ZN (OR2_X1)                                 0.0728     1.5061 f
  DP_i/U747/ZN (INV_X1)                                 0.0332     1.5393 r
  DP_i/U277/ZN (OR2_X1)                                 0.0361     1.5754 r
  DP_i/U738/ZN (OR2_X1)                                 0.0392     1.6146 r
  DP_i/U160/ZN (AND2_X1)                                0.0439     1.6585 r
  DP_i/U159/ZN (XNOR2_X1)                               0.0628     1.7213 r
  DP_i/U329/ZN (INV_X1)                                 0.0313     1.7526 f
  DP_i/U1303/ZN (AOI221_X1)                             0.0707     1.8233 r
  DP_i/U1304/ZN (OAI211_X1)                             0.0485     1.8718 f
  DP_i/U1306/ZN (AOI21_X1)                              0.0554     1.9272 r
  DP_i/U81/ZN (AND2_X1)                                 0.0426     1.9698 r
  DP_i/U814/ZN (AND4_X1)                                0.0644     2.0343 r
  DP_i/U769/ZN (NAND3_X1)                               0.0367     2.0709 f
  DP_i/U119/ZN (AND2_X1)                                0.0513     2.1222 f
  DP_i/U80/ZN (OR3_X2)                                  0.1012     2.2234 f
  DP_i/U696/ZN (INV_X2)                                 0.0848     2.3083 r
  DP_i/U3024/ZN (AOI22_X1)                              0.0559     2.3641 f
  DP_i/U485/ZN (AND2_X1)                                0.0538     2.4179 f
  DP_i/U6272/ZN (NAND3_X1)                              0.0320     2.4499 r
  DP_i/fetch_i_pc_i_Y_reg_19_/D (DFF_X1)                0.0110     2.4609 r
  data arrival time                                                2.4609

  clock CLK (rise edge)                                 2.5000     2.5000
  clock network delay (ideal)                           0.0500     2.5500
  clock uncertainty                                    -0.0500     2.5000
  DP_i/fetch_i_pc_i_Y_reg_19_/CK (DFF_X1)               0.0000     2.5000 r
  library setup time                                   -0.0277     2.4723
  data required time                                               2.4723
  --------------------------------------------------------------------------
  data required time                                               2.4723
  data arrival time                                               -2.4609
  --------------------------------------------------------------------------
  slack (MET)                                                      0.0114


1
