 
****************************************
Report : timing
        -path full
        -delay max
        -nworst 2
        -group REG2REG
        -max_paths 10
Design : DLX
Version: W-2024.09-SP2
Date   : Tue Sep 29 12:38:48 2026
****************************************

Operating Conditions: typical   Library: NangateOpenCellLibrary
Wire Load Model Mode: top

  Startpoint: DP_i_fetch_i_IR_out_reg_27_
              (rising edge-triggered flip-flop clocked by CLK)
  Endpoint: DP_i_fetch_i_pc_i_Y_reg_20_
            (rising edge-triggered flip-flop clocked by CLK)
  Path Group: REG2REG
  Path Type: max

  Des/Clust/Port     Wire Load Model       Library
  ------------------------------------------------
  DLX                5K_hvratio_1_4        NangateOpenCellLibrary

  Point                                                   Incr       Path
  --------------------------------------------------------------------------
  clock CLK (rise edge)                                 0.0000     0.0000
  clock network delay (ideal)                           0.0500     0.0500
  DP_i_fetch_i_IR_out_reg_27_/CK (DFF_X1)               0.0000     0.0500 r
  DP_i_fetch_i_IR_out_reg_27_/Q (DFF_X1)                0.0995     0.1495 f
  U853/ZN (OR2_X2)                                      0.0667     0.2162 f
  U2374/ZN (NAND2_X1)                                   0.0304     0.2466 r
  U2375/ZN (NAND4_X1)                                   0.0406     0.2871 f
  U2427/ZN (AND4_X1)                                    0.0509     0.3380 f
  U1495/ZN (AND2_X1)                                    0.0433     0.3813 f
  U888/ZN (OR2_X2)                                      0.0602     0.4415 f
  U2050/ZN (OAI21_X1)                                   0.0415     0.4830 r
  U3185/ZN (INV_X1)                                     0.0262     0.5092 f
  U1156/ZN (OR2_X2)                                     0.0587     0.5679 f
  U1629/ZN (OR2_X1)                                     0.0616     0.6294 f
  U3214/ZN (AND2_X1)                                    0.0378     0.6673 f
  U3217/ZN (NAND2_X1)                                   0.0309     0.6982 r
  U3219/ZN (NAND2_X1)                                   0.0301     0.7284 f
  U3222/ZN (OAI211_X1)                                  0.0492     0.7776 r
  U1478/ZN (AOI21_X1)                                   0.0350     0.8126 f
  U1284/ZN (OR3_X1)                                     0.0778     0.8903 f
  U2239/ZN (NAND2_X1)                                   0.0401     0.9305 r
  U2124/ZN (OR2_X1)                                     0.0471     0.9776 r
  U2125/ZN (NAND2_X1)                                   0.0357     1.0132 f
  U1008/ZN (NAND2_X1)                                   0.0335     1.0468 r
  U2031/ZN (OAI21_X1)                                   0.0349     1.0817 f
  U2127/ZN (XNOR2_X1)                                   0.0618     1.1435 f
  U3310/ZN (XNOR2_X1)                                   0.0732     1.2166 r
  U2068/ZN (OAI211_X1)                                  0.0503     1.2669 f
  U10226/ZN (NOR3_X1)                                   0.0657     1.3327 r
  U9991/Z (BUF_X1)                                      0.0484     1.3811 r
  U9046/Z (BUF_X2)                                      0.0702     1.4513 r
  U10594/ZN (NAND2_X1)                                  0.0475     1.4988 f
  U10595/ZN (AND2_X1)                                   0.0389     1.5377 f
  U10598/ZN (OAI211_X1)                                 0.0334     1.5711 r
  DP_i_fetch_i_pc_i_Y_reg_20_/D (DFF_X2)                0.0109     1.5820 r
  data arrival time                                                1.5820

  clock CLK (rise edge)                                 1.2500     1.2500
  clock network delay (ideal)                           0.0500     1.3000
  clock uncertainty                                    -0.0500     1.2500
  DP_i_fetch_i_pc_i_Y_reg_20_/CK (DFF_X2)               0.0000     1.2500 r
  library setup time                                   -0.0290     1.2210
  data required time                                               1.2210
  --------------------------------------------------------------------------
  data required time                                               1.2210
  data arrival time                                               -1.5820
  --------------------------------------------------------------------------
  slack (VIOLATED)                                                -0.3610


  Startpoint: DP_i_fetch_i_IR_out_reg_27_
              (rising edge-triggered flip-flop clocked by CLK)
  Endpoint: DP_i_fetch_i_pc_i_Y_reg_11_
            (rising edge-triggered flip-flop clocked by CLK)
  Path Group: REG2REG
  Path Type: max

  Des/Clust/Port     Wire Load Model       Library
  ------------------------------------------------
  DLX                5K_hvratio_1_4        NangateOpenCellLibrary

  Point                                                   Incr       Path
  --------------------------------------------------------------------------
  clock CLK (rise edge)                                 0.0000     0.0000
  clock network delay (ideal)                           0.0500     0.0500
  DP_i_fetch_i_IR_out_reg_27_/CK (DFF_X1)               0.0000     0.0500 r
  DP_i_fetch_i_IR_out_reg_27_/Q (DFF_X1)                0.0995     0.1495 f
  U853/ZN (OR2_X2)                                      0.0667     0.2162 f
  U2374/ZN (NAND2_X1)                                   0.0304     0.2466 r
  U2375/ZN (NAND4_X1)                                   0.0406     0.2871 f
  U2427/ZN (AND4_X1)                                    0.0509     0.3380 f
  U1495/ZN (AND2_X1)                                    0.0433     0.3813 f
  U888/ZN (OR2_X2)                                      0.0602     0.4415 f
  U2050/ZN (OAI21_X1)                                   0.0415     0.4830 r
  U3185/ZN (INV_X1)                                     0.0262     0.5092 f
  U1156/ZN (OR2_X2)                                     0.0587     0.5679 f
  U1629/ZN (OR2_X1)                                     0.0616     0.6294 f
  U3214/ZN (AND2_X1)                                    0.0378     0.6673 f
  U3217/ZN (NAND2_X1)                                   0.0309     0.6982 r
  U3219/ZN (NAND2_X1)                                   0.0301     0.7284 f
  U3222/ZN (OAI211_X1)                                  0.0492     0.7776 r
  U1478/ZN (AOI21_X1)                                   0.0350     0.8126 f
  U1284/ZN (OR3_X1)                                     0.0778     0.8903 f
  U2239/ZN (NAND2_X1)                                   0.0401     0.9305 r
  U2124/ZN (OR2_X1)                                     0.0471     0.9776 r
  U2125/ZN (NAND2_X1)                                   0.0357     1.0132 f
  U1008/ZN (NAND2_X1)                                   0.0335     1.0468 r
  U2031/ZN (OAI21_X1)                                   0.0349     1.0817 f
  U2127/ZN (XNOR2_X1)                                   0.0618     1.1435 f
  U3310/ZN (XNOR2_X1)                                   0.0732     1.2166 r
  U2068/ZN (OAI211_X1)                                  0.0503     1.2669 f
  U10226/ZN (NOR3_X1)                                   0.0657     1.3327 r
  U9991/Z (BUF_X1)                                      0.0484     1.3811 r
  U9047/Z (BUF_X2)                                      0.0702     1.4513 r
  U10644/ZN (NAND2_X1)                                  0.0475     1.4988 f
  U10645/ZN (AND2_X1)                                   0.0389     1.5377 f
  U10648/ZN (OAI211_X1)                                 0.0334     1.5711 r
  DP_i_fetch_i_pc_i_Y_reg_11_/D (DFF_X2)                0.0109     1.5820 r
  data arrival time                                                1.5820

  clock CLK (rise edge)                                 1.2500     1.2500
  clock network delay (ideal)                           0.0500     1.3000
  clock uncertainty                                    -0.0500     1.2500
  DP_i_fetch_i_pc_i_Y_reg_11_/CK (DFF_X2)               0.0000     1.2500 r
  library setup time                                   -0.0290     1.2210
  data required time                                               1.2210
  --------------------------------------------------------------------------
  data required time                                               1.2210
  data arrival time                                               -1.5820
  --------------------------------------------------------------------------
  slack (VIOLATED)                                                -0.3610


  Startpoint: DP_i_fetch_i_IR_out_reg_27_
              (rising edge-triggered flip-flop clocked by CLK)
  Endpoint: DP_i_fetch_i_pc_i_Y_reg_10_
            (rising edge-triggered flip-flop clocked by CLK)
  Path Group: REG2REG
  Path Type: max

  Des/Clust/Port     Wire Load Model       Library
  ------------------------------------------------
  DLX                5K_hvratio_1_4        NangateOpenCellLibrary

  Point                                                   Incr       Path
  --------------------------------------------------------------------------
  clock CLK (rise edge)                                 0.0000     0.0000
  clock network delay (ideal)                           0.0500     0.0500
  DP_i_fetch_i_IR_out_reg_27_/CK (DFF_X1)               0.0000     0.0500 r
  DP_i_fetch_i_IR_out_reg_27_/Q (DFF_X1)                0.0995     0.1495 f
  U853/ZN (OR2_X2)                                      0.0667     0.2162 f
  U2374/ZN (NAND2_X1)                                   0.0304     0.2466 r
  U2375/ZN (NAND4_X1)                                   0.0406     0.2871 f
  U2427/ZN (AND4_X1)                                    0.0509     0.3380 f
  U1495/ZN (AND2_X1)                                    0.0433     0.3813 f
  U888/ZN (OR2_X2)                                      0.0602     0.4415 f
  U2050/ZN (OAI21_X1)                                   0.0415     0.4830 r
  U3185/ZN (INV_X1)                                     0.0262     0.5092 f
  U1156/ZN (OR2_X2)                                     0.0587     0.5679 f
  U1629/ZN (OR2_X1)                                     0.0616     0.6294 f
  U3214/ZN (AND2_X1)                                    0.0378     0.6673 f
  U3217/ZN (NAND2_X1)                                   0.0309     0.6982 r
  U3219/ZN (NAND2_X1)                                   0.0301     0.7284 f
  U3222/ZN (OAI211_X1)                                  0.0492     0.7776 r
  U1478/ZN (AOI21_X1)                                   0.0350     0.8126 f
  U1284/ZN (OR3_X1)                                     0.0778     0.8903 f
  U2239/ZN (NAND2_X1)                                   0.0401     0.9305 r
  U2124/ZN (OR2_X1)                                     0.0471     0.9776 r
  U2125/ZN (NAND2_X1)                                   0.0357     1.0132 f
  U1008/ZN (NAND2_X1)                                   0.0335     1.0468 r
  U2031/ZN (OAI21_X1)                                   0.0349     1.0817 f
  U2127/ZN (XNOR2_X1)                                   0.0618     1.1435 f
  U3310/ZN (XNOR2_X1)                                   0.0732     1.2166 r
  U2068/ZN (OAI211_X1)                                  0.0503     1.2669 f
  U10226/ZN (NOR3_X1)                                   0.0657     1.3327 r
  U9991/Z (BUF_X1)                                      0.0484     1.3811 r
  U9047/Z (BUF_X2)                                      0.0702     1.4513 r
  U10650/ZN (NAND2_X1)                                  0.0475     1.4988 f
  U10651/ZN (AND2_X1)                                   0.0389     1.5377 f
  U10654/ZN (OAI211_X1)                                 0.0334     1.5711 r
  DP_i_fetch_i_pc_i_Y_reg_10_/D (DFF_X2)                0.0109     1.5820 r
  data arrival time                                                1.5820

  clock CLK (rise edge)                                 1.2500     1.2500
  clock network delay (ideal)                           0.0500     1.3000
  clock uncertainty                                    -0.0500     1.2500
  DP_i_fetch_i_pc_i_Y_reg_10_/CK (DFF_X2)               0.0000     1.2500 r
  library setup time                                   -0.0290     1.2210
  data required time                                               1.2210
  --------------------------------------------------------------------------
  data required time                                               1.2210
  data arrival time                                               -1.5820
  --------------------------------------------------------------------------
  slack (VIOLATED)                                                -0.3610


  Startpoint: DP_i_fetch_i_IR_out_reg_27_
              (rising edge-triggered flip-flop clocked by CLK)
  Endpoint: DP_i_fetch_i_pc_i_Y_reg_12_
            (rising edge-triggered flip-flop clocked by CLK)
  Path Group: REG2REG
  Path Type: max

  Des/Clust/Port     Wire Load Model       Library
  ------------------------------------------------
  DLX                5K_hvratio_1_4        NangateOpenCellLibrary

  Point                                                   Incr       Path
  --------------------------------------------------------------------------
  clock CLK (rise edge)                                 0.0000     0.0000
  clock network delay (ideal)                           0.0500     0.0500
  DP_i_fetch_i_IR_out_reg_27_/CK (DFF_X1)               0.0000     0.0500 r
  DP_i_fetch_i_IR_out_reg_27_/Q (DFF_X1)                0.0995     0.1495 f
  U853/ZN (OR2_X2)                                      0.0667     0.2162 f
  U2374/ZN (NAND2_X1)                                   0.0304     0.2466 r
  U2375/ZN (NAND4_X1)                                   0.0406     0.2871 f
  U2427/ZN (AND4_X1)                                    0.0509     0.3380 f
  U1495/ZN (AND2_X1)                                    0.0433     0.3813 f
  U888/ZN (OR2_X2)                                      0.0602     0.4415 f
  U2050/ZN (OAI21_X1)                                   0.0415     0.4830 r
  U3185/ZN (INV_X1)                                     0.0262     0.5092 f
  U1156/ZN (OR2_X2)                                     0.0587     0.5679 f
  U1629/ZN (OR2_X1)                                     0.0616     0.6294 f
  U3214/ZN (AND2_X1)                                    0.0378     0.6673 f
  U3217/ZN (NAND2_X1)                                   0.0309     0.6982 r
  U3219/ZN (NAND2_X1)                                   0.0301     0.7284 f
  U3222/ZN (OAI211_X1)                                  0.0492     0.7776 r
  U1478/ZN (AOI21_X1)                                   0.0350     0.8126 f
  U1284/ZN (OR3_X1)                                     0.0778     0.8903 f
  U2239/ZN (NAND2_X1)                                   0.0401     0.9305 r
  U2124/ZN (OR2_X1)                                     0.0471     0.9776 r
  U2125/ZN (NAND2_X1)                                   0.0357     1.0132 f
  U1008/ZN (NAND2_X1)                                   0.0335     1.0468 r
  U2031/ZN (OAI21_X1)                                   0.0349     1.0817 f
  U2127/ZN (XNOR2_X1)                                   0.0618     1.1435 f
  U3310/ZN (XNOR2_X1)                                   0.0732     1.2166 r
  U2068/ZN (OAI211_X1)                                  0.0503     1.2669 f
  U10226/ZN (NOR3_X1)                                   0.0657     1.3327 r
  U9991/Z (BUF_X1)                                      0.0484     1.3811 r
  U9046/Z (BUF_X2)                                      0.0702     1.4513 r
  U10638/ZN (NAND2_X1)                                  0.0475     1.4988 f
  U10639/ZN (AND2_X1)                                   0.0389     1.5377 f
  U10642/ZN (OAI211_X1)                                 0.0334     1.5711 r
  DP_i_fetch_i_pc_i_Y_reg_12_/D (DFF_X2)                0.0109     1.5820 r
  data arrival time                                                1.5820

  clock CLK (rise edge)                                 1.2500     1.2500
  clock network delay (ideal)                           0.0500     1.3000
  clock uncertainty                                    -0.0500     1.2500
  DP_i_fetch_i_pc_i_Y_reg_12_/CK (DFF_X2)               0.0000     1.2500 r
  library setup time                                   -0.0290     1.2210
  data required time                                               1.2210
  --------------------------------------------------------------------------
  data required time                                               1.2210
  data arrival time                                               -1.5820
  --------------------------------------------------------------------------
  slack (VIOLATED)                                                -0.3610


  Startpoint: DP_i_fetch_i_IR_out_reg_27_
              (rising edge-triggered flip-flop clocked by CLK)
  Endpoint: DP_i_fetch_i_pc_i_Y_reg_17_
            (rising edge-triggered flip-flop clocked by CLK)
  Path Group: REG2REG
  Path Type: max

  Des/Clust/Port     Wire Load Model       Library
  ------------------------------------------------
  DLX                5K_hvratio_1_4        NangateOpenCellLibrary

  Point                                                   Incr       Path
  --------------------------------------------------------------------------
  clock CLK (rise edge)                                 0.0000     0.0000
  clock network delay (ideal)                           0.0500     0.0500
  DP_i_fetch_i_IR_out_reg_27_/CK (DFF_X1)               0.0000     0.0500 r
  DP_i_fetch_i_IR_out_reg_27_/Q (DFF_X1)                0.0995     0.1495 f
  U853/ZN (OR2_X2)                                      0.0667     0.2162 f
  U2374/ZN (NAND2_X1)                                   0.0304     0.2466 r
  U2375/ZN (NAND4_X1)                                   0.0406     0.2871 f
  U2427/ZN (AND4_X1)                                    0.0509     0.3380 f
  U1495/ZN (AND2_X1)                                    0.0433     0.3813 f
  U888/ZN (OR2_X2)                                      0.0602     0.4415 f
  U2050/ZN (OAI21_X1)                                   0.0415     0.4830 r
  U3185/ZN (INV_X1)                                     0.0262     0.5092 f
  U1156/ZN (OR2_X2)                                     0.0587     0.5679 f
  U1629/ZN (OR2_X1)                                     0.0616     0.6294 f
  U3214/ZN (AND2_X1)                                    0.0378     0.6673 f
  U3217/ZN (NAND2_X1)                                   0.0309     0.6982 r
  U3219/ZN (NAND2_X1)                                   0.0301     0.7284 f
  U3222/ZN (OAI211_X1)                                  0.0492     0.7776 r
  U1478/ZN (AOI21_X1)                                   0.0350     0.8126 f
  U1284/ZN (OR3_X1)                                     0.0778     0.8903 f
  U2239/ZN (NAND2_X1)                                   0.0401     0.9305 r
  U2124/ZN (OR2_X1)                                     0.0471     0.9776 r
  U2125/ZN (NAND2_X1)                                   0.0357     1.0132 f
  U1008/ZN (NAND2_X1)                                   0.0335     1.0468 r
  U2031/ZN (OAI21_X1)                                   0.0349     1.0817 f
  U2127/ZN (XNOR2_X1)                                   0.0618     1.1435 f
  U3310/ZN (XNOR2_X1)                                   0.0732     1.2166 r
  U2068/ZN (OAI211_X1)                                  0.0503     1.2669 f
  U10226/ZN (NOR3_X1)                                   0.0657     1.3327 r
  U9991/Z (BUF_X1)                                      0.0484     1.3811 r
  U9046/Z (BUF_X2)                                      0.0702     1.4513 r
  U10610/ZN (NAND2_X1)                                  0.0475     1.4988 f
  U10611/ZN (AND2_X1)                                   0.0389     1.5377 f
  U10614/ZN (OAI211_X1)                                 0.0334     1.5711 r
  DP_i_fetch_i_pc_i_Y_reg_17_/D (DFF_X2)                0.0109     1.5820 r
  data arrival time                                                1.5820

  clock CLK (rise edge)                                 1.2500     1.2500
  clock network delay (ideal)                           0.0500     1.3000
  clock uncertainty                                    -0.0500     1.2500
  DP_i_fetch_i_pc_i_Y_reg_17_/CK (DFF_X2)               0.0000     1.2500 r
  library setup time                                   -0.0290     1.2210
  data required time                                               1.2210
  --------------------------------------------------------------------------
  data required time                                               1.2210
  data arrival time                                               -1.5820
  --------------------------------------------------------------------------
  slack (VIOLATED)                                                -0.3610


  Startpoint: DP_i_fetch_i_IR_out_reg_27_
              (rising edge-triggered flip-flop clocked by CLK)
  Endpoint: DP_i_fetch_i_pc_i_Y_reg_15_
            (rising edge-triggered flip-flop clocked by CLK)
  Path Group: REG2REG
  Path Type: max

  Des/Clust/Port     Wire Load Model       Library
  ------------------------------------------------
  DLX                5K_hvratio_1_4        NangateOpenCellLibrary

  Point                                                   Incr       Path
  --------------------------------------------------------------------------
  clock CLK (rise edge)                                 0.0000     0.0000
  clock network delay (ideal)                           0.0500     0.0500
  DP_i_fetch_i_IR_out_reg_27_/CK (DFF_X1)               0.0000     0.0500 r
  DP_i_fetch_i_IR_out_reg_27_/Q (DFF_X1)                0.0995     0.1495 f
  U853/ZN (OR2_X2)                                      0.0667     0.2162 f
  U2374/ZN (NAND2_X1)                                   0.0304     0.2466 r
  U2375/ZN (NAND4_X1)                                   0.0406     0.2871 f
  U2427/ZN (AND4_X1)                                    0.0509     0.3380 f
  U1495/ZN (AND2_X1)                                    0.0433     0.3813 f
  U888/ZN (OR2_X2)                                      0.0602     0.4415 f
  U2050/ZN (OAI21_X1)                                   0.0415     0.4830 r
  U3185/ZN (INV_X1)                                     0.0262     0.5092 f
  U1156/ZN (OR2_X2)                                     0.0587     0.5679 f
  U1629/ZN (OR2_X1)                                     0.0616     0.6294 f
  U3214/ZN (AND2_X1)                                    0.0378     0.6673 f
  U3217/ZN (NAND2_X1)                                   0.0309     0.6982 r
  U3219/ZN (NAND2_X1)                                   0.0301     0.7284 f
  U3222/ZN (OAI211_X1)                                  0.0492     0.7776 r
  U1478/ZN (AOI21_X1)                                   0.0350     0.8126 f
  U1284/ZN (OR3_X1)                                     0.0778     0.8903 f
  U2239/ZN (NAND2_X1)                                   0.0401     0.9305 r
  U2124/ZN (OR2_X1)                                     0.0471     0.9776 r
  U2125/ZN (NAND2_X1)                                   0.0357     1.0132 f
  U1008/ZN (NAND2_X1)                                   0.0335     1.0468 r
  U2031/ZN (OAI21_X1)                                   0.0349     1.0817 f
  U2127/ZN (XNOR2_X1)                                   0.0618     1.1435 f
  U3310/ZN (XNOR2_X1)                                   0.0732     1.2166 r
  U2068/ZN (OAI211_X1)                                  0.0503     1.2669 f
  U10226/ZN (NOR3_X1)                                   0.0657     1.3327 r
  U9991/Z (BUF_X1)                                      0.0484     1.3811 r
  U9046/Z (BUF_X2)                                      0.0702     1.4513 r
  U10620/ZN (NAND2_X1)                                  0.0475     1.4988 f
  U10621/ZN (AND2_X1)                                   0.0389     1.5377 f
  U10624/ZN (OAI211_X1)                                 0.0334     1.5711 r
  DP_i_fetch_i_pc_i_Y_reg_15_/D (DFF_X2)                0.0109     1.5820 r
  data arrival time                                                1.5820

  clock CLK (rise edge)                                 1.2500     1.2500
  clock network delay (ideal)                           0.0500     1.3000
  clock uncertainty                                    -0.0500     1.2500
  DP_i_fetch_i_pc_i_Y_reg_15_/CK (DFF_X2)               0.0000     1.2500 r
  library setup time                                   -0.0290     1.2210
  data required time                                               1.2210
  --------------------------------------------------------------------------
  data required time                                               1.2210
  data arrival time                                               -1.5820
  --------------------------------------------------------------------------
  slack (VIOLATED)                                                -0.3610


  Startpoint: DP_i_fetch_i_IR_out_reg_27_
              (rising edge-triggered flip-flop clocked by CLK)
  Endpoint: DP_i_fetch_i_pc_i_Y_reg_4_
            (rising edge-triggered flip-flop clocked by CLK)
  Path Group: REG2REG
  Path Type: max

  Des/Clust/Port     Wire Load Model       Library
  ------------------------------------------------
  DLX                5K_hvratio_1_4        NangateOpenCellLibrary

  Point                                                   Incr       Path
  --------------------------------------------------------------------------
  clock CLK (rise edge)                                 0.0000     0.0000
  clock network delay (ideal)                           0.0500     0.0500
  DP_i_fetch_i_IR_out_reg_27_/CK (DFF_X1)               0.0000     0.0500 r
  DP_i_fetch_i_IR_out_reg_27_/Q (DFF_X1)                0.0995     0.1495 f
  U853/ZN (OR2_X2)                                      0.0667     0.2162 f
  U2374/ZN (NAND2_X1)                                   0.0304     0.2466 r
  U2375/ZN (NAND4_X1)                                   0.0406     0.2871 f
  U2427/ZN (AND4_X1)                                    0.0509     0.3380 f
  U1495/ZN (AND2_X1)                                    0.0433     0.3813 f
  U888/ZN (OR2_X2)                                      0.0602     0.4415 f
  U2050/ZN (OAI21_X1)                                   0.0415     0.4830 r
  U3185/ZN (INV_X1)                                     0.0262     0.5092 f
  U1156/ZN (OR2_X2)                                     0.0587     0.5679 f
  U1629/ZN (OR2_X1)                                     0.0616     0.6294 f
  U3214/ZN (AND2_X1)                                    0.0378     0.6673 f
  U3217/ZN (NAND2_X1)                                   0.0309     0.6982 r
  U3219/ZN (NAND2_X1)                                   0.0301     0.7284 f
  U3222/ZN (OAI211_X1)                                  0.0492     0.7776 r
  U1478/ZN (AOI21_X1)                                   0.0350     0.8126 f
  U1284/ZN (OR3_X1)                                     0.0778     0.8903 f
  U2239/ZN (NAND2_X1)                                   0.0401     0.9305 r
  U2124/ZN (OR2_X1)                                     0.0471     0.9776 r
  U2125/ZN (NAND2_X1)                                   0.0357     1.0132 f
  U1008/ZN (NAND2_X1)                                   0.0335     1.0468 r
  U2031/ZN (OAI21_X1)                                   0.0349     1.0817 f
  U2127/ZN (XNOR2_X1)                                   0.0618     1.1435 f
  U3310/ZN (XNOR2_X1)                                   0.0732     1.2166 r
  U2068/ZN (OAI211_X1)                                  0.0503     1.2669 f
  U10226/ZN (NOR3_X1)                                   0.0657     1.3327 r
  U9991/Z (BUF_X1)                                      0.0484     1.3811 r
  U9047/Z (BUF_X2)                                      0.0702     1.4513 r
  U10686/ZN (NAND2_X1)                                  0.0475     1.4988 f
  U10687/ZN (AND2_X1)                                   0.0389     1.5377 f
  U10690/ZN (OAI211_X1)                                 0.0334     1.5711 r
  DP_i_fetch_i_pc_i_Y_reg_4_/D (DFF_X2)                 0.0109     1.5820 r
  data arrival time                                                1.5820

  clock CLK (rise edge)                                 1.2500     1.2500
  clock network delay (ideal)                           0.0500     1.3000
  clock uncertainty                                    -0.0500     1.2500
  DP_i_fetch_i_pc_i_Y_reg_4_/CK (DFF_X2)                0.0000     1.2500 r
  library setup time                                   -0.0290     1.2210
  data required time                                               1.2210
  --------------------------------------------------------------------------
  data required time                                               1.2210
  data arrival time                                               -1.5820
  --------------------------------------------------------------------------
  slack (VIOLATED)                                                -0.3610


  Startpoint: DP_i_fetch_i_IR_out_reg_27_
              (rising edge-triggered flip-flop clocked by CLK)
  Endpoint: DP_i_fetch_i_pc_i_Y_reg_8_
            (rising edge-triggered flip-flop clocked by CLK)
  Path Group: REG2REG
  Path Type: max

  Des/Clust/Port     Wire Load Model       Library
  ------------------------------------------------
  DLX                5K_hvratio_1_4        NangateOpenCellLibrary

  Point                                                   Incr       Path
  --------------------------------------------------------------------------
  clock CLK (rise edge)                                 0.0000     0.0000
  clock network delay (ideal)                           0.0500     0.0500
  DP_i_fetch_i_IR_out_reg_27_/CK (DFF_X1)               0.0000     0.0500 r
  DP_i_fetch_i_IR_out_reg_27_/Q (DFF_X1)                0.0995     0.1495 f
  U853/ZN (OR2_X2)                                      0.0667     0.2162 f
  U2374/ZN (NAND2_X1)                                   0.0304     0.2466 r
  U2375/ZN (NAND4_X1)                                   0.0406     0.2871 f
  U2427/ZN (AND4_X1)                                    0.0509     0.3380 f
  U1495/ZN (AND2_X1)                                    0.0433     0.3813 f
  U888/ZN (OR2_X2)                                      0.0602     0.4415 f
  U2050/ZN (OAI21_X1)                                   0.0415     0.4830 r
  U3185/ZN (INV_X1)                                     0.0262     0.5092 f
  U1156/ZN (OR2_X2)                                     0.0587     0.5679 f
  U1629/ZN (OR2_X1)                                     0.0616     0.6294 f
  U3214/ZN (AND2_X1)                                    0.0378     0.6673 f
  U3217/ZN (NAND2_X1)                                   0.0309     0.6982 r
  U3219/ZN (NAND2_X1)                                   0.0301     0.7284 f
  U3222/ZN (OAI211_X1)                                  0.0492     0.7776 r
  U1478/ZN (AOI21_X1)                                   0.0350     0.8126 f
  U1284/ZN (OR3_X1)                                     0.0778     0.8903 f
  U2239/ZN (NAND2_X1)                                   0.0401     0.9305 r
  U2124/ZN (OR2_X1)                                     0.0471     0.9776 r
  U2125/ZN (NAND2_X1)                                   0.0357     1.0132 f
  U1008/ZN (NAND2_X1)                                   0.0335     1.0468 r
  U2031/ZN (OAI21_X1)                                   0.0349     1.0817 f
  U2127/ZN (XNOR2_X1)                                   0.0618     1.1435 f
  U3310/ZN (XNOR2_X1)                                   0.0732     1.2166 r
  U2068/ZN (OAI211_X1)                                  0.0503     1.2669 f
  U10226/ZN (NOR3_X1)                                   0.0657     1.3327 r
  U9991/Z (BUF_X1)                                      0.0484     1.3811 r
  U9047/Z (BUF_X2)                                      0.0702     1.4513 r
  U10662/ZN (NAND2_X1)                                  0.0475     1.4988 f
  U10663/ZN (AND2_X1)                                   0.0389     1.5377 f
  U10666/ZN (OAI211_X1)                                 0.0334     1.5711 r
  DP_i_fetch_i_pc_i_Y_reg_8_/D (DFF_X2)                 0.0109     1.5820 r
  data arrival time                                                1.5820

  clock CLK (rise edge)                                 1.2500     1.2500
  clock network delay (ideal)                           0.0500     1.3000
  clock uncertainty                                    -0.0500     1.2500
  DP_i_fetch_i_pc_i_Y_reg_8_/CK (DFF_X2)                0.0000     1.2500 r
  library setup time                                   -0.0290     1.2210
  data required time                                               1.2210
  --------------------------------------------------------------------------
  data required time                                               1.2210
  data arrival time                                               -1.5820
  --------------------------------------------------------------------------
  slack (VIOLATED)                                                -0.3610


  Startpoint: DP_i_fetch_i_IR_out_reg_27_
              (rising edge-triggered flip-flop clocked by CLK)
  Endpoint: DP_i_fetch_i_pc_i_Y_reg_19_
            (rising edge-triggered flip-flop clocked by CLK)
  Path Group: REG2REG
  Path Type: max

  Des/Clust/Port     Wire Load Model       Library
  ------------------------------------------------
  DLX                5K_hvratio_1_4        NangateOpenCellLibrary

  Point                                                   Incr       Path
  --------------------------------------------------------------------------
  clock CLK (rise edge)                                 0.0000     0.0000
  clock network delay (ideal)                           0.0500     0.0500
  DP_i_fetch_i_IR_out_reg_27_/CK (DFF_X1)               0.0000     0.0500 r
  DP_i_fetch_i_IR_out_reg_27_/Q (DFF_X1)                0.0995     0.1495 f
  U853/ZN (OR2_X2)                                      0.0667     0.2162 f
  U2374/ZN (NAND2_X1)                                   0.0304     0.2466 r
  U2375/ZN (NAND4_X1)                                   0.0406     0.2871 f
  U2427/ZN (AND4_X1)                                    0.0509     0.3380 f
  U1495/ZN (AND2_X1)                                    0.0433     0.3813 f
  U888/ZN (OR2_X2)                                      0.0602     0.4415 f
  U2050/ZN (OAI21_X1)                                   0.0415     0.4830 r
  U3185/ZN (INV_X1)                                     0.0262     0.5092 f
  U1156/ZN (OR2_X2)                                     0.0587     0.5679 f
  U1629/ZN (OR2_X1)                                     0.0616     0.6294 f
  U3214/ZN (AND2_X1)                                    0.0378     0.6673 f
  U3217/ZN (NAND2_X1)                                   0.0309     0.6982 r
  U3219/ZN (NAND2_X1)                                   0.0301     0.7284 f
  U3222/ZN (OAI211_X1)                                  0.0492     0.7776 r
  U1478/ZN (AOI21_X1)                                   0.0350     0.8126 f
  U1284/ZN (OR3_X1)                                     0.0778     0.8903 f
  U2239/ZN (NAND2_X1)                                   0.0401     0.9305 r
  U2124/ZN (OR2_X1)                                     0.0471     0.9776 r
  U2125/ZN (NAND2_X1)                                   0.0357     1.0132 f
  U1008/ZN (NAND2_X1)                                   0.0335     1.0468 r
  U2031/ZN (OAI21_X1)                                   0.0349     1.0817 f
  U2127/ZN (XNOR2_X1)                                   0.0618     1.1435 f
  U3310/ZN (XNOR2_X1)                                   0.0732     1.2166 r
  U2068/ZN (OAI211_X1)                                  0.0503     1.2669 f
  U10226/ZN (NOR3_X1)                                   0.0657     1.3327 r
  U9991/Z (BUF_X1)                                      0.0484     1.3811 r
  U9046/Z (BUF_X2)                                      0.0702     1.4513 r
  U10600/ZN (NAND2_X1)                                  0.0475     1.4988 f
  U10601/ZN (AND2_X1)                                   0.0389     1.5377 f
  U10604/ZN (OAI211_X1)                                 0.0334     1.5711 r
  DP_i_fetch_i_pc_i_Y_reg_19_/D (DFF_X2)                0.0109     1.5820 r
  data arrival time                                                1.5820

  clock CLK (rise edge)                                 1.2500     1.2500
  clock network delay (ideal)                           0.0500     1.3000
  clock uncertainty                                    -0.0500     1.2500
  DP_i_fetch_i_pc_i_Y_reg_19_/CK (DFF_X2)               0.0000     1.2500 r
  library setup time                                   -0.0290     1.2210
  data required time                                               1.2210
  --------------------------------------------------------------------------
  data required time                                               1.2210
  data arrival time                                               -1.5820
  --------------------------------------------------------------------------
  slack (VIOLATED)                                                -0.3610


  Startpoint: DP_i_fetch_i_IR_out_reg_27_
              (rising edge-triggered flip-flop clocked by CLK)
  Endpoint: DP_i_fetch_i_pc_i_Y_reg_5_
            (rising edge-triggered flip-flop clocked by CLK)
  Path Group: REG2REG
  Path Type: max

  Des/Clust/Port     Wire Load Model       Library
  ------------------------------------------------
  DLX                5K_hvratio_1_4        NangateOpenCellLibrary

  Point                                                   Incr       Path
  --------------------------------------------------------------------------
  clock CLK (rise edge)                                 0.0000     0.0000
  clock network delay (ideal)                           0.0500     0.0500
  DP_i_fetch_i_IR_out_reg_27_/CK (DFF_X1)               0.0000     0.0500 r
  DP_i_fetch_i_IR_out_reg_27_/Q (DFF_X1)                0.0995     0.1495 f
  U853/ZN (OR2_X2)                                      0.0667     0.2162 f
  U2374/ZN (NAND2_X1)                                   0.0304     0.2466 r
  U2375/ZN (NAND4_X1)                                   0.0406     0.2871 f
  U2427/ZN (AND4_X1)                                    0.0509     0.3380 f
  U1495/ZN (AND2_X1)                                    0.0433     0.3813 f
  U888/ZN (OR2_X2)                                      0.0602     0.4415 f
  U2050/ZN (OAI21_X1)                                   0.0415     0.4830 r
  U3185/ZN (INV_X1)                                     0.0262     0.5092 f
  U1156/ZN (OR2_X2)                                     0.0587     0.5679 f
  U1629/ZN (OR2_X1)                                     0.0616     0.6294 f
  U3214/ZN (AND2_X1)                                    0.0378     0.6673 f
  U3217/ZN (NAND2_X1)                                   0.0309     0.6982 r
  U3219/ZN (NAND2_X1)                                   0.0301     0.7284 f
  U3222/ZN (OAI211_X1)                                  0.0492     0.7776 r
  U1478/ZN (AOI21_X1)                                   0.0350     0.8126 f
  U1284/ZN (OR3_X1)                                     0.0778     0.8903 f
  U2239/ZN (NAND2_X1)                                   0.0401     0.9305 r
  U2124/ZN (OR2_X1)                                     0.0471     0.9776 r
  U2125/ZN (NAND2_X1)                                   0.0357     1.0132 f
  U1008/ZN (NAND2_X1)                                   0.0335     1.0468 r
  U2031/ZN (OAI21_X1)                                   0.0349     1.0817 f
  U2127/ZN (XNOR2_X1)                                   0.0618     1.1435 f
  U3310/ZN (XNOR2_X1)                                   0.0732     1.2166 r
  U2068/ZN (OAI211_X1)                                  0.0503     1.2669 f
  U10226/ZN (NOR3_X1)                                   0.0657     1.3327 r
  U9991/Z (BUF_X1)                                      0.0484     1.3811 r
  U9047/Z (BUF_X2)                                      0.0702     1.4513 r
  U10680/ZN (NAND2_X1)                                  0.0475     1.4988 f
  U10681/ZN (AND2_X1)                                   0.0389     1.5377 f
  U10684/ZN (OAI211_X1)                                 0.0334     1.5711 r
  DP_i_fetch_i_pc_i_Y_reg_5_/D (DFF_X2)                 0.0109     1.5820 r
  data arrival time                                                1.5820

  clock CLK (rise edge)                                 1.2500     1.2500
  clock network delay (ideal)                           0.0500     1.3000
  clock uncertainty                                    -0.0500     1.2500
  DP_i_fetch_i_pc_i_Y_reg_5_/CK (DFF_X2)                0.0000     1.2500 r
  library setup time                                   -0.0290     1.2210
  data required time                                               1.2210
  --------------------------------------------------------------------------
  data required time                                               1.2210
  data arrival time                                               -1.5820
  --------------------------------------------------------------------------
  slack (VIOLATED)                                                -0.3610


1
