 
****************************************
Report : timing
        -path full
        -delay max
        -nworst 2
        -group REG2REG
        -max_paths 10
Design : DLX
Version: W-2024.09-SP2
Date   : Tue Sep 29 13:04:24 2026
****************************************

Operating Conditions: typical   Library: NangateOpenCellLibrary
Wire Load Model Mode: top

  Startpoint: DP_i_execute_i_rd_out_reg_i_Y_reg_0_
              (rising edge-triggered flip-flop clocked by CLK)
  Endpoint: DP_i_execute_i_boothmul_i_tree_i_register_i_2_Y_temp_reg_30_
            (rising edge-triggered flip-flop clocked by CLK)
  Path Group: REG2REG
  Path Type: max

  Des/Clust/Port     Wire Load Model       Library
  ------------------------------------------------
  DLX                5K_hvratio_1_4        NangateOpenCellLibrary

  Point                                                   Incr       Path
  --------------------------------------------------------------------------
  clock CLK (rise edge)                                 0.0000     0.0000
  clock network delay (ideal)                           0.0500     0.0500
  DP_i_execute_i_rd_out_reg_i_Y_reg_0_/CK (DFF_X1)      0.0000     0.0500 r
  DP_i_execute_i_rd_out_reg_i_Y_reg_0_/Q (DFF_X1)       0.0974     0.1474 f
  U3011/ZN (XNOR2_X1)                                   0.0610     0.2084 f
  U1568/ZN (NOR3_X1)                                    0.0506     0.2589 r
  U4227/ZN (NAND4_X1)                                   0.0495     0.3084 f
  U3136/ZN (AND2_X1)                                    0.0531     0.3615 f
  U2893/Z (BUF_X2)                                      0.0607     0.4223 f
  U4343/ZN (AOI222_X1)                                  0.1272     0.5494 r
  U1636/Z (MUX2_X1)                                     0.0683     0.6177 r
  U1003/ZN (OR2_X2)                                     0.0479     0.6656 r
  U1155/ZN (OR2_X2)                                     0.0468     0.7124 r
  U1249/ZN (AND2_X1)                                    0.0487     0.7611 r
  U4816/ZN (NAND2_X1)                                   0.0386     0.7997 f
  U1228/ZN (AND2_X1)                                    0.0443     0.8440 f
  U1270/ZN (OAI21_X1)                                   0.0581     0.9021 r
  U5359/ZN (XNOR2_X1)                                   0.0723     0.9744 r
  U5360/ZN (XNOR2_X1)                                   0.0706     1.0451 r
  U5362/CO (FA_X1)                                      0.0817     1.1267 r
  U3880/ZN (XNOR2_X1)                                   0.0626     1.1893 r
  U3583/ZN (XNOR2_X1)                                   0.0666     1.2559 r
  U6590/ZN (XNOR2_X1)                                   0.0696     1.3255 r
  U6591/ZN (XNOR2_X1)                                   0.0730     1.3985 r
  U3195/ZN (NAND2_X1)                                   0.0423     1.4407 f
  U3082/ZN (NAND3_X1)                                   0.0388     1.4795 r
  U8938/ZN (XNOR2_X1)                                   0.0570     1.5365 r
  U3568/ZN (AND2_X1)                                    0.0420     1.5785 r
  DP_i_execute_i_boothmul_i_tree_i_register_i_2_Y_temp_reg_30_/D (DFF_X2)
                                                        0.0109     1.5894 r
  data arrival time                                                1.5894

  clock CLK (rise edge)                                 1.3000     1.3000
  clock network delay (ideal)                           0.0500     1.3500
  clock uncertainty                                    -0.0500     1.3000
  DP_i_execute_i_boothmul_i_tree_i_register_i_2_Y_temp_reg_30_/CK (DFF_X2)
                                                        0.0000     1.3000 r
  library setup time                                   -0.0262     1.2738
  data required time                                               1.2738
  --------------------------------------------------------------------------
  data required time                                               1.2738
  data arrival time                                               -1.5894
  --------------------------------------------------------------------------
  slack (VIOLATED)                                                -0.3156


  Startpoint: DP_i_execute_i_rd_out_reg_i_Y_reg_0_
              (rising edge-triggered flip-flop clocked by CLK)
  Endpoint: DP_i_execute_i_boothmul_i_tree_i_register_i_2_Y_temp_reg_30_
            (rising edge-triggered flip-flop clocked by CLK)
  Path Group: REG2REG
  Path Type: max

  Des/Clust/Port     Wire Load Model       Library
  ------------------------------------------------
  DLX                5K_hvratio_1_4        NangateOpenCellLibrary

  Point                                                   Incr       Path
  --------------------------------------------------------------------------
  clock CLK (rise edge)                                 0.0000     0.0000
  clock network delay (ideal)                           0.0500     0.0500
  DP_i_execute_i_rd_out_reg_i_Y_reg_0_/CK (DFF_X1)      0.0000     0.0500 r
  DP_i_execute_i_rd_out_reg_i_Y_reg_0_/Q (DFF_X1)       0.0974     0.1474 f
  U3011/ZN (XNOR2_X1)                                   0.0610     0.2084 f
  U1568/ZN (NOR3_X1)                                    0.0506     0.2589 r
  U4227/ZN (NAND4_X1)                                   0.0495     0.3084 f
  U3136/ZN (AND2_X1)                                    0.0531     0.3615 f
  U2893/Z (BUF_X2)                                      0.0607     0.4223 f
  U4343/ZN (AOI222_X1)                                  0.1272     0.5494 r
  U1636/Z (MUX2_X1)                                     0.0683     0.6177 r
  U1003/ZN (OR2_X2)                                     0.0479     0.6656 r
  U1155/ZN (OR2_X2)                                     0.0468     0.7124 r
  U1249/ZN (AND2_X1)                                    0.0487     0.7611 r
  U4816/ZN (NAND2_X1)                                   0.0386     0.7997 f
  U1228/ZN (AND2_X1)                                    0.0443     0.8440 f
  U1270/ZN (OAI21_X1)                                   0.0581     0.9021 r
  U5359/ZN (XNOR2_X1)                                   0.0723     0.9744 r
  U5360/ZN (XNOR2_X1)                                   0.0706     1.0451 r
  U5362/CO (FA_X1)                                      0.0817     1.1267 r
  U3880/ZN (XNOR2_X1)                                   0.0626     1.1893 r
  U3583/ZN (XNOR2_X1)                                   0.0666     1.2559 r
  U6590/ZN (XNOR2_X1)                                   0.0696     1.3255 r
  U6591/ZN (XNOR2_X1)                                   0.0730     1.3985 r
  U3195/ZN (NAND2_X1)                                   0.0423     1.4407 f
  U3082/ZN (NAND3_X1)                                   0.0388     1.4795 r
  U8938/ZN (XNOR2_X1)                                   0.0570     1.5365 r
  U3568/ZN (AND2_X1)                                    0.0420     1.5785 r
  DP_i_execute_i_boothmul_i_tree_i_register_i_2_Y_temp_reg_30_/D (DFF_X2)
                                                        0.0109     1.5894 r
  data arrival time                                                1.5894

  clock CLK (rise edge)                                 1.3000     1.3000
  clock network delay (ideal)                           0.0500     1.3500
  clock uncertainty                                    -0.0500     1.3000
  DP_i_execute_i_boothmul_i_tree_i_register_i_2_Y_temp_reg_30_/CK (DFF_X2)
                                                        0.0000     1.3000 r
  library setup time                                   -0.0262     1.2738
  data required time                                               1.2738
  --------------------------------------------------------------------------
  data required time                                               1.2738
  data arrival time                                               -1.5894
  --------------------------------------------------------------------------
  slack (VIOLATED)                                                -0.3156


  Startpoint: DP_i_mem_access_i_rd_out_reg_i_Y_reg_3_
              (rising edge-triggered flip-flop clocked by CLK)
  Endpoint: DP_i_fetch_i_pc_i_Y_reg_21_
            (rising edge-triggered flip-flop clocked by CLK)
  Path Group: REG2REG
  Path Type: max

  Des/Clust/Port     Wire Load Model       Library
  ------------------------------------------------
  DLX                5K_hvratio_1_4        NangateOpenCellLibrary

  Point                                                   Incr       Path
  --------------------------------------------------------------------------
  clock CLK (rise edge)                                 0.0000     0.0000
  clock network delay (ideal)                           0.0500     0.0500
  DP_i_mem_access_i_rd_out_reg_i_Y_reg_3_/CK (DFF_X1)   0.0000     0.0500 r
  DP_i_mem_access_i_rd_out_reg_i_Y_reg_3_/QN (DFF_X1)   0.0780     0.1280 r
  U7736/ZN (INV_X1)                                     0.0264     0.1544 f
  DP_i_decode_i_reg_file_i/addr_w[3] (register_file)    0.0000     0.1544 f
  DP_i_decode_i_reg_file_i/U488/Z (XOR2_X1)             0.0796     0.2340 f
  DP_i_decode_i_reg_file_i/U264/ZN (NOR2_X1)            0.0403     0.2744 r
  DP_i_decode_i_reg_file_i/U275/ZN (NAND4_X1)           0.0530     0.3274 f
  DP_i_decode_i_reg_file_i/U510/ZN (NAND2_X1)           0.0545     0.3819 r
  DP_i_decode_i_reg_file_i/U539/Z (BUF_X1)              0.0475     0.4294 r
  DP_i_decode_i_reg_file_i/U202/ZN (OR2_X1)             0.0642     0.4936 r
  DP_i_decode_i_reg_file_i/U189/Z (BUF_X2)              0.1038     0.5975 r
  DP_i_decode_i_reg_file_i/U1468/ZN (OAI22_X1)          0.0666     0.6641 f
  DP_i_decode_i_reg_file_i/U1469/ZN (NOR2_X1)           0.0461     0.7102 r
  DP_i_decode_i_reg_file_i/U1475/ZN (NAND4_X1)          0.0475     0.7577 f
  DP_i_decode_i_reg_file_i/U126/ZN (OR4_X2)             0.1258     0.8835 f
  DP_i_decode_i_reg_file_i/output1[25] (register_file)
                                                        0.0000     0.8835 f
  U5229/ZN (NAND2_X1)                                   0.0357     0.9192 r
  U1087/ZN (AND2_X1)                                    0.0448     0.9640 r
  U5230/ZN (XNOR2_X1)                                   0.0557     1.0197 r
  U2907/ZN (AND4_X1)                                    0.0658     1.0855 r
  U1405/ZN (AND4_X1)                                    0.0682     1.1537 r
  U5233/ZN (NAND2_X1)                                   0.0281     1.1818 f
  U5234/ZN (AND3_X1)                                    0.0404     1.2222 f
  U1071/ZN (AND2_X1)                                    0.0418     1.2640 f
  U2872/ZN (OAI21_X1)                                   0.0454     1.3093 r
  U10317/ZN (NOR2_X1)                                   0.0303     1.3397 f
  U3507/Z (BUF_X2)                                      0.0514     1.3910 f
  U9868/Z (BUF_X2)                                      0.0699     1.4609 f
  U9865/ZN (AND2_X1)                                    0.0553     1.5163 f
  U9585/ZN (INV_X1)                                     0.0258     1.5421 r
  U9617/ZN (NAND4_X1)                                   0.0352     1.5773 f
  DP_i_fetch_i_pc_i_Y_reg_21_/D (DFF_X1)                0.0104     1.5877 f
  data arrival time                                                1.5877

  clock CLK (rise edge)                                 1.3000     1.3000
  clock network delay (ideal)                           0.0500     1.3500
  clock uncertainty                                    -0.0500     1.3000
  DP_i_fetch_i_pc_i_Y_reg_21_/CK (DFF_X1)               0.0000     1.3000 r
  library setup time                                   -0.0275     1.2725
  data required time                                               1.2725
  --------------------------------------------------------------------------
  data required time                                               1.2725
  data arrival time                                               -1.5877
  --------------------------------------------------------------------------
  slack (VIOLATED)                                                -0.3152


  Startpoint: DP_i_mem_access_i_rd_out_reg_i_Y_reg_3_
              (rising edge-triggered flip-flop clocked by CLK)
  Endpoint: DP_i_fetch_i_pc_i_Y_reg_11_
            (rising edge-triggered flip-flop clocked by CLK)
  Path Group: REG2REG
  Path Type: max

  Des/Clust/Port     Wire Load Model       Library
  ------------------------------------------------
  DLX                5K_hvratio_1_4        NangateOpenCellLibrary

  Point                                                   Incr       Path
  --------------------------------------------------------------------------
  clock CLK (rise edge)                                 0.0000     0.0000
  clock network delay (ideal)                           0.0500     0.0500
  DP_i_mem_access_i_rd_out_reg_i_Y_reg_3_/CK (DFF_X1)   0.0000     0.0500 r
  DP_i_mem_access_i_rd_out_reg_i_Y_reg_3_/QN (DFF_X1)   0.0780     0.1280 r
  U7736/ZN (INV_X1)                                     0.0264     0.1544 f
  DP_i_decode_i_reg_file_i/addr_w[3] (register_file)    0.0000     0.1544 f
  DP_i_decode_i_reg_file_i/U488/Z (XOR2_X1)             0.0796     0.2340 f
  DP_i_decode_i_reg_file_i/U264/ZN (NOR2_X1)            0.0403     0.2744 r
  DP_i_decode_i_reg_file_i/U275/ZN (NAND4_X1)           0.0530     0.3274 f
  DP_i_decode_i_reg_file_i/U510/ZN (NAND2_X1)           0.0545     0.3819 r
  DP_i_decode_i_reg_file_i/U539/Z (BUF_X1)              0.0475     0.4294 r
  DP_i_decode_i_reg_file_i/U202/ZN (OR2_X1)             0.0642     0.4936 r
  DP_i_decode_i_reg_file_i/U189/Z (BUF_X2)              0.1038     0.5975 r
  DP_i_decode_i_reg_file_i/U1468/ZN (OAI22_X1)          0.0666     0.6641 f
  DP_i_decode_i_reg_file_i/U1469/ZN (NOR2_X1)           0.0461     0.7102 r
  DP_i_decode_i_reg_file_i/U1475/ZN (NAND4_X1)          0.0475     0.7577 f
  DP_i_decode_i_reg_file_i/U126/ZN (OR4_X2)             0.1258     0.8835 f
  DP_i_decode_i_reg_file_i/output1[25] (register_file)
                                                        0.0000     0.8835 f
  U5229/ZN (NAND2_X1)                                   0.0357     0.9192 r
  U1087/ZN (AND2_X1)                                    0.0448     0.9640 r
  U5230/ZN (XNOR2_X1)                                   0.0557     1.0197 r
  U2907/ZN (AND4_X1)                                    0.0658     1.0855 r
  U1405/ZN (AND4_X1)                                    0.0682     1.1537 r
  U5233/ZN (NAND2_X1)                                   0.0281     1.1818 f
  U5234/ZN (AND3_X1)                                    0.0404     1.2222 f
  U1071/ZN (AND2_X1)                                    0.0418     1.2640 f
  U2872/ZN (OAI21_X1)                                   0.0454     1.3093 r
  U10317/ZN (NOR2_X1)                                   0.0303     1.3397 f
  U3507/Z (BUF_X2)                                      0.0514     1.3910 f
  U9860/Z (BUF_X2)                                      0.0699     1.4609 f
  U9852/ZN (AND2_X1)                                    0.0553     1.5163 f
  U9595/ZN (INV_X1)                                     0.0258     1.5421 r
  U9627/ZN (NAND4_X1)                                   0.0352     1.5773 f
  DP_i_fetch_i_pc_i_Y_reg_11_/D (DFF_X1)                0.0104     1.5877 f
  data arrival time                                                1.5877

  clock CLK (rise edge)                                 1.3000     1.3000
  clock network delay (ideal)                           0.0500     1.3500
  clock uncertainty                                    -0.0500     1.3000
  DP_i_fetch_i_pc_i_Y_reg_11_/CK (DFF_X1)               0.0000     1.3000 r
  library setup time                                   -0.0275     1.2725
  data required time                                               1.2725
  --------------------------------------------------------------------------
  data required time                                               1.2725
  data arrival time                                               -1.5877
  --------------------------------------------------------------------------
  slack (VIOLATED)                                                -0.3152


  Startpoint: DP_i_mem_access_i_rd_out_reg_i_Y_reg_3_
              (rising edge-triggered flip-flop clocked by CLK)
  Endpoint: DP_i_fetch_i_pc_i_Y_reg_12_
            (rising edge-triggered flip-flop clocked by CLK)
  Path Group: REG2REG
  Path Type: max

  Des/Clust/Port     Wire Load Model       Library
  ------------------------------------------------
  DLX                5K_hvratio_1_4        NangateOpenCellLibrary

  Point                                                   Incr       Path
  --------------------------------------------------------------------------
  clock CLK (rise edge)                                 0.0000     0.0000
  clock network delay (ideal)                           0.0500     0.0500
  DP_i_mem_access_i_rd_out_reg_i_Y_reg_3_/CK (DFF_X1)   0.0000     0.0500 r
  DP_i_mem_access_i_rd_out_reg_i_Y_reg_3_/QN (DFF_X1)   0.0780     0.1280 r
  U7736/ZN (INV_X1)                                     0.0264     0.1544 f
  DP_i_decode_i_reg_file_i/addr_w[3] (register_file)    0.0000     0.1544 f
  DP_i_decode_i_reg_file_i/U488/Z (XOR2_X1)             0.0796     0.2340 f
  DP_i_decode_i_reg_file_i/U264/ZN (NOR2_X1)            0.0403     0.2744 r
  DP_i_decode_i_reg_file_i/U275/ZN (NAND4_X1)           0.0530     0.3274 f
  DP_i_decode_i_reg_file_i/U510/ZN (NAND2_X1)           0.0545     0.3819 r
  DP_i_decode_i_reg_file_i/U539/Z (BUF_X1)              0.0475     0.4294 r
  DP_i_decode_i_reg_file_i/U202/ZN (OR2_X1)             0.0642     0.4936 r
  DP_i_decode_i_reg_file_i/U189/Z (BUF_X2)              0.1038     0.5975 r
  DP_i_decode_i_reg_file_i/U1468/ZN (OAI22_X1)          0.0666     0.6641 f
  DP_i_decode_i_reg_file_i/U1469/ZN (NOR2_X1)           0.0461     0.7102 r
  DP_i_decode_i_reg_file_i/U1475/ZN (NAND4_X1)          0.0475     0.7577 f
  DP_i_decode_i_reg_file_i/U126/ZN (OR4_X2)             0.1258     0.8835 f
  DP_i_decode_i_reg_file_i/output1[25] (register_file)
                                                        0.0000     0.8835 f
  U5229/ZN (NAND2_X1)                                   0.0357     0.9192 r
  U1087/ZN (AND2_X1)                                    0.0448     0.9640 r
  U5230/ZN (XNOR2_X1)                                   0.0557     1.0197 r
  U2907/ZN (AND4_X1)                                    0.0658     1.0855 r
  U1405/ZN (AND4_X1)                                    0.0682     1.1537 r
  U5233/ZN (NAND2_X1)                                   0.0281     1.1818 f
  U5234/ZN (AND3_X1)                                    0.0404     1.2222 f
  U1071/ZN (AND2_X1)                                    0.0418     1.2640 f
  U2872/ZN (OAI21_X1)                                   0.0454     1.3093 r
  U10317/ZN (NOR2_X1)                                   0.0303     1.3397 f
  U3507/Z (BUF_X2)                                      0.0514     1.3910 f
  U9868/Z (BUF_X2)                                      0.0699     1.4609 f
  U9862/ZN (AND2_X1)                                    0.0553     1.5163 f
  U9594/ZN (INV_X1)                                     0.0258     1.5421 r
  U9626/ZN (NAND4_X1)                                   0.0352     1.5773 f
  DP_i_fetch_i_pc_i_Y_reg_12_/D (DFF_X1)                0.0104     1.5877 f
  data arrival time                                                1.5877

  clock CLK (rise edge)                                 1.3000     1.3000
  clock network delay (ideal)                           0.0500     1.3500
  clock uncertainty                                    -0.0500     1.3000
  DP_i_fetch_i_pc_i_Y_reg_12_/CK (DFF_X1)               0.0000     1.3000 r
  library setup time                                   -0.0275     1.2725
  data required time                                               1.2725
  --------------------------------------------------------------------------
  data required time                                               1.2725
  data arrival time                                               -1.5877
  --------------------------------------------------------------------------
  slack (VIOLATED)                                                -0.3152


  Startpoint: DP_i_mem_access_i_rd_out_reg_i_Y_reg_3_
              (rising edge-triggered flip-flop clocked by CLK)
  Endpoint: DP_i_fetch_i_pc_i_Y_reg_3_
            (rising edge-triggered flip-flop clocked by CLK)
  Path Group: REG2REG
  Path Type: max

  Des/Clust/Port     Wire Load Model       Library
  ------------------------------------------------
  DLX                5K_hvratio_1_4        NangateOpenCellLibrary

  Point                                                   Incr       Path
  --------------------------------------------------------------------------
  clock CLK (rise edge)                                 0.0000     0.0000
  clock network delay (ideal)                           0.0500     0.0500
  DP_i_mem_access_i_rd_out_reg_i_Y_reg_3_/CK (DFF_X1)   0.0000     0.0500 r
  DP_i_mem_access_i_rd_out_reg_i_Y_reg_3_/QN (DFF_X1)   0.0780     0.1280 r
  U7736/ZN (INV_X1)                                     0.0264     0.1544 f
  DP_i_decode_i_reg_file_i/addr_w[3] (register_file)    0.0000     0.1544 f
  DP_i_decode_i_reg_file_i/U488/Z (XOR2_X1)             0.0796     0.2340 f
  DP_i_decode_i_reg_file_i/U264/ZN (NOR2_X1)            0.0403     0.2744 r
  DP_i_decode_i_reg_file_i/U275/ZN (NAND4_X1)           0.0530     0.3274 f
  DP_i_decode_i_reg_file_i/U510/ZN (NAND2_X1)           0.0545     0.3819 r
  DP_i_decode_i_reg_file_i/U539/Z (BUF_X1)              0.0475     0.4294 r
  DP_i_decode_i_reg_file_i/U202/ZN (OR2_X1)             0.0642     0.4936 r
  DP_i_decode_i_reg_file_i/U189/Z (BUF_X2)              0.1038     0.5975 r
  DP_i_decode_i_reg_file_i/U1468/ZN (OAI22_X1)          0.0666     0.6641 f
  DP_i_decode_i_reg_file_i/U1469/ZN (NOR2_X1)           0.0461     0.7102 r
  DP_i_decode_i_reg_file_i/U1475/ZN (NAND4_X1)          0.0475     0.7577 f
  DP_i_decode_i_reg_file_i/U126/ZN (OR4_X2)             0.1258     0.8835 f
  DP_i_decode_i_reg_file_i/output1[25] (register_file)
                                                        0.0000     0.8835 f
  U5229/ZN (NAND2_X1)                                   0.0357     0.9192 r
  U1087/ZN (AND2_X1)                                    0.0448     0.9640 r
  U5230/ZN (XNOR2_X1)                                   0.0557     1.0197 r
  U2907/ZN (AND4_X1)                                    0.0658     1.0855 r
  U1405/ZN (AND4_X1)                                    0.0682     1.1537 r
  U5233/ZN (NAND2_X1)                                   0.0281     1.1818 f
  U5234/ZN (AND3_X1)                                    0.0404     1.2222 f
  U1071/ZN (AND2_X1)                                    0.0418     1.2640 f
  U2872/ZN (OAI21_X1)                                   0.0454     1.3093 r
  U10317/ZN (NOR2_X1)                                   0.0303     1.3397 f
  U3507/Z (BUF_X2)                                      0.0514     1.3910 f
  U9860/Z (BUF_X2)                                      0.0699     1.4609 f
  U9855/ZN (AND2_X1)                                    0.0553     1.5163 f
  U9605/ZN (INV_X1)                                     0.0258     1.5421 r
  U9637/ZN (NAND4_X1)                                   0.0352     1.5773 f
  DP_i_fetch_i_pc_i_Y_reg_3_/D (DFF_X1)                 0.0104     1.5877 f
  data arrival time                                                1.5877

  clock CLK (rise edge)                                 1.3000     1.3000
  clock network delay (ideal)                           0.0500     1.3500
  clock uncertainty                                    -0.0500     1.3000
  DP_i_fetch_i_pc_i_Y_reg_3_/CK (DFF_X1)                0.0000     1.3000 r
  library setup time                                   -0.0275     1.2725
  data required time                                               1.2725
  --------------------------------------------------------------------------
  data required time                                               1.2725
  data arrival time                                               -1.5877
  --------------------------------------------------------------------------
  slack (VIOLATED)                                                -0.3152


  Startpoint: DP_i_mem_access_i_rd_out_reg_i_Y_reg_3_
              (rising edge-triggered flip-flop clocked by CLK)
  Endpoint: DP_i_fetch_i_pc_i_Y_reg_10_
            (rising edge-triggered flip-flop clocked by CLK)
  Path Group: REG2REG
  Path Type: max

  Des/Clust/Port     Wire Load Model       Library
  ------------------------------------------------
  DLX                5K_hvratio_1_4        NangateOpenCellLibrary

  Point                                                   Incr       Path
  --------------------------------------------------------------------------
  clock CLK (rise edge)                                 0.0000     0.0000
  clock network delay (ideal)                           0.0500     0.0500
  DP_i_mem_access_i_rd_out_reg_i_Y_reg_3_/CK (DFF_X1)   0.0000     0.0500 r
  DP_i_mem_access_i_rd_out_reg_i_Y_reg_3_/QN (DFF_X1)   0.0780     0.1280 r
  U7736/ZN (INV_X1)                                     0.0264     0.1544 f
  DP_i_decode_i_reg_file_i/addr_w[3] (register_file)    0.0000     0.1544 f
  DP_i_decode_i_reg_file_i/U488/Z (XOR2_X1)             0.0796     0.2340 f
  DP_i_decode_i_reg_file_i/U264/ZN (NOR2_X1)            0.0403     0.2744 r
  DP_i_decode_i_reg_file_i/U275/ZN (NAND4_X1)           0.0530     0.3274 f
  DP_i_decode_i_reg_file_i/U510/ZN (NAND2_X1)           0.0545     0.3819 r
  DP_i_decode_i_reg_file_i/U539/Z (BUF_X1)              0.0475     0.4294 r
  DP_i_decode_i_reg_file_i/U202/ZN (OR2_X1)             0.0642     0.4936 r
  DP_i_decode_i_reg_file_i/U189/Z (BUF_X2)              0.1038     0.5975 r
  DP_i_decode_i_reg_file_i/U1468/ZN (OAI22_X1)          0.0666     0.6641 f
  DP_i_decode_i_reg_file_i/U1469/ZN (NOR2_X1)           0.0461     0.7102 r
  DP_i_decode_i_reg_file_i/U1475/ZN (NAND4_X1)          0.0475     0.7577 f
  DP_i_decode_i_reg_file_i/U126/ZN (OR4_X2)             0.1258     0.8835 f
  DP_i_decode_i_reg_file_i/output1[25] (register_file)
                                                        0.0000     0.8835 f
  U5229/ZN (NAND2_X1)                                   0.0357     0.9192 r
  U1087/ZN (AND2_X1)                                    0.0448     0.9640 r
  U5230/ZN (XNOR2_X1)                                   0.0557     1.0197 r
  U2907/ZN (AND4_X1)                                    0.0658     1.0855 r
  U1405/ZN (AND4_X1)                                    0.0682     1.1537 r
  U5233/ZN (NAND2_X1)                                   0.0281     1.1818 f
  U5234/ZN (AND3_X1)                                    0.0404     1.2222 f
  U1071/ZN (AND2_X1)                                    0.0418     1.2640 f
  U2872/ZN (OAI21_X1)                                   0.0454     1.3093 r
  U10317/ZN (NOR2_X1)                                   0.0303     1.3397 f
  U3507/Z (BUF_X2)                                      0.0514     1.3910 f
  U9860/Z (BUF_X2)                                      0.0699     1.4609 f
  U9851/ZN (AND2_X1)                                    0.0553     1.5163 f
  U9596/ZN (INV_X1)                                     0.0258     1.5421 r
  U9628/ZN (NAND4_X1)                                   0.0352     1.5773 f
  DP_i_fetch_i_pc_i_Y_reg_10_/D (DFF_X1)                0.0104     1.5877 f
  data arrival time                                                1.5877

  clock CLK (rise edge)                                 1.3000     1.3000
  clock network delay (ideal)                           0.0500     1.3500
  clock uncertainty                                    -0.0500     1.3000
  DP_i_fetch_i_pc_i_Y_reg_10_/CK (DFF_X1)               0.0000     1.3000 r
  library setup time                                   -0.0275     1.2725
  data required time                                               1.2725
  --------------------------------------------------------------------------
  data required time                                               1.2725
  data arrival time                                               -1.5877
  --------------------------------------------------------------------------
  slack (VIOLATED)                                                -0.3152


  Startpoint: DP_i_mem_access_i_rd_out_reg_i_Y_reg_3_
              (rising edge-triggered flip-flop clocked by CLK)
  Endpoint: DP_i_fetch_i_pc_i_Y_reg_6_
            (rising edge-triggered flip-flop clocked by CLK)
  Path Group: REG2REG
  Path Type: max

  Des/Clust/Port     Wire Load Model       Library
  ------------------------------------------------
  DLX                5K_hvratio_1_4        NangateOpenCellLibrary

  Point                                                   Incr       Path
  --------------------------------------------------------------------------
  clock CLK (rise edge)                                 0.0000     0.0000
  clock network delay (ideal)                           0.0500     0.0500
  DP_i_mem_access_i_rd_out_reg_i_Y_reg_3_/CK (DFF_X1)   0.0000     0.0500 r
  DP_i_mem_access_i_rd_out_reg_i_Y_reg_3_/QN (DFF_X1)   0.0780     0.1280 r
  U7736/ZN (INV_X1)                                     0.0264     0.1544 f
  DP_i_decode_i_reg_file_i/addr_w[3] (register_file)    0.0000     0.1544 f
  DP_i_decode_i_reg_file_i/U488/Z (XOR2_X1)             0.0796     0.2340 f
  DP_i_decode_i_reg_file_i/U264/ZN (NOR2_X1)            0.0403     0.2744 r
  DP_i_decode_i_reg_file_i/U275/ZN (NAND4_X1)           0.0530     0.3274 f
  DP_i_decode_i_reg_file_i/U510/ZN (NAND2_X1)           0.0545     0.3819 r
  DP_i_decode_i_reg_file_i/U539/Z (BUF_X1)              0.0475     0.4294 r
  DP_i_decode_i_reg_file_i/U202/ZN (OR2_X1)             0.0642     0.4936 r
  DP_i_decode_i_reg_file_i/U189/Z (BUF_X2)              0.1038     0.5975 r
  DP_i_decode_i_reg_file_i/U1468/ZN (OAI22_X1)          0.0666     0.6641 f
  DP_i_decode_i_reg_file_i/U1469/ZN (NOR2_X1)           0.0461     0.7102 r
  DP_i_decode_i_reg_file_i/U1475/ZN (NAND4_X1)          0.0475     0.7577 f
  DP_i_decode_i_reg_file_i/U126/ZN (OR4_X2)             0.1258     0.8835 f
  DP_i_decode_i_reg_file_i/output1[25] (register_file)
                                                        0.0000     0.8835 f
  U5229/ZN (NAND2_X1)                                   0.0357     0.9192 r
  U1087/ZN (AND2_X1)                                    0.0448     0.9640 r
  U5230/ZN (XNOR2_X1)                                   0.0557     1.0197 r
  U2907/ZN (AND4_X1)                                    0.0658     1.0855 r
  U1405/ZN (AND4_X1)                                    0.0682     1.1537 r
  U5233/ZN (NAND2_X1)                                   0.0281     1.1818 f
  U5234/ZN (AND3_X1)                                    0.0404     1.2222 f
  U1071/ZN (AND2_X1)                                    0.0418     1.2640 f
  U2872/ZN (OAI21_X1)                                   0.0454     1.3093 r
  U10317/ZN (NOR2_X1)                                   0.0303     1.3397 f
  U3507/Z (BUF_X2)                                      0.0514     1.3910 f
  U9860/Z (BUF_X2)                                      0.0699     1.4609 f
  U9853/ZN (AND2_X1)                                    0.0553     1.5163 f
  U9600/ZN (INV_X1)                                     0.0258     1.5421 r
  U9632/ZN (NAND4_X1)                                   0.0352     1.5773 f
  DP_i_fetch_i_pc_i_Y_reg_6_/D (DFF_X1)                 0.0104     1.5877 f
  data arrival time                                                1.5877

  clock CLK (rise edge)                                 1.3000     1.3000
  clock network delay (ideal)                           0.0500     1.3500
  clock uncertainty                                    -0.0500     1.3000
  DP_i_fetch_i_pc_i_Y_reg_6_/CK (DFF_X1)                0.0000     1.3000 r
  library setup time                                   -0.0275     1.2725
  data required time                                               1.2725
  --------------------------------------------------------------------------
  data required time                                               1.2725
  data arrival time                                               -1.5877
  --------------------------------------------------------------------------
  slack (VIOLATED)                                                -0.3152


  Startpoint: DP_i_mem_access_i_rd_out_reg_i_Y_reg_3_
              (rising edge-triggered flip-flop clocked by CLK)
  Endpoint: DP_i_fetch_i_pc_i_Y_reg_8_
            (rising edge-triggered flip-flop clocked by CLK)
  Path Group: REG2REG
  Path Type: max

  Des/Clust/Port     Wire Load Model       Library
  ------------------------------------------------
  DLX                5K_hvratio_1_4        NangateOpenCellLibrary

  Point                                                   Incr       Path
  --------------------------------------------------------------------------
  clock CLK (rise edge)                                 0.0000     0.0000
  clock network delay (ideal)                           0.0500     0.0500
  DP_i_mem_access_i_rd_out_reg_i_Y_reg_3_/CK (DFF_X1)   0.0000     0.0500 r
  DP_i_mem_access_i_rd_out_reg_i_Y_reg_3_/QN (DFF_X1)   0.0780     0.1280 r
  U7736/ZN (INV_X1)                                     0.0264     0.1544 f
  DP_i_decode_i_reg_file_i/addr_w[3] (register_file)    0.0000     0.1544 f
  DP_i_decode_i_reg_file_i/U488/Z (XOR2_X1)             0.0796     0.2340 f
  DP_i_decode_i_reg_file_i/U264/ZN (NOR2_X1)            0.0403     0.2744 r
  DP_i_decode_i_reg_file_i/U275/ZN (NAND4_X1)           0.0530     0.3274 f
  DP_i_decode_i_reg_file_i/U510/ZN (NAND2_X1)           0.0545     0.3819 r
  DP_i_decode_i_reg_file_i/U539/Z (BUF_X1)              0.0475     0.4294 r
  DP_i_decode_i_reg_file_i/U202/ZN (OR2_X1)             0.0642     0.4936 r
  DP_i_decode_i_reg_file_i/U189/Z (BUF_X2)              0.1038     0.5975 r
  DP_i_decode_i_reg_file_i/U1468/ZN (OAI22_X1)          0.0666     0.6641 f
  DP_i_decode_i_reg_file_i/U1469/ZN (NOR2_X1)           0.0461     0.7102 r
  DP_i_decode_i_reg_file_i/U1475/ZN (NAND4_X1)          0.0475     0.7577 f
  DP_i_decode_i_reg_file_i/U126/ZN (OR4_X2)             0.1258     0.8835 f
  DP_i_decode_i_reg_file_i/output1[25] (register_file)
                                                        0.0000     0.8835 f
  U5229/ZN (NAND2_X1)                                   0.0357     0.9192 r
  U1087/ZN (AND2_X1)                                    0.0448     0.9640 r
  U5230/ZN (XNOR2_X1)                                   0.0557     1.0197 r
  U2907/ZN (AND4_X1)                                    0.0658     1.0855 r
  U1405/ZN (AND4_X1)                                    0.0682     1.1537 r
  U5233/ZN (NAND2_X1)                                   0.0281     1.1818 f
  U5234/ZN (AND3_X1)                                    0.0404     1.2222 f
  U1071/ZN (AND2_X1)                                    0.0418     1.2640 f
  U2872/ZN (OAI21_X1)                                   0.0454     1.3093 r
  U10317/ZN (NOR2_X1)                                   0.0303     1.3397 f
  U3507/Z (BUF_X2)                                      0.0514     1.3910 f
  U9860/Z (BUF_X2)                                      0.0699     1.4609 f
  U9848/ZN (AND2_X1)                                    0.0553     1.5163 f
  U9598/ZN (INV_X1)                                     0.0258     1.5421 r
  U9630/ZN (NAND4_X1)                                   0.0352     1.5773 f
  DP_i_fetch_i_pc_i_Y_reg_8_/D (DFF_X1)                 0.0104     1.5877 f
  data arrival time                                                1.5877

  clock CLK (rise edge)                                 1.3000     1.3000
  clock network delay (ideal)                           0.0500     1.3500
  clock uncertainty                                    -0.0500     1.3000
  DP_i_fetch_i_pc_i_Y_reg_8_/CK (DFF_X1)                0.0000     1.3000 r
  library setup time                                   -0.0275     1.2725
  data required time                                               1.2725
  --------------------------------------------------------------------------
  data required time                                               1.2725
  data arrival time                                               -1.5877
  --------------------------------------------------------------------------
  slack (VIOLATED)                                                -0.3152


  Startpoint: DP_i_mem_access_i_rd_out_reg_i_Y_reg_3_
              (rising edge-triggered flip-flop clocked by CLK)
  Endpoint: DP_i_fetch_i_pc_i_Y_reg_2_
            (rising edge-triggered flip-flop clocked by CLK)
  Path Group: REG2REG
  Path Type: max

  Des/Clust/Port     Wire Load Model       Library
  ------------------------------------------------
  DLX                5K_hvratio_1_4        NangateOpenCellLibrary

  Point                                                   Incr       Path
  --------------------------------------------------------------------------
  clock CLK (rise edge)                                 0.0000     0.0000
  clock network delay (ideal)                           0.0500     0.0500
  DP_i_mem_access_i_rd_out_reg_i_Y_reg_3_/CK (DFF_X1)   0.0000     0.0500 r
  DP_i_mem_access_i_rd_out_reg_i_Y_reg_3_/QN (DFF_X1)   0.0780     0.1280 r
  U7736/ZN (INV_X1)                                     0.0264     0.1544 f
  DP_i_decode_i_reg_file_i/addr_w[3] (register_file)    0.0000     0.1544 f
  DP_i_decode_i_reg_file_i/U488/Z (XOR2_X1)             0.0796     0.2340 f
  DP_i_decode_i_reg_file_i/U264/ZN (NOR2_X1)            0.0403     0.2744 r
  DP_i_decode_i_reg_file_i/U275/ZN (NAND4_X1)           0.0530     0.3274 f
  DP_i_decode_i_reg_file_i/U510/ZN (NAND2_X1)           0.0545     0.3819 r
  DP_i_decode_i_reg_file_i/U539/Z (BUF_X1)              0.0475     0.4294 r
  DP_i_decode_i_reg_file_i/U202/ZN (OR2_X1)             0.0642     0.4936 r
  DP_i_decode_i_reg_file_i/U189/Z (BUF_X2)              0.1038     0.5975 r
  DP_i_decode_i_reg_file_i/U1468/ZN (OAI22_X1)          0.0666     0.6641 f
  DP_i_decode_i_reg_file_i/U1469/ZN (NOR2_X1)           0.0461     0.7102 r
  DP_i_decode_i_reg_file_i/U1475/ZN (NAND4_X1)          0.0475     0.7577 f
  DP_i_decode_i_reg_file_i/U126/ZN (OR4_X2)             0.1258     0.8835 f
  DP_i_decode_i_reg_file_i/output1[25] (register_file)
                                                        0.0000     0.8835 f
  U5229/ZN (NAND2_X1)                                   0.0357     0.9192 r
  U1087/ZN (AND2_X1)                                    0.0448     0.9640 r
  U5230/ZN (XNOR2_X1)                                   0.0557     1.0197 r
  U2907/ZN (AND4_X1)                                    0.0658     1.0855 r
  U1405/ZN (AND4_X1)                                    0.0682     1.1537 r
  U5233/ZN (NAND2_X1)                                   0.0281     1.1818 f
  U5234/ZN (AND3_X1)                                    0.0404     1.2222 f
  U1071/ZN (AND2_X1)                                    0.0418     1.2640 f
  U2872/ZN (OAI21_X1)                                   0.0454     1.3093 r
  U10317/ZN (NOR2_X1)                                   0.0303     1.3397 f
  U3507/Z (BUF_X2)                                      0.0514     1.3910 f
  U9860/Z (BUF_X2)                                      0.0699     1.4609 f
  U9859/ZN (AND2_X1)                                    0.0553     1.5163 f
  U9603/ZN (INV_X1)                                     0.0258     1.5421 r
  U9635/ZN (NAND4_X1)                                   0.0352     1.5773 f
  DP_i_fetch_i_pc_i_Y_reg_2_/D (DFF_X1)                 0.0104     1.5877 f
  data arrival time                                                1.5877

  clock CLK (rise edge)                                 1.3000     1.3000
  clock network delay (ideal)                           0.0500     1.3500
  clock uncertainty                                    -0.0500     1.3000
  DP_i_fetch_i_pc_i_Y_reg_2_/CK (DFF_X1)                0.0000     1.3000 r
  library setup time                                   -0.0275     1.2725
  data required time                                               1.2725
  --------------------------------------------------------------------------
  data required time                                               1.2725
  data arrival time                                               -1.5877
  --------------------------------------------------------------------------
  slack (VIOLATED)                                                -0.3152


1
