 
****************************************
Report : timing
        -path full
        -delay max
        -nworst 2
        -group REG2REG
        -max_paths 10
Design : DLX
Version: W-2024.09-SP2
Date   : Tue Sep 29 13:23:50 2026
****************************************

Operating Conditions: typical   Library: NangateOpenCellLibrary
Wire Load Model Mode: top

  Startpoint: DP_i_fetch_i_IR_out_reg_23_
              (rising edge-triggered flip-flop clocked by CLK)
  Endpoint: CP_i_hazard_unit_i_G_scoreboard_reg_28__0_
            (rising edge-triggered flip-flop clocked by CLK)
  Path Group: REG2REG
  Path Type: max

  Des/Clust/Port     Wire Load Model       Library
  ------------------------------------------------
  DLX                5K_hvratio_1_4        NangateOpenCellLibrary

  Point                                                   Incr       Path
  --------------------------------------------------------------------------
  clock CLK (rise edge)                                 0.0000     0.0000
  clock network delay (ideal)                           0.0500     0.0500
  DP_i_fetch_i_IR_out_reg_23_/CK (DFF_X1)               0.0000     0.0500 r
  DP_i_fetch_i_IR_out_reg_23_/Q (DFF_X1)                0.1178     0.1678 r
  DP_i_decode_i_reg_file_i/addr_rs1_2_ (register_file)
                                                        0.0000     0.1678 r
  DP_i_decode_i_reg_file_i/U85/ZN (XNOR2_X1)            0.0721     0.2399 r
  DP_i_decode_i_reg_file_i/U35/ZN (AND4_X1)             0.0726     0.3125 r
  DP_i_decode_i_reg_file_i/U77/ZN (NAND4_X2)            0.0682     0.3808 f
  DP_i_decode_i_reg_file_i/U79/ZN (NAND3_X1)            0.0903     0.4710 r
  DP_i_decode_i_reg_file_i/U173/ZN (NOR2_X1)            0.0654     0.5365 f
  DP_i_decode_i_reg_file_i/U174/ZN (AOI22_X1)           0.0680     0.6045 r
  DP_i_decode_i_reg_file_i/U175/ZN (NAND4_X1)           0.0485     0.6530 f
  DP_i_decode_i_reg_file_i/U176/ZN (OR4_X2)             0.1259     0.7789 f
  DP_i_decode_i_reg_file_i/output1[1] (register_file)   0.0000     0.7789 f
  U3252/ZN (NAND2_X1)                                   0.0338     0.8128 r
  U1887/ZN (NAND4_X1)                                   0.0426     0.8554 f
  U1886/ZN (NAND2_X1)                                   0.0483     0.9036 r
  U847/ZN (AND3_X1)                                     0.0770     0.9807 r
  U5539/ZN (NOR2_X1)                                    0.0392     1.0199 f
  U5540/ZN (AOI22_X1)                                   0.0651     1.0850 r
  U5541/ZN (OAI21_X1)                                   0.0376     1.1226 f
  U5542/ZN (AOI211_X1)                                  0.0753     1.1979 r
  U5543/ZN (OR2_X1)                                     0.0425     1.2404 r
  U5553/ZN (OAI21_X1)                                   0.0285     1.2689 f
  U5569/ZN (OAI21_X1)                                   0.0559     1.3248 r
  U3086/ZN (NAND2_X1)                                   0.0336     1.3584 f
  U3108/ZN (NAND3_X1)                                   0.0390     1.3975 r
  U6489/ZN (NAND2_X1)                                   0.0440     1.4415 f
  U3164/ZN (INV_X1)                                     0.0477     1.4891 r
  U3165/ZN (NAND2_X2)                                   0.1213     1.6105 f
  U589/ZN (OAI22_X1)                                    0.1006     1.7111 r
  U16/Z (MUX2_X1)                                       0.0511     1.7622 r
  CP_i_hazard_unit_i_G_scoreboard_reg_28__0_/D (DFF_X1)
                                                        0.0110     1.7731 r
  data arrival time                                                1.7731

  clock CLK (rise edge)                                 1.8000     1.8000
  clock network delay (ideal)                           0.0500     1.8500
  clock uncertainty                                    -0.0500     1.8000
  CP_i_hazard_unit_i_G_scoreboard_reg_28__0_/CK (DFF_X1)
                                                        0.0000     1.8000 r
  library setup time                                   -0.0267     1.7733
  data required time                                               1.7733
  --------------------------------------------------------------------------
  data required time                                               1.7733
  data arrival time                                               -1.7731
  --------------------------------------------------------------------------
  slack (MET)                                                      0.0002


  Startpoint: DP_i_fetch_i_IR_out_reg_23_
              (rising edge-triggered flip-flop clocked by CLK)
  Endpoint: CP_i_hazard_unit_i_G_scoreboard_reg_20__0_
            (rising edge-triggered flip-flop clocked by CLK)
  Path Group: REG2REG
  Path Type: max

  Des/Clust/Port     Wire Load Model       Library
  ------------------------------------------------
  DLX                5K_hvratio_1_4        NangateOpenCellLibrary

  Point                                                   Incr       Path
  --------------------------------------------------------------------------
  clock CLK (rise edge)                                 0.0000     0.0000
  clock network delay (ideal)                           0.0500     0.0500
  DP_i_fetch_i_IR_out_reg_23_/CK (DFF_X1)               0.0000     0.0500 r
  DP_i_fetch_i_IR_out_reg_23_/Q (DFF_X1)                0.1178     0.1678 r
  DP_i_decode_i_reg_file_i/addr_rs1_2_ (register_file)
                                                        0.0000     0.1678 r
  DP_i_decode_i_reg_file_i/U85/ZN (XNOR2_X1)            0.0721     0.2399 r
  DP_i_decode_i_reg_file_i/U35/ZN (AND4_X1)             0.0726     0.3125 r
  DP_i_decode_i_reg_file_i/U77/ZN (NAND4_X2)            0.0682     0.3808 f
  DP_i_decode_i_reg_file_i/U79/ZN (NAND3_X1)            0.0903     0.4710 r
  DP_i_decode_i_reg_file_i/U173/ZN (NOR2_X1)            0.0654     0.5365 f
  DP_i_decode_i_reg_file_i/U174/ZN (AOI22_X1)           0.0680     0.6045 r
  DP_i_decode_i_reg_file_i/U175/ZN (NAND4_X1)           0.0485     0.6530 f
  DP_i_decode_i_reg_file_i/U176/ZN (OR4_X2)             0.1259     0.7789 f
  DP_i_decode_i_reg_file_i/output1[1] (register_file)   0.0000     0.7789 f
  U3252/ZN (NAND2_X1)                                   0.0338     0.8128 r
  U1887/ZN (NAND4_X1)                                   0.0426     0.8554 f
  U1886/ZN (NAND2_X1)                                   0.0483     0.9036 r
  U847/ZN (AND3_X1)                                     0.0770     0.9807 r
  U5539/ZN (NOR2_X1)                                    0.0392     1.0199 f
  U5540/ZN (AOI22_X1)                                   0.0651     1.0850 r
  U5541/ZN (OAI21_X1)                                   0.0376     1.1226 f
  U5542/ZN (AOI211_X1)                                  0.0753     1.1979 r
  U5543/ZN (OR2_X1)                                     0.0425     1.2404 r
  U5553/ZN (OAI21_X1)                                   0.0285     1.2689 f
  U5569/ZN (OAI21_X1)                                   0.0559     1.3248 r
  U3086/ZN (NAND2_X1)                                   0.0336     1.3584 f
  U3108/ZN (NAND3_X1)                                   0.0390     1.3975 r
  U6489/ZN (NAND2_X1)                                   0.0440     1.4415 f
  U3164/ZN (INV_X1)                                     0.0477     1.4891 r
  U3165/ZN (NAND2_X2)                                   0.1213     1.6105 f
  U540/ZN (OAI22_X1)                                    0.1006     1.7111 r
  U32/Z (MUX2_X1)                                       0.0511     1.7622 r
  CP_i_hazard_unit_i_G_scoreboard_reg_20__0_/D (DFF_X1)
                                                        0.0110     1.7731 r
  data arrival time                                                1.7731

  clock CLK (rise edge)                                 1.8000     1.8000
  clock network delay (ideal)                           0.0500     1.8500
  clock uncertainty                                    -0.0500     1.8000
  CP_i_hazard_unit_i_G_scoreboard_reg_20__0_/CK (DFF_X1)
                                                        0.0000     1.8000 r
  library setup time                                   -0.0267     1.7733
  data required time                                               1.7733
  --------------------------------------------------------------------------
  data required time                                               1.7733
  data arrival time                                               -1.7731
  --------------------------------------------------------------------------
  slack (MET)                                                      0.0002


  Startpoint: DP_i_fetch_i_IR_out_reg_23_
              (rising edge-triggered flip-flop clocked by CLK)
  Endpoint: CP_i_hazard_unit_i_G_scoreboard_reg_12__0_
            (rising edge-triggered flip-flop clocked by CLK)
  Path Group: REG2REG
  Path Type: max

  Des/Clust/Port     Wire Load Model       Library
  ------------------------------------------------
  DLX                5K_hvratio_1_4        NangateOpenCellLibrary

  Point                                                   Incr       Path
  --------------------------------------------------------------------------
  clock CLK (rise edge)                                 0.0000     0.0000
  clock network delay (ideal)                           0.0500     0.0500
  DP_i_fetch_i_IR_out_reg_23_/CK (DFF_X1)               0.0000     0.0500 r
  DP_i_fetch_i_IR_out_reg_23_/Q (DFF_X1)                0.1178     0.1678 r
  DP_i_decode_i_reg_file_i/addr_rs1_2_ (register_file)
                                                        0.0000     0.1678 r
  DP_i_decode_i_reg_file_i/U85/ZN (XNOR2_X1)            0.0721     0.2399 r
  DP_i_decode_i_reg_file_i/U35/ZN (AND4_X1)             0.0726     0.3125 r
  DP_i_decode_i_reg_file_i/U77/ZN (NAND4_X2)            0.0682     0.3808 f
  DP_i_decode_i_reg_file_i/U79/ZN (NAND3_X1)            0.0903     0.4710 r
  DP_i_decode_i_reg_file_i/U173/ZN (NOR2_X1)            0.0654     0.5365 f
  DP_i_decode_i_reg_file_i/U174/ZN (AOI22_X1)           0.0680     0.6045 r
  DP_i_decode_i_reg_file_i/U175/ZN (NAND4_X1)           0.0485     0.6530 f
  DP_i_decode_i_reg_file_i/U176/ZN (OR4_X2)             0.1259     0.7789 f
  DP_i_decode_i_reg_file_i/output1[1] (register_file)   0.0000     0.7789 f
  U3252/ZN (NAND2_X1)                                   0.0338     0.8128 r
  U1887/ZN (NAND4_X1)                                   0.0426     0.8554 f
  U1886/ZN (NAND2_X1)                                   0.0483     0.9036 r
  U847/ZN (AND3_X1)                                     0.0770     0.9807 r
  U5539/ZN (NOR2_X1)                                    0.0392     1.0199 f
  U5540/ZN (AOI22_X1)                                   0.0651     1.0850 r
  U5541/ZN (OAI21_X1)                                   0.0376     1.1226 f
  U5542/ZN (AOI211_X1)                                  0.0753     1.1979 r
  U5543/ZN (OR2_X1)                                     0.0425     1.2404 r
  U5553/ZN (OAI21_X1)                                   0.0285     1.2689 f
  U5569/ZN (OAI21_X1)                                   0.0559     1.3248 r
  U3086/ZN (NAND2_X1)                                   0.0336     1.3584 f
  U3108/ZN (NAND3_X1)                                   0.0390     1.3975 r
  U6489/ZN (NAND2_X1)                                   0.0440     1.4415 f
  U3164/ZN (INV_X1)                                     0.0477     1.4891 r
  U3165/ZN (NAND2_X2)                                   0.1213     1.6105 f
  U490/ZN (OAI22_X1)                                    0.1006     1.7111 r
  U48/Z (MUX2_X1)                                       0.0511     1.7622 r
  CP_i_hazard_unit_i_G_scoreboard_reg_12__0_/D (DFF_X1)
                                                        0.0110     1.7731 r
  data arrival time                                                1.7731

  clock CLK (rise edge)                                 1.8000     1.8000
  clock network delay (ideal)                           0.0500     1.8500
  clock uncertainty                                    -0.0500     1.8000
  CP_i_hazard_unit_i_G_scoreboard_reg_12__0_/CK (DFF_X1)
                                                        0.0000     1.8000 r
  library setup time                                   -0.0267     1.7733
  data required time                                               1.7733
  --------------------------------------------------------------------------
  data required time                                               1.7733
  data arrival time                                               -1.7731
  --------------------------------------------------------------------------
  slack (MET)                                                      0.0002


  Startpoint: DP_i_fetch_i_IR_out_reg_23_
              (rising edge-triggered flip-flop clocked by CLK)
  Endpoint: CP_i_hazard_unit_i_G_scoreboard_reg_4__0_
            (rising edge-triggered flip-flop clocked by CLK)
  Path Group: REG2REG
  Path Type: max

  Des/Clust/Port     Wire Load Model       Library
  ------------------------------------------------
  DLX                5K_hvratio_1_4        NangateOpenCellLibrary

  Point                                                   Incr       Path
  --------------------------------------------------------------------------
  clock CLK (rise edge)                                 0.0000     0.0000
  clock network delay (ideal)                           0.0500     0.0500
  DP_i_fetch_i_IR_out_reg_23_/CK (DFF_X1)               0.0000     0.0500 r
  DP_i_fetch_i_IR_out_reg_23_/Q (DFF_X1)                0.1178     0.1678 r
  DP_i_decode_i_reg_file_i/addr_rs1_2_ (register_file)
                                                        0.0000     0.1678 r
  DP_i_decode_i_reg_file_i/U85/ZN (XNOR2_X1)            0.0721     0.2399 r
  DP_i_decode_i_reg_file_i/U35/ZN (AND4_X1)             0.0726     0.3125 r
  DP_i_decode_i_reg_file_i/U77/ZN (NAND4_X2)            0.0682     0.3808 f
  DP_i_decode_i_reg_file_i/U79/ZN (NAND3_X1)            0.0903     0.4710 r
  DP_i_decode_i_reg_file_i/U173/ZN (NOR2_X1)            0.0654     0.5365 f
  DP_i_decode_i_reg_file_i/U174/ZN (AOI22_X1)           0.0680     0.6045 r
  DP_i_decode_i_reg_file_i/U175/ZN (NAND4_X1)           0.0485     0.6530 f
  DP_i_decode_i_reg_file_i/U176/ZN (OR4_X2)             0.1259     0.7789 f
  DP_i_decode_i_reg_file_i/output1[1] (register_file)   0.0000     0.7789 f
  U3252/ZN (NAND2_X1)                                   0.0338     0.8128 r
  U1887/ZN (NAND4_X1)                                   0.0426     0.8554 f
  U1886/ZN (NAND2_X1)                                   0.0483     0.9036 r
  U847/ZN (AND3_X1)                                     0.0770     0.9807 r
  U5539/ZN (NOR2_X1)                                    0.0392     1.0199 f
  U5540/ZN (AOI22_X1)                                   0.0651     1.0850 r
  U5541/ZN (OAI21_X1)                                   0.0376     1.1226 f
  U5542/ZN (AOI211_X1)                                  0.0753     1.1979 r
  U5543/ZN (OR2_X1)                                     0.0425     1.2404 r
  U5553/ZN (OAI21_X1)                                   0.0285     1.2689 f
  U5569/ZN (OAI21_X1)                                   0.0559     1.3248 r
  U3086/ZN (NAND2_X1)                                   0.0336     1.3584 f
  U3108/ZN (NAND3_X1)                                   0.0390     1.3975 r
  U6489/ZN (NAND2_X1)                                   0.0440     1.4415 f
  U3164/ZN (INV_X1)                                     0.0477     1.4891 r
  U3165/ZN (NAND2_X2)                                   0.1213     1.6105 f
  U436/ZN (OAI22_X1)                                    0.1006     1.7111 r
  U64/Z (MUX2_X1)                                       0.0511     1.7622 r
  CP_i_hazard_unit_i_G_scoreboard_reg_4__0_/D (DFF_X1)
                                                        0.0110     1.7731 r
  data arrival time                                                1.7731

  clock CLK (rise edge)                                 1.8000     1.8000
  clock network delay (ideal)                           0.0500     1.8500
  clock uncertainty                                    -0.0500     1.8000
  CP_i_hazard_unit_i_G_scoreboard_reg_4__0_/CK (DFF_X1)
                                                        0.0000     1.8000 r
  library setup time                                   -0.0267     1.7733
  data required time                                               1.7733
  --------------------------------------------------------------------------
  data required time                                               1.7733
  data arrival time                                               -1.7731
  --------------------------------------------------------------------------
  slack (MET)                                                      0.0002


  Startpoint: DP_i_fetch_i_IR_out_reg_23_
              (rising edge-triggered flip-flop clocked by CLK)
  Endpoint: CP_i_hazard_unit_i_G_scoreboard_reg_28__0_
            (rising edge-triggered flip-flop clocked by CLK)
  Path Group: REG2REG
  Path Type: max

  Des/Clust/Port     Wire Load Model       Library
  ------------------------------------------------
  DLX                5K_hvratio_1_4        NangateOpenCellLibrary

  Point                                                   Incr       Path
  --------------------------------------------------------------------------
  clock CLK (rise edge)                                 0.0000     0.0000
  clock network delay (ideal)                           0.0500     0.0500
  DP_i_fetch_i_IR_out_reg_23_/CK (DFF_X1)               0.0000     0.0500 r
  DP_i_fetch_i_IR_out_reg_23_/Q (DFF_X1)                0.1178     0.1678 r
  DP_i_decode_i_reg_file_i/addr_rs1_2_ (register_file)
                                                        0.0000     0.1678 r
  DP_i_decode_i_reg_file_i/U85/ZN (XNOR2_X1)            0.0721     0.2399 r
  DP_i_decode_i_reg_file_i/U35/ZN (AND4_X1)             0.0726     0.3125 r
  DP_i_decode_i_reg_file_i/U77/ZN (NAND4_X2)            0.0682     0.3808 f
  DP_i_decode_i_reg_file_i/U79/ZN (NAND3_X1)            0.0903     0.4710 r
  DP_i_decode_i_reg_file_i/U173/ZN (NOR2_X1)            0.0654     0.5365 f
  DP_i_decode_i_reg_file_i/U174/ZN (AOI22_X1)           0.0680     0.6045 r
  DP_i_decode_i_reg_file_i/U175/ZN (NAND4_X1)           0.0485     0.6530 f
  DP_i_decode_i_reg_file_i/U176/ZN (OR4_X2)             0.1259     0.7789 f
  DP_i_decode_i_reg_file_i/output1[1] (register_file)   0.0000     0.7789 f
  U3252/ZN (NAND2_X1)                                   0.0338     0.8128 r
  U1887/ZN (NAND4_X1)                                   0.0426     0.8554 f
  U1886/ZN (NAND2_X1)                                   0.0483     0.9036 r
  U847/ZN (AND3_X1)                                     0.0770     0.9807 r
  U5539/ZN (NOR2_X1)                                    0.0392     1.0199 f
  U5540/ZN (AOI22_X1)                                   0.0651     1.0850 r
  U5541/ZN (OAI21_X1)                                   0.0376     1.1226 f
  U5542/ZN (AOI211_X1)                                  0.0753     1.1979 r
  U5543/ZN (OR2_X1)                                     0.0425     1.2404 r
  U5553/ZN (OAI21_X1)                                   0.0285     1.2689 f
  U5569/ZN (OAI21_X1)                                   0.0559     1.3248 r
  U3086/ZN (NAND2_X1)                                   0.0336     1.3584 f
  U3108/ZN (NAND3_X1)                                   0.0390     1.3975 r
  U6489/ZN (NAND2_X1)                                   0.0440     1.4415 f
  U3164/ZN (INV_X1)                                     0.0477     1.4891 r
  U3165/ZN (NAND2_X2)                                   0.1213     1.6105 f
  U589/ZN (OAI22_X1)                                    0.1006     1.7111 r
  U16/Z (MUX2_X1)                                       0.0511     1.7622 r
  CP_i_hazard_unit_i_G_scoreboard_reg_28__0_/D (DFF_X1)
                                                        0.0110     1.7731 r
  data arrival time                                                1.7731

  clock CLK (rise edge)                                 1.8000     1.8000
  clock network delay (ideal)                           0.0500     1.8500
  clock uncertainty                                    -0.0500     1.8000
  CP_i_hazard_unit_i_G_scoreboard_reg_28__0_/CK (DFF_X1)
                                                        0.0000     1.8000 r
  library setup time                                   -0.0267     1.7733
  data required time                                               1.7733
  --------------------------------------------------------------------------
  data required time                                               1.7733
  data arrival time                                               -1.7731
  --------------------------------------------------------------------------
  slack (MET)                                                      0.0002


  Startpoint: DP_i_fetch_i_IR_out_reg_23_
              (rising edge-triggered flip-flop clocked by CLK)
  Endpoint: CP_i_hazard_unit_i_G_scoreboard_reg_20__0_
            (rising edge-triggered flip-flop clocked by CLK)
  Path Group: REG2REG
  Path Type: max

  Des/Clust/Port     Wire Load Model       Library
  ------------------------------------------------
  DLX                5K_hvratio_1_4        NangateOpenCellLibrary

  Point                                                   Incr       Path
  --------------------------------------------------------------------------
  clock CLK (rise edge)                                 0.0000     0.0000
  clock network delay (ideal)                           0.0500     0.0500
  DP_i_fetch_i_IR_out_reg_23_/CK (DFF_X1)               0.0000     0.0500 r
  DP_i_fetch_i_IR_out_reg_23_/Q (DFF_X1)                0.1178     0.1678 r
  DP_i_decode_i_reg_file_i/addr_rs1_2_ (register_file)
                                                        0.0000     0.1678 r
  DP_i_decode_i_reg_file_i/U85/ZN (XNOR2_X1)            0.0721     0.2399 r
  DP_i_decode_i_reg_file_i/U35/ZN (AND4_X1)             0.0726     0.3125 r
  DP_i_decode_i_reg_file_i/U77/ZN (NAND4_X2)            0.0682     0.3808 f
  DP_i_decode_i_reg_file_i/U79/ZN (NAND3_X1)            0.0903     0.4710 r
  DP_i_decode_i_reg_file_i/U173/ZN (NOR2_X1)            0.0654     0.5365 f
  DP_i_decode_i_reg_file_i/U174/ZN (AOI22_X1)           0.0680     0.6045 r
  DP_i_decode_i_reg_file_i/U175/ZN (NAND4_X1)           0.0485     0.6530 f
  DP_i_decode_i_reg_file_i/U176/ZN (OR4_X2)             0.1259     0.7789 f
  DP_i_decode_i_reg_file_i/output1[1] (register_file)   0.0000     0.7789 f
  U3252/ZN (NAND2_X1)                                   0.0338     0.8128 r
  U1887/ZN (NAND4_X1)                                   0.0426     0.8554 f
  U1886/ZN (NAND2_X1)                                   0.0483     0.9036 r
  U847/ZN (AND3_X1)                                     0.0770     0.9807 r
  U5539/ZN (NOR2_X1)                                    0.0392     1.0199 f
  U5540/ZN (AOI22_X1)                                   0.0651     1.0850 r
  U5541/ZN (OAI21_X1)                                   0.0376     1.1226 f
  U5542/ZN (AOI211_X1)                                  0.0753     1.1979 r
  U5543/ZN (OR2_X1)                                     0.0425     1.2404 r
  U5553/ZN (OAI21_X1)                                   0.0285     1.2689 f
  U5569/ZN (OAI21_X1)                                   0.0559     1.3248 r
  U3086/ZN (NAND2_X1)                                   0.0336     1.3584 f
  U3108/ZN (NAND3_X1)                                   0.0390     1.3975 r
  U6489/ZN (NAND2_X1)                                   0.0440     1.4415 f
  U3164/ZN (INV_X1)                                     0.0477     1.4891 r
  U3165/ZN (NAND2_X2)                                   0.1213     1.6105 f
  U540/ZN (OAI22_X1)                                    0.1006     1.7111 r
  U32/Z (MUX2_X1)                                       0.0511     1.7622 r
  CP_i_hazard_unit_i_G_scoreboard_reg_20__0_/D (DFF_X1)
                                                        0.0110     1.7731 r
  data arrival time                                                1.7731

  clock CLK (rise edge)                                 1.8000     1.8000
  clock network delay (ideal)                           0.0500     1.8500
  clock uncertainty                                    -0.0500     1.8000
  CP_i_hazard_unit_i_G_scoreboard_reg_20__0_/CK (DFF_X1)
                                                        0.0000     1.8000 r
  library setup time                                   -0.0267     1.7733
  data required time                                               1.7733
  --------------------------------------------------------------------------
  data required time                                               1.7733
  data arrival time                                               -1.7731
  --------------------------------------------------------------------------
  slack (MET)                                                      0.0002


  Startpoint: DP_i_fetch_i_IR_out_reg_23_
              (rising edge-triggered flip-flop clocked by CLK)
  Endpoint: CP_i_hazard_unit_i_G_scoreboard_reg_12__0_
            (rising edge-triggered flip-flop clocked by CLK)
  Path Group: REG2REG
  Path Type: max

  Des/Clust/Port     Wire Load Model       Library
  ------------------------------------------------
  DLX                5K_hvratio_1_4        NangateOpenCellLibrary

  Point                                                   Incr       Path
  --------------------------------------------------------------------------
  clock CLK (rise edge)                                 0.0000     0.0000
  clock network delay (ideal)                           0.0500     0.0500
  DP_i_fetch_i_IR_out_reg_23_/CK (DFF_X1)               0.0000     0.0500 r
  DP_i_fetch_i_IR_out_reg_23_/Q (DFF_X1)                0.1178     0.1678 r
  DP_i_decode_i_reg_file_i/addr_rs1_2_ (register_file)
                                                        0.0000     0.1678 r
  DP_i_decode_i_reg_file_i/U85/ZN (XNOR2_X1)            0.0721     0.2399 r
  DP_i_decode_i_reg_file_i/U35/ZN (AND4_X1)             0.0726     0.3125 r
  DP_i_decode_i_reg_file_i/U77/ZN (NAND4_X2)            0.0682     0.3808 f
  DP_i_decode_i_reg_file_i/U79/ZN (NAND3_X1)            0.0903     0.4710 r
  DP_i_decode_i_reg_file_i/U173/ZN (NOR2_X1)            0.0654     0.5365 f
  DP_i_decode_i_reg_file_i/U174/ZN (AOI22_X1)           0.0680     0.6045 r
  DP_i_decode_i_reg_file_i/U175/ZN (NAND4_X1)           0.0485     0.6530 f
  DP_i_decode_i_reg_file_i/U176/ZN (OR4_X2)             0.1259     0.7789 f
  DP_i_decode_i_reg_file_i/output1[1] (register_file)   0.0000     0.7789 f
  U3252/ZN (NAND2_X1)                                   0.0338     0.8128 r
  U1887/ZN (NAND4_X1)                                   0.0426     0.8554 f
  U1886/ZN (NAND2_X1)                                   0.0483     0.9036 r
  U847/ZN (AND3_X1)                                     0.0770     0.9807 r
  U5539/ZN (NOR2_X1)                                    0.0392     1.0199 f
  U5540/ZN (AOI22_X1)                                   0.0651     1.0850 r
  U5541/ZN (OAI21_X1)                                   0.0376     1.1226 f
  U5542/ZN (AOI211_X1)                                  0.0753     1.1979 r
  U5543/ZN (OR2_X1)                                     0.0425     1.2404 r
  U5553/ZN (OAI21_X1)                                   0.0285     1.2689 f
  U5569/ZN (OAI21_X1)                                   0.0559     1.3248 r
  U3086/ZN (NAND2_X1)                                   0.0336     1.3584 f
  U3108/ZN (NAND3_X1)                                   0.0390     1.3975 r
  U6489/ZN (NAND2_X1)                                   0.0440     1.4415 f
  U3164/ZN (INV_X1)                                     0.0477     1.4891 r
  U3165/ZN (NAND2_X2)                                   0.1213     1.6105 f
  U490/ZN (OAI22_X1)                                    0.1006     1.7111 r
  U48/Z (MUX2_X1)                                       0.0511     1.7622 r
  CP_i_hazard_unit_i_G_scoreboard_reg_12__0_/D (DFF_X1)
                                                        0.0110     1.7731 r
  data arrival time                                                1.7731

  clock CLK (rise edge)                                 1.8000     1.8000
  clock network delay (ideal)                           0.0500     1.8500
  clock uncertainty                                    -0.0500     1.8000
  CP_i_hazard_unit_i_G_scoreboard_reg_12__0_/CK (DFF_X1)
                                                        0.0000     1.8000 r
  library setup time                                   -0.0267     1.7733
  data required time                                               1.7733
  --------------------------------------------------------------------------
  data required time                                               1.7733
  data arrival time                                               -1.7731
  --------------------------------------------------------------------------
  slack (MET)                                                      0.0002


  Startpoint: DP_i_fetch_i_IR_out_reg_23_
              (rising edge-triggered flip-flop clocked by CLK)
  Endpoint: CP_i_hazard_unit_i_G_scoreboard_reg_4__0_
            (rising edge-triggered flip-flop clocked by CLK)
  Path Group: REG2REG
  Path Type: max

  Des/Clust/Port     Wire Load Model       Library
  ------------------------------------------------
  DLX                5K_hvratio_1_4        NangateOpenCellLibrary

  Point                                                   Incr       Path
  --------------------------------------------------------------------------
  clock CLK (rise edge)                                 0.0000     0.0000
  clock network delay (ideal)                           0.0500     0.0500
  DP_i_fetch_i_IR_out_reg_23_/CK (DFF_X1)               0.0000     0.0500 r
  DP_i_fetch_i_IR_out_reg_23_/Q (DFF_X1)                0.1178     0.1678 r
  DP_i_decode_i_reg_file_i/addr_rs1_2_ (register_file)
                                                        0.0000     0.1678 r
  DP_i_decode_i_reg_file_i/U85/ZN (XNOR2_X1)            0.0721     0.2399 r
  DP_i_decode_i_reg_file_i/U35/ZN (AND4_X1)             0.0726     0.3125 r
  DP_i_decode_i_reg_file_i/U77/ZN (NAND4_X2)            0.0682     0.3808 f
  DP_i_decode_i_reg_file_i/U79/ZN (NAND3_X1)            0.0903     0.4710 r
  DP_i_decode_i_reg_file_i/U173/ZN (NOR2_X1)            0.0654     0.5365 f
  DP_i_decode_i_reg_file_i/U174/ZN (AOI22_X1)           0.0680     0.6045 r
  DP_i_decode_i_reg_file_i/U175/ZN (NAND4_X1)           0.0485     0.6530 f
  DP_i_decode_i_reg_file_i/U176/ZN (OR4_X2)             0.1259     0.7789 f
  DP_i_decode_i_reg_file_i/output1[1] (register_file)   0.0000     0.7789 f
  U3252/ZN (NAND2_X1)                                   0.0338     0.8128 r
  U1887/ZN (NAND4_X1)                                   0.0426     0.8554 f
  U1886/ZN (NAND2_X1)                                   0.0483     0.9036 r
  U847/ZN (AND3_X1)                                     0.0770     0.9807 r
  U5539/ZN (NOR2_X1)                                    0.0392     1.0199 f
  U5540/ZN (AOI22_X1)                                   0.0651     1.0850 r
  U5541/ZN (OAI21_X1)                                   0.0376     1.1226 f
  U5542/ZN (AOI211_X1)                                  0.0753     1.1979 r
  U5543/ZN (OR2_X1)                                     0.0425     1.2404 r
  U5553/ZN (OAI21_X1)                                   0.0285     1.2689 f
  U5569/ZN (OAI21_X1)                                   0.0559     1.3248 r
  U3086/ZN (NAND2_X1)                                   0.0336     1.3584 f
  U3108/ZN (NAND3_X1)                                   0.0390     1.3975 r
  U6489/ZN (NAND2_X1)                                   0.0440     1.4415 f
  U3164/ZN (INV_X1)                                     0.0477     1.4891 r
  U3165/ZN (NAND2_X2)                                   0.1213     1.6105 f
  U436/ZN (OAI22_X1)                                    0.1006     1.7111 r
  U64/Z (MUX2_X1)                                       0.0511     1.7622 r
  CP_i_hazard_unit_i_G_scoreboard_reg_4__0_/D (DFF_X1)
                                                        0.0110     1.7731 r
  data arrival time                                                1.7731

  clock CLK (rise edge)                                 1.8000     1.8000
  clock network delay (ideal)                           0.0500     1.8500
  clock uncertainty                                    -0.0500     1.8000
  CP_i_hazard_unit_i_G_scoreboard_reg_4__0_/CK (DFF_X1)
                                                        0.0000     1.8000 r
  library setup time                                   -0.0267     1.7733
  data required time                                               1.7733
  --------------------------------------------------------------------------
  data required time                                               1.7733
  data arrival time                                               -1.7731
  --------------------------------------------------------------------------
  slack (MET)                                                      0.0002


  Startpoint: DP_i_fetch_i_IR_out_reg_23_
              (rising edge-triggered flip-flop clocked by CLK)
  Endpoint: CP_i_hazard_unit_i_G_scoreboard_reg_3__0_
            (rising edge-triggered flip-flop clocked by CLK)
  Path Group: REG2REG
  Path Type: max

  Des/Clust/Port     Wire Load Model       Library
  ------------------------------------------------
  DLX                5K_hvratio_1_4        NangateOpenCellLibrary

  Point                                                   Incr       Path
  --------------------------------------------------------------------------
  clock CLK (rise edge)                                 0.0000     0.0000
  clock network delay (ideal)                           0.0500     0.0500
  DP_i_fetch_i_IR_out_reg_23_/CK (DFF_X1)               0.0000     0.0500 r
  DP_i_fetch_i_IR_out_reg_23_/Q (DFF_X1)                0.1178     0.1678 r
  DP_i_decode_i_reg_file_i/addr_rs1_2_ (register_file)
                                                        0.0000     0.1678 r
  DP_i_decode_i_reg_file_i/U85/ZN (XNOR2_X1)            0.0721     0.2399 r
  DP_i_decode_i_reg_file_i/U35/ZN (AND4_X1)             0.0726     0.3125 r
  DP_i_decode_i_reg_file_i/U77/ZN (NAND4_X2)            0.0682     0.3808 f
  DP_i_decode_i_reg_file_i/U79/ZN (NAND3_X1)            0.0903     0.4710 r
  DP_i_decode_i_reg_file_i/U173/ZN (NOR2_X1)            0.0654     0.5365 f
  DP_i_decode_i_reg_file_i/U174/ZN (AOI22_X1)           0.0680     0.6045 r
  DP_i_decode_i_reg_file_i/U175/ZN (NAND4_X1)           0.0485     0.6530 f
  DP_i_decode_i_reg_file_i/U176/ZN (OR4_X2)             0.1259     0.7789 f
  DP_i_decode_i_reg_file_i/output1[1] (register_file)   0.0000     0.7789 f
  U3252/ZN (NAND2_X1)                                   0.0338     0.8128 r
  U1887/ZN (NAND4_X1)                                   0.0426     0.8554 f
  U1886/ZN (NAND2_X1)                                   0.0483     0.9036 r
  U847/ZN (AND3_X1)                                     0.0770     0.9807 r
  U5539/ZN (NOR2_X1)                                    0.0392     1.0199 f
  U5540/ZN (AOI22_X1)                                   0.0651     1.0850 r
  U5541/ZN (OAI21_X1)                                   0.0376     1.1226 f
  U5542/ZN (AOI211_X1)                                  0.0753     1.1979 r
  U5543/ZN (OR2_X1)                                     0.0425     1.2404 r
  U5553/ZN (OAI21_X1)                                   0.0285     1.2689 f
  U5569/ZN (OAI21_X1)                                   0.0559     1.3248 r
  U3086/ZN (NAND2_X1)                                   0.0336     1.3584 f
  U3108/ZN (NAND3_X1)                                   0.0390     1.3975 r
  U6489/ZN (NAND2_X1)                                   0.0440     1.4415 f
  U3164/ZN (INV_X1)                                     0.0477     1.4891 r
  U3165/ZN (NAND2_X2)                                   0.1213     1.6105 f
  U428/ZN (OAI22_X1)                                    0.1006     1.7111 r
  U66/Z (MUX2_X1)                                       0.0511     1.7622 r
  CP_i_hazard_unit_i_G_scoreboard_reg_3__0_/D (DFF_X1)
                                                        0.0110     1.7731 r
  data arrival time                                                1.7731

  clock CLK (rise edge)                                 1.8000     1.8000
  clock network delay (ideal)                           0.0500     1.8500
  clock uncertainty                                    -0.0500     1.8000
  CP_i_hazard_unit_i_G_scoreboard_reg_3__0_/CK (DFF_X1)
                                                        0.0000     1.8000 r
  library setup time                                   -0.0267     1.7733
  data required time                                               1.7733
  --------------------------------------------------------------------------
  data required time                                               1.7733
  data arrival time                                               -1.7731
  --------------------------------------------------------------------------
  slack (MET)                                                      0.0002


  Startpoint: DP_i_fetch_i_IR_out_reg_23_
              (rising edge-triggered flip-flop clocked by CLK)
  Endpoint: CP_i_hazard_unit_i_G_scoreboard_reg_2__0_
            (rising edge-triggered flip-flop clocked by CLK)
  Path Group: REG2REG
  Path Type: max

  Des/Clust/Port     Wire Load Model       Library
  ------------------------------------------------
  DLX                5K_hvratio_1_4        NangateOpenCellLibrary

  Point                                                   Incr       Path
  --------------------------------------------------------------------------
  clock CLK (rise edge)                                 0.0000     0.0000
  clock network delay (ideal)                           0.0500     0.0500
  DP_i_fetch_i_IR_out_reg_23_/CK (DFF_X1)               0.0000     0.0500 r
  DP_i_fetch_i_IR_out_reg_23_/Q (DFF_X1)                0.1178     0.1678 r
  DP_i_decode_i_reg_file_i/addr_rs1_2_ (register_file)
                                                        0.0000     0.1678 r
  DP_i_decode_i_reg_file_i/U85/ZN (XNOR2_X1)            0.0721     0.2399 r
  DP_i_decode_i_reg_file_i/U35/ZN (AND4_X1)             0.0726     0.3125 r
  DP_i_decode_i_reg_file_i/U77/ZN (NAND4_X2)            0.0682     0.3808 f
  DP_i_decode_i_reg_file_i/U79/ZN (NAND3_X1)            0.0903     0.4710 r
  DP_i_decode_i_reg_file_i/U173/ZN (NOR2_X1)            0.0654     0.5365 f
  DP_i_decode_i_reg_file_i/U174/ZN (AOI22_X1)           0.0680     0.6045 r
  DP_i_decode_i_reg_file_i/U175/ZN (NAND4_X1)           0.0485     0.6530 f
  DP_i_decode_i_reg_file_i/U176/ZN (OR4_X2)             0.1259     0.7789 f
  DP_i_decode_i_reg_file_i/output1[1] (register_file)   0.0000     0.7789 f
  U3252/ZN (NAND2_X1)                                   0.0338     0.8128 r
  U1887/ZN (NAND4_X1)                                   0.0426     0.8554 f
  U1886/ZN (NAND2_X1)                                   0.0483     0.9036 r
  U847/ZN (AND3_X1)                                     0.0770     0.9807 r
  U5539/ZN (NOR2_X1)                                    0.0392     1.0199 f
  U5540/ZN (AOI22_X1)                                   0.0651     1.0850 r
  U5541/ZN (OAI21_X1)                                   0.0376     1.1226 f
  U5542/ZN (AOI211_X1)                                  0.0753     1.1979 r
  U5543/ZN (OR2_X1)                                     0.0425     1.2404 r
  U5553/ZN (OAI21_X1)                                   0.0285     1.2689 f
  U5569/ZN (OAI21_X1)                                   0.0559     1.3248 r
  U3086/ZN (NAND2_X1)                                   0.0336     1.3584 f
  U3108/ZN (NAND3_X1)                                   0.0390     1.3975 r
  U6489/ZN (NAND2_X1)                                   0.0440     1.4415 f
  U3164/ZN (INV_X1)                                     0.0477     1.4891 r
  U3165/ZN (NAND2_X2)                                   0.1213     1.6105 f
  U421/ZN (OAI22_X1)                                    0.1006     1.7111 r
  U68/Z (MUX2_X1)                                       0.0511     1.7622 r
  CP_i_hazard_unit_i_G_scoreboard_reg_2__0_/D (DFF_X1)
                                                        0.0110     1.7731 r
  data arrival time                                                1.7731

  clock CLK (rise edge)                                 1.8000     1.8000
  clock network delay (ideal)                           0.0500     1.8500
  clock uncertainty                                    -0.0500     1.8000
  CP_i_hazard_unit_i_G_scoreboard_reg_2__0_/CK (DFF_X1)
                                                        0.0000     1.8000 r
  library setup time                                   -0.0267     1.7733
  data required time                                               1.7733
  --------------------------------------------------------------------------
  data required time                                               1.7733
  data arrival time                                               -1.7731
  --------------------------------------------------------------------------
  slack (MET)                                                      0.0002


1
