 
****************************************
Report : timing
        -path full
        -delay max
        -nworst 2
        -group REG2REG
        -max_paths 10
Design : DLX
Version: W-2024.09-SP2
Date   : Tue Sep 29 12:43:23 2026
****************************************

Operating Conditions: typical   Library: NangateOpenCellLibrary
Wire Load Model Mode: top

  Startpoint: DP_i_fetch_i_IR_out_reg_29_
              (rising edge-triggered flip-flop clocked by CLK)
  Endpoint: DP_i_fetch_i_IR_out_reg_25_
            (rising edge-triggered flip-flop clocked by CLK)
  Path Group: REG2REG
  Path Type: max

  Des/Clust/Port     Wire Load Model       Library
  ------------------------------------------------
  DLX                5K_hvratio_1_4        NangateOpenCellLibrary

  Point                                                   Incr       Path
  --------------------------------------------------------------------------
  clock CLK (rise edge)                                 0.0000     0.0000
  clock network delay (ideal)                           0.0500     0.0500
  DP_i_fetch_i_IR_out_reg_29_/CK (DFF_X2)               0.0000     0.0500 r
  DP_i_fetch_i_IR_out_reg_29_/QN (DFF_X2)               0.0883     0.1383 r
  U1415/ZN (INV_X1)                                     0.0246     0.1630 f
  U971/ZN (OR2_X2)                                      0.0539     0.2169 f
  U1989/ZN (NOR3_X2)                                    0.0828     0.2997 r
  U914/Z (BUF_X1)                                       0.0539     0.3536 r
  U4305/ZN (OR3_X1)                                     0.0466     0.4002 r
  U974/ZN (AND2_X2)                                     0.0492     0.4494 r
  U2292/ZN (NAND2_X1)                                   0.0337     0.4832 f
  U2290/ZN (NAND3_X1)                                   0.0402     0.5234 r
  U1988/ZN (OAI211_X1)                                  0.0463     0.5697 f
  U4307/ZN (NAND2_X1)                                   0.0371     0.6068 r
  U2138/ZN (OAI21_X1)                                   0.0321     0.6389 f
  U4315/ZN (AOI21_X1)                                   0.0605     0.6993 r
  U4321/ZN (OAI211_X1)                                  0.0457     0.7450 f
  U2307/ZN (OR2_X1)                                     0.0611     0.8061 f
  U2328/ZN (OAI21_X1)                                   0.0494     0.8556 r
  U1918/ZN (NAND3_X1)                                   0.0384     0.8940 f
  U4370/ZN (NAND4_X1)                                   0.0460     0.9399 r
  U2257/ZN (NAND2_X1)                                   0.0419     0.9818 f
  U2225/ZN (NAND2_X1)                                   0.0358     1.0176 r
  U930/ZN (AND3_X2)                                     0.0566     1.0742 r
  U2120/ZN (XNOR2_X1)                                   0.0643     1.1385 r
  U4488/ZN (XNOR2_X1)                                   0.0633     1.2018 r
  U4489/ZN (AND2_X1)                                    0.0433     1.2451 r
  U2200/ZN (NAND4_X1)                                   0.0373     1.2824 f
  U1501/ZN (OAI211_X1)                                  0.0547     1.3372 r
  U1499/Z (BUF_X1)                                      0.0485     1.3857 r
  U1393/ZN (AND2_X2)                                    0.0569     1.4426 r
  U2202/ZN (NAND2_X2)                                   0.0934     1.5359 f
  U11647/ZN (OR2_X1)                                    0.0939     1.6299 f
  U11313/ZN (INV_X1)                                    0.0264     1.6562 r
  DP_i_fetch_i_IR_out_reg_25_/D (DFF_X1)                0.0110     1.6672 r
  data arrival time                                                1.6672

  clock CLK (rise edge)                                 1.3500     1.3500
  clock network delay (ideal)                           0.0500     1.4000
  clock uncertainty                                    -0.0500     1.3500
  DP_i_fetch_i_IR_out_reg_25_/CK (DFF_X1)               0.0000     1.3500 r
  library setup time                                   -0.0262     1.3238
  data required time                                               1.3238
  --------------------------------------------------------------------------
  data required time                                               1.3238
  data arrival time                                               -1.6672
  --------------------------------------------------------------------------
  slack (VIOLATED)                                                -0.3434


  Startpoint: DP_i_fetch_i_IR_out_reg_29_
              (rising edge-triggered flip-flop clocked by CLK)
  Endpoint: DP_i_fetch_i_IR_out_reg_14_
            (rising edge-triggered flip-flop clocked by CLK)
  Path Group: REG2REG
  Path Type: max

  Des/Clust/Port     Wire Load Model       Library
  ------------------------------------------------
  DLX                5K_hvratio_1_4        NangateOpenCellLibrary

  Point                                                   Incr       Path
  --------------------------------------------------------------------------
  clock CLK (rise edge)                                 0.0000     0.0000
  clock network delay (ideal)                           0.0500     0.0500
  DP_i_fetch_i_IR_out_reg_29_/CK (DFF_X2)               0.0000     0.0500 r
  DP_i_fetch_i_IR_out_reg_29_/QN (DFF_X2)               0.0883     0.1383 r
  U1415/ZN (INV_X1)                                     0.0246     0.1630 f
  U971/ZN (OR2_X2)                                      0.0539     0.2169 f
  U1989/ZN (NOR3_X2)                                    0.0828     0.2997 r
  U914/Z (BUF_X1)                                       0.0539     0.3536 r
  U4305/ZN (OR3_X1)                                     0.0466     0.4002 r
  U974/ZN (AND2_X2)                                     0.0492     0.4494 r
  U2292/ZN (NAND2_X1)                                   0.0337     0.4832 f
  U2290/ZN (NAND3_X1)                                   0.0402     0.5234 r
  U1988/ZN (OAI211_X1)                                  0.0463     0.5697 f
  U4307/ZN (NAND2_X1)                                   0.0371     0.6068 r
  U2138/ZN (OAI21_X1)                                   0.0321     0.6389 f
  U4315/ZN (AOI21_X1)                                   0.0605     0.6993 r
  U4321/ZN (OAI211_X1)                                  0.0457     0.7450 f
  U2307/ZN (OR2_X1)                                     0.0611     0.8061 f
  U2328/ZN (OAI21_X1)                                   0.0494     0.8556 r
  U1918/ZN (NAND3_X1)                                   0.0384     0.8940 f
  U4370/ZN (NAND4_X1)                                   0.0460     0.9399 r
  U2257/ZN (NAND2_X1)                                   0.0419     0.9818 f
  U2225/ZN (NAND2_X1)                                   0.0358     1.0176 r
  U930/ZN (AND3_X2)                                     0.0566     1.0742 r
  U2120/ZN (XNOR2_X1)                                   0.0643     1.1385 r
  U4488/ZN (XNOR2_X1)                                   0.0633     1.2018 r
  U4489/ZN (AND2_X1)                                    0.0433     1.2451 r
  U2200/ZN (NAND4_X1)                                   0.0373     1.2824 f
  U1501/ZN (OAI211_X1)                                  0.0547     1.3372 r
  U1499/Z (BUF_X1)                                      0.0485     1.3857 r
  U1393/ZN (AND2_X2)                                    0.0569     1.4426 r
  U2202/ZN (NAND2_X2)                                   0.0934     1.5359 f
  U11628/ZN (OR2_X1)                                    0.0939     1.6299 f
  U11312/ZN (INV_X1)                                    0.0264     1.6562 r
  DP_i_fetch_i_IR_out_reg_14_/D (DFF_X1)                0.0110     1.6672 r
  data arrival time                                                1.6672

  clock CLK (rise edge)                                 1.3500     1.3500
  clock network delay (ideal)                           0.0500     1.4000
  clock uncertainty                                    -0.0500     1.3500
  DP_i_fetch_i_IR_out_reg_14_/CK (DFF_X1)               0.0000     1.3500 r
  library setup time                                   -0.0262     1.3238
  data required time                                               1.3238
  --------------------------------------------------------------------------
  data required time                                               1.3238
  data arrival time                                               -1.6672
  --------------------------------------------------------------------------
  slack (VIOLATED)                                                -0.3434


  Startpoint: DP_i_fetch_i_IR_out_reg_29_
              (rising edge-triggered flip-flop clocked by CLK)
  Endpoint: DP_i_fetch_i_IR_out_reg_13_
            (rising edge-triggered flip-flop clocked by CLK)
  Path Group: REG2REG
  Path Type: max

  Des/Clust/Port     Wire Load Model       Library
  ------------------------------------------------
  DLX                5K_hvratio_1_4        NangateOpenCellLibrary

  Point                                                   Incr       Path
  --------------------------------------------------------------------------
  clock CLK (rise edge)                                 0.0000     0.0000
  clock network delay (ideal)                           0.0500     0.0500
  DP_i_fetch_i_IR_out_reg_29_/CK (DFF_X2)               0.0000     0.0500 r
  DP_i_fetch_i_IR_out_reg_29_/QN (DFF_X2)               0.0883     0.1383 r
  U1415/ZN (INV_X1)                                     0.0246     0.1630 f
  U971/ZN (OR2_X2)                                      0.0539     0.2169 f
  U1989/ZN (NOR3_X2)                                    0.0828     0.2997 r
  U914/Z (BUF_X1)                                       0.0539     0.3536 r
  U4305/ZN (OR3_X1)                                     0.0466     0.4002 r
  U974/ZN (AND2_X2)                                     0.0492     0.4494 r
  U2292/ZN (NAND2_X1)                                   0.0337     0.4832 f
  U2290/ZN (NAND3_X1)                                   0.0402     0.5234 r
  U1988/ZN (OAI211_X1)                                  0.0463     0.5697 f
  U4307/ZN (NAND2_X1)                                   0.0371     0.6068 r
  U2138/ZN (OAI21_X1)                                   0.0321     0.6389 f
  U4315/ZN (AOI21_X1)                                   0.0605     0.6993 r
  U4321/ZN (OAI211_X1)                                  0.0457     0.7450 f
  U2307/ZN (OR2_X1)                                     0.0611     0.8061 f
  U2328/ZN (OAI21_X1)                                   0.0494     0.8556 r
  U1918/ZN (NAND3_X1)                                   0.0384     0.8940 f
  U4370/ZN (NAND4_X1)                                   0.0460     0.9399 r
  U2257/ZN (NAND2_X1)                                   0.0419     0.9818 f
  U2225/ZN (NAND2_X1)                                   0.0358     1.0176 r
  U930/ZN (AND3_X2)                                     0.0566     1.0742 r
  U2120/ZN (XNOR2_X1)                                   0.0643     1.1385 r
  U4488/ZN (XNOR2_X1)                                   0.0633     1.2018 r
  U4489/ZN (AND2_X1)                                    0.0433     1.2451 r
  U2200/ZN (NAND4_X1)                                   0.0373     1.2824 f
  U1501/ZN (OAI211_X1)                                  0.0547     1.3372 r
  U1499/Z (BUF_X1)                                      0.0485     1.3857 r
  U1393/ZN (AND2_X2)                                    0.0569     1.4426 r
  U2202/ZN (NAND2_X2)                                   0.0934     1.5359 f
  U11620/ZN (OR2_X1)                                    0.0939     1.6299 f
  U11314/ZN (INV_X1)                                    0.0264     1.6562 r
  DP_i_fetch_i_IR_out_reg_13_/D (DFF_X1)                0.0110     1.6672 r
  data arrival time                                                1.6672

  clock CLK (rise edge)                                 1.3500     1.3500
  clock network delay (ideal)                           0.0500     1.4000
  clock uncertainty                                    -0.0500     1.3500
  DP_i_fetch_i_IR_out_reg_13_/CK (DFF_X1)               0.0000     1.3500 r
  library setup time                                   -0.0262     1.3238
  data required time                                               1.3238
  --------------------------------------------------------------------------
  data required time                                               1.3238
  data arrival time                                               -1.6672
  --------------------------------------------------------------------------
  slack (VIOLATED)                                                -0.3434


  Startpoint: DP_i_fetch_i_IR_out_reg_29_
              (rising edge-triggered flip-flop clocked by CLK)
  Endpoint: DP_i_fetch_i_IR_out_reg_23_
            (rising edge-triggered flip-flop clocked by CLK)
  Path Group: REG2REG
  Path Type: max

  Des/Clust/Port     Wire Load Model       Library
  ------------------------------------------------
  DLX                5K_hvratio_1_4        NangateOpenCellLibrary

  Point                                                   Incr       Path
  --------------------------------------------------------------------------
  clock CLK (rise edge)                                 0.0000     0.0000
  clock network delay (ideal)                           0.0500     0.0500
  DP_i_fetch_i_IR_out_reg_29_/CK (DFF_X2)               0.0000     0.0500 r
  DP_i_fetch_i_IR_out_reg_29_/QN (DFF_X2)               0.0883     0.1383 r
  U1415/ZN (INV_X1)                                     0.0246     0.1630 f
  U971/ZN (OR2_X2)                                      0.0539     0.2169 f
  U1989/ZN (NOR3_X2)                                    0.0828     0.2997 r
  U914/Z (BUF_X1)                                       0.0539     0.3536 r
  U4305/ZN (OR3_X1)                                     0.0466     0.4002 r
  U974/ZN (AND2_X2)                                     0.0492     0.4494 r
  U2292/ZN (NAND2_X1)                                   0.0337     0.4832 f
  U2290/ZN (NAND3_X1)                                   0.0402     0.5234 r
  U1988/ZN (OAI211_X1)                                  0.0463     0.5697 f
  U4307/ZN (NAND2_X1)                                   0.0371     0.6068 r
  U2138/ZN (OAI21_X1)                                   0.0321     0.6389 f
  U4315/ZN (AOI21_X1)                                   0.0605     0.6993 r
  U4321/ZN (OAI211_X1)                                  0.0457     0.7450 f
  U2307/ZN (OR2_X1)                                     0.0611     0.8061 f
  U2328/ZN (OAI21_X1)                                   0.0494     0.8556 r
  U1918/ZN (NAND3_X1)                                   0.0384     0.8940 f
  U4370/ZN (NAND4_X1)                                   0.0460     0.9399 r
  U2257/ZN (NAND2_X1)                                   0.0419     0.9818 f
  U2225/ZN (NAND2_X1)                                   0.0358     1.0176 r
  U930/ZN (AND3_X2)                                     0.0566     1.0742 r
  U2120/ZN (XNOR2_X1)                                   0.0643     1.1385 r
  U4488/ZN (XNOR2_X1)                                   0.0633     1.2018 r
  U4489/ZN (AND2_X1)                                    0.0433     1.2451 r
  U2200/ZN (NAND4_X1)                                   0.0373     1.2824 f
  U1501/ZN (OAI211_X1)                                  0.0547     1.3372 r
  U1499/Z (BUF_X1)                                      0.0485     1.3857 r
  U1393/ZN (AND2_X2)                                    0.0569     1.4426 r
  U2202/ZN (NAND2_X2)                                   0.0934     1.5359 f
  U11634/ZN (OR2_X1)                                    0.0939     1.6299 f
  U11324/ZN (INV_X1)                                    0.0264     1.6562 r
  DP_i_fetch_i_IR_out_reg_23_/D (DFF_X1)                0.0110     1.6672 r
  data arrival time                                                1.6672

  clock CLK (rise edge)                                 1.3500     1.3500
  clock network delay (ideal)                           0.0500     1.4000
  clock uncertainty                                    -0.0500     1.3500
  DP_i_fetch_i_IR_out_reg_23_/CK (DFF_X1)               0.0000     1.3500 r
  library setup time                                   -0.0262     1.3238
  data required time                                               1.3238
  --------------------------------------------------------------------------
  data required time                                               1.3238
  data arrival time                                               -1.6672
  --------------------------------------------------------------------------
  slack (VIOLATED)                                                -0.3434


  Startpoint: DP_i_fetch_i_IR_out_reg_29_
              (rising edge-triggered flip-flop clocked by CLK)
  Endpoint: DP_i_fetch_i_IR_out_reg_21_
            (rising edge-triggered flip-flop clocked by CLK)
  Path Group: REG2REG
  Path Type: max

  Des/Clust/Port     Wire Load Model       Library
  ------------------------------------------------
  DLX                5K_hvratio_1_4        NangateOpenCellLibrary

  Point                                                   Incr       Path
  --------------------------------------------------------------------------
  clock CLK (rise edge)                                 0.0000     0.0000
  clock network delay (ideal)                           0.0500     0.0500
  DP_i_fetch_i_IR_out_reg_29_/CK (DFF_X2)               0.0000     0.0500 r
  DP_i_fetch_i_IR_out_reg_29_/QN (DFF_X2)               0.0883     0.1383 r
  U1415/ZN (INV_X1)                                     0.0246     0.1630 f
  U971/ZN (OR2_X2)                                      0.0539     0.2169 f
  U1989/ZN (NOR3_X2)                                    0.0828     0.2997 r
  U914/Z (BUF_X1)                                       0.0539     0.3536 r
  U4305/ZN (OR3_X1)                                     0.0466     0.4002 r
  U974/ZN (AND2_X2)                                     0.0492     0.4494 r
  U2292/ZN (NAND2_X1)                                   0.0337     0.4832 f
  U2290/ZN (NAND3_X1)                                   0.0402     0.5234 r
  U1988/ZN (OAI211_X1)                                  0.0463     0.5697 f
  U4307/ZN (NAND2_X1)                                   0.0371     0.6068 r
  U2138/ZN (OAI21_X1)                                   0.0321     0.6389 f
  U4315/ZN (AOI21_X1)                                   0.0605     0.6993 r
  U4321/ZN (OAI211_X1)                                  0.0457     0.7450 f
  U2307/ZN (OR2_X1)                                     0.0611     0.8061 f
  U2328/ZN (OAI21_X1)                                   0.0494     0.8556 r
  U1918/ZN (NAND3_X1)                                   0.0384     0.8940 f
  U4370/ZN (NAND4_X1)                                   0.0460     0.9399 r
  U2257/ZN (NAND2_X1)                                   0.0419     0.9818 f
  U2225/ZN (NAND2_X1)                                   0.0358     1.0176 r
  U930/ZN (AND3_X2)                                     0.0566     1.0742 r
  U2120/ZN (XNOR2_X1)                                   0.0643     1.1385 r
  U4488/ZN (XNOR2_X1)                                   0.0633     1.2018 r
  U4489/ZN (AND2_X1)                                    0.0433     1.2451 r
  U2200/ZN (NAND4_X1)                                   0.0373     1.2824 f
  U1501/ZN (OAI211_X1)                                  0.0547     1.3372 r
  U1499/Z (BUF_X1)                                      0.0485     1.3857 r
  U1393/ZN (AND2_X2)                                    0.0569     1.4426 r
  U2202/ZN (NAND2_X2)                                   0.0934     1.5359 f
  U11646/ZN (OR2_X1)                                    0.0939     1.6299 f
  U11333/ZN (INV_X1)                                    0.0264     1.6562 r
  DP_i_fetch_i_IR_out_reg_21_/D (DFF_X1)                0.0110     1.6672 r
  data arrival time                                                1.6672

  clock CLK (rise edge)                                 1.3500     1.3500
  clock network delay (ideal)                           0.0500     1.4000
  clock uncertainty                                    -0.0500     1.3500
  DP_i_fetch_i_IR_out_reg_21_/CK (DFF_X1)               0.0000     1.3500 r
  library setup time                                   -0.0262     1.3238
  data required time                                               1.3238
  --------------------------------------------------------------------------
  data required time                                               1.3238
  data arrival time                                               -1.6672
  --------------------------------------------------------------------------
  slack (VIOLATED)                                                -0.3434


  Startpoint: DP_i_fetch_i_IR_out_reg_29_
              (rising edge-triggered flip-flop clocked by CLK)
  Endpoint: DP_i_fetch_i_IR_out_reg_27_
            (rising edge-triggered flip-flop clocked by CLK)
  Path Group: REG2REG
  Path Type: max

  Des/Clust/Port     Wire Load Model       Library
  ------------------------------------------------
  DLX                5K_hvratio_1_4        NangateOpenCellLibrary

  Point                                                   Incr       Path
  --------------------------------------------------------------------------
  clock CLK (rise edge)                                 0.0000     0.0000
  clock network delay (ideal)                           0.0500     0.0500
  DP_i_fetch_i_IR_out_reg_29_/CK (DFF_X2)               0.0000     0.0500 r
  DP_i_fetch_i_IR_out_reg_29_/QN (DFF_X2)               0.0883     0.1383 r
  U1415/ZN (INV_X1)                                     0.0246     0.1630 f
  U971/ZN (OR2_X2)                                      0.0539     0.2169 f
  U1989/ZN (NOR3_X2)                                    0.0828     0.2997 r
  U914/Z (BUF_X1)                                       0.0539     0.3536 r
  U4305/ZN (OR3_X1)                                     0.0466     0.4002 r
  U974/ZN (AND2_X2)                                     0.0492     0.4494 r
  U2292/ZN (NAND2_X1)                                   0.0337     0.4832 f
  U2290/ZN (NAND3_X1)                                   0.0402     0.5234 r
  U1988/ZN (OAI211_X1)                                  0.0463     0.5697 f
  U4307/ZN (NAND2_X1)                                   0.0371     0.6068 r
  U2138/ZN (OAI21_X1)                                   0.0321     0.6389 f
  U4315/ZN (AOI21_X1)                                   0.0605     0.6993 r
  U4321/ZN (OAI211_X1)                                  0.0457     0.7450 f
  U2307/ZN (OR2_X1)                                     0.0611     0.8061 f
  U2328/ZN (OAI21_X1)                                   0.0494     0.8556 r
  U1918/ZN (NAND3_X1)                                   0.0384     0.8940 f
  U4370/ZN (NAND4_X1)                                   0.0460     0.9399 r
  U2257/ZN (NAND2_X1)                                   0.0419     0.9818 f
  U2225/ZN (NAND2_X1)                                   0.0358     1.0176 r
  U930/ZN (AND3_X2)                                     0.0566     1.0742 r
  U2120/ZN (XNOR2_X1)                                   0.0643     1.1385 r
  U4488/ZN (XNOR2_X1)                                   0.0633     1.2018 r
  U4489/ZN (AND2_X1)                                    0.0433     1.2451 r
  U2200/ZN (NAND4_X1)                                   0.0373     1.2824 f
  U1501/ZN (OAI211_X1)                                  0.0547     1.3372 r
  U1499/Z (BUF_X1)                                      0.0485     1.3857 r
  U1393/ZN (AND2_X2)                                    0.0569     1.4426 r
  U2202/ZN (NAND2_X2)                                   0.0934     1.5359 f
  U11604/ZN (OR2_X1)                                    0.0939     1.6299 f
  U11308/ZN (INV_X1)                                    0.0264     1.6562 r
  DP_i_fetch_i_IR_out_reg_27_/D (DFF_X1)                0.0110     1.6672 r
  data arrival time                                                1.6672

  clock CLK (rise edge)                                 1.3500     1.3500
  clock network delay (ideal)                           0.0500     1.4000
  clock uncertainty                                    -0.0500     1.3500
  DP_i_fetch_i_IR_out_reg_27_/CK (DFF_X1)               0.0000     1.3500 r
  library setup time                                   -0.0262     1.3238
  data required time                                               1.3238
  --------------------------------------------------------------------------
  data required time                                               1.3238
  data arrival time                                               -1.6672
  --------------------------------------------------------------------------
  slack (VIOLATED)                                                -0.3434


  Startpoint: DP_i_fetch_i_IR_out_reg_29_
              (rising edge-triggered flip-flop clocked by CLK)
  Endpoint: DP_i_fetch_i_IR_out_reg_0_
            (rising edge-triggered flip-flop clocked by CLK)
  Path Group: REG2REG
  Path Type: max

  Des/Clust/Port     Wire Load Model       Library
  ------------------------------------------------
  DLX                5K_hvratio_1_4        NangateOpenCellLibrary

  Point                                                   Incr       Path
  --------------------------------------------------------------------------
  clock CLK (rise edge)                                 0.0000     0.0000
  clock network delay (ideal)                           0.0500     0.0500
  DP_i_fetch_i_IR_out_reg_29_/CK (DFF_X2)               0.0000     0.0500 r
  DP_i_fetch_i_IR_out_reg_29_/QN (DFF_X2)               0.0883     0.1383 r
  U1415/ZN (INV_X1)                                     0.0246     0.1630 f
  U971/ZN (OR2_X2)                                      0.0539     0.2169 f
  U1989/ZN (NOR3_X2)                                    0.0828     0.2997 r
  U914/Z (BUF_X1)                                       0.0539     0.3536 r
  U4305/ZN (OR3_X1)                                     0.0466     0.4002 r
  U974/ZN (AND2_X2)                                     0.0492     0.4494 r
  U2292/ZN (NAND2_X1)                                   0.0337     0.4832 f
  U2290/ZN (NAND3_X1)                                   0.0402     0.5234 r
  U1988/ZN (OAI211_X1)                                  0.0463     0.5697 f
  U4307/ZN (NAND2_X1)                                   0.0371     0.6068 r
  U2138/ZN (OAI21_X1)                                   0.0321     0.6389 f
  U4315/ZN (AOI21_X1)                                   0.0605     0.6993 r
  U4321/ZN (OAI211_X1)                                  0.0457     0.7450 f
  U2307/ZN (OR2_X1)                                     0.0611     0.8061 f
  U2328/ZN (OAI21_X1)                                   0.0494     0.8556 r
  U1918/ZN (NAND3_X1)                                   0.0384     0.8940 f
  U4370/ZN (NAND4_X1)                                   0.0460     0.9399 r
  U2257/ZN (NAND2_X1)                                   0.0419     0.9818 f
  U2225/ZN (NAND2_X1)                                   0.0358     1.0176 r
  U930/ZN (AND3_X2)                                     0.0566     1.0742 r
  U2120/ZN (XNOR2_X1)                                   0.0643     1.1385 r
  U4488/ZN (XNOR2_X1)                                   0.0633     1.2018 r
  U4489/ZN (AND2_X1)                                    0.0433     1.2451 r
  U2200/ZN (NAND4_X1)                                   0.0373     1.2824 f
  U1501/ZN (OAI211_X1)                                  0.0547     1.3372 r
  U1499/Z (BUF_X1)                                      0.0485     1.3857 r
  U1393/ZN (AND2_X2)                                    0.0569     1.4426 r
  U2202/ZN (NAND2_X2)                                   0.0934     1.5359 f
  U11610/ZN (OR2_X1)                                    0.0939     1.6299 f
  U11326/ZN (INV_X1)                                    0.0263     1.6562 r
  DP_i_fetch_i_IR_out_reg_0_/D (DFF_X2)                 0.0109     1.6671 r
  data arrival time                                                1.6671

  clock CLK (rise edge)                                 1.3500     1.3500
  clock network delay (ideal)                           0.0500     1.4000
  clock uncertainty                                    -0.0500     1.3500
  DP_i_fetch_i_IR_out_reg_0_/CK (DFF_X2)                0.0000     1.3500 r
  library setup time                                   -0.0259     1.3241
  data required time                                               1.3241
  --------------------------------------------------------------------------
  data required time                                               1.3241
  data arrival time                                               -1.6671
  --------------------------------------------------------------------------
  slack (VIOLATED)                                                -0.3430


  Startpoint: DP_i_fetch_i_IR_out_reg_29_
              (rising edge-triggered flip-flop clocked by CLK)
  Endpoint: DP_i_fetch_i_IR_out_reg_2_
            (rising edge-triggered flip-flop clocked by CLK)
  Path Group: REG2REG
  Path Type: max

  Des/Clust/Port     Wire Load Model       Library
  ------------------------------------------------
  DLX                5K_hvratio_1_4        NangateOpenCellLibrary

  Point                                                   Incr       Path
  --------------------------------------------------------------------------
  clock CLK (rise edge)                                 0.0000     0.0000
  clock network delay (ideal)                           0.0500     0.0500
  DP_i_fetch_i_IR_out_reg_29_/CK (DFF_X2)               0.0000     0.0500 r
  DP_i_fetch_i_IR_out_reg_29_/QN (DFF_X2)               0.0883     0.1383 r
  U1415/ZN (INV_X1)                                     0.0246     0.1630 f
  U971/ZN (OR2_X2)                                      0.0539     0.2169 f
  U1989/ZN (NOR3_X2)                                    0.0828     0.2997 r
  U914/Z (BUF_X1)                                       0.0539     0.3536 r
  U4305/ZN (OR3_X1)                                     0.0466     0.4002 r
  U974/ZN (AND2_X2)                                     0.0492     0.4494 r
  U2292/ZN (NAND2_X1)                                   0.0337     0.4832 f
  U2290/ZN (NAND3_X1)                                   0.0402     0.5234 r
  U1988/ZN (OAI211_X1)                                  0.0463     0.5697 f
  U4307/ZN (NAND2_X1)                                   0.0371     0.6068 r
  U2138/ZN (OAI21_X1)                                   0.0321     0.6389 f
  U4315/ZN (AOI21_X1)                                   0.0605     0.6993 r
  U4321/ZN (OAI211_X1)                                  0.0457     0.7450 f
  U2307/ZN (OR2_X1)                                     0.0611     0.8061 f
  U2328/ZN (OAI21_X1)                                   0.0494     0.8556 r
  U1918/ZN (NAND3_X1)                                   0.0384     0.8940 f
  U4370/ZN (NAND4_X1)                                   0.0460     0.9399 r
  U2257/ZN (NAND2_X1)                                   0.0419     0.9818 f
  U2225/ZN (NAND2_X1)                                   0.0358     1.0176 r
  U930/ZN (AND3_X2)                                     0.0566     1.0742 r
  U2120/ZN (XNOR2_X1)                                   0.0643     1.1385 r
  U4488/ZN (XNOR2_X1)                                   0.0633     1.2018 r
  U4489/ZN (AND2_X1)                                    0.0433     1.2451 r
  U2200/ZN (NAND4_X1)                                   0.0373     1.2824 f
  U1501/ZN (OAI211_X1)                                  0.0547     1.3372 r
  U1499/Z (BUF_X1)                                      0.0485     1.3857 r
  U1393/ZN (AND2_X2)                                    0.0569     1.4426 r
  U2202/ZN (NAND2_X2)                                   0.0934     1.5359 f
  U11611/ZN (OR2_X1)                                    0.0939     1.6299 f
  U11335/ZN (INV_X1)                                    0.0263     1.6562 r
  DP_i_fetch_i_IR_out_reg_2_/D (DFF_X2)                 0.0109     1.6671 r
  data arrival time                                                1.6671

  clock CLK (rise edge)                                 1.3500     1.3500
  clock network delay (ideal)                           0.0500     1.4000
  clock uncertainty                                    -0.0500     1.3500
  DP_i_fetch_i_IR_out_reg_2_/CK (DFF_X2)                0.0000     1.3500 r
  library setup time                                   -0.0259     1.3241
  data required time                                               1.3241
  --------------------------------------------------------------------------
  data required time                                               1.3241
  data arrival time                                               -1.6671
  --------------------------------------------------------------------------
  slack (VIOLATED)                                                -0.3430


  Startpoint: DP_i_fetch_i_IR_out_reg_29_
              (rising edge-triggered flip-flop clocked by CLK)
  Endpoint: DP_i_fetch_i_IR_out_reg_3_
            (rising edge-triggered flip-flop clocked by CLK)
  Path Group: REG2REG
  Path Type: max

  Des/Clust/Port     Wire Load Model       Library
  ------------------------------------------------
  DLX                5K_hvratio_1_4        NangateOpenCellLibrary

  Point                                                   Incr       Path
  --------------------------------------------------------------------------
  clock CLK (rise edge)                                 0.0000     0.0000
  clock network delay (ideal)                           0.0500     0.0500
  DP_i_fetch_i_IR_out_reg_29_/CK (DFF_X2)               0.0000     0.0500 r
  DP_i_fetch_i_IR_out_reg_29_/QN (DFF_X2)               0.0883     0.1383 r
  U1415/ZN (INV_X1)                                     0.0246     0.1630 f
  U971/ZN (OR2_X2)                                      0.0539     0.2169 f
  U1989/ZN (NOR3_X2)                                    0.0828     0.2997 r
  U914/Z (BUF_X1)                                       0.0539     0.3536 r
  U4305/ZN (OR3_X1)                                     0.0466     0.4002 r
  U974/ZN (AND2_X2)                                     0.0492     0.4494 r
  U2292/ZN (NAND2_X1)                                   0.0337     0.4832 f
  U2290/ZN (NAND3_X1)                                   0.0402     0.5234 r
  U1988/ZN (OAI211_X1)                                  0.0463     0.5697 f
  U4307/ZN (NAND2_X1)                                   0.0371     0.6068 r
  U2138/ZN (OAI21_X1)                                   0.0321     0.6389 f
  U4315/ZN (AOI21_X1)                                   0.0605     0.6993 r
  U4321/ZN (OAI211_X1)                                  0.0457     0.7450 f
  U2307/ZN (OR2_X1)                                     0.0611     0.8061 f
  U2328/ZN (OAI21_X1)                                   0.0494     0.8556 r
  U1918/ZN (NAND3_X1)                                   0.0384     0.8940 f
  U4370/ZN (NAND4_X1)                                   0.0460     0.9399 r
  U2257/ZN (NAND2_X1)                                   0.0419     0.9818 f
  U2225/ZN (NAND2_X1)                                   0.0358     1.0176 r
  U930/ZN (AND3_X2)                                     0.0566     1.0742 r
  U2120/ZN (XNOR2_X1)                                   0.0643     1.1385 r
  U4488/ZN (XNOR2_X1)                                   0.0633     1.2018 r
  U4489/ZN (AND2_X1)                                    0.0433     1.2451 r
  U2200/ZN (NAND4_X1)                                   0.0373     1.2824 f
  U1501/ZN (OAI211_X1)                                  0.0547     1.3372 r
  U1499/Z (BUF_X1)                                      0.0485     1.3857 r
  U1393/ZN (AND2_X2)                                    0.0569     1.4426 r
  U2202/ZN (NAND2_X2)                                   0.0934     1.5359 f
  U11612/ZN (OR2_X1)                                    0.0939     1.6299 f
  U11325/ZN (INV_X1)                                    0.0263     1.6562 r
  DP_i_fetch_i_IR_out_reg_3_/D (DFF_X2)                 0.0109     1.6671 r
  data arrival time                                                1.6671

  clock CLK (rise edge)                                 1.3500     1.3500
  clock network delay (ideal)                           0.0500     1.4000
  clock uncertainty                                    -0.0500     1.3500
  DP_i_fetch_i_IR_out_reg_3_/CK (DFF_X2)                0.0000     1.3500 r
  library setup time                                   -0.0259     1.3241
  data required time                                               1.3241
  --------------------------------------------------------------------------
  data required time                                               1.3241
  data arrival time                                               -1.6671
  --------------------------------------------------------------------------
  slack (VIOLATED)                                                -0.3430


  Startpoint: DP_i_fetch_i_IR_out_reg_29_
              (rising edge-triggered flip-flop clocked by CLK)
  Endpoint: DP_i_fetch_i_IR_out_reg_1_
            (rising edge-triggered flip-flop clocked by CLK)
  Path Group: REG2REG
  Path Type: max

  Des/Clust/Port     Wire Load Model       Library
  ------------------------------------------------
  DLX                5K_hvratio_1_4        NangateOpenCellLibrary

  Point                                                   Incr       Path
  --------------------------------------------------------------------------
  clock CLK (rise edge)                                 0.0000     0.0000
  clock network delay (ideal)                           0.0500     0.0500
  DP_i_fetch_i_IR_out_reg_29_/CK (DFF_X2)               0.0000     0.0500 r
  DP_i_fetch_i_IR_out_reg_29_/QN (DFF_X2)               0.0883     0.1383 r
  U1415/ZN (INV_X1)                                     0.0246     0.1630 f
  U971/ZN (OR2_X2)                                      0.0539     0.2169 f
  U1989/ZN (NOR3_X2)                                    0.0828     0.2997 r
  U914/Z (BUF_X1)                                       0.0539     0.3536 r
  U4305/ZN (OR3_X1)                                     0.0466     0.4002 r
  U974/ZN (AND2_X2)                                     0.0492     0.4494 r
  U2292/ZN (NAND2_X1)                                   0.0337     0.4832 f
  U2290/ZN (NAND3_X1)                                   0.0402     0.5234 r
  U1988/ZN (OAI211_X1)                                  0.0463     0.5697 f
  U4307/ZN (NAND2_X1)                                   0.0371     0.6068 r
  U2138/ZN (OAI21_X1)                                   0.0321     0.6389 f
  U4315/ZN (AOI21_X1)                                   0.0605     0.6993 r
  U4321/ZN (OAI211_X1)                                  0.0457     0.7450 f
  U2307/ZN (OR2_X1)                                     0.0611     0.8061 f
  U2328/ZN (OAI21_X1)                                   0.0494     0.8556 r
  U1918/ZN (NAND3_X1)                                   0.0384     0.8940 f
  U4370/ZN (NAND4_X1)                                   0.0460     0.9399 r
  U2257/ZN (NAND2_X1)                                   0.0419     0.9818 f
  U2225/ZN (NAND2_X1)                                   0.0358     1.0176 r
  U930/ZN (AND3_X2)                                     0.0566     1.0742 r
  U2120/ZN (XNOR2_X1)                                   0.0643     1.1385 r
  U4488/ZN (XNOR2_X1)                                   0.0633     1.2018 r
  U4489/ZN (AND2_X1)                                    0.0433     1.2451 r
  U2200/ZN (NAND4_X1)                                   0.0373     1.2824 f
  U1501/ZN (OAI211_X1)                                  0.0547     1.3372 r
  U1499/Z (BUF_X1)                                      0.0485     1.3857 r
  U1393/ZN (AND2_X2)                                    0.0569     1.4426 r
  U2202/ZN (NAND2_X2)                                   0.0934     1.5359 f
  U11608/ZN (OR2_X1)                                    0.0939     1.6299 f
  U11328/ZN (INV_X1)                                    0.0263     1.6562 r
  DP_i_fetch_i_IR_out_reg_1_/D (DFF_X2)                 0.0109     1.6671 r
  data arrival time                                                1.6671

  clock CLK (rise edge)                                 1.3500     1.3500
  clock network delay (ideal)                           0.0500     1.4000
  clock uncertainty                                    -0.0500     1.3500
  DP_i_fetch_i_IR_out_reg_1_/CK (DFF_X2)                0.0000     1.3500 r
  library setup time                                   -0.0259     1.3241
  data required time                                               1.3241
  --------------------------------------------------------------------------
  data required time                                               1.3241
  data arrival time                                               -1.6671
  --------------------------------------------------------------------------
  slack (VIOLATED)                                                -0.3430


1
