 
****************************************
Report : timing
        -path full
        -delay max
        -nworst 2
        -group REG2REG
        -max_paths 10
Design : DLX
Version: W-2024.09-SP2
Date   : Tue Sep 29 12:25:37 2026
****************************************

Operating Conditions: typical   Library: NangateOpenCellLibrary
Wire Load Model Mode: top

  Startpoint: DP_i_mem_access_i_rd_out_reg_i_Y_reg_1_
              (rising edge-triggered flip-flop clocked by CLK)
  Endpoint: DP_i_execute_i_boothmul_i_tree_i_register_i_3_Y_temp_reg_26_
            (rising edge-triggered flip-flop clocked by CLK)
  Path Group: REG2REG
  Path Type: max

  Des/Clust/Port     Wire Load Model       Library
  ------------------------------------------------
  DLX                5K_hvratio_1_4        NangateOpenCellLibrary

  Point                                                   Incr       Path
  --------------------------------------------------------------------------
  clock CLK (rise edge)                                 0.0000     0.0000
  clock network delay (ideal)                           0.0500     0.0500
  DP_i_mem_access_i_rd_out_reg_i_Y_reg_1_/CK (DFF_X1)   0.0000     0.0500 r
  DP_i_mem_access_i_rd_out_reg_i_Y_reg_1_/Q (DFF_X1)    0.1145     0.1645 r
  U4136/ZN (XNOR2_X1)                                   0.0666     0.2311 r
  U2793/ZN (AND2_X1)                                    0.0413     0.2724 r
  U2735/ZN (AND4_X1)                                    0.0691     0.3415 r
  U4139/ZN (INV_X1)                                     0.0243     0.3657 f
  U4140/ZN (AND2_X1)                                    0.0479     0.4137 f
  U4145/Z (BUF_X2)                                      0.0708     0.4845 f
  U4398/ZN (NAND2_X1)                                   0.0542     0.5387 r
  U2523/ZN (AND3_X1)                                    0.1052     0.6439 r
  U2456/ZN (AND2_X1)                                    0.1012     0.7451 r
  U5063/ZN (NAND3_X1)                                   0.0534     0.7984 f
  U3746/ZN (OAI21_X1)                                   0.0485     0.8470 r
  U5064/ZN (XNOR2_X1)                                   0.0718     0.9187 r
  U5065/ZN (XNOR2_X1)                                   0.0701     0.9888 r
  U1836/ZN (NAND2_X1)                                   0.0580     1.0469 f
  U5067/S (FA_X1)                                       0.1513     1.1981 r
  U5068/ZN (XNOR2_X1)                                   0.0722     1.2704 r
  U7327/ZN (XNOR2_X1)                                   0.0712     1.3416 r
  U7329/ZN (XNOR2_X1)                                   0.0631     1.4047 r
  U7330/ZN (XNOR2_X1)                                   0.0598     1.4644 r
  U11325/ZN (AND2_X1)                                   0.0421     1.5065 r
  DP_i_execute_i_boothmul_i_tree_i_register_i_3_Y_temp_reg_26_/D (DFF_X2)
                                                        0.0109     1.5174 r
  data arrival time                                                1.5174

  clock CLK (rise edge)                                 1.0000     1.0000
  clock network delay (ideal)                           0.0500     1.0500
  clock uncertainty                                    -0.0500     1.0000
  DP_i_execute_i_boothmul_i_tree_i_register_i_3_Y_temp_reg_26_/CK (DFF_X2)
                                                        0.0000     1.0000 r
  library setup time                                   -0.0262     0.9738
  data required time                                               0.9738
  --------------------------------------------------------------------------
  data required time                                               0.9738
  data arrival time                                               -1.5174
  --------------------------------------------------------------------------
  slack (VIOLATED)                                                -0.5435


  Startpoint: DP_i_mem_access_i_rd_out_reg_i_Y_reg_1_
              (rising edge-triggered flip-flop clocked by CLK)
  Endpoint: DP_i_execute_i_boothmul_i_tree_i_register_i_3_Y_temp_reg_26_
            (rising edge-triggered flip-flop clocked by CLK)
  Path Group: REG2REG
  Path Type: max

  Des/Clust/Port     Wire Load Model       Library
  ------------------------------------------------
  DLX                5K_hvratio_1_4        NangateOpenCellLibrary

  Point                                                   Incr       Path
  --------------------------------------------------------------------------
  clock CLK (rise edge)                                 0.0000     0.0000
  clock network delay (ideal)                           0.0500     0.0500
  DP_i_mem_access_i_rd_out_reg_i_Y_reg_1_/CK (DFF_X1)   0.0000     0.0500 r
  DP_i_mem_access_i_rd_out_reg_i_Y_reg_1_/Q (DFF_X1)    0.1145     0.1645 r
  U4136/ZN (XNOR2_X1)                                   0.0666     0.2311 r
  U2793/ZN (AND2_X1)                                    0.0413     0.2724 r
  U2735/ZN (AND4_X1)                                    0.0691     0.3415 r
  U4139/ZN (INV_X1)                                     0.0243     0.3657 f
  U4140/ZN (AND2_X1)                                    0.0479     0.4137 f
  U4145/Z (BUF_X2)                                      0.0708     0.4845 f
  U4398/ZN (NAND2_X1)                                   0.0542     0.5387 r
  U2523/ZN (AND3_X1)                                    0.1052     0.6439 r
  U2456/ZN (AND2_X1)                                    0.1012     0.7451 r
  U5063/ZN (NAND3_X1)                                   0.0534     0.7984 f
  U3746/ZN (OAI21_X1)                                   0.0478     0.8463 r
  U5064/ZN (XNOR2_X1)                                   0.0718     0.9180 r
  U5065/ZN (XNOR2_X1)                                   0.0701     0.9881 r
  U1836/ZN (NAND2_X1)                                   0.0580     1.0462 f
  U5067/S (FA_X1)                                       0.1513     1.1974 r
  U5068/ZN (XNOR2_X1)                                   0.0722     1.2696 r
  U7327/ZN (XNOR2_X1)                                   0.0712     1.3409 r
  U7329/ZN (XNOR2_X1)                                   0.0631     1.4040 r
  U7330/ZN (XNOR2_X1)                                   0.0598     1.4637 r
  U11325/ZN (AND2_X1)                                   0.0421     1.5058 r
  DP_i_execute_i_boothmul_i_tree_i_register_i_3_Y_temp_reg_26_/D (DFF_X2)
                                                        0.0109     1.5167 r
  data arrival time                                                1.5167

  clock CLK (rise edge)                                 1.0000     1.0000
  clock network delay (ideal)                           0.0500     1.0500
  clock uncertainty                                    -0.0500     1.0000
  DP_i_execute_i_boothmul_i_tree_i_register_i_3_Y_temp_reg_26_/CK (DFF_X2)
                                                        0.0000     1.0000 r
  library setup time                                   -0.0262     0.9738
  data required time                                               0.9738
  --------------------------------------------------------------------------
  data required time                                               0.9738
  data arrival time                                               -1.5167
  --------------------------------------------------------------------------
  slack (VIOLATED)                                                -0.5428


  Startpoint: DP_i_execute_i_rd_out_reg_i_Y_reg_0_
              (rising edge-triggered flip-flop clocked by CLK)
  Endpoint: DP_i_execute_i_boothmul_i_tree_i_register_i_2_Y_temp_reg_28_
            (rising edge-triggered flip-flop clocked by CLK)
  Path Group: REG2REG
  Path Type: max

  Des/Clust/Port     Wire Load Model       Library
  ------------------------------------------------
  DLX                5K_hvratio_1_4        NangateOpenCellLibrary

  Point                                                   Incr       Path
  --------------------------------------------------------------------------
  clock CLK (rise edge)                                 0.0000     0.0000
  clock network delay (ideal)                           0.0500     0.0500
  DP_i_execute_i_rd_out_reg_i_Y_reg_0_/CK (DFF_X1)      0.0000     0.0500 r
  DP_i_execute_i_rd_out_reg_i_Y_reg_0_/Q (DFF_X1)       0.1048     0.1548 r
  U4113/ZN (XNOR2_X1)                                   0.0618     0.2166 r
  U4115/ZN (AND2_X1)                                    0.0433     0.2599 r
  U3214/ZN (NAND4_X1)                                   0.0372     0.2971 f
  U3213/ZN (OR2_X2)                                     0.0658     0.3629 f
  U4120/Z (BUF_X2)                                      0.0658     0.4287 f
  U4172/Z (BUF_X1)                                      0.0621     0.4908 f
  U4292/ZN (NAND2_X1)                                   0.0321     0.5229 r
  U4295/ZN (OAI211_X1)                                  0.0424     0.5653 f
  U4309/ZN (INV_X1)                                     0.0392     0.6044 r
  U884/Z (MUX2_X2)                                      0.0593     0.6637 r
  U883/ZN (NAND2_X1)                                    0.0353     0.6990 f
  U4872/Z (MUX2_X1)                                     0.0694     0.7684 f
  U3384/ZN (INV_X1)                                     0.0371     0.8055 r
  U4873/ZN (INV_X1)                                     0.0444     0.8500 f
  U5043/ZN (OAI21_X1)                                   0.0660     0.9160 r
  U5044/Z (XOR2_X1)                                     0.1003     1.0162 r
  U7534/ZN (XNOR2_X1)                                   0.0737     1.0899 r
  U7535/ZN (XNOR2_X1)                                   0.0684     1.1583 r
  U7536/ZN (XNOR2_X1)                                   0.0672     1.2255 r
  U7538/ZN (AND2_X1)                                    0.0522     1.2777 r
  U7546/ZN (OAI21_X1)                                   0.0318     1.3095 f
  U3588/ZN (AND2_X1)                                    0.0425     1.3520 f
  U7559/ZN (XNOR2_X1)                                   0.0514     1.4034 r
  U7560/ZN (XNOR2_X1)                                   0.0598     1.4632 r
  U12069/ZN (AND2_X1)                                   0.0422     1.5054 r
  DP_i_execute_i_boothmul_i_tree_i_register_i_2_Y_temp_reg_28_/D (DFF_X1)
                                                        0.0110     1.5163 r
  data arrival time                                                1.5163

  clock CLK (rise edge)                                 1.0000     1.0000
  clock network delay (ideal)                           0.0500     1.0500
  clock uncertainty                                    -0.0500     1.0000
  DP_i_execute_i_boothmul_i_tree_i_register_i_2_Y_temp_reg_28_/CK (DFF_X1)
                                                        0.0000     1.0000 r
  library setup time                                   -0.0265     0.9735
  data required time                                               0.9735
  --------------------------------------------------------------------------
  data required time                                               0.9735
  data arrival time                                               -1.5163
  --------------------------------------------------------------------------
  slack (VIOLATED)                                                -0.5428


  Startpoint: DP_i_execute_i_rd_out_reg_i_Y_reg_0_
              (rising edge-triggered flip-flop clocked by CLK)
  Endpoint: DP_i_execute_i_boothmul_i_tree_i_register_i_2_Y_temp_reg_28_
            (rising edge-triggered flip-flop clocked by CLK)
  Path Group: REG2REG
  Path Type: max

  Des/Clust/Port     Wire Load Model       Library
  ------------------------------------------------
  DLX                5K_hvratio_1_4        NangateOpenCellLibrary

  Point                                                   Incr       Path
  --------------------------------------------------------------------------
  clock CLK (rise edge)                                 0.0000     0.0000
  clock network delay (ideal)                           0.0500     0.0500
  DP_i_execute_i_rd_out_reg_i_Y_reg_0_/CK (DFF_X1)      0.0000     0.0500 r
  DP_i_execute_i_rd_out_reg_i_Y_reg_0_/Q (DFF_X1)       0.1048     0.1548 r
  U4113/ZN (XNOR2_X1)                                   0.0618     0.2166 r
  U4115/ZN (AND2_X1)                                    0.0433     0.2599 r
  U3214/ZN (NAND4_X1)                                   0.0372     0.2971 f
  U3213/ZN (OR2_X2)                                     0.0658     0.3629 f
  U4120/Z (BUF_X2)                                      0.0658     0.4287 f
  U4172/Z (BUF_X1)                                      0.0621     0.4908 f
  U4292/ZN (NAND2_X1)                                   0.0321     0.5229 r
  U4295/ZN (OAI211_X1)                                  0.0424     0.5653 f
  U4309/ZN (INV_X1)                                     0.0392     0.6044 r
  U884/Z (MUX2_X2)                                      0.0593     0.6637 r
  U883/ZN (NAND2_X1)                                    0.0353     0.6990 f
  U4872/Z (MUX2_X1)                                     0.0694     0.7684 f
  U3384/ZN (INV_X1)                                     0.0371     0.8055 r
  U4873/ZN (INV_X1)                                     0.0444     0.8500 f
  U5043/ZN (OAI21_X1)                                   0.0660     0.9160 r
  U5044/Z (XOR2_X1)                                     0.1003     1.0162 r
  U7534/ZN (XNOR2_X1)                                   0.0737     1.0899 r
  U7535/ZN (XNOR2_X1)                                   0.0684     1.1583 r
  U7536/ZN (XNOR2_X1)                                   0.0672     1.2255 r
  U7538/ZN (AND2_X1)                                    0.0522     1.2777 r
  U7546/ZN (OAI21_X1)                                   0.0318     1.3095 f
  U3588/ZN (AND2_X1)                                    0.0425     1.3520 f
  U7559/ZN (XNOR2_X1)                                   0.0514     1.4034 r
  U7560/ZN (XNOR2_X1)                                   0.0598     1.4632 r
  U12069/ZN (AND2_X1)                                   0.0422     1.5054 r
  DP_i_execute_i_boothmul_i_tree_i_register_i_2_Y_temp_reg_28_/D (DFF_X1)
                                                        0.0110     1.5163 r
  data arrival time                                                1.5163

  clock CLK (rise edge)                                 1.0000     1.0000
  clock network delay (ideal)                           0.0500     1.0500
  clock uncertainty                                    -0.0500     1.0000
  DP_i_execute_i_boothmul_i_tree_i_register_i_2_Y_temp_reg_28_/CK (DFF_X1)
                                                        0.0000     1.0000 r
  library setup time                                   -0.0265     0.9735
  data required time                                               0.9735
  --------------------------------------------------------------------------
  data required time                                               0.9735
  data arrival time                                               -1.5163
  --------------------------------------------------------------------------
  slack (VIOLATED)                                                -0.5428


  Startpoint: DP_i_execute_i_rd_out_reg_i_Y_reg_0_
              (rising edge-triggered flip-flop clocked by CLK)
  Endpoint: DP_i_execute_i_boothmul_i_tree_i_register_i_3_Y_temp_reg_28_
            (rising edge-triggered flip-flop clocked by CLK)
  Path Group: REG2REG
  Path Type: max

  Des/Clust/Port     Wire Load Model       Library
  ------------------------------------------------
  DLX                5K_hvratio_1_4        NangateOpenCellLibrary

  Point                                                   Incr       Path
  --------------------------------------------------------------------------
  clock CLK (rise edge)                                 0.0000     0.0000
  clock network delay (ideal)                           0.0500     0.0500
  DP_i_execute_i_rd_out_reg_i_Y_reg_0_/CK (DFF_X1)      0.0000     0.0500 r
  DP_i_execute_i_rd_out_reg_i_Y_reg_0_/Q (DFF_X1)       0.1048     0.1548 r
  U4113/ZN (XNOR2_X1)                                   0.0618     0.2166 r
  U4115/ZN (AND2_X1)                                    0.0433     0.2599 r
  U3214/ZN (NAND4_X1)                                   0.0372     0.2971 f
  U3213/ZN (OR2_X2)                                     0.0658     0.3629 f
  U4120/Z (BUF_X2)                                      0.0658     0.4287 f
  U4172/Z (BUF_X1)                                      0.0621     0.4908 f
  U4292/ZN (NAND2_X1)                                   0.0321     0.5229 r
  U4295/ZN (OAI211_X1)                                  0.0424     0.5653 f
  U4309/ZN (INV_X1)                                     0.0392     0.6044 r
  U884/Z (MUX2_X2)                                      0.0593     0.6637 r
  U883/ZN (NAND2_X1)                                    0.0353     0.6990 f
  U4872/Z (MUX2_X1)                                     0.0694     0.7684 f
  U3384/ZN (INV_X1)                                     0.0371     0.8055 r
  U2047/Z (BUF_X1)                                      0.0458     0.8514 r
  U5196/ZN (NAND2_X1)                                   0.0335     0.8849 f
  U5197/ZN (NAND2_X1)                                   0.0411     0.9260 r
  U5198/S (FA_X1)                                       0.1245     1.0506 f
  U5208/ZN (XNOR2_X1)                                   0.0716     1.1221 r
  U9845/S (FA_X1)                                       0.1269     1.2490 f
  U9846/S (FA_X1)                                       0.1474     1.3964 r
  U9847/ZN (XNOR2_X1)                                   0.0666     1.4630 r
  U11322/ZN (AND2_X1)                                   0.0422     1.5051 r
  DP_i_execute_i_boothmul_i_tree_i_register_i_3_Y_temp_reg_28_/D (DFF_X2)
                                                        0.0109     1.5160 r
  data arrival time                                                1.5160

  clock CLK (rise edge)                                 1.0000     1.0000
  clock network delay (ideal)                           0.0500     1.0500
  clock uncertainty                                    -0.0500     1.0000
  DP_i_execute_i_boothmul_i_tree_i_register_i_3_Y_temp_reg_28_/CK (DFF_X2)
                                                        0.0000     1.0000 r
  library setup time                                   -0.0262     0.9738
  data required time                                               0.9738
  --------------------------------------------------------------------------
  data required time                                               0.9738
  data arrival time                                               -1.5160
  --------------------------------------------------------------------------
  slack (VIOLATED)                                                -0.5422


  Startpoint: DP_i_execute_i_rd_out_reg_i_Y_reg_0_
              (rising edge-triggered flip-flop clocked by CLK)
  Endpoint: DP_i_execute_i_boothmul_i_tree_i_register_i_3_Y_temp_reg_28_
            (rising edge-triggered flip-flop clocked by CLK)
  Path Group: REG2REG
  Path Type: max

  Des/Clust/Port     Wire Load Model       Library
  ------------------------------------------------
  DLX                5K_hvratio_1_4        NangateOpenCellLibrary

  Point                                                   Incr       Path
  --------------------------------------------------------------------------
  clock CLK (rise edge)                                 0.0000     0.0000
  clock network delay (ideal)                           0.0500     0.0500
  DP_i_execute_i_rd_out_reg_i_Y_reg_0_/CK (DFF_X1)      0.0000     0.0500 r
  DP_i_execute_i_rd_out_reg_i_Y_reg_0_/Q (DFF_X1)       0.1048     0.1548 r
  U4113/ZN (XNOR2_X1)                                   0.0618     0.2166 r
  U4115/ZN (AND2_X1)                                    0.0433     0.2599 r
  U3214/ZN (NAND4_X1)                                   0.0372     0.2971 f
  U3213/ZN (OR2_X2)                                     0.0658     0.3629 f
  U4120/Z (BUF_X2)                                      0.0658     0.4287 f
  U4172/Z (BUF_X1)                                      0.0621     0.4908 f
  U4292/ZN (NAND2_X1)                                   0.0321     0.5229 r
  U4295/ZN (OAI211_X1)                                  0.0424     0.5653 f
  U4309/ZN (INV_X1)                                     0.0392     0.6044 r
  U884/Z (MUX2_X2)                                      0.0593     0.6637 r
  U883/ZN (NAND2_X1)                                    0.0353     0.6990 f
  U4872/Z (MUX2_X1)                                     0.0694     0.7684 f
  U3384/ZN (INV_X1)                                     0.0371     0.8055 r
  U2047/Z (BUF_X1)                                      0.0458     0.8514 r
  U5196/ZN (NAND2_X1)                                   0.0335     0.8849 f
  U5197/ZN (NAND2_X1)                                   0.0411     0.9260 r
  U5198/S (FA_X1)                                       0.1245     1.0506 f
  U5208/ZN (XNOR2_X1)                                   0.0716     1.1221 r
  U9845/S (FA_X1)                                       0.1269     1.2490 f
  U9846/S (FA_X1)                                       0.1474     1.3964 r
  U9847/ZN (XNOR2_X1)                                   0.0666     1.4630 r
  U11322/ZN (AND2_X1)                                   0.0422     1.5051 r
  DP_i_execute_i_boothmul_i_tree_i_register_i_3_Y_temp_reg_28_/D (DFF_X2)
                                                        0.0109     1.5160 r
  data arrival time                                                1.5160

  clock CLK (rise edge)                                 1.0000     1.0000
  clock network delay (ideal)                           0.0500     1.0500
  clock uncertainty                                    -0.0500     1.0000
  DP_i_execute_i_boothmul_i_tree_i_register_i_3_Y_temp_reg_28_/CK (DFF_X2)
                                                        0.0000     1.0000 r
  library setup time                                   -0.0262     0.9738
  data required time                                               0.9738
  --------------------------------------------------------------------------
  data required time                                               0.9738
  data arrival time                                               -1.5160
  --------------------------------------------------------------------------
  slack (VIOLATED)                                                -0.5422


  Startpoint: DP_i_execute_i_rd_out_reg_i_Y_reg_0_
              (rising edge-triggered flip-flop clocked by CLK)
  Endpoint: DP_i_execute_i_boothmul_i_tree_i_register_i_2_Y_temp_reg_21_
            (rising edge-triggered flip-flop clocked by CLK)
  Path Group: REG2REG
  Path Type: max

  Des/Clust/Port     Wire Load Model       Library
  ------------------------------------------------
  DLX                5K_hvratio_1_4        NangateOpenCellLibrary

  Point                                                   Incr       Path
  --------------------------------------------------------------------------
  clock CLK (rise edge)                                 0.0000     0.0000
  clock network delay (ideal)                           0.0500     0.0500
  DP_i_execute_i_rd_out_reg_i_Y_reg_0_/CK (DFF_X1)      0.0000     0.0500 r
  DP_i_execute_i_rd_out_reg_i_Y_reg_0_/Q (DFF_X1)       0.1048     0.1548 r
  U4113/ZN (XNOR2_X1)                                   0.0618     0.2166 r
  U4115/ZN (AND2_X1)                                    0.0433     0.2599 r
  U3214/ZN (NAND4_X1)                                   0.0372     0.2971 f
  U3213/ZN (OR2_X2)                                     0.0658     0.3629 f
  U4120/Z (BUF_X2)                                      0.0658     0.4287 f
  U4172/Z (BUF_X1)                                      0.0621     0.4908 f
  U4292/ZN (NAND2_X1)                                   0.0321     0.5229 r
  U4295/ZN (OAI211_X1)                                  0.0424     0.5653 f
  U4309/ZN (INV_X1)                                     0.0392     0.6044 r
  U884/Z (MUX2_X2)                                      0.0593     0.6637 r
  U883/ZN (NAND2_X1)                                    0.0353     0.6990 f
  U4872/Z (MUX2_X1)                                     0.0694     0.7684 f
  U3384/ZN (INV_X1)                                     0.0371     0.8055 r
  U3263/ZN (INV_X1)                                     0.0450     0.8505 f
  U5838/ZN (NOR2_X1)                                    0.0557     0.9062 r
  U1871/ZN (OR2_X1)                                     0.0465     0.9526 r
  U5839/ZN (XNOR2_X1)                                   0.0736     1.0263 r
  U5840/ZN (XNOR2_X1)                                   0.0795     1.1058 r
  U5842/ZN (NAND2_X1)                                   0.0415     1.1473 f
  U5843/ZN (INV_X1)                                     0.0324     1.1796 r
  U5856/ZN (NAND2_X1)                                   0.0344     1.2141 f
  U3348/ZN (AND3_X1)                                    0.0506     1.2647 f
  U1364/ZN (NOR2_X1)                                    0.0643     1.3290 r
  U5871/ZN (XNOR2_X1)                                   0.0726     1.4016 r
  U5872/ZN (XNOR2_X1)                                   0.0599     1.4615 r
  U10790/ZN (AND2_X1)                                   0.0428     1.5043 r
  DP_i_execute_i_boothmul_i_tree_i_register_i_2_Y_temp_reg_21_/D (DFF_X1)
                                                        0.0110     1.5153 r
  data arrival time                                                1.5153

  clock CLK (rise edge)                                 1.0000     1.0000
  clock network delay (ideal)                           0.0500     1.0500
  clock uncertainty                                    -0.0500     1.0000
  DP_i_execute_i_boothmul_i_tree_i_register_i_2_Y_temp_reg_21_/CK (DFF_X1)
                                                        0.0000     1.0000 r
  library setup time                                   -0.0265     0.9735
  data required time                                               0.9735
  --------------------------------------------------------------------------
  data required time                                               0.9735
  data arrival time                                               -1.5153
  --------------------------------------------------------------------------
  slack (VIOLATED)                                                -0.5418


  Startpoint: DP_i_execute_i_rd_out_reg_i_Y_reg_0_
              (rising edge-triggered flip-flop clocked by CLK)
  Endpoint: DP_i_execute_i_boothmul_i_tree_i_register_i_2_Y_temp_reg_21_
            (rising edge-triggered flip-flop clocked by CLK)
  Path Group: REG2REG
  Path Type: max

  Des/Clust/Port     Wire Load Model       Library
  ------------------------------------------------
  DLX                5K_hvratio_1_4        NangateOpenCellLibrary

  Point                                                   Incr       Path
  --------------------------------------------------------------------------
  clock CLK (rise edge)                                 0.0000     0.0000
  clock network delay (ideal)                           0.0500     0.0500
  DP_i_execute_i_rd_out_reg_i_Y_reg_0_/CK (DFF_X1)      0.0000     0.0500 r
  DP_i_execute_i_rd_out_reg_i_Y_reg_0_/Q (DFF_X1)       0.1048     0.1548 r
  U4113/ZN (XNOR2_X1)                                   0.0618     0.2166 r
  U4115/ZN (AND2_X1)                                    0.0433     0.2599 r
  U3214/ZN (NAND4_X1)                                   0.0372     0.2971 f
  U3213/ZN (OR2_X2)                                     0.0658     0.3629 f
  U4120/Z (BUF_X2)                                      0.0658     0.4287 f
  U4172/Z (BUF_X1)                                      0.0621     0.4908 f
  U4292/ZN (NAND2_X1)                                   0.0321     0.5229 r
  U4295/ZN (OAI211_X1)                                  0.0424     0.5653 f
  U4309/ZN (INV_X1)                                     0.0392     0.6044 r
  U884/Z (MUX2_X2)                                      0.0593     0.6637 r
  U883/ZN (NAND2_X1)                                    0.0353     0.6990 f
  U4872/Z (MUX2_X1)                                     0.0694     0.7684 f
  U3384/ZN (INV_X1)                                     0.0371     0.8055 r
  U3263/ZN (INV_X1)                                     0.0450     0.8505 f
  U5838/ZN (NOR2_X1)                                    0.0557     0.9062 r
  U1871/ZN (OR2_X1)                                     0.0465     0.9526 r
  U5839/ZN (XNOR2_X1)                                   0.0736     1.0263 r
  U5840/ZN (XNOR2_X1)                                   0.0795     1.1058 r
  U5842/ZN (NAND2_X1)                                   0.0415     1.1473 f
  U5843/ZN (INV_X1)                                     0.0324     1.1796 r
  U5856/ZN (NAND2_X1)                                   0.0344     1.2141 f
  U3348/ZN (AND3_X1)                                    0.0506     1.2647 f
  U1364/ZN (NOR2_X1)                                    0.0643     1.3290 r
  U5871/ZN (XNOR2_X1)                                   0.0726     1.4016 r
  U5872/ZN (XNOR2_X1)                                   0.0599     1.4615 r
  U10790/ZN (AND2_X1)                                   0.0428     1.5043 r
  DP_i_execute_i_boothmul_i_tree_i_register_i_2_Y_temp_reg_21_/D (DFF_X1)
                                                        0.0110     1.5153 r
  data arrival time                                                1.5153

  clock CLK (rise edge)                                 1.0000     1.0000
  clock network delay (ideal)                           0.0500     1.0500
  clock uncertainty                                    -0.0500     1.0000
  DP_i_execute_i_boothmul_i_tree_i_register_i_2_Y_temp_reg_21_/CK (DFF_X1)
                                                        0.0000     1.0000 r
  library setup time                                   -0.0265     0.9735
  data required time                                               0.9735
  --------------------------------------------------------------------------
  data required time                                               0.9735
  data arrival time                                               -1.5153
  --------------------------------------------------------------------------
  slack (VIOLATED)                                                -0.5418


  Startpoint: DP_i_execute_i_rd_out_reg_i_Y_reg_0_
              (rising edge-triggered flip-flop clocked by CLK)
  Endpoint: DP_i_execute_i_boothmul_i_tree_i_register_i_2_Y_temp_reg_31_
            (rising edge-triggered flip-flop clocked by CLK)
  Path Group: REG2REG
  Path Type: max

  Des/Clust/Port     Wire Load Model       Library
  ------------------------------------------------
  DLX                5K_hvratio_1_4        NangateOpenCellLibrary

  Point                                                   Incr       Path
  --------------------------------------------------------------------------
  clock CLK (rise edge)                                 0.0000     0.0000
  clock network delay (ideal)                           0.0500     0.0500
  DP_i_execute_i_rd_out_reg_i_Y_reg_0_/CK (DFF_X1)      0.0000     0.0500 r
  DP_i_execute_i_rd_out_reg_i_Y_reg_0_/Q (DFF_X1)       0.1048     0.1548 r
  U4113/ZN (XNOR2_X1)                                   0.0618     0.2166 r
  U4115/ZN (AND2_X1)                                    0.0433     0.2599 r
  U3214/ZN (NAND4_X1)                                   0.0372     0.2971 f
  U3213/ZN (OR2_X2)                                     0.0658     0.3629 f
  U4120/Z (BUF_X2)                                      0.0658     0.4287 f
  U4172/Z (BUF_X1)                                      0.0621     0.4908 f
  U4292/ZN (NAND2_X1)                                   0.0321     0.5229 r
  U4295/ZN (OAI211_X1)                                  0.0424     0.5653 f
  U4309/ZN (INV_X1)                                     0.0392     0.6044 r
  U884/Z (MUX2_X2)                                      0.0593     0.6637 r
  U883/ZN (NAND2_X1)                                    0.0353     0.6990 f
  U4872/Z (MUX2_X1)                                     0.0694     0.7684 f
  U3384/ZN (INV_X1)                                     0.0371     0.8055 r
  U2047/Z (BUF_X1)                                      0.0458     0.8514 r
  U5196/ZN (NAND2_X1)                                   0.0335     0.8849 f
  U5197/ZN (NAND2_X1)                                   0.0411     0.9260 r
  U5198/S (FA_X1)                                       0.1245     1.0506 f
  U5199/ZN (XNOR2_X1)                                   0.0690     1.1196 f
  U3151/ZN (OAI21_X2)                                   0.0747     1.1943 r
  U5626/CO (FA_X1)                                      0.0822     1.2765 r
  U9888/ZN (NAND2_X1)                                   0.0335     1.3100 f
  U9892/ZN (AND2_X1)                                    0.0395     1.3495 f
  U9894/ZN (OAI22_X1)                                   0.0497     1.3992 r
  U9897/ZN (XNOR2_X1)                                   0.0628     1.4620 r
  U11330/ZN (AND2_X1)                                   0.0421     1.5041 r
  DP_i_execute_i_boothmul_i_tree_i_register_i_2_Y_temp_reg_31_/D (DFF_X1)
                                                        0.0110     1.5151 r
  data arrival time                                                1.5151

  clock CLK (rise edge)                                 1.0000     1.0000
  clock network delay (ideal)                           0.0500     1.0500
  clock uncertainty                                    -0.0500     1.0000
  DP_i_execute_i_boothmul_i_tree_i_register_i_2_Y_temp_reg_31_/CK (DFF_X1)
                                                        0.0000     1.0000 r
  library setup time                                   -0.0265     0.9735
  data required time                                               0.9735
  --------------------------------------------------------------------------
  data required time                                               0.9735
  data arrival time                                               -1.5151
  --------------------------------------------------------------------------
  slack (VIOLATED)                                                -0.5415


  Startpoint: DP_i_execute_i_rd_out_reg_i_Y_reg_0_
              (rising edge-triggered flip-flop clocked by CLK)
  Endpoint: DP_i_execute_i_boothmul_i_tree_i_register_i_2_Y_temp_reg_31_
            (rising edge-triggered flip-flop clocked by CLK)
  Path Group: REG2REG
  Path Type: max

  Des/Clust/Port     Wire Load Model       Library
  ------------------------------------------------
  DLX                5K_hvratio_1_4        NangateOpenCellLibrary

  Point                                                   Incr       Path
  --------------------------------------------------------------------------
  clock CLK (rise edge)                                 0.0000     0.0000
  clock network delay (ideal)                           0.0500     0.0500
  DP_i_execute_i_rd_out_reg_i_Y_reg_0_/CK (DFF_X1)      0.0000     0.0500 r
  DP_i_execute_i_rd_out_reg_i_Y_reg_0_/Q (DFF_X1)       0.1048     0.1548 r
  U4113/ZN (XNOR2_X1)                                   0.0618     0.2166 r
  U4115/ZN (AND2_X1)                                    0.0433     0.2599 r
  U3214/ZN (NAND4_X1)                                   0.0372     0.2971 f
  U3213/ZN (OR2_X2)                                     0.0658     0.3629 f
  U4120/Z (BUF_X2)                                      0.0658     0.4287 f
  U4172/Z (BUF_X1)                                      0.0621     0.4908 f
  U4292/ZN (NAND2_X1)                                   0.0321     0.5229 r
  U4295/ZN (OAI211_X1)                                  0.0424     0.5653 f
  U4309/ZN (INV_X1)                                     0.0392     0.6044 r
  U884/Z (MUX2_X2)                                      0.0593     0.6637 r
  U883/ZN (NAND2_X1)                                    0.0353     0.6990 f
  U4872/Z (MUX2_X1)                                     0.0694     0.7684 f
  U3384/ZN (INV_X1)                                     0.0371     0.8055 r
  U2047/Z (BUF_X1)                                      0.0458     0.8514 r
  U5196/ZN (NAND2_X1)                                   0.0335     0.8849 f
  U5197/ZN (NAND2_X1)                                   0.0411     0.9260 r
  U5198/S (FA_X1)                                       0.1245     1.0506 f
  U5199/ZN (XNOR2_X1)                                   0.0690     1.1196 f
  U3151/ZN (OAI21_X2)                                   0.0747     1.1943 r
  U5626/CO (FA_X1)                                      0.0822     1.2765 r
  U9888/ZN (NAND2_X1)                                   0.0335     1.3100 f
  U9892/ZN (AND2_X1)                                    0.0395     1.3495 f
  U9894/ZN (OAI22_X1)                                   0.0497     1.3992 r
  U9897/ZN (XNOR2_X1)                                   0.0628     1.4620 r
  U11330/ZN (AND2_X1)                                   0.0421     1.5041 r
  DP_i_execute_i_boothmul_i_tree_i_register_i_2_Y_temp_reg_31_/D (DFF_X1)
                                                        0.0110     1.5151 r
  data arrival time                                                1.5151

  clock CLK (rise edge)                                 1.0000     1.0000
  clock network delay (ideal)                           0.0500     1.0500
  clock uncertainty                                    -0.0500     1.0000
  DP_i_execute_i_boothmul_i_tree_i_register_i_2_Y_temp_reg_31_/CK (DFF_X1)
                                                        0.0000     1.0000 r
  library setup time                                   -0.0265     0.9735
  data required time                                               0.9735
  --------------------------------------------------------------------------
  data required time                                               0.9735
  data arrival time                                               -1.5151
  --------------------------------------------------------------------------
  slack (VIOLATED)                                                -0.5415


1
