 
****************************************
Report : timing
        -path full
        -delay max
        -nworst 2
        -group REG2REG
        -max_paths 10
Design : DLX
Version: W-2024.09-SP2
Date   : Tue Sep 29 13:29:14 2026
****************************************

Operating Conditions: typical   Library: NangateOpenCellLibrary
Wire Load Model Mode: top

  Startpoint: DP_i_decode_i_rs2_addr_i_Y_reg_0_
              (rising edge-triggered flip-flop clocked by CLK)
  Endpoint: DP_i_execute_i_boothmul_i_tree_i_register_i_2_Y_temp_reg_30_
            (rising edge-triggered flip-flop clocked by CLK)
  Path Group: REG2REG
  Path Type: max

  Des/Clust/Port     Wire Load Model       Library
  ------------------------------------------------
  DLX                5K_hvratio_1_4        NangateOpenCellLibrary

  Point                                                   Incr       Path
  --------------------------------------------------------------------------
  clock CLK (rise edge)                                 0.0000     0.0000
  clock network delay (ideal)                           0.0500     0.0500
  DP_i_decode_i_rs2_addr_i_Y_reg_0_/CK (DFF_X1)         0.0000     0.0500 r
  DP_i_decode_i_rs2_addr_i_Y_reg_0_/Q (DFF_X1)          0.1101     0.1601 r
  U3068/ZN (XNOR2_X1)                                   0.0622     0.2223 r
  U3070/ZN (AND4_X1)                                    0.0592     0.2816 r
  U2209/ZN (AND4_X1)                                    0.0650     0.3466 r
  U2346/ZN (INV_X1)                                     0.0282     0.3748 f
  U1081/ZN (NAND4_X1)                                   0.0455     0.4203 r
  U1554/ZN (AND2_X1)                                    0.0519     0.4722 r
  U917/Z (BUF_X1)                                       0.0798     0.5520 r
  U3402/Z (BUF_X2)                                      0.0935     0.6455 r
  U2565/ZN (INV_X1)                                     0.0562     0.7016 f
  U1164/ZN (OAI21_X1)                                   0.0606     0.7623 r
  U2466/ZN (INV_X1)                                     0.0330     0.7953 f
  U793/ZN (NOR2_X1)                                     0.0775     0.8728 r
  U3593/ZN (NAND2_X1)                                   0.0626     0.9353 f
  U778/Z (MUX2_X1)                                      0.1303     1.0656 f
  U3625/ZN (OAI22_X1)                                   0.0881     1.1537 r
  U3626/ZN (INV_X1)                                     0.0343     1.1880 f
  U3630/ZN (XNOR2_X1)                                   0.0668     1.2548 f
  U3631/Z (XOR2_X1)                                     0.0819     1.3368 f
  U3632/ZN (AOI221_X1)                                  0.1077     1.4444 r
  U6312/S (FA_X1)                                       0.1405     1.5849 f
  U2368/ZN (XNOR2_X1)                                   0.0819     1.6668 r
  U1423/ZN (XNOR2_X1)                                   0.0834     1.7503 r
  U1124/ZN (OR2_X1)                                     0.0536     1.8038 r
  U2562/ZN (NAND2_X1)                                   0.0398     1.8437 f
  U2378/ZN (NAND3_X1)                                   0.0362     1.8799 r
  U2377/ZN (NAND2_X1)                                   0.0283     1.9082 f
  DP_i_U1894/ZN (AOI21_X1)                              0.0515     1.9597 r
  DP_i_execute_i_boothmul_i_tree_i_register_i_2_Y_temp_reg_30_/D (DFF_X1)
                                                        0.0110     1.9706 r
  data arrival time                                                1.9706

  clock CLK (rise edge)                                 2.0000     2.0000
  clock network delay (ideal)                           0.0500     2.0500
  clock uncertainty                                    -0.0500     2.0000
  DP_i_execute_i_boothmul_i_tree_i_register_i_2_Y_temp_reg_30_/CK (DFF_X1)
                                                        0.0000     2.0000 r
  library setup time                                   -0.0293     1.9707
  data required time                                               1.9707
  --------------------------------------------------------------------------
  data required time                                               1.9707
  data arrival time                                               -1.9706
  --------------------------------------------------------------------------
  slack (MET)                                                      0.0000


  Startpoint: DP_i_decode_i_rs2_addr_i_Y_reg_0_
              (rising edge-triggered flip-flop clocked by CLK)
  Endpoint: DP_i_execute_i_boothmul_i_tree_i_register_i_2_Y_temp_reg_30_
            (rising edge-triggered flip-flop clocked by CLK)
  Path Group: REG2REG
  Path Type: max

  Des/Clust/Port     Wire Load Model       Library
  ------------------------------------------------
  DLX                5K_hvratio_1_4        NangateOpenCellLibrary

  Point                                                   Incr       Path
  --------------------------------------------------------------------------
  clock CLK (rise edge)                                 0.0000     0.0000
  clock network delay (ideal)                           0.0500     0.0500
  DP_i_decode_i_rs2_addr_i_Y_reg_0_/CK (DFF_X1)         0.0000     0.0500 r
  DP_i_decode_i_rs2_addr_i_Y_reg_0_/Q (DFF_X1)          0.1101     0.1601 r
  U3068/ZN (XNOR2_X1)                                   0.0622     0.2223 r
  U3070/ZN (AND4_X1)                                    0.0592     0.2816 r
  U2209/ZN (AND4_X1)                                    0.0650     0.3466 r
  U2346/ZN (INV_X1)                                     0.0282     0.3748 f
  U1081/ZN (NAND4_X1)                                   0.0455     0.4203 r
  U1554/ZN (AND2_X1)                                    0.0519     0.4722 r
  U917/Z (BUF_X1)                                       0.0798     0.5520 r
  U3402/Z (BUF_X2)                                      0.0935     0.6455 r
  U2565/ZN (INV_X1)                                     0.0562     0.7016 f
  U1164/ZN (OAI21_X1)                                   0.0606     0.7623 r
  U2466/ZN (INV_X1)                                     0.0330     0.7953 f
  U793/ZN (NOR2_X1)                                     0.0775     0.8728 r
  U3593/ZN (NAND2_X1)                                   0.0626     0.9353 f
  U778/Z (MUX2_X1)                                      0.1303     1.0656 f
  U3625/ZN (OAI22_X1)                                   0.0881     1.1537 r
  U3626/ZN (INV_X1)                                     0.0343     1.1880 f
  U3630/ZN (XNOR2_X1)                                   0.0668     1.2548 f
  U3631/Z (XOR2_X1)                                     0.0819     1.3368 f
  U3632/ZN (AOI221_X1)                                  0.1077     1.4444 r
  U6312/S (FA_X1)                                       0.1405     1.5849 f
  U2368/ZN (XNOR2_X1)                                   0.0819     1.6668 r
  U1423/ZN (XNOR2_X1)                                   0.0834     1.7503 r
  U1124/ZN (OR2_X1)                                     0.0536     1.8038 r
  U2562/ZN (NAND2_X1)                                   0.0398     1.8437 f
  U2378/ZN (NAND3_X1)                                   0.0362     1.8799 r
  U2377/ZN (NAND2_X1)                                   0.0283     1.9082 f
  DP_i_U1894/ZN (AOI21_X1)                              0.0515     1.9597 r
  DP_i_execute_i_boothmul_i_tree_i_register_i_2_Y_temp_reg_30_/D (DFF_X1)
                                                        0.0110     1.9706 r
  data arrival time                                                1.9706

  clock CLK (rise edge)                                 2.0000     2.0000
  clock network delay (ideal)                           0.0500     2.0500
  clock uncertainty                                    -0.0500     2.0000
  DP_i_execute_i_boothmul_i_tree_i_register_i_2_Y_temp_reg_30_/CK (DFF_X1)
                                                        0.0000     2.0000 r
  library setup time                                   -0.0293     1.9707
  data required time                                               1.9707
  --------------------------------------------------------------------------
  data required time                                               1.9707
  data arrival time                                               -1.9706
  --------------------------------------------------------------------------
  slack (MET)                                                      0.0000


  Startpoint: DP_i_mem_access_i_rd_out_reg_i_Y_reg_3_
              (rising edge-triggered flip-flop clocked by CLK)
  Endpoint: CP_i_hazard_unit_i_G_scoreboard_reg_28__0_
            (rising edge-triggered flip-flop clocked by CLK)
  Path Group: REG2REG
  Path Type: max

  Des/Clust/Port     Wire Load Model       Library
  ------------------------------------------------
  DLX                5K_hvratio_1_4        NangateOpenCellLibrary

  Point                                                   Incr       Path
  --------------------------------------------------------------------------
  clock CLK (rise edge)                                 0.0000     0.0000
  clock network delay (ideal)                           0.0500     0.0500
  DP_i_mem_access_i_rd_out_reg_i_Y_reg_3_/CK (DFF_X1)   0.0000     0.0500 r
  DP_i_mem_access_i_rd_out_reg_i_Y_reg_3_/Q (DFF_X1)    0.1301     0.1801 r
  DP_i_decode_i_reg_file_i/addr_w[3] (register_file)    0.0000     0.1801 r
  DP_i_decode_i_reg_file_i/U245/ZN (INV_X1)             0.0546     0.2348 f
  DP_i_decode_i_reg_file_i/U108/ZN (OR2_X1)             0.0636     0.2983 f
  DP_i_decode_i_reg_file_i/U274/ZN (NAND2_X1)           0.0315     0.3298 r
  DP_i_decode_i_reg_file_i/U23/ZN (NOR2_X1)             0.0295     0.3593 f
  DP_i_decode_i_reg_file_i/U306/ZN (NOR2_X1)            0.0514     0.4107 r
  DP_i_decode_i_reg_file_i/U307/ZN (NAND2_X1)           0.0457     0.4564 f
  DP_i_decode_i_reg_file_i/U16/ZN (NOR2_X1)             0.1734     0.6298 r
  DP_i_decode_i_reg_file_i/U412/Z (BUF_X2)              0.1331     0.7629 r
  DP_i_decode_i_reg_file_i/U413/ZN (AOI22_X1)           0.0589     0.8218 f
  DP_i_decode_i_reg_file_i/U97/ZN (AND4_X1)             0.0532     0.8750 f
  DP_i_decode_i_reg_file_i/U426/ZN (NAND4_X1)           0.0362     0.9111 r
  DP_i_decode_i_reg_file_i/output1[0] (register_file)   0.0000     0.9111 r
  U2578/ZN (OAI211_X1)                                  0.0431     0.9542 f
  U1614/ZN (AND2_X1)                                    0.0491     1.0033 f
  U2376/ZN (NAND2_X1)                                   0.0304     1.0338 r
  U827/ZN (AND2_X1)                                     0.0610     1.0948 r
  U801/Z (BUF_X2)                                       0.1303     1.2251 r
  U3827/ZN (NOR2_X1)                                    0.0656     1.2907 f
  U3899/ZN (NAND3_X1)                                   0.0380     1.3286 r
  U3900/ZN (OR2_X1)                                     0.0322     1.3609 r
  U816/ZN (AND2_X1)                                     0.0584     1.4192 r
  U2231/ZN (INV_X1)                                     0.0296     1.4488 f
  U1750/ZN (OR3_X1)                                     0.0731     1.5220 f
  U1748/ZN (NAND4_X1)                                   0.0485     1.5705 r
  U2409/ZN (NAND2_X2)                                   0.0802     1.6507 f
  U2522/ZN (OR3_X4)                                     0.1732     1.8240 f
  U589/ZN (OAI22_X1)                                    0.0878     1.9118 r
  U16/Z (MUX2_X1)                                       0.0502     1.9620 r
  CP_i_hazard_unit_i_G_scoreboard_reg_28__0_/D (DFF_X1)
                                                        0.0110     1.9730 r
  data arrival time                                                1.9730

  clock CLK (rise edge)                                 2.0000     2.0000
  clock network delay (ideal)                           0.0500     2.0500
  clock uncertainty                                    -0.0500     2.0000
  CP_i_hazard_unit_i_G_scoreboard_reg_28__0_/CK (DFF_X1)
                                                        0.0000     2.0000 r
  library setup time                                   -0.0267     1.9733
  data required time                                               1.9733
  --------------------------------------------------------------------------
  data required time                                               1.9733
  data arrival time                                               -1.9730
  --------------------------------------------------------------------------
  slack (MET)                                                      0.0003


  Startpoint: DP_i_mem_access_i_rd_out_reg_i_Y_reg_3_
              (rising edge-triggered flip-flop clocked by CLK)
  Endpoint: CP_i_hazard_unit_i_G_scoreboard_reg_28__0_
            (rising edge-triggered flip-flop clocked by CLK)
  Path Group: REG2REG
  Path Type: max

  Des/Clust/Port     Wire Load Model       Library
  ------------------------------------------------
  DLX                5K_hvratio_1_4        NangateOpenCellLibrary

  Point                                                   Incr       Path
  --------------------------------------------------------------------------
  clock CLK (rise edge)                                 0.0000     0.0000
  clock network delay (ideal)                           0.0500     0.0500
  DP_i_mem_access_i_rd_out_reg_i_Y_reg_3_/CK (DFF_X1)   0.0000     0.0500 r
  DP_i_mem_access_i_rd_out_reg_i_Y_reg_3_/Q (DFF_X1)    0.1301     0.1801 r
  DP_i_decode_i_reg_file_i/addr_w[3] (register_file)    0.0000     0.1801 r
  DP_i_decode_i_reg_file_i/U245/ZN (INV_X1)             0.0546     0.2348 f
  DP_i_decode_i_reg_file_i/U108/ZN (OR2_X1)             0.0636     0.2983 f
  DP_i_decode_i_reg_file_i/U274/ZN (NAND2_X1)           0.0315     0.3298 r
  DP_i_decode_i_reg_file_i/U23/ZN (NOR2_X1)             0.0295     0.3593 f
  DP_i_decode_i_reg_file_i/U306/ZN (NOR2_X1)            0.0514     0.4107 r
  DP_i_decode_i_reg_file_i/U307/ZN (NAND2_X1)           0.0457     0.4564 f
  DP_i_decode_i_reg_file_i/U16/ZN (NOR2_X1)             0.1734     0.6298 r
  DP_i_decode_i_reg_file_i/U412/Z (BUF_X2)              0.1331     0.7629 r
  DP_i_decode_i_reg_file_i/U413/ZN (AOI22_X1)           0.0589     0.8218 f
  DP_i_decode_i_reg_file_i/U97/ZN (AND4_X1)             0.0532     0.8750 f
  DP_i_decode_i_reg_file_i/U426/ZN (NAND4_X1)           0.0362     0.9111 r
  DP_i_decode_i_reg_file_i/output1[0] (register_file)   0.0000     0.9111 r
  U2578/ZN (OAI211_X1)                                  0.0431     0.9542 f
  U1614/ZN (AND2_X1)                                    0.0491     1.0033 f
  U2376/ZN (NAND2_X1)                                   0.0304     1.0338 r
  U827/ZN (AND2_X1)                                     0.0610     1.0948 r
  U801/Z (BUF_X2)                                       0.1303     1.2251 r
  U3827/ZN (NOR2_X1)                                    0.0656     1.2907 f
  U3899/ZN (NAND3_X1)                                   0.0380     1.3286 r
  U3900/ZN (OR2_X1)                                     0.0322     1.3609 r
  U816/ZN (AND2_X1)                                     0.0584     1.4192 r
  U2231/ZN (INV_X1)                                     0.0296     1.4488 f
  U1750/ZN (OR3_X1)                                     0.0731     1.5220 f
  U1748/ZN (NAND4_X1)                                   0.0485     1.5705 r
  U2409/ZN (NAND2_X2)                                   0.0802     1.6507 f
  U2522/ZN (OR3_X4)                                     0.1732     1.8240 f
  U589/ZN (OAI22_X1)                                    0.0878     1.9118 r
  U16/Z (MUX2_X1)                                       0.0502     1.9620 r
  CP_i_hazard_unit_i_G_scoreboard_reg_28__0_/D (DFF_X1)
                                                        0.0110     1.9730 r
  data arrival time                                                1.9730

  clock CLK (rise edge)                                 2.0000     2.0000
  clock network delay (ideal)                           0.0500     2.0500
  clock uncertainty                                    -0.0500     2.0000
  CP_i_hazard_unit_i_G_scoreboard_reg_28__0_/CK (DFF_X1)
                                                        0.0000     2.0000 r
  library setup time                                   -0.0267     1.9733
  data required time                                               1.9733
  --------------------------------------------------------------------------
  data required time                                               1.9733
  data arrival time                                               -1.9730
  --------------------------------------------------------------------------
  slack (MET)                                                      0.0003


  Startpoint: DP_i_mem_access_i_rd_out_reg_i_Y_reg_3_
              (rising edge-triggered flip-flop clocked by CLK)
  Endpoint: CP_i_hazard_unit_i_G_scoreboard_reg_20__0_
            (rising edge-triggered flip-flop clocked by CLK)
  Path Group: REG2REG
  Path Type: max

  Des/Clust/Port     Wire Load Model       Library
  ------------------------------------------------
  DLX                5K_hvratio_1_4        NangateOpenCellLibrary

  Point                                                   Incr       Path
  --------------------------------------------------------------------------
  clock CLK (rise edge)                                 0.0000     0.0000
  clock network delay (ideal)                           0.0500     0.0500
  DP_i_mem_access_i_rd_out_reg_i_Y_reg_3_/CK (DFF_X1)   0.0000     0.0500 r
  DP_i_mem_access_i_rd_out_reg_i_Y_reg_3_/Q (DFF_X1)    0.1301     0.1801 r
  DP_i_decode_i_reg_file_i/addr_w[3] (register_file)    0.0000     0.1801 r
  DP_i_decode_i_reg_file_i/U245/ZN (INV_X1)             0.0546     0.2348 f
  DP_i_decode_i_reg_file_i/U108/ZN (OR2_X1)             0.0636     0.2983 f
  DP_i_decode_i_reg_file_i/U274/ZN (NAND2_X1)           0.0315     0.3298 r
  DP_i_decode_i_reg_file_i/U23/ZN (NOR2_X1)             0.0295     0.3593 f
  DP_i_decode_i_reg_file_i/U306/ZN (NOR2_X1)            0.0514     0.4107 r
  DP_i_decode_i_reg_file_i/U307/ZN (NAND2_X1)           0.0457     0.4564 f
  DP_i_decode_i_reg_file_i/U16/ZN (NOR2_X1)             0.1734     0.6298 r
  DP_i_decode_i_reg_file_i/U412/Z (BUF_X2)              0.1331     0.7629 r
  DP_i_decode_i_reg_file_i/U413/ZN (AOI22_X1)           0.0589     0.8218 f
  DP_i_decode_i_reg_file_i/U97/ZN (AND4_X1)             0.0532     0.8750 f
  DP_i_decode_i_reg_file_i/U426/ZN (NAND4_X1)           0.0362     0.9111 r
  DP_i_decode_i_reg_file_i/output1[0] (register_file)   0.0000     0.9111 r
  U2578/ZN (OAI211_X1)                                  0.0431     0.9542 f
  U1614/ZN (AND2_X1)                                    0.0491     1.0033 f
  U2376/ZN (NAND2_X1)                                   0.0304     1.0338 r
  U827/ZN (AND2_X1)                                     0.0610     1.0948 r
  U801/Z (BUF_X2)                                       0.1303     1.2251 r
  U3827/ZN (NOR2_X1)                                    0.0656     1.2907 f
  U3899/ZN (NAND3_X1)                                   0.0380     1.3286 r
  U3900/ZN (OR2_X1)                                     0.0322     1.3609 r
  U816/ZN (AND2_X1)                                     0.0584     1.4192 r
  U2231/ZN (INV_X1)                                     0.0296     1.4488 f
  U1750/ZN (OR3_X1)                                     0.0731     1.5220 f
  U1748/ZN (NAND4_X1)                                   0.0485     1.5705 r
  U2409/ZN (NAND2_X2)                                   0.0802     1.6507 f
  U2522/ZN (OR3_X4)                                     0.1732     1.8240 f
  U540/ZN (OAI22_X1)                                    0.0878     1.9118 r
  U32/Z (MUX2_X1)                                       0.0502     1.9620 r
  CP_i_hazard_unit_i_G_scoreboard_reg_20__0_/D (DFF_X1)
                                                        0.0110     1.9730 r
  data arrival time                                                1.9730

  clock CLK (rise edge)                                 2.0000     2.0000
  clock network delay (ideal)                           0.0500     2.0500
  clock uncertainty                                    -0.0500     2.0000
  CP_i_hazard_unit_i_G_scoreboard_reg_20__0_/CK (DFF_X1)
                                                        0.0000     2.0000 r
  library setup time                                   -0.0267     1.9733
  data required time                                               1.9733
  --------------------------------------------------------------------------
  data required time                                               1.9733
  data arrival time                                               -1.9730
  --------------------------------------------------------------------------
  slack (MET)                                                      0.0003


  Startpoint: DP_i_mem_access_i_rd_out_reg_i_Y_reg_3_
              (rising edge-triggered flip-flop clocked by CLK)
  Endpoint: CP_i_hazard_unit_i_G_scoreboard_reg_20__0_
            (rising edge-triggered flip-flop clocked by CLK)
  Path Group: REG2REG
  Path Type: max

  Des/Clust/Port     Wire Load Model       Library
  ------------------------------------------------
  DLX                5K_hvratio_1_4        NangateOpenCellLibrary

  Point                                                   Incr       Path
  --------------------------------------------------------------------------
  clock CLK (rise edge)                                 0.0000     0.0000
  clock network delay (ideal)                           0.0500     0.0500
  DP_i_mem_access_i_rd_out_reg_i_Y_reg_3_/CK (DFF_X1)   0.0000     0.0500 r
  DP_i_mem_access_i_rd_out_reg_i_Y_reg_3_/Q (DFF_X1)    0.1301     0.1801 r
  DP_i_decode_i_reg_file_i/addr_w[3] (register_file)    0.0000     0.1801 r
  DP_i_decode_i_reg_file_i/U245/ZN (INV_X1)             0.0546     0.2348 f
  DP_i_decode_i_reg_file_i/U108/ZN (OR2_X1)             0.0636     0.2983 f
  DP_i_decode_i_reg_file_i/U274/ZN (NAND2_X1)           0.0315     0.3298 r
  DP_i_decode_i_reg_file_i/U23/ZN (NOR2_X1)             0.0295     0.3593 f
  DP_i_decode_i_reg_file_i/U306/ZN (NOR2_X1)            0.0514     0.4107 r
  DP_i_decode_i_reg_file_i/U307/ZN (NAND2_X1)           0.0457     0.4564 f
  DP_i_decode_i_reg_file_i/U16/ZN (NOR2_X1)             0.1734     0.6298 r
  DP_i_decode_i_reg_file_i/U412/Z (BUF_X2)              0.1331     0.7629 r
  DP_i_decode_i_reg_file_i/U413/ZN (AOI22_X1)           0.0589     0.8218 f
  DP_i_decode_i_reg_file_i/U97/ZN (AND4_X1)             0.0532     0.8750 f
  DP_i_decode_i_reg_file_i/U426/ZN (NAND4_X1)           0.0362     0.9111 r
  DP_i_decode_i_reg_file_i/output1[0] (register_file)   0.0000     0.9111 r
  U2578/ZN (OAI211_X1)                                  0.0431     0.9542 f
  U1614/ZN (AND2_X1)                                    0.0491     1.0033 f
  U2376/ZN (NAND2_X1)                                   0.0304     1.0338 r
  U827/ZN (AND2_X1)                                     0.0610     1.0948 r
  U801/Z (BUF_X2)                                       0.1303     1.2251 r
  U3827/ZN (NOR2_X1)                                    0.0656     1.2907 f
  U3899/ZN (NAND3_X1)                                   0.0380     1.3286 r
  U3900/ZN (OR2_X1)                                     0.0322     1.3609 r
  U816/ZN (AND2_X1)                                     0.0584     1.4192 r
  U2231/ZN (INV_X1)                                     0.0296     1.4488 f
  U1750/ZN (OR3_X1)                                     0.0731     1.5220 f
  U1748/ZN (NAND4_X1)                                   0.0485     1.5705 r
  U2409/ZN (NAND2_X2)                                   0.0802     1.6507 f
  U2522/ZN (OR3_X4)                                     0.1732     1.8240 f
  U540/ZN (OAI22_X1)                                    0.0878     1.9118 r
  U32/Z (MUX2_X1)                                       0.0502     1.9620 r
  CP_i_hazard_unit_i_G_scoreboard_reg_20__0_/D (DFF_X1)
                                                        0.0110     1.9730 r
  data arrival time                                                1.9730

  clock CLK (rise edge)                                 2.0000     2.0000
  clock network delay (ideal)                           0.0500     2.0500
  clock uncertainty                                    -0.0500     2.0000
  CP_i_hazard_unit_i_G_scoreboard_reg_20__0_/CK (DFF_X1)
                                                        0.0000     2.0000 r
  library setup time                                   -0.0267     1.9733
  data required time                                               1.9733
  --------------------------------------------------------------------------
  data required time                                               1.9733
  data arrival time                                               -1.9730
  --------------------------------------------------------------------------
  slack (MET)                                                      0.0003


  Startpoint: DP_i_mem_access_i_rd_out_reg_i_Y_reg_3_
              (rising edge-triggered flip-flop clocked by CLK)
  Endpoint: CP_i_hazard_unit_i_G_scoreboard_reg_12__0_
            (rising edge-triggered flip-flop clocked by CLK)
  Path Group: REG2REG
  Path Type: max

  Des/Clust/Port     Wire Load Model       Library
  ------------------------------------------------
  DLX                5K_hvratio_1_4        NangateOpenCellLibrary

  Point                                                   Incr       Path
  --------------------------------------------------------------------------
  clock CLK (rise edge)                                 0.0000     0.0000
  clock network delay (ideal)                           0.0500     0.0500
  DP_i_mem_access_i_rd_out_reg_i_Y_reg_3_/CK (DFF_X1)   0.0000     0.0500 r
  DP_i_mem_access_i_rd_out_reg_i_Y_reg_3_/Q (DFF_X1)    0.1301     0.1801 r
  DP_i_decode_i_reg_file_i/addr_w[3] (register_file)    0.0000     0.1801 r
  DP_i_decode_i_reg_file_i/U245/ZN (INV_X1)             0.0546     0.2348 f
  DP_i_decode_i_reg_file_i/U108/ZN (OR2_X1)             0.0636     0.2983 f
  DP_i_decode_i_reg_file_i/U274/ZN (NAND2_X1)           0.0315     0.3298 r
  DP_i_decode_i_reg_file_i/U23/ZN (NOR2_X1)             0.0295     0.3593 f
  DP_i_decode_i_reg_file_i/U306/ZN (NOR2_X1)            0.0514     0.4107 r
  DP_i_decode_i_reg_file_i/U307/ZN (NAND2_X1)           0.0457     0.4564 f
  DP_i_decode_i_reg_file_i/U16/ZN (NOR2_X1)             0.1734     0.6298 r
  DP_i_decode_i_reg_file_i/U412/Z (BUF_X2)              0.1331     0.7629 r
  DP_i_decode_i_reg_file_i/U413/ZN (AOI22_X1)           0.0589     0.8218 f
  DP_i_decode_i_reg_file_i/U97/ZN (AND4_X1)             0.0532     0.8750 f
  DP_i_decode_i_reg_file_i/U426/ZN (NAND4_X1)           0.0362     0.9111 r
  DP_i_decode_i_reg_file_i/output1[0] (register_file)   0.0000     0.9111 r
  U2578/ZN (OAI211_X1)                                  0.0431     0.9542 f
  U1614/ZN (AND2_X1)                                    0.0491     1.0033 f
  U2376/ZN (NAND2_X1)                                   0.0304     1.0338 r
  U827/ZN (AND2_X1)                                     0.0610     1.0948 r
  U801/Z (BUF_X2)                                       0.1303     1.2251 r
  U3827/ZN (NOR2_X1)                                    0.0656     1.2907 f
  U3899/ZN (NAND3_X1)                                   0.0380     1.3286 r
  U3900/ZN (OR2_X1)                                     0.0322     1.3609 r
  U816/ZN (AND2_X1)                                     0.0584     1.4192 r
  U2231/ZN (INV_X1)                                     0.0296     1.4488 f
  U1750/ZN (OR3_X1)                                     0.0731     1.5220 f
  U1748/ZN (NAND4_X1)                                   0.0485     1.5705 r
  U2409/ZN (NAND2_X2)                                   0.0802     1.6507 f
  U2522/ZN (OR3_X4)                                     0.1732     1.8240 f
  U490/ZN (OAI22_X1)                                    0.0878     1.9118 r
  U48/Z (MUX2_X1)                                       0.0502     1.9620 r
  CP_i_hazard_unit_i_G_scoreboard_reg_12__0_/D (DFF_X1)
                                                        0.0110     1.9730 r
  data arrival time                                                1.9730

  clock CLK (rise edge)                                 2.0000     2.0000
  clock network delay (ideal)                           0.0500     2.0500
  clock uncertainty                                    -0.0500     2.0000
  CP_i_hazard_unit_i_G_scoreboard_reg_12__0_/CK (DFF_X1)
                                                        0.0000     2.0000 r
  library setup time                                   -0.0267     1.9733
  data required time                                               1.9733
  --------------------------------------------------------------------------
  data required time                                               1.9733
  data arrival time                                               -1.9730
  --------------------------------------------------------------------------
  slack (MET)                                                      0.0003


  Startpoint: DP_i_mem_access_i_rd_out_reg_i_Y_reg_3_
              (rising edge-triggered flip-flop clocked by CLK)
  Endpoint: CP_i_hazard_unit_i_G_scoreboard_reg_12__0_
            (rising edge-triggered flip-flop clocked by CLK)
  Path Group: REG2REG
  Path Type: max

  Des/Clust/Port     Wire Load Model       Library
  ------------------------------------------------
  DLX                5K_hvratio_1_4        NangateOpenCellLibrary

  Point                                                   Incr       Path
  --------------------------------------------------------------------------
  clock CLK (rise edge)                                 0.0000     0.0000
  clock network delay (ideal)                           0.0500     0.0500
  DP_i_mem_access_i_rd_out_reg_i_Y_reg_3_/CK (DFF_X1)   0.0000     0.0500 r
  DP_i_mem_access_i_rd_out_reg_i_Y_reg_3_/Q (DFF_X1)    0.1301     0.1801 r
  DP_i_decode_i_reg_file_i/addr_w[3] (register_file)    0.0000     0.1801 r
  DP_i_decode_i_reg_file_i/U245/ZN (INV_X1)             0.0546     0.2348 f
  DP_i_decode_i_reg_file_i/U108/ZN (OR2_X1)             0.0636     0.2983 f
  DP_i_decode_i_reg_file_i/U274/ZN (NAND2_X1)           0.0315     0.3298 r
  DP_i_decode_i_reg_file_i/U23/ZN (NOR2_X1)             0.0295     0.3593 f
  DP_i_decode_i_reg_file_i/U306/ZN (NOR2_X1)            0.0514     0.4107 r
  DP_i_decode_i_reg_file_i/U307/ZN (NAND2_X1)           0.0457     0.4564 f
  DP_i_decode_i_reg_file_i/U16/ZN (NOR2_X1)             0.1734     0.6298 r
  DP_i_decode_i_reg_file_i/U412/Z (BUF_X2)              0.1331     0.7629 r
  DP_i_decode_i_reg_file_i/U413/ZN (AOI22_X1)           0.0589     0.8218 f
  DP_i_decode_i_reg_file_i/U97/ZN (AND4_X1)             0.0532     0.8750 f
  DP_i_decode_i_reg_file_i/U426/ZN (NAND4_X1)           0.0362     0.9111 r
  DP_i_decode_i_reg_file_i/output1[0] (register_file)   0.0000     0.9111 r
  U2578/ZN (OAI211_X1)                                  0.0431     0.9542 f
  U1614/ZN (AND2_X1)                                    0.0491     1.0033 f
  U2376/ZN (NAND2_X1)                                   0.0304     1.0338 r
  U827/ZN (AND2_X1)                                     0.0610     1.0948 r
  U801/Z (BUF_X2)                                       0.1303     1.2251 r
  U3827/ZN (NOR2_X1)                                    0.0656     1.2907 f
  U3899/ZN (NAND3_X1)                                   0.0380     1.3286 r
  U3900/ZN (OR2_X1)                                     0.0322     1.3609 r
  U816/ZN (AND2_X1)                                     0.0584     1.4192 r
  U2231/ZN (INV_X1)                                     0.0296     1.4488 f
  U1750/ZN (OR3_X1)                                     0.0731     1.5220 f
  U1748/ZN (NAND4_X1)                                   0.0485     1.5705 r
  U2409/ZN (NAND2_X2)                                   0.0802     1.6507 f
  U2522/ZN (OR3_X4)                                     0.1732     1.8240 f
  U490/ZN (OAI22_X1)                                    0.0878     1.9118 r
  U48/Z (MUX2_X1)                                       0.0502     1.9620 r
  CP_i_hazard_unit_i_G_scoreboard_reg_12__0_/D (DFF_X1)
                                                        0.0110     1.9730 r
  data arrival time                                                1.9730

  clock CLK (rise edge)                                 2.0000     2.0000
  clock network delay (ideal)                           0.0500     2.0500
  clock uncertainty                                    -0.0500     2.0000
  CP_i_hazard_unit_i_G_scoreboard_reg_12__0_/CK (DFF_X1)
                                                        0.0000     2.0000 r
  library setup time                                   -0.0267     1.9733
  data required time                                               1.9733
  --------------------------------------------------------------------------
  data required time                                               1.9733
  data arrival time                                               -1.9730
  --------------------------------------------------------------------------
  slack (MET)                                                      0.0003


  Startpoint: DP_i_mem_access_i_rd_out_reg_i_Y_reg_3_
              (rising edge-triggered flip-flop clocked by CLK)
  Endpoint: CP_i_hazard_unit_i_G_scoreboard_reg_4__0_
            (rising edge-triggered flip-flop clocked by CLK)
  Path Group: REG2REG
  Path Type: max

  Des/Clust/Port     Wire Load Model       Library
  ------------------------------------------------
  DLX                5K_hvratio_1_4        NangateOpenCellLibrary

  Point                                                   Incr       Path
  --------------------------------------------------------------------------
  clock CLK (rise edge)                                 0.0000     0.0000
  clock network delay (ideal)                           0.0500     0.0500
  DP_i_mem_access_i_rd_out_reg_i_Y_reg_3_/CK (DFF_X1)   0.0000     0.0500 r
  DP_i_mem_access_i_rd_out_reg_i_Y_reg_3_/Q (DFF_X1)    0.1301     0.1801 r
  DP_i_decode_i_reg_file_i/addr_w[3] (register_file)    0.0000     0.1801 r
  DP_i_decode_i_reg_file_i/U245/ZN (INV_X1)             0.0546     0.2348 f
  DP_i_decode_i_reg_file_i/U108/ZN (OR2_X1)             0.0636     0.2983 f
  DP_i_decode_i_reg_file_i/U274/ZN (NAND2_X1)           0.0315     0.3298 r
  DP_i_decode_i_reg_file_i/U23/ZN (NOR2_X1)             0.0295     0.3593 f
  DP_i_decode_i_reg_file_i/U306/ZN (NOR2_X1)            0.0514     0.4107 r
  DP_i_decode_i_reg_file_i/U307/ZN (NAND2_X1)           0.0457     0.4564 f
  DP_i_decode_i_reg_file_i/U16/ZN (NOR2_X1)             0.1734     0.6298 r
  DP_i_decode_i_reg_file_i/U412/Z (BUF_X2)              0.1331     0.7629 r
  DP_i_decode_i_reg_file_i/U413/ZN (AOI22_X1)           0.0589     0.8218 f
  DP_i_decode_i_reg_file_i/U97/ZN (AND4_X1)             0.0532     0.8750 f
  DP_i_decode_i_reg_file_i/U426/ZN (NAND4_X1)           0.0362     0.9111 r
  DP_i_decode_i_reg_file_i/output1[0] (register_file)   0.0000     0.9111 r
  U2578/ZN (OAI211_X1)                                  0.0431     0.9542 f
  U1614/ZN (AND2_X1)                                    0.0491     1.0033 f
  U2376/ZN (NAND2_X1)                                   0.0304     1.0338 r
  U827/ZN (AND2_X1)                                     0.0610     1.0948 r
  U801/Z (BUF_X2)                                       0.1303     1.2251 r
  U3827/ZN (NOR2_X1)                                    0.0656     1.2907 f
  U3899/ZN (NAND3_X1)                                   0.0380     1.3286 r
  U3900/ZN (OR2_X1)                                     0.0322     1.3609 r
  U816/ZN (AND2_X1)                                     0.0584     1.4192 r
  U2231/ZN (INV_X1)                                     0.0296     1.4488 f
  U1750/ZN (OR3_X1)                                     0.0731     1.5220 f
  U1748/ZN (NAND4_X1)                                   0.0485     1.5705 r
  U2409/ZN (NAND2_X2)                                   0.0802     1.6507 f
  U2522/ZN (OR3_X4)                                     0.1732     1.8240 f
  U436/ZN (OAI22_X1)                                    0.0878     1.9118 r
  U64/Z (MUX2_X1)                                       0.0502     1.9620 r
  CP_i_hazard_unit_i_G_scoreboard_reg_4__0_/D (DFF_X1)
                                                        0.0110     1.9730 r
  data arrival time                                                1.9730

  clock CLK (rise edge)                                 2.0000     2.0000
  clock network delay (ideal)                           0.0500     2.0500
  clock uncertainty                                    -0.0500     2.0000
  CP_i_hazard_unit_i_G_scoreboard_reg_4__0_/CK (DFF_X1)
                                                        0.0000     2.0000 r
  library setup time                                   -0.0267     1.9733
  data required time                                               1.9733
  --------------------------------------------------------------------------
  data required time                                               1.9733
  data arrival time                                               -1.9730
  --------------------------------------------------------------------------
  slack (MET)                                                      0.0003


  Startpoint: DP_i_mem_access_i_rd_out_reg_i_Y_reg_3_
              (rising edge-triggered flip-flop clocked by CLK)
  Endpoint: CP_i_hazard_unit_i_G_scoreboard_reg_4__0_
            (rising edge-triggered flip-flop clocked by CLK)
  Path Group: REG2REG
  Path Type: max

  Des/Clust/Port     Wire Load Model       Library
  ------------------------------------------------
  DLX                5K_hvratio_1_4        NangateOpenCellLibrary

  Point                                                   Incr       Path
  --------------------------------------------------------------------------
  clock CLK (rise edge)                                 0.0000     0.0000
  clock network delay (ideal)                           0.0500     0.0500
  DP_i_mem_access_i_rd_out_reg_i_Y_reg_3_/CK (DFF_X1)   0.0000     0.0500 r
  DP_i_mem_access_i_rd_out_reg_i_Y_reg_3_/Q (DFF_X1)    0.1301     0.1801 r
  DP_i_decode_i_reg_file_i/addr_w[3] (register_file)    0.0000     0.1801 r
  DP_i_decode_i_reg_file_i/U245/ZN (INV_X1)             0.0546     0.2348 f
  DP_i_decode_i_reg_file_i/U108/ZN (OR2_X1)             0.0636     0.2983 f
  DP_i_decode_i_reg_file_i/U274/ZN (NAND2_X1)           0.0315     0.3298 r
  DP_i_decode_i_reg_file_i/U23/ZN (NOR2_X1)             0.0295     0.3593 f
  DP_i_decode_i_reg_file_i/U306/ZN (NOR2_X1)            0.0514     0.4107 r
  DP_i_decode_i_reg_file_i/U307/ZN (NAND2_X1)           0.0457     0.4564 f
  DP_i_decode_i_reg_file_i/U16/ZN (NOR2_X1)             0.1734     0.6298 r
  DP_i_decode_i_reg_file_i/U412/Z (BUF_X2)              0.1331     0.7629 r
  DP_i_decode_i_reg_file_i/U413/ZN (AOI22_X1)           0.0589     0.8218 f
  DP_i_decode_i_reg_file_i/U97/ZN (AND4_X1)             0.0532     0.8750 f
  DP_i_decode_i_reg_file_i/U426/ZN (NAND4_X1)           0.0362     0.9111 r
  DP_i_decode_i_reg_file_i/output1[0] (register_file)   0.0000     0.9111 r
  U2578/ZN (OAI211_X1)                                  0.0431     0.9542 f
  U1614/ZN (AND2_X1)                                    0.0491     1.0033 f
  U2376/ZN (NAND2_X1)                                   0.0304     1.0338 r
  U827/ZN (AND2_X1)                                     0.0610     1.0948 r
  U801/Z (BUF_X2)                                       0.1303     1.2251 r
  U3827/ZN (NOR2_X1)                                    0.0656     1.2907 f
  U3899/ZN (NAND3_X1)                                   0.0380     1.3286 r
  U3900/ZN (OR2_X1)                                     0.0322     1.3609 r
  U816/ZN (AND2_X1)                                     0.0584     1.4192 r
  U2231/ZN (INV_X1)                                     0.0296     1.4488 f
  U1750/ZN (OR3_X1)                                     0.0731     1.5220 f
  U1748/ZN (NAND4_X1)                                   0.0485     1.5705 r
  U2409/ZN (NAND2_X2)                                   0.0802     1.6507 f
  U2522/ZN (OR3_X4)                                     0.1732     1.8240 f
  U436/ZN (OAI22_X1)                                    0.0878     1.9118 r
  U64/Z (MUX2_X1)                                       0.0502     1.9620 r
  CP_i_hazard_unit_i_G_scoreboard_reg_4__0_/D (DFF_X1)
                                                        0.0110     1.9730 r
  data arrival time                                                1.9730

  clock CLK (rise edge)                                 2.0000     2.0000
  clock network delay (ideal)                           0.0500     2.0500
  clock uncertainty                                    -0.0500     2.0000
  CP_i_hazard_unit_i_G_scoreboard_reg_4__0_/CK (DFF_X1)
                                                        0.0000     2.0000 r
  library setup time                                   -0.0267     1.9733
  data required time                                               1.9733
  --------------------------------------------------------------------------
  data required time                                               1.9733
  data arrival time                                               -1.9730
  --------------------------------------------------------------------------
  slack (MET)                                                      0.0003


1
