 
****************************************
Report : qor
Design : DLX
Version: W-2024.09-SP2
Date   : Tue Sep 29 12:05:47 2026
****************************************


  Timing Path Group 'REG2REG'
  -----------------------------------
  Levels of Logic:              31.00
  Critical Path Length:          1.51
  Critical Path Slack:          -0.34
  Critical Path Clk Period:      1.25
  Total Negative Slack:        -85.43
  No. of Violating Paths:      548.00
  Worst Hold Violation:          0.00
  Total Hold Violation:          0.00
  No. of Hold Violations:        0.00
  -----------------------------------

  Timing Path Group 'CLK'
  -----------------------------------
  Levels of Logic:              26.00
  Critical Path Length:          1.38
  Critical Path Slack:          -0.25
  Critical Path Clk Period:      1.25
  Total Negative Slack:         -8.08
  No. of Violating Paths:       35.00
  Worst Hold Violation:          0.00
  Total Hold Violation:          0.00
  No. of Hold Violations:        0.00
  -----------------------------------

  Timing Path Group 'INPUTS'
  -----------------------------------
  Levels of Logic:              12.00
  Critical Path Length:          0.79
  Critical Path Slack:           0.26
  Critical Path Clk Period:      1.25
  Total Negative Slack:          0.00
  No. of Violating Paths:        0.00
  Worst Hold Violation:          0.00
  Total Hold Violation:          0.00
  No. of Hold Violations:        0.00
  -----------------------------------

  Timing Path Group 'OUTPUTS'
  -----------------------------------
  Levels of Logic:              21.00
  Critical Path Length:          1.15
  Critical Path Slack:          -0.07
  Critical Path Clk Period:      1.25
  Total Negative Slack:         -0.07
  No. of Violating Paths:        1.00
  Worst Hold Violation:          0.00
  Total Hold Violation:          0.00
  No. of Hold Violations:        0.00
  -----------------------------------


  Cell Count
  -----------------------------------
  Hierarchical Cell Count:         73
  Hierarchical Port Count:        406
  Leaf Cell Count:              15129
  Buf/Inv Cell Count:            1699
  Buf Cell Count:                 302
  Inv Cell Count:                1397
  CT Buf/Inv Cell Count:            0
  Combinational Cell Count:     12286
  Sequential Cell Count:         2843
  Macro Count:                      0
  -----------------------------------


  Area
  -----------------------------------
  Combinational Area:    13568.128022
  Noncombinational Area: 12917.225551
  Buf/Inv Area:           1066.128002
  Total Buffer Area:           292.07
  Total Inverter Area:         774.06
  Macro/Black Box Area:      0.000000
  Net Area:                  0.000000
  -----------------------------------
  Cell Area:             26485.353573
  Design Area:           26485.353573


  Design Rules
  -----------------------------------
  Total Number of Nets:         15636
  Nets With Violations:             2
  Max Trans Violations:             1
  Max Cap Violations:               2
  -----------------------------------


  Hostname: microsys.openstack.polito

  Compile CPU Statistics
  -----------------------------------------
  Resource Sharing:                    0.01
  Logic Optimization:                  0.64
  Mapping Optimization:               25.25
  -----------------------------------------
  Overall Compile Time:               43.22
  Overall Compile Wall Clock Time:    44.13

  --------------------------------------------------------------------

  Design  WNS: 0.34  TNS: 93.59  Number of Violating Paths: 584


  Design (Hold)  WNS: 0.00  TNS: 0.00  Number of Violating Paths: 0

  --------------------------------------------------------------------


1
