 
****************************************
Report : qor
Design : DLX
Version: W-2024.09-SP2
Date   : Sun Sep 27 03:14:26 2026
****************************************


  Timing Path Group 'REG2REG'
  -----------------------------------
  Levels of Logic:              32.00
  Critical Path Length:          1.57
  Critical Path Slack:          -0.24
  Critical Path Clk Period:      1.40
  Total Negative Slack:        -52.18
  No. of Violating Paths:      363.00
  Worst Hold Violation:          0.00
  Total Hold Violation:          0.00
  No. of Hold Violations:        0.00
  -----------------------------------

  Timing Path Group 'CLK'
  -----------------------------------
  Levels of Logic:              26.00
  Critical Path Length:          1.34
  Critical Path Slack:          -0.07
  Critical Path Clk Period:      1.40
  Total Negative Slack:         -1.65
  No. of Violating Paths:       35.00
  Worst Hold Violation:          0.00
  Total Hold Violation:          0.00
  No. of Hold Violations:        0.00
  -----------------------------------

  Timing Path Group 'INPUTS'
  -----------------------------------
  Levels of Logic:              10.00
  Critical Path Length:          0.70
  Critical Path Slack:           0.48
  Critical Path Clk Period:      1.40
  Total Negative Slack:          0.00
  No. of Violating Paths:        0.00
  Worst Hold Violation:          0.00
  Total Hold Violation:          0.00
  No. of Hold Violations:        0.00
  -----------------------------------

  Timing Path Group 'OUTPUTS'
  -----------------------------------
  Levels of Logic:              23.00
  Critical Path Length:          1.18
  Critical Path Slack:           0.03
  Critical Path Clk Period:      1.40
  Total Negative Slack:          0.00
  No. of Violating Paths:        0.00
  Worst Hold Violation:          0.00
  Total Hold Violation:          0.00
  No. of Hold Violations:        0.00
  -----------------------------------


  Cell Count
  -----------------------------------
  Hierarchical Cell Count:         73
  Hierarchical Port Count:        406
  Leaf Cell Count:              15447
  Buf/Inv Cell Count:            1590
  Buf Cell Count:                 222
  Inv Cell Count:                1368
  CT Buf/Inv Cell Count:            0
  Combinational Cell Count:     12604
  Sequential Cell Count:         2843
  Macro Count:                      0
  -----------------------------------


  Area
  -----------------------------------
  Combinational Area:    13726.930008
  Noncombinational Area: 12900.201549
  Buf/Inv Area:            976.752005
  Total Buffer Area:           241.53
  Total Inverter Area:         735.22
  Macro/Black Box Area:      0.000000
  Net Area:                  0.000000
  -----------------------------------
  Cell Area:             26627.131556
  Design Area:           26627.131556


  Design Rules
  -----------------------------------
  Total Number of Nets:         16130
  Nets With Violations:             4
  Max Trans Violations:             1
  Max Cap Violations:               4
  -----------------------------------


  Hostname: microsys.openstack.polito

  Compile CPU Statistics
  -----------------------------------------
  Resource Sharing:                    0.01
  Logic Optimization:                  0.71
  Mapping Optimization:               20.22
  -----------------------------------------
  Overall Compile Time:               37.82
  Overall Compile Wall Clock Time:    38.57

  --------------------------------------------------------------------

  Design  WNS: 0.24  TNS: 53.84  Number of Violating Paths: 398


  Design (Hold)  WNS: 0.00  TNS: 0.00  Number of Violating Paths: 0

  --------------------------------------------------------------------


1
