 
****************************************
Report : qor
Design : DLX
Version: W-2024.09-SP2
Date   : Tue Sep 29 12:20:00 2026
****************************************


  Timing Path Group 'REG2REG'
  -----------------------------------
  Levels of Logic:              26.00
  Critical Path Length:          1.48
  Critical Path Slack:          -0.01
  Critical Path Clk Period:      1.55
  Total Negative Slack:         -0.37
  No. of Violating Paths:      112.00
  Worst Hold Violation:          0.00
  Total Hold Violation:          0.00
  No. of Hold Violations:        0.00
  -----------------------------------

  Timing Path Group 'CLK'
  -----------------------------------
  Levels of Logic:              27.00
  Critical Path Length:          1.42
  Critical Path Slack:           0.01
  Critical Path Clk Period:      1.55
  Total Negative Slack:          0.00
  No. of Violating Paths:        0.00
  Worst Hold Violation:          0.00
  Total Hold Violation:          0.00
  No. of Hold Violations:        0.00
  -----------------------------------

  Timing Path Group 'INPUTS'
  -----------------------------------
  Levels of Logic:              13.00
  Critical Path Length:          0.85
  Critical Path Slack:           0.47
  Critical Path Clk Period:      1.55
  Total Negative Slack:          0.00
  No. of Violating Paths:        0.00
  Worst Hold Violation:          0.00
  Total Hold Violation:          0.00
  No. of Hold Violations:        0.00
  -----------------------------------

  Timing Path Group 'OUTPUTS'
  -----------------------------------
  Levels of Logic:              24.00
  Critical Path Length:          1.20
  Critical Path Slack:           0.15
  Critical Path Clk Period:      1.55
  Total Negative Slack:          0.00
  No. of Violating Paths:        0.00
  Worst Hold Violation:          0.00
  Total Hold Violation:          0.00
  No. of Hold Violations:        0.00
  -----------------------------------


  Cell Count
  -----------------------------------
  Hierarchical Cell Count:         73
  Hierarchical Port Count:        406
  Leaf Cell Count:              14897
  Buf/Inv Cell Count:            1617
  Buf Cell Count:                 382
  Inv Cell Count:                1235
  CT Buf/Inv Cell Count:            0
  Combinational Cell Count:     12054
  Sequential Cell Count:         2843
  Macro Count:                      0
  -----------------------------------


  Area
  -----------------------------------
  Combinational Area:    13249.726033
  Noncombinational Area: 12894.881548
  Buf/Inv Area:           1070.118003
  Total Buffer Area:           404.32
  Total Inverter Area:         665.80
  Macro/Black Box Area:      0.000000
  Net Area:                  0.000000
  -----------------------------------
  Cell Area:             26144.607581
  Design Area:           26144.607581


  Design Rules
  -----------------------------------
  Total Number of Nets:         15184
  Nets With Violations:             3
  Max Trans Violations:             0
  Max Cap Violations:               3
  -----------------------------------


  Hostname: microsys.openstack.polito

  Compile CPU Statistics
  -----------------------------------------
  Resource Sharing:                    0.01
  Logic Optimization:                  0.62
  Mapping Optimization:               25.23
  -----------------------------------------
  Overall Compile Time:               43.71
  Overall Compile Wall Clock Time:    44.47

  --------------------------------------------------------------------

  Design  WNS: 0.01  TNS: 0.37  Number of Violating Paths: 112


  Design (Hold)  WNS: 0.00  TNS: 0.00  Number of Violating Paths: 0

  --------------------------------------------------------------------


1
