 
****************************************
Report : qor
Design : DLX
Version: W-2024.09-SP2
Date   : Tue Sep 29 12:10:38 2026
****************************************


  Timing Path Group 'REG2REG'
  -----------------------------------
  Levels of Logic:              28.00
  Critical Path Length:          1.52
  Critical Path Slack:          -0.25
  Critical Path Clk Period:      1.35
  Total Negative Slack:        -52.90
  No. of Violating Paths:      315.00
  Worst Hold Violation:          0.00
  Total Hold Violation:          0.00
  No. of Hold Violations:        0.00
  -----------------------------------

  Timing Path Group 'CLK'
  -----------------------------------
  Levels of Logic:              27.00
  Critical Path Length:          1.41
  Critical Path Slack:          -0.18
  Critical Path Clk Period:      1.35
  Total Negative Slack:         -5.84
  No. of Violating Paths:       35.00
  Worst Hold Violation:          0.00
  Total Hold Violation:          0.00
  No. of Hold Violations:        0.00
  -----------------------------------

  Timing Path Group 'INPUTS'
  -----------------------------------
  Levels of Logic:              16.00
  Critical Path Length:          1.02
  Critical Path Slack:           0.12
  Critical Path Clk Period:      1.35
  Total Negative Slack:          0.00
  No. of Violating Paths:        0.00
  Worst Hold Violation:          0.00
  Total Hold Violation:          0.00
  No. of Hold Violations:        0.00
  -----------------------------------

  Timing Path Group 'OUTPUTS'
  -----------------------------------
  Levels of Logic:              22.00
  Critical Path Length:          1.18
  Critical Path Slack:          -0.02
  Critical Path Clk Period:      1.35
  Total Negative Slack:         -0.02
  No. of Violating Paths:        1.00
  Worst Hold Violation:          0.00
  Total Hold Violation:          0.00
  No. of Hold Violations:        0.00
  -----------------------------------


  Cell Count
  -----------------------------------
  Hierarchical Cell Count:         72
  Hierarchical Port Count:        288
  Leaf Cell Count:              15081
  Buf/Inv Cell Count:            1687
  Buf Cell Count:                 258
  Inv Cell Count:                1429
  CT Buf/Inv Cell Count:            0
  Combinational Cell Count:     12238
  Sequential Cell Count:         2843
  Macro Count:                      0
  -----------------------------------


  Area
  -----------------------------------
  Combinational Area:    13570.256026
  Noncombinational Area: 12898.605548
  Buf/Inv Area:           1036.602004
  Total Buffer Area:           267.33
  Total Inverter Area:         769.27
  Macro/Black Box Area:      0.000000
  Net Area:                  0.000000
  -----------------------------------
  Cell Area:             26468.861575
  Design Area:           26468.861575


  Design Rules
  -----------------------------------
  Total Number of Nets:         15472
  Nets With Violations:             5
  Max Trans Violations:             1
  Max Cap Violations:               5
  -----------------------------------


  Hostname: microsys.openstack.polito

  Compile CPU Statistics
  -----------------------------------------
  Resource Sharing:                    0.01
  Logic Optimization:                  0.59
  Mapping Optimization:               26.30
  -----------------------------------------
  Overall Compile Time:               42.91
  Overall Compile Wall Clock Time:    43.50

  --------------------------------------------------------------------

  Design  WNS: 0.25  TNS: 58.76  Number of Violating Paths: 351


  Design (Hold)  WNS: 0.00  TNS: 0.00  Number of Violating Paths: 0

  --------------------------------------------------------------------


1
