 
****************************************
Report : qor
Design : DLX
Version: W-2024.09-SP2
Date   : Tue Sep 29 11:55:41 2026
****************************************


  Timing Path Group 'REG2REG'
  -----------------------------------
  Levels of Logic:              22.00
  Critical Path Length:          1.40
  Critical Path Slack:          -0.42
  Critical Path Clk Period:      1.05
  Total Negative Slack:       -193.32
  No. of Violating Paths:      891.00
  Worst Hold Violation:          0.00
  Total Hold Violation:          0.00
  No. of Hold Violations:        0.00
  -----------------------------------

  Timing Path Group 'CLK'
  -----------------------------------
  Levels of Logic:              22.00
  Critical Path Length:          1.18
  Critical Path Slack:          -0.25
  Critical Path Clk Period:      1.05
  Total Negative Slack:         -8.21
  No. of Violating Paths:       35.00
  Worst Hold Violation:          0.00
  Total Hold Violation:          0.00
  No. of Hold Violations:        0.00
  -----------------------------------

  Timing Path Group 'INPUTS'
  -----------------------------------
  Levels of Logic:              12.00
  Critical Path Length:          0.81
  Critical Path Slack:           0.06
  Critical Path Clk Period:      1.05
  Total Negative Slack:          0.00
  No. of Violating Paths:        0.00
  Worst Hold Violation:          0.00
  Total Hold Violation:          0.00
  No. of Hold Violations:        0.00
  -----------------------------------

  Timing Path Group 'OUTPUTS'
  -----------------------------------
  Levels of Logic:              19.00
  Critical Path Length:          1.02
  Critical Path Slack:          -0.13
  Critical Path Clk Period:      1.05
  Total Negative Slack:         -0.48
  No. of Violating Paths:       12.00
  Worst Hold Violation:          0.00
  Total Hold Violation:          0.00
  No. of Hold Violations:        0.00
  -----------------------------------


  Cell Count
  -----------------------------------
  Hierarchical Cell Count:         72
  Hierarchical Port Count:        288
  Leaf Cell Count:              14870
  Buf/Inv Cell Count:            1535
  Buf Cell Count:                 427
  Inv Cell Count:                1108
  CT Buf/Inv Cell Count:            0
  Combinational Cell Count:     12027
  Sequential Cell Count:         2843
  Macro Count:                      0
  -----------------------------------


  Area
  -----------------------------------
  Combinational Area:    13717.620018
  Noncombinational Area: 12961.913556
  Buf/Inv Area:           1079.428002
  Total Buffer Area:           455.92
  Total Inverter Area:         623.50
  Macro/Black Box Area:      0.000000
  Net Area:                  0.000000
  -----------------------------------
  Cell Area:             26679.533574
  Design Area:           26679.533574


  Design Rules
  -----------------------------------
  Total Number of Nets:         15243
  Nets With Violations:             3
  Max Trans Violations:             0
  Max Cap Violations:               3
  -----------------------------------


  Hostname: microsys.openstack.polito

  Compile CPU Statistics
  -----------------------------------------
  Resource Sharing:                    0.01
  Logic Optimization:                  0.57
  Mapping Optimization:               63.00
  -----------------------------------------
  Overall Compile Time:               81.51
  Overall Compile Wall Clock Time:    82.36

  --------------------------------------------------------------------

  Design  WNS: 0.42  TNS: 202.01  Number of Violating Paths: 938


  Design (Hold)  WNS: 0.00  TNS: 0.00  Number of Violating Paths: 0

  --------------------------------------------------------------------


1
