 
****************************************
Report : qor
Design : DLX
Version: W-2024.09-SP2
Date   : Sun Sep 27 03:19:10 2026
****************************************


  Timing Path Group 'REG2REG'
  -----------------------------------
  Levels of Logic:              31.00
  Critical Path Length:          1.52
  Critical Path Slack:          -0.10
  Critical Path Clk Period:      1.50
  Total Negative Slack:        -16.55
  No. of Violating Paths:      240.00
  Worst Hold Violation:          0.00
  Total Hold Violation:          0.00
  No. of Hold Violations:        0.00
  -----------------------------------

  Timing Path Group 'CLK'
  -----------------------------------
  Levels of Logic:              29.00
  Critical Path Length:          1.42
  Critical Path Slack:          -0.04
  Critical Path Clk Period:      1.50
  Total Negative Slack:         -1.08
  No. of Violating Paths:       34.00
  Worst Hold Violation:          0.00
  Total Hold Violation:          0.00
  No. of Hold Violations:        0.00
  -----------------------------------

  Timing Path Group 'INPUTS'
  -----------------------------------
  Levels of Logic:              11.00
  Critical Path Length:          0.73
  Critical Path Slack:           0.55
  Critical Path Clk Period:      1.50
  Total Negative Slack:          0.00
  No. of Violating Paths:        0.00
  Worst Hold Violation:          0.00
  Total Hold Violation:          0.00
  No. of Hold Violations:        0.00
  -----------------------------------

  Timing Path Group 'OUTPUTS'
  -----------------------------------
  Levels of Logic:              26.00
  Critical Path Length:          1.30
  Critical Path Slack:           0.00
  Critical Path Clk Period:      1.50
  Total Negative Slack:          0.00
  No. of Violating Paths:        0.00
  Worst Hold Violation:          0.00
  Total Hold Violation:          0.00
  No. of Hold Violations:        0.00
  -----------------------------------


  Cell Count
  -----------------------------------
  Hierarchical Cell Count:         73
  Hierarchical Port Count:        406
  Leaf Cell Count:              15336
  Buf/Inv Cell Count:            1660
  Buf Cell Count:                 306
  Inv Cell Count:                1354
  CT Buf/Inv Cell Count:            0
  Combinational Cell Count:     12493
  Sequential Cell Count:         2843
  Macro Count:                      0
  -----------------------------------


  Area
  -----------------------------------
  Combinational Area:    13566.532012
  Noncombinational Area: 12942.761554
  Buf/Inv Area:           1025.962002
  Total Buffer Area:           293.93
  Total Inverter Area:         732.03
  Macro/Black Box Area:      0.000000
  Net Area:                  0.000000
  -----------------------------------
  Cell Area:             26509.293566
  Design Area:           26509.293566


  Design Rules
  -----------------------------------
  Total Number of Nets:         15706
  Nets With Violations:             4
  Max Trans Violations:             1
  Max Cap Violations:               4
  -----------------------------------


  Hostname: microsys.openstack.polito

  Compile CPU Statistics
  -----------------------------------------
  Resource Sharing:                    0.01
  Logic Optimization:                  0.67
  Mapping Optimization:               23.97
  -----------------------------------------
  Overall Compile Time:               40.97
  Overall Compile Wall Clock Time:    41.62

  --------------------------------------------------------------------

  Design  WNS: 0.10  TNS: 17.63  Number of Violating Paths: 274


  Design (Hold)  WNS: 0.00  TNS: 0.00  Number of Violating Paths: 0

  --------------------------------------------------------------------


1
