 
****************************************
Report : timing
        -path full
        -delay max
        -nworst 2
        -group REG2REG
        -max_paths 10
Design : DLX
Version: W-2024.09-SP2
Date   : Tue Sep 29 12:20:02 2026
****************************************

Operating Conditions: typical   Library: NangateOpenCellLibrary
Wire Load Model Mode: top

  Startpoint: DP_i_execute_i_boothmul_i_tree_i_register_i_1_Y_temp_reg_9_
              (rising edge-triggered flip-flop clocked by CLK)
  Endpoint: DP_i_execute_i_zero_alu_bit_Y_reg
            (rising edge-triggered flip-flop clocked by CLK)
  Path Group: REG2REG
  Path Type: max

  Des/Clust/Port     Wire Load Model       Library
  ------------------------------------------------
  DLX                5K_hvratio_1_4        NangateOpenCellLibrary

  Point                                                   Incr       Path
  --------------------------------------------------------------------------
  clock CLK (rise edge)                                 0.0000     0.0000
  clock network delay (ideal)                           0.0500     0.0500
  DP_i_execute_i_boothmul_i_tree_i_register_i_1_Y_temp_reg_9_/CK (DFF_X1)
                                                        0.0000     0.0500 r
  DP_i_execute_i_boothmul_i_tree_i_register_i_1_Y_temp_reg_9_/Q (DFF_X1)
                                                        0.1088     0.1588 r
  U965/Z (XOR2_X1)                                      0.0779     0.2368 r
  U1237/ZN (XNOR2_X1)                                   0.0676     0.3044 r
  U1236/ZN (XNOR2_X1)                                   0.0767     0.3811 r
  U5412/Z (XOR2_X1)                                     0.0922     0.4733 r
  U963/ZN (XNOR2_X1)                                    0.0819     0.5552 r
  U859/ZN (AND2_X2)                                     0.0606     0.6158 r
  U1973/ZN (AND2_X1)                                    0.0454     0.6612 r
  U1947/ZN (AND2_X1)                                    0.0419     0.7031 r
  U3678/ZN (NAND2_X1)                                   0.0273     0.7304 f
  U847/ZN (AND3_X2)                                     0.0447     0.7751 f
  U3810/ZN (OAI21_X1)                                   0.0520     0.8271 r
  U828/ZN (AND2_X1)                                     0.0475     0.8746 r
  U4009/ZN (AND2_X1)                                    0.0478     0.9224 r
  U1091/ZN (OAI21_X1)                                   0.0317     0.9541 f
  U3677/ZN (OAI21_X1)                                   0.0588     1.0129 r
  U3871/ZN (NOR2_X1)                                    0.0343     1.0471 f
  U868/ZN (OR2_X2)                                      0.0676     1.1148 f
  U6105/ZN (NAND2_X1)                                   0.0304     1.1452 r
  U6106/ZN (NAND4_X1)                                   0.0461     1.1912 f
  U6107/ZN (AOI21_X1)                                   0.0538     1.2451 r
  U2202/ZN (AND4_X1)                                    0.0658     1.3108 r
  U6128/ZN (NAND2_X1)                                   0.0324     1.3432 f
  U3754/ZN (NOR2_X1)                                    0.0353     1.3786 r
  U3919/ZN (AND4_X1)                                    0.0610     1.4396 r
  U9287/ZN (NAND4_X1)                                   0.0386     1.4782 f
  U9983/ZN (OAI21_X1)                                   0.0418     1.5200 r
  DP_i_execute_i_zero_alu_bit_Y_reg/D (DFF_X2)          0.0109     1.5309 r
  data arrival time                                                1.5309

  clock CLK (rise edge)                                 1.5500     1.5500
  clock network delay (ideal)                           0.0500     1.6000
  clock uncertainty                                    -0.0500     1.5500
  DP_i_execute_i_zero_alu_bit_Y_reg/CK (DFF_X2)         0.0000     1.5500 r
  library setup time                                   -0.0284     1.5216
  data required time                                               1.5216
  --------------------------------------------------------------------------
  data required time                                               1.5216
  data arrival time                                               -1.5309
  --------------------------------------------------------------------------
  slack (VIOLATED)                                                -0.0094


  Startpoint: DP_i_decode_i_rs2_addr_i_Y_reg_0_
              (rising edge-triggered flip-flop clocked by CLK)
  Endpoint: DP_i_execute_i_zero_alu_bit_Y_reg
            (rising edge-triggered flip-flop clocked by CLK)
  Path Group: REG2REG
  Path Type: max

  Des/Clust/Port     Wire Load Model       Library
  ------------------------------------------------
  DLX                5K_hvratio_1_4        NangateOpenCellLibrary

  Point                                                   Incr       Path
  --------------------------------------------------------------------------
  clock CLK (rise edge)                                 0.0000     0.0000
  clock network delay (ideal)                           0.0500     0.0500
  DP_i_decode_i_rs2_addr_i_Y_reg_0_/CK (DFF_X1)         0.0000     0.0500 r
  DP_i_decode_i_rs2_addr_i_Y_reg_0_/Q (DFF_X1)          0.1023     0.1523 r
  U4326/ZN (XNOR2_X1)                                   0.0627     0.2151 r
  U4327/ZN (AND2_X1)                                    0.0461     0.2612 r
  U4328/ZN (NAND4_X1)                                   0.0481     0.3093 f
  U1176/Z (BUF_X1)                                      0.0558     0.3651 f
  U1161/ZN (AND2_X1)                                    0.0506     0.4157 f
  U5088/ZN (AOI222_X1)                                  0.1144     0.5302 r
  U831/Z (MUX2_X2)                                      0.0704     0.6005 r
  U3687/ZN (XNOR2_X1)                                   0.0717     0.6722 r
  U2916/ZN (NAND2_X1)                                   0.0416     0.7138 f
  U3686/ZN (NAND3_X1)                                   0.0424     0.7562 r
  U3684/ZN (NAND4_X1)                                   0.0435     0.7998 f
  U2811/ZN (AND2_X1)                                    0.0445     0.8443 f
  U3443/ZN (NAND3_X1)                                   0.0313     0.8756 r
  U1659/ZN (NAND4_X1)                                   0.0388     0.9144 f
  U1658/ZN (NAND2_X1)                                   0.0363     0.9506 r
  U3481/ZN (NAND2_X1)                                   0.0373     0.9880 f
  U3514/ZN (NAND2_X1)                                   0.0424     1.0303 r
  U2927/ZN (NAND2_X1)                                   0.0364     1.0667 f
  U3594/ZN (NAND2_X1)                                   0.0309     1.0976 r
  U3702/ZN (NAND2_X1)                                   0.0363     1.1340 f
  U2703/ZN (NAND3_X1)                                   0.0361     1.1701 r
  U5870/ZN (NAND2_X1)                                   0.0335     1.2035 f
  U3833/ZN (OAI211_X1)                                  0.0383     1.2418 r
  U3545/ZN (NAND2_X1)                                   0.0286     1.2704 f
  U3513/ZN (AND2_X1)                                    0.0404     1.3107 f
  U2875/Z (MUX2_X1)                                     0.0678     1.3786 f
  U3556/ZN (OAI211_X1)                                  0.0439     1.4224 r
  U3519/ZN (NAND4_X1)                                   0.0471     1.4695 f
  U9983/ZN (OAI21_X1)                                   0.0505     1.5200 r
  DP_i_execute_i_zero_alu_bit_Y_reg/D (DFF_X2)          0.0109     1.5309 r
  data arrival time                                                1.5309

  clock CLK (rise edge)                                 1.5500     1.5500
  clock network delay (ideal)                           0.0500     1.6000
  clock uncertainty                                    -0.0500     1.5500
  DP_i_execute_i_zero_alu_bit_Y_reg/CK (DFF_X2)         0.0000     1.5500 r
  library setup time                                   -0.0284     1.5216
  data required time                                               1.5216
  --------------------------------------------------------------------------
  data required time                                               1.5216
  data arrival time                                               -1.5309
  --------------------------------------------------------------------------
  slack (VIOLATED)                                                -0.0093


  Startpoint: DP_i_decode_i_rs2_addr_i_Y_reg_4_
              (rising edge-triggered flip-flop clocked by CLK)
  Endpoint: DP_i_execute_i_boothmul_i_tree_i_register_i_2_Y_temp_reg_31_
            (rising edge-triggered flip-flop clocked by CLK)
  Path Group: REG2REG
  Path Type: max

  Des/Clust/Port     Wire Load Model       Library
  ------------------------------------------------
  DLX                5K_hvratio_1_4        NangateOpenCellLibrary

  Point                                                   Incr       Path
  --------------------------------------------------------------------------
  clock CLK (rise edge)                                 0.0000     0.0000
  clock network delay (ideal)                           0.0500     0.0500
  DP_i_decode_i_rs2_addr_i_Y_reg_4_/CK (DFF_X1)         0.0000     0.0500 r
  DP_i_decode_i_rs2_addr_i_Y_reg_4_/QN (DFF_X1)         0.0870     0.1370 r
  U1232/ZN (XNOR2_X1)                                   0.0600     0.1970 r
  U4334/ZN (AND2_X1)                                    0.0470     0.2440 r
  U879/ZN (AND4_X2)                                     0.0705     0.3145 r
  U829/ZN (AND2_X1)                                     0.0568     0.3713 r
  U1007/Z (BUF_X2)                                      0.0491     0.4204 r
  U1167/Z (BUF_X2)                                      0.0693     0.4897 r
  U3494/ZN (NAND2_X1)                                   0.0539     0.5437 f
  U1569/ZN (NAND3_X1)                                   0.0343     0.5779 r
  U1223/ZN (AND2_X2)                                    0.0581     0.6361 r
  U3493/ZN (OR2_X1)                                     0.0431     0.6792 r
  U6355/ZN (NAND2_X1)                                   0.0424     0.7216 f
  U3270/ZN (OR2_X1)                                     0.0692     0.7908 f
  U7597/ZN (OAI21_X1)                                   0.0362     0.8270 r
  U3543/ZN (XNOR2_X1)                                   0.0634     0.8905 r
  U3409/ZN (XNOR2_X1)                                   0.0663     0.9568 r
  U3558/ZN (XNOR2_X1)                                   0.0729     1.0297 r
  U2697/ZN (NAND2_X1)                                   0.0357     1.0655 f
  U2700/ZN (NAND3_X1)                                   0.0401     1.1055 r
  U7662/S (FA_X1)                                       0.1185     1.2240 f
  U7663/ZN (XNOR2_X1)                                   0.0631     1.2871 f
  U7664/ZN (XNOR2_X1)                                   0.0621     1.3492 f
  U8863/ZN (NAND2_X1)                                   0.0322     1.3814 r
  U3811/ZN (AND2_X1)                                    0.0422     1.4236 r
  U8866/ZN (XNOR2_X1)                                   0.0557     1.4793 r
  U9284/ZN (AND2_X1)                                    0.0421     1.5214 r
  DP_i_execute_i_boothmul_i_tree_i_register_i_2_Y_temp_reg_31_/D (DFF_X1)
                                                        0.0110     1.5324 r
  data arrival time                                                1.5324

  clock CLK (rise edge)                                 1.5500     1.5500
  clock network delay (ideal)                           0.0500     1.6000
  clock uncertainty                                    -0.0500     1.5500
  DP_i_execute_i_boothmul_i_tree_i_register_i_2_Y_temp_reg_31_/CK (DFF_X1)
                                                        0.0000     1.5500 r
  library setup time                                   -0.0265     1.5235
  data required time                                               1.5235
  --------------------------------------------------------------------------
  data required time                                               1.5235
  data arrival time                                               -1.5324
  --------------------------------------------------------------------------
  slack (VIOLATED)                                                -0.0088


  Startpoint: DP_i_decode_i_rs2_addr_i_Y_reg_0_
              (rising edge-triggered flip-flop clocked by CLK)
  Endpoint: DP_i_execute_i_boothmul_i_tree_i_register_i_2_Y_temp_reg_31_
            (rising edge-triggered flip-flop clocked by CLK)
  Path Group: REG2REG
  Path Type: max

  Des/Clust/Port     Wire Load Model       Library
  ------------------------------------------------
  DLX                5K_hvratio_1_4        NangateOpenCellLibrary

  Point                                                   Incr       Path
  --------------------------------------------------------------------------
  clock CLK (rise edge)                                 0.0000     0.0000
  clock network delay (ideal)                           0.0500     0.0500
  DP_i_decode_i_rs2_addr_i_Y_reg_0_/CK (DFF_X1)         0.0000     0.0500 r
  DP_i_decode_i_rs2_addr_i_Y_reg_0_/Q (DFF_X1)          0.1023     0.1523 r
  U4326/ZN (XNOR2_X1)                                   0.0627     0.2151 r
  U4327/ZN (AND2_X1)                                    0.0461     0.2612 r
  U4328/ZN (NAND4_X1)                                   0.0481     0.3093 f
  U1176/Z (BUF_X1)                                      0.0558     0.3651 f
  U1161/ZN (AND2_X1)                                    0.0506     0.4157 f
  U5088/ZN (AOI222_X1)                                  0.1144     0.5302 r
  U831/Z (MUX2_X2)                                      0.0704     0.6005 r
  U953/ZN (OR2_X1)                                      0.0532     0.6537 r
  U1098/ZN (AND3_X1)                                    0.0863     0.7400 r
  U3458/ZN (NAND2_X1)                                   0.0385     0.7785 f
  U3447/ZN (AND2_X1)                                    0.0454     0.8240 f
  U1643/S (FA_X1)                                       0.1395     0.9635 r
  U7636/ZN (XNOR2_X1)                                   0.0646     1.0281 r
  U832/ZN (AOI22_X2)                                    0.0528     1.0809 f
  U7638/S (FA_X1)                                       0.1454     1.2262 r
  U7663/ZN (XNOR2_X1)                                   0.0691     1.2954 r
  U7664/ZN (XNOR2_X1)                                   0.0678     1.3632 r
  U8863/ZN (NAND2_X1)                                   0.0303     1.3935 f
  U3811/ZN (AND2_X1)                                    0.0394     1.4329 f
  U8866/ZN (XNOR2_X1)                                   0.0535     1.4863 f
  U9284/ZN (AND2_X1)                                    0.0380     1.5243 f
  DP_i_execute_i_boothmul_i_tree_i_register_i_2_Y_temp_reg_31_/D (DFF_X1)
                                                        0.0104     1.5347 f
  data arrival time                                                1.5347

  clock CLK (rise edge)                                 1.5500     1.5500
  clock network delay (ideal)                           0.0500     1.6000
  clock uncertainty                                    -0.0500     1.5500
  DP_i_execute_i_boothmul_i_tree_i_register_i_2_Y_temp_reg_31_/CK (DFF_X1)
                                                        0.0000     1.5500 r
  library setup time                                   -0.0239     1.5261
  data required time                                               1.5261
  --------------------------------------------------------------------------
  data required time                                               1.5261
  data arrival time                                               -1.5347
  --------------------------------------------------------------------------
  slack (VIOLATED)                                                -0.0086


  Startpoint: DP_i_decode_i_rs2_addr_i_Y_reg_0_
              (rising edge-triggered flip-flop clocked by CLK)
  Endpoint: DP_i_execute_i_boothmul_i_tree_i_register_i_2_Y_temp_reg_29_
            (rising edge-triggered flip-flop clocked by CLK)
  Path Group: REG2REG
  Path Type: max

  Des/Clust/Port     Wire Load Model       Library
  ------------------------------------------------
  DLX                5K_hvratio_1_4        NangateOpenCellLibrary

  Point                                                   Incr       Path
  --------------------------------------------------------------------------
  clock CLK (rise edge)                                 0.0000     0.0000
  clock network delay (ideal)                           0.0500     0.0500
  DP_i_decode_i_rs2_addr_i_Y_reg_0_/CK (DFF_X1)         0.0000     0.0500 r
  DP_i_decode_i_rs2_addr_i_Y_reg_0_/Q (DFF_X1)          0.1023     0.1523 r
  U4326/ZN (XNOR2_X1)                                   0.0627     0.2151 r
  U4327/ZN (AND2_X1)                                    0.0461     0.2612 r
  U4328/ZN (NAND4_X1)                                   0.0481     0.3093 f
  U829/ZN (AND2_X1)                                     0.0549     0.3642 f
  U1462/Z (CLKBUF_X3)                                   0.0525     0.4167 f
  U3341/ZN (NAND2_X1)                                   0.0501     0.4668 r
  U3411/ZN (NAND4_X1)                                   0.0470     0.5138 f
  U1854/ZN (NAND2_X1)                                   0.0576     0.5715 r
  U962/Z (BUF_X2)                                       0.0815     0.6530 r
  U1051/ZN (INV_X1)                                     0.0468     0.6997 f
  U1052/ZN (INV_X1)                                     0.0776     0.7774 r
  U6291/ZN (XNOR2_X1)                                   0.0992     0.8766 r
  U2563/ZN (NOR2_X1)                                    0.0326     0.9092 f
  U3124/ZN (OAI21_X1)                                   0.0601     0.9693 r
  U3643/S (FA_X1)                                       0.1325     1.1018 f
  U1571/ZN (XNOR2_X1)                                   0.0719     1.1737 f
  U1515/ZN (NAND2_X1)                                   0.0373     1.2110 r
  U3051/ZN (NAND3_X1)                                   0.0363     1.2473 f
  U7290/CO (FA_X1)                                      0.0885     1.3358 f
  U6423/ZN (AND2_X1)                                    0.0420     1.3778 f
  U6424/ZN (AOI21_X1)                                   0.0583     1.4362 r
  U6425/ZN (XNOR2_X1)                                   0.0626     1.4988 r
  U9290/ZN (NOR2_X1)                                    0.0250     1.5237 f
  DP_i_execute_i_boothmul_i_tree_i_register_i_2_Y_temp_reg_29_/D (DFF_X1)
                                                        0.0104     1.5342 f
  data arrival time                                                1.5342

  clock CLK (rise edge)                                 1.5500     1.5500
  clock network delay (ideal)                           0.0500     1.6000
  clock uncertainty                                    -0.0500     1.5500
  DP_i_execute_i_boothmul_i_tree_i_register_i_2_Y_temp_reg_29_/CK (DFF_X1)
                                                        0.0000     1.5500 r
  library setup time                                   -0.0242     1.5258
  data required time                                               1.5258
  --------------------------------------------------------------------------
  data required time                                               1.5258
  data arrival time                                               -1.5342
  --------------------------------------------------------------------------
  slack (VIOLATED)                                                -0.0084


  Startpoint: DP_i_decode_i_rs2_addr_i_Y_reg_0_
              (rising edge-triggered flip-flop clocked by CLK)
  Endpoint: DP_i_execute_i_boothmul_i_tree_i_register_i_3_Y_temp_reg_25_
            (rising edge-triggered flip-flop clocked by CLK)
  Path Group: REG2REG
  Path Type: max

  Des/Clust/Port     Wire Load Model       Library
  ------------------------------------------------
  DLX                5K_hvratio_1_4        NangateOpenCellLibrary

  Point                                                   Incr       Path
  --------------------------------------------------------------------------
  clock CLK (rise edge)                                 0.0000     0.0000
  clock network delay (ideal)                           0.0500     0.0500
  DP_i_decode_i_rs2_addr_i_Y_reg_0_/CK (DFF_X1)         0.0000     0.0500 r
  DP_i_decode_i_rs2_addr_i_Y_reg_0_/Q (DFF_X1)          0.1023     0.1523 r
  U4326/ZN (XNOR2_X1)                                   0.0627     0.2151 r
  U4327/ZN (AND2_X1)                                    0.0461     0.2612 r
  U4328/ZN (NAND4_X1)                                   0.0481     0.3093 f
  U1176/Z (BUF_X1)                                      0.0558     0.3651 f
  U1182/ZN (AND2_X1)                                    0.0532     0.4183 f
  U3827/ZN (NAND2_X1)                                   0.0401     0.4584 r
  U3489/ZN (NAND4_X1)                                   0.0495     0.5079 f
  U1096/ZN (AND2_X1)                                    0.0481     0.5560 f
  U6296/ZN (OR2_X1)                                     0.0520     0.6080 f
  U954/ZN (AND2_X1)                                     0.0466     0.6546 f
  U3529/ZN (INV_X1)                                     0.0369     0.6915 r
  U3560/ZN (NAND2_X1)                                   0.0292     0.7207 f
  U3035/ZN (AND2_X2)                                    0.0535     0.7742 f
  U3419/ZN (OAI21_X1)                                   0.0928     0.8669 r
  U7490/S (FA_X1)                                       0.1344     1.0013 f
  U857/Z (XOR2_X1)                                      0.0738     1.0752 f
  U939/ZN (OAI21_X1)                                    0.0428     1.1180 r
  U4152/ZN (INV_X1)                                     0.0341     1.1521 f
  U9060/S (FA_X1)                                       0.1453     1.2974 r
  U3629/Z (MUX2_X1)                                     0.0832     1.3806 f
  U9087/ZN (XNOR2_X1)                                   0.0504     1.4310 r
  DP_i_U2293/ZN (OAI21_X1)                              0.0321     1.4631 f
  DP_i_U2294/ZN (AOI21_X1)                              0.0550     1.5181 r
  DP_i_execute_i_boothmul_i_tree_i_register_i_3_Y_temp_reg_25_/D (DFF_X2)
                                                        0.0109     1.5290 r
  data arrival time                                                1.5290

  clock CLK (rise edge)                                 1.5500     1.5500
  clock network delay (ideal)                           0.0500     1.6000
  clock uncertainty                                    -0.0500     1.5500
  DP_i_execute_i_boothmul_i_tree_i_register_i_3_Y_temp_reg_25_/CK (DFF_X2)
                                                        0.0000     1.5500 r
  library setup time                                   -0.0291     1.5209
  data required time                                               1.5209
  --------------------------------------------------------------------------
  data required time                                               1.5209
  data arrival time                                               -1.5290
  --------------------------------------------------------------------------
  slack (VIOLATED)                                                -0.0080


  Startpoint: DP_i_decode_i_rs2_addr_i_Y_reg_0_
              (rising edge-triggered flip-flop clocked by CLK)
  Endpoint: DP_i_execute_i_boothmul_i_tree_i_register_i_2_Y_temp_reg_29_
            (rising edge-triggered flip-flop clocked by CLK)
  Path Group: REG2REG
  Path Type: max

  Des/Clust/Port     Wire Load Model       Library
  ------------------------------------------------
  DLX                5K_hvratio_1_4        NangateOpenCellLibrary

  Point                                                   Incr       Path
  --------------------------------------------------------------------------
  clock CLK (rise edge)                                 0.0000     0.0000
  clock network delay (ideal)                           0.0500     0.0500
  DP_i_decode_i_rs2_addr_i_Y_reg_0_/CK (DFF_X1)         0.0000     0.0500 r
  DP_i_decode_i_rs2_addr_i_Y_reg_0_/Q (DFF_X1)          0.1023     0.1523 r
  U4326/ZN (XNOR2_X1)                                   0.0627     0.2151 r
  U4327/ZN (AND2_X1)                                    0.0461     0.2612 r
  U4328/ZN (NAND4_X1)                                   0.0481     0.3093 f
  U1176/Z (BUF_X1)                                      0.0558     0.3651 f
  U1183/ZN (AND2_X1)                                    0.0507     0.4158 f
  U3387/ZN (NAND2_X1)                                   0.0448     0.4607 r
  U3411/ZN (NAND4_X1)                                   0.0526     0.5132 f
  U1854/ZN (NAND2_X1)                                   0.0576     0.5709 r
  U962/Z (BUF_X2)                                       0.0815     0.6524 r
  U1051/ZN (INV_X1)                                     0.0468     0.6991 f
  U1052/ZN (INV_X1)                                     0.0776     0.7768 r
  U6291/ZN (XNOR2_X1)                                   0.0992     0.8760 r
  U2563/ZN (NOR2_X1)                                    0.0326     0.9087 f
  U3124/ZN (OAI21_X1)                                   0.0601     0.9687 r
  U3643/S (FA_X1)                                       0.1325     1.1012 f
  U1571/ZN (XNOR2_X1)                                   0.0719     1.1731 f
  U1515/ZN (NAND2_X1)                                   0.0373     1.2104 r
  U3051/ZN (NAND3_X1)                                   0.0363     1.2467 f
  U7290/CO (FA_X1)                                      0.0885     1.3352 f
  U6423/ZN (AND2_X1)                                    0.0420     1.3772 f
  U6424/ZN (AOI21_X1)                                   0.0583     1.4356 r
  U6425/ZN (XNOR2_X1)                                   0.0626     1.4982 r
  U9290/ZN (NOR2_X1)                                    0.0250     1.5232 f
  DP_i_execute_i_boothmul_i_tree_i_register_i_2_Y_temp_reg_29_/D (DFF_X1)
                                                        0.0104     1.5336 f
  data arrival time                                                1.5336

  clock CLK (rise edge)                                 1.5500     1.5500
  clock network delay (ideal)                           0.0500     1.6000
  clock uncertainty                                    -0.0500     1.5500
  DP_i_execute_i_boothmul_i_tree_i_register_i_2_Y_temp_reg_29_/CK (DFF_X1)
                                                        0.0000     1.5500 r
  library setup time                                   -0.0242     1.5258
  data required time                                               1.5258
  --------------------------------------------------------------------------
  data required time                                               1.5258
  data arrival time                                               -1.5336
  --------------------------------------------------------------------------
  slack (VIOLATED)                                                -0.0078


  Startpoint: DP_i_decode_i_rs2_addr_i_Y_reg_0_
              (rising edge-triggered flip-flop clocked by CLK)
  Endpoint: DP_i_execute_i_boothmul_i_tree_i_register_i_3_Y_temp_reg_25_
            (rising edge-triggered flip-flop clocked by CLK)
  Path Group: REG2REG
  Path Type: max

  Des/Clust/Port     Wire Load Model       Library
  ------------------------------------------------
  DLX                5K_hvratio_1_4        NangateOpenCellLibrary

  Point                                                   Incr       Path
  --------------------------------------------------------------------------
  clock CLK (rise edge)                                 0.0000     0.0000
  clock network delay (ideal)                           0.0500     0.0500
  DP_i_decode_i_rs2_addr_i_Y_reg_0_/CK (DFF_X1)         0.0000     0.0500 r
  DP_i_decode_i_rs2_addr_i_Y_reg_0_/Q (DFF_X1)          0.1023     0.1523 r
  U4326/ZN (XNOR2_X1)                                   0.0627     0.2151 r
  U1254/ZN (AND2_X1)                                    0.0462     0.2613 r
  U1339/ZN (AND4_X2)                                    0.0682     0.3295 r
  U1138/Z (CLKBUF_X2)                                   0.0629     0.3925 r
  U3178/ZN (NAND2_X1)                                   0.0465     0.4390 f
  U1647/ZN (AND2_X1)                                    0.0400     0.4790 f
  U1575/ZN (OAI211_X1)                                  0.0377     0.5167 r
  U1565/ZN (AND2_X1)                                    0.0507     0.5674 r
  U2951/ZN (NAND2_X1)                                   0.0344     0.6018 f
  U954/ZN (AND2_X1)                                     0.0524     0.6542 f
  U3529/ZN (INV_X1)                                     0.0369     0.6911 r
  U3560/ZN (NAND2_X1)                                   0.0292     0.7203 f
  U3035/ZN (AND2_X2)                                    0.0535     0.7737 f
  U3419/ZN (OAI21_X1)                                   0.0928     0.8665 r
  U7490/S (FA_X1)                                       0.1344     1.0009 f
  U857/Z (XOR2_X1)                                      0.0738     1.0747 f
  U939/ZN (OAI21_X1)                                    0.0428     1.1176 r
  U4152/ZN (INV_X1)                                     0.0341     1.1516 f
  U9060/S (FA_X1)                                       0.1453     1.2969 r
  U3629/Z (MUX2_X1)                                     0.0832     1.3802 f
  U9087/ZN (XNOR2_X1)                                   0.0504     1.4305 r
  DP_i_U2293/ZN (OAI21_X1)                              0.0321     1.4626 f
  DP_i_U2294/ZN (AOI21_X1)                              0.0550     1.5176 r
  DP_i_execute_i_boothmul_i_tree_i_register_i_3_Y_temp_reg_25_/D (DFF_X2)
                                                        0.0109     1.5285 r
  data arrival time                                                1.5285

  clock CLK (rise edge)                                 1.5500     1.5500
  clock network delay (ideal)                           0.0500     1.6000
  clock uncertainty                                    -0.0500     1.5500
  DP_i_execute_i_boothmul_i_tree_i_register_i_3_Y_temp_reg_25_/CK (DFF_X2)
                                                        0.0000     1.5500 r
  library setup time                                   -0.0291     1.5209
  data required time                                               1.5209
  --------------------------------------------------------------------------
  data required time                                               1.5209
  data arrival time                                               -1.5285
  --------------------------------------------------------------------------
  slack (VIOLATED)                                                -0.0076


  Startpoint: DP_i_decode_i_rs2_addr_i_Y_reg_0_
              (rising edge-triggered flip-flop clocked by CLK)
  Endpoint: DP_i_execute_i_boothmul_i_tree_i_register_i_3_Y_temp_reg_27_
            (rising edge-triggered flip-flop clocked by CLK)
  Path Group: REG2REG
  Path Type: max

  Des/Clust/Port     Wire Load Model       Library
  ------------------------------------------------
  DLX                5K_hvratio_1_4        NangateOpenCellLibrary

  Point                                                   Incr       Path
  --------------------------------------------------------------------------
  clock CLK (rise edge)                                 0.0000     0.0000
  clock network delay (ideal)                           0.0500     0.0500
  DP_i_decode_i_rs2_addr_i_Y_reg_0_/CK (DFF_X1)         0.0000     0.0500 r
  DP_i_decode_i_rs2_addr_i_Y_reg_0_/Q (DFF_X1)          0.1023     0.1523 r
  U4326/ZN (XNOR2_X1)                                   0.0627     0.2151 r
  U4327/ZN (AND2_X1)                                    0.0461     0.2612 r
  U4328/ZN (NAND4_X1)                                   0.0481     0.3093 f
  U1176/Z (BUF_X1)                                      0.0558     0.3651 f
  U1161/ZN (AND2_X1)                                    0.0506     0.4157 f
  U5088/ZN (AOI222_X1)                                  0.1144     0.5302 r
  U831/Z (MUX2_X2)                                      0.0704     0.6005 r
  U3380/ZN (NAND2_X1)                                   0.0453     0.6459 f
  U3316/ZN (NAND2_X1)                                   0.0424     0.6882 r
  U3036/ZN (AND2_X1)                                    0.0522     0.7405 r
  U6447/ZN (NAND2_X1)                                   0.0344     0.7748 f
  U2741/ZN (AND2_X1)                                    0.0403     0.8151 f
  U6448/ZN (XNOR2_X1)                                   0.0562     0.8713 f
  U6449/ZN (XNOR2_X1)                                   0.0630     0.9343 f
  U1457/ZN (AND2_X1)                                    0.0492     0.9835 f
  U1642/ZN (XNOR2_X1)                                   0.0612     1.0447 f
  U6453/ZN (XNOR2_X1)                                   0.0643     1.1090 f
  U3010/ZN (AND2_X1)                                    0.0468     1.1558 f
  U3008/ZN (NOR3_X1)                                    0.0686     1.2244 r
  U7069/S (FA_X1)                                       0.1252     1.3496 f
  U3453/Z (MUX2_X1)                                     0.0729     1.4226 r
  U3451/ZN (XNOR2_X1)                                   0.0559     1.4785 r
  U2867/ZN (AND2_X1)                                    0.0420     1.5205 r
  DP_i_execute_i_boothmul_i_tree_i_register_i_3_Y_temp_reg_27_/D (DFF_X2)
                                                        0.0109     1.5314 r
  data arrival time                                                1.5314

  clock CLK (rise edge)                                 1.5500     1.5500
  clock network delay (ideal)                           0.0500     1.6000
  clock uncertainty                                    -0.0500     1.5500
  DP_i_execute_i_boothmul_i_tree_i_register_i_3_Y_temp_reg_27_/CK (DFF_X2)
                                                        0.0000     1.5500 r
  library setup time                                   -0.0262     1.5238
  data required time                                               1.5238
  --------------------------------------------------------------------------
  data required time                                               1.5238
  data arrival time                                               -1.5314
  --------------------------------------------------------------------------
  slack (VIOLATED)                                                -0.0076


  Startpoint: DP_i_decode_i_rs2_addr_i_Y_reg_0_
              (rising edge-triggered flip-flop clocked by CLK)
  Endpoint: DP_i_execute_i_boothmul_i_tree_i_register_i_3_Y_temp_reg_29_
            (rising edge-triggered flip-flop clocked by CLK)
  Path Group: REG2REG
  Path Type: max

  Des/Clust/Port     Wire Load Model       Library
  ------------------------------------------------
  DLX                5K_hvratio_1_4        NangateOpenCellLibrary

  Point                                                   Incr       Path
  --------------------------------------------------------------------------
  clock CLK (rise edge)                                 0.0000     0.0000
  clock network delay (ideal)                           0.0500     0.0500
  DP_i_decode_i_rs2_addr_i_Y_reg_0_/CK (DFF_X1)         0.0000     0.0500 r
  DP_i_decode_i_rs2_addr_i_Y_reg_0_/Q (DFF_X1)          0.1023     0.1523 r
  U4326/ZN (XNOR2_X1)                                   0.0627     0.2151 r
  U4327/ZN (AND2_X1)                                    0.0461     0.2612 r
  U4328/ZN (NAND4_X1)                                   0.0481     0.3093 f
  U4335/ZN (NAND2_X1)                                   0.0535     0.3628 r
  U1183/ZN (AND2_X1)                                    0.0617     0.4245 r
  U860/Z (BUF_X2)                                       0.0524     0.4769 r
  U3015/ZN (NAND2_X1)                                   0.0408     0.5177 f
  U1767/ZN (NAND4_X1)                                   0.0371     0.5548 r
  U878/ZN (AND2_X2)                                     0.0530     0.6079 r
  U2980/ZN (INV_X1)                                     0.0290     0.6369 f
  U846/ZN (OR2_X1)                                      0.0670     0.7039 f
  U908/ZN (OAI21_X1)                                    0.0781     0.7820 r
  U3563/ZN (NAND2_X1)                                   0.0389     0.8208 f
  U2718/ZN (NAND2_X1)                                   0.0365     0.8573 r
  U2717/ZN (XNOR2_X1)                                   0.0697     0.9270 r
  U6409/ZN (XNOR2_X1)                                   0.0682     0.9952 r
  U6417/ZN (XNOR2_X1)                                   0.0661     1.0613 r
  U6419/ZN (XNOR2_X1)                                   0.0731     1.1344 r
  U8648/ZN (OAI21_X1)                                   0.0398     1.1742 f
  U2888/ZN (AND2_X1)                                    0.0443     1.2185 f
  U8659/S (FA_X1)                                       0.1367     1.3552 r
  U3602/ZN (XNOR2_X1)                                   0.0627     1.4179 r
  U3601/ZN (XNOR2_X1)                                   0.0598     1.4776 r
  U3777/ZN (AND2_X1)                                    0.0421     1.5197 r
  DP_i_execute_i_boothmul_i_tree_i_register_i_3_Y_temp_reg_29_/D (DFF_X1)
                                                        0.0110     1.5307 r
  data arrival time                                                1.5307

  clock CLK (rise edge)                                 1.5500     1.5500
  clock network delay (ideal)                           0.0500     1.6000
  clock uncertainty                                    -0.0500     1.5500
  DP_i_execute_i_boothmul_i_tree_i_register_i_3_Y_temp_reg_29_/CK (DFF_X1)
                                                        0.0000     1.5500 r
  library setup time                                   -0.0265     1.5235
  data required time                                               1.5235
  --------------------------------------------------------------------------
  data required time                                               1.5235
  data arrival time                                               -1.5307
  --------------------------------------------------------------------------
  slack (VIOLATED)                                                -0.0071


1
