 
****************************************
Report : timing
        -path full
        -delay max
        -nworst 2
        -group REG2REG
        -max_paths 10
Design : DLX
Version: W-2024.09-SP2
Date   : Sun Sep 27 03:19:12 2026
****************************************

Operating Conditions: typical   Library: NangateOpenCellLibrary
Wire Load Model Mode: top

  Startpoint: DP_i_mem_access_i_rd_out_reg_i_Y_reg_3_
              (rising edge-triggered flip-flop clocked by CLK)
  Endpoint: CP_i_hazard_unit_i_G_scoreboard_reg_28__1_
            (rising edge-triggered flip-flop clocked by CLK)
  Path Group: REG2REG
  Path Type: max

  Des/Clust/Port     Wire Load Model       Library
  ------------------------------------------------
  DLX                5K_hvratio_1_4        NangateOpenCellLibrary

  Point                                                   Incr       Path
  --------------------------------------------------------------------------
  clock CLK (rise edge)                                 0.0000     0.0000
  clock network delay (ideal)                           0.0500     0.0500
  DP_i_mem_access_i_rd_out_reg_i_Y_reg_3_/CK (DFF_X1)   0.0000     0.0500 r
  DP_i_mem_access_i_rd_out_reg_i_Y_reg_3_/QN (DFF_X1)   0.0780     0.1280 r
  U7416/ZN (INV_X1)                                     0.0263     0.1544 f
  DP_i_decode_i_reg_file_i/addr_w[3] (register_file)    0.0000     0.1544 f
  DP_i_decode_i_reg_file_i/U220/ZN (XNOR2_X1)           0.0606     0.2149 f
  DP_i_decode_i_reg_file_i/U221/ZN (AND2_X1)            0.0425     0.2574 f
  DP_i_decode_i_reg_file_i/U91/ZN (AND4_X2)             0.0471     0.3045 f
  DP_i_decode_i_reg_file_i/U233/ZN (NOR2_X1)            0.0747     0.3791 r
  DP_i_decode_i_reg_file_i/U156/Z (BUF_X1)              0.0668     0.4459 r
  DP_i_decode_i_reg_file_i/U212/ZN (NAND2_X1)           0.0355     0.4814 f
  DP_i_decode_i_reg_file_i/U260/ZN (AND2_X1)            0.0368     0.5182 f
  DP_i_decode_i_reg_file_i/U263/ZN (AND4_X1)            0.0430     0.5612 f
  DP_i_decode_i_reg_file_i/U273/ZN (NAND4_X1)           0.0314     0.5925 r
  DP_i_decode_i_reg_file_i/output1[1] (register_file)   0.0000     0.5925 r
  U7512/ZN (INV_X1)                                     0.0276     0.6201 f
  U1562/Z (MUX2_X1)                                     0.0709     0.6911 f
  U1607/Z (MUX2_X1)                                     0.0693     0.7604 f
  U2085/ZN (AOI21_X1)                                   0.0486     0.8090 r
  U2061/ZN (OR2_X1)                                     0.0455     0.8545 r
  U1515/ZN (AND2_X2)                                    0.0593     0.9138 r
  U1517/ZN (NAND2_X1)                                   0.0366     0.9504 f
  U2271/ZN (AND4_X1)                                    0.0412     0.9916 f
  U2244/ZN (OAI22_X1)                                   0.0513     1.0429 r
  U2243/ZN (NAND2_X1)                                   0.0361     1.0791 f
  U2129/ZN (NAND3_X1)                                   0.0342     1.1132 r
  U2311/ZN (OAI211_X1)                                  0.0421     1.1554 f
  U3908/ZN (OAI21_X1)                                   0.0581     1.2135 r
  U6648/ZN (NAND2_X1)                                   0.0485     1.2620 f
  U7400/ZN (NAND2_X1)                                   0.0425     1.3045 r
  U1065/Z (BUF_X1)                                      0.0418     1.3463 r
  U928/Z (BUF_X1)                                       0.0418     1.3880 r
  U587/ZN (OAI21_X1)                                    0.0341     1.4221 f
  U10205/ZN (OR2_X1)                                    0.0608     1.4829 f
  U10206/ZN (OAI21_X1)                                  0.0330     1.5158 r
  U1876/ZN (AND2_X1)                                    0.0434     1.5593 r
  CP_i_hazard_unit_i_G_scoreboard_reg_28__1_/D (DFF_X2)
                                                        0.0109     1.5701 r
  data arrival time                                                1.5701

  clock CLK (rise edge)                                 1.5000     1.5000
  clock network delay (ideal)                           0.0500     1.5500
  clock uncertainty                                    -0.0500     1.5000
  CP_i_hazard_unit_i_G_scoreboard_reg_28__1_/CK (DFF_X2)
                                                        0.0000     1.5000 r
  library setup time                                   -0.0262     1.4738
  data required time                                               1.4738
  --------------------------------------------------------------------------
  data required time                                               1.4738
  data arrival time                                               -1.5701
  --------------------------------------------------------------------------
  slack (VIOLATED)                                                -0.0963


  Startpoint: DP_i_mem_access_i_rd_out_reg_i_Y_reg_3_
              (rising edge-triggered flip-flop clocked by CLK)
  Endpoint: CP_i_hazard_unit_i_G_scoreboard_reg_20__1_
            (rising edge-triggered flip-flop clocked by CLK)
  Path Group: REG2REG
  Path Type: max

  Des/Clust/Port     Wire Load Model       Library
  ------------------------------------------------
  DLX                5K_hvratio_1_4        NangateOpenCellLibrary

  Point                                                   Incr       Path
  --------------------------------------------------------------------------
  clock CLK (rise edge)                                 0.0000     0.0000
  clock network delay (ideal)                           0.0500     0.0500
  DP_i_mem_access_i_rd_out_reg_i_Y_reg_3_/CK (DFF_X1)   0.0000     0.0500 r
  DP_i_mem_access_i_rd_out_reg_i_Y_reg_3_/QN (DFF_X1)   0.0780     0.1280 r
  U7416/ZN (INV_X1)                                     0.0263     0.1544 f
  DP_i_decode_i_reg_file_i/addr_w[3] (register_file)    0.0000     0.1544 f
  DP_i_decode_i_reg_file_i/U220/ZN (XNOR2_X1)           0.0606     0.2149 f
  DP_i_decode_i_reg_file_i/U221/ZN (AND2_X1)            0.0425     0.2574 f
  DP_i_decode_i_reg_file_i/U91/ZN (AND4_X2)             0.0471     0.3045 f
  DP_i_decode_i_reg_file_i/U233/ZN (NOR2_X1)            0.0747     0.3791 r
  DP_i_decode_i_reg_file_i/U156/Z (BUF_X1)              0.0668     0.4459 r
  DP_i_decode_i_reg_file_i/U212/ZN (NAND2_X1)           0.0355     0.4814 f
  DP_i_decode_i_reg_file_i/U260/ZN (AND2_X1)            0.0368     0.5182 f
  DP_i_decode_i_reg_file_i/U263/ZN (AND4_X1)            0.0430     0.5612 f
  DP_i_decode_i_reg_file_i/U273/ZN (NAND4_X1)           0.0314     0.5925 r
  DP_i_decode_i_reg_file_i/output1[1] (register_file)   0.0000     0.5925 r
  U7512/ZN (INV_X1)                                     0.0276     0.6201 f
  U1562/Z (MUX2_X1)                                     0.0709     0.6911 f
  U1607/Z (MUX2_X1)                                     0.0693     0.7604 f
  U2085/ZN (AOI21_X1)                                   0.0486     0.8090 r
  U2061/ZN (OR2_X1)                                     0.0455     0.8545 r
  U1515/ZN (AND2_X2)                                    0.0593     0.9138 r
  U1517/ZN (NAND2_X1)                                   0.0366     0.9504 f
  U2271/ZN (AND4_X1)                                    0.0412     0.9916 f
  U2244/ZN (OAI22_X1)                                   0.0513     1.0429 r
  U2243/ZN (NAND2_X1)                                   0.0361     1.0791 f
  U2129/ZN (NAND3_X1)                                   0.0342     1.1132 r
  U2311/ZN (OAI211_X1)                                  0.0421     1.1554 f
  U3908/ZN (OAI21_X1)                                   0.0581     1.2135 r
  U6648/ZN (NAND2_X1)                                   0.0485     1.2620 f
  U7400/ZN (NAND2_X1)                                   0.0425     1.3045 r
  U1065/Z (BUF_X1)                                      0.0418     1.3463 r
  U1062/Z (BUF_X1)                                      0.0418     1.3880 r
  U538/ZN (OAI21_X1)                                    0.0341     1.4221 f
  U10201/ZN (OR2_X1)                                    0.0608     1.4829 f
  U10202/ZN (OAI21_X1)                                  0.0330     1.5158 r
  U1863/ZN (AND2_X1)                                    0.0434     1.5593 r
  CP_i_hazard_unit_i_G_scoreboard_reg_20__1_/D (DFF_X2)
                                                        0.0109     1.5701 r
  data arrival time                                                1.5701

  clock CLK (rise edge)                                 1.5000     1.5000
  clock network delay (ideal)                           0.0500     1.5500
  clock uncertainty                                    -0.0500     1.5000
  CP_i_hazard_unit_i_G_scoreboard_reg_20__1_/CK (DFF_X2)
                                                        0.0000     1.5000 r
  library setup time                                   -0.0262     1.4738
  data required time                                               1.4738
  --------------------------------------------------------------------------
  data required time                                               1.4738
  data arrival time                                               -1.5701
  --------------------------------------------------------------------------
  slack (VIOLATED)                                                -0.0963


  Startpoint: DP_i_mem_access_i_rd_out_reg_i_Y_reg_3_
              (rising edge-triggered flip-flop clocked by CLK)
  Endpoint: CP_i_hazard_unit_i_G_scoreboard_reg_12__1_
            (rising edge-triggered flip-flop clocked by CLK)
  Path Group: REG2REG
  Path Type: max

  Des/Clust/Port     Wire Load Model       Library
  ------------------------------------------------
  DLX                5K_hvratio_1_4        NangateOpenCellLibrary

  Point                                                   Incr       Path
  --------------------------------------------------------------------------
  clock CLK (rise edge)                                 0.0000     0.0000
  clock network delay (ideal)                           0.0500     0.0500
  DP_i_mem_access_i_rd_out_reg_i_Y_reg_3_/CK (DFF_X1)   0.0000     0.0500 r
  DP_i_mem_access_i_rd_out_reg_i_Y_reg_3_/QN (DFF_X1)   0.0780     0.1280 r
  U7416/ZN (INV_X1)                                     0.0263     0.1544 f
  DP_i_decode_i_reg_file_i/addr_w[3] (register_file)    0.0000     0.1544 f
  DP_i_decode_i_reg_file_i/U220/ZN (XNOR2_X1)           0.0606     0.2149 f
  DP_i_decode_i_reg_file_i/U221/ZN (AND2_X1)            0.0425     0.2574 f
  DP_i_decode_i_reg_file_i/U91/ZN (AND4_X2)             0.0471     0.3045 f
  DP_i_decode_i_reg_file_i/U233/ZN (NOR2_X1)            0.0747     0.3791 r
  DP_i_decode_i_reg_file_i/U156/Z (BUF_X1)              0.0668     0.4459 r
  DP_i_decode_i_reg_file_i/U212/ZN (NAND2_X1)           0.0355     0.4814 f
  DP_i_decode_i_reg_file_i/U260/ZN (AND2_X1)            0.0368     0.5182 f
  DP_i_decode_i_reg_file_i/U263/ZN (AND4_X1)            0.0430     0.5612 f
  DP_i_decode_i_reg_file_i/U273/ZN (NAND4_X1)           0.0314     0.5925 r
  DP_i_decode_i_reg_file_i/output1[1] (register_file)   0.0000     0.5925 r
  U7512/ZN (INV_X1)                                     0.0276     0.6201 f
  U1562/Z (MUX2_X1)                                     0.0709     0.6911 f
  U1607/Z (MUX2_X1)                                     0.0693     0.7604 f
  U2085/ZN (AOI21_X1)                                   0.0486     0.8090 r
  U2061/ZN (OR2_X1)                                     0.0455     0.8545 r
  U1515/ZN (AND2_X2)                                    0.0593     0.9138 r
  U1517/ZN (NAND2_X1)                                   0.0366     0.9504 f
  U2271/ZN (AND4_X1)                                    0.0412     0.9916 f
  U2244/ZN (OAI22_X1)                                   0.0513     1.0429 r
  U2243/ZN (NAND2_X1)                                   0.0361     1.0791 f
  U2129/ZN (NAND3_X1)                                   0.0342     1.1132 r
  U2311/ZN (OAI211_X1)                                  0.0421     1.1554 f
  U3908/ZN (OAI21_X1)                                   0.0581     1.2135 r
  U6648/ZN (NAND2_X1)                                   0.0485     1.2620 f
  U7400/ZN (NAND2_X1)                                   0.0425     1.3045 r
  U1065/Z (BUF_X1)                                      0.0418     1.3463 r
  U928/Z (BUF_X1)                                       0.0418     1.3880 r
  U488/ZN (OAI21_X1)                                    0.0341     1.4221 f
  U10203/ZN (OR2_X1)                                    0.0608     1.4829 f
  U10204/ZN (OAI21_X1)                                  0.0330     1.5158 r
  U1862/ZN (AND2_X1)                                    0.0434     1.5593 r
  CP_i_hazard_unit_i_G_scoreboard_reg_12__1_/D (DFF_X2)
                                                        0.0109     1.5701 r
  data arrival time                                                1.5701

  clock CLK (rise edge)                                 1.5000     1.5000
  clock network delay (ideal)                           0.0500     1.5500
  clock uncertainty                                    -0.0500     1.5000
  CP_i_hazard_unit_i_G_scoreboard_reg_12__1_/CK (DFF_X2)
                                                        0.0000     1.5000 r
  library setup time                                   -0.0262     1.4738
  data required time                                               1.4738
  --------------------------------------------------------------------------
  data required time                                               1.4738
  data arrival time                                               -1.5701
  --------------------------------------------------------------------------
  slack (VIOLATED)                                                -0.0963


  Startpoint: DP_i_mem_access_i_rd_out_reg_i_Y_reg_3_
              (rising edge-triggered flip-flop clocked by CLK)
  Endpoint: CP_i_hazard_unit_i_G_scoreboard_reg_28__1_
            (rising edge-triggered flip-flop clocked by CLK)
  Path Group: REG2REG
  Path Type: max

  Des/Clust/Port     Wire Load Model       Library
  ------------------------------------------------
  DLX                5K_hvratio_1_4        NangateOpenCellLibrary

  Point                                                   Incr       Path
  --------------------------------------------------------------------------
  clock CLK (rise edge)                                 0.0000     0.0000
  clock network delay (ideal)                           0.0500     0.0500
  DP_i_mem_access_i_rd_out_reg_i_Y_reg_3_/CK (DFF_X1)   0.0000     0.0500 r
  DP_i_mem_access_i_rd_out_reg_i_Y_reg_3_/QN (DFF_X1)   0.0780     0.1280 r
  U7416/ZN (INV_X1)                                     0.0263     0.1544 f
  DP_i_decode_i_reg_file_i/addr_w[3] (register_file)    0.0000     0.1544 f
  DP_i_decode_i_reg_file_i/U220/ZN (XNOR2_X1)           0.0606     0.2149 f
  DP_i_decode_i_reg_file_i/U221/ZN (AND2_X1)            0.0425     0.2574 f
  DP_i_decode_i_reg_file_i/U91/ZN (AND4_X2)             0.0471     0.3045 f
  DP_i_decode_i_reg_file_i/U233/ZN (NOR2_X1)            0.0747     0.3791 r
  DP_i_decode_i_reg_file_i/U156/Z (BUF_X1)              0.0668     0.4459 r
  DP_i_decode_i_reg_file_i/U212/ZN (NAND2_X1)           0.0355     0.4814 f
  DP_i_decode_i_reg_file_i/U260/ZN (AND2_X1)            0.0368     0.5182 f
  DP_i_decode_i_reg_file_i/U263/ZN (AND4_X1)            0.0430     0.5612 f
  DP_i_decode_i_reg_file_i/U273/ZN (NAND4_X1)           0.0314     0.5925 r
  DP_i_decode_i_reg_file_i/output1[1] (register_file)   0.0000     0.5925 r
  U7512/ZN (INV_X1)                                     0.0276     0.6201 f
  U1562/Z (MUX2_X1)                                     0.0709     0.6911 f
  U1607/Z (MUX2_X1)                                     0.0693     0.7604 f
  U2085/ZN (AOI21_X1)                                   0.0486     0.8090 r
  U2061/ZN (OR2_X1)                                     0.0455     0.8545 r
  U1515/ZN (AND2_X2)                                    0.0593     0.9138 r
  U1517/ZN (NAND2_X1)                                   0.0366     0.9504 f
  U2271/ZN (AND4_X1)                                    0.0412     0.9916 f
  U2244/ZN (OAI22_X1)                                   0.0513     1.0429 r
  U2243/ZN (NAND2_X1)                                   0.0361     1.0791 f
  U2129/ZN (NAND3_X1)                                   0.0342     1.1132 r
  U2311/ZN (OAI211_X1)                                  0.0421     1.1554 f
  U3908/ZN (OAI21_X1)                                   0.0581     1.2135 r
  U6648/ZN (NAND2_X1)                                   0.0485     1.2620 f
  U7400/ZN (NAND2_X1)                                   0.0425     1.3045 r
  U1065/Z (BUF_X1)                                      0.0418     1.3463 r
  U928/Z (BUF_X1)                                       0.0418     1.3880 r
  U587/ZN (OAI21_X1)                                    0.0341     1.4221 f
  U10205/ZN (OR2_X1)                                    0.0608     1.4829 f
  U10206/ZN (OAI21_X1)                                  0.0330     1.5158 r
  U1876/ZN (AND2_X1)                                    0.0434     1.5593 r
  CP_i_hazard_unit_i_G_scoreboard_reg_28__1_/D (DFF_X2)
                                                        0.0109     1.5701 r
  data arrival time                                                1.5701

  clock CLK (rise edge)                                 1.5000     1.5000
  clock network delay (ideal)                           0.0500     1.5500
  clock uncertainty                                    -0.0500     1.5000
  CP_i_hazard_unit_i_G_scoreboard_reg_28__1_/CK (DFF_X2)
                                                        0.0000     1.5000 r
  library setup time                                   -0.0262     1.4738
  data required time                                               1.4738
  --------------------------------------------------------------------------
  data required time                                               1.4738
  data arrival time                                               -1.5701
  --------------------------------------------------------------------------
  slack (VIOLATED)                                                -0.0963


  Startpoint: DP_i_mem_access_i_rd_out_reg_i_Y_reg_3_
              (rising edge-triggered flip-flop clocked by CLK)
  Endpoint: CP_i_hazard_unit_i_G_scoreboard_reg_20__1_
            (rising edge-triggered flip-flop clocked by CLK)
  Path Group: REG2REG
  Path Type: max

  Des/Clust/Port     Wire Load Model       Library
  ------------------------------------------------
  DLX                5K_hvratio_1_4        NangateOpenCellLibrary

  Point                                                   Incr       Path
  --------------------------------------------------------------------------
  clock CLK (rise edge)                                 0.0000     0.0000
  clock network delay (ideal)                           0.0500     0.0500
  DP_i_mem_access_i_rd_out_reg_i_Y_reg_3_/CK (DFF_X1)   0.0000     0.0500 r
  DP_i_mem_access_i_rd_out_reg_i_Y_reg_3_/QN (DFF_X1)   0.0780     0.1280 r
  U7416/ZN (INV_X1)                                     0.0263     0.1544 f
  DP_i_decode_i_reg_file_i/addr_w[3] (register_file)    0.0000     0.1544 f
  DP_i_decode_i_reg_file_i/U220/ZN (XNOR2_X1)           0.0606     0.2149 f
  DP_i_decode_i_reg_file_i/U221/ZN (AND2_X1)            0.0425     0.2574 f
  DP_i_decode_i_reg_file_i/U91/ZN (AND4_X2)             0.0471     0.3045 f
  DP_i_decode_i_reg_file_i/U233/ZN (NOR2_X1)            0.0747     0.3791 r
  DP_i_decode_i_reg_file_i/U156/Z (BUF_X1)              0.0668     0.4459 r
  DP_i_decode_i_reg_file_i/U212/ZN (NAND2_X1)           0.0355     0.4814 f
  DP_i_decode_i_reg_file_i/U260/ZN (AND2_X1)            0.0368     0.5182 f
  DP_i_decode_i_reg_file_i/U263/ZN (AND4_X1)            0.0430     0.5612 f
  DP_i_decode_i_reg_file_i/U273/ZN (NAND4_X1)           0.0314     0.5925 r
  DP_i_decode_i_reg_file_i/output1[1] (register_file)   0.0000     0.5925 r
  U7512/ZN (INV_X1)                                     0.0276     0.6201 f
  U1562/Z (MUX2_X1)                                     0.0709     0.6911 f
  U1607/Z (MUX2_X1)                                     0.0693     0.7604 f
  U2085/ZN (AOI21_X1)                                   0.0486     0.8090 r
  U2061/ZN (OR2_X1)                                     0.0455     0.8545 r
  U1515/ZN (AND2_X2)                                    0.0593     0.9138 r
  U1517/ZN (NAND2_X1)                                   0.0366     0.9504 f
  U2271/ZN (AND4_X1)                                    0.0412     0.9916 f
  U2244/ZN (OAI22_X1)                                   0.0513     1.0429 r
  U2243/ZN (NAND2_X1)                                   0.0361     1.0791 f
  U2129/ZN (NAND3_X1)                                   0.0342     1.1132 r
  U2311/ZN (OAI211_X1)                                  0.0421     1.1554 f
  U3908/ZN (OAI21_X1)                                   0.0581     1.2135 r
  U6648/ZN (NAND2_X1)                                   0.0485     1.2620 f
  U7400/ZN (NAND2_X1)                                   0.0425     1.3045 r
  U1065/Z (BUF_X1)                                      0.0418     1.3463 r
  U1062/Z (BUF_X1)                                      0.0418     1.3880 r
  U538/ZN (OAI21_X1)                                    0.0341     1.4221 f
  U10201/ZN (OR2_X1)                                    0.0608     1.4829 f
  U10202/ZN (OAI21_X1)                                  0.0330     1.5158 r
  U1863/ZN (AND2_X1)                                    0.0434     1.5593 r
  CP_i_hazard_unit_i_G_scoreboard_reg_20__1_/D (DFF_X2)
                                                        0.0109     1.5701 r
  data arrival time                                                1.5701

  clock CLK (rise edge)                                 1.5000     1.5000
  clock network delay (ideal)                           0.0500     1.5500
  clock uncertainty                                    -0.0500     1.5000
  CP_i_hazard_unit_i_G_scoreboard_reg_20__1_/CK (DFF_X2)
                                                        0.0000     1.5000 r
  library setup time                                   -0.0262     1.4738
  data required time                                               1.4738
  --------------------------------------------------------------------------
  data required time                                               1.4738
  data arrival time                                               -1.5701
  --------------------------------------------------------------------------
  slack (VIOLATED)                                                -0.0963


  Startpoint: DP_i_mem_access_i_rd_out_reg_i_Y_reg_3_
              (rising edge-triggered flip-flop clocked by CLK)
  Endpoint: CP_i_hazard_unit_i_G_scoreboard_reg_12__1_
            (rising edge-triggered flip-flop clocked by CLK)
  Path Group: REG2REG
  Path Type: max

  Des/Clust/Port     Wire Load Model       Library
  ------------------------------------------------
  DLX                5K_hvratio_1_4        NangateOpenCellLibrary

  Point                                                   Incr       Path
  --------------------------------------------------------------------------
  clock CLK (rise edge)                                 0.0000     0.0000
  clock network delay (ideal)                           0.0500     0.0500
  DP_i_mem_access_i_rd_out_reg_i_Y_reg_3_/CK (DFF_X1)   0.0000     0.0500 r
  DP_i_mem_access_i_rd_out_reg_i_Y_reg_3_/QN (DFF_X1)   0.0780     0.1280 r
  U7416/ZN (INV_X1)                                     0.0263     0.1544 f
  DP_i_decode_i_reg_file_i/addr_w[3] (register_file)    0.0000     0.1544 f
  DP_i_decode_i_reg_file_i/U220/ZN (XNOR2_X1)           0.0606     0.2149 f
  DP_i_decode_i_reg_file_i/U221/ZN (AND2_X1)            0.0425     0.2574 f
  DP_i_decode_i_reg_file_i/U91/ZN (AND4_X2)             0.0471     0.3045 f
  DP_i_decode_i_reg_file_i/U233/ZN (NOR2_X1)            0.0747     0.3791 r
  DP_i_decode_i_reg_file_i/U156/Z (BUF_X1)              0.0668     0.4459 r
  DP_i_decode_i_reg_file_i/U212/ZN (NAND2_X1)           0.0355     0.4814 f
  DP_i_decode_i_reg_file_i/U260/ZN (AND2_X1)            0.0368     0.5182 f
  DP_i_decode_i_reg_file_i/U263/ZN (AND4_X1)            0.0430     0.5612 f
  DP_i_decode_i_reg_file_i/U273/ZN (NAND4_X1)           0.0314     0.5925 r
  DP_i_decode_i_reg_file_i/output1[1] (register_file)   0.0000     0.5925 r
  U7512/ZN (INV_X1)                                     0.0276     0.6201 f
  U1562/Z (MUX2_X1)                                     0.0709     0.6911 f
  U1607/Z (MUX2_X1)                                     0.0693     0.7604 f
  U2085/ZN (AOI21_X1)                                   0.0486     0.8090 r
  U2061/ZN (OR2_X1)                                     0.0455     0.8545 r
  U1515/ZN (AND2_X2)                                    0.0593     0.9138 r
  U1517/ZN (NAND2_X1)                                   0.0366     0.9504 f
  U2271/ZN (AND4_X1)                                    0.0412     0.9916 f
  U2244/ZN (OAI22_X1)                                   0.0513     1.0429 r
  U2243/ZN (NAND2_X1)                                   0.0361     1.0791 f
  U2129/ZN (NAND3_X1)                                   0.0342     1.1132 r
  U2311/ZN (OAI211_X1)                                  0.0421     1.1554 f
  U3908/ZN (OAI21_X1)                                   0.0581     1.2135 r
  U6648/ZN (NAND2_X1)                                   0.0485     1.2620 f
  U7400/ZN (NAND2_X1)                                   0.0425     1.3045 r
  U1065/Z (BUF_X1)                                      0.0418     1.3463 r
  U928/Z (BUF_X1)                                       0.0418     1.3880 r
  U488/ZN (OAI21_X1)                                    0.0341     1.4221 f
  U10203/ZN (OR2_X1)                                    0.0608     1.4829 f
  U10204/ZN (OAI21_X1)                                  0.0330     1.5158 r
  U1862/ZN (AND2_X1)                                    0.0434     1.5593 r
  CP_i_hazard_unit_i_G_scoreboard_reg_12__1_/D (DFF_X2)
                                                        0.0109     1.5701 r
  data arrival time                                                1.5701

  clock CLK (rise edge)                                 1.5000     1.5000
  clock network delay (ideal)                           0.0500     1.5500
  clock uncertainty                                    -0.0500     1.5000
  CP_i_hazard_unit_i_G_scoreboard_reg_12__1_/CK (DFF_X2)
                                                        0.0000     1.5000 r
  library setup time                                   -0.0262     1.4738
  data required time                                               1.4738
  --------------------------------------------------------------------------
  data required time                                               1.4738
  data arrival time                                               -1.5701
  --------------------------------------------------------------------------
  slack (VIOLATED)                                                -0.0963


  Startpoint: DP_i_mem_access_i_rd_out_reg_i_Y_reg_3_
              (rising edge-triggered flip-flop clocked by CLK)
  Endpoint: CP_i_hazard_unit_i_G_scoreboard_reg_4__1_
            (rising edge-triggered flip-flop clocked by CLK)
  Path Group: REG2REG
  Path Type: max

  Des/Clust/Port     Wire Load Model       Library
  ------------------------------------------------
  DLX                5K_hvratio_1_4        NangateOpenCellLibrary

  Point                                                   Incr       Path
  --------------------------------------------------------------------------
  clock CLK (rise edge)                                 0.0000     0.0000
  clock network delay (ideal)                           0.0500     0.0500
  DP_i_mem_access_i_rd_out_reg_i_Y_reg_3_/CK (DFF_X1)   0.0000     0.0500 r
  DP_i_mem_access_i_rd_out_reg_i_Y_reg_3_/QN (DFF_X1)   0.0780     0.1280 r
  U7416/ZN (INV_X1)                                     0.0263     0.1544 f
  DP_i_decode_i_reg_file_i/addr_w[3] (register_file)    0.0000     0.1544 f
  DP_i_decode_i_reg_file_i/U220/ZN (XNOR2_X1)           0.0606     0.2149 f
  DP_i_decode_i_reg_file_i/U221/ZN (AND2_X1)            0.0425     0.2574 f
  DP_i_decode_i_reg_file_i/U91/ZN (AND4_X2)             0.0471     0.3045 f
  DP_i_decode_i_reg_file_i/U233/ZN (NOR2_X1)            0.0747     0.3791 r
  DP_i_decode_i_reg_file_i/U156/Z (BUF_X1)              0.0668     0.4459 r
  DP_i_decode_i_reg_file_i/U212/ZN (NAND2_X1)           0.0355     0.4814 f
  DP_i_decode_i_reg_file_i/U260/ZN (AND2_X1)            0.0368     0.5182 f
  DP_i_decode_i_reg_file_i/U263/ZN (AND4_X1)            0.0430     0.5612 f
  DP_i_decode_i_reg_file_i/U273/ZN (NAND4_X1)           0.0314     0.5925 r
  DP_i_decode_i_reg_file_i/output1[1] (register_file)   0.0000     0.5925 r
  U7512/ZN (INV_X1)                                     0.0276     0.6201 f
  U1562/Z (MUX2_X1)                                     0.0709     0.6911 f
  U1607/Z (MUX2_X1)                                     0.0693     0.7604 f
  U2085/ZN (AOI21_X1)                                   0.0486     0.8090 r
  U2061/ZN (OR2_X1)                                     0.0455     0.8545 r
  U1515/ZN (AND2_X2)                                    0.0593     0.9138 r
  U1517/ZN (NAND2_X1)                                   0.0366     0.9504 f
  U2271/ZN (AND4_X1)                                    0.0412     0.9916 f
  U2244/ZN (OAI22_X1)                                   0.0513     1.0429 r
  U2243/ZN (NAND2_X1)                                   0.0361     1.0791 f
  U2129/ZN (NAND3_X1)                                   0.0342     1.1132 r
  U2311/ZN (OAI211_X1)                                  0.0421     1.1554 f
  U3908/ZN (OAI21_X1)                                   0.0581     1.2135 r
  U6648/ZN (NAND2_X1)                                   0.0485     1.2620 f
  U7400/ZN (NAND2_X1)                                   0.0425     1.3045 r
  U1065/Z (BUF_X1)                                      0.0418     1.3463 r
  U1062/Z (BUF_X1)                                      0.0418     1.3880 r
  U434/ZN (OAI21_X1)                                    0.0341     1.4221 f
  U10207/ZN (OR2_X1)                                    0.0600     1.4821 f
  U10208/ZN (OAI21_X1)                                  0.0330     1.5151 r
  U1861/ZN (AND2_X1)                                    0.0434     1.5585 r
  CP_i_hazard_unit_i_G_scoreboard_reg_4__1_/D (DFF_X2)
                                                        0.0109     1.5694 r
  data arrival time                                                1.5694

  clock CLK (rise edge)                                 1.5000     1.5000
  clock network delay (ideal)                           0.0500     1.5500
  clock uncertainty                                    -0.0500     1.5000
  CP_i_hazard_unit_i_G_scoreboard_reg_4__1_/CK (DFF_X2)
                                                        0.0000     1.5000 r
  library setup time                                   -0.0262     1.4738
  data required time                                               1.4738
  --------------------------------------------------------------------------
  data required time                                               1.4738
  data arrival time                                               -1.5694
  --------------------------------------------------------------------------
  slack (VIOLATED)                                                -0.0956


  Startpoint: DP_i_mem_access_i_rd_out_reg_i_Y_reg_3_
              (rising edge-triggered flip-flop clocked by CLK)
  Endpoint: CP_i_hazard_unit_i_G_scoreboard_reg_4__1_
            (rising edge-triggered flip-flop clocked by CLK)
  Path Group: REG2REG
  Path Type: max

  Des/Clust/Port     Wire Load Model       Library
  ------------------------------------------------
  DLX                5K_hvratio_1_4        NangateOpenCellLibrary

  Point                                                   Incr       Path
  --------------------------------------------------------------------------
  clock CLK (rise edge)                                 0.0000     0.0000
  clock network delay (ideal)                           0.0500     0.0500
  DP_i_mem_access_i_rd_out_reg_i_Y_reg_3_/CK (DFF_X1)   0.0000     0.0500 r
  DP_i_mem_access_i_rd_out_reg_i_Y_reg_3_/QN (DFF_X1)   0.0780     0.1280 r
  U7416/ZN (INV_X1)                                     0.0263     0.1544 f
  DP_i_decode_i_reg_file_i/addr_w[3] (register_file)    0.0000     0.1544 f
  DP_i_decode_i_reg_file_i/U220/ZN (XNOR2_X1)           0.0606     0.2149 f
  DP_i_decode_i_reg_file_i/U221/ZN (AND2_X1)            0.0425     0.2574 f
  DP_i_decode_i_reg_file_i/U91/ZN (AND4_X2)             0.0471     0.3045 f
  DP_i_decode_i_reg_file_i/U233/ZN (NOR2_X1)            0.0747     0.3791 r
  DP_i_decode_i_reg_file_i/U156/Z (BUF_X1)              0.0668     0.4459 r
  DP_i_decode_i_reg_file_i/U212/ZN (NAND2_X1)           0.0355     0.4814 f
  DP_i_decode_i_reg_file_i/U260/ZN (AND2_X1)            0.0368     0.5182 f
  DP_i_decode_i_reg_file_i/U263/ZN (AND4_X1)            0.0430     0.5612 f
  DP_i_decode_i_reg_file_i/U273/ZN (NAND4_X1)           0.0314     0.5925 r
  DP_i_decode_i_reg_file_i/output1[1] (register_file)   0.0000     0.5925 r
  U7512/ZN (INV_X1)                                     0.0276     0.6201 f
  U1562/Z (MUX2_X1)                                     0.0709     0.6911 f
  U1607/Z (MUX2_X1)                                     0.0693     0.7604 f
  U2085/ZN (AOI21_X1)                                   0.0486     0.8090 r
  U2061/ZN (OR2_X1)                                     0.0455     0.8545 r
  U1515/ZN (AND2_X2)                                    0.0593     0.9138 r
  U1517/ZN (NAND2_X1)                                   0.0366     0.9504 f
  U2271/ZN (AND4_X1)                                    0.0412     0.9916 f
  U2244/ZN (OAI22_X1)                                   0.0513     1.0429 r
  U2243/ZN (NAND2_X1)                                   0.0361     1.0791 f
  U2129/ZN (NAND3_X1)                                   0.0342     1.1132 r
  U2311/ZN (OAI211_X1)                                  0.0421     1.1554 f
  U3908/ZN (OAI21_X1)                                   0.0581     1.2135 r
  U6648/ZN (NAND2_X1)                                   0.0485     1.2620 f
  U7400/ZN (NAND2_X1)                                   0.0425     1.3045 r
  U1065/Z (BUF_X1)                                      0.0418     1.3463 r
  U1062/Z (BUF_X1)                                      0.0418     1.3880 r
  U434/ZN (OAI21_X1)                                    0.0341     1.4221 f
  U10207/ZN (OR2_X1)                                    0.0600     1.4821 f
  U10208/ZN (OAI21_X1)                                  0.0330     1.5151 r
  U1861/ZN (AND2_X1)                                    0.0434     1.5585 r
  CP_i_hazard_unit_i_G_scoreboard_reg_4__1_/D (DFF_X2)
                                                        0.0109     1.5694 r
  data arrival time                                                1.5694

  clock CLK (rise edge)                                 1.5000     1.5000
  clock network delay (ideal)                           0.0500     1.5500
  clock uncertainty                                    -0.0500     1.5000
  CP_i_hazard_unit_i_G_scoreboard_reg_4__1_/CK (DFF_X2)
                                                        0.0000     1.5000 r
  library setup time                                   -0.0262     1.4738
  data required time                                               1.4738
  --------------------------------------------------------------------------
  data required time                                               1.4738
  data arrival time                                               -1.5694
  --------------------------------------------------------------------------
  slack (VIOLATED)                                                -0.0956


  Startpoint: CP_i_mem_w_reg_i_WF1_out_reg
              (rising edge-triggered flip-flop clocked by CLK)
  Endpoint: DP_i_execute_i_boothmul_i_tree_i_register_i_2_Y_temp_reg_31_
            (rising edge-triggered flip-flop clocked by CLK)
  Path Group: REG2REG
  Path Type: max

  Des/Clust/Port     Wire Load Model       Library
  ------------------------------------------------
  DLX                5K_hvratio_1_4        NangateOpenCellLibrary

  Point                                                   Incr       Path
  --------------------------------------------------------------------------
  clock CLK (rise edge)                                 0.0000     0.0000
  clock network delay (ideal)                           0.0500     0.0500
  CP_i_mem_w_reg_i_WF1_out_reg/CK (DFF_X1)              0.0000     0.0500 r
  CP_i_mem_w_reg_i_WF1_out_reg/Q (DFF_X1)               0.1018     0.1518 r
  U2471/ZN (AND2_X1)                                    0.0438     0.1956 r
  U1435/ZN (AND3_X1)                                    0.0580     0.2536 r
  U2135/ZN (NAND4_X1)                                   0.0564     0.3100 f
  U1071/ZN (AND2_X1)                                    0.0648     0.3748 f
  U2558/ZN (AOI222_X1)                                  0.1260     0.5008 r
  U2339/Z (MUX2_X1)                                     0.0833     0.5841 r
  U3592/ZN (INV_X1)                                     0.0335     0.6176 f
  U3593/ZN (AND2_X1)                                    0.0439     0.6615 f
  U1757/ZN (OR2_X1)                                     0.0689     0.7304 f
  U1077/Z (MUX2_X2)                                     0.0979     0.8283 f
  U4821/ZN (OAI21_X1)                                   0.0930     0.9213 r
  U4822/S (FA_X1)                                       0.1467     1.0681 f
  U7458/ZN (XNOR2_X1)                                   0.0678     1.1359 f
  U1476/Z (XOR2_X1)                                     0.0781     1.2140 f
  U1475/ZN (XNOR2_X1)                                   0.0603     1.2743 f
  U7459/ZN (XNOR2_X1)                                   0.0673     1.3416 f
  U7460/ZN (XNOR2_X1)                                   0.0655     1.4071 f
  U7463/ZN (OAI21_X1)                                   0.0491     1.4562 r
  U7464/ZN (XNOR2_X1)                                   0.0597     1.5159 r
  U9206/ZN (AND2_X1)                                    0.0421     1.5580 r
  DP_i_execute_i_boothmul_i_tree_i_register_i_2_Y_temp_reg_31_/D (DFF_X1)
                                                        0.0110     1.5689 r
  data arrival time                                                1.5689

  clock CLK (rise edge)                                 1.5000     1.5000
  clock network delay (ideal)                           0.0500     1.5500
  clock uncertainty                                    -0.0500     1.5000
  DP_i_execute_i_boothmul_i_tree_i_register_i_2_Y_temp_reg_31_/CK (DFF_X1)
                                                        0.0000     1.5000 r
  library setup time                                   -0.0265     1.4735
  data required time                                               1.4735
  --------------------------------------------------------------------------
  data required time                                               1.4735
  data arrival time                                               -1.5689
  --------------------------------------------------------------------------
  slack (VIOLATED)                                                -0.0954


  Startpoint: CP_i_mem_w_reg_i_WF1_out_reg
              (rising edge-triggered flip-flop clocked by CLK)
  Endpoint: DP_i_execute_i_boothmul_i_tree_i_register_i_2_Y_temp_reg_31_
            (rising edge-triggered flip-flop clocked by CLK)
  Path Group: REG2REG
  Path Type: max

  Des/Clust/Port     Wire Load Model       Library
  ------------------------------------------------
  DLX                5K_hvratio_1_4        NangateOpenCellLibrary

  Point                                                   Incr       Path
  --------------------------------------------------------------------------
  clock CLK (rise edge)                                 0.0000     0.0000
  clock network delay (ideal)                           0.0500     0.0500
  CP_i_mem_w_reg_i_WF1_out_reg/CK (DFF_X1)              0.0000     0.0500 r
  CP_i_mem_w_reg_i_WF1_out_reg/Q (DFF_X1)               0.1018     0.1518 r
  U2471/ZN (AND2_X1)                                    0.0438     0.1956 r
  U1435/ZN (AND3_X1)                                    0.0580     0.2536 r
  U2135/ZN (NAND4_X1)                                   0.0564     0.3100 f
  U1071/ZN (AND2_X1)                                    0.0648     0.3748 f
  U2558/ZN (AOI222_X1)                                  0.1260     0.5008 r
  U2339/Z (MUX2_X1)                                     0.0833     0.5841 r
  U3592/ZN (INV_X1)                                     0.0335     0.6176 f
  U3593/ZN (AND2_X1)                                    0.0439     0.6615 f
  U1757/ZN (OR2_X1)                                     0.0689     0.7304 f
  U1077/Z (MUX2_X2)                                     0.0979     0.8283 f
  U4821/ZN (OAI21_X1)                                   0.0930     0.9213 r
  U4822/S (FA_X1)                                       0.1467     1.0681 f
  U7458/ZN (XNOR2_X1)                                   0.0678     1.1359 f
  U1476/Z (XOR2_X1)                                     0.0781     1.2140 f
  U1475/ZN (XNOR2_X1)                                   0.0603     1.2743 f
  U7459/ZN (XNOR2_X1)                                   0.0673     1.3416 f
  U7460/ZN (XNOR2_X1)                                   0.0655     1.4071 f
  U7463/ZN (OAI21_X1)                                   0.0491     1.4562 r
  U7464/ZN (XNOR2_X1)                                   0.0597     1.5159 r
  U9206/ZN (AND2_X1)                                    0.0421     1.5580 r
  DP_i_execute_i_boothmul_i_tree_i_register_i_2_Y_temp_reg_31_/D (DFF_X1)
                                                        0.0110     1.5689 r
  data arrival time                                                1.5689

  clock CLK (rise edge)                                 1.5000     1.5000
  clock network delay (ideal)                           0.0500     1.5500
  clock uncertainty                                    -0.0500     1.5000
  DP_i_execute_i_boothmul_i_tree_i_register_i_2_Y_temp_reg_31_/CK (DFF_X1)
                                                        0.0000     1.5000 r
  library setup time                                   -0.0265     1.4735
  data required time                                               1.4735
  --------------------------------------------------------------------------
  data required time                                               1.4735
  data arrival time                                               -1.5689
  --------------------------------------------------------------------------
  slack (VIOLATED)                                                -0.0954


1
