 
****************************************
Report : timing
        -path full
        -delay max
        -nworst 2
        -group REG2REG
        -max_paths 10
Design : DLX
Version: W-2024.09-SP2
Date   : Sun Sep 27 03:24:15 2026
****************************************

Operating Conditions: typical   Library: NangateOpenCellLibrary
Wire Load Model Mode: top

  Startpoint: DP_i_fetch_i_IR_out_reg_28_
              (rising edge-triggered flip-flop clocked by CLK)
  Endpoint: DP_i_fetch_i_pc_i_Y_reg_9_
            (rising edge-triggered flip-flop clocked by CLK)
  Path Group: REG2REG
  Path Type: max

  Des/Clust/Port     Wire Load Model       Library
  ------------------------------------------------
  DLX                5K_hvratio_1_4        NangateOpenCellLibrary

  Point                                                   Incr       Path
  --------------------------------------------------------------------------
  clock CLK (rise edge)                                 0.0000     0.0000
  clock network delay (ideal)                           0.0500     0.0500
  DP_i_fetch_i_IR_out_reg_28_/CK (DFF_X1)               0.0000     0.0500 r
  DP_i_fetch_i_IR_out_reg_28_/QN (DFF_X1)               0.0838     0.1338 r
  U1783/ZN (NAND2_X1)                                   0.0340     0.1678 f
  U2127/ZN (NOR2_X1)                                    0.0452     0.2130 r
  U2324/ZN (NAND2_X1)                                   0.0338     0.2468 f
  U2119/ZN (AND2_X1)                                    0.0419     0.2886 f
  U3106/ZN (NAND2_X1)                                   0.0309     0.3195 r
  U3112/ZN (AND2_X1)                                    0.0416     0.3612 r
  U3116/ZN (AND2_X1)                                    0.0377     0.3989 r
  U3118/ZN (AND2_X1)                                    0.0432     0.4421 r
  U3120/ZN (NAND2_X1)                                   0.0275     0.4695 f
  U3121/ZN (OR2_X1)                                     0.0524     0.5220 f
  U3134/ZN (AOI21_X1)                                   0.0433     0.5653 r
  U2257/ZN (AND2_X1)                                    0.0532     0.6185 r
  U2762/ZN (NOR2_X1)                                    0.0296     0.6481 f
  U2727/ZN (OAI211_X1)                                  0.0444     0.6925 r
  U2728/ZN (NAND2_X1)                                   0.0307     0.7232 f
  U3155/ZN (NAND2_X1)                                   0.0321     0.7553 r
  U2692/ZN (NAND4_X1)                                   0.0426     0.7979 f
  U2309/ZN (AND3_X1)                                    0.0485     0.8463 f
  U2599/ZN (NAND2_X1)                                   0.0298     0.8762 r
  U2610/ZN (NAND2_X1)                                   0.0304     0.9065 f
  U2600/ZN (NAND2_X1)                                   0.0416     0.9482 r
  U2589/ZN (NAND2_X1)                                   0.0353     0.9835 f
  U2603/ZN (OAI21_X1)                                   0.0361     1.0196 r
  U3210/ZN (XNOR2_X1)                                   0.0660     1.0856 r
  U2696/ZN (XNOR2_X1)                                   0.0629     1.1485 r
  U2598/ZN (AND3_X1)                                    0.0523     1.2008 r
  U2695/ZN (NAND4_X1)                                   0.0406     1.2414 f
  U1254/ZN (AND4_X1)                                    0.0477     1.2891 f
  U9825/ZN (NAND2_X1)                                   0.0378     1.3269 r
  U8925/ZN (OR2_X4)                                     0.0840     1.4108 r
  U10188/ZN (OR2_X1)                                    0.0618     1.4726 r
  U10189/ZN (INV_X1)                                    0.0228     1.4954 f
  U10190/ZN (NOR2_X1)                                   0.0418     1.5371 r
  U10191/ZN (NAND4_X1)                                  0.0454     1.5825 f
  DP_i_fetch_i_pc_i_Y_reg_9_/D (DFF_X1)                 0.0104     1.5929 f
  data arrival time                                                1.5929

  clock CLK (rise edge)                                 1.6000     1.6000
  clock network delay (ideal)                           0.0500     1.6500
  clock uncertainty                                    -0.0500     1.6000
  DP_i_fetch_i_pc_i_Y_reg_9_/CK (DFF_X1)                0.0000     1.6000 r
  library setup time                                   -0.0282     1.5718
  data required time                                               1.5718
  --------------------------------------------------------------------------
  data required time                                               1.5718
  data arrival time                                               -1.5929
  --------------------------------------------------------------------------
  slack (VIOLATED)                                                -0.0211


  Startpoint: DP_i_fetch_i_IR_out_reg_28_
              (rising edge-triggered flip-flop clocked by CLK)
  Endpoint: DP_i_fetch_i_pc_i_Y_reg_6_
            (rising edge-triggered flip-flop clocked by CLK)
  Path Group: REG2REG
  Path Type: max

  Des/Clust/Port     Wire Load Model       Library
  ------------------------------------------------
  DLX                5K_hvratio_1_4        NangateOpenCellLibrary

  Point                                                   Incr       Path
  --------------------------------------------------------------------------
  clock CLK (rise edge)                                 0.0000     0.0000
  clock network delay (ideal)                           0.0500     0.0500
  DP_i_fetch_i_IR_out_reg_28_/CK (DFF_X1)               0.0000     0.0500 r
  DP_i_fetch_i_IR_out_reg_28_/QN (DFF_X1)               0.0838     0.1338 r
  U1783/ZN (NAND2_X1)                                   0.0340     0.1678 f
  U2127/ZN (NOR2_X1)                                    0.0452     0.2130 r
  U2324/ZN (NAND2_X1)                                   0.0338     0.2468 f
  U2119/ZN (AND2_X1)                                    0.0419     0.2886 f
  U3106/ZN (NAND2_X1)                                   0.0309     0.3195 r
  U3112/ZN (AND2_X1)                                    0.0416     0.3612 r
  U3116/ZN (AND2_X1)                                    0.0377     0.3989 r
  U3118/ZN (AND2_X1)                                    0.0432     0.4421 r
  U3120/ZN (NAND2_X1)                                   0.0275     0.4695 f
  U3121/ZN (OR2_X1)                                     0.0524     0.5220 f
  U3134/ZN (AOI21_X1)                                   0.0433     0.5653 r
  U2257/ZN (AND2_X1)                                    0.0532     0.6185 r
  U2762/ZN (NOR2_X1)                                    0.0296     0.6481 f
  U2727/ZN (OAI211_X1)                                  0.0444     0.6925 r
  U2728/ZN (NAND2_X1)                                   0.0307     0.7232 f
  U3155/ZN (NAND2_X1)                                   0.0321     0.7553 r
  U2692/ZN (NAND4_X1)                                   0.0426     0.7979 f
  U2309/ZN (AND3_X1)                                    0.0485     0.8463 f
  U2599/ZN (NAND2_X1)                                   0.0298     0.8762 r
  U2610/ZN (NAND2_X1)                                   0.0304     0.9065 f
  U2600/ZN (NAND2_X1)                                   0.0416     0.9482 r
  U2589/ZN (NAND2_X1)                                   0.0353     0.9835 f
  U2603/ZN (OAI21_X1)                                   0.0361     1.0196 r
  U3210/ZN (XNOR2_X1)                                   0.0660     1.0856 r
  U2696/ZN (XNOR2_X1)                                   0.0629     1.1485 r
  U2598/ZN (AND3_X1)                                    0.0523     1.2008 r
  U2695/ZN (NAND4_X1)                                   0.0406     1.2414 f
  U1254/ZN (AND4_X1)                                    0.0477     1.2891 f
  U9825/ZN (NAND2_X1)                                   0.0378     1.3269 r
  U8925/ZN (OR2_X4)                                     0.0840     1.4108 r
  U10203/ZN (OR2_X1)                                    0.0618     1.4726 r
  U10204/ZN (INV_X1)                                    0.0228     1.4954 f
  U10205/ZN (NOR2_X1)                                   0.0418     1.5371 r
  U10206/ZN (NAND4_X1)                                  0.0454     1.5825 f
  DP_i_fetch_i_pc_i_Y_reg_6_/D (DFF_X1)                 0.0104     1.5929 f
  data arrival time                                                1.5929

  clock CLK (rise edge)                                 1.6000     1.6000
  clock network delay (ideal)                           0.0500     1.6500
  clock uncertainty                                    -0.0500     1.6000
  DP_i_fetch_i_pc_i_Y_reg_6_/CK (DFF_X1)                0.0000     1.6000 r
  library setup time                                   -0.0282     1.5718
  data required time                                               1.5718
  --------------------------------------------------------------------------
  data required time                                               1.5718
  data arrival time                                               -1.5929
  --------------------------------------------------------------------------
  slack (VIOLATED)                                                -0.0211


  Startpoint: DP_i_fetch_i_IR_out_reg_28_
              (rising edge-triggered flip-flop clocked by CLK)
  Endpoint: DP_i_fetch_i_pc_i_Y_reg_7_
            (rising edge-triggered flip-flop clocked by CLK)
  Path Group: REG2REG
  Path Type: max

  Des/Clust/Port     Wire Load Model       Library
  ------------------------------------------------
  DLX                5K_hvratio_1_4        NangateOpenCellLibrary

  Point                                                   Incr       Path
  --------------------------------------------------------------------------
  clock CLK (rise edge)                                 0.0000     0.0000
  clock network delay (ideal)                           0.0500     0.0500
  DP_i_fetch_i_IR_out_reg_28_/CK (DFF_X1)               0.0000     0.0500 r
  DP_i_fetch_i_IR_out_reg_28_/QN (DFF_X1)               0.0838     0.1338 r
  U1783/ZN (NAND2_X1)                                   0.0340     0.1678 f
  U2127/ZN (NOR2_X1)                                    0.0452     0.2130 r
  U2324/ZN (NAND2_X1)                                   0.0338     0.2468 f
  U2119/ZN (AND2_X1)                                    0.0419     0.2886 f
  U3106/ZN (NAND2_X1)                                   0.0309     0.3195 r
  U3112/ZN (AND2_X1)                                    0.0416     0.3612 r
  U3116/ZN (AND2_X1)                                    0.0377     0.3989 r
  U3118/ZN (AND2_X1)                                    0.0432     0.4421 r
  U3120/ZN (NAND2_X1)                                   0.0275     0.4695 f
  U3121/ZN (OR2_X1)                                     0.0524     0.5220 f
  U3134/ZN (AOI21_X1)                                   0.0433     0.5653 r
  U2257/ZN (AND2_X1)                                    0.0532     0.6185 r
  U2762/ZN (NOR2_X1)                                    0.0296     0.6481 f
  U2727/ZN (OAI211_X1)                                  0.0444     0.6925 r
  U2728/ZN (NAND2_X1)                                   0.0307     0.7232 f
  U3155/ZN (NAND2_X1)                                   0.0321     0.7553 r
  U2692/ZN (NAND4_X1)                                   0.0426     0.7979 f
  U2309/ZN (AND3_X1)                                    0.0485     0.8463 f
  U2599/ZN (NAND2_X1)                                   0.0298     0.8762 r
  U2610/ZN (NAND2_X1)                                   0.0304     0.9065 f
  U2600/ZN (NAND2_X1)                                   0.0416     0.9482 r
  U2589/ZN (NAND2_X1)                                   0.0353     0.9835 f
  U2603/ZN (OAI21_X1)                                   0.0361     1.0196 r
  U3210/ZN (XNOR2_X1)                                   0.0660     1.0856 r
  U2696/ZN (XNOR2_X1)                                   0.0629     1.1485 r
  U2598/ZN (AND3_X1)                                    0.0523     1.2008 r
  U2695/ZN (NAND4_X1)                                   0.0406     1.2414 f
  U1254/ZN (AND4_X1)                                    0.0477     1.2891 f
  U9825/ZN (NAND2_X1)                                   0.0378     1.3269 r
  U8925/ZN (OR2_X4)                                     0.0840     1.4108 r
  U10198/ZN (OR2_X1)                                    0.0618     1.4726 r
  U10199/ZN (INV_X1)                                    0.0228     1.4954 f
  U10200/ZN (NOR2_X1)                                   0.0418     1.5371 r
  U10201/ZN (NAND4_X1)                                  0.0454     1.5825 f
  DP_i_fetch_i_pc_i_Y_reg_7_/D (DFF_X1)                 0.0104     1.5929 f
  data arrival time                                                1.5929

  clock CLK (rise edge)                                 1.6000     1.6000
  clock network delay (ideal)                           0.0500     1.6500
  clock uncertainty                                    -0.0500     1.6000
  DP_i_fetch_i_pc_i_Y_reg_7_/CK (DFF_X1)                0.0000     1.6000 r
  library setup time                                   -0.0282     1.5718
  data required time                                               1.5718
  --------------------------------------------------------------------------
  data required time                                               1.5718
  data arrival time                                               -1.5929
  --------------------------------------------------------------------------
  slack (VIOLATED)                                                -0.0211


  Startpoint: DP_i_fetch_i_IR_out_reg_28_
              (rising edge-triggered flip-flop clocked by CLK)
  Endpoint: DP_i_fetch_i_pc_i_Y_reg_8_
            (rising edge-triggered flip-flop clocked by CLK)
  Path Group: REG2REG
  Path Type: max

  Des/Clust/Port     Wire Load Model       Library
  ------------------------------------------------
  DLX                5K_hvratio_1_4        NangateOpenCellLibrary

  Point                                                   Incr       Path
  --------------------------------------------------------------------------
  clock CLK (rise edge)                                 0.0000     0.0000
  clock network delay (ideal)                           0.0500     0.0500
  DP_i_fetch_i_IR_out_reg_28_/CK (DFF_X1)               0.0000     0.0500 r
  DP_i_fetch_i_IR_out_reg_28_/QN (DFF_X1)               0.0838     0.1338 r
  U1783/ZN (NAND2_X1)                                   0.0340     0.1678 f
  U2127/ZN (NOR2_X1)                                    0.0452     0.2130 r
  U2324/ZN (NAND2_X1)                                   0.0338     0.2468 f
  U2119/ZN (AND2_X1)                                    0.0419     0.2886 f
  U3106/ZN (NAND2_X1)                                   0.0309     0.3195 r
  U3112/ZN (AND2_X1)                                    0.0416     0.3612 r
  U3116/ZN (AND2_X1)                                    0.0377     0.3989 r
  U3118/ZN (AND2_X1)                                    0.0432     0.4421 r
  U3120/ZN (NAND2_X1)                                   0.0275     0.4695 f
  U3121/ZN (OR2_X1)                                     0.0524     0.5220 f
  U3134/ZN (AOI21_X1)                                   0.0433     0.5653 r
  U2257/ZN (AND2_X1)                                    0.0532     0.6185 r
  U2762/ZN (NOR2_X1)                                    0.0296     0.6481 f
  U2727/ZN (OAI211_X1)                                  0.0444     0.6925 r
  U2728/ZN (NAND2_X1)                                   0.0307     0.7232 f
  U3155/ZN (NAND2_X1)                                   0.0321     0.7553 r
  U2692/ZN (NAND4_X1)                                   0.0426     0.7979 f
  U2309/ZN (AND3_X1)                                    0.0485     0.8463 f
  U2599/ZN (NAND2_X1)                                   0.0298     0.8762 r
  U2610/ZN (NAND2_X1)                                   0.0304     0.9065 f
  U2600/ZN (NAND2_X1)                                   0.0416     0.9482 r
  U2589/ZN (NAND2_X1)                                   0.0353     0.9835 f
  U2603/ZN (OAI21_X1)                                   0.0361     1.0196 r
  U3210/ZN (XNOR2_X1)                                   0.0660     1.0856 r
  U2696/ZN (XNOR2_X1)                                   0.0629     1.1485 r
  U2598/ZN (AND3_X1)                                    0.0523     1.2008 r
  U2695/ZN (NAND4_X1)                                   0.0406     1.2414 f
  U1254/ZN (AND4_X1)                                    0.0477     1.2891 f
  U9825/ZN (NAND2_X1)                                   0.0378     1.3269 r
  U8925/ZN (OR2_X4)                                     0.0840     1.4108 r
  U10193/ZN (OR2_X1)                                    0.0618     1.4726 r
  U10194/ZN (INV_X1)                                    0.0228     1.4954 f
  U10195/ZN (NOR2_X1)                                   0.0418     1.5371 r
  U10196/ZN (NAND4_X1)                                  0.0454     1.5825 f
  DP_i_fetch_i_pc_i_Y_reg_8_/D (DFF_X1)                 0.0104     1.5929 f
  data arrival time                                                1.5929

  clock CLK (rise edge)                                 1.6000     1.6000
  clock network delay (ideal)                           0.0500     1.6500
  clock uncertainty                                    -0.0500     1.6000
  DP_i_fetch_i_pc_i_Y_reg_8_/CK (DFF_X1)                0.0000     1.6000 r
  library setup time                                   -0.0282     1.5718
  data required time                                               1.5718
  --------------------------------------------------------------------------
  data required time                                               1.5718
  data arrival time                                               -1.5929
  --------------------------------------------------------------------------
  slack (VIOLATED)                                                -0.0211


  Startpoint: DP_i_fetch_i_IR_out_reg_28_
              (rising edge-triggered flip-flop clocked by CLK)
  Endpoint: DP_i_fetch_i_pc_i_Y_reg_3_
            (rising edge-triggered flip-flop clocked by CLK)
  Path Group: REG2REG
  Path Type: max

  Des/Clust/Port     Wire Load Model       Library
  ------------------------------------------------
  DLX                5K_hvratio_1_4        NangateOpenCellLibrary

  Point                                                   Incr       Path
  --------------------------------------------------------------------------
  clock CLK (rise edge)                                 0.0000     0.0000
  clock network delay (ideal)                           0.0500     0.0500
  DP_i_fetch_i_IR_out_reg_28_/CK (DFF_X1)               0.0000     0.0500 r
  DP_i_fetch_i_IR_out_reg_28_/QN (DFF_X1)               0.0838     0.1338 r
  U1783/ZN (NAND2_X1)                                   0.0340     0.1678 f
  U2127/ZN (NOR2_X1)                                    0.0452     0.2130 r
  U2324/ZN (NAND2_X1)                                   0.0338     0.2468 f
  U2119/ZN (AND2_X1)                                    0.0419     0.2886 f
  U3106/ZN (NAND2_X1)                                   0.0309     0.3195 r
  U3112/ZN (AND2_X1)                                    0.0416     0.3612 r
  U3116/ZN (AND2_X1)                                    0.0377     0.3989 r
  U3118/ZN (AND2_X1)                                    0.0432     0.4421 r
  U3120/ZN (NAND2_X1)                                   0.0275     0.4695 f
  U3121/ZN (OR2_X1)                                     0.0524     0.5220 f
  U3134/ZN (AOI21_X1)                                   0.0433     0.5653 r
  U2257/ZN (AND2_X1)                                    0.0532     0.6185 r
  U2762/ZN (NOR2_X1)                                    0.0296     0.6481 f
  U2727/ZN (OAI211_X1)                                  0.0444     0.6925 r
  U2728/ZN (NAND2_X1)                                   0.0307     0.7232 f
  U3155/ZN (NAND2_X1)                                   0.0321     0.7553 r
  U2692/ZN (NAND4_X1)                                   0.0426     0.7979 f
  U2309/ZN (AND3_X1)                                    0.0485     0.8463 f
  U2599/ZN (NAND2_X1)                                   0.0298     0.8762 r
  U2610/ZN (NAND2_X1)                                   0.0304     0.9065 f
  U2600/ZN (NAND2_X1)                                   0.0416     0.9482 r
  U2589/ZN (NAND2_X1)                                   0.0353     0.9835 f
  U2603/ZN (OAI21_X1)                                   0.0361     1.0196 r
  U3210/ZN (XNOR2_X1)                                   0.0660     1.0856 r
  U2696/ZN (XNOR2_X1)                                   0.0629     1.1485 r
  U2598/ZN (AND3_X1)                                    0.0523     1.2008 r
  U2695/ZN (NAND4_X1)                                   0.0406     1.2414 f
  U1254/ZN (AND4_X1)                                    0.0477     1.2891 f
  U9825/ZN (NAND2_X1)                                   0.0378     1.3269 r
  U8925/ZN (OR2_X4)                                     0.0840     1.4108 r
  U10220/ZN (OR2_X1)                                    0.0618     1.4726 r
  U10221/ZN (INV_X1)                                    0.0228     1.4954 f
  U10222/ZN (NOR2_X1)                                   0.0418     1.5371 r
  U10223/ZN (NAND4_X1)                                  0.0454     1.5825 f
  DP_i_fetch_i_pc_i_Y_reg_3_/D (DFF_X1)                 0.0104     1.5929 f
  data arrival time                                                1.5929

  clock CLK (rise edge)                                 1.6000     1.6000
  clock network delay (ideal)                           0.0500     1.6500
  clock uncertainty                                    -0.0500     1.6000
  DP_i_fetch_i_pc_i_Y_reg_3_/CK (DFF_X1)                0.0000     1.6000 r
  library setup time                                   -0.0282     1.5718
  data required time                                               1.5718
  --------------------------------------------------------------------------
  data required time                                               1.5718
  data arrival time                                               -1.5929
  --------------------------------------------------------------------------
  slack (VIOLATED)                                                -0.0211


  Startpoint: DP_i_fetch_i_IR_out_reg_28_
              (rising edge-triggered flip-flop clocked by CLK)
  Endpoint: DP_i_fetch_i_pc_i_Y_reg_13_
            (rising edge-triggered flip-flop clocked by CLK)
  Path Group: REG2REG
  Path Type: max

  Des/Clust/Port     Wire Load Model       Library
  ------------------------------------------------
  DLX                5K_hvratio_1_4        NangateOpenCellLibrary

  Point                                                   Incr       Path
  --------------------------------------------------------------------------
  clock CLK (rise edge)                                 0.0000     0.0000
  clock network delay (ideal)                           0.0500     0.0500
  DP_i_fetch_i_IR_out_reg_28_/CK (DFF_X1)               0.0000     0.0500 r
  DP_i_fetch_i_IR_out_reg_28_/QN (DFF_X1)               0.0838     0.1338 r
  U1783/ZN (NAND2_X1)                                   0.0340     0.1678 f
  U2127/ZN (NOR2_X1)                                    0.0452     0.2130 r
  U2324/ZN (NAND2_X1)                                   0.0338     0.2468 f
  U2119/ZN (AND2_X1)                                    0.0419     0.2886 f
  U3106/ZN (NAND2_X1)                                   0.0309     0.3195 r
  U3112/ZN (AND2_X1)                                    0.0416     0.3612 r
  U3116/ZN (AND2_X1)                                    0.0377     0.3989 r
  U3118/ZN (AND2_X1)                                    0.0432     0.4421 r
  U3120/ZN (NAND2_X1)                                   0.0275     0.4695 f
  U3121/ZN (OR2_X1)                                     0.0524     0.5220 f
  U3134/ZN (AOI21_X1)                                   0.0433     0.5653 r
  U2257/ZN (AND2_X1)                                    0.0532     0.6185 r
  U2762/ZN (NOR2_X1)                                    0.0296     0.6481 f
  U2727/ZN (OAI211_X1)                                  0.0444     0.6925 r
  U2728/ZN (NAND2_X1)                                   0.0307     0.7232 f
  U3155/ZN (NAND2_X1)                                   0.0321     0.7553 r
  U2692/ZN (NAND4_X1)                                   0.0426     0.7979 f
  U2309/ZN (AND3_X1)                                    0.0485     0.8463 f
  U2599/ZN (NAND2_X1)                                   0.0298     0.8762 r
  U2610/ZN (NAND2_X1)                                   0.0304     0.9065 f
  U2600/ZN (NAND2_X1)                                   0.0416     0.9482 r
  U2589/ZN (NAND2_X1)                                   0.0353     0.9835 f
  U2603/ZN (OAI21_X1)                                   0.0361     1.0196 r
  U3210/ZN (XNOR2_X1)                                   0.0660     1.0856 r
  U2696/ZN (XNOR2_X1)                                   0.0629     1.1485 r
  U2598/ZN (AND3_X1)                                    0.0523     1.2008 r
  U2695/ZN (NAND4_X1)                                   0.0406     1.2414 f
  U1254/ZN (AND4_X1)                                    0.0477     1.2891 f
  U9825/ZN (NAND2_X1)                                   0.0378     1.3269 r
  U8925/ZN (OR2_X4)                                     0.0840     1.4108 r
  U10170/ZN (OR2_X1)                                    0.0618     1.4726 r
  U10171/ZN (INV_X1)                                    0.0228     1.4954 f
  U10172/ZN (NOR2_X1)                                   0.0418     1.5371 r
  U10173/ZN (NAND4_X1)                                  0.0454     1.5825 f
  DP_i_fetch_i_pc_i_Y_reg_13_/D (DFF_X1)                0.0104     1.5929 f
  data arrival time                                                1.5929

  clock CLK (rise edge)                                 1.6000     1.6000
  clock network delay (ideal)                           0.0500     1.6500
  clock uncertainty                                    -0.0500     1.6000
  DP_i_fetch_i_pc_i_Y_reg_13_/CK (DFF_X1)               0.0000     1.6000 r
  library setup time                                   -0.0282     1.5718
  data required time                                               1.5718
  --------------------------------------------------------------------------
  data required time                                               1.5718
  data arrival time                                               -1.5929
  --------------------------------------------------------------------------
  slack (VIOLATED)                                                -0.0211


  Startpoint: DP_i_fetch_i_IR_out_reg_28_
              (rising edge-triggered flip-flop clocked by CLK)
  Endpoint: DP_i_fetch_i_pc_i_Y_reg_11_
            (rising edge-triggered flip-flop clocked by CLK)
  Path Group: REG2REG
  Path Type: max

  Des/Clust/Port     Wire Load Model       Library
  ------------------------------------------------
  DLX                5K_hvratio_1_4        NangateOpenCellLibrary

  Point                                                   Incr       Path
  --------------------------------------------------------------------------
  clock CLK (rise edge)                                 0.0000     0.0000
  clock network delay (ideal)                           0.0500     0.0500
  DP_i_fetch_i_IR_out_reg_28_/CK (DFF_X1)               0.0000     0.0500 r
  DP_i_fetch_i_IR_out_reg_28_/QN (DFF_X1)               0.0838     0.1338 r
  U1783/ZN (NAND2_X1)                                   0.0340     0.1678 f
  U2127/ZN (NOR2_X1)                                    0.0452     0.2130 r
  U2324/ZN (NAND2_X1)                                   0.0338     0.2468 f
  U2119/ZN (AND2_X1)                                    0.0419     0.2886 f
  U3106/ZN (NAND2_X1)                                   0.0309     0.3195 r
  U3112/ZN (AND2_X1)                                    0.0416     0.3612 r
  U3116/ZN (AND2_X1)                                    0.0377     0.3989 r
  U3118/ZN (AND2_X1)                                    0.0432     0.4421 r
  U3120/ZN (NAND2_X1)                                   0.0275     0.4695 f
  U3121/ZN (OR2_X1)                                     0.0524     0.5220 f
  U3134/ZN (AOI21_X1)                                   0.0433     0.5653 r
  U2257/ZN (AND2_X1)                                    0.0532     0.6185 r
  U2762/ZN (NOR2_X1)                                    0.0296     0.6481 f
  U2727/ZN (OAI211_X1)                                  0.0444     0.6925 r
  U2728/ZN (NAND2_X1)                                   0.0307     0.7232 f
  U3155/ZN (NAND2_X1)                                   0.0321     0.7553 r
  U2692/ZN (NAND4_X1)                                   0.0426     0.7979 f
  U2309/ZN (AND3_X1)                                    0.0485     0.8463 f
  U2599/ZN (NAND2_X1)                                   0.0298     0.8762 r
  U2610/ZN (NAND2_X1)                                   0.0304     0.9065 f
  U2600/ZN (NAND2_X1)                                   0.0416     0.9482 r
  U2589/ZN (NAND2_X1)                                   0.0353     0.9835 f
  U2603/ZN (OAI21_X1)                                   0.0361     1.0196 r
  U3210/ZN (XNOR2_X1)                                   0.0660     1.0856 r
  U2696/ZN (XNOR2_X1)                                   0.0629     1.1485 r
  U2598/ZN (AND3_X1)                                    0.0523     1.2008 r
  U2695/ZN (NAND4_X1)                                   0.0406     1.2414 f
  U1254/ZN (AND4_X1)                                    0.0477     1.2891 f
  U9825/ZN (NAND2_X1)                                   0.0378     1.3269 r
  U8925/ZN (OR2_X4)                                     0.0840     1.4108 r
  U10181/ZN (OR2_X1)                                    0.0618     1.4726 r
  U10182/ZN (INV_X1)                                    0.0228     1.4954 f
  U10183/ZN (NOR2_X1)                                   0.0418     1.5371 r
  U10184/ZN (NAND4_X1)                                  0.0454     1.5825 f
  DP_i_fetch_i_pc_i_Y_reg_11_/D (DFF_X1)                0.0104     1.5929 f
  data arrival time                                                1.5929

  clock CLK (rise edge)                                 1.6000     1.6000
  clock network delay (ideal)                           0.0500     1.6500
  clock uncertainty                                    -0.0500     1.6000
  DP_i_fetch_i_pc_i_Y_reg_11_/CK (DFF_X1)               0.0000     1.6000 r
  library setup time                                   -0.0282     1.5718
  data required time                                               1.5718
  --------------------------------------------------------------------------
  data required time                                               1.5718
  data arrival time                                               -1.5929
  --------------------------------------------------------------------------
  slack (VIOLATED)                                                -0.0211


  Startpoint: DP_i_fetch_i_IR_out_reg_28_
              (rising edge-triggered flip-flop clocked by CLK)
  Endpoint: DP_i_fetch_i_pc_i_Y_reg_5_
            (rising edge-triggered flip-flop clocked by CLK)
  Path Group: REG2REG
  Path Type: max

  Des/Clust/Port     Wire Load Model       Library
  ------------------------------------------------
  DLX                5K_hvratio_1_4        NangateOpenCellLibrary

  Point                                                   Incr       Path
  --------------------------------------------------------------------------
  clock CLK (rise edge)                                 0.0000     0.0000
  clock network delay (ideal)                           0.0500     0.0500
  DP_i_fetch_i_IR_out_reg_28_/CK (DFF_X1)               0.0000     0.0500 r
  DP_i_fetch_i_IR_out_reg_28_/QN (DFF_X1)               0.0838     0.1338 r
  U1783/ZN (NAND2_X1)                                   0.0340     0.1678 f
  U2127/ZN (NOR2_X1)                                    0.0452     0.2130 r
  U2324/ZN (NAND2_X1)                                   0.0338     0.2468 f
  U2119/ZN (AND2_X1)                                    0.0419     0.2886 f
  U3106/ZN (NAND2_X1)                                   0.0309     0.3195 r
  U3112/ZN (AND2_X1)                                    0.0416     0.3612 r
  U3116/ZN (AND2_X1)                                    0.0377     0.3989 r
  U3118/ZN (AND2_X1)                                    0.0432     0.4421 r
  U3120/ZN (NAND2_X1)                                   0.0275     0.4695 f
  U3121/ZN (OR2_X1)                                     0.0524     0.5220 f
  U3134/ZN (AOI21_X1)                                   0.0433     0.5653 r
  U2257/ZN (AND2_X1)                                    0.0532     0.6185 r
  U2762/ZN (NOR2_X1)                                    0.0296     0.6481 f
  U2727/ZN (OAI211_X1)                                  0.0444     0.6925 r
  U2728/ZN (NAND2_X1)                                   0.0307     0.7232 f
  U3155/ZN (NAND2_X1)                                   0.0321     0.7553 r
  U2692/ZN (NAND4_X1)                                   0.0426     0.7979 f
  U2309/ZN (AND3_X1)                                    0.0485     0.8463 f
  U2599/ZN (NAND2_X1)                                   0.0298     0.8762 r
  U2610/ZN (NAND2_X1)                                   0.0304     0.9065 f
  U2600/ZN (NAND2_X1)                                   0.0416     0.9482 r
  U2589/ZN (NAND2_X1)                                   0.0353     0.9835 f
  U2603/ZN (OAI21_X1)                                   0.0361     1.0196 r
  U3210/ZN (XNOR2_X1)                                   0.0660     1.0856 r
  U2696/ZN (XNOR2_X1)                                   0.0629     1.1485 r
  U2598/ZN (AND3_X1)                                    0.0523     1.2008 r
  U2695/ZN (NAND4_X1)                                   0.0406     1.2414 f
  U1254/ZN (AND4_X1)                                    0.0477     1.2891 f
  U9825/ZN (NAND2_X1)                                   0.0378     1.3269 r
  U8925/ZN (OR2_X4)                                     0.0840     1.4108 r
  U10209/ZN (OR2_X1)                                    0.0618     1.4726 r
  U10210/ZN (INV_X1)                                    0.0228     1.4954 f
  U10211/ZN (NOR2_X1)                                   0.0418     1.5371 r
  U10212/ZN (NAND4_X1)                                  0.0454     1.5825 f
  DP_i_fetch_i_pc_i_Y_reg_5_/D (DFF_X1)                 0.0104     1.5929 f
  data arrival time                                                1.5929

  clock CLK (rise edge)                                 1.6000     1.6000
  clock network delay (ideal)                           0.0500     1.6500
  clock uncertainty                                    -0.0500     1.6000
  DP_i_fetch_i_pc_i_Y_reg_5_/CK (DFF_X1)                0.0000     1.6000 r
  library setup time                                   -0.0282     1.5718
  data required time                                               1.5718
  --------------------------------------------------------------------------
  data required time                                               1.5718
  data arrival time                                               -1.5929
  --------------------------------------------------------------------------
  slack (VIOLATED)                                                -0.0211


  Startpoint: DP_i_fetch_i_IR_out_reg_28_
              (rising edge-triggered flip-flop clocked by CLK)
  Endpoint: DP_i_fetch_i_pc_i_Y_reg_12_
            (rising edge-triggered flip-flop clocked by CLK)
  Path Group: REG2REG
  Path Type: max

  Des/Clust/Port     Wire Load Model       Library
  ------------------------------------------------
  DLX                5K_hvratio_1_4        NangateOpenCellLibrary

  Point                                                   Incr       Path
  --------------------------------------------------------------------------
  clock CLK (rise edge)                                 0.0000     0.0000
  clock network delay (ideal)                           0.0500     0.0500
  DP_i_fetch_i_IR_out_reg_28_/CK (DFF_X1)               0.0000     0.0500 r
  DP_i_fetch_i_IR_out_reg_28_/QN (DFF_X1)               0.0838     0.1338 r
  U1783/ZN (NAND2_X1)                                   0.0340     0.1678 f
  U2127/ZN (NOR2_X1)                                    0.0452     0.2130 r
  U2324/ZN (NAND2_X1)                                   0.0338     0.2468 f
  U2119/ZN (AND2_X1)                                    0.0419     0.2886 f
  U3106/ZN (NAND2_X1)                                   0.0309     0.3195 r
  U3112/ZN (AND2_X1)                                    0.0416     0.3612 r
  U3116/ZN (AND2_X1)                                    0.0377     0.3989 r
  U3118/ZN (AND2_X1)                                    0.0432     0.4421 r
  U3120/ZN (NAND2_X1)                                   0.0275     0.4695 f
  U3121/ZN (OR2_X1)                                     0.0524     0.5220 f
  U3134/ZN (AOI21_X1)                                   0.0433     0.5653 r
  U2257/ZN (AND2_X1)                                    0.0532     0.6185 r
  U2762/ZN (NOR2_X1)                                    0.0296     0.6481 f
  U2727/ZN (OAI211_X1)                                  0.0444     0.6925 r
  U2728/ZN (NAND2_X1)                                   0.0307     0.7232 f
  U3155/ZN (NAND2_X1)                                   0.0321     0.7553 r
  U2692/ZN (NAND4_X1)                                   0.0426     0.7979 f
  U2309/ZN (AND3_X1)                                    0.0485     0.8463 f
  U2599/ZN (NAND2_X1)                                   0.0298     0.8762 r
  U2610/ZN (NAND2_X1)                                   0.0304     0.9065 f
  U2600/ZN (NAND2_X1)                                   0.0416     0.9482 r
  U2589/ZN (NAND2_X1)                                   0.0353     0.9835 f
  U2603/ZN (OAI21_X1)                                   0.0361     1.0196 r
  U3210/ZN (XNOR2_X1)                                   0.0660     1.0856 r
  U2696/ZN (XNOR2_X1)                                   0.0629     1.1485 r
  U2598/ZN (AND3_X1)                                    0.0523     1.2008 r
  U2695/ZN (NAND4_X1)                                   0.0406     1.2414 f
  U1254/ZN (AND4_X1)                                    0.0477     1.2891 f
  U9825/ZN (NAND2_X1)                                   0.0378     1.3269 r
  U8925/ZN (OR2_X4)                                     0.0840     1.4108 r
  U10176/ZN (OR2_X1)                                    0.0618     1.4726 r
  U10177/ZN (INV_X1)                                    0.0228     1.4954 f
  U10178/ZN (NOR2_X1)                                   0.0418     1.5371 r
  U10179/ZN (NAND4_X1)                                  0.0454     1.5825 f
  DP_i_fetch_i_pc_i_Y_reg_12_/D (DFF_X1)                0.0104     1.5929 f
  data arrival time                                                1.5929

  clock CLK (rise edge)                                 1.6000     1.6000
  clock network delay (ideal)                           0.0500     1.6500
  clock uncertainty                                    -0.0500     1.6000
  DP_i_fetch_i_pc_i_Y_reg_12_/CK (DFF_X1)               0.0000     1.6000 r
  library setup time                                   -0.0282     1.5718
  data required time                                               1.5718
  --------------------------------------------------------------------------
  data required time                                               1.5718
  data arrival time                                               -1.5929
  --------------------------------------------------------------------------
  slack (VIOLATED)                                                -0.0211


  Startpoint: DP_i_fetch_i_IR_out_reg_28_
              (rising edge-triggered flip-flop clocked by CLK)
  Endpoint: DP_i_fetch_i_pc_i_Y_reg_4_
            (rising edge-triggered flip-flop clocked by CLK)
  Path Group: REG2REG
  Path Type: max

  Des/Clust/Port     Wire Load Model       Library
  ------------------------------------------------
  DLX                5K_hvratio_1_4        NangateOpenCellLibrary

  Point                                                   Incr       Path
  --------------------------------------------------------------------------
  clock CLK (rise edge)                                 0.0000     0.0000
  clock network delay (ideal)                           0.0500     0.0500
  DP_i_fetch_i_IR_out_reg_28_/CK (DFF_X1)               0.0000     0.0500 r
  DP_i_fetch_i_IR_out_reg_28_/QN (DFF_X1)               0.0838     0.1338 r
  U1783/ZN (NAND2_X1)                                   0.0340     0.1678 f
  U2127/ZN (NOR2_X1)                                    0.0452     0.2130 r
  U2324/ZN (NAND2_X1)                                   0.0338     0.2468 f
  U2119/ZN (AND2_X1)                                    0.0419     0.2886 f
  U3106/ZN (NAND2_X1)                                   0.0309     0.3195 r
  U3112/ZN (AND2_X1)                                    0.0416     0.3612 r
  U3116/ZN (AND2_X1)                                    0.0377     0.3989 r
  U3118/ZN (AND2_X1)                                    0.0432     0.4421 r
  U3120/ZN (NAND2_X1)                                   0.0275     0.4695 f
  U3121/ZN (OR2_X1)                                     0.0524     0.5220 f
  U3134/ZN (AOI21_X1)                                   0.0433     0.5653 r
  U2257/ZN (AND2_X1)                                    0.0532     0.6185 r
  U2762/ZN (NOR2_X1)                                    0.0296     0.6481 f
  U2727/ZN (OAI211_X1)                                  0.0444     0.6925 r
  U2728/ZN (NAND2_X1)                                   0.0307     0.7232 f
  U3155/ZN (NAND2_X1)                                   0.0321     0.7553 r
  U2692/ZN (NAND4_X1)                                   0.0426     0.7979 f
  U2309/ZN (AND3_X1)                                    0.0485     0.8463 f
  U2599/ZN (NAND2_X1)                                   0.0298     0.8762 r
  U2610/ZN (NAND2_X1)                                   0.0304     0.9065 f
  U2600/ZN (NAND2_X1)                                   0.0416     0.9482 r
  U2589/ZN (NAND2_X1)                                   0.0353     0.9835 f
  U2603/ZN (OAI21_X1)                                   0.0361     1.0196 r
  U3210/ZN (XNOR2_X1)                                   0.0660     1.0856 r
  U2696/ZN (XNOR2_X1)                                   0.0629     1.1485 r
  U2598/ZN (AND3_X1)                                    0.0523     1.2008 r
  U2695/ZN (NAND4_X1)                                   0.0406     1.2414 f
  U1254/ZN (AND4_X1)                                    0.0477     1.2891 f
  U9825/ZN (NAND2_X1)                                   0.0378     1.3269 r
  U8925/ZN (OR2_X4)                                     0.0840     1.4108 r
  U10214/ZN (OR2_X1)                                    0.0618     1.4726 r
  U10215/ZN (INV_X1)                                    0.0228     1.4954 f
  U10216/ZN (NOR2_X1)                                   0.0418     1.5371 r
  U10217/ZN (NAND4_X1)                                  0.0454     1.5825 f
  DP_i_fetch_i_pc_i_Y_reg_4_/D (DFF_X1)                 0.0104     1.5929 f
  data arrival time                                                1.5929

  clock CLK (rise edge)                                 1.6000     1.6000
  clock network delay (ideal)                           0.0500     1.6500
  clock uncertainty                                    -0.0500     1.6000
  DP_i_fetch_i_pc_i_Y_reg_4_/CK (DFF_X1)                0.0000     1.6000 r
  library setup time                                   -0.0282     1.5718
  data required time                                               1.5718
  --------------------------------------------------------------------------
  data required time                                               1.5718
  data arrival time                                               -1.5929
  --------------------------------------------------------------------------
  slack (VIOLATED)                                                -0.0211


1
