 
****************************************
Report : qor
Design : DLX
Version: W-2024.09-SP2
Date   : Tue Sep 29 12:00:53 2026
****************************************


  Timing Path Group 'CLK'
  -----------------------------------
  Levels of Logic:              30.00
  Critical Path Length:          1.61
  Critical Path Slack:          -0.47
  Critical Path Clk Period:      1.25
  Total Negative Slack:        -14.56
  No. of Violating Paths:       35.00
  Worst Hold Violation:          0.00
  Total Hold Violation:          0.00
  No. of Hold Violations:        0.00
  -----------------------------------

  Timing Path Group 'INPUTS'
  -----------------------------------
  Levels of Logic:               9.00
  Critical Path Length:          0.92
  Critical Path Slack:           0.13
  Critical Path Clk Period:      1.25
  Total Negative Slack:          0.00
  No. of Violating Paths:        0.00
  Worst Hold Violation:          0.00
  Total Hold Violation:          0.00
  No. of Hold Violations:        0.00
  -----------------------------------

  Timing Path Group 'OUTPUTS'
  -----------------------------------
  Levels of Logic:              23.00
  Critical Path Length:          1.35
  Critical Path Slack:          -0.28
  Critical Path Clk Period:      1.25
  Total Negative Slack:         -0.28
  No. of Violating Paths:        1.00
  Worst Hold Violation:          0.00
  Total Hold Violation:          0.00
  No. of Hold Violations:        0.00
  -----------------------------------

  Timing Path Group 'REG2REG'
  -----------------------------------
  Levels of Logic:              29.00
  Critical Path Length:          1.72
  Critical Path Slack:          -0.54
  Critical Path Clk Period:      1.25
  Total Negative Slack:       -204.12
  No. of Violating Paths:      792.00
  Worst Hold Violation:          0.00
  Total Hold Violation:          0.00
  No. of Hold Violations:        0.00
  -----------------------------------


  Cell Count
  -----------------------------------
  Hierarchical Cell Count:         72
  Hierarchical Port Count:        288
  Leaf Cell Count:              15259
  Buf/Inv Cell Count:            1556
  Buf Cell Count:                 236
  Inv Cell Count:                1320
  CT Buf/Inv Cell Count:            0
  Combinational Cell Count:     12449
  Sequential Cell Count:         2810
  Macro Count:                      0
  -----------------------------------


  Area
  -----------------------------------
  Combinational Area:    13741.293989
  Noncombinational Area: 12773.319557
  Buf/Inv Area:           1011.332006
  Total Buffer Area:           296.86
  Total Inverter Area:         714.48
  Macro/Black Box Area:      0.000000
  Net Area:                  0.000000
  -----------------------------------
  Cell Area:             26514.613546
  Design Area:           26514.613546


  Design Rules
  -----------------------------------
  Total Number of Nets:         15632
  Nets With Violations:             2
  Max Trans Violations:             0
  Max Cap Violations:               2
  -----------------------------------


  Hostname: microsys.openstack.polito

  Compile CPU Statistics
  -----------------------------------------
  Resource Sharing:                    4.40
  Logic Optimization:                 41.71
  Mapping Optimization:              123.56
  -----------------------------------------
  Overall Compile Time:              239.35
  Overall Compile Wall Clock Time:   243.70

  --------------------------------------------------------------------

  Design  WNS: 0.54  TNS: 218.96  Number of Violating Paths: 828


  Design (Hold)  WNS: 0.00  TNS: 0.00  Number of Violating Paths: 0

  --------------------------------------------------------------------


1
