 
****************************************
Report : qor
Design : DLX
Version: W-2024.09-SP2
Date   : Tue Sep 29 11:56:29 2026
****************************************


  Timing Path Group 'CLK'
  -----------------------------------
  Levels of Logic:              26.00
  Critical Path Length:          1.56
  Critical Path Slack:          -0.52
  Critical Path Clk Period:      1.15
  Total Negative Slack:        -14.58
  No. of Violating Paths:       35.00
  Worst Hold Violation:          0.00
  Total Hold Violation:          0.00
  No. of Hold Violations:        0.00
  -----------------------------------

  Timing Path Group 'INPUTS'
  -----------------------------------
  Levels of Logic:              11.00
  Critical Path Length:          0.66
  Critical Path Slack:           0.30
  Critical Path Clk Period:      1.15
  Total Negative Slack:          0.00
  No. of Violating Paths:        0.00
  Worst Hold Violation:          0.00
  Total Hold Violation:          0.00
  No. of Hold Violations:        0.00
  -----------------------------------

  Timing Path Group 'OUTPUTS'
  -----------------------------------
  Levels of Logic:              19.00
  Critical Path Length:          1.17
  Critical Path Slack:          -0.18
  Critical Path Clk Period:      1.15
  Total Negative Slack:         -0.18
  No. of Violating Paths:        1.00
  Worst Hold Violation:          0.00
  Total Hold Violation:          0.00
  No. of Hold Violations:        0.00
  -----------------------------------

  Timing Path Group 'REG2REG'
  -----------------------------------
  Levels of Logic:              29.00
  Critical Path Length:          1.76
  Critical Path Slack:          -0.69
  Critical Path Clk Period:      1.15
  Total Negative Slack:       -294.28
  No. of Violating Paths:      891.00
  Worst Hold Violation:          0.00
  Total Hold Violation:          0.00
  No. of Hold Violations:        0.00
  -----------------------------------


  Cell Count
  -----------------------------------
  Hierarchical Cell Count:         72
  Hierarchical Port Count:        288
  Leaf Cell Count:              15618
  Buf/Inv Cell Count:            1593
  Buf Cell Count:                 217
  Inv Cell Count:                1376
  CT Buf/Inv Cell Count:            0
  Combinational Cell Count:     12808
  Sequential Cell Count:         2810
  Macro Count:                      0
  -----------------------------------


  Area
  -----------------------------------
  Combinational Area:    14037.883979
  Noncombinational Area: 12756.295555
  Buf/Inv Area:           1036.070007
  Total Buffer Area:           293.40
  Total Inverter Area:         742.67
  Macro/Black Box Area:      0.000000
  Net Area:                  0.000000
  -----------------------------------
  Cell Area:             26794.179533
  Design Area:           26794.179533


  Design Rules
  -----------------------------------
  Total Number of Nets:         16494
  Nets With Violations:             0
  Max Trans Violations:             0
  Max Cap Violations:               0
  -----------------------------------


  Hostname: microsys.openstack.polito

  Compile CPU Statistics
  -----------------------------------------
  Resource Sharing:                    3.68
  Logic Optimization:                 46.42
  Mapping Optimization:               77.58
  -----------------------------------------
  Overall Compile Time:              194.71
  Overall Compile Wall Clock Time:   198.71

  --------------------------------------------------------------------

  Design  WNS: 0.69  TNS: 309.05  Number of Violating Paths: 927


  Design (Hold)  WNS: 0.00  TNS: 0.00  Number of Violating Paths: 0

  --------------------------------------------------------------------


1
