 
****************************************
Report : qor
Design : DLX
Version: W-2024.09-SP2
Date   : Tue Sep 29 11:52:51 2026
****************************************


  Timing Path Group 'CLK'
  -----------------------------------
  Levels of Logic:              27.00
  Critical Path Length:          1.39
  Critical Path Slack:          -0.46
  Critical Path Clk Period:      1.05
  Total Negative Slack:        -13.84
  No. of Violating Paths:       35.00
  Worst Hold Violation:          0.00
  Total Hold Violation:          0.00
  No. of Hold Violations:        0.00
  -----------------------------------

  Timing Path Group 'INPUTS'
  -----------------------------------
  Levels of Logic:               7.00
  Critical Path Length:          0.68
  Critical Path Slack:           0.19
  Critical Path Clk Period:      1.05
  Total Negative Slack:          0.00
  No. of Violating Paths:        0.00
  Worst Hold Violation:          0.00
  Total Hold Violation:          0.00
  No. of Hold Violations:        0.00
  -----------------------------------

  Timing Path Group 'OUTPUTS'
  -----------------------------------
  Levels of Logic:              21.00
  Critical Path Length:          1.11
  Critical Path Slack:          -0.22
  Critical Path Clk Period:      1.05
  Total Negative Slack:         -0.22
  No. of Violating Paths:        1.00
  Worst Hold Violation:          0.00
  Total Hold Violation:          0.00
  No. of Hold Violations:        0.00
  -----------------------------------

  Timing Path Group 'REG2REG'
  -----------------------------------
  Levels of Logic:              28.00
  Critical Path Length:          1.58
  Critical Path Slack:          -0.61
  Critical Path Clk Period:      1.05
  Total Negative Slack:       -294.09
  No. of Violating Paths:      916.00
  Worst Hold Violation:          0.00
  Total Hold Violation:          0.00
  No. of Hold Violations:        0.00
  -----------------------------------


  Cell Count
  -----------------------------------
  Hierarchical Cell Count:         72
  Hierarchical Port Count:        288
  Leaf Cell Count:              14944
  Buf/Inv Cell Count:            1697
  Buf Cell Count:                 340
  Inv Cell Count:                1357
  CT Buf/Inv Cell Count:            0
  Combinational Cell Count:     12134
  Sequential Cell Count:         2810
  Macro Count:                      0
  -----------------------------------


  Area
  -----------------------------------
  Combinational Area:    13867.112035
  Noncombinational Area: 12777.043557
  Buf/Inv Area:           1132.096004
  Total Buffer Area:           395.01
  Total Inverter Area:         737.09
  Macro/Black Box Area:      0.000000
  Net Area:                  0.000000
  -----------------------------------
  Cell Area:             26644.155592
  Design Area:           26644.155592


  Design Rules
  -----------------------------------
  Total Number of Nets:         15319
  Nets With Violations:             4
  Max Trans Violations:             1
  Max Cap Violations:               4
  -----------------------------------


  Hostname: microsys.openstack.polito

  Compile CPU Statistics
  -----------------------------------------
  Resource Sharing:                    3.99
  Logic Optimization:                114.08
  Mapping Optimization:               89.09
  -----------------------------------------
  Overall Compile Time:              274.96
  Overall Compile Wall Clock Time:   279.60

  --------------------------------------------------------------------

  Design  WNS: 0.61  TNS: 308.15  Number of Violating Paths: 952


  Design (Hold)  WNS: 0.00  TNS: 0.00  Number of Violating Paths: 0

  --------------------------------------------------------------------


1
