 
****************************************
Report : qor
Design : DLX
Version: W-2024.09-SP2
Date   : Mon Sep 28 16:08:06 2026
****************************************


  Timing Path Group 'CLK'
  -----------------------------------
  Levels of Logic:              28.00
  Critical Path Length:          1.52
  Critical Path Slack:          -0.53
  Critical Path Clk Period:      1.10
  Total Negative Slack:        -16.16
  No. of Violating Paths:       35.00
  Worst Hold Violation:          0.00
  Total Hold Violation:          0.00
  No. of Hold Violations:        0.00
  -----------------------------------

  Timing Path Group 'INPUTS'
  -----------------------------------
  Levels of Logic:               9.00
  Critical Path Length:          0.79
  Critical Path Slack:           0.12
  Critical Path Clk Period:      1.10
  Total Negative Slack:          0.00
  No. of Violating Paths:        0.00
  Worst Hold Violation:          0.00
  Total Hold Violation:          0.00
  No. of Hold Violations:        0.00
  -----------------------------------

  Timing Path Group 'OUTPUTS'
  -----------------------------------
  Levels of Logic:              21.00
  Critical Path Length:          1.10
  Critical Path Slack:          -0.16
  Critical Path Clk Period:      1.10
  Total Negative Slack:         -0.16
  No. of Violating Paths:        1.00
  Worst Hold Violation:          0.00
  Total Hold Violation:          0.00
  No. of Hold Violations:        0.00
  -----------------------------------

  Timing Path Group 'REG2REG'
  -----------------------------------
  Levels of Logic:              30.00
  Critical Path Length:          1.70
  Critical Path Slack:          -0.67
  Critical Path Clk Period:      1.10
  Total Negative Slack:       -297.64
  No. of Violating Paths:      888.00
  Worst Hold Violation:          0.00
  Total Hold Violation:          0.00
  No. of Hold Violations:        0.00
  -----------------------------------


  Cell Count
  -----------------------------------
  Hierarchical Cell Count:         72
  Hierarchical Port Count:        288
  Leaf Cell Count:              16360
  Buf/Inv Cell Count:            1856
  Buf Cell Count:                 310
  Inv Cell Count:                1546
  CT Buf/Inv Cell Count:            0
  Combinational Cell Count:     13550
  Sequential Cell Count:         2810
  Macro Count:                      0
  -----------------------------------


  Area
  -----------------------------------
  Combinational Area:    14826.839977
  Noncombinational Area: 12752.039554
  Buf/Inv Area:           1198.862005
  Total Buffer Area:           357.50
  Total Inverter Area:         841.36
  Macro/Black Box Area:      0.000000
  Net Area:                  0.000000
  -----------------------------------
  Cell Area:             27578.879531
  Design Area:           27578.879531


  Design Rules
  -----------------------------------
  Total Number of Nets:         17032
  Nets With Violations:             4
  Max Trans Violations:             1
  Max Cap Violations:               4
  -----------------------------------


  Hostname: microsys.openstack.polito

  Compile CPU Statistics
  -----------------------------------------
  Resource Sharing:                    3.68
  Logic Optimization:                 58.18
  Mapping Optimization:               92.02
  -----------------------------------------
  Overall Compile Time:              218.61
  Overall Compile Wall Clock Time:   223.43

  --------------------------------------------------------------------

  Design  WNS: 0.67  TNS: 313.96  Number of Violating Paths: 924


  Design (Hold)  WNS: 0.00  TNS: 0.00  Number of Violating Paths: 0

  --------------------------------------------------------------------


1
