 
****************************************
Report : qor
Design : DLX
Version: W-2024.09-SP2
Date   : Mon Sep 28 16:43:23 2026
****************************************


  Timing Path Group 'CLK'
  -----------------------------------
  Levels of Logic:              44.00
  Critical Path Length:          2.71
  Critical Path Slack:           0.18
  Critical Path Clk Period:      3.00
  Total Negative Slack:          0.00
  No. of Violating Paths:        0.00
  Worst Hold Violation:          0.00
  Total Hold Violation:          0.00
  No. of Hold Violations:        0.00
  -----------------------------------

  Timing Path Group 'INPUTS'
  -----------------------------------
  Levels of Logic:               8.00
  Critical Path Length:          0.96
  Critical Path Slack:           1.66
  Critical Path Clk Period:      3.00
  Total Negative Slack:          0.00
  No. of Violating Paths:        0.00
  Worst Hold Violation:          0.00
  Total Hold Violation:          0.00
  No. of Hold Violations:        0.00
  -----------------------------------

  Timing Path Group 'OUTPUTS'
  -----------------------------------
  Levels of Logic:              29.00
  Critical Path Length:          2.15
  Critical Path Slack:           0.50
  Critical Path Clk Period:      3.00
  Total Negative Slack:          0.00
  No. of Violating Paths:        0.00
  Worst Hold Violation:          0.00
  Total Hold Violation:          0.00
  No. of Hold Violations:        0.00
  -----------------------------------

  Timing Path Group 'REG2REG'
  -----------------------------------
  Levels of Logic:              47.00
  Critical Path Length:          2.92
  Critical Path Slack:           0.01
  Critical Path Clk Period:      3.00
  Total Negative Slack:          0.00
  No. of Violating Paths:        0.00
  Worst Hold Violation:          0.00
  Total Hold Violation:          0.00
  No. of Hold Violations:        0.00
  -----------------------------------


  Cell Count
  -----------------------------------
  Hierarchical Cell Count:         73
  Hierarchical Port Count:        554
  Leaf Cell Count:              11268
  Buf/Inv Cell Count:            1042
  Buf Cell Count:                 143
  Inv Cell Count:                 899
  CT Buf/Inv Cell Count:            0
  Combinational Cell Count:      8458
  Sequential Cell Count:         2810
  Macro Count:                      0
  -----------------------------------


  Area
  -----------------------------------
  Combinational Area:    10116.246116
  Noncombinational Area: 12736.611552
  Buf/Inv Area:            607.278001
  Total Buffer Area:           120.23
  Total Inverter Area:         487.05
  Macro/Black Box Area:      0.000000
  Net Area:                  0.000000
  -----------------------------------
  Cell Area:             22852.857668
  Design Area:           22852.857668


  Design Rules
  -----------------------------------
  Total Number of Nets:         11513
  Nets With Violations:            20
  Max Trans Violations:            10
  Max Cap Violations:              20
  -----------------------------------


  Hostname: microsys.openstack.polito

  Compile CPU Statistics
  -----------------------------------------
  Resource Sharing:                    3.79
  Logic Optimization:                 15.32
  Mapping Optimization:               18.60
  -----------------------------------------
  Overall Compile Time:               94.78
  Overall Compile Wall Clock Time:    98.16

  --------------------------------------------------------------------

  Design  WNS: 0.00  TNS: 0.00  Number of Violating Paths: 0


  Design (Hold)  WNS: 0.00  TNS: 0.00  Number of Violating Paths: 0

  --------------------------------------------------------------------


1
