 
****************************************
Report : timing
        -path full
        -delay max
        -nworst 2
        -group REG2REG
        -max_paths 10
Design : DLX
Version: W-2024.09-SP2
Date   : Mon Sep 28 16:33:39 2026
****************************************

Operating Conditions: typical   Library: NangateOpenCellLibrary
Wire Load Model Mode: top

  Startpoint: DP_i_mem_access_i_rd_out_reg_i_Y_reg_3_
              (rising edge-triggered flip-flop clocked by CLK)
  Endpoint: DP_i_fetch_i_pc_i_Y_reg_0_
            (rising edge-triggered flip-flop clocked by CLK)
  Path Group: REG2REG
  Path Type: max

  Des/Clust/Port     Wire Load Model       Library
  ------------------------------------------------
  DLX                5K_hvratio_1_4        NangateOpenCellLibrary

  Point                                                   Incr       Path
  --------------------------------------------------------------------------
  clock CLK (rise edge)                                 0.0000     0.0000
  clock network delay (ideal)                           0.0500     0.0500
  DP_i_mem_access_i_rd_out_reg_i_Y_reg_3_/CK (DFF_X1)   0.0000     0.0500 r
  DP_i_mem_access_i_rd_out_reg_i_Y_reg_3_/Q (DFF_X1)    0.1071     0.1571 r
  U3766/ZN (XNOR2_X1)                                   0.0627     0.2198 r
  U847/ZN (AND2_X1)                                     0.0498     0.2695 r
  U2714/ZN (AND4_X2)                                    0.0675     0.3370 r
  U2971/ZN (NOR2_X1)                                    0.0439     0.3809 f
  U2466/ZN (AND2_X1)                                    0.0568     0.4377 f
  U1122/Z (BUF_X2)                                      0.0620     0.4997 f
  U4257/ZN (AOI22_X1)                                   0.0828     0.5825 r
  U4258/ZN (AND4_X1)                                    0.0672     0.6496 r
  U4259/ZN (AND2_X1)                                    0.0412     0.6909 r
  U4271/ZN (NAND2_X1)                                   0.0295     0.7203 f
  U2937/ZN (OAI211_X1)                                  0.0418     0.7622 r
  U2820/ZN (AND2_X1)                                    0.0471     0.8093 r
  U2772/ZN (AND4_X1)                                    0.0626     0.8718 r
  U2952/ZN (AND4_X1)                                    0.0605     0.9323 r
  U3056/ZN (NAND4_X1)                                   0.0434     0.9757 f
  U2994/ZN (OAI211_X1)                                  0.0496     1.0253 r
  U1304/ZN (NAND2_X1)                                   0.0688     1.0941 f
  U8879/Z (MUX2_X1)                                     0.0904     1.1845 r
  U8891/ZN (XNOR2_X1)                                   0.0588     1.2433 r
  U8893/ZN (AND2_X1)                                    0.0414     1.2847 r
  U8894/ZN (AND4_X1)                                    0.0645     1.3492 r
  U1297/ZN (AND3_X1)                                    0.0551     1.4043 r
  U2541/ZN (AND4_X1)                                    0.0614     1.4658 r
  U2864/ZN (NAND4_X1)                                   0.0389     1.5047 f
  U2591/ZN (NAND2_X1)                                   0.0483     1.5529 r
  U1186/ZN (NAND2_X4)                                   0.0926     1.6456 f
  U2839/ZN (OR2_X1)                                     0.0856     1.7311 f
  U11179/ZN (NAND4_X1)                                  0.0309     1.7621 r
  DP_i_fetch_i_pc_i_Y_reg_0_/D (DFF_X2)                 0.0109     1.7729 r
  data arrival time                                                1.7729

  clock CLK (rise edge)                                 1.8000     1.8000
  clock network delay (ideal)                           0.0500     1.8500
  clock uncertainty                                    -0.0500     1.8000
  DP_i_fetch_i_pc_i_Y_reg_0_/CK (DFF_X2)                0.0000     1.8000 r
  library setup time                                   -0.0275     1.7725
  data required time                                               1.7725
  --------------------------------------------------------------------------
  data required time                                               1.7725
  data arrival time                                               -1.7729
  --------------------------------------------------------------------------
  slack (VIOLATED)                                                -0.0005


  Startpoint: DP_i_mem_access_i_rd_out_reg_i_Y_reg_3_
              (rising edge-triggered flip-flop clocked by CLK)
  Endpoint: DP_i_fetch_i_pc_i_Y_reg_5_
            (rising edge-triggered flip-flop clocked by CLK)
  Path Group: REG2REG
  Path Type: max

  Des/Clust/Port     Wire Load Model       Library
  ------------------------------------------------
  DLX                5K_hvratio_1_4        NangateOpenCellLibrary

  Point                                                   Incr       Path
  --------------------------------------------------------------------------
  clock CLK (rise edge)                                 0.0000     0.0000
  clock network delay (ideal)                           0.0500     0.0500
  DP_i_mem_access_i_rd_out_reg_i_Y_reg_3_/CK (DFF_X1)   0.0000     0.0500 r
  DP_i_mem_access_i_rd_out_reg_i_Y_reg_3_/Q (DFF_X1)    0.1071     0.1571 r
  U3766/ZN (XNOR2_X1)                                   0.0627     0.2198 r
  U847/ZN (AND2_X1)                                     0.0498     0.2695 r
  U2714/ZN (AND4_X2)                                    0.0675     0.3370 r
  U2971/ZN (NOR2_X1)                                    0.0439     0.3809 f
  U2466/ZN (AND2_X1)                                    0.0568     0.4377 f
  U1122/Z (BUF_X2)                                      0.0620     0.4997 f
  U4257/ZN (AOI22_X1)                                   0.0828     0.5825 r
  U4258/ZN (AND4_X1)                                    0.0672     0.6496 r
  U4259/ZN (AND2_X1)                                    0.0412     0.6909 r
  U4271/ZN (NAND2_X1)                                   0.0295     0.7203 f
  U2937/ZN (OAI211_X1)                                  0.0418     0.7622 r
  U2820/ZN (AND2_X1)                                    0.0471     0.8093 r
  U2772/ZN (AND4_X1)                                    0.0626     0.8718 r
  U2952/ZN (AND4_X1)                                    0.0605     0.9323 r
  U3056/ZN (NAND4_X1)                                   0.0434     0.9757 f
  U2994/ZN (OAI211_X1)                                  0.0496     1.0253 r
  U1304/ZN (NAND2_X1)                                   0.0688     1.0941 f
  U8879/Z (MUX2_X1)                                     0.0904     1.1845 r
  U8891/ZN (XNOR2_X1)                                   0.0588     1.2433 r
  U8893/ZN (AND2_X1)                                    0.0414     1.2847 r
  U8894/ZN (AND4_X1)                                    0.0645     1.3492 r
  U1297/ZN (AND3_X1)                                    0.0551     1.4043 r
  U2541/ZN (AND4_X1)                                    0.0614     1.4658 r
  U2864/ZN (NAND4_X1)                                   0.0389     1.5047 f
  U2591/ZN (NAND2_X1)                                   0.0483     1.5529 r
  U1186/ZN (NAND2_X4)                                   0.0926     1.6456 f
  U10853/ZN (OR2_X1)                                    0.0856     1.7311 f
  U10855/ZN (NAND4_X1)                                  0.0309     1.7621 r
  DP_i_fetch_i_pc_i_Y_reg_5_/D (DFF_X2)                 0.0109     1.7729 r
  data arrival time                                                1.7729

  clock CLK (rise edge)                                 1.8000     1.8000
  clock network delay (ideal)                           0.0500     1.8500
  clock uncertainty                                    -0.0500     1.8000
  DP_i_fetch_i_pc_i_Y_reg_5_/CK (DFF_X2)                0.0000     1.8000 r
  library setup time                                   -0.0275     1.7725
  data required time                                               1.7725
  --------------------------------------------------------------------------
  data required time                                               1.7725
  data arrival time                                               -1.7729
  --------------------------------------------------------------------------
  slack (VIOLATED)                                                -0.0005


  Startpoint: DP_i_mem_access_i_rd_out_reg_i_Y_reg_3_
              (rising edge-triggered flip-flop clocked by CLK)
  Endpoint: DP_i_fetch_i_pc_i_Y_reg_9_
            (rising edge-triggered flip-flop clocked by CLK)
  Path Group: REG2REG
  Path Type: max

  Des/Clust/Port     Wire Load Model       Library
  ------------------------------------------------
  DLX                5K_hvratio_1_4        NangateOpenCellLibrary

  Point                                                   Incr       Path
  --------------------------------------------------------------------------
  clock CLK (rise edge)                                 0.0000     0.0000
  clock network delay (ideal)                           0.0500     0.0500
  DP_i_mem_access_i_rd_out_reg_i_Y_reg_3_/CK (DFF_X1)   0.0000     0.0500 r
  DP_i_mem_access_i_rd_out_reg_i_Y_reg_3_/Q (DFF_X1)    0.1071     0.1571 r
  U3766/ZN (XNOR2_X1)                                   0.0627     0.2198 r
  U847/ZN (AND2_X1)                                     0.0498     0.2695 r
  U2714/ZN (AND4_X2)                                    0.0675     0.3370 r
  U2971/ZN (NOR2_X1)                                    0.0439     0.3809 f
  U2466/ZN (AND2_X1)                                    0.0568     0.4377 f
  U1122/Z (BUF_X2)                                      0.0620     0.4997 f
  U4257/ZN (AOI22_X1)                                   0.0828     0.5825 r
  U4258/ZN (AND4_X1)                                    0.0672     0.6496 r
  U4259/ZN (AND2_X1)                                    0.0412     0.6909 r
  U4271/ZN (NAND2_X1)                                   0.0295     0.7203 f
  U2937/ZN (OAI211_X1)                                  0.0418     0.7622 r
  U2820/ZN (AND2_X1)                                    0.0471     0.8093 r
  U2772/ZN (AND4_X1)                                    0.0626     0.8718 r
  U2952/ZN (AND4_X1)                                    0.0605     0.9323 r
  U3056/ZN (NAND4_X1)                                   0.0434     0.9757 f
  U2994/ZN (OAI211_X1)                                  0.0496     1.0253 r
  U1304/ZN (NAND2_X1)                                   0.0688     1.0941 f
  U8879/Z (MUX2_X1)                                     0.0904     1.1845 r
  U8891/ZN (XNOR2_X1)                                   0.0588     1.2433 r
  U8893/ZN (AND2_X1)                                    0.0414     1.2847 r
  U8894/ZN (AND4_X1)                                    0.0645     1.3492 r
  U1297/ZN (AND3_X1)                                    0.0551     1.4043 r
  U2541/ZN (AND4_X1)                                    0.0614     1.4658 r
  U2864/ZN (NAND4_X1)                                   0.0389     1.5047 f
  U2591/ZN (NAND2_X1)                                   0.0483     1.5529 r
  U1186/ZN (NAND2_X4)                                   0.0926     1.6456 f
  U10924/ZN (OR2_X1)                                    0.0856     1.7311 f
  U10926/ZN (NAND4_X1)                                  0.0309     1.7621 r
  DP_i_fetch_i_pc_i_Y_reg_9_/D (DFF_X2)                 0.0109     1.7729 r
  data arrival time                                                1.7729

  clock CLK (rise edge)                                 1.8000     1.8000
  clock network delay (ideal)                           0.0500     1.8500
  clock uncertainty                                    -0.0500     1.8000
  DP_i_fetch_i_pc_i_Y_reg_9_/CK (DFF_X2)                0.0000     1.8000 r
  library setup time                                   -0.0275     1.7725
  data required time                                               1.7725
  --------------------------------------------------------------------------
  data required time                                               1.7725
  data arrival time                                               -1.7729
  --------------------------------------------------------------------------
  slack (VIOLATED)                                                -0.0005


  Startpoint: DP_i_mem_access_i_rd_out_reg_i_Y_reg_3_
              (rising edge-triggered flip-flop clocked by CLK)
  Endpoint: DP_i_fetch_i_pc_i_Y_reg_3_
            (rising edge-triggered flip-flop clocked by CLK)
  Path Group: REG2REG
  Path Type: max

  Des/Clust/Port     Wire Load Model       Library
  ------------------------------------------------
  DLX                5K_hvratio_1_4        NangateOpenCellLibrary

  Point                                                   Incr       Path
  --------------------------------------------------------------------------
  clock CLK (rise edge)                                 0.0000     0.0000
  clock network delay (ideal)                           0.0500     0.0500
  DP_i_mem_access_i_rd_out_reg_i_Y_reg_3_/CK (DFF_X1)   0.0000     0.0500 r
  DP_i_mem_access_i_rd_out_reg_i_Y_reg_3_/Q (DFF_X1)    0.1071     0.1571 r
  U3766/ZN (XNOR2_X1)                                   0.0627     0.2198 r
  U847/ZN (AND2_X1)                                     0.0498     0.2695 r
  U2714/ZN (AND4_X2)                                    0.0675     0.3370 r
  U2971/ZN (NOR2_X1)                                    0.0439     0.3809 f
  U2466/ZN (AND2_X1)                                    0.0568     0.4377 f
  U1122/Z (BUF_X2)                                      0.0620     0.4997 f
  U4257/ZN (AOI22_X1)                                   0.0828     0.5825 r
  U4258/ZN (AND4_X1)                                    0.0672     0.6496 r
  U4259/ZN (AND2_X1)                                    0.0412     0.6909 r
  U4271/ZN (NAND2_X1)                                   0.0295     0.7203 f
  U2937/ZN (OAI211_X1)                                  0.0418     0.7622 r
  U2820/ZN (AND2_X1)                                    0.0471     0.8093 r
  U2772/ZN (AND4_X1)                                    0.0626     0.8718 r
  U2952/ZN (AND4_X1)                                    0.0605     0.9323 r
  U3056/ZN (NAND4_X1)                                   0.0434     0.9757 f
  U2994/ZN (OAI211_X1)                                  0.0496     1.0253 r
  U1304/ZN (NAND2_X1)                                   0.0688     1.0941 f
  U8879/Z (MUX2_X1)                                     0.0904     1.1845 r
  U8891/ZN (XNOR2_X1)                                   0.0588     1.2433 r
  U8893/ZN (AND2_X1)                                    0.0414     1.2847 r
  U8894/ZN (AND4_X1)                                    0.0645     1.3492 r
  U1297/ZN (AND3_X1)                                    0.0551     1.4043 r
  U2541/ZN (AND4_X1)                                    0.0614     1.4658 r
  U2864/ZN (NAND4_X1)                                   0.0389     1.5047 f
  U2591/ZN (NAND2_X1)                                   0.0483     1.5529 r
  U1186/ZN (NAND2_X4)                                   0.0926     1.6456 f
  U11031/ZN (OR2_X1)                                    0.0856     1.7311 f
  U11033/ZN (NAND4_X1)                                  0.0309     1.7621 r
  DP_i_fetch_i_pc_i_Y_reg_3_/D (DFF_X2)                 0.0109     1.7729 r
  data arrival time                                                1.7729

  clock CLK (rise edge)                                 1.8000     1.8000
  clock network delay (ideal)                           0.0500     1.8500
  clock uncertainty                                    -0.0500     1.8000
  DP_i_fetch_i_pc_i_Y_reg_3_/CK (DFF_X2)                0.0000     1.8000 r
  library setup time                                   -0.0275     1.7725
  data required time                                               1.7725
  --------------------------------------------------------------------------
  data required time                                               1.7725
  data arrival time                                               -1.7729
  --------------------------------------------------------------------------
  slack (VIOLATED)                                                -0.0005


  Startpoint: DP_i_mem_access_i_rd_out_reg_i_Y_reg_3_
              (rising edge-triggered flip-flop clocked by CLK)
  Endpoint: DP_i_fetch_i_pc_i_Y_reg_10_
            (rising edge-triggered flip-flop clocked by CLK)
  Path Group: REG2REG
  Path Type: max

  Des/Clust/Port     Wire Load Model       Library
  ------------------------------------------------
  DLX                5K_hvratio_1_4        NangateOpenCellLibrary

  Point                                                   Incr       Path
  --------------------------------------------------------------------------
  clock CLK (rise edge)                                 0.0000     0.0000
  clock network delay (ideal)                           0.0500     0.0500
  DP_i_mem_access_i_rd_out_reg_i_Y_reg_3_/CK (DFF_X1)   0.0000     0.0500 r
  DP_i_mem_access_i_rd_out_reg_i_Y_reg_3_/Q (DFF_X1)    0.1071     0.1571 r
  U3766/ZN (XNOR2_X1)                                   0.0627     0.2198 r
  U847/ZN (AND2_X1)                                     0.0498     0.2695 r
  U2714/ZN (AND4_X2)                                    0.0675     0.3370 r
  U2971/ZN (NOR2_X1)                                    0.0439     0.3809 f
  U2466/ZN (AND2_X1)                                    0.0568     0.4377 f
  U1122/Z (BUF_X2)                                      0.0620     0.4997 f
  U4257/ZN (AOI22_X1)                                   0.0828     0.5825 r
  U4258/ZN (AND4_X1)                                    0.0672     0.6496 r
  U4259/ZN (AND2_X1)                                    0.0412     0.6909 r
  U4271/ZN (NAND2_X1)                                   0.0295     0.7203 f
  U2937/ZN (OAI211_X1)                                  0.0418     0.7622 r
  U2820/ZN (AND2_X1)                                    0.0471     0.8093 r
  U2772/ZN (AND4_X1)                                    0.0626     0.8718 r
  U2952/ZN (AND4_X1)                                    0.0605     0.9323 r
  U3056/ZN (NAND4_X1)                                   0.0434     0.9757 f
  U2994/ZN (OAI211_X1)                                  0.0496     1.0253 r
  U1304/ZN (NAND2_X1)                                   0.0688     1.0941 f
  U8879/Z (MUX2_X1)                                     0.0904     1.1845 r
  U8891/ZN (XNOR2_X1)                                   0.0588     1.2433 r
  U8893/ZN (AND2_X1)                                    0.0414     1.2847 r
  U8894/ZN (AND4_X1)                                    0.0645     1.3492 r
  U1297/ZN (AND3_X1)                                    0.0551     1.4043 r
  U2541/ZN (AND4_X1)                                    0.0614     1.4658 r
  U2864/ZN (NAND4_X1)                                   0.0389     1.5047 f
  U2591/ZN (NAND2_X1)                                   0.0483     1.5529 r
  U1186/ZN (NAND2_X4)                                   0.0926     1.6456 f
  U10927/ZN (OR2_X1)                                    0.0856     1.7311 f
  U10931/ZN (NAND4_X1)                                  0.0309     1.7621 r
  DP_i_fetch_i_pc_i_Y_reg_10_/D (DFF_X2)                0.0109     1.7729 r
  data arrival time                                                1.7729

  clock CLK (rise edge)                                 1.8000     1.8000
  clock network delay (ideal)                           0.0500     1.8500
  clock uncertainty                                    -0.0500     1.8000
  DP_i_fetch_i_pc_i_Y_reg_10_/CK (DFF_X2)               0.0000     1.8000 r
  library setup time                                   -0.0275     1.7725
  data required time                                               1.7725
  --------------------------------------------------------------------------
  data required time                                               1.7725
  data arrival time                                               -1.7729
  --------------------------------------------------------------------------
  slack (VIOLATED)                                                -0.0005


  Startpoint: DP_i_mem_access_i_rd_out_reg_i_Y_reg_3_
              (rising edge-triggered flip-flop clocked by CLK)
  Endpoint: DP_i_fetch_i_pc_i_Y_reg_6_
            (rising edge-triggered flip-flop clocked by CLK)
  Path Group: REG2REG
  Path Type: max

  Des/Clust/Port     Wire Load Model       Library
  ------------------------------------------------
  DLX                5K_hvratio_1_4        NangateOpenCellLibrary

  Point                                                   Incr       Path
  --------------------------------------------------------------------------
  clock CLK (rise edge)                                 0.0000     0.0000
  clock network delay (ideal)                           0.0500     0.0500
  DP_i_mem_access_i_rd_out_reg_i_Y_reg_3_/CK (DFF_X1)   0.0000     0.0500 r
  DP_i_mem_access_i_rd_out_reg_i_Y_reg_3_/Q (DFF_X1)    0.1071     0.1571 r
  U3766/ZN (XNOR2_X1)                                   0.0627     0.2198 r
  U847/ZN (AND2_X1)                                     0.0498     0.2695 r
  U2714/ZN (AND4_X2)                                    0.0675     0.3370 r
  U2971/ZN (NOR2_X1)                                    0.0439     0.3809 f
  U2466/ZN (AND2_X1)                                    0.0568     0.4377 f
  U1122/Z (BUF_X2)                                      0.0620     0.4997 f
  U4257/ZN (AOI22_X1)                                   0.0828     0.5825 r
  U4258/ZN (AND4_X1)                                    0.0672     0.6496 r
  U4259/ZN (AND2_X1)                                    0.0412     0.6909 r
  U4271/ZN (NAND2_X1)                                   0.0295     0.7203 f
  U2937/ZN (OAI211_X1)                                  0.0418     0.7622 r
  U2820/ZN (AND2_X1)                                    0.0471     0.8093 r
  U2772/ZN (AND4_X1)                                    0.0626     0.8718 r
  U2952/ZN (AND4_X1)                                    0.0605     0.9323 r
  U3056/ZN (NAND4_X1)                                   0.0434     0.9757 f
  U2994/ZN (OAI211_X1)                                  0.0496     1.0253 r
  U1304/ZN (NAND2_X1)                                   0.0688     1.0941 f
  U8879/Z (MUX2_X1)                                     0.0904     1.1845 r
  U8891/ZN (XNOR2_X1)                                   0.0588     1.2433 r
  U8893/ZN (AND2_X1)                                    0.0414     1.2847 r
  U8894/ZN (AND4_X1)                                    0.0645     1.3492 r
  U1297/ZN (AND3_X1)                                    0.0551     1.4043 r
  U2541/ZN (AND4_X1)                                    0.0614     1.4658 r
  U2864/ZN (NAND4_X1)                                   0.0389     1.5047 f
  U2591/ZN (NAND2_X1)                                   0.0483     1.5529 r
  U1186/ZN (NAND2_X4)                                   0.0926     1.6456 f
  U10856/ZN (OR2_X1)                                    0.0856     1.7311 f
  U10860/ZN (NAND4_X1)                                  0.0309     1.7621 r
  DP_i_fetch_i_pc_i_Y_reg_6_/D (DFF_X2)                 0.0109     1.7729 r
  data arrival time                                                1.7729

  clock CLK (rise edge)                                 1.8000     1.8000
  clock network delay (ideal)                           0.0500     1.8500
  clock uncertainty                                    -0.0500     1.8000
  DP_i_fetch_i_pc_i_Y_reg_6_/CK (DFF_X2)                0.0000     1.8000 r
  library setup time                                   -0.0275     1.7725
  data required time                                               1.7725
  --------------------------------------------------------------------------
  data required time                                               1.7725
  data arrival time                                               -1.7729
  --------------------------------------------------------------------------
  slack (VIOLATED)                                                -0.0005


  Startpoint: DP_i_mem_access_i_rd_out_reg_i_Y_reg_3_
              (rising edge-triggered flip-flop clocked by CLK)
  Endpoint: DP_i_fetch_i_pc_i_Y_reg_4_
            (rising edge-triggered flip-flop clocked by CLK)
  Path Group: REG2REG
  Path Type: max

  Des/Clust/Port     Wire Load Model       Library
  ------------------------------------------------
  DLX                5K_hvratio_1_4        NangateOpenCellLibrary

  Point                                                   Incr       Path
  --------------------------------------------------------------------------
  clock CLK (rise edge)                                 0.0000     0.0000
  clock network delay (ideal)                           0.0500     0.0500
  DP_i_mem_access_i_rd_out_reg_i_Y_reg_3_/CK (DFF_X1)   0.0000     0.0500 r
  DP_i_mem_access_i_rd_out_reg_i_Y_reg_3_/Q (DFF_X1)    0.1071     0.1571 r
  U3766/ZN (XNOR2_X1)                                   0.0627     0.2198 r
  U847/ZN (AND2_X1)                                     0.0498     0.2695 r
  U2714/ZN (AND4_X2)                                    0.0675     0.3370 r
  U2971/ZN (NOR2_X1)                                    0.0439     0.3809 f
  U2466/ZN (AND2_X1)                                    0.0568     0.4377 f
  U1122/Z (BUF_X2)                                      0.0620     0.4997 f
  U4257/ZN (AOI22_X1)                                   0.0828     0.5825 r
  U4258/ZN (AND4_X1)                                    0.0672     0.6496 r
  U4259/ZN (AND2_X1)                                    0.0412     0.6909 r
  U4271/ZN (NAND2_X1)                                   0.0295     0.7203 f
  U2937/ZN (OAI211_X1)                                  0.0418     0.7622 r
  U2820/ZN (AND2_X1)                                    0.0471     0.8093 r
  U2772/ZN (AND4_X1)                                    0.0626     0.8718 r
  U2952/ZN (AND4_X1)                                    0.0605     0.9323 r
  U3056/ZN (NAND4_X1)                                   0.0434     0.9757 f
  U2994/ZN (OAI211_X1)                                  0.0496     1.0253 r
  U1304/ZN (NAND2_X1)                                   0.0688     1.0941 f
  U8879/Z (MUX2_X1)                                     0.0904     1.1845 r
  U8891/ZN (XNOR2_X1)                                   0.0588     1.2433 r
  U8893/ZN (AND2_X1)                                    0.0414     1.2847 r
  U8894/ZN (AND4_X1)                                    0.0645     1.3492 r
  U1297/ZN (AND3_X1)                                    0.0551     1.4043 r
  U2541/ZN (AND4_X1)                                    0.0614     1.4658 r
  U2864/ZN (NAND4_X1)                                   0.0389     1.5047 f
  U2591/ZN (NAND2_X1)                                   0.0483     1.5529 r
  U1186/ZN (NAND2_X4)                                   0.0926     1.6456 f
  U11034/ZN (OR2_X1)                                    0.0856     1.7311 f
  U11037/ZN (NAND4_X1)                                  0.0309     1.7621 r
  DP_i_fetch_i_pc_i_Y_reg_4_/D (DFF_X2)                 0.0109     1.7729 r
  data arrival time                                                1.7729

  clock CLK (rise edge)                                 1.8000     1.8000
  clock network delay (ideal)                           0.0500     1.8500
  clock uncertainty                                    -0.0500     1.8000
  DP_i_fetch_i_pc_i_Y_reg_4_/CK (DFF_X2)                0.0000     1.8000 r
  library setup time                                   -0.0275     1.7725
  data required time                                               1.7725
  --------------------------------------------------------------------------
  data required time                                               1.7725
  data arrival time                                               -1.7729
  --------------------------------------------------------------------------
  slack (VIOLATED)                                                -0.0005


  Startpoint: DP_i_mem_access_i_rd_out_reg_i_Y_reg_3_
              (rising edge-triggered flip-flop clocked by CLK)
  Endpoint: DP_i_fetch_i_pc_i_Y_reg_8_
            (rising edge-triggered flip-flop clocked by CLK)
  Path Group: REG2REG
  Path Type: max

  Des/Clust/Port     Wire Load Model       Library
  ------------------------------------------------
  DLX                5K_hvratio_1_4        NangateOpenCellLibrary

  Point                                                   Incr       Path
  --------------------------------------------------------------------------
  clock CLK (rise edge)                                 0.0000     0.0000
  clock network delay (ideal)                           0.0500     0.0500
  DP_i_mem_access_i_rd_out_reg_i_Y_reg_3_/CK (DFF_X1)   0.0000     0.0500 r
  DP_i_mem_access_i_rd_out_reg_i_Y_reg_3_/Q (DFF_X1)    0.1071     0.1571 r
  U3766/ZN (XNOR2_X1)                                   0.0627     0.2198 r
  U847/ZN (AND2_X1)                                     0.0498     0.2695 r
  U2714/ZN (AND4_X2)                                    0.0675     0.3370 r
  U2971/ZN (NOR2_X1)                                    0.0439     0.3809 f
  U2466/ZN (AND2_X1)                                    0.0568     0.4377 f
  U1122/Z (BUF_X2)                                      0.0620     0.4997 f
  U4257/ZN (AOI22_X1)                                   0.0828     0.5825 r
  U4258/ZN (AND4_X1)                                    0.0672     0.6496 r
  U4259/ZN (AND2_X1)                                    0.0412     0.6909 r
  U4271/ZN (NAND2_X1)                                   0.0295     0.7203 f
  U2937/ZN (OAI211_X1)                                  0.0418     0.7622 r
  U2820/ZN (AND2_X1)                                    0.0471     0.8093 r
  U2772/ZN (AND4_X1)                                    0.0626     0.8718 r
  U2952/ZN (AND4_X1)                                    0.0605     0.9323 r
  U3056/ZN (NAND4_X1)                                   0.0434     0.9757 f
  U2994/ZN (OAI211_X1)                                  0.0496     1.0253 r
  U1304/ZN (NAND2_X1)                                   0.0688     1.0941 f
  U8879/Z (MUX2_X1)                                     0.0904     1.1845 r
  U8891/ZN (XNOR2_X1)                                   0.0588     1.2433 r
  U8893/ZN (AND2_X1)                                    0.0414     1.2847 r
  U8894/ZN (AND4_X1)                                    0.0645     1.3492 r
  U1297/ZN (AND3_X1)                                    0.0551     1.4043 r
  U2541/ZN (AND4_X1)                                    0.0614     1.4658 r
  U2864/ZN (NAND4_X1)                                   0.0389     1.5047 f
  U2591/ZN (NAND2_X1)                                   0.0483     1.5529 r
  U1186/ZN (NAND2_X4)                                   0.0926     1.6456 f
  U10920/ZN (OR2_X1)                                    0.0856     1.7311 f
  U10923/ZN (NAND4_X1)                                  0.0309     1.7621 r
  DP_i_fetch_i_pc_i_Y_reg_8_/D (DFF_X2)                 0.0109     1.7729 r
  data arrival time                                                1.7729

  clock CLK (rise edge)                                 1.8000     1.8000
  clock network delay (ideal)                           0.0500     1.8500
  clock uncertainty                                    -0.0500     1.8000
  DP_i_fetch_i_pc_i_Y_reg_8_/CK (DFF_X2)                0.0000     1.8000 r
  library setup time                                   -0.0275     1.7725
  data required time                                               1.7725
  --------------------------------------------------------------------------
  data required time                                               1.7725
  data arrival time                                               -1.7729
  --------------------------------------------------------------------------
  slack (VIOLATED)                                                -0.0005


  Startpoint: DP_i_mem_access_i_rd_out_reg_i_Y_reg_3_
              (rising edge-triggered flip-flop clocked by CLK)
  Endpoint: DP_i_fetch_i_pc_i_Y_reg_2_
            (rising edge-triggered flip-flop clocked by CLK)
  Path Group: REG2REG
  Path Type: max

  Des/Clust/Port     Wire Load Model       Library
  ------------------------------------------------
  DLX                5K_hvratio_1_4        NangateOpenCellLibrary

  Point                                                   Incr       Path
  --------------------------------------------------------------------------
  clock CLK (rise edge)                                 0.0000     0.0000
  clock network delay (ideal)                           0.0500     0.0500
  DP_i_mem_access_i_rd_out_reg_i_Y_reg_3_/CK (DFF_X1)   0.0000     0.0500 r
  DP_i_mem_access_i_rd_out_reg_i_Y_reg_3_/Q (DFF_X1)    0.1071     0.1571 r
  U3766/ZN (XNOR2_X1)                                   0.0627     0.2198 r
  U847/ZN (AND2_X1)                                     0.0498     0.2695 r
  U2714/ZN (AND4_X2)                                    0.0675     0.3370 r
  U2971/ZN (NOR2_X1)                                    0.0439     0.3809 f
  U2466/ZN (AND2_X1)                                    0.0568     0.4377 f
  U1122/Z (BUF_X2)                                      0.0620     0.4997 f
  U4257/ZN (AOI22_X1)                                   0.0828     0.5825 r
  U4258/ZN (AND4_X1)                                    0.0672     0.6496 r
  U4259/ZN (AND2_X1)                                    0.0412     0.6909 r
  U4271/ZN (NAND2_X1)                                   0.0295     0.7203 f
  U2937/ZN (OAI211_X1)                                  0.0418     0.7622 r
  U2820/ZN (AND2_X1)                                    0.0471     0.8093 r
  U2772/ZN (AND4_X1)                                    0.0626     0.8718 r
  U2952/ZN (AND4_X1)                                    0.0605     0.9323 r
  U3056/ZN (NAND4_X1)                                   0.0434     0.9757 f
  U2994/ZN (OAI211_X1)                                  0.0496     1.0253 r
  U1304/ZN (NAND2_X1)                                   0.0688     1.0941 f
  U8879/Z (MUX2_X1)                                     0.0904     1.1845 r
  U8891/ZN (XNOR2_X1)                                   0.0588     1.2433 r
  U8893/ZN (AND2_X1)                                    0.0414     1.2847 r
  U8894/ZN (AND4_X1)                                    0.0645     1.3492 r
  U1297/ZN (AND3_X1)                                    0.0551     1.4043 r
  U2541/ZN (AND4_X1)                                    0.0614     1.4658 r
  U2864/ZN (NAND4_X1)                                   0.0389     1.5047 f
  U2591/ZN (NAND2_X1)                                   0.0483     1.5529 r
  U1186/ZN (NAND2_X4)                                   0.0926     1.6456 f
  U11180/ZN (OR2_X1)                                    0.0856     1.7311 f
  U11184/ZN (NAND4_X1)                                  0.0309     1.7621 r
  DP_i_fetch_i_pc_i_Y_reg_2_/D (DFF_X2)                 0.0109     1.7729 r
  data arrival time                                                1.7729

  clock CLK (rise edge)                                 1.8000     1.8000
  clock network delay (ideal)                           0.0500     1.8500
  clock uncertainty                                    -0.0500     1.8000
  DP_i_fetch_i_pc_i_Y_reg_2_/CK (DFF_X2)                0.0000     1.8000 r
  library setup time                                   -0.0275     1.7725
  data required time                                               1.7725
  --------------------------------------------------------------------------
  data required time                                               1.7725
  data arrival time                                               -1.7729
  --------------------------------------------------------------------------
  slack (VIOLATED)                                                -0.0005


  Startpoint: DP_i_mem_access_i_rd_out_reg_i_Y_reg_3_
              (rising edge-triggered flip-flop clocked by CLK)
  Endpoint: DP_i_fetch_i_pc_i_Y_reg_7_
            (rising edge-triggered flip-flop clocked by CLK)
  Path Group: REG2REG
  Path Type: max

  Des/Clust/Port     Wire Load Model       Library
  ------------------------------------------------
  DLX                5K_hvratio_1_4        NangateOpenCellLibrary

  Point                                                   Incr       Path
  --------------------------------------------------------------------------
  clock CLK (rise edge)                                 0.0000     0.0000
  clock network delay (ideal)                           0.0500     0.0500
  DP_i_mem_access_i_rd_out_reg_i_Y_reg_3_/CK (DFF_X1)   0.0000     0.0500 r
  DP_i_mem_access_i_rd_out_reg_i_Y_reg_3_/Q (DFF_X1)    0.1071     0.1571 r
  U3766/ZN (XNOR2_X1)                                   0.0627     0.2198 r
  U847/ZN (AND2_X1)                                     0.0498     0.2695 r
  U2714/ZN (AND4_X2)                                    0.0675     0.3370 r
  U2971/ZN (NOR2_X1)                                    0.0439     0.3809 f
  U2466/ZN (AND2_X1)                                    0.0568     0.4377 f
  U1122/Z (BUF_X2)                                      0.0620     0.4997 f
  U4257/ZN (AOI22_X1)                                   0.0828     0.5825 r
  U4258/ZN (AND4_X1)                                    0.0672     0.6496 r
  U4259/ZN (AND2_X1)                                    0.0412     0.6909 r
  U4271/ZN (NAND2_X1)                                   0.0295     0.7203 f
  U2937/ZN (OAI211_X1)                                  0.0418     0.7622 r
  U2820/ZN (AND2_X1)                                    0.0471     0.8093 r
  U2772/ZN (AND4_X1)                                    0.0626     0.8718 r
  U2952/ZN (AND4_X1)                                    0.0605     0.9323 r
  U3056/ZN (NAND4_X1)                                   0.0434     0.9757 f
  U2994/ZN (OAI211_X1)                                  0.0496     1.0253 r
  U1304/ZN (NAND2_X1)                                   0.0688     1.0941 f
  U8879/Z (MUX2_X1)                                     0.0904     1.1845 r
  U8891/ZN (XNOR2_X1)                                   0.0588     1.2433 r
  U8893/ZN (AND2_X1)                                    0.0414     1.2847 r
  U8894/ZN (AND4_X1)                                    0.0645     1.3492 r
  U1297/ZN (AND3_X1)                                    0.0551     1.4043 r
  U2541/ZN (AND4_X1)                                    0.0614     1.4658 r
  U2864/ZN (NAND4_X1)                                   0.0389     1.5047 f
  U2591/ZN (NAND2_X1)                                   0.0483     1.5529 r
  U1186/ZN (NAND2_X4)                                   0.0926     1.6456 f
  U10878/ZN (OR2_X1)                                    0.0856     1.7311 f
  U10881/ZN (NAND4_X1)                                  0.0309     1.7621 r
  DP_i_fetch_i_pc_i_Y_reg_7_/D (DFF_X2)                 0.0109     1.7729 r
  data arrival time                                                1.7729

  clock CLK (rise edge)                                 1.8000     1.8000
  clock network delay (ideal)                           0.0500     1.8500
  clock uncertainty                                    -0.0500     1.8000
  DP_i_fetch_i_pc_i_Y_reg_7_/CK (DFF_X2)                0.0000     1.8000 r
  library setup time                                   -0.0275     1.7725
  data required time                                               1.7725
  --------------------------------------------------------------------------
  data required time                                               1.7725
  data arrival time                                               -1.7729
  --------------------------------------------------------------------------
  slack (VIOLATED)                                                -0.0005


1
