 
****************************************
Report : timing
        -path full
        -delay max
        -nworst 2
        -group REG2REG
        -max_paths 10
Design : DLX
Version: W-2024.09-SP2
Date   : Mon Sep 28 16:22:41 2026
****************************************

Operating Conditions: typical   Library: NangateOpenCellLibrary
Wire Load Model Mode: top

  Startpoint: DP_i_mem_access_i_rd_out_reg_i_Y_reg_2_
              (rising edge-triggered flip-flop clocked by CLK)
  Endpoint: DP_i_fetch_i_pc_i_Y_reg_0_
            (rising edge-triggered flip-flop clocked by CLK)
  Path Group: REG2REG
  Path Type: max

  Des/Clust/Port     Wire Load Model       Library
  ------------------------------------------------
  DLX                5K_hvratio_1_4        NangateOpenCellLibrary

  Point                                                   Incr       Path
  --------------------------------------------------------------------------
  clock CLK (rise edge)                                 0.0000     0.0000
  clock network delay (ideal)                           0.0500     0.0500
  DP_i_mem_access_i_rd_out_reg_i_Y_reg_2_/CK (DFF_X1)   0.0000     0.0500 r
  DP_i_mem_access_i_rd_out_reg_i_Y_reg_2_/Q (DFF_X1)    0.1023     0.1523 r
  U2401/ZN (XNOR2_X1)                                   0.0593     0.2116 r
  U2402/ZN (AND2_X1)                                    0.0469     0.2585 r
  U2405/ZN (AND4_X2)                                    0.0672     0.3257 r
  U2416/ZN (NOR3_X1)                                    0.0358     0.3615 f
  U2315/Z (BUF_X1)                                      0.0431     0.4046 f
  U2031/ZN (AND2_X2)                                    0.0489     0.4536 f
  U850/Z (BUF_X2)                                       0.0530     0.5066 f
  U2777/ZN (NAND2_X1)                                   0.0314     0.5380 r
  U2781/ZN (AND4_X1)                                    0.0644     0.6024 r
  U2797/ZN (AND4_X1)                                    0.0602     0.6626 r
  U2821/ZN (NAND4_X1)                                   0.0432     0.7058 f
  U2822/ZN (NAND2_X1)                                   0.0372     0.7430 r
  U2823/ZN (AND2_X1)                                    0.0404     0.7834 r
  U948/ZN (AND4_X1)                                     0.0658     0.8492 r
  U1071/ZN (AND4_X1)                                    0.0668     0.9160 r
  U2198/ZN (NAND3_X1)                                   0.0314     0.9474 f
  U1876/ZN (AND2_X1)                                    0.0418     0.9892 f
  U2195/ZN (OAI21_X1)                                   0.0492     1.0384 r
  U2050/ZN (AND2_X1)                                    0.0533     1.0917 r
  U1966/ZN (INV_X1)                                     0.0329     1.1247 f
  U5914/Z (MUX2_X1)                                     0.0744     1.1990 r
  U5915/ZN (XNOR2_X1)                                   0.0586     1.2576 r
  U5916/ZN (AND4_X1)                                    0.0662     1.3238 r
  U5923/ZN (AND4_X1)                                    0.0618     1.3856 r
  U1025/ZN (AND4_X1)                                    0.0670     1.4526 r
  U1370/ZN (NAND4_X1)                                   0.0462     1.4988 f
  U1352/ZN (OAI21_X2)                                   0.0639     1.5627 r
  U2229/ZN (AND2_X4)                                    0.1042     1.6669 r
  U11844/ZN (NAND2_X1)                                  0.0591     1.7260 f
  U11849/ZN (NAND4_X1)                                  0.0335     1.7595 r
  DP_i_fetch_i_pc_i_Y_reg_0_/D (DFF_X2)                 0.0109     1.7704 r
  data arrival time                                                1.7704

  clock CLK (rise edge)                                 1.5000     1.5000
  clock network delay (ideal)                           0.0500     1.5500
  clock uncertainty                                    -0.0500     1.5000
  DP_i_fetch_i_pc_i_Y_reg_0_/CK (DFF_X2)                0.0000     1.5000 r
  library setup time                                   -0.0275     1.4725
  data required time                                               1.4725
  --------------------------------------------------------------------------
  data required time                                               1.4725
  data arrival time                                               -1.7704
  --------------------------------------------------------------------------
  slack (VIOLATED)                                                -0.2979


  Startpoint: DP_i_mem_access_i_rd_out_reg_i_Y_reg_2_
              (rising edge-triggered flip-flop clocked by CLK)
  Endpoint: DP_i_fetch_i_pc_i_Y_reg_0_
            (rising edge-triggered flip-flop clocked by CLK)
  Path Group: REG2REG
  Path Type: max

  Des/Clust/Port     Wire Load Model       Library
  ------------------------------------------------
  DLX                5K_hvratio_1_4        NangateOpenCellLibrary

  Point                                                   Incr       Path
  --------------------------------------------------------------------------
  clock CLK (rise edge)                                 0.0000     0.0000
  clock network delay (ideal)                           0.0500     0.0500
  DP_i_mem_access_i_rd_out_reg_i_Y_reg_2_/CK (DFF_X1)   0.0000     0.0500 r
  DP_i_mem_access_i_rd_out_reg_i_Y_reg_2_/Q (DFF_X1)    0.1023     0.1523 r
  U2401/ZN (XNOR2_X1)                                   0.0593     0.2116 r
  U2402/ZN (AND2_X1)                                    0.0469     0.2585 r
  U1269/ZN (AND4_X1)                                    0.0696     0.3281 r
  U2406/ZN (NOR3_X1)                                    0.0386     0.3667 f
  U2082/Z (BUF_X1)                                      0.0527     0.4194 f
  U1378/ZN (NAND2_X2)                                   0.0552     0.4746 r
  U2696/ZN (INV_X1)                                     0.0537     0.5282 f
  U3072/ZN (NAND2_X1)                                   0.0431     0.5714 r
  U3075/ZN (AND4_X1)                                    0.0569     0.6283 r
  U3083/ZN (AND3_X1)                                    0.0545     0.6828 r
  U3093/ZN (NAND4_X1)                                   0.0447     0.7274 f
  U3096/ZN (OAI211_X1)                                  0.0497     0.7772 r
  U3097/ZN (AND4_X1)                                    0.0692     0.8464 r
  U1071/ZN (AND4_X1)                                    0.0695     0.9159 r
  U2198/ZN (NAND3_X1)                                   0.0314     0.9473 f
  U1876/ZN (AND2_X1)                                    0.0418     0.9891 f
  U2195/ZN (OAI21_X1)                                   0.0492     1.0383 r
  U2050/ZN (AND2_X1)                                    0.0533     1.0916 r
  U1966/ZN (INV_X1)                                     0.0329     1.1245 f
  U5914/Z (MUX2_X1)                                     0.0744     1.1989 r
  U5915/ZN (XNOR2_X1)                                   0.0586     1.2575 r
  U5916/ZN (AND4_X1)                                    0.0662     1.3237 r
  U5923/ZN (AND4_X1)                                    0.0618     1.3855 r
  U1025/ZN (AND4_X1)                                    0.0670     1.4525 r
  U1370/ZN (NAND4_X1)                                   0.0462     1.4987 f
  U1352/ZN (OAI21_X2)                                   0.0639     1.5626 r
  U2229/ZN (AND2_X4)                                    0.1042     1.6668 r
  U11844/ZN (NAND2_X1)                                  0.0591     1.7259 f
  U11849/ZN (NAND4_X1)                                  0.0335     1.7594 r
  DP_i_fetch_i_pc_i_Y_reg_0_/D (DFF_X2)                 0.0109     1.7703 r
  data arrival time                                                1.7703

  clock CLK (rise edge)                                 1.5000     1.5000
  clock network delay (ideal)                           0.0500     1.5500
  clock uncertainty                                    -0.0500     1.5000
  DP_i_fetch_i_pc_i_Y_reg_0_/CK (DFF_X2)                0.0000     1.5000 r
  library setup time                                   -0.0275     1.4725
  data required time                                               1.4725
  --------------------------------------------------------------------------
  data required time                                               1.4725
  data arrival time                                               -1.7703
  --------------------------------------------------------------------------
  slack (VIOLATED)                                                -0.2978


  Startpoint: DP_i_mem_access_i_rd_out_reg_i_Y_reg_2_
              (rising edge-triggered flip-flop clocked by CLK)
  Endpoint: DP_i_fetch_i_pc_i_Y_reg_27_
            (rising edge-triggered flip-flop clocked by CLK)
  Path Group: REG2REG
  Path Type: max

  Des/Clust/Port     Wire Load Model       Library
  ------------------------------------------------
  DLX                5K_hvratio_1_4        NangateOpenCellLibrary

  Point                                                   Incr       Path
  --------------------------------------------------------------------------
  clock CLK (rise edge)                                 0.0000     0.0000
  clock network delay (ideal)                           0.0500     0.0500
  DP_i_mem_access_i_rd_out_reg_i_Y_reg_2_/CK (DFF_X1)   0.0000     0.0500 r
  DP_i_mem_access_i_rd_out_reg_i_Y_reg_2_/Q (DFF_X1)    0.1023     0.1523 r
  U2401/ZN (XNOR2_X1)                                   0.0593     0.2116 r
  U2402/ZN (AND2_X1)                                    0.0469     0.2585 r
  U2405/ZN (AND4_X2)                                    0.0672     0.3257 r
  U2416/ZN (NOR3_X1)                                    0.0358     0.3615 f
  U2315/Z (BUF_X1)                                      0.0431     0.4046 f
  U2031/ZN (AND2_X2)                                    0.0489     0.4536 f
  U850/Z (BUF_X2)                                       0.0530     0.5066 f
  U2777/ZN (NAND2_X1)                                   0.0314     0.5380 r
  U2781/ZN (AND4_X1)                                    0.0644     0.6024 r
  U2797/ZN (AND4_X1)                                    0.0602     0.6626 r
  U2821/ZN (NAND4_X1)                                   0.0432     0.7058 f
  U2822/ZN (NAND2_X1)                                   0.0372     0.7430 r
  U2823/ZN (AND2_X1)                                    0.0404     0.7834 r
  U948/ZN (AND4_X1)                                     0.0658     0.8492 r
  U1071/ZN (AND4_X1)                                    0.0668     0.9160 r
  U2198/ZN (NAND3_X1)                                   0.0314     0.9474 f
  U1876/ZN (AND2_X1)                                    0.0418     0.9892 f
  U2195/ZN (OAI21_X1)                                   0.0492     1.0384 r
  U2050/ZN (AND2_X1)                                    0.0533     1.0917 r
  U1966/ZN (INV_X1)                                     0.0329     1.1247 f
  U5914/Z (MUX2_X1)                                     0.0744     1.1990 r
  U5915/ZN (XNOR2_X1)                                   0.0586     1.2576 r
  U5916/ZN (AND4_X1)                                    0.0662     1.3238 r
  U5923/ZN (AND4_X1)                                    0.0618     1.3856 r
  U1025/ZN (AND4_X1)                                    0.0670     1.4526 r
  U1370/ZN (NAND4_X1)                                   0.0462     1.4988 f
  U1352/ZN (OAI21_X2)                                   0.0639     1.5627 r
  U2229/ZN (AND2_X4)                                    0.1042     1.6669 r
  U11841/ZN (NAND2_X1)                                  0.0593     1.7262 f
  U10844/ZN (NAND3_X1)                                  0.0320     1.7582 r
  DP_i_fetch_i_pc_i_Y_reg_27_/D (DFF_X1)                0.0110     1.7692 r
  data arrival time                                                1.7692

  clock CLK (rise edge)                                 1.5000     1.5000
  clock network delay (ideal)                           0.0500     1.5500
  clock uncertainty                                    -0.0500     1.5000
  DP_i_fetch_i_pc_i_Y_reg_27_/CK (DFF_X1)               0.0000     1.5000 r
  library setup time                                   -0.0272     1.4728
  data required time                                               1.4728
  --------------------------------------------------------------------------
  data required time                                               1.4728
  data arrival time                                               -1.7692
  --------------------------------------------------------------------------
  slack (VIOLATED)                                                -0.2964


  Startpoint: DP_i_mem_access_i_rd_out_reg_i_Y_reg_2_
              (rising edge-triggered flip-flop clocked by CLK)
  Endpoint: DP_i_fetch_i_pc_i_Y_reg_15_
            (rising edge-triggered flip-flop clocked by CLK)
  Path Group: REG2REG
  Path Type: max

  Des/Clust/Port     Wire Load Model       Library
  ------------------------------------------------
  DLX                5K_hvratio_1_4        NangateOpenCellLibrary

  Point                                                   Incr       Path
  --------------------------------------------------------------------------
  clock CLK (rise edge)                                 0.0000     0.0000
  clock network delay (ideal)                           0.0500     0.0500
  DP_i_mem_access_i_rd_out_reg_i_Y_reg_2_/CK (DFF_X1)   0.0000     0.0500 r
  DP_i_mem_access_i_rd_out_reg_i_Y_reg_2_/Q (DFF_X1)    0.1023     0.1523 r
  U2401/ZN (XNOR2_X1)                                   0.0593     0.2116 r
  U2402/ZN (AND2_X1)                                    0.0469     0.2585 r
  U2405/ZN (AND4_X2)                                    0.0672     0.3257 r
  U2416/ZN (NOR3_X1)                                    0.0358     0.3615 f
  U2315/Z (BUF_X1)                                      0.0431     0.4046 f
  U2031/ZN (AND2_X2)                                    0.0489     0.4536 f
  U850/Z (BUF_X2)                                       0.0530     0.5066 f
  U2777/ZN (NAND2_X1)                                   0.0314     0.5380 r
  U2781/ZN (AND4_X1)                                    0.0644     0.6024 r
  U2797/ZN (AND4_X1)                                    0.0602     0.6626 r
  U2821/ZN (NAND4_X1)                                   0.0432     0.7058 f
  U2822/ZN (NAND2_X1)                                   0.0372     0.7430 r
  U2823/ZN (AND2_X1)                                    0.0404     0.7834 r
  U948/ZN (AND4_X1)                                     0.0658     0.8492 r
  U1071/ZN (AND4_X1)                                    0.0668     0.9160 r
  U2198/ZN (NAND3_X1)                                   0.0314     0.9474 f
  U1876/ZN (AND2_X1)                                    0.0418     0.9892 f
  U2195/ZN (OAI21_X1)                                   0.0492     1.0384 r
  U2050/ZN (AND2_X1)                                    0.0533     1.0917 r
  U1966/ZN (INV_X1)                                     0.0329     1.1247 f
  U5914/Z (MUX2_X1)                                     0.0744     1.1990 r
  U5915/ZN (XNOR2_X1)                                   0.0586     1.2576 r
  U5916/ZN (AND4_X1)                                    0.0662     1.3238 r
  U5923/ZN (AND4_X1)                                    0.0618     1.3856 r
  U1025/ZN (AND4_X1)                                    0.0670     1.4526 r
  U1370/ZN (NAND4_X1)                                   0.0462     1.4988 f
  U1352/ZN (OAI21_X2)                                   0.0639     1.5627 r
  U2229/ZN (AND2_X4)                                    0.1042     1.6669 r
  U11829/ZN (NAND2_X1)                                  0.0593     1.7262 f
  U10856/ZN (NAND3_X1)                                  0.0320     1.7582 r
  DP_i_fetch_i_pc_i_Y_reg_15_/D (DFF_X1)                0.0110     1.7692 r
  data arrival time                                                1.7692

  clock CLK (rise edge)                                 1.5000     1.5000
  clock network delay (ideal)                           0.0500     1.5500
  clock uncertainty                                    -0.0500     1.5000
  DP_i_fetch_i_pc_i_Y_reg_15_/CK (DFF_X1)               0.0000     1.5000 r
  library setup time                                   -0.0272     1.4728
  data required time                                               1.4728
  --------------------------------------------------------------------------
  data required time                                               1.4728
  data arrival time                                               -1.7692
  --------------------------------------------------------------------------
  slack (VIOLATED)                                                -0.2964


  Startpoint: DP_i_mem_access_i_rd_out_reg_i_Y_reg_2_
              (rising edge-triggered flip-flop clocked by CLK)
  Endpoint: DP_i_fetch_i_pc_i_Y_reg_6_
            (rising edge-triggered flip-flop clocked by CLK)
  Path Group: REG2REG
  Path Type: max

  Des/Clust/Port     Wire Load Model       Library
  ------------------------------------------------
  DLX                5K_hvratio_1_4        NangateOpenCellLibrary

  Point                                                   Incr       Path
  --------------------------------------------------------------------------
  clock CLK (rise edge)                                 0.0000     0.0000
  clock network delay (ideal)                           0.0500     0.0500
  DP_i_mem_access_i_rd_out_reg_i_Y_reg_2_/CK (DFF_X1)   0.0000     0.0500 r
  DP_i_mem_access_i_rd_out_reg_i_Y_reg_2_/Q (DFF_X1)    0.1023     0.1523 r
  U2401/ZN (XNOR2_X1)                                   0.0593     0.2116 r
  U2402/ZN (AND2_X1)                                    0.0469     0.2585 r
  U2405/ZN (AND4_X2)                                    0.0672     0.3257 r
  U2416/ZN (NOR3_X1)                                    0.0358     0.3615 f
  U2315/Z (BUF_X1)                                      0.0431     0.4046 f
  U2031/ZN (AND2_X2)                                    0.0489     0.4536 f
  U850/Z (BUF_X2)                                       0.0530     0.5066 f
  U2777/ZN (NAND2_X1)                                   0.0314     0.5380 r
  U2781/ZN (AND4_X1)                                    0.0644     0.6024 r
  U2797/ZN (AND4_X1)                                    0.0602     0.6626 r
  U2821/ZN (NAND4_X1)                                   0.0432     0.7058 f
  U2822/ZN (NAND2_X1)                                   0.0372     0.7430 r
  U2823/ZN (AND2_X1)                                    0.0404     0.7834 r
  U948/ZN (AND4_X1)                                     0.0658     0.8492 r
  U1071/ZN (AND4_X1)                                    0.0668     0.9160 r
  U2198/ZN (NAND3_X1)                                   0.0314     0.9474 f
  U1876/ZN (AND2_X1)                                    0.0418     0.9892 f
  U2195/ZN (OAI21_X1)                                   0.0492     1.0384 r
  U2050/ZN (AND2_X1)                                    0.0533     1.0917 r
  U1966/ZN (INV_X1)                                     0.0329     1.1247 f
  U5914/Z (MUX2_X1)                                     0.0744     1.1990 r
  U5915/ZN (XNOR2_X1)                                   0.0586     1.2576 r
  U5916/ZN (AND4_X1)                                    0.0662     1.3238 r
  U5923/ZN (AND4_X1)                                    0.0618     1.3856 r
  U1025/ZN (AND4_X1)                                    0.0670     1.4526 r
  U1370/ZN (NAND4_X1)                                   0.0462     1.4988 f
  U1352/ZN (OAI21_X2)                                   0.0639     1.5627 r
  U2229/ZN (AND2_X4)                                    0.1042     1.6669 r
  U11820/ZN (NAND2_X1)                                  0.0593     1.7262 f
  U10865/ZN (NAND3_X1)                                  0.0320     1.7582 r
  DP_i_fetch_i_pc_i_Y_reg_6_/D (DFF_X1)                 0.0110     1.7692 r
  data arrival time                                                1.7692

  clock CLK (rise edge)                                 1.5000     1.5000
  clock network delay (ideal)                           0.0500     1.5500
  clock uncertainty                                    -0.0500     1.5000
  DP_i_fetch_i_pc_i_Y_reg_6_/CK (DFF_X1)                0.0000     1.5000 r
  library setup time                                   -0.0272     1.4728
  data required time                                               1.4728
  --------------------------------------------------------------------------
  data required time                                               1.4728
  data arrival time                                               -1.7692
  --------------------------------------------------------------------------
  slack (VIOLATED)                                                -0.2964


  Startpoint: DP_i_mem_access_i_rd_out_reg_i_Y_reg_2_
              (rising edge-triggered flip-flop clocked by CLK)
  Endpoint: DP_i_fetch_i_pc_i_Y_reg_4_
            (rising edge-triggered flip-flop clocked by CLK)
  Path Group: REG2REG
  Path Type: max

  Des/Clust/Port     Wire Load Model       Library
  ------------------------------------------------
  DLX                5K_hvratio_1_4        NangateOpenCellLibrary

  Point                                                   Incr       Path
  --------------------------------------------------------------------------
  clock CLK (rise edge)                                 0.0000     0.0000
  clock network delay (ideal)                           0.0500     0.0500
  DP_i_mem_access_i_rd_out_reg_i_Y_reg_2_/CK (DFF_X1)   0.0000     0.0500 r
  DP_i_mem_access_i_rd_out_reg_i_Y_reg_2_/Q (DFF_X1)    0.1023     0.1523 r
  U2401/ZN (XNOR2_X1)                                   0.0593     0.2116 r
  U2402/ZN (AND2_X1)                                    0.0469     0.2585 r
  U2405/ZN (AND4_X2)                                    0.0672     0.3257 r
  U2416/ZN (NOR3_X1)                                    0.0358     0.3615 f
  U2315/Z (BUF_X1)                                      0.0431     0.4046 f
  U2031/ZN (AND2_X2)                                    0.0489     0.4536 f
  U850/Z (BUF_X2)                                       0.0530     0.5066 f
  U2777/ZN (NAND2_X1)                                   0.0314     0.5380 r
  U2781/ZN (AND4_X1)                                    0.0644     0.6024 r
  U2797/ZN (AND4_X1)                                    0.0602     0.6626 r
  U2821/ZN (NAND4_X1)                                   0.0432     0.7058 f
  U2822/ZN (NAND2_X1)                                   0.0372     0.7430 r
  U2823/ZN (AND2_X1)                                    0.0404     0.7834 r
  U948/ZN (AND4_X1)                                     0.0658     0.8492 r
  U1071/ZN (AND4_X1)                                    0.0668     0.9160 r
  U2198/ZN (NAND3_X1)                                   0.0314     0.9474 f
  U1876/ZN (AND2_X1)                                    0.0418     0.9892 f
  U2195/ZN (OAI21_X1)                                   0.0492     1.0384 r
  U2050/ZN (AND2_X1)                                    0.0533     1.0917 r
  U1966/ZN (INV_X1)                                     0.0329     1.1247 f
  U5914/Z (MUX2_X1)                                     0.0744     1.1990 r
  U5915/ZN (XNOR2_X1)                                   0.0586     1.2576 r
  U5916/ZN (AND4_X1)                                    0.0662     1.3238 r
  U5923/ZN (AND4_X1)                                    0.0618     1.3856 r
  U1025/ZN (AND4_X1)                                    0.0670     1.4526 r
  U1370/ZN (NAND4_X1)                                   0.0462     1.4988 f
  U1352/ZN (OAI21_X2)                                   0.0639     1.5627 r
  U2229/ZN (AND2_X4)                                    0.1042     1.6669 r
  U11818/ZN (NAND2_X1)                                  0.0593     1.7262 f
  U10867/ZN (NAND3_X1)                                  0.0320     1.7582 r
  DP_i_fetch_i_pc_i_Y_reg_4_/D (DFF_X1)                 0.0110     1.7692 r
  data arrival time                                                1.7692

  clock CLK (rise edge)                                 1.5000     1.5000
  clock network delay (ideal)                           0.0500     1.5500
  clock uncertainty                                    -0.0500     1.5000
  DP_i_fetch_i_pc_i_Y_reg_4_/CK (DFF_X1)                0.0000     1.5000 r
  library setup time                                   -0.0272     1.4728
  data required time                                               1.4728
  --------------------------------------------------------------------------
  data required time                                               1.4728
  data arrival time                                               -1.7692
  --------------------------------------------------------------------------
  slack (VIOLATED)                                                -0.2964


  Startpoint: DP_i_mem_access_i_rd_out_reg_i_Y_reg_2_
              (rising edge-triggered flip-flop clocked by CLK)
  Endpoint: DP_i_fetch_i_pc_i_Y_reg_5_
            (rising edge-triggered flip-flop clocked by CLK)
  Path Group: REG2REG
  Path Type: max

  Des/Clust/Port     Wire Load Model       Library
  ------------------------------------------------
  DLX                5K_hvratio_1_4        NangateOpenCellLibrary

  Point                                                   Incr       Path
  --------------------------------------------------------------------------
  clock CLK (rise edge)                                 0.0000     0.0000
  clock network delay (ideal)                           0.0500     0.0500
  DP_i_mem_access_i_rd_out_reg_i_Y_reg_2_/CK (DFF_X1)   0.0000     0.0500 r
  DP_i_mem_access_i_rd_out_reg_i_Y_reg_2_/Q (DFF_X1)    0.1023     0.1523 r
  U2401/ZN (XNOR2_X1)                                   0.0593     0.2116 r
  U2402/ZN (AND2_X1)                                    0.0469     0.2585 r
  U2405/ZN (AND4_X2)                                    0.0672     0.3257 r
  U2416/ZN (NOR3_X1)                                    0.0358     0.3615 f
  U2315/Z (BUF_X1)                                      0.0431     0.4046 f
  U2031/ZN (AND2_X2)                                    0.0489     0.4536 f
  U850/Z (BUF_X2)                                       0.0530     0.5066 f
  U2777/ZN (NAND2_X1)                                   0.0314     0.5380 r
  U2781/ZN (AND4_X1)                                    0.0644     0.6024 r
  U2797/ZN (AND4_X1)                                    0.0602     0.6626 r
  U2821/ZN (NAND4_X1)                                   0.0432     0.7058 f
  U2822/ZN (NAND2_X1)                                   0.0372     0.7430 r
  U2823/ZN (AND2_X1)                                    0.0404     0.7834 r
  U948/ZN (AND4_X1)                                     0.0658     0.8492 r
  U1071/ZN (AND4_X1)                                    0.0668     0.9160 r
  U2198/ZN (NAND3_X1)                                   0.0314     0.9474 f
  U1876/ZN (AND2_X1)                                    0.0418     0.9892 f
  U2195/ZN (OAI21_X1)                                   0.0492     1.0384 r
  U2050/ZN (AND2_X1)                                    0.0533     1.0917 r
  U1966/ZN (INV_X1)                                     0.0329     1.1247 f
  U5914/Z (MUX2_X1)                                     0.0744     1.1990 r
  U5915/ZN (XNOR2_X1)                                   0.0586     1.2576 r
  U5916/ZN (AND4_X1)                                    0.0662     1.3238 r
  U5923/ZN (AND4_X1)                                    0.0618     1.3856 r
  U1025/ZN (AND4_X1)                                    0.0670     1.4526 r
  U1370/ZN (NAND4_X1)                                   0.0462     1.4988 f
  U1352/ZN (OAI21_X2)                                   0.0639     1.5627 r
  U2229/ZN (AND2_X4)                                    0.1042     1.6669 r
  U11819/ZN (NAND2_X1)                                  0.0593     1.7262 f
  U10866/ZN (NAND3_X1)                                  0.0320     1.7582 r
  DP_i_fetch_i_pc_i_Y_reg_5_/D (DFF_X1)                 0.0110     1.7692 r
  data arrival time                                                1.7692

  clock CLK (rise edge)                                 1.5000     1.5000
  clock network delay (ideal)                           0.0500     1.5500
  clock uncertainty                                    -0.0500     1.5000
  DP_i_fetch_i_pc_i_Y_reg_5_/CK (DFF_X1)                0.0000     1.5000 r
  library setup time                                   -0.0272     1.4728
  data required time                                               1.4728
  --------------------------------------------------------------------------
  data required time                                               1.4728
  data arrival time                                               -1.7692
  --------------------------------------------------------------------------
  slack (VIOLATED)                                                -0.2964


  Startpoint: DP_i_mem_access_i_rd_out_reg_i_Y_reg_2_
              (rising edge-triggered flip-flop clocked by CLK)
  Endpoint: DP_i_fetch_i_pc_i_Y_reg_3_
            (rising edge-triggered flip-flop clocked by CLK)
  Path Group: REG2REG
  Path Type: max

  Des/Clust/Port     Wire Load Model       Library
  ------------------------------------------------
  DLX                5K_hvratio_1_4        NangateOpenCellLibrary

  Point                                                   Incr       Path
  --------------------------------------------------------------------------
  clock CLK (rise edge)                                 0.0000     0.0000
  clock network delay (ideal)                           0.0500     0.0500
  DP_i_mem_access_i_rd_out_reg_i_Y_reg_2_/CK (DFF_X1)   0.0000     0.0500 r
  DP_i_mem_access_i_rd_out_reg_i_Y_reg_2_/Q (DFF_X1)    0.1023     0.1523 r
  U2401/ZN (XNOR2_X1)                                   0.0593     0.2116 r
  U2402/ZN (AND2_X1)                                    0.0469     0.2585 r
  U2405/ZN (AND4_X2)                                    0.0672     0.3257 r
  U2416/ZN (NOR3_X1)                                    0.0358     0.3615 f
  U2315/Z (BUF_X1)                                      0.0431     0.4046 f
  U2031/ZN (AND2_X2)                                    0.0489     0.4536 f
  U850/Z (BUF_X2)                                       0.0530     0.5066 f
  U2777/ZN (NAND2_X1)                                   0.0314     0.5380 r
  U2781/ZN (AND4_X1)                                    0.0644     0.6024 r
  U2797/ZN (AND4_X1)                                    0.0602     0.6626 r
  U2821/ZN (NAND4_X1)                                   0.0432     0.7058 f
  U2822/ZN (NAND2_X1)                                   0.0372     0.7430 r
  U2823/ZN (AND2_X1)                                    0.0404     0.7834 r
  U948/ZN (AND4_X1)                                     0.0658     0.8492 r
  U1071/ZN (AND4_X1)                                    0.0668     0.9160 r
  U2198/ZN (NAND3_X1)                                   0.0314     0.9474 f
  U1876/ZN (AND2_X1)                                    0.0418     0.9892 f
  U2195/ZN (OAI21_X1)                                   0.0492     1.0384 r
  U2050/ZN (AND2_X1)                                    0.0533     1.0917 r
  U1966/ZN (INV_X1)                                     0.0329     1.1247 f
  U5914/Z (MUX2_X1)                                     0.0744     1.1990 r
  U5915/ZN (XNOR2_X1)                                   0.0586     1.2576 r
  U5916/ZN (AND4_X1)                                    0.0662     1.3238 r
  U5923/ZN (AND4_X1)                                    0.0618     1.3856 r
  U1025/ZN (AND4_X1)                                    0.0670     1.4526 r
  U1370/ZN (NAND4_X1)                                   0.0462     1.4988 f
  U1352/ZN (OAI21_X2)                                   0.0639     1.5627 r
  U2229/ZN (AND2_X4)                                    0.1042     1.6669 r
  U11817/ZN (NAND2_X1)                                  0.0593     1.7262 f
  U10868/ZN (NAND3_X1)                                  0.0320     1.7582 r
  DP_i_fetch_i_pc_i_Y_reg_3_/D (DFF_X1)                 0.0110     1.7692 r
  data arrival time                                                1.7692

  clock CLK (rise edge)                                 1.5000     1.5000
  clock network delay (ideal)                           0.0500     1.5500
  clock uncertainty                                    -0.0500     1.5000
  DP_i_fetch_i_pc_i_Y_reg_3_/CK (DFF_X1)                0.0000     1.5000 r
  library setup time                                   -0.0272     1.4728
  data required time                                               1.4728
  --------------------------------------------------------------------------
  data required time                                               1.4728
  data arrival time                                               -1.7692
  --------------------------------------------------------------------------
  slack (VIOLATED)                                                -0.2964


  Startpoint: DP_i_mem_access_i_rd_out_reg_i_Y_reg_2_
              (rising edge-triggered flip-flop clocked by CLK)
  Endpoint: DP_i_fetch_i_pc_i_Y_reg_2_
            (rising edge-triggered flip-flop clocked by CLK)
  Path Group: REG2REG
  Path Type: max

  Des/Clust/Port     Wire Load Model       Library
  ------------------------------------------------
  DLX                5K_hvratio_1_4        NangateOpenCellLibrary

  Point                                                   Incr       Path
  --------------------------------------------------------------------------
  clock CLK (rise edge)                                 0.0000     0.0000
  clock network delay (ideal)                           0.0500     0.0500
  DP_i_mem_access_i_rd_out_reg_i_Y_reg_2_/CK (DFF_X1)   0.0000     0.0500 r
  DP_i_mem_access_i_rd_out_reg_i_Y_reg_2_/Q (DFF_X1)    0.1023     0.1523 r
  U2401/ZN (XNOR2_X1)                                   0.0593     0.2116 r
  U2402/ZN (AND2_X1)                                    0.0469     0.2585 r
  U2405/ZN (AND4_X2)                                    0.0672     0.3257 r
  U2416/ZN (NOR3_X1)                                    0.0358     0.3615 f
  U2315/Z (BUF_X1)                                      0.0431     0.4046 f
  U2031/ZN (AND2_X2)                                    0.0489     0.4536 f
  U850/Z (BUF_X2)                                       0.0530     0.5066 f
  U2777/ZN (NAND2_X1)                                   0.0314     0.5380 r
  U2781/ZN (AND4_X1)                                    0.0644     0.6024 r
  U2797/ZN (AND4_X1)                                    0.0602     0.6626 r
  U2821/ZN (NAND4_X1)                                   0.0432     0.7058 f
  U2822/ZN (NAND2_X1)                                   0.0372     0.7430 r
  U2823/ZN (AND2_X1)                                    0.0404     0.7834 r
  U948/ZN (AND4_X1)                                     0.0658     0.8492 r
  U1071/ZN (AND4_X1)                                    0.0668     0.9160 r
  U2198/ZN (NAND3_X1)                                   0.0314     0.9474 f
  U1876/ZN (AND2_X1)                                    0.0418     0.9892 f
  U2195/ZN (OAI21_X1)                                   0.0492     1.0384 r
  U2050/ZN (AND2_X1)                                    0.0533     1.0917 r
  U1966/ZN (INV_X1)                                     0.0329     1.1247 f
  U5914/Z (MUX2_X1)                                     0.0744     1.1990 r
  U5915/ZN (XNOR2_X1)                                   0.0586     1.2576 r
  U5916/ZN (AND4_X1)                                    0.0662     1.3238 r
  U5923/ZN (AND4_X1)                                    0.0618     1.3856 r
  U1025/ZN (AND4_X1)                                    0.0670     1.4526 r
  U1370/ZN (NAND4_X1)                                   0.0462     1.4988 f
  U1352/ZN (OAI21_X2)                                   0.0639     1.5627 r
  U2229/ZN (AND2_X4)                                    0.1042     1.6669 r
  U11816/ZN (NAND2_X1)                                  0.0593     1.7262 f
  U10869/ZN (NAND3_X1)                                  0.0320     1.7582 r
  DP_i_fetch_i_pc_i_Y_reg_2_/D (DFF_X1)                 0.0110     1.7692 r
  data arrival time                                                1.7692

  clock CLK (rise edge)                                 1.5000     1.5000
  clock network delay (ideal)                           0.0500     1.5500
  clock uncertainty                                    -0.0500     1.5000
  DP_i_fetch_i_pc_i_Y_reg_2_/CK (DFF_X1)                0.0000     1.5000 r
  library setup time                                   -0.0272     1.4728
  data required time                                               1.4728
  --------------------------------------------------------------------------
  data required time                                               1.4728
  data arrival time                                               -1.7692
  --------------------------------------------------------------------------
  slack (VIOLATED)                                                -0.2964


  Startpoint: DP_i_mem_access_i_rd_out_reg_i_Y_reg_2_
              (rising edge-triggered flip-flop clocked by CLK)
  Endpoint: DP_i_fetch_i_pc_i_Y_reg_1_
            (rising edge-triggered flip-flop clocked by CLK)
  Path Group: REG2REG
  Path Type: max

  Des/Clust/Port     Wire Load Model       Library
  ------------------------------------------------
  DLX                5K_hvratio_1_4        NangateOpenCellLibrary

  Point                                                   Incr       Path
  --------------------------------------------------------------------------
  clock CLK (rise edge)                                 0.0000     0.0000
  clock network delay (ideal)                           0.0500     0.0500
  DP_i_mem_access_i_rd_out_reg_i_Y_reg_2_/CK (DFF_X1)   0.0000     0.0500 r
  DP_i_mem_access_i_rd_out_reg_i_Y_reg_2_/Q (DFF_X1)    0.1023     0.1523 r
  U2401/ZN (XNOR2_X1)                                   0.0593     0.2116 r
  U2402/ZN (AND2_X1)                                    0.0469     0.2585 r
  U2405/ZN (AND4_X2)                                    0.0672     0.3257 r
  U2416/ZN (NOR3_X1)                                    0.0358     0.3615 f
  U2315/Z (BUF_X1)                                      0.0431     0.4046 f
  U2031/ZN (AND2_X2)                                    0.0489     0.4536 f
  U850/Z (BUF_X2)                                       0.0530     0.5066 f
  U2777/ZN (NAND2_X1)                                   0.0314     0.5380 r
  U2781/ZN (AND4_X1)                                    0.0644     0.6024 r
  U2797/ZN (AND4_X1)                                    0.0602     0.6626 r
  U2821/ZN (NAND4_X1)                                   0.0432     0.7058 f
  U2822/ZN (NAND2_X1)                                   0.0372     0.7430 r
  U2823/ZN (AND2_X1)                                    0.0404     0.7834 r
  U948/ZN (AND4_X1)                                     0.0658     0.8492 r
  U1071/ZN (AND4_X1)                                    0.0668     0.9160 r
  U2198/ZN (NAND3_X1)                                   0.0314     0.9474 f
  U1876/ZN (AND2_X1)                                    0.0418     0.9892 f
  U2195/ZN (OAI21_X1)                                   0.0492     1.0384 r
  U2050/ZN (AND2_X1)                                    0.0533     1.0917 r
  U1966/ZN (INV_X1)                                     0.0329     1.1247 f
  U5914/Z (MUX2_X1)                                     0.0744     1.1990 r
  U5915/ZN (XNOR2_X1)                                   0.0586     1.2576 r
  U5916/ZN (AND4_X1)                                    0.0662     1.3238 r
  U5923/ZN (AND4_X1)                                    0.0618     1.3856 r
  U1025/ZN (AND4_X1)                                    0.0670     1.4526 r
  U1370/ZN (NAND4_X1)                                   0.0462     1.4988 f
  U1352/ZN (OAI21_X2)                                   0.0639     1.5627 r
  U2229/ZN (AND2_X4)                                    0.1042     1.6669 r
  U11815/ZN (NAND2_X1)                                  0.0593     1.7262 f
  U10870/ZN (NAND3_X1)                                  0.0320     1.7582 r
  DP_i_fetch_i_pc_i_Y_reg_1_/D (DFF_X1)                 0.0110     1.7692 r
  data arrival time                                                1.7692

  clock CLK (rise edge)                                 1.5000     1.5000
  clock network delay (ideal)                           0.0500     1.5500
  clock uncertainty                                    -0.0500     1.5000
  DP_i_fetch_i_pc_i_Y_reg_1_/CK (DFF_X1)                0.0000     1.5000 r
  library setup time                                   -0.0272     1.4728
  data required time                                               1.4728
  --------------------------------------------------------------------------
  data required time                                               1.4728
  data arrival time                                               -1.7692
  --------------------------------------------------------------------------
  slack (VIOLATED)                                                -0.2964


1
