 
****************************************
Report : timing
        -path full
        -delay max
        -nworst 2
        -group REG2REG
        -max_paths 10
Design : DLX
Version: W-2024.09-SP2
Date   : Tue Sep 29 11:52:53 2026
****************************************

Operating Conditions: typical   Library: NangateOpenCellLibrary
Wire Load Model Mode: top

  Startpoint: DP_i_fetch_i_IR_out_reg_23_
              (rising edge-triggered flip-flop clocked by CLK)
  Endpoint: DP_i_fetch_i_pc_i_Y_reg_10_
            (rising edge-triggered flip-flop clocked by CLK)
  Path Group: REG2REG
  Path Type: max

  Des/Clust/Port     Wire Load Model       Library
  ------------------------------------------------
  DLX                5K_hvratio_1_4        NangateOpenCellLibrary

  Point                                                   Incr       Path
  --------------------------------------------------------------------------
  clock CLK (rise edge)                                 0.0000     0.0000
  clock network delay (ideal)                           0.0500     0.0500
  DP_i_fetch_i_IR_out_reg_23_/CK (DFF_X1)               0.0000     0.0500 r
  DP_i_fetch_i_IR_out_reg_23_/Q (DFF_X1)                0.0996     0.1496 f
  U1821/ZN (AND2_X1)                                    0.0465     0.1961 f
  U1932/ZN (AND2_X1)                                    0.0457     0.2418 f
  U1936/ZN (AND2_X1)                                    0.0456     0.2874 f
  U2863/ZN (INV_X1)                                     0.0391     0.3265 r
  U3082/ZN (INV_X1)                                     0.0378     0.3643 f
  U3392/ZN (AOI22_X1)                                   0.0480     0.4123 r
  U3393/ZN (AND4_X1)                                    0.0668     0.4791 r
  U3401/ZN (AND4_X1)                                    0.0607     0.5398 r
  U3403/ZN (OAI21_X1)                                   0.0330     0.5729 f
  U3804/ZN (NAND2_X1)                                   0.0358     0.6087 r
  U3806/ZN (AND2_X1)                                    0.0407     0.6493 r
  U1747/ZN (AND4_X1)                                    0.0662     0.7156 r
  U922/ZN (AND4_X1)                                     0.0685     0.7841 r
  U3834/ZN (NAND4_X1)                                   0.0514     0.8355 f
  U4046/ZN (AND2_X1)                                    0.0511     0.8867 f
  U4072/ZN (NOR2_X1)                                    0.0386     0.9252 r
  U4073/ZN (OAI21_X1)                                   0.0362     0.9615 f
  U4097/Z (BUF_X1)                                      0.0446     1.0061 f
  U4102/ZN (OR2_X1)                                     0.0533     1.0594 f
  U1869/ZN (AND2_X1)                                    0.0413     1.1007 f
  U4104/ZN (XNOR2_X1)                                   0.0474     1.1481 r
  U4139/ZN (NAND4_X1)                                   0.0432     1.1913 f
  U1449/ZN (OR4_X1)                                     0.1149     1.3062 f
  U4292/ZN (OAI21_X1)                                   0.0537     1.3599 r
  U1596/ZN (AND2_X1)                                    0.0502     1.4101 r
  U1769/ZN (AND4_X4)                                    0.1052     1.5154 r
  U11023/ZN (AND2_X1)                                   0.0688     1.5842 r
  U10419/ZN (OR4_X2)                                    0.0385     1.6226 r
  DP_i_fetch_i_pc_i_Y_reg_10_/D (DFF_X1)                0.0110     1.6336 r
  data arrival time                                                1.6336

  clock CLK (rise edge)                                 1.0500     1.0500
  clock network delay (ideal)                           0.0500     1.1000
  clock uncertainty                                    -0.0500     1.0500
  DP_i_fetch_i_pc_i_Y_reg_10_/CK (DFF_X1)               0.0000     1.0500 r
  library setup time                                   -0.0260     1.0240
  data required time                                               1.0240
  --------------------------------------------------------------------------
  data required time                                               1.0240
  data arrival time                                               -1.6336
  --------------------------------------------------------------------------
  slack (VIOLATED)                                                -0.6096


  Startpoint: DP_i_fetch_i_IR_out_reg_23_
              (rising edge-triggered flip-flop clocked by CLK)
  Endpoint: DP_i_fetch_i_pc_i_Y_reg_3_
            (rising edge-triggered flip-flop clocked by CLK)
  Path Group: REG2REG
  Path Type: max

  Des/Clust/Port     Wire Load Model       Library
  ------------------------------------------------
  DLX                5K_hvratio_1_4        NangateOpenCellLibrary

  Point                                                   Incr       Path
  --------------------------------------------------------------------------
  clock CLK (rise edge)                                 0.0000     0.0000
  clock network delay (ideal)                           0.0500     0.0500
  DP_i_fetch_i_IR_out_reg_23_/CK (DFF_X1)               0.0000     0.0500 r
  DP_i_fetch_i_IR_out_reg_23_/Q (DFF_X1)                0.0996     0.1496 f
  U1821/ZN (AND2_X1)                                    0.0465     0.1961 f
  U1932/ZN (AND2_X1)                                    0.0457     0.2418 f
  U1936/ZN (AND2_X1)                                    0.0456     0.2874 f
  U2863/ZN (INV_X1)                                     0.0391     0.3265 r
  U3082/ZN (INV_X1)                                     0.0378     0.3643 f
  U3392/ZN (AOI22_X1)                                   0.0480     0.4123 r
  U3393/ZN (AND4_X1)                                    0.0668     0.4791 r
  U3401/ZN (AND4_X1)                                    0.0607     0.5398 r
  U3403/ZN (OAI21_X1)                                   0.0330     0.5729 f
  U3804/ZN (NAND2_X1)                                   0.0358     0.6087 r
  U3806/ZN (AND2_X1)                                    0.0407     0.6493 r
  U1747/ZN (AND4_X1)                                    0.0662     0.7156 r
  U922/ZN (AND4_X1)                                     0.0685     0.7841 r
  U3834/ZN (NAND4_X1)                                   0.0514     0.8355 f
  U4046/ZN (AND2_X1)                                    0.0511     0.8867 f
  U4072/ZN (NOR2_X1)                                    0.0386     0.9252 r
  U4073/ZN (OAI21_X1)                                   0.0362     0.9615 f
  U4097/Z (BUF_X1)                                      0.0446     1.0061 f
  U4102/ZN (OR2_X1)                                     0.0533     1.0594 f
  U1869/ZN (AND2_X1)                                    0.0413     1.1007 f
  U4104/ZN (XNOR2_X1)                                   0.0474     1.1481 r
  U4139/ZN (NAND4_X1)                                   0.0432     1.1913 f
  U1449/ZN (OR4_X1)                                     0.1149     1.3062 f
  U4292/ZN (OAI21_X1)                                   0.0537     1.3599 r
  U1596/ZN (AND2_X1)                                    0.0502     1.4101 r
  U1769/ZN (AND4_X4)                                    0.1052     1.5154 r
  U11039/ZN (AND2_X1)                                   0.0688     1.5842 r
  U10422/ZN (OR4_X2)                                    0.0385     1.6226 r
  DP_i_fetch_i_pc_i_Y_reg_3_/D (DFF_X1)                 0.0110     1.6336 r
  data arrival time                                                1.6336

  clock CLK (rise edge)                                 1.0500     1.0500
  clock network delay (ideal)                           0.0500     1.1000
  clock uncertainty                                    -0.0500     1.0500
  DP_i_fetch_i_pc_i_Y_reg_3_/CK (DFF_X1)                0.0000     1.0500 r
  library setup time                                   -0.0260     1.0240
  data required time                                               1.0240
  --------------------------------------------------------------------------
  data required time                                               1.0240
  data arrival time                                               -1.6336
  --------------------------------------------------------------------------
  slack (VIOLATED)                                                -0.6096


  Startpoint: DP_i_fetch_i_IR_out_reg_23_
              (rising edge-triggered flip-flop clocked by CLK)
  Endpoint: DP_i_fetch_i_pc_i_Y_reg_20_
            (rising edge-triggered flip-flop clocked by CLK)
  Path Group: REG2REG
  Path Type: max

  Des/Clust/Port     Wire Load Model       Library
  ------------------------------------------------
  DLX                5K_hvratio_1_4        NangateOpenCellLibrary

  Point                                                   Incr       Path
  --------------------------------------------------------------------------
  clock CLK (rise edge)                                 0.0000     0.0000
  clock network delay (ideal)                           0.0500     0.0500
  DP_i_fetch_i_IR_out_reg_23_/CK (DFF_X1)               0.0000     0.0500 r
  DP_i_fetch_i_IR_out_reg_23_/Q (DFF_X1)                0.0996     0.1496 f
  U1821/ZN (AND2_X1)                                    0.0465     0.1961 f
  U1932/ZN (AND2_X1)                                    0.0457     0.2418 f
  U1936/ZN (AND2_X1)                                    0.0456     0.2874 f
  U2863/ZN (INV_X1)                                     0.0391     0.3265 r
  U3082/ZN (INV_X1)                                     0.0378     0.3643 f
  U3392/ZN (AOI22_X1)                                   0.0480     0.4123 r
  U3393/ZN (AND4_X1)                                    0.0668     0.4791 r
  U3401/ZN (AND4_X1)                                    0.0607     0.5398 r
  U3403/ZN (OAI21_X1)                                   0.0330     0.5729 f
  U3804/ZN (NAND2_X1)                                   0.0358     0.6087 r
  U3806/ZN (AND2_X1)                                    0.0407     0.6493 r
  U1747/ZN (AND4_X1)                                    0.0662     0.7156 r
  U922/ZN (AND4_X1)                                     0.0685     0.7841 r
  U3834/ZN (NAND4_X1)                                   0.0514     0.8355 f
  U4046/ZN (AND2_X1)                                    0.0511     0.8867 f
  U4072/ZN (NOR2_X1)                                    0.0386     0.9252 r
  U4073/ZN (OAI21_X1)                                   0.0362     0.9615 f
  U4097/Z (BUF_X1)                                      0.0446     1.0061 f
  U4102/ZN (OR2_X1)                                     0.0533     1.0594 f
  U1869/ZN (AND2_X1)                                    0.0413     1.1007 f
  U4104/ZN (XNOR2_X1)                                   0.0474     1.1481 r
  U4139/ZN (NAND4_X1)                                   0.0432     1.1913 f
  U1449/ZN (OR4_X1)                                     0.1149     1.3062 f
  U4292/ZN (OAI21_X1)                                   0.0537     1.3599 r
  U1596/ZN (AND2_X1)                                    0.0502     1.4101 r
  U1769/ZN (AND4_X4)                                    0.1052     1.5154 r
  U11018/ZN (AND2_X1)                                   0.0688     1.5842 r
  U10417/ZN (OR4_X2)                                    0.0385     1.6226 r
  DP_i_fetch_i_pc_i_Y_reg_20_/D (DFF_X1)                0.0110     1.6336 r
  data arrival time                                                1.6336

  clock CLK (rise edge)                                 1.0500     1.0500
  clock network delay (ideal)                           0.0500     1.1000
  clock uncertainty                                    -0.0500     1.0500
  DP_i_fetch_i_pc_i_Y_reg_20_/CK (DFF_X1)               0.0000     1.0500 r
  library setup time                                   -0.0260     1.0240
  data required time                                               1.0240
  --------------------------------------------------------------------------
  data required time                                               1.0240
  data arrival time                                               -1.6336
  --------------------------------------------------------------------------
  slack (VIOLATED)                                                -0.6096


  Startpoint: DP_i_fetch_i_IR_out_reg_23_
              (rising edge-triggered flip-flop clocked by CLK)
  Endpoint: DP_i_fetch_i_pc_i_Y_reg_13_
            (rising edge-triggered flip-flop clocked by CLK)
  Path Group: REG2REG
  Path Type: max

  Des/Clust/Port     Wire Load Model       Library
  ------------------------------------------------
  DLX                5K_hvratio_1_4        NangateOpenCellLibrary

  Point                                                   Incr       Path
  --------------------------------------------------------------------------
  clock CLK (rise edge)                                 0.0000     0.0000
  clock network delay (ideal)                           0.0500     0.0500
  DP_i_fetch_i_IR_out_reg_23_/CK (DFF_X1)               0.0000     0.0500 r
  DP_i_fetch_i_IR_out_reg_23_/Q (DFF_X1)                0.0996     0.1496 f
  U1821/ZN (AND2_X1)                                    0.0465     0.1961 f
  U1932/ZN (AND2_X1)                                    0.0457     0.2418 f
  U1936/ZN (AND2_X1)                                    0.0456     0.2874 f
  U2863/ZN (INV_X1)                                     0.0391     0.3265 r
  U3082/ZN (INV_X1)                                     0.0378     0.3643 f
  U3392/ZN (AOI22_X1)                                   0.0480     0.4123 r
  U3393/ZN (AND4_X1)                                    0.0668     0.4791 r
  U3401/ZN (AND4_X1)                                    0.0607     0.5398 r
  U3403/ZN (OAI21_X1)                                   0.0330     0.5729 f
  U3804/ZN (NAND2_X1)                                   0.0358     0.6087 r
  U3806/ZN (AND2_X1)                                    0.0407     0.6493 r
  U1747/ZN (AND4_X1)                                    0.0662     0.7156 r
  U922/ZN (AND4_X1)                                     0.0685     0.7841 r
  U3834/ZN (NAND4_X1)                                   0.0514     0.8355 f
  U4046/ZN (AND2_X1)                                    0.0511     0.8867 f
  U4072/ZN (NOR2_X1)                                    0.0386     0.9252 r
  U4073/ZN (OAI21_X1)                                   0.0362     0.9615 f
  U4097/Z (BUF_X1)                                      0.0446     1.0061 f
  U4102/ZN (OR2_X1)                                     0.0533     1.0594 f
  U1869/ZN (AND2_X1)                                    0.0413     1.1007 f
  U4104/ZN (XNOR2_X1)                                   0.0474     1.1481 r
  U4139/ZN (NAND4_X1)                                   0.0432     1.1913 f
  U1449/ZN (OR4_X1)                                     0.1149     1.3062 f
  U4292/ZN (OAI21_X1)                                   0.0537     1.3599 r
  U1596/ZN (AND2_X1)                                    0.0502     1.4101 r
  U1769/ZN (AND4_X4)                                    0.1052     1.5154 r
  U11326/ZN (AND2_X1)                                   0.0688     1.5842 r
  U10403/ZN (OR4_X2)                                    0.0385     1.6226 r
  DP_i_fetch_i_pc_i_Y_reg_13_/D (DFF_X1)                0.0110     1.6336 r
  data arrival time                                                1.6336

  clock CLK (rise edge)                                 1.0500     1.0500
  clock network delay (ideal)                           0.0500     1.1000
  clock uncertainty                                    -0.0500     1.0500
  DP_i_fetch_i_pc_i_Y_reg_13_/CK (DFF_X1)               0.0000     1.0500 r
  library setup time                                   -0.0260     1.0240
  data required time                                               1.0240
  --------------------------------------------------------------------------
  data required time                                               1.0240
  data arrival time                                               -1.6336
  --------------------------------------------------------------------------
  slack (VIOLATED)                                                -0.6096


  Startpoint: DP_i_fetch_i_IR_out_reg_23_
              (rising edge-triggered flip-flop clocked by CLK)
  Endpoint: DP_i_fetch_i_pc_i_Y_reg_8_
            (rising edge-triggered flip-flop clocked by CLK)
  Path Group: REG2REG
  Path Type: max

  Des/Clust/Port     Wire Load Model       Library
  ------------------------------------------------
  DLX                5K_hvratio_1_4        NangateOpenCellLibrary

  Point                                                   Incr       Path
  --------------------------------------------------------------------------
  clock CLK (rise edge)                                 0.0000     0.0000
  clock network delay (ideal)                           0.0500     0.0500
  DP_i_fetch_i_IR_out_reg_23_/CK (DFF_X1)               0.0000     0.0500 r
  DP_i_fetch_i_IR_out_reg_23_/Q (DFF_X1)                0.0996     0.1496 f
  U1821/ZN (AND2_X1)                                    0.0465     0.1961 f
  U1932/ZN (AND2_X1)                                    0.0457     0.2418 f
  U1936/ZN (AND2_X1)                                    0.0456     0.2874 f
  U2863/ZN (INV_X1)                                     0.0391     0.3265 r
  U3082/ZN (INV_X1)                                     0.0378     0.3643 f
  U3392/ZN (AOI22_X1)                                   0.0480     0.4123 r
  U3393/ZN (AND4_X1)                                    0.0668     0.4791 r
  U3401/ZN (AND4_X1)                                    0.0607     0.5398 r
  U3403/ZN (OAI21_X1)                                   0.0330     0.5729 f
  U3804/ZN (NAND2_X1)                                   0.0358     0.6087 r
  U3806/ZN (AND2_X1)                                    0.0407     0.6493 r
  U1747/ZN (AND4_X1)                                    0.0662     0.7156 r
  U922/ZN (AND4_X1)                                     0.0685     0.7841 r
  U3834/ZN (NAND4_X1)                                   0.0514     0.8355 f
  U4046/ZN (AND2_X1)                                    0.0511     0.8867 f
  U4072/ZN (NOR2_X1)                                    0.0386     0.9252 r
  U4073/ZN (OAI21_X1)                                   0.0362     0.9615 f
  U4097/Z (BUF_X1)                                      0.0446     1.0061 f
  U4102/ZN (OR2_X1)                                     0.0533     1.0594 f
  U1869/ZN (AND2_X1)                                    0.0413     1.1007 f
  U4104/ZN (XNOR2_X1)                                   0.0474     1.1481 r
  U4139/ZN (NAND4_X1)                                   0.0432     1.1913 f
  U1449/ZN (OR4_X1)                                     0.1149     1.3062 f
  U4292/ZN (OAI21_X1)                                   0.0537     1.3599 r
  U1596/ZN (AND2_X1)                                    0.0502     1.4101 r
  U1769/ZN (AND4_X4)                                    0.1052     1.5154 r
  U11327/ZN (AND2_X1)                                   0.0688     1.5842 r
  U10431/ZN (OR4_X2)                                    0.0385     1.6226 r
  DP_i_fetch_i_pc_i_Y_reg_8_/D (DFF_X1)                 0.0110     1.6336 r
  data arrival time                                                1.6336

  clock CLK (rise edge)                                 1.0500     1.0500
  clock network delay (ideal)                           0.0500     1.1000
  clock uncertainty                                    -0.0500     1.0500
  DP_i_fetch_i_pc_i_Y_reg_8_/CK (DFF_X1)                0.0000     1.0500 r
  library setup time                                   -0.0260     1.0240
  data required time                                               1.0240
  --------------------------------------------------------------------------
  data required time                                               1.0240
  data arrival time                                               -1.6336
  --------------------------------------------------------------------------
  slack (VIOLATED)                                                -0.6096


  Startpoint: DP_i_fetch_i_IR_out_reg_23_
              (rising edge-triggered flip-flop clocked by CLK)
  Endpoint: DP_i_fetch_i_pc_i_Y_reg_25_
            (rising edge-triggered flip-flop clocked by CLK)
  Path Group: REG2REG
  Path Type: max

  Des/Clust/Port     Wire Load Model       Library
  ------------------------------------------------
  DLX                5K_hvratio_1_4        NangateOpenCellLibrary

  Point                                                   Incr       Path
  --------------------------------------------------------------------------
  clock CLK (rise edge)                                 0.0000     0.0000
  clock network delay (ideal)                           0.0500     0.0500
  DP_i_fetch_i_IR_out_reg_23_/CK (DFF_X1)               0.0000     0.0500 r
  DP_i_fetch_i_IR_out_reg_23_/Q (DFF_X1)                0.0996     0.1496 f
  U1821/ZN (AND2_X1)                                    0.0465     0.1961 f
  U1932/ZN (AND2_X1)                                    0.0457     0.2418 f
  U1936/ZN (AND2_X1)                                    0.0456     0.2874 f
  U2863/ZN (INV_X1)                                     0.0391     0.3265 r
  U3082/ZN (INV_X1)                                     0.0378     0.3643 f
  U3392/ZN (AOI22_X1)                                   0.0480     0.4123 r
  U3393/ZN (AND4_X1)                                    0.0668     0.4791 r
  U3401/ZN (AND4_X1)                                    0.0607     0.5398 r
  U3403/ZN (OAI21_X1)                                   0.0330     0.5729 f
  U3804/ZN (NAND2_X1)                                   0.0358     0.6087 r
  U3806/ZN (AND2_X1)                                    0.0407     0.6493 r
  U1747/ZN (AND4_X1)                                    0.0662     0.7156 r
  U922/ZN (AND4_X1)                                     0.0685     0.7841 r
  U3834/ZN (NAND4_X1)                                   0.0514     0.8355 f
  U4046/ZN (AND2_X1)                                    0.0511     0.8867 f
  U4072/ZN (NOR2_X1)                                    0.0386     0.9252 r
  U4073/ZN (OAI21_X1)                                   0.0362     0.9615 f
  U4097/Z (BUF_X1)                                      0.0446     1.0061 f
  U4102/ZN (OR2_X1)                                     0.0533     1.0594 f
  U1869/ZN (AND2_X1)                                    0.0413     1.1007 f
  U4104/ZN (XNOR2_X1)                                   0.0474     1.1481 r
  U4139/ZN (NAND4_X1)                                   0.0432     1.1913 f
  U1449/ZN (OR4_X1)                                     0.1149     1.3062 f
  U4292/ZN (OAI21_X1)                                   0.0537     1.3599 r
  U1596/ZN (AND2_X1)                                    0.0502     1.4101 r
  U1769/ZN (AND4_X4)                                    0.1052     1.5154 r
  U11354/ZN (AND2_X1)                                   0.0688     1.5842 r
  U10426/ZN (OR4_X2)                                    0.0385     1.6226 r
  DP_i_fetch_i_pc_i_Y_reg_25_/D (DFF_X1)                0.0110     1.6336 r
  data arrival time                                                1.6336

  clock CLK (rise edge)                                 1.0500     1.0500
  clock network delay (ideal)                           0.0500     1.1000
  clock uncertainty                                    -0.0500     1.0500
  DP_i_fetch_i_pc_i_Y_reg_25_/CK (DFF_X1)               0.0000     1.0500 r
  library setup time                                   -0.0260     1.0240
  data required time                                               1.0240
  --------------------------------------------------------------------------
  data required time                                               1.0240
  data arrival time                                               -1.6336
  --------------------------------------------------------------------------
  slack (VIOLATED)                                                -0.6096


  Startpoint: DP_i_fetch_i_IR_out_reg_23_
              (rising edge-triggered flip-flop clocked by CLK)
  Endpoint: DP_i_fetch_i_pc_i_Y_reg_27_
            (rising edge-triggered flip-flop clocked by CLK)
  Path Group: REG2REG
  Path Type: max

  Des/Clust/Port     Wire Load Model       Library
  ------------------------------------------------
  DLX                5K_hvratio_1_4        NangateOpenCellLibrary

  Point                                                   Incr       Path
  --------------------------------------------------------------------------
  clock CLK (rise edge)                                 0.0000     0.0000
  clock network delay (ideal)                           0.0500     0.0500
  DP_i_fetch_i_IR_out_reg_23_/CK (DFF_X1)               0.0000     0.0500 r
  DP_i_fetch_i_IR_out_reg_23_/Q (DFF_X1)                0.0996     0.1496 f
  U1821/ZN (AND2_X1)                                    0.0465     0.1961 f
  U1932/ZN (AND2_X1)                                    0.0457     0.2418 f
  U1936/ZN (AND2_X1)                                    0.0456     0.2874 f
  U2863/ZN (INV_X1)                                     0.0391     0.3265 r
  U3082/ZN (INV_X1)                                     0.0378     0.3643 f
  U3392/ZN (AOI22_X1)                                   0.0480     0.4123 r
  U3393/ZN (AND4_X1)                                    0.0668     0.4791 r
  U3401/ZN (AND4_X1)                                    0.0607     0.5398 r
  U3403/ZN (OAI21_X1)                                   0.0330     0.5729 f
  U3804/ZN (NAND2_X1)                                   0.0358     0.6087 r
  U3806/ZN (AND2_X1)                                    0.0407     0.6493 r
  U1747/ZN (AND4_X1)                                    0.0662     0.7156 r
  U922/ZN (AND4_X1)                                     0.0685     0.7841 r
  U3834/ZN (NAND4_X1)                                   0.0514     0.8355 f
  U4046/ZN (AND2_X1)                                    0.0511     0.8867 f
  U4072/ZN (NOR2_X1)                                    0.0386     0.9252 r
  U4073/ZN (OAI21_X1)                                   0.0362     0.9615 f
  U4097/Z (BUF_X1)                                      0.0446     1.0061 f
  U4102/ZN (OR2_X1)                                     0.0533     1.0594 f
  U1869/ZN (AND2_X1)                                    0.0413     1.1007 f
  U4104/ZN (XNOR2_X1)                                   0.0474     1.1481 r
  U4139/ZN (NAND4_X1)                                   0.0432     1.1913 f
  U1449/ZN (OR4_X1)                                     0.1149     1.3062 f
  U4292/ZN (OAI21_X1)                                   0.0537     1.3599 r
  U1596/ZN (AND2_X1)                                    0.0502     1.4101 r
  U1769/ZN (AND4_X4)                                    0.1052     1.5154 r
  U11357/ZN (AND2_X1)                                   0.0688     1.5842 r
  U10430/ZN (OR4_X2)                                    0.0385     1.6226 r
  DP_i_fetch_i_pc_i_Y_reg_27_/D (DFF_X1)                0.0110     1.6336 r
  data arrival time                                                1.6336

  clock CLK (rise edge)                                 1.0500     1.0500
  clock network delay (ideal)                           0.0500     1.1000
  clock uncertainty                                    -0.0500     1.0500
  DP_i_fetch_i_pc_i_Y_reg_27_/CK (DFF_X1)               0.0000     1.0500 r
  library setup time                                   -0.0260     1.0240
  data required time                                               1.0240
  --------------------------------------------------------------------------
  data required time                                               1.0240
  data arrival time                                               -1.6336
  --------------------------------------------------------------------------
  slack (VIOLATED)                                                -0.6096


  Startpoint: DP_i_fetch_i_IR_out_reg_23_
              (rising edge-triggered flip-flop clocked by CLK)
  Endpoint: DP_i_fetch_i_pc_i_Y_reg_17_
            (rising edge-triggered flip-flop clocked by CLK)
  Path Group: REG2REG
  Path Type: max

  Des/Clust/Port     Wire Load Model       Library
  ------------------------------------------------
  DLX                5K_hvratio_1_4        NangateOpenCellLibrary

  Point                                                   Incr       Path
  --------------------------------------------------------------------------
  clock CLK (rise edge)                                 0.0000     0.0000
  clock network delay (ideal)                           0.0500     0.0500
  DP_i_fetch_i_IR_out_reg_23_/CK (DFF_X1)               0.0000     0.0500 r
  DP_i_fetch_i_IR_out_reg_23_/Q (DFF_X1)                0.0996     0.1496 f
  U1821/ZN (AND2_X1)                                    0.0465     0.1961 f
  U1932/ZN (AND2_X1)                                    0.0457     0.2418 f
  U1936/ZN (AND2_X1)                                    0.0456     0.2874 f
  U2863/ZN (INV_X1)                                     0.0391     0.3265 r
  U3082/ZN (INV_X1)                                     0.0378     0.3643 f
  U3392/ZN (AOI22_X1)                                   0.0480     0.4123 r
  U3393/ZN (AND4_X1)                                    0.0668     0.4791 r
  U3401/ZN (AND4_X1)                                    0.0607     0.5398 r
  U3403/ZN (OAI21_X1)                                   0.0330     0.5729 f
  U3804/ZN (NAND2_X1)                                   0.0358     0.6087 r
  U3806/ZN (AND2_X1)                                    0.0407     0.6493 r
  U1747/ZN (AND4_X1)                                    0.0662     0.7156 r
  U922/ZN (AND4_X1)                                     0.0685     0.7841 r
  U3834/ZN (NAND4_X1)                                   0.0514     0.8355 f
  U4046/ZN (AND2_X1)                                    0.0511     0.8867 f
  U4072/ZN (NOR2_X1)                                    0.0386     0.9252 r
  U4073/ZN (OAI21_X1)                                   0.0362     0.9615 f
  U4097/Z (BUF_X1)                                      0.0446     1.0061 f
  U4102/ZN (OR2_X1)                                     0.0533     1.0594 f
  U1869/ZN (AND2_X1)                                    0.0413     1.1007 f
  U4104/ZN (XNOR2_X1)                                   0.0474     1.1481 r
  U4139/ZN (NAND4_X1)                                   0.0432     1.1913 f
  U1449/ZN (OR4_X1)                                     0.1149     1.3062 f
  U4292/ZN (OAI21_X1)                                   0.0537     1.3599 r
  U1596/ZN (AND2_X1)                                    0.0502     1.4101 r
  U1769/ZN (AND4_X4)                                    0.1052     1.5154 r
  U11324/ZN (AND2_X1)                                   0.0688     1.5842 r
  U10427/ZN (OR4_X2)                                    0.0385     1.6226 r
  DP_i_fetch_i_pc_i_Y_reg_17_/D (DFF_X1)                0.0110     1.6336 r
  data arrival time                                                1.6336

  clock CLK (rise edge)                                 1.0500     1.0500
  clock network delay (ideal)                           0.0500     1.1000
  clock uncertainty                                    -0.0500     1.0500
  DP_i_fetch_i_pc_i_Y_reg_17_/CK (DFF_X1)               0.0000     1.0500 r
  library setup time                                   -0.0260     1.0240
  data required time                                               1.0240
  --------------------------------------------------------------------------
  data required time                                               1.0240
  data arrival time                                               -1.6336
  --------------------------------------------------------------------------
  slack (VIOLATED)                                                -0.6096


  Startpoint: DP_i_fetch_i_IR_out_reg_23_
              (rising edge-triggered flip-flop clocked by CLK)
  Endpoint: DP_i_fetch_i_pc_i_Y_reg_11_
            (rising edge-triggered flip-flop clocked by CLK)
  Path Group: REG2REG
  Path Type: max

  Des/Clust/Port     Wire Load Model       Library
  ------------------------------------------------
  DLX                5K_hvratio_1_4        NangateOpenCellLibrary

  Point                                                   Incr       Path
  --------------------------------------------------------------------------
  clock CLK (rise edge)                                 0.0000     0.0000
  clock network delay (ideal)                           0.0500     0.0500
  DP_i_fetch_i_IR_out_reg_23_/CK (DFF_X1)               0.0000     0.0500 r
  DP_i_fetch_i_IR_out_reg_23_/Q (DFF_X1)                0.0996     0.1496 f
  U1821/ZN (AND2_X1)                                    0.0465     0.1961 f
  U1932/ZN (AND2_X1)                                    0.0457     0.2418 f
  U1936/ZN (AND2_X1)                                    0.0456     0.2874 f
  U2863/ZN (INV_X1)                                     0.0391     0.3265 r
  U3082/ZN (INV_X1)                                     0.0378     0.3643 f
  U3392/ZN (AOI22_X1)                                   0.0480     0.4123 r
  U3393/ZN (AND4_X1)                                    0.0668     0.4791 r
  U3401/ZN (AND4_X1)                                    0.0607     0.5398 r
  U3403/ZN (OAI21_X1)                                   0.0330     0.5729 f
  U3804/ZN (NAND2_X1)                                   0.0358     0.6087 r
  U3806/ZN (AND2_X1)                                    0.0407     0.6493 r
  U1747/ZN (AND4_X1)                                    0.0662     0.7156 r
  U922/ZN (AND4_X1)                                     0.0685     0.7841 r
  U3834/ZN (NAND4_X1)                                   0.0514     0.8355 f
  U4046/ZN (AND2_X1)                                    0.0511     0.8867 f
  U4072/ZN (NOR2_X1)                                    0.0386     0.9252 r
  U4073/ZN (OAI21_X1)                                   0.0362     0.9615 f
  U4097/Z (BUF_X1)                                      0.0446     1.0061 f
  U4102/ZN (OR2_X1)                                     0.0533     1.0594 f
  U1869/ZN (AND2_X1)                                    0.0413     1.1007 f
  U4104/ZN (XNOR2_X1)                                   0.0474     1.1481 r
  U4139/ZN (NAND4_X1)                                   0.0432     1.1913 f
  U1449/ZN (OR4_X1)                                     0.1149     1.3062 f
  U4292/ZN (OAI21_X1)                                   0.0537     1.3599 r
  U1596/ZN (AND2_X1)                                    0.0502     1.4101 r
  U1769/ZN (AND4_X4)                                    0.1052     1.5154 r
  U11020/ZN (AND2_X1)                                   0.0688     1.5842 r
  U10418/ZN (OR4_X2)                                    0.0385     1.6226 r
  DP_i_fetch_i_pc_i_Y_reg_11_/D (DFF_X1)                0.0110     1.6336 r
  data arrival time                                                1.6336

  clock CLK (rise edge)                                 1.0500     1.0500
  clock network delay (ideal)                           0.0500     1.1000
  clock uncertainty                                    -0.0500     1.0500
  DP_i_fetch_i_pc_i_Y_reg_11_/CK (DFF_X1)               0.0000     1.0500 r
  library setup time                                   -0.0260     1.0240
  data required time                                               1.0240
  --------------------------------------------------------------------------
  data required time                                               1.0240
  data arrival time                                               -1.6336
  --------------------------------------------------------------------------
  slack (VIOLATED)                                                -0.6096


  Startpoint: DP_i_fetch_i_IR_out_reg_23_
              (rising edge-triggered flip-flop clocked by CLK)
  Endpoint: DP_i_fetch_i_pc_i_Y_reg_0_
            (rising edge-triggered flip-flop clocked by CLK)
  Path Group: REG2REG
  Path Type: max

  Des/Clust/Port     Wire Load Model       Library
  ------------------------------------------------
  DLX                5K_hvratio_1_4        NangateOpenCellLibrary

  Point                                                   Incr       Path
  --------------------------------------------------------------------------
  clock CLK (rise edge)                                 0.0000     0.0000
  clock network delay (ideal)                           0.0500     0.0500
  DP_i_fetch_i_IR_out_reg_23_/CK (DFF_X1)               0.0000     0.0500 r
  DP_i_fetch_i_IR_out_reg_23_/Q (DFF_X1)                0.0996     0.1496 f
  U1821/ZN (AND2_X1)                                    0.0465     0.1961 f
  U1932/ZN (AND2_X1)                                    0.0457     0.2418 f
  U1936/ZN (AND2_X1)                                    0.0456     0.2874 f
  U2863/ZN (INV_X1)                                     0.0391     0.3265 r
  U3082/ZN (INV_X1)                                     0.0378     0.3643 f
  U3392/ZN (AOI22_X1)                                   0.0480     0.4123 r
  U3393/ZN (AND4_X1)                                    0.0668     0.4791 r
  U3401/ZN (AND4_X1)                                    0.0607     0.5398 r
  U3403/ZN (OAI21_X1)                                   0.0330     0.5729 f
  U3804/ZN (NAND2_X1)                                   0.0358     0.6087 r
  U3806/ZN (AND2_X1)                                    0.0407     0.6493 r
  U1747/ZN (AND4_X1)                                    0.0662     0.7156 r
  U922/ZN (AND4_X1)                                     0.0685     0.7841 r
  U3834/ZN (NAND4_X1)                                   0.0514     0.8355 f
  U4046/ZN (AND2_X1)                                    0.0511     0.8867 f
  U4072/ZN (NOR2_X1)                                    0.0386     0.9252 r
  U4073/ZN (OAI21_X1)                                   0.0362     0.9615 f
  U4097/Z (BUF_X1)                                      0.0446     1.0061 f
  U4102/ZN (OR2_X1)                                     0.0533     1.0594 f
  U1869/ZN (AND2_X1)                                    0.0413     1.1007 f
  U4104/ZN (XNOR2_X1)                                   0.0474     1.1481 r
  U4139/ZN (NAND4_X1)                                   0.0432     1.1913 f
  U1449/ZN (OR4_X1)                                     0.1149     1.3062 f
  U4292/ZN (OAI21_X1)                                   0.0537     1.3599 r
  U1596/ZN (AND2_X1)                                    0.0502     1.4101 r
  U1769/ZN (AND4_X4)                                    0.1052     1.5154 r
  U11035/ZN (AND2_X1)                                   0.0688     1.5842 r
  U10421/ZN (OR4_X2)                                    0.0385     1.6226 r
  DP_i_fetch_i_pc_i_Y_reg_0_/D (DFF_X1)                 0.0110     1.6336 r
  data arrival time                                                1.6336

  clock CLK (rise edge)                                 1.0500     1.0500
  clock network delay (ideal)                           0.0500     1.1000
  clock uncertainty                                    -0.0500     1.0500
  DP_i_fetch_i_pc_i_Y_reg_0_/CK (DFF_X1)                0.0000     1.0500 r
  library setup time                                   -0.0260     1.0240
  data required time                                               1.0240
  --------------------------------------------------------------------------
  data required time                                               1.0240
  data arrival time                                               -1.6336
  --------------------------------------------------------------------------
  slack (VIOLATED)                                                -0.6096


1
