 
****************************************
Report : timing
        -path full
        -delay max
        -nworst 2
        -group REG2REG
        -max_paths 10
Design : DLX
Version: W-2024.09-SP2
Date   : Mon Sep 28 16:08:08 2026
****************************************

Operating Conditions: typical   Library: NangateOpenCellLibrary
Wire Load Model Mode: top

  Startpoint: DP_i_fetch_i_IR_out_reg_21_
              (rising edge-triggered flip-flop clocked by CLK)
  Endpoint: DP_i_fetch_i_pc_i_Y_reg_29_
            (rising edge-triggered flip-flop clocked by CLK)
  Path Group: REG2REG
  Path Type: max

  Des/Clust/Port     Wire Load Model       Library
  ------------------------------------------------
  DLX                5K_hvratio_1_4        NangateOpenCellLibrary

  Point                                                   Incr       Path
  --------------------------------------------------------------------------
  clock CLK (rise edge)                                 0.0000     0.0000
  clock network delay (ideal)                           0.0500     0.0500
  DP_i_fetch_i_IR_out_reg_21_/CK (DFF_X1)               0.0000     0.0500 r
  DP_i_fetch_i_IR_out_reg_21_/Q (DFF_X1)                0.1023     0.1523 r
  U2155/ZN (XNOR2_X1)                                   0.0629     0.2152 r
  U1758/ZN (AND2_X1)                                    0.0523     0.2675 r
  U1962/ZN (AND4_X2)                                    0.0737     0.3412 r
  U1722/ZN (INV_X1)                                     0.0392     0.3804 f
  U1045/ZN (AND3_X2)                                    0.0580     0.4384 f
  U1408/Z (BUF_X2)                                      0.0562     0.4946 f
  U3436/ZN (NAND2_X1)                                   0.0356     0.5302 r
  U3440/ZN (AND4_X1)                                    0.0567     0.5869 r
  U2080/ZN (AND3_X1)                                    0.0505     0.6374 r
  U3442/ZN (NAND4_X1)                                   0.0472     0.6846 f
  U3443/ZN (NAND2_X1)                                   0.0331     0.7177 r
  U3447/ZN (AND2_X1)                                    0.0441     0.7618 r
  U935/ZN (AND4_X2)                                     0.0678     0.8296 r
  U942/ZN (AND4_X1)                                     0.0679     0.8975 r
  U4179/ZN (NAND4_X1)                                   0.0459     0.9434 f
  U4182/ZN (OAI21_X1)                                   0.0489     0.9923 r
  U1711/ZN (INV_X1)                                     0.0311     1.0234 f
  U1710/Z (MUX2_X2)                                     0.0773     1.1007 f
  U4386/ZN (NAND2_X1)                                   0.0336     1.1343 r
  U1942/ZN (AND2_X1)                                    0.0415     1.1758 r
  U5590/ZN (OAI21_X1)                                   0.0299     1.2057 f
  U5605/ZN (AND3_X1)                                    0.0425     1.2482 f
  U5611/ZN (AOI211_X1)                                  0.0726     1.3208 r
  U5616/ZN (OR2_X1)                                     0.0433     1.3641 r
  U1911/ZN (NAND3_X1)                                   0.0348     1.3989 f
  U5620/ZN (AND2_X1)                                    0.0455     1.4444 f
  U1483/ZN (OR4_X2)                                     0.1327     1.5771 f
  U1407/Z (BUF_X2)                                      0.0571     1.6342 f
  U13015/ZN (OR2_X1)                                    0.0651     1.6993 f
  U13865/ZN (NAND4_X1)                                  0.0361     1.7354 r
  DP_i_fetch_i_pc_i_Y_reg_29_/D (DFF_X2)                0.0109     1.7463 r
  data arrival time                                                1.7463

  clock CLK (rise edge)                                 1.1000     1.1000
  clock network delay (ideal)                           0.0500     1.1500
  clock uncertainty                                    -0.0500     1.1000
  DP_i_fetch_i_pc_i_Y_reg_29_/CK (DFF_X2)               0.0000     1.1000 r
  library setup time                                   -0.0275     1.0725
  data required time                                               1.0725
  --------------------------------------------------------------------------
  data required time                                               1.0725
  data arrival time                                               -1.7463
  --------------------------------------------------------------------------
  slack (VIOLATED)                                                -0.6738


  Startpoint: DP_i_fetch_i_IR_out_reg_21_
              (rising edge-triggered flip-flop clocked by CLK)
  Endpoint: DP_i_fetch_i_pc_i_Y_reg_22_
            (rising edge-triggered flip-flop clocked by CLK)
  Path Group: REG2REG
  Path Type: max

  Des/Clust/Port     Wire Load Model       Library
  ------------------------------------------------
  DLX                5K_hvratio_1_4        NangateOpenCellLibrary

  Point                                                   Incr       Path
  --------------------------------------------------------------------------
  clock CLK (rise edge)                                 0.0000     0.0000
  clock network delay (ideal)                           0.0500     0.0500
  DP_i_fetch_i_IR_out_reg_21_/CK (DFF_X1)               0.0000     0.0500 r
  DP_i_fetch_i_IR_out_reg_21_/Q (DFF_X1)                0.1023     0.1523 r
  U2155/ZN (XNOR2_X1)                                   0.0629     0.2152 r
  U1758/ZN (AND2_X1)                                    0.0523     0.2675 r
  U1962/ZN (AND4_X2)                                    0.0737     0.3412 r
  U1722/ZN (INV_X1)                                     0.0392     0.3804 f
  U1045/ZN (AND3_X2)                                    0.0580     0.4384 f
  U1408/Z (BUF_X2)                                      0.0562     0.4946 f
  U3436/ZN (NAND2_X1)                                   0.0356     0.5302 r
  U3440/ZN (AND4_X1)                                    0.0567     0.5869 r
  U2080/ZN (AND3_X1)                                    0.0505     0.6374 r
  U3442/ZN (NAND4_X1)                                   0.0472     0.6846 f
  U3443/ZN (NAND2_X1)                                   0.0331     0.7177 r
  U3447/ZN (AND2_X1)                                    0.0441     0.7618 r
  U935/ZN (AND4_X2)                                     0.0678     0.8296 r
  U942/ZN (AND4_X1)                                     0.0679     0.8975 r
  U4179/ZN (NAND4_X1)                                   0.0459     0.9434 f
  U4182/ZN (OAI21_X1)                                   0.0489     0.9923 r
  U1711/ZN (INV_X1)                                     0.0311     1.0234 f
  U1710/Z (MUX2_X2)                                     0.0773     1.1007 f
  U4386/ZN (NAND2_X1)                                   0.0336     1.1343 r
  U1942/ZN (AND2_X1)                                    0.0415     1.1758 r
  U5590/ZN (OAI21_X1)                                   0.0299     1.2057 f
  U5605/ZN (AND3_X1)                                    0.0425     1.2482 f
  U5611/ZN (AOI211_X1)                                  0.0726     1.3208 r
  U5616/ZN (OR2_X1)                                     0.0433     1.3641 r
  U1911/ZN (NAND3_X1)                                   0.0348     1.3989 f
  U5620/ZN (AND2_X1)                                    0.0455     1.4444 f
  U1483/ZN (OR4_X2)                                     0.1327     1.5771 f
  U1407/Z (BUF_X2)                                      0.0571     1.6342 f
  U5811/ZN (INV_X1)                                     0.0354     1.6696 r
  U11935/ZN (AOI22_X1)                                  0.0329     1.7025 f
  U13762/ZN (NAND4_X1)                                  0.0325     1.7350 r
  DP_i_fetch_i_pc_i_Y_reg_22_/D (DFF_X2)                0.0109     1.7459 r
  data arrival time                                                1.7459

  clock CLK (rise edge)                                 1.1000     1.1000
  clock network delay (ideal)                           0.0500     1.1500
  clock uncertainty                                    -0.0500     1.1000
  DP_i_fetch_i_pc_i_Y_reg_22_/CK (DFF_X2)               0.0000     1.1000 r
  library setup time                                   -0.0278     1.0722
  data required time                                               1.0722
  --------------------------------------------------------------------------
  data required time                                               1.0722
  data arrival time                                               -1.7459
  --------------------------------------------------------------------------
  slack (VIOLATED)                                                -0.6737


  Startpoint: DP_i_fetch_i_IR_out_reg_22_
              (rising edge-triggered flip-flop clocked by CLK)
  Endpoint: DP_i_fetch_i_pc_i_Y_reg_29_
            (rising edge-triggered flip-flop clocked by CLK)
  Path Group: REG2REG
  Path Type: max

  Des/Clust/Port     Wire Load Model       Library
  ------------------------------------------------
  DLX                5K_hvratio_1_4        NangateOpenCellLibrary

  Point                                                   Incr       Path
  --------------------------------------------------------------------------
  clock CLK (rise edge)                                 0.0000     0.0000
  clock network delay (ideal)                           0.0500     0.0500
  DP_i_fetch_i_IR_out_reg_22_/CK (DFF_X1)               0.0000     0.0500 r
  DP_i_fetch_i_IR_out_reg_22_/Q (DFF_X1)                0.1023     0.1523 r
  U2154/ZN (XNOR2_X1)                                   0.0629     0.2152 r
  U1758/ZN (AND2_X1)                                    0.0520     0.2672 r
  U1962/ZN (AND4_X2)                                    0.0737     0.3409 r
  U1722/ZN (INV_X1)                                     0.0392     0.3801 f
  U1045/ZN (AND3_X2)                                    0.0580     0.4381 f
  U1408/Z (BUF_X2)                                      0.0562     0.4943 f
  U3436/ZN (NAND2_X1)                                   0.0356     0.5299 r
  U3440/ZN (AND4_X1)                                    0.0567     0.5866 r
  U2080/ZN (AND3_X1)                                    0.0505     0.6371 r
  U3442/ZN (NAND4_X1)                                   0.0472     0.6843 f
  U3443/ZN (NAND2_X1)                                   0.0331     0.7174 r
  U3447/ZN (AND2_X1)                                    0.0441     0.7615 r
  U935/ZN (AND4_X2)                                     0.0678     0.8292 r
  U942/ZN (AND4_X1)                                     0.0679     0.8972 r
  U4179/ZN (NAND4_X1)                                   0.0459     0.9431 f
  U4182/ZN (OAI21_X1)                                   0.0489     0.9920 r
  U1711/ZN (INV_X1)                                     0.0311     1.0231 f
  U1710/Z (MUX2_X2)                                     0.0773     1.1004 f
  U4386/ZN (NAND2_X1)                                   0.0336     1.1340 r
  U1942/ZN (AND2_X1)                                    0.0415     1.1755 r
  U5590/ZN (OAI21_X1)                                   0.0299     1.2054 f
  U5605/ZN (AND3_X1)                                    0.0425     1.2479 f
  U5611/ZN (AOI211_X1)                                  0.0726     1.3205 r
  U5616/ZN (OR2_X1)                                     0.0433     1.3638 r
  U1911/ZN (NAND3_X1)                                   0.0348     1.3986 f
  U5620/ZN (AND2_X1)                                    0.0455     1.4441 f
  U1483/ZN (OR4_X2)                                     0.1327     1.5767 f
  U1407/Z (BUF_X2)                                      0.0571     1.6338 f
  U13015/ZN (OR2_X1)                                    0.0651     1.6990 f
  U13865/ZN (NAND4_X1)                                  0.0361     1.7351 r
  DP_i_fetch_i_pc_i_Y_reg_29_/D (DFF_X2)                0.0109     1.7460 r
  data arrival time                                                1.7460

  clock CLK (rise edge)                                 1.1000     1.1000
  clock network delay (ideal)                           0.0500     1.1500
  clock uncertainty                                    -0.0500     1.1000
  DP_i_fetch_i_pc_i_Y_reg_29_/CK (DFF_X2)               0.0000     1.1000 r
  library setup time                                   -0.0275     1.0725
  data required time                                               1.0725
  --------------------------------------------------------------------------
  data required time                                               1.0725
  data arrival time                                               -1.7460
  --------------------------------------------------------------------------
  slack (VIOLATED)                                                -0.6735


  Startpoint: DP_i_fetch_i_IR_out_reg_22_
              (rising edge-triggered flip-flop clocked by CLK)
  Endpoint: DP_i_fetch_i_pc_i_Y_reg_22_
            (rising edge-triggered flip-flop clocked by CLK)
  Path Group: REG2REG
  Path Type: max

  Des/Clust/Port     Wire Load Model       Library
  ------------------------------------------------
  DLX                5K_hvratio_1_4        NangateOpenCellLibrary

  Point                                                   Incr       Path
  --------------------------------------------------------------------------
  clock CLK (rise edge)                                 0.0000     0.0000
  clock network delay (ideal)                           0.0500     0.0500
  DP_i_fetch_i_IR_out_reg_22_/CK (DFF_X1)               0.0000     0.0500 r
  DP_i_fetch_i_IR_out_reg_22_/Q (DFF_X1)                0.1023     0.1523 r
  U2154/ZN (XNOR2_X1)                                   0.0629     0.2152 r
  U1758/ZN (AND2_X1)                                    0.0520     0.2672 r
  U1962/ZN (AND4_X2)                                    0.0737     0.3409 r
  U1722/ZN (INV_X1)                                     0.0392     0.3801 f
  U1045/ZN (AND3_X2)                                    0.0580     0.4381 f
  U1408/Z (BUF_X2)                                      0.0562     0.4943 f
  U3436/ZN (NAND2_X1)                                   0.0356     0.5299 r
  U3440/ZN (AND4_X1)                                    0.0567     0.5866 r
  U2080/ZN (AND3_X1)                                    0.0505     0.6371 r
  U3442/ZN (NAND4_X1)                                   0.0472     0.6843 f
  U3443/ZN (NAND2_X1)                                   0.0331     0.7174 r
  U3447/ZN (AND2_X1)                                    0.0441     0.7615 r
  U935/ZN (AND4_X2)                                     0.0678     0.8292 r
  U942/ZN (AND4_X1)                                     0.0679     0.8972 r
  U4179/ZN (NAND4_X1)                                   0.0459     0.9431 f
  U4182/ZN (OAI21_X1)                                   0.0489     0.9920 r
  U1711/ZN (INV_X1)                                     0.0311     1.0231 f
  U1710/Z (MUX2_X2)                                     0.0773     1.1004 f
  U4386/ZN (NAND2_X1)                                   0.0336     1.1340 r
  U1942/ZN (AND2_X1)                                    0.0415     1.1755 r
  U5590/ZN (OAI21_X1)                                   0.0299     1.2054 f
  U5605/ZN (AND3_X1)                                    0.0425     1.2479 f
  U5611/ZN (AOI211_X1)                                  0.0726     1.3205 r
  U5616/ZN (OR2_X1)                                     0.0433     1.3638 r
  U1911/ZN (NAND3_X1)                                   0.0348     1.3986 f
  U5620/ZN (AND2_X1)                                    0.0455     1.4441 f
  U1483/ZN (OR4_X2)                                     0.1327     1.5767 f
  U1407/Z (BUF_X2)                                      0.0571     1.6338 f
  U5811/ZN (INV_X1)                                     0.0354     1.6693 r
  U11935/ZN (AOI22_X1)                                  0.0329     1.7022 f
  U13762/ZN (NAND4_X1)                                  0.0325     1.7347 r
  DP_i_fetch_i_pc_i_Y_reg_22_/D (DFF_X2)                0.0109     1.7456 r
  data arrival time                                                1.7456

  clock CLK (rise edge)                                 1.1000     1.1000
  clock network delay (ideal)                           0.0500     1.1500
  clock uncertainty                                    -0.0500     1.1000
  DP_i_fetch_i_pc_i_Y_reg_22_/CK (DFF_X2)               0.0000     1.1000 r
  library setup time                                   -0.0278     1.0722
  data required time                                               1.0722
  --------------------------------------------------------------------------
  data required time                                               1.0722
  data arrival time                                               -1.7456
  --------------------------------------------------------------------------
  slack (VIOLATED)                                                -0.6734


  Startpoint: DP_i_fetch_i_IR_out_reg_21_
              (rising edge-triggered flip-flop clocked by CLK)
  Endpoint: DP_i_fetch_i_pc_i_Y_reg_9_
            (rising edge-triggered flip-flop clocked by CLK)
  Path Group: REG2REG
  Path Type: max

  Des/Clust/Port     Wire Load Model       Library
  ------------------------------------------------
  DLX                5K_hvratio_1_4        NangateOpenCellLibrary

  Point                                                   Incr       Path
  --------------------------------------------------------------------------
  clock CLK (rise edge)                                 0.0000     0.0000
  clock network delay (ideal)                           0.0500     0.0500
  DP_i_fetch_i_IR_out_reg_21_/CK (DFF_X1)               0.0000     0.0500 r
  DP_i_fetch_i_IR_out_reg_21_/Q (DFF_X1)                0.1023     0.1523 r
  U2155/ZN (XNOR2_X1)                                   0.0629     0.2152 r
  U1758/ZN (AND2_X1)                                    0.0523     0.2675 r
  U1962/ZN (AND4_X2)                                    0.0737     0.3412 r
  U1722/ZN (INV_X1)                                     0.0392     0.3804 f
  U1045/ZN (AND3_X2)                                    0.0580     0.4384 f
  U1408/Z (BUF_X2)                                      0.0562     0.4946 f
  U3436/ZN (NAND2_X1)                                   0.0356     0.5302 r
  U3440/ZN (AND4_X1)                                    0.0567     0.5869 r
  U2080/ZN (AND3_X1)                                    0.0505     0.6374 r
  U3442/ZN (NAND4_X1)                                   0.0472     0.6846 f
  U3443/ZN (NAND2_X1)                                   0.0331     0.7177 r
  U3447/ZN (AND2_X1)                                    0.0441     0.7618 r
  U935/ZN (AND4_X2)                                     0.0678     0.8296 r
  U942/ZN (AND4_X1)                                     0.0679     0.8975 r
  U4179/ZN (NAND4_X1)                                   0.0459     0.9434 f
  U4182/ZN (OAI21_X1)                                   0.0489     0.9923 r
  U1711/ZN (INV_X1)                                     0.0311     1.0234 f
  U1710/Z (MUX2_X2)                                     0.0773     1.1007 f
  U4386/ZN (NAND2_X1)                                   0.0336     1.1343 r
  U1942/ZN (AND2_X1)                                    0.0415     1.1758 r
  U5590/ZN (OAI21_X1)                                   0.0299     1.2057 f
  U5605/ZN (AND3_X1)                                    0.0425     1.2482 f
  U5611/ZN (AOI211_X1)                                  0.0726     1.3208 r
  U5616/ZN (OR2_X1)                                     0.0433     1.3641 r
  U1911/ZN (NAND3_X1)                                   0.0348     1.3989 f
  U5620/ZN (AND2_X1)                                    0.0455     1.4444 f
  U1483/ZN (OR4_X2)                                     0.1327     1.5771 f
  U1407/Z (BUF_X2)                                      0.0571     1.6342 f
  U13008/ZN (OR2_X1)                                    0.0653     1.6994 f
  U11917/ZN (NAND4_X1)                                  0.0352     1.7346 r
  DP_i_fetch_i_pc_i_Y_reg_9_/D (DFF_X2)                 0.0109     1.7455 r
  data arrival time                                                1.7455

  clock CLK (rise edge)                                 1.1000     1.1000
  clock network delay (ideal)                           0.0500     1.1500
  clock uncertainty                                    -0.0500     1.1000
  DP_i_fetch_i_pc_i_Y_reg_9_/CK (DFF_X2)                0.0000     1.1000 r
  library setup time                                   -0.0275     1.0725
  data required time                                               1.0725
  --------------------------------------------------------------------------
  data required time                                               1.0725
  data arrival time                                               -1.7455
  --------------------------------------------------------------------------
  slack (VIOLATED)                                                -0.6730


  Startpoint: DP_i_fetch_i_IR_out_reg_22_
              (rising edge-triggered flip-flop clocked by CLK)
  Endpoint: DP_i_fetch_i_pc_i_Y_reg_9_
            (rising edge-triggered flip-flop clocked by CLK)
  Path Group: REG2REG
  Path Type: max

  Des/Clust/Port     Wire Load Model       Library
  ------------------------------------------------
  DLX                5K_hvratio_1_4        NangateOpenCellLibrary

  Point                                                   Incr       Path
  --------------------------------------------------------------------------
  clock CLK (rise edge)                                 0.0000     0.0000
  clock network delay (ideal)                           0.0500     0.0500
  DP_i_fetch_i_IR_out_reg_22_/CK (DFF_X1)               0.0000     0.0500 r
  DP_i_fetch_i_IR_out_reg_22_/Q (DFF_X1)                0.1023     0.1523 r
  U2154/ZN (XNOR2_X1)                                   0.0629     0.2152 r
  U1758/ZN (AND2_X1)                                    0.0520     0.2672 r
  U1962/ZN (AND4_X2)                                    0.0737     0.3409 r
  U1722/ZN (INV_X1)                                     0.0392     0.3801 f
  U1045/ZN (AND3_X2)                                    0.0580     0.4381 f
  U1408/Z (BUF_X2)                                      0.0562     0.4943 f
  U3436/ZN (NAND2_X1)                                   0.0356     0.5299 r
  U3440/ZN (AND4_X1)                                    0.0567     0.5866 r
  U2080/ZN (AND3_X1)                                    0.0505     0.6371 r
  U3442/ZN (NAND4_X1)                                   0.0472     0.6843 f
  U3443/ZN (NAND2_X1)                                   0.0331     0.7174 r
  U3447/ZN (AND2_X1)                                    0.0441     0.7615 r
  U935/ZN (AND4_X2)                                     0.0678     0.8292 r
  U942/ZN (AND4_X1)                                     0.0679     0.8972 r
  U4179/ZN (NAND4_X1)                                   0.0459     0.9431 f
  U4182/ZN (OAI21_X1)                                   0.0489     0.9920 r
  U1711/ZN (INV_X1)                                     0.0311     1.0231 f
  U1710/Z (MUX2_X2)                                     0.0773     1.1004 f
  U4386/ZN (NAND2_X1)                                   0.0336     1.1340 r
  U1942/ZN (AND2_X1)                                    0.0415     1.1755 r
  U5590/ZN (OAI21_X1)                                   0.0299     1.2054 f
  U5605/ZN (AND3_X1)                                    0.0425     1.2479 f
  U5611/ZN (AOI211_X1)                                  0.0726     1.3205 r
  U5616/ZN (OR2_X1)                                     0.0433     1.3638 r
  U1911/ZN (NAND3_X1)                                   0.0348     1.3986 f
  U5620/ZN (AND2_X1)                                    0.0455     1.4441 f
  U1483/ZN (OR4_X2)                                     0.1327     1.5767 f
  U1407/Z (BUF_X2)                                      0.0571     1.6338 f
  U13008/ZN (OR2_X1)                                    0.0653     1.6991 f
  U11917/ZN (NAND4_X1)                                  0.0352     1.7343 r
  DP_i_fetch_i_pc_i_Y_reg_9_/D (DFF_X2)                 0.0109     1.7452 r
  data arrival time                                                1.7452

  clock CLK (rise edge)                                 1.1000     1.1000
  clock network delay (ideal)                           0.0500     1.1500
  clock uncertainty                                    -0.0500     1.1000
  DP_i_fetch_i_pc_i_Y_reg_9_/CK (DFF_X2)                0.0000     1.1000 r
  library setup time                                   -0.0275     1.0725
  data required time                                               1.0725
  --------------------------------------------------------------------------
  data required time                                               1.0725
  data arrival time                                               -1.7452
  --------------------------------------------------------------------------
  slack (VIOLATED)                                                -0.6727


  Startpoint: DP_i_fetch_i_IR_out_reg_21_
              (rising edge-triggered flip-flop clocked by CLK)
  Endpoint: DP_i_fetch_i_pc_i_Y_reg_0_
            (rising edge-triggered flip-flop clocked by CLK)
  Path Group: REG2REG
  Path Type: max

  Des/Clust/Port     Wire Load Model       Library
  ------------------------------------------------
  DLX                5K_hvratio_1_4        NangateOpenCellLibrary

  Point                                                   Incr       Path
  --------------------------------------------------------------------------
  clock CLK (rise edge)                                 0.0000     0.0000
  clock network delay (ideal)                           0.0500     0.0500
  DP_i_fetch_i_IR_out_reg_21_/CK (DFF_X1)               0.0000     0.0500 r
  DP_i_fetch_i_IR_out_reg_21_/Q (DFF_X1)                0.1023     0.1523 r
  U2155/ZN (XNOR2_X1)                                   0.0629     0.2152 r
  U1758/ZN (AND2_X1)                                    0.0523     0.2675 r
  U1962/ZN (AND4_X2)                                    0.0737     0.3412 r
  U1722/ZN (INV_X1)                                     0.0392     0.3804 f
  U1045/ZN (AND3_X2)                                    0.0580     0.4384 f
  U1408/Z (BUF_X2)                                      0.0562     0.4946 f
  U3436/ZN (NAND2_X1)                                   0.0356     0.5302 r
  U3440/ZN (AND4_X1)                                    0.0567     0.5869 r
  U2080/ZN (AND3_X1)                                    0.0505     0.6374 r
  U3442/ZN (NAND4_X1)                                   0.0472     0.6846 f
  U3443/ZN (NAND2_X1)                                   0.0331     0.7177 r
  U3447/ZN (AND2_X1)                                    0.0441     0.7618 r
  U935/ZN (AND4_X2)                                     0.0678     0.8296 r
  U942/ZN (AND4_X1)                                     0.0679     0.8975 r
  U4179/ZN (NAND4_X1)                                   0.0459     0.9434 f
  U4182/ZN (OAI21_X1)                                   0.0489     0.9923 r
  U1711/ZN (INV_X1)                                     0.0311     1.0234 f
  U1710/Z (MUX2_X2)                                     0.0773     1.1007 f
  U4386/ZN (NAND2_X1)                                   0.0336     1.1343 r
  U1942/ZN (AND2_X1)                                    0.0415     1.1758 r
  U5590/ZN (OAI21_X1)                                   0.0299     1.2057 f
  U5605/ZN (AND3_X1)                                    0.0425     1.2482 f
  U5611/ZN (AOI211_X1)                                  0.0726     1.3208 r
  U5616/ZN (OR2_X1)                                     0.0433     1.3641 r
  U1911/ZN (NAND3_X1)                                   0.0348     1.3989 f
  U5620/ZN (AND2_X1)                                    0.0455     1.4444 f
  U1483/ZN (OR4_X2)                                     0.1327     1.5771 f
  U1508/Z (BUF_X1)                                      0.0566     1.6336 f
  U13014/ZN (OR2_X1)                                    0.0667     1.7004 f
  U11934/ZN (NAND4_X1)                                  0.0334     1.7337 r
  DP_i_fetch_i_pc_i_Y_reg_0_/D (DFF_X1)                 0.0110     1.7447 r
  data arrival time                                                1.7447

  clock CLK (rise edge)                                 1.1000     1.1000
  clock network delay (ideal)                           0.0500     1.1500
  clock uncertainty                                    -0.0500     1.1000
  DP_i_fetch_i_pc_i_Y_reg_0_/CK (DFF_X1)                0.0000     1.1000 r
  library setup time                                   -0.0278     1.0722
  data required time                                               1.0722
  --------------------------------------------------------------------------
  data required time                                               1.0722
  data arrival time                                               -1.7447
  --------------------------------------------------------------------------
  slack (VIOLATED)                                                -0.6726


  Startpoint: DP_i_fetch_i_IR_out_reg_21_
              (rising edge-triggered flip-flop clocked by CLK)
  Endpoint: DP_i_fetch_i_pc_i_Y_reg_20_
            (rising edge-triggered flip-flop clocked by CLK)
  Path Group: REG2REG
  Path Type: max

  Des/Clust/Port     Wire Load Model       Library
  ------------------------------------------------
  DLX                5K_hvratio_1_4        NangateOpenCellLibrary

  Point                                                   Incr       Path
  --------------------------------------------------------------------------
  clock CLK (rise edge)                                 0.0000     0.0000
  clock network delay (ideal)                           0.0500     0.0500
  DP_i_fetch_i_IR_out_reg_21_/CK (DFF_X1)               0.0000     0.0500 r
  DP_i_fetch_i_IR_out_reg_21_/Q (DFF_X1)                0.1023     0.1523 r
  U2155/ZN (XNOR2_X1)                                   0.0629     0.2152 r
  U1758/ZN (AND2_X1)                                    0.0523     0.2675 r
  U1962/ZN (AND4_X2)                                    0.0737     0.3412 r
  U1722/ZN (INV_X1)                                     0.0392     0.3804 f
  U1045/ZN (AND3_X2)                                    0.0580     0.4384 f
  U1408/Z (BUF_X2)                                      0.0562     0.4946 f
  U3436/ZN (NAND2_X1)                                   0.0356     0.5302 r
  U3440/ZN (AND4_X1)                                    0.0567     0.5869 r
  U2080/ZN (AND3_X1)                                    0.0505     0.6374 r
  U3442/ZN (NAND4_X1)                                   0.0472     0.6846 f
  U3443/ZN (NAND2_X1)                                   0.0331     0.7177 r
  U3447/ZN (AND2_X1)                                    0.0441     0.7618 r
  U935/ZN (AND4_X2)                                     0.0678     0.8296 r
  U942/ZN (AND4_X1)                                     0.0679     0.8975 r
  U4179/ZN (NAND4_X1)                                   0.0459     0.9434 f
  U4182/ZN (OAI21_X1)                                   0.0489     0.9923 r
  U1711/ZN (INV_X1)                                     0.0311     1.0234 f
  U1710/Z (MUX2_X2)                                     0.0773     1.1007 f
  U4386/ZN (NAND2_X1)                                   0.0336     1.1343 r
  U1942/ZN (AND2_X1)                                    0.0415     1.1758 r
  U5590/ZN (OAI21_X1)                                   0.0299     1.2057 f
  U5605/ZN (AND3_X1)                                    0.0425     1.2482 f
  U5611/ZN (AOI211_X1)                                  0.0726     1.3208 r
  U5616/ZN (OR2_X1)                                     0.0433     1.3641 r
  U1911/ZN (NAND3_X1)                                   0.0348     1.3989 f
  U5620/ZN (AND2_X1)                                    0.0455     1.4444 f
  U1483/ZN (OR4_X2)                                     0.1327     1.5771 f
  U1508/Z (BUF_X1)                                      0.0566     1.6336 f
  U13019/ZN (OR2_X1)                                    0.0667     1.7004 f
  U11933/ZN (NAND4_X1)                                  0.0334     1.7337 r
  DP_i_fetch_i_pc_i_Y_reg_20_/D (DFF_X1)                0.0110     1.7447 r
  data arrival time                                                1.7447

  clock CLK (rise edge)                                 1.1000     1.1000
  clock network delay (ideal)                           0.0500     1.1500
  clock uncertainty                                    -0.0500     1.1000
  DP_i_fetch_i_pc_i_Y_reg_20_/CK (DFF_X1)               0.0000     1.1000 r
  library setup time                                   -0.0278     1.0722
  data required time                                               1.0722
  --------------------------------------------------------------------------
  data required time                                               1.0722
  data arrival time                                               -1.7447
  --------------------------------------------------------------------------
  slack (VIOLATED)                                                -0.6726


  Startpoint: DP_i_fetch_i_IR_out_reg_21_
              (rising edge-triggered flip-flop clocked by CLK)
  Endpoint: DP_i_fetch_i_pc_i_Y_reg_4_
            (rising edge-triggered flip-flop clocked by CLK)
  Path Group: REG2REG
  Path Type: max

  Des/Clust/Port     Wire Load Model       Library
  ------------------------------------------------
  DLX                5K_hvratio_1_4        NangateOpenCellLibrary

  Point                                                   Incr       Path
  --------------------------------------------------------------------------
  clock CLK (rise edge)                                 0.0000     0.0000
  clock network delay (ideal)                           0.0500     0.0500
  DP_i_fetch_i_IR_out_reg_21_/CK (DFF_X1)               0.0000     0.0500 r
  DP_i_fetch_i_IR_out_reg_21_/Q (DFF_X1)                0.1023     0.1523 r
  U2155/ZN (XNOR2_X1)                                   0.0629     0.2152 r
  U1758/ZN (AND2_X1)                                    0.0523     0.2675 r
  U1962/ZN (AND4_X2)                                    0.0737     0.3412 r
  U1722/ZN (INV_X1)                                     0.0392     0.3804 f
  U1045/ZN (AND3_X2)                                    0.0580     0.4384 f
  U1408/Z (BUF_X2)                                      0.0562     0.4946 f
  U3436/ZN (NAND2_X1)                                   0.0356     0.5302 r
  U3440/ZN (AND4_X1)                                    0.0567     0.5869 r
  U2080/ZN (AND3_X1)                                    0.0505     0.6374 r
  U3442/ZN (NAND4_X1)                                   0.0472     0.6846 f
  U3443/ZN (NAND2_X1)                                   0.0331     0.7177 r
  U3447/ZN (AND2_X1)                                    0.0441     0.7618 r
  U935/ZN (AND4_X2)                                     0.0678     0.8296 r
  U942/ZN (AND4_X1)                                     0.0679     0.8975 r
  U4179/ZN (NAND4_X1)                                   0.0459     0.9434 f
  U4182/ZN (OAI21_X1)                                   0.0489     0.9923 r
  U1711/ZN (INV_X1)                                     0.0311     1.0234 f
  U1710/Z (MUX2_X2)                                     0.0773     1.1007 f
  U4386/ZN (NAND2_X1)                                   0.0336     1.1343 r
  U1942/ZN (AND2_X1)                                    0.0415     1.1758 r
  U5590/ZN (OAI21_X1)                                   0.0299     1.2057 f
  U5605/ZN (AND3_X1)                                    0.0425     1.2482 f
  U5611/ZN (AOI211_X1)                                  0.0726     1.3208 r
  U5616/ZN (OR2_X1)                                     0.0433     1.3641 r
  U1911/ZN (NAND3_X1)                                   0.0348     1.3989 f
  U5620/ZN (AND2_X1)                                    0.0455     1.4444 f
  U1483/ZN (OR4_X2)                                     0.1327     1.5771 f
  U1513/Z (BUF_X1)                                      0.0566     1.6336 f
  U13012/ZN (OR2_X1)                                    0.0667     1.7004 f
  U11926/ZN (NAND4_X1)                                  0.0334     1.7337 r
  DP_i_fetch_i_pc_i_Y_reg_4_/D (DFF_X1)                 0.0110     1.7447 r
  data arrival time                                                1.7447

  clock CLK (rise edge)                                 1.1000     1.1000
  clock network delay (ideal)                           0.0500     1.1500
  clock uncertainty                                    -0.0500     1.1000
  DP_i_fetch_i_pc_i_Y_reg_4_/CK (DFF_X1)                0.0000     1.1000 r
  library setup time                                   -0.0278     1.0722
  data required time                                               1.0722
  --------------------------------------------------------------------------
  data required time                                               1.0722
  data arrival time                                               -1.7447
  --------------------------------------------------------------------------
  slack (VIOLATED)                                                -0.6726


  Startpoint: DP_i_fetch_i_IR_out_reg_21_
              (rising edge-triggered flip-flop clocked by CLK)
  Endpoint: DP_i_fetch_i_pc_i_Y_reg_13_
            (rising edge-triggered flip-flop clocked by CLK)
  Path Group: REG2REG
  Path Type: max

  Des/Clust/Port     Wire Load Model       Library
  ------------------------------------------------
  DLX                5K_hvratio_1_4        NangateOpenCellLibrary

  Point                                                   Incr       Path
  --------------------------------------------------------------------------
  clock CLK (rise edge)                                 0.0000     0.0000
  clock network delay (ideal)                           0.0500     0.0500
  DP_i_fetch_i_IR_out_reg_21_/CK (DFF_X1)               0.0000     0.0500 r
  DP_i_fetch_i_IR_out_reg_21_/Q (DFF_X1)                0.1023     0.1523 r
  U2155/ZN (XNOR2_X1)                                   0.0629     0.2152 r
  U1758/ZN (AND2_X1)                                    0.0523     0.2675 r
  U1962/ZN (AND4_X2)                                    0.0737     0.3412 r
  U1722/ZN (INV_X1)                                     0.0392     0.3804 f
  U1045/ZN (AND3_X2)                                    0.0580     0.4384 f
  U1408/Z (BUF_X2)                                      0.0562     0.4946 f
  U3436/ZN (NAND2_X1)                                   0.0356     0.5302 r
  U3440/ZN (AND4_X1)                                    0.0567     0.5869 r
  U2080/ZN (AND3_X1)                                    0.0505     0.6374 r
  U3442/ZN (NAND4_X1)                                   0.0472     0.6846 f
  U3443/ZN (NAND2_X1)                                   0.0331     0.7177 r
  U3447/ZN (AND2_X1)                                    0.0441     0.7618 r
  U935/ZN (AND4_X2)                                     0.0678     0.8296 r
  U942/ZN (AND4_X1)                                     0.0679     0.8975 r
  U4179/ZN (NAND4_X1)                                   0.0459     0.9434 f
  U4182/ZN (OAI21_X1)                                   0.0489     0.9923 r
  U1711/ZN (INV_X1)                                     0.0311     1.0234 f
  U1710/Z (MUX2_X2)                                     0.0773     1.1007 f
  U4386/ZN (NAND2_X1)                                   0.0336     1.1343 r
  U1942/ZN (AND2_X1)                                    0.0415     1.1758 r
  U5590/ZN (OAI21_X1)                                   0.0299     1.2057 f
  U5605/ZN (AND3_X1)                                    0.0425     1.2482 f
  U5611/ZN (AOI211_X1)                                  0.0726     1.3208 r
  U5616/ZN (OR2_X1)                                     0.0433     1.3641 r
  U1911/ZN (NAND3_X1)                                   0.0348     1.3989 f
  U5620/ZN (AND2_X1)                                    0.0455     1.4444 f
  U1483/ZN (OR4_X2)                                     0.1327     1.5771 f
  U1513/Z (BUF_X1)                                      0.0566     1.6336 f
  U12999/ZN (OR2_X1)                                    0.0667     1.7004 f
  U11914/ZN (NAND4_X1)                                  0.0334     1.7337 r
  DP_i_fetch_i_pc_i_Y_reg_13_/D (DFF_X1)                0.0110     1.7447 r
  data arrival time                                                1.7447

  clock CLK (rise edge)                                 1.1000     1.1000
  clock network delay (ideal)                           0.0500     1.1500
  clock uncertainty                                    -0.0500     1.1000
  DP_i_fetch_i_pc_i_Y_reg_13_/CK (DFF_X1)               0.0000     1.1000 r
  library setup time                                   -0.0278     1.0722
  data required time                                               1.0722
  --------------------------------------------------------------------------
  data required time                                               1.0722
  data arrival time                                               -1.7447
  --------------------------------------------------------------------------
  slack (VIOLATED)                                                -0.6726


1
