 
****************************************
Report : timing
        -path full
        -delay max
        -nworst 2
        -group REG2REG
        -max_paths 10
Design : DLX
Version: W-2024.09-SP2
Date   : Tue Sep 29 12:05:17 2026
****************************************

Operating Conditions: typical   Library: NangateOpenCellLibrary
Wire Load Model Mode: top

  Startpoint: DP_i_fetch_i_IR_out_reg_23_
              (rising edge-triggered flip-flop clocked by CLK)
  Endpoint: DP_i_fetch_i_pc_i_Y_reg_4_
            (rising edge-triggered flip-flop clocked by CLK)
  Path Group: REG2REG
  Path Type: max

  Des/Clust/Port     Wire Load Model       Library
  ------------------------------------------------
  DLX                5K_hvratio_1_4        NangateOpenCellLibrary

  Point                                                   Incr       Path
  --------------------------------------------------------------------------
  clock CLK (rise edge)                                 0.0000     0.0000
  clock network delay (ideal)                           0.0500     0.0500
  DP_i_fetch_i_IR_out_reg_23_/CK (DFF_X1)               0.0000     0.0500 r
  DP_i_fetch_i_IR_out_reg_23_/Q (DFF_X1)                0.1023     0.1523 r
  U1908/ZN (XNOR2_X1)                                   0.0627     0.2151 r
  U1715/ZN (AND2_X1)                                    0.0478     0.2629 r
  U1671/ZN (AND4_X1)                                    0.0616     0.3245 r
  U1335/ZN (NOR2_X1)                                    0.0302     0.3547 f
  U1803/Z (BUF_X1)                                      0.0433     0.3980 f
  U2706/ZN (AND2_X2)                                    0.0483     0.4463 f
  U1757/Z (BUF_X2)                                      0.0579     0.5041 f
  U3333/ZN (NAND2_X1)                                   0.0401     0.5443 r
  U3336/ZN (AND4_X1)                                    0.0569     0.6011 r
  U3352/ZN (AND4_X1)                                    0.0668     0.6679 r
  U3371/ZN (NAND4_X1)                                   0.0436     0.7115 f
  U4054/ZN (OAI211_X1)                                  0.0538     0.7653 r
  U4061/ZN (AND4_X1)                                    0.0689     0.8342 r
  U4075/ZN (AND2_X1)                                    0.0442     0.8784 r
  U1940/ZN (AND4_X1)                                    0.0687     0.9472 r
  U1963/ZN (OAI211_X1)                                  0.0346     0.9817 f
  U2016/ZN (OAI211_X1)                                  0.0422     1.0240 r
  U1362/ZN (AND2_X2)                                    0.0591     1.0831 r
  U4384/ZN (INV_X1)                                     0.0370     1.1200 f
  U5076/Z (MUX2_X1)                                     0.0717     1.1917 f
  U5077/ZN (XNOR2_X1)                                   0.0591     1.2508 f
  U5083/ZN (NOR2_X1)                                    0.0342     1.2851 r
  U5092/ZN (AND3_X1)                                    0.0489     1.3340 r
  U5109/ZN (AND4_X1)                                    0.0643     1.3983 r
  U1027/ZN (AND4_X2)                                    0.0667     1.4650 r
  U5120/ZN (NAND2_X1)                                   0.0368     1.5018 f
  U894/ZN (NAND2_X1)                                    0.0445     1.5464 r
  U1333/ZN (NAND2_X4)                                   0.0869     1.6332 f
  U12141/ZN (OR2_X1)                                    0.0858     1.7190 f
  U10747/ZN (NAND3_X1)                                  0.0316     1.7506 r
  DP_i_fetch_i_pc_i_Y_reg_4_/D (DFF_X2)                 0.0109     1.7615 r
  data arrival time                                                1.7615

  clock CLK (rise edge)                                 1.3500     1.3500
  clock network delay (ideal)                           0.0500     1.4000
  clock uncertainty                                    -0.0500     1.3500
  DP_i_fetch_i_pc_i_Y_reg_4_/CK (DFF_X2)                0.0000     1.3500 r
  library setup time                                   -0.0269     1.3231
  data required time                                               1.3231
  --------------------------------------------------------------------------
  data required time                                               1.3231
  data arrival time                                               -1.7615
  --------------------------------------------------------------------------
  slack (VIOLATED)                                                -0.4384


  Startpoint: DP_i_fetch_i_IR_out_reg_23_
              (rising edge-triggered flip-flop clocked by CLK)
  Endpoint: DP_i_fetch_i_pc_i_Y_reg_5_
            (rising edge-triggered flip-flop clocked by CLK)
  Path Group: REG2REG
  Path Type: max

  Des/Clust/Port     Wire Load Model       Library
  ------------------------------------------------
  DLX                5K_hvratio_1_4        NangateOpenCellLibrary

  Point                                                   Incr       Path
  --------------------------------------------------------------------------
  clock CLK (rise edge)                                 0.0000     0.0000
  clock network delay (ideal)                           0.0500     0.0500
  DP_i_fetch_i_IR_out_reg_23_/CK (DFF_X1)               0.0000     0.0500 r
  DP_i_fetch_i_IR_out_reg_23_/Q (DFF_X1)                0.1023     0.1523 r
  U1908/ZN (XNOR2_X1)                                   0.0627     0.2151 r
  U1715/ZN (AND2_X1)                                    0.0478     0.2629 r
  U1671/ZN (AND4_X1)                                    0.0616     0.3245 r
  U1335/ZN (NOR2_X1)                                    0.0302     0.3547 f
  U1803/Z (BUF_X1)                                      0.0433     0.3980 f
  U2706/ZN (AND2_X2)                                    0.0483     0.4463 f
  U1757/Z (BUF_X2)                                      0.0579     0.5041 f
  U3333/ZN (NAND2_X1)                                   0.0401     0.5443 r
  U3336/ZN (AND4_X1)                                    0.0569     0.6011 r
  U3352/ZN (AND4_X1)                                    0.0668     0.6679 r
  U3371/ZN (NAND4_X1)                                   0.0436     0.7115 f
  U4054/ZN (OAI211_X1)                                  0.0538     0.7653 r
  U4061/ZN (AND4_X1)                                    0.0689     0.8342 r
  U4075/ZN (AND2_X1)                                    0.0442     0.8784 r
  U1940/ZN (AND4_X1)                                    0.0687     0.9472 r
  U1963/ZN (OAI211_X1)                                  0.0346     0.9817 f
  U2016/ZN (OAI211_X1)                                  0.0422     1.0240 r
  U1362/ZN (AND2_X2)                                    0.0591     1.0831 r
  U4384/ZN (INV_X1)                                     0.0370     1.1200 f
  U5076/Z (MUX2_X1)                                     0.0717     1.1917 f
  U5077/ZN (XNOR2_X1)                                   0.0591     1.2508 f
  U5083/ZN (NOR2_X1)                                    0.0342     1.2851 r
  U5092/ZN (AND3_X1)                                    0.0489     1.3340 r
  U5109/ZN (AND4_X1)                                    0.0643     1.3983 r
  U1027/ZN (AND4_X2)                                    0.0667     1.4650 r
  U5120/ZN (NAND2_X1)                                   0.0368     1.5018 f
  U894/ZN (NAND2_X1)                                    0.0445     1.5464 r
  U1333/ZN (NAND2_X4)                                   0.0869     1.6332 f
  U12134/ZN (OR2_X1)                                    0.0858     1.7190 f
  U10745/ZN (NAND3_X1)                                  0.0316     1.7506 r
  DP_i_fetch_i_pc_i_Y_reg_5_/D (DFF_X2)                 0.0109     1.7615 r
  data arrival time                                                1.7615

  clock CLK (rise edge)                                 1.3500     1.3500
  clock network delay (ideal)                           0.0500     1.4000
  clock uncertainty                                    -0.0500     1.3500
  DP_i_fetch_i_pc_i_Y_reg_5_/CK (DFF_X2)                0.0000     1.3500 r
  library setup time                                   -0.0269     1.3231
  data required time                                               1.3231
  --------------------------------------------------------------------------
  data required time                                               1.3231
  data arrival time                                               -1.7615
  --------------------------------------------------------------------------
  slack (VIOLATED)                                                -0.4384


  Startpoint: DP_i_fetch_i_IR_out_reg_23_
              (rising edge-triggered flip-flop clocked by CLK)
  Endpoint: DP_i_fetch_i_pc_i_Y_reg_3_
            (rising edge-triggered flip-flop clocked by CLK)
  Path Group: REG2REG
  Path Type: max

  Des/Clust/Port     Wire Load Model       Library
  ------------------------------------------------
  DLX                5K_hvratio_1_4        NangateOpenCellLibrary

  Point                                                   Incr       Path
  --------------------------------------------------------------------------
  clock CLK (rise edge)                                 0.0000     0.0000
  clock network delay (ideal)                           0.0500     0.0500
  DP_i_fetch_i_IR_out_reg_23_/CK (DFF_X1)               0.0000     0.0500 r
  DP_i_fetch_i_IR_out_reg_23_/Q (DFF_X1)                0.1023     0.1523 r
  U1908/ZN (XNOR2_X1)                                   0.0627     0.2151 r
  U1715/ZN (AND2_X1)                                    0.0478     0.2629 r
  U1671/ZN (AND4_X1)                                    0.0616     0.3245 r
  U1335/ZN (NOR2_X1)                                    0.0302     0.3547 f
  U1803/Z (BUF_X1)                                      0.0433     0.3980 f
  U2706/ZN (AND2_X2)                                    0.0483     0.4463 f
  U1757/Z (BUF_X2)                                      0.0579     0.5041 f
  U3333/ZN (NAND2_X1)                                   0.0401     0.5443 r
  U3336/ZN (AND4_X1)                                    0.0569     0.6011 r
  U3352/ZN (AND4_X1)                                    0.0668     0.6679 r
  U3371/ZN (NAND4_X1)                                   0.0436     0.7115 f
  U4054/ZN (OAI211_X1)                                  0.0538     0.7653 r
  U4061/ZN (AND4_X1)                                    0.0689     0.8342 r
  U4075/ZN (AND2_X1)                                    0.0442     0.8784 r
  U1940/ZN (AND4_X1)                                    0.0687     0.9472 r
  U1963/ZN (OAI211_X1)                                  0.0346     0.9817 f
  U2016/ZN (OAI211_X1)                                  0.0422     1.0240 r
  U1362/ZN (AND2_X2)                                    0.0591     1.0831 r
  U4384/ZN (INV_X1)                                     0.0370     1.1200 f
  U5076/Z (MUX2_X1)                                     0.0717     1.1917 f
  U5077/ZN (XNOR2_X1)                                   0.0591     1.2508 f
  U5083/ZN (NOR2_X1)                                    0.0342     1.2851 r
  U5092/ZN (AND3_X1)                                    0.0489     1.3340 r
  U5109/ZN (AND4_X1)                                    0.0643     1.3983 r
  U1027/ZN (AND4_X2)                                    0.0667     1.4650 r
  U5120/ZN (NAND2_X1)                                   0.0368     1.5018 f
  U894/ZN (NAND2_X1)                                    0.0445     1.5464 r
  U1333/ZN (NAND2_X4)                                   0.0869     1.6332 f
  U12130/ZN (OR2_X1)                                    0.0858     1.7190 f
  U10744/ZN (NAND3_X1)                                  0.0316     1.7506 r
  DP_i_fetch_i_pc_i_Y_reg_3_/D (DFF_X2)                 0.0109     1.7615 r
  data arrival time                                                1.7615

  clock CLK (rise edge)                                 1.3500     1.3500
  clock network delay (ideal)                           0.0500     1.4000
  clock uncertainty                                    -0.0500     1.3500
  DP_i_fetch_i_pc_i_Y_reg_3_/CK (DFF_X2)                0.0000     1.3500 r
  library setup time                                   -0.0269     1.3231
  data required time                                               1.3231
  --------------------------------------------------------------------------
  data required time                                               1.3231
  data arrival time                                               -1.7615
  --------------------------------------------------------------------------
  slack (VIOLATED)                                                -0.4384


  Startpoint: DP_i_fetch_i_IR_out_reg_23_
              (rising edge-triggered flip-flop clocked by CLK)
  Endpoint: DP_i_fetch_i_pc_i_Y_reg_1_
            (rising edge-triggered flip-flop clocked by CLK)
  Path Group: REG2REG
  Path Type: max

  Des/Clust/Port     Wire Load Model       Library
  ------------------------------------------------
  DLX                5K_hvratio_1_4        NangateOpenCellLibrary

  Point                                                   Incr       Path
  --------------------------------------------------------------------------
  clock CLK (rise edge)                                 0.0000     0.0000
  clock network delay (ideal)                           0.0500     0.0500
  DP_i_fetch_i_IR_out_reg_23_/CK (DFF_X1)               0.0000     0.0500 r
  DP_i_fetch_i_IR_out_reg_23_/Q (DFF_X1)                0.1023     0.1523 r
  U1908/ZN (XNOR2_X1)                                   0.0627     0.2151 r
  U1715/ZN (AND2_X1)                                    0.0478     0.2629 r
  U1671/ZN (AND4_X1)                                    0.0616     0.3245 r
  U1335/ZN (NOR2_X1)                                    0.0302     0.3547 f
  U1803/Z (BUF_X1)                                      0.0433     0.3980 f
  U2706/ZN (AND2_X2)                                    0.0483     0.4463 f
  U1757/Z (BUF_X2)                                      0.0579     0.5041 f
  U3333/ZN (NAND2_X1)                                   0.0401     0.5443 r
  U3336/ZN (AND4_X1)                                    0.0569     0.6011 r
  U3352/ZN (AND4_X1)                                    0.0668     0.6679 r
  U3371/ZN (NAND4_X1)                                   0.0436     0.7115 f
  U4054/ZN (OAI211_X1)                                  0.0538     0.7653 r
  U4061/ZN (AND4_X1)                                    0.0689     0.8342 r
  U4075/ZN (AND2_X1)                                    0.0442     0.8784 r
  U1940/ZN (AND4_X1)                                    0.0687     0.9472 r
  U1963/ZN (OAI211_X1)                                  0.0346     0.9817 f
  U2016/ZN (OAI211_X1)                                  0.0422     1.0240 r
  U1362/ZN (AND2_X2)                                    0.0591     1.0831 r
  U4384/ZN (INV_X1)                                     0.0370     1.1200 f
  U5076/Z (MUX2_X1)                                     0.0717     1.1917 f
  U5077/ZN (XNOR2_X1)                                   0.0591     1.2508 f
  U5083/ZN (NOR2_X1)                                    0.0342     1.2851 r
  U5092/ZN (AND3_X1)                                    0.0489     1.3340 r
  U5109/ZN (AND4_X1)                                    0.0643     1.3983 r
  U1027/ZN (AND4_X2)                                    0.0667     1.4650 r
  U5120/ZN (NAND2_X1)                                   0.0368     1.5018 f
  U894/ZN (NAND2_X1)                                    0.0445     1.5464 r
  U1333/ZN (NAND2_X4)                                   0.0869     1.6332 f
  U12151/ZN (OR2_X1)                                    0.0858     1.7190 f
  U10749/ZN (NAND3_X1)                                  0.0316     1.7506 r
  DP_i_fetch_i_pc_i_Y_reg_1_/D (DFF_X2)                 0.0109     1.7615 r
  data arrival time                                                1.7615

  clock CLK (rise edge)                                 1.3500     1.3500
  clock network delay (ideal)                           0.0500     1.4000
  clock uncertainty                                    -0.0500     1.3500
  DP_i_fetch_i_pc_i_Y_reg_1_/CK (DFF_X2)                0.0000     1.3500 r
  library setup time                                   -0.0269     1.3231
  data required time                                               1.3231
  --------------------------------------------------------------------------
  data required time                                               1.3231
  data arrival time                                               -1.7615
  --------------------------------------------------------------------------
  slack (VIOLATED)                                                -0.4384


  Startpoint: DP_i_fetch_i_IR_out_reg_23_
              (rising edge-triggered flip-flop clocked by CLK)
  Endpoint: DP_i_fetch_i_pc_i_Y_reg_7_
            (rising edge-triggered flip-flop clocked by CLK)
  Path Group: REG2REG
  Path Type: max

  Des/Clust/Port     Wire Load Model       Library
  ------------------------------------------------
  DLX                5K_hvratio_1_4        NangateOpenCellLibrary

  Point                                                   Incr       Path
  --------------------------------------------------------------------------
  clock CLK (rise edge)                                 0.0000     0.0000
  clock network delay (ideal)                           0.0500     0.0500
  DP_i_fetch_i_IR_out_reg_23_/CK (DFF_X1)               0.0000     0.0500 r
  DP_i_fetch_i_IR_out_reg_23_/Q (DFF_X1)                0.1023     0.1523 r
  U1908/ZN (XNOR2_X1)                                   0.0627     0.2151 r
  U1715/ZN (AND2_X1)                                    0.0478     0.2629 r
  U1671/ZN (AND4_X1)                                    0.0616     0.3245 r
  U1335/ZN (NOR2_X1)                                    0.0302     0.3547 f
  U1803/Z (BUF_X1)                                      0.0433     0.3980 f
  U2706/ZN (AND2_X2)                                    0.0483     0.4463 f
  U1757/Z (BUF_X2)                                      0.0579     0.5041 f
  U3333/ZN (NAND2_X1)                                   0.0401     0.5443 r
  U3336/ZN (AND4_X1)                                    0.0569     0.6011 r
  U3352/ZN (AND4_X1)                                    0.0668     0.6679 r
  U3371/ZN (NAND4_X1)                                   0.0436     0.7115 f
  U4054/ZN (OAI211_X1)                                  0.0538     0.7653 r
  U4061/ZN (AND4_X1)                                    0.0689     0.8342 r
  U4075/ZN (AND2_X1)                                    0.0442     0.8784 r
  U1940/ZN (AND4_X1)                                    0.0687     0.9472 r
  U1963/ZN (OAI211_X1)                                  0.0346     0.9817 f
  U2016/ZN (OAI211_X1)                                  0.0422     1.0240 r
  U1362/ZN (AND2_X2)                                    0.0591     1.0831 r
  U4384/ZN (INV_X1)                                     0.0370     1.1200 f
  U5076/Z (MUX2_X1)                                     0.0717     1.1917 f
  U5077/ZN (XNOR2_X1)                                   0.0591     1.2508 f
  U5083/ZN (NOR2_X1)                                    0.0342     1.2851 r
  U5092/ZN (AND3_X1)                                    0.0489     1.3340 r
  U5109/ZN (AND4_X1)                                    0.0643     1.3983 r
  U1027/ZN (AND4_X2)                                    0.0667     1.4650 r
  U5120/ZN (NAND2_X1)                                   0.0368     1.5018 f
  U894/ZN (NAND2_X1)                                    0.0445     1.5464 r
  U1333/ZN (NAND2_X4)                                   0.0869     1.6332 f
  U12169/ZN (OR2_X1)                                    0.0858     1.7190 f
  U10753/ZN (NAND3_X1)                                  0.0316     1.7506 r
  DP_i_fetch_i_pc_i_Y_reg_7_/D (DFF_X2)                 0.0109     1.7615 r
  data arrival time                                                1.7615

  clock CLK (rise edge)                                 1.3500     1.3500
  clock network delay (ideal)                           0.0500     1.4000
  clock uncertainty                                    -0.0500     1.3500
  DP_i_fetch_i_pc_i_Y_reg_7_/CK (DFF_X2)                0.0000     1.3500 r
  library setup time                                   -0.0269     1.3231
  data required time                                               1.3231
  --------------------------------------------------------------------------
  data required time                                               1.3231
  data arrival time                                               -1.7615
  --------------------------------------------------------------------------
  slack (VIOLATED)                                                -0.4384


  Startpoint: DP_i_fetch_i_IR_out_reg_23_
              (rising edge-triggered flip-flop clocked by CLK)
  Endpoint: DP_i_fetch_i_pc_i_Y_reg_9_
            (rising edge-triggered flip-flop clocked by CLK)
  Path Group: REG2REG
  Path Type: max

  Des/Clust/Port     Wire Load Model       Library
  ------------------------------------------------
  DLX                5K_hvratio_1_4        NangateOpenCellLibrary

  Point                                                   Incr       Path
  --------------------------------------------------------------------------
  clock CLK (rise edge)                                 0.0000     0.0000
  clock network delay (ideal)                           0.0500     0.0500
  DP_i_fetch_i_IR_out_reg_23_/CK (DFF_X1)               0.0000     0.0500 r
  DP_i_fetch_i_IR_out_reg_23_/Q (DFF_X1)                0.1023     0.1523 r
  U1908/ZN (XNOR2_X1)                                   0.0627     0.2151 r
  U1715/ZN (AND2_X1)                                    0.0478     0.2629 r
  U1671/ZN (AND4_X1)                                    0.0616     0.3245 r
  U1335/ZN (NOR2_X1)                                    0.0302     0.3547 f
  U1803/Z (BUF_X1)                                      0.0433     0.3980 f
  U2706/ZN (AND2_X2)                                    0.0483     0.4463 f
  U1757/Z (BUF_X2)                                      0.0579     0.5041 f
  U3333/ZN (NAND2_X1)                                   0.0401     0.5443 r
  U3336/ZN (AND4_X1)                                    0.0569     0.6011 r
  U3352/ZN (AND4_X1)                                    0.0668     0.6679 r
  U3371/ZN (NAND4_X1)                                   0.0436     0.7115 f
  U4054/ZN (OAI211_X1)                                  0.0538     0.7653 r
  U4061/ZN (AND4_X1)                                    0.0689     0.8342 r
  U4075/ZN (AND2_X1)                                    0.0442     0.8784 r
  U1940/ZN (AND4_X1)                                    0.0687     0.9472 r
  U1963/ZN (OAI211_X1)                                  0.0346     0.9817 f
  U2016/ZN (OAI211_X1)                                  0.0422     1.0240 r
  U1362/ZN (AND2_X2)                                    0.0591     1.0831 r
  U4384/ZN (INV_X1)                                     0.0370     1.1200 f
  U5076/Z (MUX2_X1)                                     0.0717     1.1917 f
  U5077/ZN (XNOR2_X1)                                   0.0591     1.2508 f
  U5083/ZN (NOR2_X1)                                    0.0342     1.2851 r
  U5092/ZN (AND3_X1)                                    0.0489     1.3340 r
  U5109/ZN (AND4_X1)                                    0.0643     1.3983 r
  U1027/ZN (AND4_X2)                                    0.0667     1.4650 r
  U5120/ZN (NAND2_X1)                                   0.0368     1.5018 f
  U894/ZN (NAND2_X1)                                    0.0445     1.5464 r
  U1333/ZN (NAND2_X4)                                   0.0869     1.6332 f
  U12146/ZN (OR2_X1)                                    0.0858     1.7190 f
  U10748/ZN (NAND3_X1)                                  0.0316     1.7506 r
  DP_i_fetch_i_pc_i_Y_reg_9_/D (DFF_X2)                 0.0109     1.7615 r
  data arrival time                                                1.7615

  clock CLK (rise edge)                                 1.3500     1.3500
  clock network delay (ideal)                           0.0500     1.4000
  clock uncertainty                                    -0.0500     1.3500
  DP_i_fetch_i_pc_i_Y_reg_9_/CK (DFF_X2)                0.0000     1.3500 r
  library setup time                                   -0.0269     1.3231
  data required time                                               1.3231
  --------------------------------------------------------------------------
  data required time                                               1.3231
  data arrival time                                               -1.7615
  --------------------------------------------------------------------------
  slack (VIOLATED)                                                -0.4384


  Startpoint: DP_i_fetch_i_IR_out_reg_23_
              (rising edge-triggered flip-flop clocked by CLK)
  Endpoint: DP_i_fetch_i_pc_i_Y_reg_0_
            (rising edge-triggered flip-flop clocked by CLK)
  Path Group: REG2REG
  Path Type: max

  Des/Clust/Port     Wire Load Model       Library
  ------------------------------------------------
  DLX                5K_hvratio_1_4        NangateOpenCellLibrary

  Point                                                   Incr       Path
  --------------------------------------------------------------------------
  clock CLK (rise edge)                                 0.0000     0.0000
  clock network delay (ideal)                           0.0500     0.0500
  DP_i_fetch_i_IR_out_reg_23_/CK (DFF_X1)               0.0000     0.0500 r
  DP_i_fetch_i_IR_out_reg_23_/Q (DFF_X1)                0.1023     0.1523 r
  U1908/ZN (XNOR2_X1)                                   0.0627     0.2151 r
  U1715/ZN (AND2_X1)                                    0.0478     0.2629 r
  U1671/ZN (AND4_X1)                                    0.0616     0.3245 r
  U1335/ZN (NOR2_X1)                                    0.0302     0.3547 f
  U1803/Z (BUF_X1)                                      0.0433     0.3980 f
  U2706/ZN (AND2_X2)                                    0.0483     0.4463 f
  U1757/Z (BUF_X2)                                      0.0579     0.5041 f
  U3333/ZN (NAND2_X1)                                   0.0401     0.5443 r
  U3336/ZN (AND4_X1)                                    0.0569     0.6011 r
  U3352/ZN (AND4_X1)                                    0.0668     0.6679 r
  U3371/ZN (NAND4_X1)                                   0.0436     0.7115 f
  U4054/ZN (OAI211_X1)                                  0.0538     0.7653 r
  U4061/ZN (AND4_X1)                                    0.0689     0.8342 r
  U4075/ZN (AND2_X1)                                    0.0442     0.8784 r
  U1940/ZN (AND4_X1)                                    0.0687     0.9472 r
  U1963/ZN (OAI211_X1)                                  0.0346     0.9817 f
  U2016/ZN (OAI211_X1)                                  0.0422     1.0240 r
  U1362/ZN (AND2_X2)                                    0.0591     1.0831 r
  U4384/ZN (INV_X1)                                     0.0370     1.1200 f
  U5076/Z (MUX2_X1)                                     0.0717     1.1917 f
  U5077/ZN (XNOR2_X1)                                   0.0591     1.2508 f
  U5083/ZN (NOR2_X1)                                    0.0342     1.2851 r
  U5092/ZN (AND3_X1)                                    0.0489     1.3340 r
  U5109/ZN (AND4_X1)                                    0.0643     1.3983 r
  U1027/ZN (AND4_X2)                                    0.0667     1.4650 r
  U5120/ZN (NAND2_X1)                                   0.0368     1.5018 f
  U894/ZN (NAND2_X1)                                    0.0445     1.5464 r
  U1333/ZN (NAND2_X4)                                   0.0869     1.6332 f
  U12210/ZN (OR2_X1)                                    0.0858     1.7190 f
  U10763/ZN (NAND3_X1)                                  0.0316     1.7506 r
  DP_i_fetch_i_pc_i_Y_reg_0_/D (DFF_X2)                 0.0109     1.7615 r
  data arrival time                                                1.7615

  clock CLK (rise edge)                                 1.3500     1.3500
  clock network delay (ideal)                           0.0500     1.4000
  clock uncertainty                                    -0.0500     1.3500
  DP_i_fetch_i_pc_i_Y_reg_0_/CK (DFF_X2)                0.0000     1.3500 r
  library setup time                                   -0.0269     1.3231
  data required time                                               1.3231
  --------------------------------------------------------------------------
  data required time                                               1.3231
  data arrival time                                               -1.7615
  --------------------------------------------------------------------------
  slack (VIOLATED)                                                -0.4384


  Startpoint: DP_i_fetch_i_IR_out_reg_23_
              (rising edge-triggered flip-flop clocked by CLK)
  Endpoint: DP_i_fetch_i_pc_i_Y_reg_6_
            (rising edge-triggered flip-flop clocked by CLK)
  Path Group: REG2REG
  Path Type: max

  Des/Clust/Port     Wire Load Model       Library
  ------------------------------------------------
  DLX                5K_hvratio_1_4        NangateOpenCellLibrary

  Point                                                   Incr       Path
  --------------------------------------------------------------------------
  clock CLK (rise edge)                                 0.0000     0.0000
  clock network delay (ideal)                           0.0500     0.0500
  DP_i_fetch_i_IR_out_reg_23_/CK (DFF_X1)               0.0000     0.0500 r
  DP_i_fetch_i_IR_out_reg_23_/Q (DFF_X1)                0.1023     0.1523 r
  U1908/ZN (XNOR2_X1)                                   0.0627     0.2151 r
  U1715/ZN (AND2_X1)                                    0.0478     0.2629 r
  U1671/ZN (AND4_X1)                                    0.0616     0.3245 r
  U1335/ZN (NOR2_X1)                                    0.0302     0.3547 f
  U1803/Z (BUF_X1)                                      0.0433     0.3980 f
  U2706/ZN (AND2_X2)                                    0.0483     0.4463 f
  U1757/Z (BUF_X2)                                      0.0579     0.5041 f
  U3333/ZN (NAND2_X1)                                   0.0401     0.5443 r
  U3336/ZN (AND4_X1)                                    0.0569     0.6011 r
  U3352/ZN (AND4_X1)                                    0.0668     0.6679 r
  U3371/ZN (NAND4_X1)                                   0.0436     0.7115 f
  U4054/ZN (OAI211_X1)                                  0.0538     0.7653 r
  U4061/ZN (AND4_X1)                                    0.0689     0.8342 r
  U4075/ZN (AND2_X1)                                    0.0442     0.8784 r
  U1940/ZN (AND4_X1)                                    0.0687     0.9472 r
  U1963/ZN (OAI211_X1)                                  0.0346     0.9817 f
  U2016/ZN (OAI211_X1)                                  0.0422     1.0240 r
  U1362/ZN (AND2_X2)                                    0.0591     1.0831 r
  U4384/ZN (INV_X1)                                     0.0370     1.1200 f
  U5076/Z (MUX2_X1)                                     0.0717     1.1917 f
  U5077/ZN (XNOR2_X1)                                   0.0591     1.2508 f
  U5083/ZN (NOR2_X1)                                    0.0342     1.2851 r
  U5092/ZN (AND3_X1)                                    0.0489     1.3340 r
  U5109/ZN (AND4_X1)                                    0.0643     1.3983 r
  U1027/ZN (AND4_X2)                                    0.0667     1.4650 r
  U5120/ZN (NAND2_X1)                                   0.0368     1.5018 f
  U894/ZN (NAND2_X1)                                    0.0445     1.5464 r
  U1333/ZN (NAND2_X4)                                   0.0869     1.6332 f
  U12138/ZN (OR2_X1)                                    0.0858     1.7190 f
  U10746/ZN (NAND3_X1)                                  0.0316     1.7506 r
  DP_i_fetch_i_pc_i_Y_reg_6_/D (DFF_X2)                 0.0109     1.7615 r
  data arrival time                                                1.7615

  clock CLK (rise edge)                                 1.3500     1.3500
  clock network delay (ideal)                           0.0500     1.4000
  clock uncertainty                                    -0.0500     1.3500
  DP_i_fetch_i_pc_i_Y_reg_6_/CK (DFF_X2)                0.0000     1.3500 r
  library setup time                                   -0.0269     1.3231
  data required time                                               1.3231
  --------------------------------------------------------------------------
  data required time                                               1.3231
  data arrival time                                               -1.7615
  --------------------------------------------------------------------------
  slack (VIOLATED)                                                -0.4384


  Startpoint: DP_i_fetch_i_IR_out_reg_23_
              (rising edge-triggered flip-flop clocked by CLK)
  Endpoint: DP_i_fetch_i_pc_i_Y_reg_8_
            (rising edge-triggered flip-flop clocked by CLK)
  Path Group: REG2REG
  Path Type: max

  Des/Clust/Port     Wire Load Model       Library
  ------------------------------------------------
  DLX                5K_hvratio_1_4        NangateOpenCellLibrary

  Point                                                   Incr       Path
  --------------------------------------------------------------------------
  clock CLK (rise edge)                                 0.0000     0.0000
  clock network delay (ideal)                           0.0500     0.0500
  DP_i_fetch_i_IR_out_reg_23_/CK (DFF_X1)               0.0000     0.0500 r
  DP_i_fetch_i_IR_out_reg_23_/Q (DFF_X1)                0.1023     0.1523 r
  U1908/ZN (XNOR2_X1)                                   0.0627     0.2151 r
  U1715/ZN (AND2_X1)                                    0.0478     0.2629 r
  U1671/ZN (AND4_X1)                                    0.0616     0.3245 r
  U1335/ZN (NOR2_X1)                                    0.0302     0.3547 f
  U1803/Z (BUF_X1)                                      0.0433     0.3980 f
  U2706/ZN (AND2_X2)                                    0.0483     0.4463 f
  U1757/Z (BUF_X2)                                      0.0579     0.5041 f
  U3333/ZN (NAND2_X1)                                   0.0401     0.5443 r
  U3336/ZN (AND4_X1)                                    0.0569     0.6011 r
  U3352/ZN (AND4_X1)                                    0.0668     0.6679 r
  U3371/ZN (NAND4_X1)                                   0.0436     0.7115 f
  U4054/ZN (OAI211_X1)                                  0.0538     0.7653 r
  U4061/ZN (AND4_X1)                                    0.0689     0.8342 r
  U4075/ZN (AND2_X1)                                    0.0442     0.8784 r
  U1940/ZN (AND4_X1)                                    0.0687     0.9472 r
  U1963/ZN (OAI211_X1)                                  0.0346     0.9817 f
  U2016/ZN (OAI211_X1)                                  0.0422     1.0240 r
  U1362/ZN (AND2_X2)                                    0.0591     1.0831 r
  U4384/ZN (INV_X1)                                     0.0370     1.1200 f
  U5076/Z (MUX2_X1)                                     0.0717     1.1917 f
  U5077/ZN (XNOR2_X1)                                   0.0591     1.2508 f
  U5083/ZN (NOR2_X1)                                    0.0342     1.2851 r
  U5092/ZN (AND3_X1)                                    0.0489     1.3340 r
  U5109/ZN (AND4_X1)                                    0.0643     1.3983 r
  U1027/ZN (AND4_X2)                                    0.0667     1.4650 r
  U5120/ZN (NAND2_X1)                                   0.0368     1.5018 f
  U894/ZN (NAND2_X1)                                    0.0445     1.5464 r
  U1333/ZN (NAND2_X4)                                   0.0869     1.6332 f
  U12173/ZN (OR2_X1)                                    0.0858     1.7190 f
  U10754/ZN (NAND3_X1)                                  0.0316     1.7506 r
  DP_i_fetch_i_pc_i_Y_reg_8_/D (DFF_X2)                 0.0109     1.7615 r
  data arrival time                                                1.7615

  clock CLK (rise edge)                                 1.3500     1.3500
  clock network delay (ideal)                           0.0500     1.4000
  clock uncertainty                                    -0.0500     1.3500
  DP_i_fetch_i_pc_i_Y_reg_8_/CK (DFF_X2)                0.0000     1.3500 r
  library setup time                                   -0.0269     1.3231
  data required time                                               1.3231
  --------------------------------------------------------------------------
  data required time                                               1.3231
  data arrival time                                               -1.7615
  --------------------------------------------------------------------------
  slack (VIOLATED)                                                -0.4384


  Startpoint: DP_i_fetch_i_IR_out_reg_23_
              (rising edge-triggered flip-flop clocked by CLK)
  Endpoint: DP_i_fetch_i_pc_i_Y_reg_2_
            (rising edge-triggered flip-flop clocked by CLK)
  Path Group: REG2REG
  Path Type: max

  Des/Clust/Port     Wire Load Model       Library
  ------------------------------------------------
  DLX                5K_hvratio_1_4        NangateOpenCellLibrary

  Point                                                   Incr       Path
  --------------------------------------------------------------------------
  clock CLK (rise edge)                                 0.0000     0.0000
  clock network delay (ideal)                           0.0500     0.0500
  DP_i_fetch_i_IR_out_reg_23_/CK (DFF_X1)               0.0000     0.0500 r
  DP_i_fetch_i_IR_out_reg_23_/Q (DFF_X1)                0.1023     0.1523 r
  U1908/ZN (XNOR2_X1)                                   0.0627     0.2151 r
  U1715/ZN (AND2_X1)                                    0.0478     0.2629 r
  U1671/ZN (AND4_X1)                                    0.0616     0.3245 r
  U1335/ZN (NOR2_X1)                                    0.0302     0.3547 f
  U1803/Z (BUF_X1)                                      0.0433     0.3980 f
  U2706/ZN (AND2_X2)                                    0.0483     0.4463 f
  U1757/Z (BUF_X2)                                      0.0579     0.5041 f
  U3333/ZN (NAND2_X1)                                   0.0401     0.5443 r
  U3336/ZN (AND4_X1)                                    0.0569     0.6011 r
  U3352/ZN (AND4_X1)                                    0.0668     0.6679 r
  U3371/ZN (NAND4_X1)                                   0.0436     0.7115 f
  U4054/ZN (OAI211_X1)                                  0.0538     0.7653 r
  U4061/ZN (AND4_X1)                                    0.0689     0.8342 r
  U4075/ZN (AND2_X1)                                    0.0442     0.8784 r
  U1940/ZN (AND4_X1)                                    0.0687     0.9472 r
  U1963/ZN (OAI211_X1)                                  0.0346     0.9817 f
  U2016/ZN (OAI211_X1)                                  0.0422     1.0240 r
  U1362/ZN (AND2_X2)                                    0.0591     1.0831 r
  U4384/ZN (INV_X1)                                     0.0370     1.1200 f
  U5076/Z (MUX2_X1)                                     0.0717     1.1917 f
  U5077/ZN (XNOR2_X1)                                   0.0591     1.2508 f
  U5083/ZN (NOR2_X1)                                    0.0342     1.2851 r
  U5092/ZN (AND3_X1)                                    0.0489     1.3340 r
  U5109/ZN (AND4_X1)                                    0.0643     1.3983 r
  U1027/ZN (AND4_X2)                                    0.0667     1.4650 r
  U5120/ZN (NAND2_X1)                                   0.0368     1.5018 f
  U894/ZN (NAND2_X1)                                    0.0445     1.5464 r
  U1333/ZN (NAND2_X4)                                   0.0869     1.6332 f
  U12176/ZN (OR2_X1)                                    0.0858     1.7190 f
  U10755/ZN (NAND3_X1)                                  0.0316     1.7506 r
  DP_i_fetch_i_pc_i_Y_reg_2_/D (DFF_X2)                 0.0109     1.7615 r
  data arrival time                                                1.7615

  clock CLK (rise edge)                                 1.3500     1.3500
  clock network delay (ideal)                           0.0500     1.4000
  clock uncertainty                                    -0.0500     1.3500
  DP_i_fetch_i_pc_i_Y_reg_2_/CK (DFF_X2)                0.0000     1.3500 r
  library setup time                                   -0.0269     1.3231
  data required time                                               1.3231
  --------------------------------------------------------------------------
  data required time                                               1.3231
  data arrival time                                               -1.7615
  --------------------------------------------------------------------------
  slack (VIOLATED)                                                -0.4384


1
