 
****************************************
Report : timing
        -path full
        -delay max
        -nworst 2
        -group REG2REG
        -max_paths 10
Design : DLX
Version: W-2024.09-SP2
Date   : Mon Sep 28 16:46:56 2026
****************************************

Operating Conditions: typical   Library: NangateOpenCellLibrary
Wire Load Model Mode: top

  Startpoint: DP_i/execute_i_rd_out_reg_i_Y_reg_4_
              (rising edge-triggered flip-flop clocked by CLK)
  Endpoint: DP_i/execute_i_alu_out_reg_i_Y_reg_0_
            (rising edge-triggered flip-flop clocked by CLK)
  Path Group: REG2REG
  Path Type: max

  Des/Clust/Port     Wire Load Model       Library
  ------------------------------------------------
  DLX                5K_hvratio_1_4        NangateOpenCellLibrary

  Point                                                   Incr       Path
  --------------------------------------------------------------------------
  clock CLK (rise edge)                                 0.0000     0.0000
  clock network delay (ideal)                           0.0500     0.0500
  DP_i/execute_i_rd_out_reg_i_Y_reg_4_/CK (DFF_X1)      0.0000     0.0500 r
  DP_i/execute_i_rd_out_reg_i_Y_reg_4_/Q (DFF_X1)       0.1234     0.1734 r
  DP_i/rd_ex_mem_4_ (DataPath)                          0.0000     0.1734 r
  U1064/ZN (INV_X1)                                     0.0468     0.2203 f
  U1073/ZN (AOI22_X1)                                   0.0634     0.2837 r
  U1074/ZN (OAI221_X1)                                  0.0505     0.3342 f
  U1077/ZN (NOR3_X1)                                    0.0586     0.3927 r
  U1078/Z (BUF_X1)                                      0.1245     0.5173 r
  DP_i/fw_ex_ex_rs2 (DataPath)                          0.0000     0.5173 r
  DP_i/U235/ZN (INV_X1)                                 0.0938     0.6111 f
  DP_i/U36/ZN (INV_X1)                                  0.1222     0.7333 r
  DP_i/U236/ZN (NOR2_X1)                                0.0526     0.7859 f
  DP_i/U17/Z (BUF_X2)                                   0.0915     0.8774 f
  DP_i/U1032/ZN (AOI22_X1)                              0.0944     0.9718 r
  DP_i/U1033/ZN (OAI21_X1)                              0.0475     1.0194 f
  DP_i/U117/Z (MUX2_X2)                                 0.1369     1.1562 f
  DP_i/U1035/ZN (INV_X1)                                0.1530     1.3093 r
  DP_i/U5780/ZN (NOR2_X1)                               0.0609     1.3702 f
  DP_i/U5781/ZN (INV_X1)                                0.0449     1.4151 r
  DP_i/U5782/ZN (OAI21_X1)                              0.0393     1.4544 f
  DP_i/U6067/CO (FA_X1)                                 0.1042     1.5586 f
  DP_i/U5785/ZN (NAND2_X1)                              0.0393     1.5979 r
  DP_i/U5787/ZN (NAND2_X1)                              0.0313     1.6293 f
  DP_i/U5789/ZN (OAI21_X1)                              0.0690     1.6982 r
  DP_i/U5800/ZN (NOR3_X1)                               0.0384     1.7367 f
  DP_i/U5859/Z (XOR2_X1)                                0.0607     1.7973 r
  DP_i/U5860/ZN (INV_X1)                                0.0314     1.8288 f
  DP_i/U5861/ZN (AOI21_X1)                              0.0565     1.8853 r
  DP_i/U5865/ZN (AOI221_X1)                             0.0493     1.9345 f
  DP_i/U5867/ZN (NOR2_X1)                               0.0517     1.9862 r
  DP_i/U5869/ZN (AND2_X1)                               0.0499     2.0361 r
  DP_i/U5965/CO (FA_X1)                                 0.0641     2.1002 r
  DP_i/U5870/ZN (OR2_X1)                                0.0379     2.1382 r
  DP_i/U5964/CO (FA_X1)                                 0.0777     2.2159 r
  DP_i/U5874/ZN (AND3_X1)                               0.0602     2.2760 r
  DP_i/U5969/CO (FA_X1)                                 0.0672     2.3433 r
  DP_i/U5875/ZN (NOR2_X1)                               0.0271     2.3704 f
  DP_i/U5967/CO (FA_X1)                                 0.0960     2.4664 f
  DP_i/U5877/ZN (NOR2_X1)                               0.0499     2.5162 r
  DP_i/U5878/ZN (AND2_X1)                               0.0504     2.5667 r
  DP_i/U5966/CO (FA_X1)                                 0.0666     2.6333 r
  DP_i/U5879/ZN (NOR2_X1)                               0.0274     2.6607 f
  DP_i/U5968/CO (FA_X1)                                 0.0958     2.7565 f
  DP_i/U5881/ZN (NOR2_X1)                               0.0490     2.8055 r
  DP_i/U5884/ZN (NAND3_X1)                              0.0459     2.8514 f
  DP_i/U5886/ZN (AOI21_X1)                              0.0718     2.9232 r
  DP_i/U5891/ZN (AND3_X1)                               0.0683     2.9915 r
  DP_i/U5894/ZN (NAND2_X1)                              0.0303     3.0217 f
  DP_i/U5902/ZN (NAND2_X1)                              0.0371     3.0588 r
  DP_i/U5903/ZN (INV_X1)                                0.0261     3.0849 f
  DP_i/U5905/ZN (OAI21_X1)                              0.0598     3.1447 r
  DP_i/U5906/ZN (NAND2_X1)                              0.0378     3.1825 f
  DP_i/U5909/ZN (NOR2_X1)                               0.0680     3.2504 r
  DP_i/U5978/ZN (NAND2_X1)                              0.0395     3.2899 f
  DP_i/U5982/ZN (XNOR2_X1)                              0.0772     3.3671 r
  DP_i/U5984/ZN (NAND4_X1)                              0.0654     3.4325 f
  DP_i/U5987/ZN (INV_X1)                                0.0416     3.4741 r
  DP_i/U5988/ZN (NAND2_X1)                              0.0358     3.5099 f
  DP_i/U5991/ZN (OAI21_X1)                              0.0441     3.5540 r
  DP_i/U5992/ZN (OAI21_X1)                              0.0373     3.5912 f
  DP_i/U5993/ZN (AOI211_X1)                             0.0801     3.6713 r
  DP_i/U5997/ZN (AOI21_X1)                              0.0358     3.7071 f
  DP_i/U5998/ZN (OAI21_X1)                              0.0356     3.7427 r
  DP_i/U6047/ZN (AOI211_X1)                             0.0335     3.7762 f
  DP_i/U4067/ZN (AOI21_X1)                              0.0444     3.8206 r
  DP_i/execute_i_alu_out_reg_i_Y_reg_0_/D (DFF_X1)      0.0110     3.8316 r
  data arrival time                                                3.8316

  clock CLK (rise edge)                                 4.0000     4.0000
  clock network delay (ideal)                           0.0500     4.0500
  clock uncertainty                                    -0.0500     4.0000
  DP_i/execute_i_alu_out_reg_i_Y_reg_0_/CK (DFF_X1)     0.0000     4.0000 r
  library setup time                                   -0.0293     3.9707
  data required time                                               3.9707
  --------------------------------------------------------------------------
  data required time                                               3.9707
  data arrival time                                               -3.8316
  --------------------------------------------------------------------------
  slack (MET)                                                      0.1391


  Startpoint: DP_i/execute_i_rd_out_reg_i_Y_reg_4_
              (rising edge-triggered flip-flop clocked by CLK)
  Endpoint: DP_i/execute_i_alu_out_reg_i_Y_reg_0_
            (rising edge-triggered flip-flop clocked by CLK)
  Path Group: REG2REG
  Path Type: max

  Des/Clust/Port     Wire Load Model       Library
  ------------------------------------------------
  DLX                5K_hvratio_1_4        NangateOpenCellLibrary

  Point                                                   Incr       Path
  --------------------------------------------------------------------------
  clock CLK (rise edge)                                 0.0000     0.0000
  clock network delay (ideal)                           0.0500     0.0500
  DP_i/execute_i_rd_out_reg_i_Y_reg_4_/CK (DFF_X1)      0.0000     0.0500 r
  DP_i/execute_i_rd_out_reg_i_Y_reg_4_/Q (DFF_X1)       0.1234     0.1734 r
  DP_i/rd_ex_mem_4_ (DataPath)                          0.0000     0.1734 r
  U1064/ZN (INV_X1)                                     0.0468     0.2203 f
  U1073/ZN (AOI22_X1)                                   0.0634     0.2837 r
  U1074/ZN (OAI221_X1)                                  0.0505     0.3342 f
  U1077/ZN (NOR3_X1)                                    0.0586     0.3927 r
  U1078/Z (BUF_X1)                                      0.1245     0.5173 r
  DP_i/fw_ex_ex_rs2 (DataPath)                          0.0000     0.5173 r
  DP_i/U235/ZN (INV_X1)                                 0.0938     0.6111 f
  DP_i/U36/ZN (INV_X1)                                  0.1222     0.7333 r
  DP_i/U236/ZN (NOR2_X1)                                0.0526     0.7859 f
  DP_i/U17/Z (BUF_X2)                                   0.0915     0.8774 f
  DP_i/U1032/ZN (AOI22_X1)                              0.0944     0.9718 r
  DP_i/U1033/ZN (OAI21_X1)                              0.0475     1.0194 f
  DP_i/U117/Z (MUX2_X2)                                 0.1369     1.1562 f
  DP_i/U1035/ZN (INV_X1)                                0.1530     1.3093 r
  DP_i/U5780/ZN (NOR2_X1)                               0.0609     1.3702 f
  DP_i/U5781/ZN (INV_X1)                                0.0449     1.4151 r
  DP_i/U5782/ZN (OAI21_X1)                              0.0393     1.4544 f
  DP_i/U6067/CO (FA_X1)                                 0.1042     1.5586 f
  DP_i/U5785/ZN (NAND2_X1)                              0.0393     1.5979 r
  DP_i/U5787/ZN (NAND2_X1)                              0.0313     1.6293 f
  DP_i/U5789/ZN (OAI21_X1)                              0.0690     1.6982 r
  DP_i/U5800/ZN (NOR3_X1)                               0.0384     1.7367 f
  DP_i/U5859/Z (XOR2_X1)                                0.0607     1.7973 r
  DP_i/U5860/ZN (INV_X1)                                0.0314     1.8288 f
  DP_i/U5861/ZN (AOI21_X1)                              0.0565     1.8853 r
  DP_i/U5865/ZN (AOI221_X1)                             0.0493     1.9345 f
  DP_i/U5867/ZN (NOR2_X1)                               0.0517     1.9862 r
  DP_i/U5869/ZN (AND2_X1)                               0.0499     2.0361 r
  DP_i/U5965/CO (FA_X1)                                 0.0641     2.1002 r
  DP_i/U5870/ZN (OR2_X1)                                0.0379     2.1382 r
  DP_i/U5964/CO (FA_X1)                                 0.0777     2.2159 r
  DP_i/U5874/ZN (AND3_X1)                               0.0602     2.2760 r
  DP_i/U5969/CO (FA_X1)                                 0.0672     2.3433 r
  DP_i/U5875/ZN (NOR2_X1)                               0.0271     2.3704 f
  DP_i/U5967/CO (FA_X1)                                 0.0960     2.4664 f
  DP_i/U5877/ZN (NOR2_X1)                               0.0499     2.5162 r
  DP_i/U5878/ZN (AND2_X1)                               0.0504     2.5667 r
  DP_i/U5966/CO (FA_X1)                                 0.0666     2.6333 r
  DP_i/U5879/ZN (NOR2_X1)                               0.0274     2.6607 f
  DP_i/U5968/CO (FA_X1)                                 0.0958     2.7565 f
  DP_i/U5881/ZN (NOR2_X1)                               0.0490     2.8055 r
  DP_i/U5884/ZN (NAND3_X1)                              0.0459     2.8514 f
  DP_i/U5886/ZN (AOI21_X1)                              0.0718     2.9232 r
  DP_i/U5891/ZN (AND3_X1)                               0.0683     2.9915 r
  DP_i/U5894/ZN (NAND2_X1)                              0.0303     3.0217 f
  DP_i/U5902/ZN (NAND2_X1)                              0.0371     3.0588 r
  DP_i/U5903/ZN (INV_X1)                                0.0261     3.0849 f
  DP_i/U5905/ZN (OAI21_X1)                              0.0598     3.1447 r
  DP_i/U5906/ZN (NAND2_X1)                              0.0378     3.1825 f
  DP_i/U5909/ZN (NOR2_X1)                               0.0680     3.2504 r
  DP_i/U5978/ZN (NAND2_X1)                              0.0395     3.2899 f
  DP_i/U5982/ZN (XNOR2_X1)                              0.0681     3.3580 f
  DP_i/U5989/ZN (OR2_X1)                                0.0618     3.4198 f
  DP_i/U5990/ZN (AOI221_X1)                             0.1103     3.5301 r
  DP_i/U5991/ZN (OAI21_X1)                              0.0374     3.5675 f
  DP_i/U5992/ZN (OAI21_X1)                              0.0390     3.6065 r
  DP_i/U5993/ZN (AOI211_X1)                             0.0318     3.6383 f
  DP_i/U5997/ZN (AOI21_X1)                              0.0521     3.6904 r
  DP_i/U5998/ZN (OAI21_X1)                              0.0369     3.7273 f
  DP_i/U6047/ZN (AOI211_X1)                             0.0613     3.7886 r
  DP_i/U4067/ZN (AOI21_X1)                              0.0343     3.8229 f
  DP_i/execute_i_alu_out_reg_i_Y_reg_0_/D (DFF_X1)      0.0104     3.8333 f
  data arrival time                                                3.8333

  clock CLK (rise edge)                                 4.0000     4.0000
  clock network delay (ideal)                           0.0500     4.0500
  clock uncertainty                                    -0.0500     4.0000
  DP_i/execute_i_alu_out_reg_i_Y_reg_0_/CK (DFF_X1)     0.0000     4.0000 r
  library setup time                                   -0.0272     3.9728
  data required time                                               3.9728
  --------------------------------------------------------------------------
  data required time                                               3.9728
  data arrival time                                               -3.8333
  --------------------------------------------------------------------------
  slack (MET)                                                      0.1395


  Startpoint: DP_i/fetch_i_IR_out_reg_26_
              (rising edge-triggered flip-flop clocked by CLK)
  Endpoint: DP_i/fetch_i_pc_i_Y_reg_12_
            (rising edge-triggered flip-flop clocked by CLK)
  Path Group: REG2REG
  Path Type: max

  Des/Clust/Port     Wire Load Model       Library
  ------------------------------------------------
  DLX                5K_hvratio_1_4        NangateOpenCellLibrary

  Point                                                   Incr       Path
  --------------------------------------------------------------------------
  clock CLK (rise edge)                                 0.0000     0.0000
  clock network delay (ideal)                           0.0500     0.0500
  DP_i/fetch_i_IR_out_reg_26_/CK (DFF_X1)               0.0000     0.0500 r
  DP_i/fetch_i_IR_out_reg_26_/Q (DFF_X1)                0.1904     0.2404 r
  DP_i/opcode_0_ (DataPath)                             0.0000     0.2404 r
  U804/ZN (INV_X1)                                      0.0839     0.3244 f
  U863/ZN (NAND3_X1)                                    0.0740     0.3984 r
  U792/ZN (NOR2_X1)                                     0.0441     0.4425 f
  U864/ZN (INV_X1)                                      0.0811     0.5236 r
  DP_i/RF2_BAR (DataPath)                               0.0000     0.5236 r
  DP_i/U1045/ZN (NAND2_X1)                              0.0968     0.6203 f
  DP_i/U1053/ZN (INV_X1)                                0.1391     0.7594 r
  DP_i/U1054/ZN (AOI22_X1)                              0.0761     0.8355 f
  DP_i/U1055/ZN (NAND2_X1)                              0.0439     0.8794 r
  DP_i/U1060/ZN (NAND3_X1)                              0.0391     0.9185 f
  DP_i/U1061/ZN (NOR2_X1)                               0.0524     0.9709 r
  DP_i/U1175/ZN (INV_X1)                                0.0308     1.0017 f
  DP_i/U1178/ZN (NOR2_X1)                               0.0547     1.0564 r
  DP_i/U1179/ZN (NAND2_X1)                              0.0361     1.0925 f
  DP_i/U1181/Z (XOR2_X1)                                0.0711     1.1637 f
  DP_i/U1182/Z (XOR2_X1)                                0.0653     1.2290 r
  DP_i/U1183/ZN (INV_X1)                                0.0316     1.2606 f
  DP_i/U1199/ZN (AOI21_X1)                              0.0750     1.3356 r
  DP_i/U1234/ZN (NAND2_X1)                              0.0414     1.3770 f
  DP_i/U1237/ZN (XNOR2_X1)                              0.0535     1.4305 r
  DP_i/U1238/Z (XOR2_X1)                                0.0809     1.5114 r
  DP_i/U1662/ZN (INV_X1)                                0.0316     1.5430 f
  DP_i/U1664/ZN (AOI21_X1)                              0.0563     1.5993 r
  DP_i/U1678/ZN (NAND2_X1)                              0.0400     1.6393 f
  DP_i/U1687/ZN (NOR2_X1)                               0.0570     1.6963 r
  DP_i/U1723/ZN (NAND2_X1)                              0.0361     1.7324 f
  DP_i/U1725/Z (XOR2_X1)                                0.0711     1.8036 f
  DP_i/U1726/Z (XOR2_X1)                                0.0806     1.8842 f
  DP_i/U3453/ZN (INV_X1)                                0.0362     1.9204 r
  DP_i/U3466/ZN (AOI21_X1)                              0.0383     1.9587 f
  DP_i/U3476/ZN (AND2_X1)                               0.0471     2.0058 f
  DP_i/U3484/ZN (AND2_X1)                               0.0397     2.0455 f
  DP_i/U3488/ZN (XNOR2_X1)                              0.0607     2.1062 f
  DP_i/U3493/ZN (AOI21_X1)                              0.0623     2.1685 r
  DP_i/U3497/ZN (NAND2_X1)                              0.0401     2.2085 f
  DP_i/U4007/ZN (NOR2_X1)                               0.0515     2.2600 r
  DP_i/U4013/ZN (AND2_X1)                               0.0494     2.3095 r
  DP_i/U4018/ZN (XNOR2_X1)                              0.0394     2.3489 f
  DP_i/U4022/ZN (AOI21_X1)                              0.0629     2.4118 r
  DP_i/U4029/ZN (NOR2_X1)                               0.0279     2.4397 f
  DP_i/U4030/ZN (NOR2_X1)                               0.0599     2.4996 r
  DP_i/U4036/ZN (NAND2_X1)                              0.0536     2.5532 f
  DP_i/U4762/ZN (NAND3_X1)                              0.0436     2.5968 r
  DP_i/U4763/ZN (OAI21_X1)                              0.0366     2.6333 f
  DP_i/U4764/ZN (XNOR2_X1)                              0.0658     2.6991 f
  DP_i/U4766/ZN (AOI22_X1)                              0.0902     2.7893 r
  DP_i/U4767/ZN (OAI22_X1)                              0.0480     2.8373 f
  DP_i/U4768/ZN (INV_X1)                                0.0488     2.8861 r
  DP_i/U4818/ZN (OAI22_X1)                              0.0382     2.9244 f
  DP_i/U4819/ZN (AOI221_X1)                             0.0881     3.0125 r
  DP_i/U4822/ZN (NAND4_X1)                              0.0487     3.0612 f
  DP_i/U4823/ZN (AND3_X1)                               0.0579     3.1191 f
  DP_i/U5263/ZN (NOR3_X1)                               0.1548     3.2739 r
  DP_i/U5264/Z (BUF_X1)                                 0.1878     3.4617 r
  DP_i/U3104/ZN (AOI22_X1)                              0.0755     3.5373 f
  DP_i/U3105/ZN (OAI211_X1)                             0.0525     3.5897 r
  DP_i/fetch_i_pc_i_Y_reg_12_/D (DFF_X1)                0.0110     3.6007 r
  data arrival time                                                3.6007

  clock CLK (rise edge)                                 4.0000     4.0000
  clock network delay (ideal)                           0.0500     4.0500
  clock uncertainty                                    -0.0500     4.0000
  DP_i/fetch_i_pc_i_Y_reg_12_/CK (DFF_X1)               0.0000     4.0000 r
  library setup time                                   -0.0324     3.9676
  data required time                                               3.9676
  --------------------------------------------------------------------------
  data required time                                               3.9676
  data arrival time                                               -3.6007
  --------------------------------------------------------------------------
  slack (MET)                                                      0.3669


  Startpoint: DP_i/fetch_i_IR_out_reg_26_
              (rising edge-triggered flip-flop clocked by CLK)
  Endpoint: DP_i/fetch_i_pc_i_Y_reg_1_
            (rising edge-triggered flip-flop clocked by CLK)
  Path Group: REG2REG
  Path Type: max

  Des/Clust/Port     Wire Load Model       Library
  ------------------------------------------------
  DLX                5K_hvratio_1_4        NangateOpenCellLibrary

  Point                                                   Incr       Path
  --------------------------------------------------------------------------
  clock CLK (rise edge)                                 0.0000     0.0000
  clock network delay (ideal)                           0.0500     0.0500
  DP_i/fetch_i_IR_out_reg_26_/CK (DFF_X1)               0.0000     0.0500 r
  DP_i/fetch_i_IR_out_reg_26_/Q (DFF_X1)                0.1904     0.2404 r
  DP_i/opcode_0_ (DataPath)                             0.0000     0.2404 r
  U804/ZN (INV_X1)                                      0.0839     0.3244 f
  U863/ZN (NAND3_X1)                                    0.0740     0.3984 r
  U792/ZN (NOR2_X1)                                     0.0441     0.4425 f
  U864/ZN (INV_X1)                                      0.0811     0.5236 r
  DP_i/RF2_BAR (DataPath)                               0.0000     0.5236 r
  DP_i/U1045/ZN (NAND2_X1)                              0.0968     0.6203 f
  DP_i/U1053/ZN (INV_X1)                                0.1391     0.7594 r
  DP_i/U1054/ZN (AOI22_X1)                              0.0761     0.8355 f
  DP_i/U1055/ZN (NAND2_X1)                              0.0439     0.8794 r
  DP_i/U1060/ZN (NAND3_X1)                              0.0391     0.9185 f
  DP_i/U1061/ZN (NOR2_X1)                               0.0524     0.9709 r
  DP_i/U1175/ZN (INV_X1)                                0.0308     1.0017 f
  DP_i/U1178/ZN (NOR2_X1)                               0.0547     1.0564 r
  DP_i/U1179/ZN (NAND2_X1)                              0.0361     1.0925 f
  DP_i/U1181/Z (XOR2_X1)                                0.0711     1.1637 f
  DP_i/U1182/Z (XOR2_X1)                                0.0653     1.2290 r
  DP_i/U1183/ZN (INV_X1)                                0.0316     1.2606 f
  DP_i/U1199/ZN (AOI21_X1)                              0.0750     1.3356 r
  DP_i/U1234/ZN (NAND2_X1)                              0.0414     1.3770 f
  DP_i/U1237/ZN (XNOR2_X1)                              0.0535     1.4305 r
  DP_i/U1238/Z (XOR2_X1)                                0.0809     1.5114 r
  DP_i/U1662/ZN (INV_X1)                                0.0316     1.5430 f
  DP_i/U1664/ZN (AOI21_X1)                              0.0563     1.5993 r
  DP_i/U1678/ZN (NAND2_X1)                              0.0400     1.6393 f
  DP_i/U1687/ZN (NOR2_X1)                               0.0570     1.6963 r
  DP_i/U1723/ZN (NAND2_X1)                              0.0361     1.7324 f
  DP_i/U1725/Z (XOR2_X1)                                0.0711     1.8036 f
  DP_i/U1726/Z (XOR2_X1)                                0.0806     1.8842 f
  DP_i/U3453/ZN (INV_X1)                                0.0362     1.9204 r
  DP_i/U3466/ZN (AOI21_X1)                              0.0383     1.9587 f
  DP_i/U3476/ZN (AND2_X1)                               0.0471     2.0058 f
  DP_i/U3484/ZN (AND2_X1)                               0.0397     2.0455 f
  DP_i/U3488/ZN (XNOR2_X1)                              0.0607     2.1062 f
  DP_i/U3493/ZN (AOI21_X1)                              0.0623     2.1685 r
  DP_i/U3497/ZN (NAND2_X1)                              0.0401     2.2085 f
  DP_i/U4007/ZN (NOR2_X1)                               0.0515     2.2600 r
  DP_i/U4013/ZN (AND2_X1)                               0.0494     2.3095 r
  DP_i/U4018/ZN (XNOR2_X1)                              0.0394     2.3489 f
  DP_i/U4022/ZN (AOI21_X1)                              0.0629     2.4118 r
  DP_i/U4029/ZN (NOR2_X1)                               0.0279     2.4397 f
  DP_i/U4030/ZN (NOR2_X1)                               0.0599     2.4996 r
  DP_i/U4036/ZN (NAND2_X1)                              0.0536     2.5532 f
  DP_i/U4762/ZN (NAND3_X1)                              0.0436     2.5968 r
  DP_i/U4763/ZN (OAI21_X1)                              0.0366     2.6333 f
  DP_i/U4764/ZN (XNOR2_X1)                              0.0658     2.6991 f
  DP_i/U4766/ZN (AOI22_X1)                              0.0902     2.7893 r
  DP_i/U4767/ZN (OAI22_X1)                              0.0480     2.8373 f
  DP_i/U4768/ZN (INV_X1)                                0.0488     2.8861 r
  DP_i/U4818/ZN (OAI22_X1)                              0.0382     2.9244 f
  DP_i/U4819/ZN (AOI221_X1)                             0.0881     3.0125 r
  DP_i/U4822/ZN (NAND4_X1)                              0.0487     3.0612 f
  DP_i/U4823/ZN (AND3_X1)                               0.0579     3.1191 f
  DP_i/U5263/ZN (NOR3_X1)                               0.1548     3.2739 r
  DP_i/U5264/Z (BUF_X1)                                 0.1878     3.4617 r
  DP_i/U3157/ZN (AOI22_X1)                              0.0755     3.5373 f
  DP_i/U3158/ZN (OAI211_X1)                             0.0525     3.5897 r
  DP_i/fetch_i_pc_i_Y_reg_1_/D (DFF_X1)                 0.0110     3.6007 r
  data arrival time                                                3.6007

  clock CLK (rise edge)                                 4.0000     4.0000
  clock network delay (ideal)                           0.0500     4.0500
  clock uncertainty                                    -0.0500     4.0000
  DP_i/fetch_i_pc_i_Y_reg_1_/CK (DFF_X1)                0.0000     4.0000 r
  library setup time                                   -0.0324     3.9676
  data required time                                               3.9676
  --------------------------------------------------------------------------
  data required time                                               3.9676
  data arrival time                                               -3.6007
  --------------------------------------------------------------------------
  slack (MET)                                                      0.3669


  Startpoint: DP_i/fetch_i_IR_out_reg_26_
              (rising edge-triggered flip-flop clocked by CLK)
  Endpoint: DP_i/fetch_i_pc_i_Y_reg_2_
            (rising edge-triggered flip-flop clocked by CLK)
  Path Group: REG2REG
  Path Type: max

  Des/Clust/Port     Wire Load Model       Library
  ------------------------------------------------
  DLX                5K_hvratio_1_4        NangateOpenCellLibrary

  Point                                                   Incr       Path
  --------------------------------------------------------------------------
  clock CLK (rise edge)                                 0.0000     0.0000
  clock network delay (ideal)                           0.0500     0.0500
  DP_i/fetch_i_IR_out_reg_26_/CK (DFF_X1)               0.0000     0.0500 r
  DP_i/fetch_i_IR_out_reg_26_/Q (DFF_X1)                0.1904     0.2404 r
  DP_i/opcode_0_ (DataPath)                             0.0000     0.2404 r
  U804/ZN (INV_X1)                                      0.0839     0.3244 f
  U863/ZN (NAND3_X1)                                    0.0740     0.3984 r
  U792/ZN (NOR2_X1)                                     0.0441     0.4425 f
  U864/ZN (INV_X1)                                      0.0811     0.5236 r
  DP_i/RF2_BAR (DataPath)                               0.0000     0.5236 r
  DP_i/U1045/ZN (NAND2_X1)                              0.0968     0.6203 f
  DP_i/U1053/ZN (INV_X1)                                0.1391     0.7594 r
  DP_i/U1054/ZN (AOI22_X1)                              0.0761     0.8355 f
  DP_i/U1055/ZN (NAND2_X1)                              0.0439     0.8794 r
  DP_i/U1060/ZN (NAND3_X1)                              0.0391     0.9185 f
  DP_i/U1061/ZN (NOR2_X1)                               0.0524     0.9709 r
  DP_i/U1175/ZN (INV_X1)                                0.0308     1.0017 f
  DP_i/U1178/ZN (NOR2_X1)                               0.0547     1.0564 r
  DP_i/U1179/ZN (NAND2_X1)                              0.0361     1.0925 f
  DP_i/U1181/Z (XOR2_X1)                                0.0711     1.1637 f
  DP_i/U1182/Z (XOR2_X1)                                0.0653     1.2290 r
  DP_i/U1183/ZN (INV_X1)                                0.0316     1.2606 f
  DP_i/U1199/ZN (AOI21_X1)                              0.0750     1.3356 r
  DP_i/U1234/ZN (NAND2_X1)                              0.0414     1.3770 f
  DP_i/U1237/ZN (XNOR2_X1)                              0.0535     1.4305 r
  DP_i/U1238/Z (XOR2_X1)                                0.0809     1.5114 r
  DP_i/U1662/ZN (INV_X1)                                0.0316     1.5430 f
  DP_i/U1664/ZN (AOI21_X1)                              0.0563     1.5993 r
  DP_i/U1678/ZN (NAND2_X1)                              0.0400     1.6393 f
  DP_i/U1687/ZN (NOR2_X1)                               0.0570     1.6963 r
  DP_i/U1723/ZN (NAND2_X1)                              0.0361     1.7324 f
  DP_i/U1725/Z (XOR2_X1)                                0.0711     1.8036 f
  DP_i/U1726/Z (XOR2_X1)                                0.0806     1.8842 f
  DP_i/U3453/ZN (INV_X1)                                0.0362     1.9204 r
  DP_i/U3466/ZN (AOI21_X1)                              0.0383     1.9587 f
  DP_i/U3476/ZN (AND2_X1)                               0.0471     2.0058 f
  DP_i/U3484/ZN (AND2_X1)                               0.0397     2.0455 f
  DP_i/U3488/ZN (XNOR2_X1)                              0.0607     2.1062 f
  DP_i/U3493/ZN (AOI21_X1)                              0.0623     2.1685 r
  DP_i/U3497/ZN (NAND2_X1)                              0.0401     2.2085 f
  DP_i/U4007/ZN (NOR2_X1)                               0.0515     2.2600 r
  DP_i/U4013/ZN (AND2_X1)                               0.0494     2.3095 r
  DP_i/U4018/ZN (XNOR2_X1)                              0.0394     2.3489 f
  DP_i/U4022/ZN (AOI21_X1)                              0.0629     2.4118 r
  DP_i/U4029/ZN (NOR2_X1)                               0.0279     2.4397 f
  DP_i/U4030/ZN (NOR2_X1)                               0.0599     2.4996 r
  DP_i/U4036/ZN (NAND2_X1)                              0.0536     2.5532 f
  DP_i/U4762/ZN (NAND3_X1)                              0.0436     2.5968 r
  DP_i/U4763/ZN (OAI21_X1)                              0.0366     2.6333 f
  DP_i/U4764/ZN (XNOR2_X1)                              0.0658     2.6991 f
  DP_i/U4766/ZN (AOI22_X1)                              0.0902     2.7893 r
  DP_i/U4767/ZN (OAI22_X1)                              0.0480     2.8373 f
  DP_i/U4768/ZN (INV_X1)                                0.0488     2.8861 r
  DP_i/U4818/ZN (OAI22_X1)                              0.0382     2.9244 f
  DP_i/U4819/ZN (AOI221_X1)                             0.0881     3.0125 r
  DP_i/U4822/ZN (NAND4_X1)                              0.0487     3.0612 f
  DP_i/U4823/ZN (AND3_X1)                               0.0579     3.1191 f
  DP_i/U5263/ZN (NOR3_X1)                               0.1548     3.2739 r
  DP_i/U5264/Z (BUF_X1)                                 0.1878     3.4617 r
  DP_i/U3153/ZN (AOI22_X1)                              0.0755     3.5373 f
  DP_i/U3154/ZN (OAI211_X1)                             0.0525     3.5897 r
  DP_i/fetch_i_pc_i_Y_reg_2_/D (DFF_X1)                 0.0110     3.6007 r
  data arrival time                                                3.6007

  clock CLK (rise edge)                                 4.0000     4.0000
  clock network delay (ideal)                           0.0500     4.0500
  clock uncertainty                                    -0.0500     4.0000
  DP_i/fetch_i_pc_i_Y_reg_2_/CK (DFF_X1)                0.0000     4.0000 r
  library setup time                                   -0.0324     3.9676
  data required time                                               3.9676
  --------------------------------------------------------------------------
  data required time                                               3.9676
  data arrival time                                               -3.6007
  --------------------------------------------------------------------------
  slack (MET)                                                      0.3669


  Startpoint: DP_i/fetch_i_IR_out_reg_26_
              (rising edge-triggered flip-flop clocked by CLK)
  Endpoint: DP_i/fetch_i_pc_i_Y_reg_0_
            (rising edge-triggered flip-flop clocked by CLK)
  Path Group: REG2REG
  Path Type: max

  Des/Clust/Port     Wire Load Model       Library
  ------------------------------------------------
  DLX                5K_hvratio_1_4        NangateOpenCellLibrary

  Point                                                   Incr       Path
  --------------------------------------------------------------------------
  clock CLK (rise edge)                                 0.0000     0.0000
  clock network delay (ideal)                           0.0500     0.0500
  DP_i/fetch_i_IR_out_reg_26_/CK (DFF_X1)               0.0000     0.0500 r
  DP_i/fetch_i_IR_out_reg_26_/Q (DFF_X1)                0.1904     0.2404 r
  DP_i/opcode_0_ (DataPath)                             0.0000     0.2404 r
  U804/ZN (INV_X1)                                      0.0839     0.3244 f
  U863/ZN (NAND3_X1)                                    0.0740     0.3984 r
  U792/ZN (NOR2_X1)                                     0.0441     0.4425 f
  U864/ZN (INV_X1)                                      0.0811     0.5236 r
  DP_i/RF2_BAR (DataPath)                               0.0000     0.5236 r
  DP_i/U1045/ZN (NAND2_X1)                              0.0968     0.6203 f
  DP_i/U1053/ZN (INV_X1)                                0.1391     0.7594 r
  DP_i/U1054/ZN (AOI22_X1)                              0.0761     0.8355 f
  DP_i/U1055/ZN (NAND2_X1)                              0.0439     0.8794 r
  DP_i/U1060/ZN (NAND3_X1)                              0.0391     0.9185 f
  DP_i/U1061/ZN (NOR2_X1)                               0.0524     0.9709 r
  DP_i/U1175/ZN (INV_X1)                                0.0308     1.0017 f
  DP_i/U1178/ZN (NOR2_X1)                               0.0547     1.0564 r
  DP_i/U1179/ZN (NAND2_X1)                              0.0361     1.0925 f
  DP_i/U1181/Z (XOR2_X1)                                0.0711     1.1637 f
  DP_i/U1182/Z (XOR2_X1)                                0.0653     1.2290 r
  DP_i/U1183/ZN (INV_X1)                                0.0316     1.2606 f
  DP_i/U1199/ZN (AOI21_X1)                              0.0750     1.3356 r
  DP_i/U1234/ZN (NAND2_X1)                              0.0414     1.3770 f
  DP_i/U1237/ZN (XNOR2_X1)                              0.0535     1.4305 r
  DP_i/U1238/Z (XOR2_X1)                                0.0809     1.5114 r
  DP_i/U1662/ZN (INV_X1)                                0.0316     1.5430 f
  DP_i/U1664/ZN (AOI21_X1)                              0.0563     1.5993 r
  DP_i/U1678/ZN (NAND2_X1)                              0.0400     1.6393 f
  DP_i/U1687/ZN (NOR2_X1)                               0.0570     1.6963 r
  DP_i/U1723/ZN (NAND2_X1)                              0.0361     1.7324 f
  DP_i/U1725/Z (XOR2_X1)                                0.0711     1.8036 f
  DP_i/U1726/Z (XOR2_X1)                                0.0806     1.8842 f
  DP_i/U3453/ZN (INV_X1)                                0.0362     1.9204 r
  DP_i/U3466/ZN (AOI21_X1)                              0.0383     1.9587 f
  DP_i/U3476/ZN (AND2_X1)                               0.0471     2.0058 f
  DP_i/U3484/ZN (AND2_X1)                               0.0397     2.0455 f
  DP_i/U3488/ZN (XNOR2_X1)                              0.0607     2.1062 f
  DP_i/U3493/ZN (AOI21_X1)                              0.0623     2.1685 r
  DP_i/U3497/ZN (NAND2_X1)                              0.0401     2.2085 f
  DP_i/U4007/ZN (NOR2_X1)                               0.0515     2.2600 r
  DP_i/U4013/ZN (AND2_X1)                               0.0494     2.3095 r
  DP_i/U4018/ZN (XNOR2_X1)                              0.0394     2.3489 f
  DP_i/U4022/ZN (AOI21_X1)                              0.0629     2.4118 r
  DP_i/U4029/ZN (NOR2_X1)                               0.0279     2.4397 f
  DP_i/U4030/ZN (NOR2_X1)                               0.0599     2.4996 r
  DP_i/U4036/ZN (NAND2_X1)                              0.0536     2.5532 f
  DP_i/U4762/ZN (NAND3_X1)                              0.0436     2.5968 r
  DP_i/U4763/ZN (OAI21_X1)                              0.0366     2.6333 f
  DP_i/U4764/ZN (XNOR2_X1)                              0.0658     2.6991 f
  DP_i/U4766/ZN (AOI22_X1)                              0.0902     2.7893 r
  DP_i/U4767/ZN (OAI22_X1)                              0.0480     2.8373 f
  DP_i/U4768/ZN (INV_X1)                                0.0488     2.8861 r
  DP_i/U4818/ZN (OAI22_X1)                              0.0382     2.9244 f
  DP_i/U4819/ZN (AOI221_X1)                             0.0881     3.0125 r
  DP_i/U4822/ZN (NAND4_X1)                              0.0487     3.0612 f
  DP_i/U4823/ZN (AND3_X1)                               0.0579     3.1191 f
  DP_i/U5263/ZN (NOR3_X1)                               0.1548     3.2739 r
  DP_i/U5264/Z (BUF_X1)                                 0.1878     3.4617 r
  DP_i/U3162/ZN (AOI22_X1)                              0.0755     3.5373 f
  DP_i/U3163/ZN (OAI211_X1)                             0.0525     3.5897 r
  DP_i/fetch_i_pc_i_Y_reg_0_/D (DFF_X1)                 0.0110     3.6007 r
  data arrival time                                                3.6007

  clock CLK (rise edge)                                 4.0000     4.0000
  clock network delay (ideal)                           0.0500     4.0500
  clock uncertainty                                    -0.0500     4.0000
  DP_i/fetch_i_pc_i_Y_reg_0_/CK (DFF_X1)                0.0000     4.0000 r
  library setup time                                   -0.0324     3.9676
  data required time                                               3.9676
  --------------------------------------------------------------------------
  data required time                                               3.9676
  data arrival time                                               -3.6007
  --------------------------------------------------------------------------
  slack (MET)                                                      0.3669


  Startpoint: DP_i/fetch_i_IR_out_reg_26_
              (rising edge-triggered flip-flop clocked by CLK)
  Endpoint: DP_i/fetch_i_pc_i_Y_reg_8_
            (rising edge-triggered flip-flop clocked by CLK)
  Path Group: REG2REG
  Path Type: max

  Des/Clust/Port     Wire Load Model       Library
  ------------------------------------------------
  DLX                5K_hvratio_1_4        NangateOpenCellLibrary

  Point                                                   Incr       Path
  --------------------------------------------------------------------------
  clock CLK (rise edge)                                 0.0000     0.0000
  clock network delay (ideal)                           0.0500     0.0500
  DP_i/fetch_i_IR_out_reg_26_/CK (DFF_X1)               0.0000     0.0500 r
  DP_i/fetch_i_IR_out_reg_26_/Q (DFF_X1)                0.1904     0.2404 r
  DP_i/opcode_0_ (DataPath)                             0.0000     0.2404 r
  U804/ZN (INV_X1)                                      0.0839     0.3244 f
  U863/ZN (NAND3_X1)                                    0.0740     0.3984 r
  U792/ZN (NOR2_X1)                                     0.0441     0.4425 f
  U864/ZN (INV_X1)                                      0.0811     0.5236 r
  DP_i/RF2_BAR (DataPath)                               0.0000     0.5236 r
  DP_i/U1045/ZN (NAND2_X1)                              0.0968     0.6203 f
  DP_i/U1053/ZN (INV_X1)                                0.1391     0.7594 r
  DP_i/U1054/ZN (AOI22_X1)                              0.0761     0.8355 f
  DP_i/U1055/ZN (NAND2_X1)                              0.0439     0.8794 r
  DP_i/U1060/ZN (NAND3_X1)                              0.0391     0.9185 f
  DP_i/U1061/ZN (NOR2_X1)                               0.0524     0.9709 r
  DP_i/U1175/ZN (INV_X1)                                0.0308     1.0017 f
  DP_i/U1178/ZN (NOR2_X1)                               0.0547     1.0564 r
  DP_i/U1179/ZN (NAND2_X1)                              0.0361     1.0925 f
  DP_i/U1181/Z (XOR2_X1)                                0.0711     1.1637 f
  DP_i/U1182/Z (XOR2_X1)                                0.0653     1.2290 r
  DP_i/U1183/ZN (INV_X1)                                0.0316     1.2606 f
  DP_i/U1199/ZN (AOI21_X1)                              0.0750     1.3356 r
  DP_i/U1234/ZN (NAND2_X1)                              0.0414     1.3770 f
  DP_i/U1237/ZN (XNOR2_X1)                              0.0535     1.4305 r
  DP_i/U1238/Z (XOR2_X1)                                0.0809     1.5114 r
  DP_i/U1662/ZN (INV_X1)                                0.0316     1.5430 f
  DP_i/U1664/ZN (AOI21_X1)                              0.0563     1.5993 r
  DP_i/U1678/ZN (NAND2_X1)                              0.0400     1.6393 f
  DP_i/U1687/ZN (NOR2_X1)                               0.0570     1.6963 r
  DP_i/U1723/ZN (NAND2_X1)                              0.0361     1.7324 f
  DP_i/U1725/Z (XOR2_X1)                                0.0711     1.8036 f
  DP_i/U1726/Z (XOR2_X1)                                0.0806     1.8842 f
  DP_i/U3453/ZN (INV_X1)                                0.0362     1.9204 r
  DP_i/U3466/ZN (AOI21_X1)                              0.0383     1.9587 f
  DP_i/U3476/ZN (AND2_X1)                               0.0471     2.0058 f
  DP_i/U3484/ZN (AND2_X1)                               0.0397     2.0455 f
  DP_i/U3488/ZN (XNOR2_X1)                              0.0607     2.1062 f
  DP_i/U3493/ZN (AOI21_X1)                              0.0623     2.1685 r
  DP_i/U3497/ZN (NAND2_X1)                              0.0401     2.2085 f
  DP_i/U4007/ZN (NOR2_X1)                               0.0515     2.2600 r
  DP_i/U4013/ZN (AND2_X1)                               0.0494     2.3095 r
  DP_i/U4018/ZN (XNOR2_X1)                              0.0394     2.3489 f
  DP_i/U4022/ZN (AOI21_X1)                              0.0629     2.4118 r
  DP_i/U4029/ZN (NOR2_X1)                               0.0279     2.4397 f
  DP_i/U4030/ZN (NOR2_X1)                               0.0599     2.4996 r
  DP_i/U4036/ZN (NAND2_X1)                              0.0536     2.5532 f
  DP_i/U4762/ZN (NAND3_X1)                              0.0436     2.5968 r
  DP_i/U4763/ZN (OAI21_X1)                              0.0366     2.6333 f
  DP_i/U4764/ZN (XNOR2_X1)                              0.0658     2.6991 f
  DP_i/U4766/ZN (AOI22_X1)                              0.0902     2.7893 r
  DP_i/U4767/ZN (OAI22_X1)                              0.0480     2.8373 f
  DP_i/U4768/ZN (INV_X1)                                0.0488     2.8861 r
  DP_i/U4818/ZN (OAI22_X1)                              0.0382     2.9244 f
  DP_i/U4819/ZN (AOI221_X1)                             0.0881     3.0125 r
  DP_i/U4822/ZN (NAND4_X1)                              0.0487     3.0612 f
  DP_i/U4823/ZN (AND3_X1)                               0.0579     3.1191 f
  DP_i/U5263/ZN (NOR3_X1)                               0.1548     3.2739 r
  DP_i/U5264/Z (BUF_X1)                                 0.1878     3.4617 r
  DP_i/U3123/ZN (AOI22_X1)                              0.0755     3.5373 f
  DP_i/U3124/ZN (OAI211_X1)                             0.0525     3.5897 r
  DP_i/fetch_i_pc_i_Y_reg_8_/D (DFF_X1)                 0.0110     3.6007 r
  data arrival time                                                3.6007

  clock CLK (rise edge)                                 4.0000     4.0000
  clock network delay (ideal)                           0.0500     4.0500
  clock uncertainty                                    -0.0500     4.0000
  DP_i/fetch_i_pc_i_Y_reg_8_/CK (DFF_X1)                0.0000     4.0000 r
  library setup time                                   -0.0324     3.9676
  data required time                                               3.9676
  --------------------------------------------------------------------------
  data required time                                               3.9676
  data arrival time                                               -3.6007
  --------------------------------------------------------------------------
  slack (MET)                                                      0.3669


  Startpoint: DP_i/fetch_i_IR_out_reg_26_
              (rising edge-triggered flip-flop clocked by CLK)
  Endpoint: DP_i/fetch_i_pc_i_Y_reg_10_
            (rising edge-triggered flip-flop clocked by CLK)
  Path Group: REG2REG
  Path Type: max

  Des/Clust/Port     Wire Load Model       Library
  ------------------------------------------------
  DLX                5K_hvratio_1_4        NangateOpenCellLibrary

  Point                                                   Incr       Path
  --------------------------------------------------------------------------
  clock CLK (rise edge)                                 0.0000     0.0000
  clock network delay (ideal)                           0.0500     0.0500
  DP_i/fetch_i_IR_out_reg_26_/CK (DFF_X1)               0.0000     0.0500 r
  DP_i/fetch_i_IR_out_reg_26_/Q (DFF_X1)                0.1904     0.2404 r
  DP_i/opcode_0_ (DataPath)                             0.0000     0.2404 r
  U804/ZN (INV_X1)                                      0.0839     0.3244 f
  U863/ZN (NAND3_X1)                                    0.0740     0.3984 r
  U792/ZN (NOR2_X1)                                     0.0441     0.4425 f
  U864/ZN (INV_X1)                                      0.0811     0.5236 r
  DP_i/RF2_BAR (DataPath)                               0.0000     0.5236 r
  DP_i/U1045/ZN (NAND2_X1)                              0.0968     0.6203 f
  DP_i/U1053/ZN (INV_X1)                                0.1391     0.7594 r
  DP_i/U1054/ZN (AOI22_X1)                              0.0761     0.8355 f
  DP_i/U1055/ZN (NAND2_X1)                              0.0439     0.8794 r
  DP_i/U1060/ZN (NAND3_X1)                              0.0391     0.9185 f
  DP_i/U1061/ZN (NOR2_X1)                               0.0524     0.9709 r
  DP_i/U1175/ZN (INV_X1)                                0.0308     1.0017 f
  DP_i/U1178/ZN (NOR2_X1)                               0.0547     1.0564 r
  DP_i/U1179/ZN (NAND2_X1)                              0.0361     1.0925 f
  DP_i/U1181/Z (XOR2_X1)                                0.0711     1.1637 f
  DP_i/U1182/Z (XOR2_X1)                                0.0653     1.2290 r
  DP_i/U1183/ZN (INV_X1)                                0.0316     1.2606 f
  DP_i/U1199/ZN (AOI21_X1)                              0.0750     1.3356 r
  DP_i/U1234/ZN (NAND2_X1)                              0.0414     1.3770 f
  DP_i/U1237/ZN (XNOR2_X1)                              0.0535     1.4305 r
  DP_i/U1238/Z (XOR2_X1)                                0.0809     1.5114 r
  DP_i/U1662/ZN (INV_X1)                                0.0316     1.5430 f
  DP_i/U1664/ZN (AOI21_X1)                              0.0563     1.5993 r
  DP_i/U1678/ZN (NAND2_X1)                              0.0400     1.6393 f
  DP_i/U1687/ZN (NOR2_X1)                               0.0570     1.6963 r
  DP_i/U1723/ZN (NAND2_X1)                              0.0361     1.7324 f
  DP_i/U1725/Z (XOR2_X1)                                0.0711     1.8036 f
  DP_i/U1726/Z (XOR2_X1)                                0.0806     1.8842 f
  DP_i/U3453/ZN (INV_X1)                                0.0362     1.9204 r
  DP_i/U3466/ZN (AOI21_X1)                              0.0383     1.9587 f
  DP_i/U3476/ZN (AND2_X1)                               0.0471     2.0058 f
  DP_i/U3484/ZN (AND2_X1)                               0.0397     2.0455 f
  DP_i/U3488/ZN (XNOR2_X1)                              0.0607     2.1062 f
  DP_i/U3493/ZN (AOI21_X1)                              0.0623     2.1685 r
  DP_i/U3497/ZN (NAND2_X1)                              0.0401     2.2085 f
  DP_i/U4007/ZN (NOR2_X1)                               0.0515     2.2600 r
  DP_i/U4013/ZN (AND2_X1)                               0.0494     2.3095 r
  DP_i/U4018/ZN (XNOR2_X1)                              0.0394     2.3489 f
  DP_i/U4022/ZN (AOI21_X1)                              0.0629     2.4118 r
  DP_i/U4029/ZN (NOR2_X1)                               0.0279     2.4397 f
  DP_i/U4030/ZN (NOR2_X1)                               0.0599     2.4996 r
  DP_i/U4036/ZN (NAND2_X1)                              0.0536     2.5532 f
  DP_i/U4762/ZN (NAND3_X1)                              0.0436     2.5968 r
  DP_i/U4763/ZN (OAI21_X1)                              0.0366     2.6333 f
  DP_i/U4764/ZN (XNOR2_X1)                              0.0658     2.6991 f
  DP_i/U4766/ZN (AOI22_X1)                              0.0902     2.7893 r
  DP_i/U4767/ZN (OAI22_X1)                              0.0480     2.8373 f
  DP_i/U4768/ZN (INV_X1)                                0.0488     2.8861 r
  DP_i/U4818/ZN (OAI22_X1)                              0.0382     2.9244 f
  DP_i/U4819/ZN (AOI221_X1)                             0.0881     3.0125 r
  DP_i/U4822/ZN (NAND4_X1)                              0.0487     3.0612 f
  DP_i/U4823/ZN (AND3_X1)                               0.0579     3.1191 f
  DP_i/U5263/ZN (NOR3_X1)                               0.1548     3.2739 r
  DP_i/U5264/Z (BUF_X1)                                 0.1878     3.4617 r
  DP_i/U3114/ZN (AOI22_X1)                              0.0755     3.5373 f
  DP_i/U3115/ZN (OAI211_X1)                             0.0525     3.5897 r
  DP_i/fetch_i_pc_i_Y_reg_10_/D (DFF_X1)                0.0110     3.6007 r
  data arrival time                                                3.6007

  clock CLK (rise edge)                                 4.0000     4.0000
  clock network delay (ideal)                           0.0500     4.0500
  clock uncertainty                                    -0.0500     4.0000
  DP_i/fetch_i_pc_i_Y_reg_10_/CK (DFF_X1)               0.0000     4.0000 r
  library setup time                                   -0.0324     3.9676
  data required time                                               3.9676
  --------------------------------------------------------------------------
  data required time                                               3.9676
  data arrival time                                               -3.6007
  --------------------------------------------------------------------------
  slack (MET)                                                      0.3669


  Startpoint: DP_i/fetch_i_IR_out_reg_26_
              (rising edge-triggered flip-flop clocked by CLK)
  Endpoint: DP_i/fetch_i_pc_i_Y_reg_13_
            (rising edge-triggered flip-flop clocked by CLK)
  Path Group: REG2REG
  Path Type: max

  Des/Clust/Port     Wire Load Model       Library
  ------------------------------------------------
  DLX                5K_hvratio_1_4        NangateOpenCellLibrary

  Point                                                   Incr       Path
  --------------------------------------------------------------------------
  clock CLK (rise edge)                                 0.0000     0.0000
  clock network delay (ideal)                           0.0500     0.0500
  DP_i/fetch_i_IR_out_reg_26_/CK (DFF_X1)               0.0000     0.0500 r
  DP_i/fetch_i_IR_out_reg_26_/Q (DFF_X1)                0.1904     0.2404 r
  DP_i/opcode_0_ (DataPath)                             0.0000     0.2404 r
  U804/ZN (INV_X1)                                      0.0839     0.3244 f
  U863/ZN (NAND3_X1)                                    0.0740     0.3984 r
  U792/ZN (NOR2_X1)                                     0.0441     0.4425 f
  U864/ZN (INV_X1)                                      0.0811     0.5236 r
  DP_i/RF2_BAR (DataPath)                               0.0000     0.5236 r
  DP_i/U1045/ZN (NAND2_X1)                              0.0968     0.6203 f
  DP_i/U1053/ZN (INV_X1)                                0.1391     0.7594 r
  DP_i/U1054/ZN (AOI22_X1)                              0.0761     0.8355 f
  DP_i/U1055/ZN (NAND2_X1)                              0.0439     0.8794 r
  DP_i/U1060/ZN (NAND3_X1)                              0.0391     0.9185 f
  DP_i/U1061/ZN (NOR2_X1)                               0.0524     0.9709 r
  DP_i/U1175/ZN (INV_X1)                                0.0308     1.0017 f
  DP_i/U1178/ZN (NOR2_X1)                               0.0547     1.0564 r
  DP_i/U1179/ZN (NAND2_X1)                              0.0361     1.0925 f
  DP_i/U1181/Z (XOR2_X1)                                0.0711     1.1637 f
  DP_i/U1182/Z (XOR2_X1)                                0.0653     1.2290 r
  DP_i/U1183/ZN (INV_X1)                                0.0316     1.2606 f
  DP_i/U1199/ZN (AOI21_X1)                              0.0750     1.3356 r
  DP_i/U1234/ZN (NAND2_X1)                              0.0414     1.3770 f
  DP_i/U1237/ZN (XNOR2_X1)                              0.0535     1.4305 r
  DP_i/U1238/Z (XOR2_X1)                                0.0809     1.5114 r
  DP_i/U1662/ZN (INV_X1)                                0.0316     1.5430 f
  DP_i/U1664/ZN (AOI21_X1)                              0.0563     1.5993 r
  DP_i/U1678/ZN (NAND2_X1)                              0.0400     1.6393 f
  DP_i/U1687/ZN (NOR2_X1)                               0.0570     1.6963 r
  DP_i/U1723/ZN (NAND2_X1)                              0.0361     1.7324 f
  DP_i/U1725/Z (XOR2_X1)                                0.0711     1.8036 f
  DP_i/U1726/Z (XOR2_X1)                                0.0806     1.8842 f
  DP_i/U3453/ZN (INV_X1)                                0.0362     1.9204 r
  DP_i/U3466/ZN (AOI21_X1)                              0.0383     1.9587 f
  DP_i/U3476/ZN (AND2_X1)                               0.0471     2.0058 f
  DP_i/U3484/ZN (AND2_X1)                               0.0397     2.0455 f
  DP_i/U3488/ZN (XNOR2_X1)                              0.0607     2.1062 f
  DP_i/U3493/ZN (AOI21_X1)                              0.0623     2.1685 r
  DP_i/U3497/ZN (NAND2_X1)                              0.0401     2.2085 f
  DP_i/U4007/ZN (NOR2_X1)                               0.0515     2.2600 r
  DP_i/U4013/ZN (AND2_X1)                               0.0494     2.3095 r
  DP_i/U4018/ZN (XNOR2_X1)                              0.0394     2.3489 f
  DP_i/U4022/ZN (AOI21_X1)                              0.0629     2.4118 r
  DP_i/U4029/ZN (NOR2_X1)                               0.0279     2.4397 f
  DP_i/U4030/ZN (NOR2_X1)                               0.0599     2.4996 r
  DP_i/U4036/ZN (NAND2_X1)                              0.0536     2.5532 f
  DP_i/U4762/ZN (NAND3_X1)                              0.0436     2.5968 r
  DP_i/U4763/ZN (OAI21_X1)                              0.0366     2.6333 f
  DP_i/U4764/ZN (XNOR2_X1)                              0.0658     2.6991 f
  DP_i/U4766/ZN (AOI22_X1)                              0.0902     2.7893 r
  DP_i/U4767/ZN (OAI22_X1)                              0.0480     2.8373 f
  DP_i/U4768/ZN (INV_X1)                                0.0488     2.8861 r
  DP_i/U4818/ZN (OAI22_X1)                              0.0382     2.9244 f
  DP_i/U4819/ZN (AOI221_X1)                             0.0881     3.0125 r
  DP_i/U4822/ZN (NAND4_X1)                              0.0487     3.0612 f
  DP_i/U4823/ZN (AND3_X1)                               0.0579     3.1191 f
  DP_i/U5263/ZN (NOR3_X1)                               0.1548     3.2739 r
  DP_i/U5264/Z (BUF_X1)                                 0.1878     3.4617 r
  DP_i/U3100/ZN (AOI22_X1)                              0.0755     3.5373 f
  DP_i/U3101/ZN (OAI211_X1)                             0.0525     3.5897 r
  DP_i/fetch_i_pc_i_Y_reg_13_/D (DFF_X1)                0.0110     3.6007 r
  data arrival time                                                3.6007

  clock CLK (rise edge)                                 4.0000     4.0000
  clock network delay (ideal)                           0.0500     4.0500
  clock uncertainty                                    -0.0500     4.0000
  DP_i/fetch_i_pc_i_Y_reg_13_/CK (DFF_X1)               0.0000     4.0000 r
  library setup time                                   -0.0324     3.9676
  data required time                                               3.9676
  --------------------------------------------------------------------------
  data required time                                               3.9676
  data arrival time                                               -3.6007
  --------------------------------------------------------------------------
  slack (MET)                                                      0.3669


  Startpoint: DP_i/fetch_i_IR_out_reg_26_
              (rising edge-triggered flip-flop clocked by CLK)
  Endpoint: DP_i/fetch_i_pc_i_Y_reg_14_
            (rising edge-triggered flip-flop clocked by CLK)
  Path Group: REG2REG
  Path Type: max

  Des/Clust/Port     Wire Load Model       Library
  ------------------------------------------------
  DLX                5K_hvratio_1_4        NangateOpenCellLibrary

  Point                                                   Incr       Path
  --------------------------------------------------------------------------
  clock CLK (rise edge)                                 0.0000     0.0000
  clock network delay (ideal)                           0.0500     0.0500
  DP_i/fetch_i_IR_out_reg_26_/CK (DFF_X1)               0.0000     0.0500 r
  DP_i/fetch_i_IR_out_reg_26_/Q (DFF_X1)                0.1904     0.2404 r
  DP_i/opcode_0_ (DataPath)                             0.0000     0.2404 r
  U804/ZN (INV_X1)                                      0.0839     0.3244 f
  U863/ZN (NAND3_X1)                                    0.0740     0.3984 r
  U792/ZN (NOR2_X1)                                     0.0441     0.4425 f
  U864/ZN (INV_X1)                                      0.0811     0.5236 r
  DP_i/RF2_BAR (DataPath)                               0.0000     0.5236 r
  DP_i/U1045/ZN (NAND2_X1)                              0.0968     0.6203 f
  DP_i/U1053/ZN (INV_X1)                                0.1391     0.7594 r
  DP_i/U1054/ZN (AOI22_X1)                              0.0761     0.8355 f
  DP_i/U1055/ZN (NAND2_X1)                              0.0439     0.8794 r
  DP_i/U1060/ZN (NAND3_X1)                              0.0391     0.9185 f
  DP_i/U1061/ZN (NOR2_X1)                               0.0524     0.9709 r
  DP_i/U1175/ZN (INV_X1)                                0.0308     1.0017 f
  DP_i/U1178/ZN (NOR2_X1)                               0.0547     1.0564 r
  DP_i/U1179/ZN (NAND2_X1)                              0.0361     1.0925 f
  DP_i/U1181/Z (XOR2_X1)                                0.0711     1.1637 f
  DP_i/U1182/Z (XOR2_X1)                                0.0653     1.2290 r
  DP_i/U1183/ZN (INV_X1)                                0.0316     1.2606 f
  DP_i/U1199/ZN (AOI21_X1)                              0.0750     1.3356 r
  DP_i/U1234/ZN (NAND2_X1)                              0.0414     1.3770 f
  DP_i/U1237/ZN (XNOR2_X1)                              0.0535     1.4305 r
  DP_i/U1238/Z (XOR2_X1)                                0.0809     1.5114 r
  DP_i/U1662/ZN (INV_X1)                                0.0316     1.5430 f
  DP_i/U1664/ZN (AOI21_X1)                              0.0563     1.5993 r
  DP_i/U1678/ZN (NAND2_X1)                              0.0400     1.6393 f
  DP_i/U1687/ZN (NOR2_X1)                               0.0570     1.6963 r
  DP_i/U1723/ZN (NAND2_X1)                              0.0361     1.7324 f
  DP_i/U1725/Z (XOR2_X1)                                0.0711     1.8036 f
  DP_i/U1726/Z (XOR2_X1)                                0.0806     1.8842 f
  DP_i/U3453/ZN (INV_X1)                                0.0362     1.9204 r
  DP_i/U3466/ZN (AOI21_X1)                              0.0383     1.9587 f
  DP_i/U3476/ZN (AND2_X1)                               0.0471     2.0058 f
  DP_i/U3484/ZN (AND2_X1)                               0.0397     2.0455 f
  DP_i/U3488/ZN (XNOR2_X1)                              0.0607     2.1062 f
  DP_i/U3493/ZN (AOI21_X1)                              0.0623     2.1685 r
  DP_i/U3497/ZN (NAND2_X1)                              0.0401     2.2085 f
  DP_i/U4007/ZN (NOR2_X1)                               0.0515     2.2600 r
  DP_i/U4013/ZN (AND2_X1)                               0.0494     2.3095 r
  DP_i/U4018/ZN (XNOR2_X1)                              0.0394     2.3489 f
  DP_i/U4022/ZN (AOI21_X1)                              0.0629     2.4118 r
  DP_i/U4029/ZN (NOR2_X1)                               0.0279     2.4397 f
  DP_i/U4030/ZN (NOR2_X1)                               0.0599     2.4996 r
  DP_i/U4036/ZN (NAND2_X1)                              0.0536     2.5532 f
  DP_i/U4762/ZN (NAND3_X1)                              0.0436     2.5968 r
  DP_i/U4763/ZN (OAI21_X1)                              0.0366     2.6333 f
  DP_i/U4764/ZN (XNOR2_X1)                              0.0658     2.6991 f
  DP_i/U4766/ZN (AOI22_X1)                              0.0902     2.7893 r
  DP_i/U4767/ZN (OAI22_X1)                              0.0480     2.8373 f
  DP_i/U4768/ZN (INV_X1)                                0.0488     2.8861 r
  DP_i/U4818/ZN (OAI22_X1)                              0.0382     2.9244 f
  DP_i/U4819/ZN (AOI221_X1)                             0.0881     3.0125 r
  DP_i/U4822/ZN (NAND4_X1)                              0.0487     3.0612 f
  DP_i/U4823/ZN (AND3_X1)                               0.0579     3.1191 f
  DP_i/U5263/ZN (NOR3_X1)                               0.1548     3.2739 r
  DP_i/U5264/Z (BUF_X1)                                 0.1878     3.4617 r
  DP_i/U3095/ZN (AOI22_X1)                              0.0755     3.5373 f
  DP_i/U3096/ZN (OAI211_X1)                             0.0525     3.5897 r
  DP_i/fetch_i_pc_i_Y_reg_14_/D (DFF_X1)                0.0110     3.6007 r
  data arrival time                                                3.6007

  clock CLK (rise edge)                                 4.0000     4.0000
  clock network delay (ideal)                           0.0500     4.0500
  clock uncertainty                                    -0.0500     4.0000
  DP_i/fetch_i_pc_i_Y_reg_14_/CK (DFF_X1)               0.0000     4.0000 r
  library setup time                                   -0.0324     3.9676
  data required time                                               3.9676
  --------------------------------------------------------------------------
  data required time                                               3.9676
  data arrival time                                               -3.6007
  --------------------------------------------------------------------------
  slack (MET)                                                      0.3669


1
